2026-07-29 16:14:45 | INFO     | Initialized Data Store.
2026-07-29 16:14:45 | INFO     | Homepage GET status=429 (attempt 1/3)
2026-07-29 16:14:45 | INFO     | Cookie extracted [request_key=...].
2026-07-29 16:14:45 | INFO     | SkebClient ready (impersonate=chrome120, rate=1.0/s, concurrency=10, max_runtime=10800s)
2026-07-29 16:16:29 | INFO     | Ready to scrape 65 items
2026-07-29 16:16:29 | INFO     | OK https://skeb.jp/api/users/sandosurebaoisi
2026-07-29 16:16:29 | INFO     | Saving at a/skeb/sandosurebaoisi-be3b34.json
2026-07-29 16:16:30 | WARNING  | 404 on https://skeb.jp/api/users/ghcfujfc1 (attempt 1/3)
2026-07-29 16:16:31 | WARNING  | 404 on https://skeb.jp/api/users/p_pfp5 (attempt 1/3)
2026-07-29 16:16:32 | WARNING  | 404 on https://skeb.jp/api/users/Genkyou (attempt 1/3)
2026-07-29 16:16:33 | WARNING  | 404 on https://skeb.jp/api/users/T4k73gqSZ26h5si (attempt 1/3)
2026-07-29 16:16:34 | WARNING  | 404 on https://skeb.jp/api/users/ghcfujfc1 (attempt 2/3)
2026-07-29 16:16:35 | WARNING  | 404 on https://skeb.jp/api/users/kagoyama_sns (attempt 1/3)
2026-07-29 16:16:36 | WARNING  | 404 on https://skeb.jp/api/users/Genkyou (attempt 2/3)
2026-07-29 16:16:37 | WARNING  | 404 on https://skeb.jp/api/users/T4k73gqSZ26h5si (attempt 2/3)
2026-07-29 16:16:38 | WARNING  | 404 on https://skeb.jp/api/users/mimei_Illust (attempt 1/3)
2026-07-29 16:16:39 | INFO     | OK https://skeb.jp/api/users/a_ne74
2026-07-29 16:16:39 | INFO     | Saving at a/skeb/a_ne74-7c887a.json
2026-07-29 16:16:40 | WARNING  | 404 on https://skeb.jp/api/users/ghcfujfc1 (attempt 3/3)
2026-07-29 16:16:41 | WARNING  | 404 on https://skeb.jp/api/users/mimei_Illust (attempt 2/3)
2026-07-29 16:16:42 | WARNING  | 404 on https://skeb.jp/api/users/soraumi2000_50_ (attempt 1/3)
2026-07-29 16:16:43 | WARNING  | 404 on https://skeb.jp/api/users/T4k73gqSZ26h5si (attempt 3/3)
2026-07-29 16:16:44 | WARNING  | 404 on https://skeb.jp/api/users/kagoyama_sns (attempt 2/3)
2026-07-29 16:16:45 | INFO     | OK https://skeb.jp/api/users/love_it_non
2026-07-29 16:16:45 | INFO     | Saving at a/skeb/love_it_non-aebc7e.json
2026-07-29 16:16:46 | WARNING  | 404 on https://skeb.jp/api/users/sakayama_lazuli (attempt 1/3)
2026-07-29 16:16:47 | WARNING  | 404 on https://skeb.jp/api/users/Genkyou (attempt 3/3)
2026-07-29 16:16:49 | WARNING  | 404 on https://skeb.jp/api/users/p_pfp5 (attempt 2/3)
2026-07-29 16:16:49 | WARNING  | 404 on https://skeb.jp/api/users/sakayama_lazuli (attempt 2/3)
2026-07-29 16:16:51 | WARNING  | 404 on https://skeb.jp/api/users/mimei_Illust (attempt 3/3)
2026-07-29 16:16:51 | WARNING  | 404 on https://skeb.jp/api/users/pgpcvDCE9G (attempt 1/3)
2026-07-29 16:16:52 | WARNING  | 404 on https://skeb.jp/api/users/soraumi2000_50_ (attempt 2/3)
2026-07-29 16:16:53 | WARNING  | 404 on https://skeb.jp/api/users/Iam_Ciikawa (attempt 1/3)
2026-07-29 16:16:54 | WARNING  | 404 on https://skeb.jp/api/users/sakayama_lazuli (attempt 3/3)
2026-07-29 16:16:55 | WARNING  | 404 on https://skeb.jp/api/users/nattamati_ (attempt 1/3)
2026-07-29 16:16:56 | WARNING  | 404 on https://skeb.jp/api/users/pgpcvDCE9G (attempt 2/3)
2026-07-29 16:16:57 | WARNING  | 404 on https://skeb.jp/api/users/soraumi2000_50_ (attempt 3/3)
2026-07-29 16:16:58 | WARNING  | 404 on https://skeb.jp/api/users/scy2222 (attempt 1/3)
2026-07-29 16:16:59 | WARNING  | 404 on https://skeb.jp/api/users/Henzu_23 (attempt 1/3)
2026-07-29 16:17:01 | WARNING  | 404 on https://skeb.jp/api/users/kagoyama_sns (attempt 3/3)
2026-07-29 16:17:02 | WARNING  | 404 on https://skeb.jp/api/users/pgpcvDCE9G (attempt 3/3)
2026-07-29 16:17:02 | WARNING  | 404 on https://skeb.jp/api/users/scy2222 (attempt 2/3)
2026-07-29 16:17:03 | WARNING  | 404 on https://skeb.jp/api/users/fm7hxj (attempt 1/3)
2026-07-29 16:17:04 | INFO     | OK https://skeb.jp/api/users/oyu_oou
2026-07-29 16:17:04 | INFO     | Saving at a/skeb/oyu_oou-bcaa7c.json
2026-07-29 16:17:05 | WARNING  | 404 on https://skeb.jp/api/users/nattamati_ (attempt 2/3)
2026-07-29 16:17:06 | INFO     | OK https://skeb.jp/api/users/mariopnn788
2026-07-29 16:17:06 | INFO     | Saving at a/skeb/mariopnn788-07cf8e.json
2026-07-29 16:17:08 | WARNING  | 404 on https://skeb.jp/api/users/scy2222 (attempt 3/3)
2026-07-29 16:17:08 | WARNING  | 404 on https://skeb.jp/api/users/se3ifinal (attempt 1/3)
2026-07-29 16:17:09 | INFO     | OK https://skeb.jp/api/users/hakka_ouji
2026-07-29 16:17:09 | INFO     | Saving at a/skeb/hakka_ouji-6e89d9.json
2026-07-29 16:17:10 | WARNING  | 404 on https://skeb.jp/api/users/29Kota2 (attempt 1/3)
2026-07-29 16:17:11 | WARNING  | 404 on https://skeb.jp/api/users/se3ifinal (attempt 2/3)
2026-07-29 16:17:12 | WARNING  | 404 on https://skeb.jp/api/users/p_pfp5 (attempt 3/3)
2026-07-29 16:17:13 | WARNING  | 404 on https://skeb.jp/api/users/Uo_oU_us (attempt 1/3)
2026-07-29 16:17:14 | INFO     | OK https://skeb.jp/api/users/keiohsawa
2026-07-29 16:17:14 | INFO     | Saving at a/skeb/keiohsawa-9213ac.json
2026-07-29 16:17:15 | INFO     | OK https://skeb.jp/api/users/midori_mimimi_
2026-07-29 16:17:15 | INFO     | Saving at a/skeb/midori_mimimi_-d14d3e.json
2026-07-29 16:17:17 | WARNING  | 404 on https://skeb.jp/api/users/se3ifinal (attempt 3/3)
2026-07-29 16:17:18 | WARNING  | 404 on https://skeb.jp/api/users/29Kota2 (attempt 2/3)
2026-07-29 16:17:18 | WARNING  | 404 on https://skeb.jp/api/users/fukafuka_no_inu (attempt 1/3)
2026-07-29 16:17:19 | INFO     | OK https://skeb.jp/api/users/umamesu1
2026-07-29 16:17:19 | INFO     | Saving at a/skeb/umamesu1-3127ae.json
2026-07-29 16:17:20 | WARNING  | 404 on https://skeb.jp/api/users/Iam_Ciikawa (attempt 2/3)
2026-07-29 16:17:21 | WARNING  | 404 on https://skeb.jp/api/users/fukafuka_no_inu (attempt 2/3)
2026-07-29 16:17:23 | WARNING  | 404 on https://skeb.jp/api/users/Uo_oU_us (attempt 2/3)
2026-07-29 16:17:24 | WARNING  | 404 on https://skeb.jp/api/users/29Kota2 (attempt 3/3)
2026-07-29 16:17:24 | WARNING  | 404 on https://skeb.jp/api/users/8oSSUHCnXXz4tBp (attempt 1/3)
2026-07-29 16:17:25 | WARNING  | 404 on https://skeb.jp/api/users/kokorono_376 (attempt 1/3)
2026-07-29 16:17:27 | WARNING  | 404 on https://skeb.jp/api/users/fukafuka_no_inu (attempt 3/3)
2026-07-29 16:17:27 | WARNING  | 404 on https://skeb.jp/api/users/vHoo__ (attempt 1/3)
2026-07-29 16:17:28 | WARNING  | 404 on https://skeb.jp/api/users/kokorono_376 (attempt 2/3)
2026-07-29 16:17:29 | WARNING  | 404 on https://skeb.jp/api/users/Uo_oU_us (attempt 3/3)
2026-07-29 16:17:30 | WARNING  | 404 on https://skeb.jp/api/users/vHoo__ (attempt 2/3)
2026-07-29 16:17:31 | WARNING  | 404 on https://skeb.jp/api/users/m3x3_sk (attempt 1/3)
2026-07-29 16:17:32 | WARNING  | 404 on https://skeb.jp/api/users/77_t2w (attempt 1/3)
2026-07-29 16:17:33 | WARNING  | 404 on https://skeb.jp/api/users/fm7hxj (attempt 2/3)
2026-07-29 16:17:34 | WARNING  | 404 on https://skeb.jp/api/users/m3x3_sk (attempt 2/3)
2026-07-29 16:17:35 | WARNING  | 404 on https://skeb.jp/api/users/nattamati_ (attempt 3/3)
2026-07-29 16:17:37 | WARNING  | 404 on https://skeb.jp/api/users/kokorono_376 (attempt 3/3)
2026-07-29 16:17:37 | WARNING  | 404 on https://skeb.jp/api/users/fm7hxj (attempt 3/3)
2026-07-29 16:17:39 | WARNING  | 404 on https://skeb.jp/api/users/8oSSUHCnXXz4tBp (attempt 2/3)
2026-07-29 16:17:40 | WARNING  | 404 on https://skeb.jp/api/users/m3x3_sk (attempt 3/3)
2026-07-29 16:17:40 | INFO     | OK https://skeb.jp/api/users/NKMR_sa2
2026-07-29 16:17:40 | INFO     | Saving at a/skeb/NKMR_sa2-5d55ec.json
2026-07-29 16:17:41 | WARNING  | 404 on https://skeb.jp/api/users/Ryuzi_27 (attempt 1/3)
2026-07-29 16:17:42 | WARNING  | 404 on https://skeb.jp/api/users/Iam_Ciikawa (attempt 3/3)
2026-07-29 16:17:43 | WARNING  | 404 on https://skeb.jp/api/users/vHoo__ (attempt 3/3)
2026-07-29 16:17:44 | WARNING  | 404 on https://skeb.jp/api/users/NOm0y0i (attempt 1/3)
2026-07-29 16:17:45 | WARNING  | 404 on https://skeb.jp/api/users/Ryuzi_27 (attempt 2/3)
2026-07-29 16:17:46 | INFO     | OK https://skeb.jp/api/users/PotatoPanicking
2026-07-29 16:17:46 | INFO     | Saving at a/skeb/PotatoPanicking-b073ff.json
2026-07-29 16:17:47 | INFO     | OK https://skeb.jp/api/users/aintsbain
2026-07-29 16:17:47 | INFO     | Saving at a/skeb/aintsbain-49027b.json
2026-07-29 16:17:48 | WARNING  | 404 on https://skeb.jp/api/users/Geshi_to_ (attempt 1/3)
2026-07-29 16:17:49 | WARNING  | 404 on https://skeb.jp/api/users/kasha0927 (attempt 1/3)
2026-07-29 16:17:51 | WARNING  | 404 on https://skeb.jp/api/users/8oSSUHCnXXz4tBp (attempt 3/3)
2026-07-29 16:17:52 | WARNING  | 404 on https://skeb.jp/api/users/NOm0y0i (attempt 2/3)
2026-07-29 16:17:52 | INFO     | OK https://skeb.jp/api/users/Minaminami_73
2026-07-29 16:17:52 | INFO     | Saving at a/skeb/Minaminami_73-e0af4f.json
2026-07-29 16:17:54 | WARNING  | 404 on https://skeb.jp/api/users/Ryuzi_27 (attempt 3/3)
2026-07-29 16:17:54 | WARNING  | 404 on https://skeb.jp/api/users/nyatta_san (attempt 1/3)
2026-07-29 16:17:56 | WARNING  | 404 on https://skeb.jp/api/users/kasha0927 (attempt 2/3)
2026-07-29 16:17:56 | WARNING  | 404 on https://skeb.jp/api/users/NOm0y0i (attempt 3/3)
2026-07-29 16:17:57 | WARNING  | 404 on https://skeb.jp/api/users/nyatta_san (attempt 2/3)
2026-07-29 16:17:58 | INFO     | OK https://skeb.jp/api/users/90_5lb
2026-07-29 16:17:58 | INFO     | Saving at a/skeb/90_5lb-69311b.json
2026-07-29 16:17:59 | WARNING  | 404 on https://skeb.jp/api/users/oshino_Iriss (attempt 1/3)
2026-07-29 16:18:01 | WARNING  | 404 on https://skeb.jp/api/users/Geshi_to_ (attempt 2/3)
2026-07-29 16:18:02 | WARNING  | 404 on https://skeb.jp/api/users/77_t2w (attempt 2/3)
2026-07-29 16:18:03 | WARNING  | 404 on https://skeb.jp/api/users/Henzu_23 (attempt 2/3)
2026-07-29 16:18:03 | WARNING  | 404 on https://skeb.jp/api/users/nyatta_san (attempt 3/3)
2026-07-29 16:18:04 | WARNING  | 404 on https://skeb.jp/api/users/ronn_irai (attempt 1/3)
2026-07-29 16:18:05 | WARNING  | 404 on https://skeb.jp/api/users/polar_kuma62 (attempt 1/3)
2026-07-29 16:18:06 | WARNING  | 404 on https://skeb.jp/api/users/77_t2w (attempt 3/3)
2026-07-29 16:18:08 | WARNING  | 404 on https://skeb.jp/api/users/Geshi_to_ (attempt 3/3)
2026-07-29 16:18:09 | WARNING  | 404 on https://skeb.jp/api/users/Henzu_23 (attempt 3/3)
2026-07-29 16:18:09 | INFO     | OK https://skeb.jp/api/users/polygonosushi
2026-07-29 16:18:09 | INFO     | Saving at a/skeb/polygonosushi-e52a1b.json
2026-07-29 16:18:10 | WARNING  | 404 on https://skeb.jp/api/users/polar_kuma62 (attempt 2/3)
2026-07-29 16:18:11 | WARNING  | 404 on https://skeb.jp/api/users/yamin_himamo23 (attempt 1/3)
2026-07-29 16:18:12 | WARNING  | 404 on https://skeb.jp/api/users/Llu_ulg (attempt 1/3)
2026-07-29 16:18:14 | WARNING  | 404 on https://skeb.jp/api/users/kasha0927 (attempt 3/3)
2026-07-29 16:18:15 | WARNING  | 404 on https://skeb.jp/api/users/oshino_Iriss (attempt 2/3)
2026-07-29 16:18:15 | INFO     | OK https://skeb.jp/api/users/maguro_amakusa
2026-07-29 16:18:15 | INFO     | Saving at a/skeb/maguro_amakusa-796287.json
2026-07-29 16:18:16 | WARNING  | 404 on https://skeb.jp/api/users/aki_ra3_ (attempt 1/3)
2026-07-29 16:18:17 | WARNING  | 404 on https://skeb.jp/api/users/kotonesansukida (attempt 1/3)
2026-07-29 16:18:19 | WARNING  | 404 on https://skeb.jp/api/users/polar_kuma62 (attempt 3/3)
2026-07-29 16:18:19 | WARNING  | 404 on https://skeb.jp/api/users/923kaku (attempt 1/3)
2026-07-29 16:18:20 | WARNING  | 404 on https://skeb.jp/api/users/toxizaki (attempt 1/3)
2026-07-29 16:18:21 | WARNING  | 404 on https://skeb.jp/api/users/yamin_himamo23 (attempt 2/3)
2026-07-29 16:18:22 | WARNING  | 404 on https://skeb.jp/api/users/923kaku (attempt 2/3)
2026-07-29 16:18:23 | WARNING  | 404 on https://skeb.jp/api/users/kotonesansukida (attempt 2/3)
2026-07-29 16:18:24 | WARNING  | 404 on https://skeb.jp/api/users/toxizaki (attempt 2/3)
2026-07-29 16:18:25 | WARNING  | 404 on https://skeb.jp/api/users/kiNero30901 (attempt 1/3)
2026-07-29 16:18:26 | WARNING  | 404 on https://skeb.jp/api/users/Llu_ulg (attempt 2/3)
2026-07-29 16:18:28 | WARNING  | 404 on https://skeb.jp/api/users/yamin_himamo23 (attempt 3/3)
2026-07-29 16:18:28 | WARNING  | 404 on https://skeb.jp/api/users/kiNero30901 (attempt 2/3)
2026-07-29 16:18:29 | INFO     | OK https://skeb.jp/api/users/garanshoebill
2026-07-29 16:18:29 | INFO     | Saving at a/skeb/garanshoebill-c070b2.json
2026-07-29 16:18:31 | WARNING  | 404 on https://skeb.jp/api/users/ronn_irai (attempt 2/3)
2026-07-29 16:18:31 | WARNING  | 404 on https://skeb.jp/api/users/Axnya (attempt 1/3)
2026-07-29 16:18:33 | WARNING  | 404 on https://skeb.jp/api/users/923kaku (attempt 3/3)
2026-07-29 16:18:34 | WARNING  | 404 on https://skeb.jp/api/users/aki_ra3_ (attempt 2/3)
2026-07-29 16:18:34 | WARNING  | 404 on https://skeb.jp/api/users/kotonesansukida (attempt 3/3)
2026-07-29 16:18:35 | WARNING  | 404 on https://skeb.jp/api/users/Axnya (attempt 2/3)
2026-07-29 16:18:37 | WARNING  | 404 on https://skeb.jp/api/users/ronn_irai (attempt 3/3)
2026-07-29 16:18:38 | WARNING  | 404 on https://skeb.jp/api/users/oshino_Iriss (attempt 3/3)
2026-07-29 16:18:38 | WARNING  | 404 on https://skeb.jp/api/users/lkjeudnduy44 (attempt 1/3)
2026-07-29 16:18:39 | WARNING  | 404 on https://skeb.jp/api/users/kiNero30901 (attempt 3/3)
2026-07-29 16:18:40 | WARNING  | 404 on https://skeb.jp/api/users/mimamorichan (attempt 1/3)
2026-07-29 16:18:41 | WARNING  | 404 on https://skeb.jp/api/users/_meruruto_ (attempt 1/3)
2026-07-29 16:18:43 | WARNING  | 404 on https://skeb.jp/api/users/Llu_ulg (attempt 3/3)
2026-07-29 16:18:43 | WARNING  | 404 on https://skeb.jp/api/users/mimamorichan (attempt 2/3)
2026-07-29 16:18:45 | WARNING  | 404 on https://skeb.jp/api/users/aki_ra3_ (attempt 3/3)
2026-07-29 16:18:45 | WARNING  | 404 on https://skeb.jp/api/users/_meruruto_ (attempt 2/3)
2026-07-29 16:18:46 | WARNING  | 404 on https://skeb.jp/api/users/meguru_nero (attempt 1/3)
2026-07-29 16:18:48 | WARNING  | 404 on https://skeb.jp/api/users/lkjeudnduy44 (attempt 2/3)
2026-07-29 16:18:48 | INFO     | OK https://skeb.jp/api/users/QwImq8x
2026-07-29 16:18:48 | INFO     | Saving at a/skeb/QwImq8x-f1bac5.json
2026-07-29 16:18:49 | INFO     | OK https://skeb.jp/api/users/7day_shine
2026-07-29 16:18:49 | INFO     | Saving at a/skeb/7day_shine-0a8216.json
2026-07-29 16:18:50 | WARNING  | 404 on https://skeb.jp/api/users/3hankikan0220 (attempt 1/3)
2026-07-29 16:18:51 | WARNING  | 404 on https://skeb.jp/api/users/_meruruto_ (attempt 3/3)
2026-07-29 16:18:52 | WARNING  | 404 on https://skeb.jp/api/users/lkjeudnduy44 (attempt 3/3)
2026-07-29 16:18:53 | WARNING  | 404 on https://skeb.jp/api/users/3hankikan0220 (attempt 2/3)
2026-07-29 16:18:54 | WARNING  | 404 on https://skeb.jp/api/users/EDO__nyan (attempt 1/3)
2026-07-29 16:18:55 | WARNING  | 404 on https://skeb.jp/api/users/Axnya (attempt 3/3)
2026-07-29 16:18:57 | WARNING  | 404 on https://skeb.jp/api/users/meguru_nero (attempt 2/3)
2026-07-29 16:18:57 | WARNING  | 404 on https://skeb.jp/api/users/EDO__nyan (attempt 2/3)
2026-07-29 16:18:58 | WARNING  | 404 on https://skeb.jp/api/users/toxizaki (attempt 3/3)
2026-07-29 16:19:00 | WARNING  | 404 on https://skeb.jp/api/users/3hankikan0220 (attempt 3/3)
2026-07-29 16:19:00 | WARNING  | 404 on https://skeb.jp/api/users/killy810 (attempt 1/3)
2026-07-29 16:19:01 | WARNING  | 404 on https://skeb.jp/api/users/meguru_nero (attempt 3/3)
2026-07-29 16:19:02 | WARNING  | 404 on https://skeb.jp/api/users/EDO__nyan (attempt 3/3)
2026-07-29 16:19:03 | WARNING  | 404 on https://skeb.jp/api/users/mimamorichan (attempt 3/3)
2026-07-29 16:19:04 | WARNING  | 404 on https://skeb.jp/api/users/killy810 (attempt 2/3)
2026-07-29 16:19:08 | WARNING  | 404 on https://skeb.jp/api/users/killy810 (attempt 3/3)
2026-07-29 16:19:08 | INFO     |  --- SUMMARY REPORT --- 
  Sources Retreived    : 65
  Profiles Fetched     : 19
  Profile Missing      : 46
  Profile Rate Limited : 0
  Profile Error Others : 0

2026-07-29 16:19:08 | INFO     | Started creating static api data.
2026-07-29 16:20:50 | INFO     | Album index written to a/albums/index.json (398 albums)
