2026-06-30 14:45:53 | INFO     | Initialized Data Store.
2026-06-30 14:45:53 | INFO     | Homepage GET status=429 (attempt 1/3)
2026-06-30 14:45:53 | INFO     | Cookie extracted [request_key=...].
2026-06-30 14:45:53 | INFO     | SkebClient ready (impersonate=chrome120, rate=1.2/s, concurrency=10, max_runtime=4800s)
2026-06-30 14:47:05 | INFO     | Ready to scrape 140755 items
2026-06-30 14:47:09 | INFO     | OK https://skeb.jp/api/users/sakichi_nemu
2026-06-30 14:47:09 | INFO     | Saving at a/skeb/sakichi_nemu-c5e692.json
2026-06-30 14:47:09 | INFO     | OK https://skeb.jp/api/users/yuritan_000
2026-06-30 14:47:09 | INFO     | Saving at a/skeb/yuritan_000-9f2d88.json
2026-06-30 14:47:09 | INFO     | OK https://skeb.jp/api/users/tori_inko
2026-06-30 14:47:09 | INFO     | Saving at a/skeb/tori_inko-da7a4e.json
2026-06-30 14:47:10 | INFO     | OK https://skeb.jp/api/users/halcoya
2026-06-30 14:47:10 | INFO     | Saving at a/skeb/halcoya-b15816.json
2026-06-30 14:47:11 | INFO     | OK https://skeb.jp/api/users/il_y_a_7845
2026-06-30 14:47:11 | INFO     | Saving at a/skeb/il_y_a_7845-abd1da.json
2026-06-30 14:47:12 | INFO     | OK https://skeb.jp/api/users/oyasumi0419
2026-06-30 14:47:12 | INFO     | Saving at a/skeb/oyasumi0419-4ea87b.json
2026-06-30 14:47:13 | INFO     | OK https://skeb.jp/api/users/matagi117
2026-06-30 14:47:13 | INFO     | Saving at a/skeb/matagi117-e1f18a.json
2026-06-30 14:47:13 | INFO     | OK https://skeb.jp/api/users/kmgr_8
2026-06-30 14:47:13 | INFO     | Saving at a/skeb/kmgr_8-bf7ceb.json
2026-06-30 14:47:14 | INFO     | OK https://skeb.jp/api/users/ginta_hamham
2026-06-30 14:47:14 | INFO     | Saving at a/skeb/ginta_hamham-de5288.json
2026-06-30 14:47:15 | INFO     | OK https://skeb.jp/api/users/yoi_sizuku
2026-06-30 14:47:15 | INFO     | Saving at a/skeb/yoi_sizuku-9f5b7a.json
2026-06-30 14:47:16 | INFO     | OK https://skeb.jp/api/users/dan_exe
2026-06-30 14:47:16 | INFO     | Saving at a/skeb/dan_exe-198b24.json
2026-06-30 14:47:17 | INFO     | OK https://skeb.jp/api/users/i__rus_
2026-06-30 14:47:17 | INFO     | Saving at a/skeb/i__rus_-f2fc10.json
2026-06-30 14:47:17 | INFO     | OK https://skeb.jp/api/users/liseu_uuu
2026-06-30 14:47:17 | INFO     | Saving at a/skeb/liseu_uuu-c16a58.json
2026-06-30 14:47:18 | INFO     | OK https://skeb.jp/api/users/inamotoyo
2026-06-30 14:47:18 | INFO     | Saving at a/skeb/inamotoyo-0ee75e.json
2026-06-30 14:47:19 | INFO     | OK https://skeb.jp/api/users/dpecula
2026-06-30 14:47:19 | INFO     | Saving at a/skeb/dpecula-deea53.json
2026-06-30 14:47:20 | INFO     | OK https://skeb.jp/api/users/amanjiru
2026-06-30 14:47:20 | INFO     | Saving at a/skeb/amanjiru-bae378.json
2026-06-30 14:47:21 | INFO     | OK https://skeb.jp/api/users/REDxBLACKxRED
2026-06-30 14:47:21 | INFO     | Saving at a/skeb/REDxBLACKxRED-0b4eee.json
2026-06-30 14:47:21 | INFO     | OK https://skeb.jp/api/users/Aconitum_888
2026-06-30 14:47:21 | INFO     | Saving at a/skeb/Aconitum_888-a9fefd.json
2026-06-30 14:47:22 | INFO     | OK https://skeb.jp/api/users/otobaaki_pizza
2026-06-30 14:47:22 | INFO     | Saving at a/skeb/otobaaki_pizza-2580b8.json
2026-06-30 14:47:23 | INFO     | OK https://skeb.jp/api/users/rintyanusagi
2026-06-30 14:47:23 | INFO     | Saving at a/skeb/rintyanusagi-da9b49.json
2026-06-30 14:47:24 | INFO     | OK https://skeb.jp/api/users/myon_purin
2026-06-30 14:47:24 | INFO     | Saving at a/skeb/myon_purin-1cb752.json
2026-06-30 14:47:25 | INFO     | OK https://skeb.jp/api/users/omgrhr__
2026-06-30 14:47:25 | INFO     | Saving at a/skeb/omgrhr__-86e6c3.json
2026-06-30 14:47:25 | INFO     | OK https://skeb.jp/api/users/nekoe
2026-06-30 14:47:25 | INFO     | Saving at a/skeb/nekoe-1552c8.json
2026-06-30 14:47:26 | INFO     | OK https://skeb.jp/api/users/vill_ck
2026-06-30 14:47:26 | INFO     | Saving at a/skeb/vill_ck-6cde9a.json
2026-06-30 14:47:27 | INFO     | OK https://skeb.jp/api/users/kuyu_lvz
2026-06-30 14:47:27 | INFO     | Saving at a/skeb/kuyu_lvz-cc36c3.json
2026-06-30 14:47:28 | INFO     | OK https://skeb.jp/api/users/R32iRn
2026-06-30 14:47:28 | INFO     | Saving at a/skeb/R32iRn-a8e8b7.json
2026-06-30 14:47:29 | INFO     | OK https://skeb.jp/api/users/ILSA34660285
2026-06-30 14:47:29 | INFO     | Saving at a/skeb/ILSA34660285-e3be00.json
2026-06-30 14:47:29 | INFO     | OK https://skeb.jp/api/users/okazaki_sato
2026-06-30 14:47:29 | INFO     | Saving at a/skeb/okazaki_sato-9ebe66.json
2026-06-30 14:47:30 | INFO     | OK https://skeb.jp/api/users/kenpikkkenpi
2026-06-30 14:47:30 | INFO     | Saving at a/skeb/kenpikkkenpi-5c0a2d.json
2026-06-30 14:47:31 | INFO     | OK https://skeb.jp/api/users/MrPeanut_88
2026-06-30 14:47:31 | INFO     | Saving at a/skeb/MrPeanut_88-90e5a9.json
2026-06-30 14:47:32 | INFO     | OK https://skeb.jp/api/users/minamo_xxasa
2026-06-30 14:47:32 | INFO     | Saving at a/skeb/minamo_xxasa-f9e9fe.json
2026-06-30 14:47:33 | INFO     | OK https://skeb.jp/api/users/rollme12
2026-06-30 14:47:33 | INFO     | Saving at a/skeb/rollme12-24eb6e.json
2026-06-30 14:47:34 | INFO     | OK https://skeb.jp/api/users/tukinaki
2026-06-30 14:47:34 | INFO     | Saving at a/skeb/tukinaki-ea476a.json
2026-06-30 14:47:34 | INFO     | OK https://skeb.jp/api/users/FF14_Dorebi
2026-06-30 14:47:34 | INFO     | Saving at a/skeb/FF14_Dorebi-008d37.json
2026-06-30 14:47:35 | INFO     | OK https://skeb.jp/api/users/xxaxisyo
2026-06-30 14:47:35 | INFO     | Saving at a/skeb/xxaxisyo-6f719c.json
2026-06-30 14:47:36 | INFO     | OK https://skeb.jp/api/users/illust_rice
2026-06-30 14:47:36 | INFO     | Saving at a/skeb/illust_rice-1274c2.json
2026-06-30 14:47:37 | INFO     | OK https://skeb.jp/api/users/toa_m_ootorido
2026-06-30 14:47:37 | INFO     | Saving at a/skeb/toa_m_ootorido-182228.json
2026-06-30 14:47:37 | INFO     | OK https://skeb.jp/api/users/datensiaaaa
2026-06-30 14:47:37 | INFO     | Saving at a/skeb/datensiaaaa-32e0dd.json
2026-06-30 14:47:38 | INFO     | OK https://skeb.jp/api/users/iroisurusk
2026-06-30 14:47:38 | INFO     | Saving at a/skeb/iroisurusk-3db71f.json
2026-06-30 14:47:39 | INFO     | OK https://skeb.jp/api/users/ura_kanaokarina
2026-06-30 14:47:39 | INFO     | Saving at a/skeb/ura_kanaokarina-57758b.json
2026-06-30 14:47:40 | INFO     | OK https://skeb.jp/api/users/DARUSIA_yune
2026-06-30 14:47:40 | INFO     | Saving at a/skeb/DARUSIA_yune-a1ad5f.json
2026-06-30 14:47:41 | INFO     | OK https://skeb.jp/api/users/Mo_chico_26
2026-06-30 14:47:41 | INFO     | Saving at a/skeb/Mo_chico_26-5064a9.json
2026-06-30 14:47:41 | INFO     | OK https://skeb.jp/api/users/numenumeknight
2026-06-30 14:47:41 | INFO     | Saving at a/skeb/numenumeknight-9657cc.json
2026-06-30 14:47:42 | INFO     | OK https://skeb.jp/api/users/iqsuke999
2026-06-30 14:47:42 | INFO     | Saving at a/skeb/iqsuke999-afaec2.json
2026-06-30 14:47:43 | INFO     | OK https://skeb.jp/api/users/skeb55363148
2026-06-30 14:47:43 | INFO     | Saving at a/skeb/skeb55363148-a314dd.json
2026-06-30 14:47:44 | INFO     | OK https://skeb.jp/api/users/edara
2026-06-30 14:47:44 | INFO     | Saving at a/skeb/edara-08462d.json
2026-06-30 14:47:45 | INFO     | OK https://skeb.jp/api/users/obaketaku1
2026-06-30 14:47:45 | INFO     | Saving at a/skeb/obaketaku1-483be8.json
2026-06-30 14:47:45 | INFO     | OK https://skeb.jp/api/users/kazuha1813
2026-06-30 14:47:45 | INFO     | Saving at a/skeb/kazuha1813-26a607.json
2026-06-30 14:47:46 | INFO     | OK https://skeb.jp/api/users/chitan4615
2026-06-30 14:47:46 | INFO     | Saving at a/skeb/chitan4615-953856.json
2026-06-30 14:47:47 | INFO     | OK https://skeb.jp/api/users/yo___taroo
2026-06-30 14:47:47 | INFO     | Saving at a/skeb/yo___taroo-ada20c.json
2026-06-30 14:47:48 | INFO     | OK https://skeb.jp/api/users/Kyoyama_Sail
2026-06-30 14:47:48 | INFO     | Saving at a/skeb/Kyoyama_Sail-35aeb8.json
2026-06-30 14:47:49 | INFO     | OK https://skeb.jp/api/users/Shun_syamojin
2026-06-30 14:47:49 | INFO     | Saving at a/skeb/Shun_syamojin-36c431.json
2026-06-30 14:47:49 | INFO     | OK https://skeb.jp/api/users/inu_ue
2026-06-30 14:47:49 | INFO     | Saving at a/skeb/inu_ue-e30d46.json
2026-06-30 14:47:50 | INFO     | OK https://skeb.jp/api/users/onem_mmk
2026-06-30 14:47:50 | INFO     | Saving at a/skeb/onem_mmk-9e022c.json
2026-06-30 14:47:51 | INFO     | OK https://skeb.jp/api/users/Yohira_dusk
2026-06-30 14:47:51 | INFO     | Saving at a/skeb/Yohira_dusk-66709f.json
2026-06-30 14:47:52 | INFO     | OK https://skeb.jp/api/users/yuioni
2026-06-30 14:47:52 | INFO     | Saving at a/skeb/yuioni-f099f7.json
2026-06-30 14:47:53 | INFO     | OK https://skeb.jp/api/users/son_nabananas
2026-06-30 14:47:53 | INFO     | Saving at a/skeb/son_nabananas-db4e2c.json
2026-06-30 14:47:53 | INFO     | OK https://skeb.jp/api/users/nyu_at
2026-06-30 14:47:53 | INFO     | Saving at a/skeb/nyu_at-7fdc39.json
2026-06-30 14:47:54 | INFO     | OK https://skeb.jp/api/users/riris_yoiyami
2026-06-30 14:47:54 | INFO     | Saving at a/skeb/riris_yoiyami-d05ea5.json
2026-06-30 14:47:55 | INFO     | OK https://skeb.jp/api/users/Yamori_tya
2026-06-30 14:47:55 | INFO     | Saving at a/skeb/Yamori_tya-13b63a.json
2026-06-30 14:47:56 | INFO     | OK https://skeb.jp/api/users/komottyan0_0
2026-06-30 14:47:56 | INFO     | Saving at a/skeb/komottyan0_0-82778f.json
2026-06-30 14:47:57 | INFO     | OK https://skeb.jp/api/users/mizusawa_sui
2026-06-30 14:47:57 | INFO     | Saving at a/skeb/mizusawa_sui-edc0e9.json
2026-06-30 14:47:57 | INFO     | OK https://skeb.jp/api/users/kkmrkmkm
2026-06-30 14:47:57 | INFO     | Saving at a/skeb/kkmrkmkm-99bc35.json
2026-06-30 14:47:58 | INFO     | OK https://skeb.jp/api/users/Marisa_trpg
2026-06-30 14:47:58 | INFO     | Saving at a/skeb/Marisa_trpg-651aba.json
2026-06-30 14:47:59 | INFO     | OK https://skeb.jp/api/users/onigo_sennri
2026-06-30 14:47:59 | INFO     | Saving at a/skeb/onigo_sennri-aa8328.json
2026-06-30 14:48:00 | INFO     | OK https://skeb.jp/api/users/Hig312
2026-06-30 14:48:00 | INFO     | Saving at a/skeb/Hig312-d2efed.json
2026-06-30 14:48:01 | INFO     | OK https://skeb.jp/api/users/fuzimiya57
2026-06-30 14:48:01 | INFO     | Saving at a/skeb/fuzimiya57-d92b98.json
2026-06-30 14:48:01 | INFO     | OK https://skeb.jp/api/users/ALLnothingNAMU
2026-06-30 14:48:01 | INFO     | Saving at a/skeb/ALLnothingNAMU-d9dd3a.json
2026-06-30 14:48:02 | INFO     | OK https://skeb.jp/api/users/zingukami
2026-06-30 14:48:02 | INFO     | Saving at a/skeb/zingukami-7f164a.json
2026-06-30 14:48:03 | INFO     | OK https://skeb.jp/api/users/raumcar
2026-06-30 14:48:03 | INFO     | Saving at a/skeb/raumcar-4aa577.json
2026-06-30 14:48:04 | INFO     | OK https://skeb.jp/api/users/juice_create
2026-06-30 14:48:04 | INFO     | Saving at a/skeb/juice_create-c9ad62.json
2026-06-30 14:48:05 | INFO     | OK https://skeb.jp/api/users/Ryoryoryo
2026-06-30 14:48:05 | INFO     | Saving at a/skeb/Ryoryoryo-cfe810.json
2026-06-30 14:48:05 | INFO     | OK https://skeb.jp/api/users/unyon
2026-06-30 14:48:05 | INFO     | Saving at a/skeb/unyon-fe3bec.json
2026-06-30 14:48:06 | INFO     | OK https://skeb.jp/api/users/__miomio14
2026-06-30 14:48:06 | INFO     | Saving at a/skeb/__miomio14-2e1b97.json
2026-06-30 14:48:07 | INFO     | OK https://skeb.jp/api/users/Uusub_
2026-06-30 14:48:07 | INFO     | Saving at a/skeb/Uusub_-765fac.json
2026-06-30 14:48:08 | INFO     | OK https://skeb.jp/api/users/4041esther
2026-06-30 14:48:08 | INFO     | Saving at a/skeb/4041esther-0446e7.json
2026-06-30 14:48:09 | INFO     | OK https://skeb.jp/api/users/USGdesu
2026-06-30 14:48:09 | INFO     | Saving at a/skeb/USGdesu-b0dfc1.json
2026-06-30 14:48:09 | INFO     | OK https://skeb.jp/api/users/yugense
2026-06-30 14:48:09 | INFO     | Saving at a/skeb/yugense-ccfc76.json
2026-06-30 14:48:10 | INFO     | OK https://skeb.jp/api/users/purotein0615
2026-06-30 14:48:10 | INFO     | Saving at a/skeb/purotein0615-9e3d73.json
2026-06-30 14:48:11 | INFO     | OK https://skeb.jp/api/users/koori816
2026-06-30 14:48:11 | INFO     | Saving at a/skeb/koori816-8cf35f.json
2026-06-30 14:48:12 | INFO     | OK https://skeb.jp/api/users/aoau0210
2026-06-30 14:48:12 | INFO     | Saving at a/skeb/aoau0210-3e9f1d.json
2026-06-30 14:48:13 | INFO     | OK https://skeb.jp/api/users/_2c35bd
2026-06-30 14:48:13 | INFO     | Saving at a/skeb/_2c35bd-6b0219.json
2026-06-30 14:48:13 | INFO     | OK https://skeb.jp/api/users/hisousakuya
2026-06-30 14:48:13 | INFO     | Saving at a/skeb/hisousakuya-00425b.json
2026-06-30 14:48:14 | INFO     | OK https://skeb.jp/api/users/ch3cooh3933
2026-06-30 14:48:14 | INFO     | Saving at a/skeb/ch3cooh3933-0e0682.json
2026-06-30 14:48:15 | WARNING  | 404 on https://skeb.jp/api/users/kurogitune420 (attempt 1/3)
2026-06-30 14:48:16 | INFO     | OK https://skeb.jp/api/users/4plusK
2026-06-30 14:48:16 | INFO     | Saving at a/skeb/4plusK-71f248.json
2026-06-30 14:48:17 | INFO     | OK https://skeb.jp/api/users/Aono_Nasu_
2026-06-30 14:48:17 | INFO     | Saving at a/skeb/Aono_Nasu_-429ecc.json
2026-06-30 14:48:18 | INFO     | OK https://skeb.jp/api/users/jun0000000000
2026-06-30 14:48:18 | INFO     | Saving at a/skeb/jun0000000000-ae38dc.json
2026-06-30 14:48:18 | WARNING  | 404 on https://skeb.jp/api/users/kurogitune420 (attempt 2/3)
2026-06-30 14:48:19 | INFO     | OK https://skeb.jp/api/users/genmei_topaz
2026-06-30 14:48:19 | INFO     | Saving at a/skeb/genmei_topaz-007536.json
2026-06-30 14:48:20 | INFO     | OK https://skeb.jp/api/users/manngakoneko
2026-06-30 14:48:20 | INFO     | Saving at a/skeb/manngakoneko-001d7f.json
2026-06-30 14:48:21 | INFO     | OK https://skeb.jp/api/users/CLA_0721
2026-06-30 14:48:21 | INFO     | Saving at a/skeb/CLA_0721-db2fd4.json
2026-06-30 14:48:21 | INFO     | OK https://skeb.jp/api/users/96Taka23
2026-06-30 14:48:21 | INFO     | Saving at a/skeb/96Taka23-5d7c32.json
2026-06-30 14:48:22 | INFO     | OK https://skeb.jp/api/users/takenokobird
2026-06-30 14:48:22 | INFO     | Saving at a/skeb/takenokobird-8ca47f.json
2026-06-30 14:48:23 | INFO     | OK https://skeb.jp/api/users/ika_carrot
2026-06-30 14:48:23 | INFO     | Saving at a/skeb/ika_carrot-f98578.json
2026-06-30 14:48:24 | INFO     | OK https://skeb.jp/api/users/coco08953232
2026-06-30 14:48:24 | INFO     | Saving at a/skeb/coco08953232-4b6442.json
2026-06-30 14:48:25 | INFO     | OK https://skeb.jp/api/users/nogui34
2026-06-30 14:48:25 | INFO     | Saving at a/skeb/nogui34-042493.json
2026-06-30 14:48:25 | INFO     | OK https://skeb.jp/api/users/hpako_kumakuma
2026-06-30 14:48:25 | INFO     | Saving at a/skeb/hpako_kumakuma-671c9b.json
2026-06-30 14:48:26 | INFO     | OK https://skeb.jp/api/users/kinoko_crown
2026-06-30 14:48:26 | INFO     | Saving at a/skeb/kinoko_crown-a03a89.json
2026-06-30 14:48:27 | INFO     | OK https://skeb.jp/api/users/karapposorairo
2026-06-30 14:48:27 | INFO     | Saving at a/skeb/karapposorairo-74f3ce.json
2026-06-30 14:48:28 | INFO     | OK https://skeb.jp/api/users/tkrpg_
2026-06-30 14:48:28 | INFO     | Saving at a/skeb/tkrpg_-a79949.json
2026-06-30 14:48:29 | INFO     | OK https://skeb.jp/api/users/1059balloon
2026-06-30 14:48:29 | INFO     | Saving at a/skeb/1059balloon-5d589d.json
2026-06-30 14:48:29 | INFO     | OK https://skeb.jp/api/users/morikontan
2026-06-30 14:48:29 | INFO     | Saving at a/skeb/morikontan-f8ff58.json
2026-06-30 14:48:30 | INFO     | OK https://skeb.jp/api/users/ywrk_f
2026-06-30 14:48:30 | INFO     | Saving at a/skeb/ywrk_f-ef2938.json
2026-06-30 14:48:31 | INFO     | OK https://skeb.jp/api/users/heysiriwasshoy
2026-06-30 14:48:31 | INFO     | Saving at a/skeb/heysiriwasshoy-3087b7.json
2026-06-30 14:48:32 | WARNING  | 404 on https://skeb.jp/api/users/kurogitune420 (attempt 3/3)
2026-06-30 14:48:32 | INFO     | Saving at a/skeb/kurogitune420-5cc629.json
2026-06-30 14:48:33 | INFO     | OK https://skeb.jp/api/users/nanaosousak416
2026-06-30 14:48:33 | INFO     | Saving at a/skeb/nanaosousak416-be4a71.json
2026-06-30 14:48:33 | INFO     | OK https://skeb.jp/api/users/tas_tas1212
2026-06-30 14:48:33 | INFO     | Saving at a/skeb/tas_tas1212-ff52ab.json
2026-06-30 14:48:34 | INFO     | OK https://skeb.jp/api/users/ariacyu
2026-06-30 14:48:34 | INFO     | Saving at a/skeb/ariacyu-97b983.json
2026-06-30 14:48:35 | INFO     | OK https://skeb.jp/api/users/wreath_red
2026-06-30 14:48:35 | INFO     | Saving at a/skeb/wreath_red-e5057b.json
2026-06-30 14:48:36 | INFO     | OK https://skeb.jp/api/users/pear_ri_flower
2026-06-30 14:48:36 | INFO     | Saving at a/skeb/pear_ri_flower-640cdb.json
2026-06-30 14:48:37 | INFO     | OK https://skeb.jp/api/users/Y28He
2026-06-30 14:48:37 | INFO     | Saving at a/skeb/Y28He-1139ac.json
2026-06-30 14:48:38 | INFO     | OK https://skeb.jp/api/users/washizutan2
2026-06-30 14:48:38 | INFO     | Saving at a/skeb/washizutan2-8a2a4f.json
2026-06-30 14:48:38 | INFO     | OK https://skeb.jp/api/users/elpQ0qxgjg
2026-06-30 14:48:38 | INFO     | Saving at a/skeb/elpQ0qxgjg-ac9405.json
2026-06-30 14:48:39 | INFO     | OK https://skeb.jp/api/users/kinako_moti3939
2026-06-30 14:48:39 | INFO     | Saving at a/skeb/kinako_moti3939-0e1456.json
2026-06-30 14:48:40 | INFO     | OK https://skeb.jp/api/users/argt
2026-06-30 14:48:40 | INFO     | Saving at a/skeb/argt-271f7b.json
2026-06-30 14:48:41 | INFO     | OK https://skeb.jp/api/users/uyouyo_huyohuyo
2026-06-30 14:48:41 | INFO     | Saving at a/skeb/uyouyo_huyohuyo-4b884e.json
2026-06-30 14:48:41 | INFO     | OK https://skeb.jp/api/users/Powder_pi
2026-06-30 14:48:41 | INFO     | Saving at a/skeb/Powder_pi-b3dd22.json
2026-06-30 14:48:42 | INFO     | OK https://skeb.jp/api/users/Yanikasu_Zrou
2026-06-30 14:48:42 | INFO     | Saving at a/skeb/Yanikasu_Zrou-aff790.json
2026-06-30 14:48:43 | INFO     | OK https://skeb.jp/api/users/AzuR1tegz
2026-06-30 14:48:43 | INFO     | Saving at a/skeb/AzuR1tegz-35c86d.json
2026-06-30 14:48:44 | INFO     | OK https://skeb.jp/api/users/namakeneko20231
2026-06-30 14:48:44 | INFO     | Saving at a/skeb/namakeneko20231-08a99c.json
2026-06-30 14:48:45 | INFO     | OK https://skeb.jp/api/users/blue242color
2026-06-30 14:48:45 | INFO     | Saving at a/skeb/blue242color-ab5c6c.json
2026-06-30 14:48:45 | INFO     | OK https://skeb.jp/api/users/Kokoto_Drawing
2026-06-30 14:48:45 | INFO     | Saving at a/skeb/Kokoto_Drawing-07bb5e.json
2026-06-30 14:48:46 | INFO     | OK https://skeb.jp/api/users/uhuhudayo505
2026-06-30 14:48:46 | INFO     | Saving at a/skeb/uhuhudayo505-ea9129.json
2026-06-30 14:48:47 | INFO     | OK https://skeb.jp/api/users/q6mile
2026-06-30 14:48:47 | INFO     | Saving at a/skeb/q6mile-6a72e6.json
2026-06-30 14:48:48 | INFO     | OK https://skeb.jp/api/users/chito_log
2026-06-30 14:48:48 | INFO     | Saving at a/skeb/chito_log-bc0409.json
2026-06-30 14:48:49 | INFO     | OK https://skeb.jp/api/users/wenue_enuue0848
2026-06-30 14:48:49 | INFO     | Saving at a/skeb/wenue_enuue0848-399f9a.json
2026-06-30 14:48:49 | INFO     | OK https://skeb.jp/api/users/suwa_bird
2026-06-30 14:48:49 | INFO     | Saving at a/skeb/suwa_bird-71c338.json
2026-06-30 14:48:50 | INFO     | OK https://skeb.jp/api/users/Masu_mars
2026-06-30 14:48:50 | INFO     | Saving at a/skeb/Masu_mars-4a7003.json
2026-06-30 14:48:51 | INFO     | OK https://skeb.jp/api/users/everyday_mush
2026-06-30 14:48:51 | INFO     | Saving at a/skeb/everyday_mush-782b73.json
2026-06-30 14:48:52 | INFO     | OK https://skeb.jp/api/users/mofumofuFOX1208
2026-06-30 14:48:52 | INFO     | Saving at a/skeb/mofumofuFOX1208-d8e76b.json
2026-06-30 14:48:53 | INFO     | OK https://skeb.jp/api/users/waninokatami
2026-06-30 14:48:53 | INFO     | Saving at a/skeb/waninokatami-bbd0e7.json
2026-06-30 14:48:53 | INFO     | OK https://skeb.jp/api/users/shm_hyp
2026-06-30 14:48:53 | INFO     | Saving at a/skeb/shm_hyp-bad923.json
2026-06-30 14:48:54 | INFO     | OK https://skeb.jp/api/users/asase55
2026-06-30 14:48:54 | INFO     | Saving at a/skeb/asase55-1a3de2.json
2026-06-30 14:48:55 | INFO     | OK https://skeb.jp/api/users/no_yane96
2026-06-30 14:48:55 | INFO     | Saving at a/skeb/no_yane96-72dfa6.json
2026-06-30 14:48:56 | INFO     | OK https://skeb.jp/api/users/naporitam_
2026-06-30 14:48:56 | INFO     | Saving at a/skeb/naporitam_-84941b.json
2026-06-30 14:48:57 | INFO     | OK https://skeb.jp/api/users/kotoriya_
2026-06-30 14:48:57 | INFO     | Saving at a/skeb/kotoriya_-eabbd7.json
2026-06-30 14:48:57 | INFO     | OK https://skeb.jp/api/users/ahk_cu
2026-06-30 14:48:57 | INFO     | Saving at a/skeb/ahk_cu-cb54f0.json
2026-06-30 14:48:58 | INFO     | OK https://skeb.jp/api/users/hasumi__aoi
2026-06-30 14:48:58 | INFO     | Saving at a/skeb/hasumi__aoi-dfb005.json
2026-06-30 14:48:59 | INFO     | OK https://skeb.jp/api/users/hikari06_nm
2026-06-30 14:48:59 | INFO     | Saving at a/skeb/hikari06_nm-d5cb98.json
2026-06-30 14:49:00 | INFO     | OK https://skeb.jp/api/users/gussans1012
2026-06-30 14:49:00 | INFO     | Saving at a/skeb/gussans1012-7ce909.json
2026-06-30 14:49:01 | INFO     | OK https://skeb.jp/api/users/olxexlo
2026-06-30 14:49:01 | INFO     | Saving at a/skeb/olxexlo-f8530d.json
2026-06-30 14:49:01 | INFO     | OK https://skeb.jp/api/users/Ariso_17
2026-06-30 14:49:01 | INFO     | Saving at a/skeb/Ariso_17-b88ce2.json
2026-06-30 14:49:02 | INFO     | OK https://skeb.jp/api/users/TRPG_kamikuru
2026-06-30 14:49:02 | INFO     | Saving at a/skeb/TRPG_kamikuru-dca5d1.json
2026-06-30 14:49:03 | INFO     | OK https://skeb.jp/api/users/Telios_s
2026-06-30 14:49:03 | INFO     | Saving at a/skeb/Telios_s-902922.json
2026-06-30 14:49:04 | INFO     | OK https://skeb.jp/api/users/esesuijin_404
2026-06-30 14:49:04 | INFO     | Saving at a/skeb/esesuijin_404-528286.json
2026-06-30 14:49:05 | INFO     | OK https://skeb.jp/api/users/ketaru923
2026-06-30 14:49:05 | INFO     | Saving at a/skeb/ketaru923-397bb5.json
2026-06-30 14:49:05 | INFO     | OK https://skeb.jp/api/users/251KG
2026-06-30 14:49:05 | INFO     | Saving at a/skeb/251KG-8a6d04.json
2026-06-30 14:49:06 | INFO     | OK https://skeb.jp/api/users/yukigakuree
2026-06-30 14:49:06 | INFO     | Saving at a/skeb/yukigakuree-3d180b.json
2026-06-30 14:49:07 | INFO     | OK https://skeb.jp/api/users/rasra25
2026-06-30 14:49:07 | INFO     | Saving at a/skeb/rasra25-045130.json
2026-06-30 14:49:08 | INFO     | OK https://skeb.jp/api/users/so_saku_mori
2026-06-30 14:49:08 | INFO     | Saving at a/skeb/so_saku_mori-cbb764.json
2026-06-30 14:49:09 | INFO     | OK https://skeb.jp/api/users/029tintintin
2026-06-30 14:49:09 | INFO     | Saving at a/skeb/029tintintin-ef4076.json
2026-06-30 14:49:09 | INFO     | OK https://skeb.jp/api/users/mofumofumanto
2026-06-30 14:49:09 | INFO     | Saving at a/skeb/mofumofumanto-5d5911.json
2026-06-30 14:49:10 | INFO     | OK https://skeb.jp/api/users/gil_akkage7294
2026-06-30 14:49:10 | INFO     | Saving at a/skeb/gil_akkage7294-fc617c.json
2026-06-30 14:49:11 | INFO     | OK https://skeb.jp/api/users/Letum_dragonGV
2026-06-30 14:49:11 | INFO     | Saving at a/skeb/Letum_dragonGV-c7e5e6.json
2026-06-30 14:49:12 | INFO     | OK https://skeb.jp/api/users/pmtn
2026-06-30 14:49:12 | INFO     | Saving at a/skeb/pmtn-b0e06f.json
2026-06-30 14:49:13 | INFO     | OK https://skeb.jp/api/users/fuwakuyuu
2026-06-30 14:49:13 | INFO     | Saving at a/skeb/fuwakuyuu-4cd305.json
2026-06-30 14:49:13 | INFO     | OK https://skeb.jp/api/users/ktmt93_zatta
2026-06-30 14:49:13 | INFO     | Saving at a/skeb/ktmt93_zatta-9103e2.json
2026-06-30 14:49:14 | INFO     | OK https://skeb.jp/api/users/Ox_qo0
2026-06-30 14:49:14 | INFO     | Saving at a/skeb/Ox_qo0-e168e9.json
2026-06-30 14:49:15 | INFO     | OK https://skeb.jp/api/users/hutosi_ari_11
2026-06-30 14:49:15 | INFO     | Saving at a/skeb/hutosi_ari_11-f3443a.json
2026-06-30 14:49:16 | INFO     | OK https://skeb.jp/api/users/miNiloTTedayo
2026-06-30 14:49:16 | INFO     | Saving at a/skeb/miNiloTTedayo-b4cd76.json
2026-06-30 14:49:17 | INFO     | OK https://skeb.jp/api/users/Amelo8_
2026-06-30 14:49:17 | INFO     | Saving at a/skeb/Amelo8_-69057c.json
2026-06-30 14:49:18 | INFO     | OK https://skeb.jp/api/users/byaku39
2026-06-30 14:49:18 | INFO     | Saving at a/skeb/byaku39-412152.json
2026-06-30 14:49:19 | INFO     | OK https://skeb.jp/api/users/0re_otya
2026-06-30 14:49:19 | INFO     | Saving at a/skeb/0re_otya-b78416.json
2026-06-30 14:49:19 | INFO     | OK https://skeb.jp/api/users/UNG_zo1
2026-06-30 14:49:19 | INFO     | Saving at a/skeb/UNG_zo1-4f6cde.json
2026-06-30 14:49:20 | INFO     | OK https://skeb.jp/api/users/pyon____kiti4
2026-06-30 14:49:20 | INFO     | Saving at a/skeb/pyon____kiti4-c19649.json
2026-06-30 14:49:21 | INFO     | OK https://skeb.jp/api/users/_554chan_
2026-06-30 14:49:21 | INFO     | Saving at a/skeb/_554chan_-f0ca05.json
2026-06-30 14:49:21 | INFO     | OK https://skeb.jp/api/users/mato_unjou_
2026-06-30 14:49:21 | INFO     | Saving at a/skeb/mato_unjou_-e34580.json
2026-06-30 14:49:22 | INFO     | OK https://skeb.jp/api/users/yuuki_96_778
2026-06-30 14:49:22 | INFO     | Saving at a/skeb/yuuki_96_778-7ae579.json
2026-06-30 14:49:23 | INFO     | OK https://skeb.jp/api/users/VESPA_stop
2026-06-30 14:49:23 | INFO     | Saving at a/skeb/VESPA_stop-aa03ab.json
2026-06-30 14:49:24 | INFO     | OK https://skeb.jp/api/users/mcSJROW7uf
2026-06-30 14:49:24 | INFO     | Saving at a/skeb/mcSJROW7uf-4d55d5.json
2026-06-30 14:49:25 | INFO     | OK https://skeb.jp/api/users/moto07077777
2026-06-30 14:49:25 | INFO     | Saving at a/skeb/moto07077777-5a4773.json
2026-06-30 14:49:25 | INFO     | OK https://skeb.jp/api/users/CHOo1NE
2026-06-30 14:49:25 | INFO     | Saving at a/skeb/CHOo1NE-0abf9f.json
2026-06-30 14:49:26 | INFO     | OK https://skeb.jp/api/users/don_0901_den
2026-06-30 14:49:26 | INFO     | Saving at a/skeb/don_0901_den-0652de.json
2026-06-30 14:49:27 | INFO     | OK https://skeb.jp/api/users/koikawa_orn
2026-06-30 14:49:27 | INFO     | Saving at a/skeb/koikawa_orn-7eb338.json
2026-06-30 14:49:28 | INFO     | OK https://skeb.jp/api/users/tomoki_watanuki
2026-06-30 14:49:28 | INFO     | Saving at a/skeb/tomoki_watanuki-d31277.json
2026-06-30 14:49:29 | INFO     | OK https://skeb.jp/api/users/a_s_satsuki
2026-06-30 14:49:29 | INFO     | Saving at a/skeb/a_s_satsuki-9014c6.json
2026-06-30 14:49:29 | INFO     | OK https://skeb.jp/api/users/ttkey_49
2026-06-30 14:49:29 | INFO     | Saving at a/skeb/ttkey_49-ec38bf.json
2026-06-30 14:49:30 | INFO     | OK https://skeb.jp/api/users/kapleRestart071
2026-06-30 14:49:30 | INFO     | Saving at a/skeb/kapleRestart071-3d433e.json
2026-06-30 14:49:31 | INFO     | OK https://skeb.jp/api/users/tagokura1
2026-06-30 14:49:31 | INFO     | Saving at a/skeb/tagokura1-54437e.json
2026-06-30 14:49:32 | INFO     | OK https://skeb.jp/api/users/Utsumi1101
2026-06-30 14:49:32 | INFO     | Saving at a/skeb/Utsumi1101-b1c61f.json
2026-06-30 14:49:33 | INFO     | OK https://skeb.jp/api/users/kurosikika
2026-06-30 14:49:33 | INFO     | Saving at a/skeb/kurosikika-ab9233.json
2026-06-30 14:49:33 | INFO     | OK https://skeb.jp/api/users/UouoU_4mu
2026-06-30 14:49:33 | INFO     | Saving at a/skeb/UouoU_4mu-b814f9.json
2026-06-30 14:49:34 | INFO     | OK https://skeb.jp/api/users/mggi126
2026-06-30 14:49:34 | INFO     | Saving at a/skeb/mggi126-e7381d.json
2026-06-30 14:49:35 | INFO     | OK https://skeb.jp/api/users/hana__iroiro
2026-06-30 14:49:35 | INFO     | Saving at a/skeb/hana__iroiro-7df341.json
2026-06-30 14:49:36 | INFO     | OK https://skeb.jp/api/users/sakumogain
2026-06-30 14:49:36 | INFO     | Saving at a/skeb/sakumogain-b7949e.json
2026-06-30 14:49:37 | INFO     | OK https://skeb.jp/api/users/R23Ruse
2026-06-30 14:49:37 | INFO     | Saving at a/skeb/R23Ruse-10f215.json
2026-06-30 14:49:37 | INFO     | OK https://skeb.jp/api/users/toui_0425
2026-06-30 14:49:37 | INFO     | Saving at a/skeb/toui_0425-02a38e.json
2026-06-30 14:49:38 | INFO     | OK https://skeb.jp/api/users/maro_chiyo
2026-06-30 14:49:38 | INFO     | Saving at a/skeb/maro_chiyo-ac9f64.json
2026-06-30 14:49:39 | INFO     | OK https://skeb.jp/api/users/i_kayoda
2026-06-30 14:49:39 | INFO     | Saving at a/skeb/i_kayoda-a5468c.json
2026-06-30 14:49:40 | INFO     | OK https://skeb.jp/api/users/otoutonoryu
2026-06-30 14:49:40 | INFO     | Saving at a/skeb/otoutonoryu-d151b5.json
2026-06-30 14:49:41 | INFO     | OK https://skeb.jp/api/users/re9_san
2026-06-30 14:49:41 | INFO     | Saving at a/skeb/re9_san-6e5164.json
2026-06-30 14:49:41 | INFO     | OK https://skeb.jp/api/users/eggkk
2026-06-30 14:49:41 | INFO     | Saving at a/skeb/eggkk-a6aa2f.json
2026-06-30 14:49:42 | INFO     | OK https://skeb.jp/api/users/mituki_nekochan
2026-06-30 14:49:42 | INFO     | Saving at a/skeb/mituki_nekochan-bac1c5.json
2026-06-30 14:49:43 | INFO     | OK https://skeb.jp/api/users/music_musique31
2026-06-30 14:49:43 | INFO     | Saving at a/skeb/music_musique31-d479e1.json
2026-06-30 14:49:44 | INFO     | OK https://skeb.jp/api/users/Bluerain_more
2026-06-30 14:49:44 | INFO     | Saving at a/skeb/Bluerain_more-260799.json
2026-06-30 14:49:45 | INFO     | OK https://skeb.jp/api/users/raiqueue01
2026-06-30 14:49:45 | INFO     | Saving at a/skeb/raiqueue01-97d858.json
2026-06-30 14:49:45 | INFO     | OK https://skeb.jp/api/users/Choco_Maro07
2026-06-30 14:49:45 | INFO     | Saving at a/skeb/Choco_Maro07-74d0fd.json
2026-06-30 14:49:46 | INFO     | OK https://skeb.jp/api/users/tsyannn
2026-06-30 14:49:46 | INFO     | Saving at a/skeb/tsyannn-544d02.json
2026-06-30 14:49:47 | INFO     | OK https://skeb.jp/api/users/uru_ichigo_15
2026-06-30 14:49:47 | INFO     | Saving at a/skeb/uru_ichigo_15-f10a0b.json
2026-06-30 14:49:48 | INFO     | OK https://skeb.jp/api/users/sunseapon
2026-06-30 14:49:48 | INFO     | Saving at a/skeb/sunseapon-8614f2.json
2026-06-30 14:49:49 | INFO     | OK https://skeb.jp/api/users/matori22
2026-06-30 14:49:49 | INFO     | Saving at a/skeb/matori22-eaaeb9.json
2026-06-30 14:49:49 | INFO     | OK https://skeb.jp/api/users/amejimai2408031
2026-06-30 14:49:49 | INFO     | Saving at a/skeb/amejimai2408031-ee6505.json
2026-06-30 14:49:50 | INFO     | OK https://skeb.jp/api/users/tirramith_draw
2026-06-30 14:49:50 | INFO     | Saving at a/skeb/tirramith_draw-83b602.json
2026-06-30 14:49:51 | INFO     | OK https://skeb.jp/api/users/mxwux
2026-06-30 14:49:51 | INFO     | Saving at a/skeb/mxwux-de7134.json
2026-06-30 14:49:52 | INFO     | OK https://skeb.jp/api/users/ureaka__
2026-06-30 14:49:52 | INFO     | Saving at a/skeb/ureaka__-afbce1.json
2026-06-30 14:49:53 | INFO     | OK https://skeb.jp/api/users/kemopuripurin
2026-06-30 14:49:53 | INFO     | Saving at a/skeb/kemopuripurin-30e897.json
2026-06-30 14:49:53 | INFO     | OK https://skeb.jp/api/users/sakugami
2026-06-30 14:49:53 | INFO     | Saving at a/skeb/sakugami-e02e46.json
2026-06-30 14:49:54 | INFO     | OK https://skeb.jp/api/users/18_amamam
2026-06-30 14:49:54 | INFO     | Saving at a/skeb/18_amamam-5ccebd.json
2026-06-30 14:49:55 | INFO     | OK https://skeb.jp/api/users/V_mitabi
2026-06-30 14:49:55 | INFO     | Saving at a/skeb/V_mitabi-f95484.json
2026-06-30 14:49:56 | INFO     | OK https://skeb.jp/api/users/omoro3bot
2026-06-30 14:49:56 | INFO     | Saving at a/skeb/omoro3bot-7537c1.json
2026-06-30 14:49:57 | INFO     | OK https://skeb.jp/api/users/aice9u
2026-06-30 14:49:57 | INFO     | Saving at a/skeb/aice9u-88c1c2.json
2026-06-30 14:49:57 | INFO     | OK https://skeb.jp/api/users/zzy3pq
2026-06-30 14:49:57 | INFO     | Saving at a/skeb/zzy3pq-6364f6.json
2026-06-30 14:49:58 | INFO     | OK https://skeb.jp/api/users/LdJzG4VsuPvSqnP
2026-06-30 14:49:58 | INFO     | Saving at a/skeb/LdJzG4VsuPvSqnP-661238.json
2026-06-30 14:49:59 | INFO     | OK https://skeb.jp/api/users/cyclium_
2026-06-30 14:49:59 | INFO     | Saving at a/skeb/cyclium_-07c9aa.json
2026-06-30 14:50:00 | INFO     | OK https://skeb.jp/api/users/1001x101
2026-06-30 14:50:00 | INFO     | Saving at a/skeb/1001x101-df8b60.json
2026-06-30 14:50:01 | INFO     | OK https://skeb.jp/api/users/_L0P1_
2026-06-30 14:50:01 | INFO     | Saving at a/skeb/_L0P1_-b9ed0a.json
2026-06-30 14:50:01 | INFO     | OK https://skeb.jp/api/users/NeilsamaKawaii
2026-06-30 14:50:01 | INFO     | Saving at a/skeb/NeilsamaKawaii-7752b4.json
2026-06-30 14:50:02 | INFO     | OK https://skeb.jp/api/users/cLefa0823
2026-06-30 14:50:02 | INFO     | Saving at a/skeb/cLefa0823-8a1c3a.json
2026-06-30 14:50:03 | INFO     | OK https://skeb.jp/api/users/yasaiiove
2026-06-30 14:50:03 | INFO     | Saving at a/skeb/yasaiiove-bdac67.json
2026-06-30 14:50:04 | INFO     | OK https://skeb.jp/api/users/Ruaha_Illust
2026-06-30 14:50:04 | INFO     | Saving at a/skeb/Ruaha_Illust-535c5e.json
2026-06-30 14:50:05 | INFO     | OK https://skeb.jp/api/users/murou_ei
2026-06-30 14:50:05 | INFO     | Saving at a/skeb/murou_ei-22b84b.json
2026-06-30 14:50:05 | INFO     | OK https://skeb.jp/api/users/yellow_na_beans
2026-06-30 14:50:05 | INFO     | Saving at a/skeb/yellow_na_beans-cd5cfc.json
2026-06-30 14:50:06 | INFO     | OK https://skeb.jp/api/users/Hazikerooooooi
2026-06-30 14:50:06 | INFO     | Saving at a/skeb/Hazikerooooooi-2921d3.json
2026-06-30 14:50:07 | INFO     | OK https://skeb.jp/api/users/emami_7155
2026-06-30 14:50:07 | INFO     | Saving at a/skeb/emami_7155-c1641f.json
2026-06-30 14:50:08 | INFO     | OK https://skeb.jp/api/users/Kugo_eya
2026-06-30 14:50:08 | INFO     | Saving at a/skeb/Kugo_eya-07427e.json
2026-06-30 14:50:09 | INFO     | OK https://skeb.jp/api/users/ku_rakurage_00
2026-06-30 14:50:09 | INFO     | Saving at a/skeb/ku_rakurage_00-4469eb.json
2026-06-30 14:50:09 | INFO     | OK https://skeb.jp/api/users/Hirorinwelcome
2026-06-30 14:50:09 | INFO     | Saving at a/skeb/Hirorinwelcome-e60bf8.json
2026-06-30 14:50:10 | INFO     | OK https://skeb.jp/api/users/glass_journey
2026-06-30 14:50:10 | INFO     | Saving at a/skeb/glass_journey-02cffb.json
2026-06-30 14:50:11 | INFO     | OK https://skeb.jp/api/users/Mitamaya_monme
2026-06-30 14:50:11 | INFO     | Saving at a/skeb/Mitamaya_monme-30adbc.json
2026-06-30 14:50:12 | INFO     | OK https://skeb.jp/api/users/ganmagyaba
2026-06-30 14:50:12 | INFO     | Saving at a/skeb/ganmagyaba-5bfa99.json
2026-06-30 14:50:13 | INFO     | OK https://skeb.jp/api/users/WaiyuZetyu
2026-06-30 14:50:13 | INFO     | Saving at a/skeb/WaiyuZetyu-e94ec8.json
2026-06-30 14:50:13 | INFO     | OK https://skeb.jp/api/users/jeraART
2026-06-30 14:50:13 | INFO     | Saving at a/skeb/jeraART-ab33d7.json
2026-06-30 14:50:14 | INFO     | OK https://skeb.jp/api/users/mamoji445
2026-06-30 14:50:14 | INFO     | Saving at a/skeb/mamoji445-f5c867.json
2026-06-30 14:50:15 | INFO     | OK https://skeb.jp/api/users/Lp1ace
2026-06-30 14:50:15 | INFO     | Saving at a/skeb/Lp1ace-a02255.json
2026-06-30 14:50:16 | INFO     | OK https://skeb.jp/api/users/1bu_k
2026-06-30 14:50:16 | INFO     | Saving at a/skeb/1bu_k-058771.json
2026-06-30 14:50:17 | INFO     | OK https://skeb.jp/api/users/h_mackeyna
2026-06-30 14:50:17 | INFO     | Saving at a/skeb/h_mackeyna-a60eea.json
2026-06-30 14:50:17 | INFO     | OK https://skeb.jp/api/users/okitori37X
2026-06-30 14:50:17 | INFO     | Saving at a/skeb/okitori37X-e162ef.json
2026-06-30 14:50:18 | INFO     | OK https://skeb.jp/api/users/hinohinokoto
2026-06-30 14:50:18 | INFO     | Saving at a/skeb/hinohinokoto-c599ec.json
2026-06-30 14:50:19 | INFO     | OK https://skeb.jp/api/users/hira_saaya
2026-06-30 14:50:19 | INFO     | Saving at a/skeb/hira_saaya-0270dc.json
2026-06-30 14:50:20 | INFO     | OK https://skeb.jp/api/users/kewa_q_batsu
2026-06-30 14:50:20 | INFO     | Saving at a/skeb/kewa_q_batsu-daab2d.json
2026-06-30 14:50:21 | INFO     | OK https://skeb.jp/api/users/20200129s
2026-06-30 14:50:21 | INFO     | Saving at a/skeb/20200129s-68f178.json
2026-06-30 14:50:21 | INFO     | OK https://skeb.jp/api/users/Vanda_drawing
2026-06-30 14:50:21 | INFO     | Saving at a/skeb/Vanda_drawing-b097c4.json
2026-06-30 14:50:22 | INFO     | OK https://skeb.jp/api/users/sonchou_sawa
2026-06-30 14:50:22 | INFO     | Saving at a/skeb/sonchou_sawa-61a5cd.json
2026-06-30 14:50:23 | INFO     | OK https://skeb.jp/api/users/miiyan_39
2026-06-30 14:50:23 | INFO     | Saving at a/skeb/miiyan_39-bd103c.json
2026-06-30 14:50:24 | INFO     | OK https://skeb.jp/api/users/shipuolu2
2026-06-30 14:50:24 | INFO     | Saving at a/skeb/shipuolu2-b2a82c.json
2026-06-30 14:50:25 | INFO     | OK https://skeb.jp/api/users/01white02
2026-06-30 14:50:25 | INFO     | Saving at a/skeb/01white02-aeadb9.json
2026-06-30 14:50:25 | INFO     | OK https://skeb.jp/api/users/onikoroshilover
2026-06-30 14:50:25 | INFO     | Saving at a/skeb/onikoroshilover-bfcb7a.json
2026-06-30 14:50:26 | INFO     | OK https://skeb.jp/api/users/asakuranelu
2026-06-30 14:50:26 | INFO     | Saving at a/skeb/asakuranelu-409eff.json
2026-06-30 14:50:27 | INFO     | OK https://skeb.jp/api/users/crp_3clmb
2026-06-30 14:50:27 | INFO     | Saving at a/skeb/crp_3clmb-b05e27.json
2026-06-30 14:50:28 | INFO     | OK https://skeb.jp/api/users/rice_ma46
2026-06-30 14:50:28 | INFO     | Saving at a/skeb/rice_ma46-9aaff0.json
2026-06-30 14:50:29 | INFO     | OK https://skeb.jp/api/users/nekooishii89
2026-06-30 14:50:29 | INFO     | Saving at a/skeb/nekooishii89-e5854e.json
2026-06-30 14:50:29 | INFO     | OK https://skeb.jp/api/users/kuma56sann
2026-06-30 14:50:29 | INFO     | Saving at a/skeb/kuma56sann-b44772.json
2026-06-30 14:50:30 | INFO     | OK https://skeb.jp/api/users/Yuyuyuyunn111
2026-06-30 14:50:30 | INFO     | Saving at a/skeb/Yuyuyuyunn111-36ef0f.json
2026-06-30 14:50:31 | INFO     | OK https://skeb.jp/api/users/toku_san_hin
2026-06-30 14:50:31 | INFO     | Saving at a/skeb/toku_san_hin-be0139.json
2026-06-30 14:50:32 | INFO     | OK https://skeb.jp/api/users/Luusan044
2026-06-30 14:50:32 | INFO     | Saving at a/skeb/Luusan044-16531c.json
2026-06-30 14:50:33 | INFO     | OK https://skeb.jp/api/users/e__nokid_o
2026-06-30 14:50:33 | INFO     | Saving at a/skeb/e__nokid_o-6158a8.json
2026-06-30 14:50:33 | INFO     | OK https://skeb.jp/api/users/izun_mori
2026-06-30 14:50:33 | INFO     | Saving at a/skeb/izun_mori-ecd705.json
2026-06-30 14:50:34 | INFO     | OK https://skeb.jp/api/users/lilixxxr18
2026-06-30 14:50:34 | INFO     | Saving at a/skeb/lilixxxr18-5b80da.json
2026-06-30 14:50:35 | INFO     | OK https://skeb.jp/api/users/GoumouYukio
2026-06-30 14:50:35 | INFO     | Saving at a/skeb/GoumouYukio-f8f503.json
2026-06-30 14:50:36 | INFO     | OK https://skeb.jp/api/users/popo_nu
2026-06-30 14:50:36 | INFO     | Saving at a/skeb/popo_nu-0bca9a.json
2026-06-30 14:50:37 | INFO     | OK https://skeb.jp/api/users/SLUGYUU
2026-06-30 14:50:37 | INFO     | Saving at a/skeb/SLUGYUU-8988d5.json
2026-06-30 14:50:37 | INFO     | OK https://skeb.jp/api/users/nekonekolll
2026-06-30 14:50:37 | INFO     | Saving at a/skeb/nekonekolll-d371c4.json
2026-06-30 14:50:38 | INFO     | OK https://skeb.jp/api/users/NamoTaida
2026-06-30 14:50:38 | INFO     | Saving at a/skeb/NamoTaida-fe507b.json
2026-06-30 14:50:39 | INFO     | OK https://skeb.jp/api/users/KabuariS
2026-06-30 14:50:39 | INFO     | Saving at a/skeb/KabuariS-5132bc.json
2026-06-30 14:50:40 | INFO     | OK https://skeb.jp/api/users/sakosan
2026-06-30 14:50:40 | INFO     | Saving at a/skeb/sakosan-9143fc.json
2026-06-30 14:50:41 | INFO     | OK https://skeb.jp/api/users/na2taho_illust
2026-06-30 14:50:41 | INFO     | Saving at a/skeb/na2taho_illust-611534.json
2026-06-30 14:50:41 | INFO     | OK https://skeb.jp/api/users/HuubokuCaed
2026-06-30 14:50:41 | INFO     | Saving at a/skeb/HuubokuCaed-c1d10b.json
2026-06-30 14:50:42 | INFO     | OK https://skeb.jp/api/users/su3uo
2026-06-30 14:50:42 | INFO     | Saving at a/skeb/su3uo-ad9f07.json
2026-06-30 14:50:43 | INFO     | OK https://skeb.jp/api/users/15_393
2026-06-30 14:50:43 | INFO     | Saving at a/skeb/15_393-681786.json
2026-06-30 14:50:44 | INFO     | OK https://skeb.jp/api/users/Holly_Sousaku
2026-06-30 14:50:44 | INFO     | Saving at a/skeb/Holly_Sousaku-9ccd80.json
2026-06-30 14:50:45 | INFO     | OK https://skeb.jp/api/users/hawao_hahhayao
2026-06-30 14:50:45 | INFO     | Saving at a/skeb/hawao_hahhayao-0a68f5.json
2026-06-30 14:50:45 | INFO     | OK https://skeb.jp/api/users/Natauno
2026-06-30 14:50:45 | INFO     | Saving at a/skeb/Natauno-2eec01.json
2026-06-30 14:50:46 | INFO     | OK https://skeb.jp/api/users/SatouMinami598
2026-06-30 14:50:46 | INFO     | Saving at a/skeb/SatouMinami598-b91656.json
2026-06-30 14:50:47 | INFO     | OK https://skeb.jp/api/users/Tsumaguro_h
2026-06-30 14:50:47 | INFO     | Saving at a/skeb/Tsumaguro_h-ce45e8.json
2026-06-30 14:50:48 | INFO     | OK https://skeb.jp/api/users/steel_sugar
2026-06-30 14:50:48 | INFO     | Saving at a/skeb/steel_sugar-6bad8f.json
2026-06-30 14:50:49 | INFO     | OK https://skeb.jp/api/users/NoahZark
2026-06-30 14:50:49 | INFO     | Saving at a/skeb/NoahZark-dbae48.json
2026-06-30 14:50:49 | INFO     | OK https://skeb.jp/api/users/owarihonporanko
2026-06-30 14:50:49 | INFO     | Saving at a/skeb/owarihonporanko-f8ac28.json
2026-06-30 14:50:50 | INFO     | OK https://skeb.jp/api/users/cloudia_trpg
2026-06-30 14:50:50 | INFO     | Saving at a/skeb/cloudia_trpg-7c6f23.json
2026-06-30 14:50:51 | INFO     | OK https://skeb.jp/api/users/L325J
2026-06-30 14:50:51 | INFO     | Saving at a/skeb/L325J-c9ed23.json
2026-06-30 14:50:52 | INFO     | OK https://skeb.jp/api/users/Joe1_Takido
2026-06-30 14:50:52 | INFO     | Saving at a/skeb/Joe1_Takido-41acb5.json
2026-06-30 14:50:53 | INFO     | OK https://skeb.jp/api/users/mamiya_mao
2026-06-30 14:50:53 | INFO     | Saving at a/skeb/mamiya_mao-c15436.json
2026-06-30 14:50:53 | INFO     | OK https://skeb.jp/api/users/nemuriyo
2026-06-30 14:50:53 | INFO     | Saving at a/skeb/nemuriyo-39cae8.json
2026-06-30 14:50:54 | INFO     | OK https://skeb.jp/api/users/yoimoriyoru
2026-06-30 14:50:54 | INFO     | Saving at a/skeb/yoimoriyoru-38529f.json
2026-06-30 14:50:55 | INFO     | OK https://skeb.jp/api/users/enmoenmo
2026-06-30 14:50:55 | INFO     | Saving at a/skeb/enmoenmo-a619c7.json
2026-06-30 14:50:56 | INFO     | OK https://skeb.jp/api/users/oki_mamoti
2026-06-30 14:50:56 | INFO     | Saving at a/skeb/oki_mamoti-f25f43.json
2026-06-30 14:50:57 | INFO     | OK https://skeb.jp/api/users/NonSugar746
2026-06-30 14:50:57 | INFO     | Saving at a/skeb/NonSugar746-7d7502.json
2026-06-30 14:50:57 | INFO     | OK https://skeb.jp/api/users/kagami00mt
2026-06-30 14:50:57 | INFO     | Saving at a/skeb/kagami00mt-12101f.json
2026-06-30 14:50:58 | INFO     | OK https://skeb.jp/api/users/regiman1007
2026-06-30 14:50:58 | INFO     | Saving at a/skeb/regiman1007-42f425.json
2026-06-30 14:50:59 | INFO     | OK https://skeb.jp/api/users/ade_ri_00B
2026-06-30 14:50:59 | INFO     | Saving at a/skeb/ade_ri_00B-e5afe9.json
2026-06-30 14:51:00 | INFO     | OK https://skeb.jp/api/users/otouhu_0202
2026-06-30 14:51:00 | INFO     | Saving at a/skeb/otouhu_0202-f600b7.json
2026-06-30 14:51:00 | WARNING  | 429 on https://skeb.jp/api/users/ringo_WIXOSS (attempt 1/3, rate=0.6/s)
2026-06-30 14:51:00 | INFO     | Backing off 2.0s before retry.
2026-06-30 14:51:06 | WARNING  | 429 on https://skeb.jp/api/users/inunomiy07 (attempt 1/3, rate=0.3/s)
2026-06-30 14:51:06 | INFO     | Backing off 1.8s before retry.
2026-06-30 14:51:16 | WARNING  | 429 on https://skeb.jp/api/users/dwu_bi01 (attempt 1/3, rate=0.3/s)
2026-06-30 14:51:16 | INFO     | Backing off 1.9s before retry.
2026-06-30 14:51:26 | WARNING  | 429 on https://skeb.jp/api/users/Amamoyoi_00 (attempt 1/3, rate=0.3/s)
2026-06-30 14:51:26 | INFO     | Backing off 2.3s before retry.
2026-06-30 14:51:36 | WARNING  | 429 on https://skeb.jp/api/users/shijiro_trpg (attempt 1/3, rate=0.3/s)
2026-06-30 14:51:36 | INFO     | Backing off 2.2s before retry.
2026-06-30 14:51:46 | WARNING  | 429 on https://skeb.jp/api/users/yumojtm (attempt 1/3, rate=0.3/s)
2026-06-30 14:51:46 | INFO     | Backing off 2.1s before retry.
2026-06-30 14:51:56 | WARNING  | 429 on https://skeb.jp/api/users/MNdoodle5 (attempt 1/3, rate=0.3/s)
2026-06-30 14:51:56 | INFO     | Backing off 1.6s before retry.
2026-06-30 14:52:06 | WARNING  | 429 on https://skeb.jp/api/users/Amamoyoi_00 (attempt 2/3, rate=0.3/s)
2026-06-30 14:52:06 | INFO     | Backing off 3.4s before retry.
2026-06-30 14:52:17 | WARNING  | 429 on https://skeb.jp/api/users/dwu_bi01 (attempt 2/3, rate=0.3/s)
2026-06-30 14:52:17 | INFO     | Backing off 4.4s before retry.
2026-06-30 14:52:27 | WARNING  | 429 on https://skeb.jp/api/users/Knight_hans12 (attempt 1/3, rate=0.3/s)
2026-06-30 14:52:27 | INFO     | Backing off 1.7s before retry.
2026-06-30 14:52:37 | WARNING  | 429 on https://skeb.jp/api/users/_moon__IG (attempt 1/3, rate=0.3/s)
2026-06-30 14:52:37 | INFO     | Backing off 2.3s before retry.
2026-06-30 14:52:47 | WARNING  | 429 on https://skeb.jp/api/users/Sakafuku222 (attempt 1/3, rate=0.3/s)
2026-06-30 14:52:47 | INFO     | Backing off 1.8s before retry.
2026-06-30 14:52:57 | WARNING  | 429 on https://skeb.jp/api/users/Amamoyoi_00 (attempt 3/3, rate=0.3/s)
2026-06-30 14:53:07 | WARNING  | 429 on https://skeb.jp/api/users/inunomiy07 (attempt 2/3, rate=0.3/s)
2026-06-30 14:53:07 | INFO     | Backing off 4.6s before retry.
2026-06-30 14:53:17 | WARNING  | 429 on https://skeb.jp/api/users/_moon__IG (attempt 2/3, rate=0.3/s)
2026-06-30 14:53:17 | INFO     | Backing off 4.7s before retry.
2026-06-30 14:53:27 | WARNING  | 429 on https://skeb.jp/api/users/shijiro_trpg (attempt 2/3, rate=0.3/s)
2026-06-30 14:53:27 | INFO     | Backing off 3.6s before retry.
2026-06-30 14:53:37 | WARNING  | 429 on https://skeb.jp/api/users/dwu_bi01 (attempt 3/3, rate=0.3/s)
2026-06-30 14:53:47 | WARNING  | 429 on https://skeb.jp/api/users/inunomiy07 (attempt 3/3, rate=0.3/s)
2026-06-30 14:53:47 | INFO     | Ending pipeline prematurely
2026-06-30 14:53:47 | INFO     |  --- SUMMARY REPORT --- 
  Sources Retreived    : 140755
  Profiles Fetched     : 288
  Profile Missing      : 1
  Profile Rate Limited : 2
  Profile Error Others : 0

2026-06-30 14:53:47 | INFO     | Started creating static api data.
2026-06-30 14:55:19 | INFO     | Album index written to a/albums/index.json (318 albums)
