2026-07-01 14:05:57 | INFO     | Initialized Data Store.
2026-07-01 14:05:57 | INFO     | Homepage GET status=429 (attempt 1/3)
2026-07-01 14:05:57 | INFO     | Cookie extracted [request_key=...].
2026-07-01 14:05:57 | INFO     | SkebClient ready (impersonate=chrome120, rate=1.2/s, concurrency=10, max_runtime=4800s)
2026-07-01 14:07:19 | INFO     | Ready to scrape 130605 items
2026-07-01 14:07:22 | INFO     | OK https://skeb.jp/api/users/remomon0
2026-07-01 14:07:22 | INFO     | Saving at a/skeb/remomon0-c6045a.json
2026-07-01 14:07:23 | INFO     | OK https://skeb.jp/api/users/heppoko_works
2026-07-01 14:07:23 | INFO     | Saving at a/skeb/heppoko_works-3b1e65.json
2026-07-01 14:07:23 | INFO     | OK https://skeb.jp/api/users/ddd_hoge
2026-07-01 14:07:23 | INFO     | Saving at a/skeb/ddd_hoge-046a52.json
2026-07-01 14:07:24 | INFO     | OK https://skeb.jp/api/users/9wX8ZCsFso
2026-07-01 14:07:24 | INFO     | Saving at a/skeb/9wX8ZCsFso-7c8a4c.json
2026-07-01 14:07:25 | INFO     | OK https://skeb.jp/api/users/8co_0_0
2026-07-01 14:07:25 | INFO     | Saving at a/skeb/8co_0_0-d3a53e.json
2026-07-01 14:07:26 | INFO     | OK https://skeb.jp/api/users/khLb9TqAKh
2026-07-01 14:07:26 | INFO     | Saving at a/skeb/khLb9TqAKh-423305.json
2026-07-01 14:07:26 | INFO     | OK https://skeb.jp/api/users/akita__ken_
2026-07-01 14:07:26 | INFO     | Saving at a/skeb/akita__ken_-d80b35.json
2026-07-01 14:07:27 | INFO     | OK https://skeb.jp/api/users/t_mikage
2026-07-01 14:07:27 | INFO     | Saving at a/skeb/t_mikage-727943.json
2026-07-01 14:07:28 | INFO     | OK https://skeb.jp/api/users/kks_021
2026-07-01 14:07:28 | INFO     | Saving at a/skeb/kks_021-8188e1.json
2026-07-01 14:07:29 | INFO     | OK https://skeb.jp/api/users/_killyom
2026-07-01 14:07:29 | INFO     | Saving at a/skeb/_killyom-89b0a2.json
2026-07-01 14:07:30 | INFO     | OK https://skeb.jp/api/users/2ni_work
2026-07-01 14:07:30 | INFO     | Saving at a/skeb/2ni_work-028e08.json
2026-07-01 14:07:30 | INFO     | OK https://skeb.jp/api/users/newwatasimo
2026-07-01 14:07:30 | INFO     | Saving at a/skeb/newwatasimo-315f01.json
2026-07-01 14:07:31 | INFO     | OK https://skeb.jp/api/users/Tarururu_to_
2026-07-01 14:07:31 | INFO     | Saving at a/skeb/Tarururu_to_-666abf.json
2026-07-01 14:07:32 | INFO     | OK https://skeb.jp/api/users/chaso_osat
2026-07-01 14:07:32 | INFO     | Saving at a/skeb/chaso_osat-4e2216.json
2026-07-01 14:07:33 | INFO     | OK https://skeb.jp/api/users/maythtorm
2026-07-01 14:07:33 | INFO     | Saving at a/skeb/maythtorm-b4d591.json
2026-07-01 14:07:34 | INFO     | OK https://skeb.jp/api/users/dwu_4
2026-07-01 14:07:34 | INFO     | Saving at a/skeb/dwu_4-cdc9f8.json
2026-07-01 14:07:34 | INFO     | OK https://skeb.jp/api/users/prin0831
2026-07-01 14:07:34 | INFO     | Saving at a/skeb/prin0831-2e278f.json
2026-07-01 14:07:35 | INFO     | OK https://skeb.jp/api/users/shirayukinkolol
2026-07-01 14:07:35 | INFO     | Saving at a/skeb/shirayukinkolol-40d640.json
2026-07-01 14:07:36 | INFO     | OK https://skeb.jp/api/users/MelaleucaRaia
2026-07-01 14:07:36 | INFO     | Saving at a/skeb/MelaleucaRaia-77fc67.json
2026-07-01 14:07:37 | INFO     | OK https://skeb.jp/api/users/Matarasi123
2026-07-01 14:07:37 | INFO     | Saving at a/skeb/Matarasi123-fdcdea.json
2026-07-01 14:07:38 | INFO     | OK https://skeb.jp/api/users/1chloe2
2026-07-01 14:07:38 | INFO     | Saving at a/skeb/1chloe2-6f72cb.json
2026-07-01 14:07:38 | INFO     | OK https://skeb.jp/api/users/ksnst4
2026-07-01 14:07:38 | INFO     | Saving at a/skeb/ksnst4-10d8c6.json
2026-07-01 14:07:39 | INFO     | OK https://skeb.jp/api/users/yula703
2026-07-01 14:07:39 | INFO     | Saving at a/skeb/yula703-191bfe.json
2026-07-01 14:07:40 | INFO     | OK https://skeb.jp/api/users/tora026
2026-07-01 14:07:40 | INFO     | Saving at a/skeb/tora026-6f1212.json
2026-07-01 14:07:41 | INFO     | OK https://skeb.jp/api/users/mdkixi
2026-07-01 14:07:41 | INFO     | Saving at a/skeb/mdkixi-9b79ce.json
2026-07-01 14:07:42 | INFO     | OK https://skeb.jp/api/users/SMTATMS2
2026-07-01 14:07:42 | INFO     | Saving at a/skeb/SMTATMS2-e1ef8d.json
2026-07-01 14:07:43 | INFO     | OK https://skeb.jp/api/users/akatanotaki
2026-07-01 14:07:43 | INFO     | Saving at a/skeb/akatanotaki-f50003.json
2026-07-01 14:07:43 | INFO     | OK https://skeb.jp/api/users/nama_sivori
2026-07-01 14:07:43 | INFO     | Saving at a/skeb/nama_sivori-86a096.json
2026-07-01 14:07:44 | INFO     | OK https://skeb.jp/api/users/_haori_
2026-07-01 14:07:44 | INFO     | Saving at a/skeb/_haori_-73c44e.json
2026-07-01 14:07:45 | INFO     | OK https://skeb.jp/api/users/momomo_krkr
2026-07-01 14:07:45 | INFO     | Saving at a/skeb/momomo_krkr-769420.json
2026-07-01 14:07:46 | INFO     | OK https://skeb.jp/api/users/_ninarin
2026-07-01 14:07:46 | INFO     | Saving at a/skeb/_ninarin-b060d4.json
2026-07-01 14:07:46 | INFO     | OK https://skeb.jp/api/users/TUBAKIoruta
2026-07-01 14:07:46 | INFO     | Saving at a/skeb/TUBAKIoruta-c7b3e0.json
2026-07-01 14:07:47 | INFO     | OK https://skeb.jp/api/users/kizamineginegi
2026-07-01 14:07:47 | INFO     | Saving at a/skeb/kizamineginegi-5e23a9.json
2026-07-01 14:07:48 | INFO     | OK https://skeb.jp/api/users/Lepodia
2026-07-01 14:07:48 | INFO     | Saving at a/skeb/Lepodia-2b3a3d.json
2026-07-01 14:07:49 | INFO     | OK https://skeb.jp/api/users/Inukura_Haru
2026-07-01 14:07:49 | INFO     | Saving at a/skeb/Inukura_Haru-f60b63.json
2026-07-01 14:07:50 | INFO     | OK https://skeb.jp/api/users/inoueita
2026-07-01 14:07:50 | INFO     | Saving at a/skeb/inoueita-549c7c.json
2026-07-01 14:07:50 | INFO     | OK https://skeb.jp/api/users/L0C0_52
2026-07-01 14:07:50 | INFO     | Saving at a/skeb/L0C0_52-965d3b.json
2026-07-01 14:07:51 | INFO     | OK https://skeb.jp/api/users/DA__TuT
2026-07-01 14:07:51 | INFO     | Saving at a/skeb/DA__TuT-5b3d20.json
2026-07-01 14:07:52 | INFO     | OK https://skeb.jp/api/users/ENUoxo
2026-07-01 14:07:52 | INFO     | Saving at a/skeb/ENUoxo-29ffaa.json
2026-07-01 14:07:53 | INFO     | OK https://skeb.jp/api/users/KumanoSuya
2026-07-01 14:07:53 | INFO     | Saving at a/skeb/KumanoSuya-24bad5.json
2026-07-01 14:07:54 | INFO     | OK https://skeb.jp/api/users/URA__DORA
2026-07-01 14:07:54 | INFO     | Saving at a/skeb/URA__DORA-6bb34a.json
2026-07-01 14:07:54 | INFO     | OK https://skeb.jp/api/users/ISUMI_136
2026-07-01 14:07:54 | INFO     | Saving at a/skeb/ISUMI_136-b7bcd1.json
2026-07-01 14:07:55 | WARNING  | 404 on https://skeb.jp/api/users/_morno (attempt 1/3)
2026-07-01 14:07:56 | INFO     | OK https://skeb.jp/api/users/KOHAKU_589Amber
2026-07-01 14:07:56 | INFO     | Saving at a/skeb/KOHAKU_589Amber-ca3b56.json
2026-07-01 14:07:57 | INFO     | OK https://skeb.jp/api/users/No_16_74
2026-07-01 14:07:57 | INFO     | Saving at a/skeb/No_16_74-a50e9d.json
2026-07-01 14:07:58 | INFO     | OK https://skeb.jp/api/users/Odz3214
2026-07-01 14:07:58 | INFO     | Saving at a/skeb/Odz3214-76199e.json
2026-07-01 14:07:58 | WARNING  | 404 on https://skeb.jp/api/users/_morno (attempt 2/3)
2026-07-01 14:07:59 | INFO     | OK https://skeb.jp/api/users/RtoU_Dokey
2026-07-01 14:07:59 | INFO     | Saving at a/skeb/RtoU_Dokey-856342.json
2026-07-01 14:08:00 | INFO     | OK https://skeb.jp/api/users/neri_akira
2026-07-01 14:08:00 | INFO     | Saving at a/skeb/neri_akira-078495.json
2026-07-01 14:08:01 | INFO     | OK https://skeb.jp/api/users/Sika_Art
2026-07-01 14:08:01 | INFO     | Saving at a/skeb/Sika_Art-2f7d73.json
2026-07-01 14:08:01 | INFO     | OK https://skeb.jp/api/users/kanon_mikukanon
2026-07-01 14:08:01 | INFO     | Saving at a/skeb/kanon_mikukanon-b2812e.json
2026-07-01 14:08:02 | INFO     | OK https://skeb.jp/api/users/houjiro_0206
2026-07-01 14:08:02 | INFO     | Saving at a/skeb/houjiro_0206-acff54.json
2026-07-01 14:08:03 | INFO     | OK https://skeb.jp/api/users/daisangen_1991
2026-07-01 14:08:03 | INFO     | Saving at a/skeb/daisangen_1991-614433.json
2026-07-01 14:08:04 | INFO     | OK https://skeb.jp/api/users/Yossy_honey7
2026-07-01 14:08:04 | INFO     | Saving at a/skeb/Yossy_honey7-7c6fa1.json
2026-07-01 14:08:05 | INFO     | OK https://skeb.jp/api/users/Tsugu_uriii33
2026-07-01 14:08:05 | INFO     | Saving at a/skeb/Tsugu_uriii33-2d4f19.json
2026-07-01 14:08:06 | INFO     | OK https://skeb.jp/api/users/Utu_lu_
2026-07-01 14:08:06 | INFO     | Saving at a/skeb/Utu_lu_-f8c88b.json
2026-07-01 14:08:07 | WARNING  | 404 on https://skeb.jp/api/users/_morno (attempt 3/3)
2026-07-01 14:08:07 | INFO     | Saving at a/skeb/_morno-c3f990.json
2026-07-01 14:08:07 | INFO     | OK https://skeb.jp/api/users/Deme_0816
2026-07-01 14:08:07 | INFO     | Saving at a/skeb/Deme_0816-084f33.json
2026-07-01 14:08:08 | INFO     | OK https://skeb.jp/api/users/MoeG___1
2026-07-01 14:08:08 | INFO     | Saving at a/skeb/MoeG___1-af1916.json
2026-07-01 14:08:09 | INFO     | OK https://skeb.jp/api/users/YukiHarukaC
2026-07-01 14:08:09 | INFO     | Saving at a/skeb/YukiHarukaC-ddbc4b.json
2026-07-01 14:08:10 | INFO     | OK https://skeb.jp/api/users/hello_mepo
2026-07-01 14:08:10 | INFO     | Saving at a/skeb/hello_mepo-84d1d6.json
2026-07-01 14:08:10 | INFO     | OK https://skeb.jp/api/users/shee_na_0705
2026-07-01 14:08:10 | INFO     | Saving at a/skeb/shee_na_0705-2c0669.json
2026-07-01 14:08:11 | INFO     | OK https://skeb.jp/api/users/amagamishinia
2026-07-01 14:08:11 | INFO     | Saving at a/skeb/amagamishinia-aad91e.json
2026-07-01 14:08:12 | INFO     | OK https://skeb.jp/api/users/jtpm89352933
2026-07-01 14:08:12 | INFO     | Saving at a/skeb/jtpm89352933-0df839.json
2026-07-01 14:08:13 | INFO     | OK https://skeb.jp/api/users/Fla_VRC
2026-07-01 14:08:13 | INFO     | Saving at a/skeb/Fla_VRC-662f14.json
2026-07-01 14:08:14 | INFO     | OK https://skeb.jp/api/users/haruhi_sky13
2026-07-01 14:08:14 | INFO     | Saving at a/skeb/haruhi_sky13-2fad69.json
2026-07-01 14:08:14 | INFO     | OK https://skeb.jp/api/users/ZENraKISHI
2026-07-01 14:08:14 | INFO     | Saving at a/skeb/ZENraKISHI-87ddee.json
2026-07-01 14:08:15 | INFO     | OK https://skeb.jp/api/users/DEATH_NKDNG
2026-07-01 14:08:15 | INFO     | Saving at a/skeb/DEATH_NKDNG-0e0f1c.json
2026-07-01 14:08:16 | INFO     | OK https://skeb.jp/api/users/kiritanpo_y
2026-07-01 14:08:16 | INFO     | Saving at a/skeb/kiritanpo_y-bca1ea.json
2026-07-01 14:08:17 | INFO     | OK https://skeb.jp/api/users/vyrYw5Ra2857960
2026-07-01 14:08:17 | INFO     | Saving at a/skeb/vyrYw5Ra2857960-130c64.json
2026-07-01 14:08:18 | INFO     | OK https://skeb.jp/api/users/yukireben0
2026-07-01 14:08:18 | INFO     | Saving at a/skeb/yukireben0-f16f07.json
2026-07-01 14:08:18 | INFO     | OK https://skeb.jp/api/users/HanedaChan
2026-07-01 14:08:18 | INFO     | Saving at a/skeb/HanedaChan-61ce3d.json
2026-07-01 14:08:19 | INFO     | OK https://skeb.jp/api/users/shino_duka
2026-07-01 14:08:19 | INFO     | Saving at a/skeb/shino_duka-970e04.json
2026-07-01 14:08:20 | INFO     | OK https://skeb.jp/api/users/UYU_azami
2026-07-01 14:08:20 | INFO     | Saving at a/skeb/UYU_azami-3027c8.json
2026-07-01 14:08:21 | INFO     | OK https://skeb.jp/api/users/D_suzu0210
2026-07-01 14:08:21 | INFO     | Saving at a/skeb/D_suzu0210-7d2741.json
2026-07-01 14:08:21 | INFO     | OK https://skeb.jp/api/users/u02
2026-07-01 14:08:21 | INFO     | Saving at a/skeb/u02-2d3f5f.json
2026-07-01 14:08:22 | INFO     | OK https://skeb.jp/api/users/ikimono_saiko
2026-07-01 14:08:22 | INFO     | Saving at a/skeb/ikimono_saiko-eca853.json
2026-07-01 14:08:23 | INFO     | OK https://skeb.jp/api/users/rito_130_t
2026-07-01 14:08:23 | INFO     | Saving at a/skeb/rito_130_t-06759d.json
2026-07-01 14:08:24 | INFO     | OK https://skeb.jp/api/users/mimimi_0808
2026-07-01 14:08:24 | INFO     | Saving at a/skeb/mimimi_0808-029a92.json
2026-07-01 14:08:25 | INFO     | OK https://skeb.jp/api/users/lovepotion_0821
2026-07-01 14:08:25 | INFO     | Saving at a/skeb/lovepotion_0821-bf1c82.json
2026-07-01 14:08:26 | INFO     | OK https://skeb.jp/api/users/yukiya_mmk
2026-07-01 14:08:26 | INFO     | Saving at a/skeb/yukiya_mmk-f36b68.json
2026-07-01 14:08:26 | INFO     | OK https://skeb.jp/api/users/410Nagame
2026-07-01 14:08:26 | INFO     | Saving at a/skeb/410Nagame-c95a53.json
2026-07-01 14:08:27 | INFO     | OK https://skeb.jp/api/users/rhakosaku
2026-07-01 14:08:27 | INFO     | Saving at a/skeb/rhakosaku-36c8e3.json
2026-07-01 14:08:28 | INFO     | OK https://skeb.jp/api/users/tenmasupika
2026-07-01 14:08:28 | INFO     | Saving at a/skeb/tenmasupika-53018b.json
2026-07-01 14:08:29 | INFO     | OK https://skeb.jp/api/users/myaac0
2026-07-01 14:08:29 | INFO     | Saving at a/skeb/myaac0-bcef20.json
2026-07-01 14:08:30 | INFO     | OK https://skeb.jp/api/users/b_56_l
2026-07-01 14:08:30 | INFO     | Saving at a/skeb/b_56_l-3b1a4b.json
2026-07-01 14:08:31 | INFO     | OK https://skeb.jp/api/users/pepechy_
2026-07-01 14:08:31 | INFO     | Saving at a/skeb/pepechy_-47fcf3.json
2026-07-01 14:08:31 | INFO     | OK https://skeb.jp/api/users/tsumi_2382
2026-07-01 14:08:31 | INFO     | Saving at a/skeb/tsumi_2382-d2bda6.json
2026-07-01 14:08:32 | INFO     | OK https://skeb.jp/api/users/Raiiiiiiiiiiiln
2026-07-01 14:08:32 | INFO     | Saving at a/skeb/Raiiiiiiiiiiiln-8539b1.json
2026-07-01 14:08:33 | INFO     | OK https://skeb.jp/api/users/mega_fubuki
2026-07-01 14:08:33 | INFO     | Saving at a/skeb/mega_fubuki-3c5877.json
2026-07-01 14:08:34 | INFO     | OK https://skeb.jp/api/users/mmisrk
2026-07-01 14:08:34 | INFO     | Saving at a/skeb/mmisrk-313a81.json
2026-07-01 14:08:34 | INFO     | OK https://skeb.jp/api/users/trpg_szkz
2026-07-01 14:08:34 | INFO     | Saving at a/skeb/trpg_szkz-39ea2d.json
2026-07-01 14:08:35 | INFO     | OK https://skeb.jp/api/users/kui_sinaji
2026-07-01 14:08:35 | INFO     | Saving at a/skeb/kui_sinaji-050936.json
2026-07-01 14:08:36 | INFO     | OK https://skeb.jp/api/users/yadome810
2026-07-01 14:08:36 | INFO     | Saving at a/skeb/yadome810-823ba6.json
2026-07-01 14:08:37 | INFO     | OK https://skeb.jp/api/users/mmmmmatya
2026-07-01 14:08:37 | INFO     | Saving at a/skeb/mmmmmatya-b356e2.json
2026-07-01 14:08:38 | INFO     | OK https://skeb.jp/api/users/dry_trpg_
2026-07-01 14:08:38 | INFO     | Saving at a/skeb/dry_trpg_-2b4c20.json
2026-07-01 14:08:38 | INFO     | OK https://skeb.jp/api/users/garouzuki
2026-07-01 14:08:38 | INFO     | Saving at a/skeb/garouzuki-f745a2.json
2026-07-01 14:08:39 | INFO     | OK https://skeb.jp/api/users/HCPFbP6Com5maTi
2026-07-01 14:08:39 | INFO     | Saving at a/skeb/HCPFbP6Com5maTi-002cce.json
2026-07-01 14:08:40 | INFO     | OK https://skeb.jp/api/users/sai_reciel
2026-07-01 14:08:40 | INFO     | Saving at a/skeb/sai_reciel-47cc67.json
2026-07-01 14:08:41 | INFO     | OK https://skeb.jp/api/users/15shu_
2026-07-01 14:08:41 | INFO     | Saving at a/skeb/15shu_-1c3a57.json
2026-07-01 14:08:41 | INFO     | OK https://skeb.jp/api/users/hiinr29432
2026-07-01 14:08:41 | INFO     | Saving at a/skeb/hiinr29432-0d8310.json
2026-07-01 14:08:42 | INFO     | OK https://skeb.jp/api/users/wokome_6
2026-07-01 14:08:42 | INFO     | Saving at a/skeb/wokome_6-c90429.json
2026-07-01 14:08:43 | INFO     | OK https://skeb.jp/api/users/nananana_nanana
2026-07-01 14:08:43 | INFO     | Saving at a/skeb/nananana_nanana-e67380.json
2026-07-01 14:08:44 | INFO     | OK https://skeb.jp/api/users/kureno622xx
2026-07-01 14:08:44 | INFO     | Saving at a/skeb/kureno622xx-a9526e.json
2026-07-01 14:08:45 | INFO     | OK https://skeb.jp/api/users/rOGIFzt6e385652
2026-07-01 14:08:45 | INFO     | Saving at a/skeb/rOGIFzt6e385652-c6f2e7.json
2026-07-01 14:08:46 | INFO     | OK https://skeb.jp/api/users/BootsCat_Alter
2026-07-01 14:08:46 | INFO     | Saving at a/skeb/BootsCat_Alter-58f6c5.json
2026-07-01 14:08:46 | INFO     | OK https://skeb.jp/api/users/531441_
2026-07-01 14:08:46 | INFO     | Saving at a/skeb/531441_-2e5a65.json
2026-07-01 14:08:47 | INFO     | OK https://skeb.jp/api/users/86suke_sub
2026-07-01 14:08:47 | INFO     | Saving at a/skeb/86suke_sub-cd20a1.json
2026-07-01 14:08:48 | INFO     | OK https://skeb.jp/api/users/otekisan
2026-07-01 14:08:48 | INFO     | Saving at a/skeb/otekisan-593b62.json
2026-07-01 14:08:49 | INFO     | OK https://skeb.jp/api/users/K97556351
2026-07-01 14:08:49 | INFO     | Saving at a/skeb/K97556351-14965b.json
2026-07-01 14:08:50 | INFO     | OK https://skeb.jp/api/users/urauoxou
2026-07-01 14:08:50 | INFO     | Saving at a/skeb/urauoxou-486d41.json
2026-07-01 14:08:50 | INFO     | OK https://skeb.jp/api/users/jan_husaren
2026-07-01 14:08:50 | INFO     | Saving at a/skeb/jan_husaren-6d1c63.json
2026-07-01 14:08:51 | INFO     | OK https://skeb.jp/api/users/441soh
2026-07-01 14:08:51 | INFO     | Saving at a/skeb/441soh-447ebe.json
2026-07-01 14:08:52 | INFO     | OK https://skeb.jp/api/users/mutarouchan
2026-07-01 14:08:52 | INFO     | Saving at a/skeb/mutarouchan-f72e70.json
2026-07-01 14:08:53 | INFO     | OK https://skeb.jp/api/users/aki_leo_mei
2026-07-01 14:08:53 | INFO     | Saving at a/skeb/aki_leo_mei-6efb8b.json
2026-07-01 14:08:54 | INFO     | OK https://skeb.jp/api/users/yukinadare
2026-07-01 14:08:54 | INFO     | Saving at a/skeb/yukinadare-17b8c8.json
2026-07-01 14:08:54 | INFO     | OK https://skeb.jp/api/users/cocomocona
2026-07-01 14:08:54 | INFO     | Saving at a/skeb/cocomocona-33040a.json
2026-07-01 14:08:55 | INFO     | OK https://skeb.jp/api/users/shiorin_fps
2026-07-01 14:08:55 | INFO     | Saving at a/skeb/shiorin_fps-df2bde.json
2026-07-01 14:08:56 | INFO     | OK https://skeb.jp/api/users/CommuSalt
2026-07-01 14:08:56 | INFO     | Saving at a/skeb/CommuSalt-1031f2.json
2026-07-01 14:08:57 | INFO     | OK https://skeb.jp/api/users/bnd5k2sosak
2026-07-01 14:08:57 | INFO     | Saving at a/skeb/bnd5k2sosak-1f4f01.json
2026-07-01 14:08:58 | INFO     | OK https://skeb.jp/api/users/mari_trpgxx
2026-07-01 14:08:58 | INFO     | Saving at a/skeb/mari_trpgxx-e19201.json
2026-07-01 14:08:58 | INFO     | OK https://skeb.jp/api/users/ichihatsu0222
2026-07-01 14:08:58 | INFO     | Saving at a/skeb/ichihatsu0222-196d7d.json
2026-07-01 14:08:59 | INFO     | OK https://skeb.jp/api/users/Ta__zzz
2026-07-01 14:08:59 | INFO     | Saving at a/skeb/Ta__zzz-b06149.json
2026-07-01 14:09:00 | INFO     | OK https://skeb.jp/api/users/8b_12
2026-07-01 14:09:00 | INFO     | Saving at a/skeb/8b_12-486959.json
2026-07-01 14:09:01 | INFO     | OK https://skeb.jp/api/users/108gk_
2026-07-01 14:09:01 | INFO     | Saving at a/skeb/108gk_-cdb82a.json
2026-07-01 14:09:01 | INFO     | OK https://skeb.jp/api/users/usanui_nuinui
2026-07-01 14:09:01 | INFO     | Saving at a/skeb/usanui_nuinui-60883e.json
2026-07-01 14:09:02 | INFO     | OK https://skeb.jp/api/users/himasora
2026-07-01 14:09:02 | INFO     | Saving at a/skeb/himasora-a59a51.json
2026-07-01 14:09:03 | INFO     | OK https://skeb.jp/api/users/Itsuka_Kokonoka
2026-07-01 14:09:03 | INFO     | Saving at a/skeb/Itsuka_Kokonoka-edf84f.json
2026-07-01 14:09:04 | INFO     | OK https://skeb.jp/api/users/kitsuneme31
2026-07-01 14:09:04 | INFO     | Saving at a/skeb/kitsuneme31-6072c8.json
2026-07-01 14:09:05 | INFO     | OK https://skeb.jp/api/users/mogamonn
2026-07-01 14:09:05 | INFO     | Saving at a/skeb/mogamonn-411afc.json
2026-07-01 14:09:06 | INFO     | OK https://skeb.jp/api/users/akairinngoooo
2026-07-01 14:09:06 | INFO     | Saving at a/skeb/akairinngoooo-496a64.json
2026-07-01 14:09:06 | INFO     | OK https://skeb.jp/api/users/originalman_art
2026-07-01 14:09:06 | INFO     | Saving at a/skeb/originalman_art-e16eba.json
2026-07-01 14:09:07 | INFO     | OK https://skeb.jp/api/users/ichiyo_ill2
2026-07-01 14:09:07 | INFO     | Saving at a/skeb/ichiyo_ill2-4dbb20.json
2026-07-01 14:09:08 | INFO     | OK https://skeb.jp/api/users/SashiroKoma
2026-07-01 14:09:08 | INFO     | Saving at a/skeb/SashiroKoma-7601bf.json
2026-07-01 14:09:09 | INFO     | OK https://skeb.jp/api/users/tomaringo08
2026-07-01 14:09:09 | INFO     | Saving at a/skeb/tomaringo08-9a3a25.json
2026-07-01 14:09:10 | INFO     | OK https://skeb.jp/api/users/pepemaru305
2026-07-01 14:09:10 | INFO     | Saving at a/skeb/pepemaru305-560f29.json
2026-07-01 14:09:10 | INFO     | OK https://skeb.jp/api/users/Maymy_volvo
2026-07-01 14:09:10 | INFO     | Saving at a/skeb/Maymy_volvo-597cf1.json
2026-07-01 14:09:11 | INFO     | OK https://skeb.jp/api/users/POSjan_4649
2026-07-01 14:09:11 | INFO     | Saving at a/skeb/POSjan_4649-e175f2.json
2026-07-01 14:09:12 | INFO     | OK https://skeb.jp/api/users/ponchachacha1
2026-07-01 14:09:12 | INFO     | Saving at a/skeb/ponchachacha1-1e8f31.json
2026-07-01 14:09:13 | INFO     | OK https://skeb.jp/api/users/toto38nei
2026-07-01 14:09:13 | INFO     | Saving at a/skeb/toto38nei-15f492.json
2026-07-01 14:09:14 | INFO     | OK https://skeb.jp/api/users/u__hotaru
2026-07-01 14:09:14 | INFO     | Saving at a/skeb/u__hotaru-86d71c.json
2026-07-01 14:09:14 | INFO     | OK https://skeb.jp/api/users/k_o465
2026-07-01 14:09:14 | INFO     | Saving at a/skeb/k_o465-118f0c.json
2026-07-01 14:09:15 | INFO     | OK https://skeb.jp/api/users/VHELAz7GrY74280
2026-07-01 14:09:15 | INFO     | Saving at a/skeb/VHELAz7GrY74280-1d8fb3.json
2026-07-01 14:09:16 | INFO     | OK https://skeb.jp/api/users/allenemy
2026-07-01 14:09:16 | INFO     | Saving at a/skeb/allenemy-172d56.json
2026-07-01 14:09:17 | INFO     | OK https://skeb.jp/api/users/soudai_icon
2026-07-01 14:09:17 | INFO     | Saving at a/skeb/soudai_icon-89d46f.json
2026-07-01 14:09:18 | INFO     | OK https://skeb.jp/api/users/Ban_ka_0
2026-07-01 14:09:18 | INFO     | Saving at a/skeb/Ban_ka_0-39b5ec.json
2026-07-01 14:09:18 | INFO     | OK https://skeb.jp/api/users/bobonasudan
2026-07-01 14:09:18 | INFO     | Saving at a/skeb/bobonasudan-b113b7.json
2026-07-01 14:09:19 | INFO     | OK https://skeb.jp/api/users/matiko_75
2026-07-01 14:09:19 | INFO     | Saving at a/skeb/matiko_75-74c539.json
2026-07-01 14:09:20 | INFO     | OK https://skeb.jp/api/users/Ktattara
2026-07-01 14:09:20 | INFO     | Saving at a/skeb/Ktattara-dff1ff.json
2026-07-01 14:09:21 | INFO     | OK https://skeb.jp/api/users/oyaji93
2026-07-01 14:09:21 | INFO     | Saving at a/skeb/oyaji93-cd562d.json
2026-07-01 14:09:22 | INFO     | OK https://skeb.jp/api/users/Ypz9F
2026-07-01 14:09:22 | INFO     | Saving at a/skeb/Ypz9F-4db2c8.json
2026-07-01 14:09:22 | INFO     | OK https://skeb.jp/api/users/mido_9608
2026-07-01 14:09:22 | INFO     | Saving at a/skeb/mido_9608-71799f.json
2026-07-01 14:09:23 | INFO     | OK https://skeb.jp/api/users/ngtk_k
2026-07-01 14:09:23 | INFO     | Saving at a/skeb/ngtk_k-1b5d4b.json
2026-07-01 14:09:24 | INFO     | OK https://skeb.jp/api/users/yukai_akira
2026-07-01 14:09:24 | INFO     | Saving at a/skeb/yukai_akira-bf8b17.json
2026-07-01 14:09:25 | INFO     | OK https://skeb.jp/api/users/ayihsem
2026-07-01 14:09:25 | INFO     | Saving at a/skeb/ayihsem-c009b6.json
2026-07-01 14:09:26 | INFO     | OK https://skeb.jp/api/users/kureha_kanzaki
2026-07-01 14:09:26 | INFO     | Saving at a/skeb/kureha_kanzaki-05cead.json
2026-07-01 14:09:26 | INFO     | OK https://skeb.jp/api/users/herakuresukongo
2026-07-01 14:09:26 | INFO     | Saving at a/skeb/herakuresukongo-9a6afd.json
2026-07-01 14:09:27 | INFO     | OK https://skeb.jp/api/users/hi_sui01
2026-07-01 14:09:27 | INFO     | Saving at a/skeb/hi_sui01-707eeb.json
2026-07-01 14:09:28 | INFO     | OK https://skeb.jp/api/users/turugitan
2026-07-01 14:09:28 | INFO     | Saving at a/skeb/turugitan-d49ea4.json
2026-07-01 14:09:29 | INFO     | OK https://skeb.jp/api/users/tsunamayoparty
2026-07-01 14:09:29 | INFO     | Saving at a/skeb/tsunamayoparty-470f47.json
2026-07-01 14:09:29 | INFO     | OK https://skeb.jp/api/users/MeikaiYoku315
2026-07-01 14:09:29 | INFO     | Saving at a/skeb/MeikaiYoku315-ad1ecc.json
2026-07-01 14:09:30 | INFO     | OK https://skeb.jp/api/users/suzumesuzume8
2026-07-01 14:09:30 | INFO     | Saving at a/skeb/suzumesuzume8-6cc11d.json
2026-07-01 14:09:31 | INFO     | OK https://skeb.jp/api/users/ss_sm_3
2026-07-01 14:09:31 | INFO     | Saving at a/skeb/ss_sm_3-8cfb1f.json
2026-07-01 14:09:32 | INFO     | OK https://skeb.jp/api/users/pinoma_ru
2026-07-01 14:09:32 | INFO     | Saving at a/skeb/pinoma_ru-9b7b2a.json
2026-07-01 14:09:33 | INFO     | OK https://skeb.jp/api/users/coin1111
2026-07-01 14:09:33 | INFO     | Saving at a/skeb/coin1111-58517c.json
2026-07-01 14:09:34 | INFO     | OK https://skeb.jp/api/users/okk_mochi99
2026-07-01 14:09:34 | INFO     | Saving at a/skeb/okk_mochi99-82bb65.json
2026-07-01 14:09:34 | INFO     | OK https://skeb.jp/api/users/sakuraineko0227
2026-07-01 14:09:34 | INFO     | Saving at a/skeb/sakuraineko0227-962a7e.json
2026-07-01 14:09:35 | INFO     | OK https://skeb.jp/api/users/shigerig
2026-07-01 14:09:35 | INFO     | Saving at a/skeb/shigerig-dd4dfc.json
2026-07-01 14:09:36 | INFO     | OK https://skeb.jp/api/users/kabecheese
2026-07-01 14:09:36 | INFO     | Saving at a/skeb/kabecheese-b29812.json
2026-07-01 14:09:37 | INFO     | OK https://skeb.jp/api/users/kwhgsashi_mi
2026-07-01 14:09:37 | INFO     | Saving at a/skeb/kwhgsashi_mi-3ce597.json
2026-07-01 14:09:38 | INFO     | OK https://skeb.jp/api/users/HFSa89tQeAZQv4X
2026-07-01 14:09:38 | INFO     | Saving at a/skeb/HFSa89tQeAZQv4X-aa8247.json
2026-07-01 14:09:38 | INFO     | OK https://skeb.jp/api/users/irisu
2026-07-01 14:09:38 | INFO     | Saving at a/skeb/irisu-724e3c.json
2026-07-01 14:09:39 | INFO     | OK https://skeb.jp/api/users/simesabasuki
2026-07-01 14:09:39 | INFO     | Saving at a/skeb/simesabasuki-f42675.json
2026-07-01 14:09:40 | INFO     | OK https://skeb.jp/api/users/A_Lonely_Potat0
2026-07-01 14:09:40 | INFO     | Saving at a/skeb/A_Lonely_Potat0-f00412.json
2026-07-01 14:09:41 | INFO     | OK https://skeb.jp/api/users/kotukotunnn
2026-07-01 14:09:41 | INFO     | Saving at a/skeb/kotukotunnn-ef7be0.json
2026-07-01 14:09:42 | INFO     | OK https://skeb.jp/api/users/HKMS1225
2026-07-01 14:09:42 | INFO     | Saving at a/skeb/HKMS1225-69070c.json
2026-07-01 14:09:42 | INFO     | OK https://skeb.jp/api/users/nenekoco
2026-07-01 14:09:42 | INFO     | Saving at a/skeb/nenekoco-e6cb66.json
2026-07-01 14:09:43 | INFO     | OK https://skeb.jp/api/users/Mumei_096
2026-07-01 14:09:43 | INFO     | Saving at a/skeb/Mumei_096-6abc90.json
2026-07-01 14:09:44 | INFO     | OK https://skeb.jp/api/users/flesh_people
2026-07-01 14:09:44 | INFO     | Saving at a/skeb/flesh_people-1193f8.json
2026-07-01 14:09:45 | INFO     | OK https://skeb.jp/api/users/saru_saryu
2026-07-01 14:09:45 | INFO     | Saving at a/skeb/saru_saryu-dfda24.json
2026-07-01 14:09:46 | INFO     | OK https://skeb.jp/api/users/swna8c
2026-07-01 14:09:46 | INFO     | Saving at a/skeb/swna8c-72b8c7.json
2026-07-01 14:09:46 | INFO     | OK https://skeb.jp/api/users/rourou_ill
2026-07-01 14:09:46 | INFO     | Saving at a/skeb/rourou_ill-441b51.json
2026-07-01 14:09:48 | INFO     | OK https://skeb.jp/api/users/NanayoHina_VT
2026-07-01 14:09:48 | INFO     | Saving at a/skeb/NanayoHina_VT-7d08de.json
2026-07-01 14:09:48 | INFO     | OK https://skeb.jp/api/users/edamameshinato
2026-07-01 14:09:48 | INFO     | Saving at a/skeb/edamameshinato-667ccb.json
2026-07-01 14:09:49 | INFO     | OK https://skeb.jp/api/users/amauta_tsumu
2026-07-01 14:09:49 | INFO     | Saving at a/skeb/amauta_tsumu-88e408.json
2026-07-01 14:09:50 | INFO     | OK https://skeb.jp/api/users/trpg_km
2026-07-01 14:09:50 | INFO     | Saving at a/skeb/trpg_km-8b3cf9.json
2026-07-01 14:09:50 | INFO     | OK https://skeb.jp/api/users/nWyFUwI8BN
2026-07-01 14:09:50 | INFO     | Saving at a/skeb/nWyFUwI8BN-bd5c6c.json
2026-07-01 14:09:51 | INFO     | OK https://skeb.jp/api/users/rokugatu_28
2026-07-01 14:09:51 | INFO     | Saving at a/skeb/rokugatu_28-f27242.json
2026-07-01 14:09:52 | INFO     | OK https://skeb.jp/api/users/_xp_sn
2026-07-01 14:09:52 | INFO     | Saving at a/skeb/_xp_sn-0b0383.json
2026-07-01 14:09:53 | WARNING  | 404 on https://skeb.jp/api/users/kakekaker001 (attempt 1/3)
2026-07-01 14:09:54 | INFO     | OK https://skeb.jp/api/users/_anidf
2026-07-01 14:09:54 | INFO     | Saving at a/skeb/_anidf-ed1831.json
2026-07-01 14:09:54 | INFO     | OK https://skeb.jp/api/users/rott_ur
2026-07-01 14:09:54 | INFO     | Saving at a/skeb/rott_ur-17f2b2.json
2026-07-01 14:09:55 | INFO     | OK https://skeb.jp/api/users/aknk_crba
2026-07-01 14:09:55 | INFO     | Saving at a/skeb/aknk_crba-0926c0.json
2026-07-01 14:09:56 | INFO     | OK https://skeb.jp/api/users/e_no_n
2026-07-01 14:09:56 | INFO     | Saving at a/skeb/e_no_n-3344f0.json
2026-07-01 14:09:57 | INFO     | OK https://skeb.jp/api/users/zzxvyz
2026-07-01 14:09:57 | INFO     | Saving at a/skeb/zzxvyz-b2dde7.json
2026-07-01 14:09:58 | INFO     | OK https://skeb.jp/api/users/iriewani
2026-07-01 14:09:58 | INFO     | Saving at a/skeb/iriewani-5a937f.json
2026-07-01 14:09:58 | WARNING  | 404 on https://skeb.jp/api/users/kakekaker001 (attempt 2/3)
2026-07-01 14:09:59 | INFO     | OK https://skeb.jp/api/users/gochizo2
2026-07-01 14:09:59 | INFO     | Saving at a/skeb/gochizo2-e69458.json
2026-07-01 14:10:00 | INFO     | OK https://skeb.jp/api/users/formerdemonking
2026-07-01 14:10:00 | INFO     | Saving at a/skeb/formerdemonking-a57846.json
2026-07-01 14:10:01 | INFO     | OK https://skeb.jp/api/users/lllily06
2026-07-01 14:10:01 | INFO     | Saving at a/skeb/lllily06-980a74.json
2026-07-01 14:10:02 | INFO     | OK https://skeb.jp/api/users/anontokyoitasha
2026-07-01 14:10:02 | INFO     | Saving at a/skeb/anontokyoitasha-5f30b1.json
2026-07-01 14:10:03 | INFO     | OK https://skeb.jp/api/users/erinolll
2026-07-01 14:10:03 | INFO     | Saving at a/skeb/erinolll-b792e6.json
2026-07-01 14:10:03 | INFO     | OK https://skeb.jp/api/users/NiRo26_
2026-07-01 14:10:03 | INFO     | Saving at a/skeb/NiRo26_-1c142e.json
2026-07-01 14:10:04 | INFO     | OK https://skeb.jp/api/users/kanikou_7
2026-07-01 14:10:04 | INFO     | Saving at a/skeb/kanikou_7-3081b7.json
2026-07-01 14:10:05 | INFO     | OK https://skeb.jp/api/users/sumineko2525
2026-07-01 14:10:05 | INFO     | Saving at a/skeb/sumineko2525-e8ff9a.json
2026-07-01 14:10:06 | INFO     | OK https://skeb.jp/api/users/NA1308X
2026-07-01 14:10:06 | INFO     | Saving at a/skeb/NA1308X-a33bf0.json
2026-07-01 14:10:06 | INFO     | OK https://skeb.jp/api/users/kiku_rkrn6
2026-07-01 14:10:06 | INFO     | Saving at a/skeb/kiku_rkrn6-d28795.json
2026-07-01 14:10:07 | WARNING  | 404 on https://skeb.jp/api/users/kakekaker001 (attempt 3/3)
2026-07-01 14:10:07 | INFO     | Saving at a/skeb/kakekaker001-79f39f.json
2026-07-01 14:10:08 | INFO     | OK https://skeb.jp/api/users/atelier_pandala
2026-07-01 14:10:08 | INFO     | Saving at a/skeb/atelier_pandala-37d7f1.json
2026-07-01 14:10:09 | INFO     | OK https://skeb.jp/api/users/BossaNogi
2026-07-01 14:10:09 | INFO     | Saving at a/skeb/BossaNogi-ad4f72.json
2026-07-01 14:10:10 | INFO     | OK https://skeb.jp/api/users/tukare_zukare
2026-07-01 14:10:10 | INFO     | Saving at a/skeb/tukare_zukare-5b1a4b.json
2026-07-01 14:10:10 | INFO     | OK https://skeb.jp/api/users/sinoyama_gonsu
2026-07-01 14:10:10 | INFO     | Saving at a/skeb/sinoyama_gonsu-bd829f.json
2026-07-01 14:10:11 | INFO     | OK https://skeb.jp/api/users/mizusimammm
2026-07-01 14:10:11 | INFO     | Saving at a/skeb/mizusimammm-c6c780.json
2026-07-01 14:10:12 | INFO     | OK https://skeb.jp/api/users/misasagikaname
2026-07-01 14:10:12 | INFO     | Saving at a/skeb/misasagikaname-2064da.json
2026-07-01 14:10:13 | WARNING  | 404 on https://skeb.jp/api/users/t_senta (attempt 1/3)
2026-07-01 14:10:14 | INFO     | OK https://skeb.jp/api/users/Ringochan_TxT
2026-07-01 14:10:14 | INFO     | Saving at a/skeb/Ringochan_TxT-0c4f1f.json
2026-07-01 14:10:14 | INFO     | OK https://skeb.jp/api/users/syouma1912
2026-07-01 14:10:14 | INFO     | Saving at a/skeb/syouma1912-ae96bc.json
2026-07-01 14:10:15 | INFO     | OK https://skeb.jp/api/users/katakoto_tttt
2026-07-01 14:10:15 | INFO     | Saving at a/skeb/katakoto_tttt-becad3.json
2026-07-01 14:10:16 | INFO     | OK https://skeb.jp/api/users/hiero0301
2026-07-01 14:10:16 | INFO     | Saving at a/skeb/hiero0301-04dfe5.json
2026-07-01 14:10:17 | INFO     | OK https://skeb.jp/api/users/ohwc2
2026-07-01 14:10:17 | INFO     | Saving at a/skeb/ohwc2-7775db.json
2026-07-01 14:10:18 | INFO     | OK https://skeb.jp/api/users/kmkm_org
2026-07-01 14:10:18 | INFO     | Saving at a/skeb/kmkm_org-4b7e92.json
2026-07-01 14:10:19 | WARNING  | 404 on https://skeb.jp/api/users/t_senta (attempt 2/3)
2026-07-01 14:10:19 | INFO     | OK https://skeb.jp/api/users/acinuy
2026-07-01 14:10:19 | INFO     | Saving at a/skeb/acinuy-f80894.json
2026-07-01 14:10:20 | INFO     | OK https://skeb.jp/api/users/orangemuffin9
2026-07-01 14:10:20 | INFO     | Saving at a/skeb/orangemuffin9-27730c.json
2026-07-01 14:10:21 | INFO     | OK https://skeb.jp/api/users/yuzyuz_x
2026-07-01 14:10:21 | INFO     | Saving at a/skeb/yuzyuz_x-b36bb4.json
2026-07-01 14:10:21 | WARNING  | 404 on https://skeb.jp/api/users/D41_0629 (attempt 1/3)
2026-07-01 14:10:22 | INFO     | OK https://skeb.jp/api/users/prn0112
2026-07-01 14:10:22 | INFO     | Saving at a/skeb/prn0112-e09996.json
2026-07-01 14:10:23 | INFO     | OK https://skeb.jp/api/users/C_Voltage
2026-07-01 14:10:23 | INFO     | Saving at a/skeb/C_Voltage-b67eb4.json
2026-07-01 14:10:24 | WARNING  | 404 on https://skeb.jp/api/users/t_senta (attempt 3/3)
2026-07-01 14:10:24 | INFO     | Saving at a/skeb/t_senta-a74425.json
2026-07-01 14:10:25 | INFO     | OK https://skeb.jp/api/users/Hk_kbD
2026-07-01 14:10:25 | INFO     | Saving at a/skeb/Hk_kbD-876c75.json
2026-07-01 14:10:26 | INFO     | OK https://skeb.jp/api/users/suneke_p
2026-07-01 14:10:26 | INFO     | Saving at a/skeb/suneke_p-aab4f5.json
2026-07-01 14:10:26 | WARNING  | 404 on https://skeb.jp/api/users/D41_0629 (attempt 2/3)
2026-07-01 14:10:27 | INFO     | OK https://skeb.jp/api/users/TKG6121
2026-07-01 14:10:27 | INFO     | Saving at a/skeb/TKG6121-44494e.json
2026-07-01 14:10:28 | INFO     | OK https://skeb.jp/api/users/raika_kuma
2026-07-01 14:10:28 | INFO     | Saving at a/skeb/raika_kuma-7bdbb2.json
2026-07-01 14:10:29 | INFO     | OK https://skeb.jp/api/users/love_bl_12
2026-07-01 14:10:29 | INFO     | Saving at a/skeb/love_bl_12-6c74e0.json
2026-07-01 14:10:30 | INFO     | OK https://skeb.jp/api/users/tsutsuya15
2026-07-01 14:10:30 | INFO     | Saving at a/skeb/tsutsuya15-eeabe0.json
2026-07-01 14:10:30 | INFO     | OK https://skeb.jp/api/users/yatuoyatu
2026-07-01 14:10:30 | INFO     | Saving at a/skeb/yatuoyatu-de93b6.json
2026-07-01 14:10:31 | INFO     | OK https://skeb.jp/api/users/yomoyama_kaepol
2026-07-01 14:10:31 | INFO     | Saving at a/skeb/yomoyama_kaepol-c0ea4a.json
2026-07-01 14:10:32 | INFO     | OK https://skeb.jp/api/users/Yukina_dream
2026-07-01 14:10:32 | INFO     | Saving at a/skeb/Yukina_dream-f6b323.json
2026-07-01 14:10:33 | INFO     | OK https://skeb.jp/api/users/kakiikada
2026-07-01 14:10:33 | INFO     | Saving at a/skeb/kakiikada-5e348a.json
2026-07-01 14:10:34 | INFO     | OK https://skeb.jp/api/users/kawai_kotonoha
2026-07-01 14:10:34 | INFO     | Saving at a/skeb/kawai_kotonoha-f4b56a.json
2026-07-01 14:10:34 | INFO     | OK https://skeb.jp/api/users/hin0ene
2026-07-01 14:10:34 | INFO     | Saving at a/skeb/hin0ene-8b023b.json
2026-07-01 14:10:35 | INFO     | OK https://skeb.jp/api/users/HanaMagai
2026-07-01 14:10:35 | INFO     | Saving at a/skeb/HanaMagai-234953.json
2026-07-01 14:10:36 | INFO     | OK https://skeb.jp/api/users/m4JamF
2026-07-01 14:10:36 | INFO     | Saving at a/skeb/m4JamF-982810.json
2026-07-01 14:10:37 | INFO     | OK https://skeb.jp/api/users/teso_026
2026-07-01 14:10:37 | INFO     | Saving at a/skeb/teso_026-5da6d6.json
2026-07-01 14:10:38 | INFO     | OK https://skeb.jp/api/users/nokemuy_paigama
2026-07-01 14:10:38 | INFO     | Saving at a/skeb/nokemuy_paigama-172995.json
2026-07-01 14:10:38 | INFO     | OK https://skeb.jp/api/users/yamaneko
2026-07-01 14:10:38 | INFO     | Saving at a/skeb/yamaneko-cd723d.json
2026-07-01 14:10:39 | INFO     | OK https://skeb.jp/api/users/saonaiyo
2026-07-01 14:10:39 | INFO     | Saving at a/skeb/saonaiyo-797a43.json
2026-07-01 14:10:40 | INFO     | OK https://skeb.jp/api/users/kedana_meguru
2026-07-01 14:10:40 | INFO     | Saving at a/skeb/kedana_meguru-657bff.json
2026-07-01 14:10:41 | INFO     | OK https://skeb.jp/api/users/haikadesu
2026-07-01 14:10:41 | INFO     | Saving at a/skeb/haikadesu-6df22b.json
2026-07-01 14:10:42 | WARNING  | 404 on https://skeb.jp/api/users/D41_0629 (attempt 3/3)
2026-07-01 14:10:42 | INFO     | Saving at a/skeb/D41_0629-1e01fc.json
2026-07-01 14:10:42 | INFO     | OK https://skeb.jp/api/users/omochidry
2026-07-01 14:10:42 | INFO     | Saving at a/skeb/omochidry-ada3f7.json
2026-07-01 14:10:43 | INFO     | OK https://skeb.jp/api/users/kohadaaaaa
2026-07-01 14:10:43 | INFO     | Saving at a/skeb/kohadaaaaa-f93c64.json
2026-07-01 14:10:44 | INFO     | OK https://skeb.jp/api/users/Liza_16sugoi
2026-07-01 14:10:44 | INFO     | Saving at a/skeb/Liza_16sugoi-cf53a9.json
2026-07-01 14:10:45 | INFO     | OK https://skeb.jp/api/users/Maybe515
2026-07-01 14:10:45 | INFO     | Saving at a/skeb/Maybe515-b39fe6.json
2026-07-01 14:10:46 | INFO     | OK https://skeb.jp/api/users/kurozu_915
2026-07-01 14:10:46 | INFO     | Saving at a/skeb/kurozu_915-cf6c69.json
2026-07-01 14:10:46 | INFO     | OK https://skeb.jp/api/users/mizuumi_61
2026-07-01 14:10:46 | INFO     | Saving at a/skeb/mizuumi_61-d81034.json
2026-07-01 14:10:47 | INFO     | OK https://skeb.jp/api/users/hnmr_ho
2026-07-01 14:10:47 | INFO     | Saving at a/skeb/hnmr_ho-af03c5.json
2026-07-01 14:10:48 | INFO     | OK https://skeb.jp/api/users/_ne2sun
2026-07-01 14:10:48 | INFO     | Saving at a/skeb/_ne2sun-10e209.json
2026-07-01 14:10:49 | INFO     | OK https://skeb.jp/api/users/Siocumano
2026-07-01 14:10:49 | INFO     | Saving at a/skeb/Siocumano-927b60.json
2026-07-01 14:10:50 | INFO     | OK https://skeb.jp/api/users/chocomint_1031
2026-07-01 14:10:50 | INFO     | Saving at a/skeb/chocomint_1031-828bb0.json
2026-07-01 14:10:50 | INFO     | OK https://skeb.jp/api/users/K_o_n_on
2026-07-01 14:10:50 | INFO     | Saving at a/skeb/K_o_n_on-9e76eb.json
2026-07-01 14:10:51 | INFO     | OK https://skeb.jp/api/users/moririforever
2026-07-01 14:10:51 | INFO     | Saving at a/skeb/moririforever-5773c9.json
2026-07-01 14:10:52 | INFO     | OK https://skeb.jp/api/users/non_homologous
2026-07-01 14:10:52 | INFO     | Saving at a/skeb/non_homologous-aa9ecf.json
2026-07-01 14:10:53 | INFO     | OK https://skeb.jp/api/users/hhh_halta
2026-07-01 14:10:53 | INFO     | Saving at a/skeb/hhh_halta-54a3c6.json
2026-07-01 14:10:54 | INFO     | OK https://skeb.jp/api/users/MABOROSHlSUMMER
2026-07-01 14:10:54 | INFO     | Saving at a/skeb/MABOROSHlSUMMER-fcbda1.json
2026-07-01 14:10:55 | INFO     | OK https://skeb.jp/api/users/Skebucx
2026-07-01 14:10:55 | INFO     | Saving at a/skeb/Skebucx-14a246.json
2026-07-01 14:10:55 | INFO     | OK https://skeb.jp/api/users/k8edxcOr5V83912
2026-07-01 14:10:55 | INFO     | Saving at a/skeb/k8edxcOr5V83912-86f590.json
2026-07-01 14:10:56 | INFO     | OK https://skeb.jp/api/users/yaOWEzG6V1JKwaE
2026-07-01 14:10:56 | INFO     | Saving at a/skeb/yaOWEzG6V1JKwaE-dfa1c8.json
2026-07-01 14:10:57 | INFO     | OK https://skeb.jp/api/users/Konoumi735
2026-07-01 14:10:57 | INFO     | Saving at a/skeb/Konoumi735-9152f1.json
2026-07-01 14:10:58 | INFO     | OK https://skeb.jp/api/users/turunyan
2026-07-01 14:10:58 | INFO     | Saving at a/skeb/turunyan-7bd546.json
2026-07-01 14:10:58 | INFO     | OK https://skeb.jp/api/users/yoshida_ruru
2026-07-01 14:10:58 | INFO     | Saving at a/skeb/yoshida_ruru-696f3a.json
2026-07-01 14:10:59 | INFO     | OK https://skeb.jp/api/users/ichina_trpg
2026-07-01 14:10:59 | INFO     | Saving at a/skeb/ichina_trpg-07e1b2.json
2026-07-01 14:11:00 | INFO     | OK https://skeb.jp/api/users/seitei04
2026-07-01 14:11:00 | INFO     | Saving at a/skeb/seitei04-860d1d.json
2026-07-01 14:11:01 | INFO     | OK https://skeb.jp/api/users/eata_lemon
2026-07-01 14:11:01 | INFO     | Saving at a/skeb/eata_lemon-9c0ec0.json
2026-07-01 14:11:02 | INFO     | OK https://skeb.jp/api/users/lui_n24
2026-07-01 14:11:02 | INFO     | Saving at a/skeb/lui_n24-50ddb9.json
2026-07-01 14:11:03 | INFO     | OK https://skeb.jp/api/users/tsugutsugumimi
2026-07-01 14:11:03 | INFO     | Saving at a/skeb/tsugutsugumimi-628f19.json
2026-07-01 14:11:03 | INFO     | OK https://skeb.jp/api/users/season_Siki
2026-07-01 14:11:03 | INFO     | Saving at a/skeb/season_Siki-e00a75.json
2026-07-01 14:11:04 | INFO     | OK https://skeb.jp/api/users/Amida_mu
2026-07-01 14:11:04 | INFO     | Saving at a/skeb/Amida_mu-8d2fa2.json
2026-07-01 14:11:05 | INFO     | OK https://skeb.jp/api/users/sleepsheep_TL
2026-07-01 14:11:05 | INFO     | Saving at a/skeb/sleepsheep_TL-a58bfb.json
2026-07-01 14:11:05 | INFO     | OK https://skeb.jp/api/users/asakayoruno
2026-07-01 14:11:05 | INFO     | Saving at a/skeb/asakayoruno-005767.json
2026-07-01 14:11:06 | INFO     | OK https://skeb.jp/api/users/samenoyoru
2026-07-01 14:11:06 | INFO     | Saving at a/skeb/samenoyoru-1a6b5d.json
2026-07-01 14:11:07 | INFO     | OK https://skeb.jp/api/users/Osake_Gabux2
2026-07-01 14:11:07 | INFO     | Saving at a/skeb/Osake_Gabux2-0574d4.json
2026-07-01 14:11:08 | INFO     | OK https://skeb.jp/api/users/mokume_mome
2026-07-01 14:11:08 | INFO     | Saving at a/skeb/mokume_mome-f760aa.json
2026-07-01 14:11:09 | WARNING  | 404 on https://skeb.jp/api/users/AoiLulu_goat (attempt 1/3)
2026-07-01 14:11:10 | INFO     | OK https://skeb.jp/api/users/myamyamyako_
2026-07-01 14:11:10 | INFO     | Saving at a/skeb/myamyamyako_-7eca56.json
2026-07-01 14:11:10 | INFO     | OK https://skeb.jp/api/users/arisu_risu_5393
2026-07-01 14:11:10 | INFO     | Saving at a/skeb/arisu_risu_5393-59a43d.json
2026-07-01 14:11:11 | INFO     | OK https://skeb.jp/api/users/ORk36846
2026-07-01 14:11:11 | INFO     | Saving at a/skeb/ORk36846-845a2d.json
2026-07-01 14:11:12 | INFO     | OK https://skeb.jp/api/users/iroha__822
2026-07-01 14:11:12 | INFO     | Saving at a/skeb/iroha__822-50e6bf.json
2026-07-01 14:11:13 | INFO     | OK https://skeb.jp/api/users/poly_gothic
2026-07-01 14:11:13 | INFO     | Saving at a/skeb/poly_gothic-a3ed19.json
2026-07-01 14:11:14 | INFO     | OK https://skeb.jp/api/users/sanpo_1027
2026-07-01 14:11:14 | INFO     | Saving at a/skeb/sanpo_1027-089389.json
2026-07-01 14:11:14 | INFO     | OK https://skeb.jp/api/users/BON_bbb517
2026-07-01 14:11:14 | INFO     | Saving at a/skeb/BON_bbb517-cc26e7.json
2026-07-01 14:11:15 | WARNING  | 404 on https://skeb.jp/api/users/AoiLulu_goat (attempt 2/3)
2026-07-01 14:11:16 | INFO     | OK https://skeb.jp/api/users/Wajimayo1
2026-07-01 14:11:16 | INFO     | Saving at a/skeb/Wajimayo1-0edb25.json
2026-07-01 14:11:17 | INFO     | OK https://skeb.jp/api/users/Mashi6Taka
2026-07-01 14:11:17 | INFO     | Saving at a/skeb/Mashi6Taka-a4f63e.json
2026-07-01 14:11:18 | INFO     | OK https://skeb.jp/api/users/haruorigin
2026-07-01 14:11:18 | INFO     | Saving at a/skeb/haruorigin-453852.json
2026-07-01 14:11:19 | INFO     | OK https://skeb.jp/api/users/kunabishi
2026-07-01 14:11:19 | INFO     | Saving at a/skeb/kunabishi-c42947.json
2026-07-01 14:11:19 | INFO     | OK https://skeb.jp/api/users/Shico_taku
2026-07-01 14:11:19 | INFO     | Saving at a/skeb/Shico_taku-180549.json
2026-07-01 14:11:20 | INFO     | OK https://skeb.jp/api/users/K4NP4N410
2026-07-01 14:11:20 | INFO     | Saving at a/skeb/K4NP4N410-87d62e.json
2026-07-01 14:11:21 | INFO     | OK https://skeb.jp/api/users/kamukamuneko_ov
2026-07-01 14:11:21 | INFO     | Saving at a/skeb/kamukamuneko_ov-2d29ec.json
2026-07-01 14:11:22 | INFO     | OK https://skeb.jp/api/users/oekakiyari
2026-07-01 14:11:22 | INFO     | Saving at a/skeb/oekakiyari-c8d3a4.json
2026-07-01 14:11:22 | INFO     | OK https://skeb.jp/api/users/tai_yaki_annko
2026-07-01 14:11:22 | INFO     | Saving at a/skeb/tai_yaki_annko-51c4eb.json
2026-07-01 14:11:23 | INFO     | OK https://skeb.jp/api/users/Petamoru
2026-07-01 14:11:23 | INFO     | Saving at a/skeb/Petamoru-e0f903.json
2026-07-01 14:11:24 | INFO     | OK https://skeb.jp/api/users/PukuGreen
2026-07-01 14:11:24 | INFO     | Saving at a/skeb/PukuGreen-434870.json
2026-07-01 14:11:25 | INFO     | OK https://skeb.jp/api/users/O_Oawayuki
2026-07-01 14:11:25 | INFO     | Saving at a/skeb/O_Oawayuki-1a8b70.json
2026-07-01 14:11:26 | INFO     | OK https://skeb.jp/api/users/Sionin_SZ_X
2026-07-01 14:11:26 | INFO     | Saving at a/skeb/Sionin_SZ_X-99d164.json
2026-07-01 14:11:26 | INFO     | OK https://skeb.jp/api/users/Lioneto_13
2026-07-01 14:11:26 | INFO     | Saving at a/skeb/Lioneto_13-5c1505.json
2026-07-01 14:11:27 | INFO     | OK https://skeb.jp/api/users/sh1j1m
2026-07-01 14:11:27 | INFO     | Saving at a/skeb/sh1j1m-fc1020.json
2026-07-01 14:11:28 | INFO     | OK https://skeb.jp/api/users/Yumikchey
2026-07-01 14:11:28 | INFO     | Saving at a/skeb/Yumikchey-a71179.json
2026-07-01 14:11:29 | INFO     | OK https://skeb.jp/api/users/u_nya_72m
2026-07-01 14:11:29 | INFO     | Saving at a/skeb/u_nya_72m-76f6a2.json
2026-07-01 14:11:30 | INFO     | OK https://skeb.jp/api/users/mimizuku_suana
2026-07-01 14:11:30 | INFO     | Saving at a/skeb/mimizuku_suana-59b4d1.json
2026-07-01 14:11:31 | INFO     | OK https://skeb.jp/api/users/pipo__0
2026-07-01 14:11:31 | INFO     | Saving at a/skeb/pipo__0-b3471d.json
2026-07-01 14:11:32 | INFO     | OK https://skeb.jp/api/users/Zeiniku660
2026-07-01 14:11:32 | INFO     | Saving at a/skeb/Zeiniku660-a81c48.json
2026-07-01 14:11:32 | WARNING  | 404 on https://skeb.jp/api/users/AoiLulu_goat (attempt 3/3)
2026-07-01 14:11:32 | INFO     | Saving at a/skeb/AoiLulu_goat-4ffc45.json
2026-07-01 14:11:33 | INFO     | OK https://skeb.jp/api/users/sa_ssszcoc
2026-07-01 14:11:33 | INFO     | Saving at a/skeb/sa_ssszcoc-7d15ca.json
2026-07-01 14:11:34 | INFO     | OK https://skeb.jp/api/users/Ryu_o0o_
2026-07-01 14:11:34 | INFO     | Saving at a/skeb/Ryu_o0o_-cd9ad1.json
2026-07-01 14:11:34 | INFO     | OK https://skeb.jp/api/users/air__rain
2026-07-01 14:11:34 | INFO     | Saving at a/skeb/air__rain-da7b1c.json
2026-07-01 14:11:35 | INFO     | OK https://skeb.jp/api/users/madorama_vrc
2026-07-01 14:11:35 | INFO     | Saving at a/skeb/madorama_vrc-593c67.json
2026-07-01 14:11:36 | INFO     | OK https://skeb.jp/api/users/sTefYCmpFc79186
2026-07-01 14:11:36 | INFO     | Saving at a/skeb/sTefYCmpFc79186-d7c7cd.json
2026-07-01 14:11:37 | INFO     | OK https://skeb.jp/api/users/yomizidoriymp
2026-07-01 14:11:37 | INFO     | Saving at a/skeb/yomizidoriymp-214f35.json
2026-07-01 14:11:38 | INFO     | OK https://skeb.jp/api/users/TRPG_hyotaku
2026-07-01 14:11:38 | INFO     | Saving at a/skeb/TRPG_hyotaku-960c8d.json
2026-07-01 14:11:38 | INFO     | OK https://skeb.jp/api/users/mol_nikome
2026-07-01 14:11:38 | INFO     | Saving at a/skeb/mol_nikome-e29310.json
2026-07-01 14:11:39 | INFO     | OK https://skeb.jp/api/users/farico
2026-07-01 14:11:39 | INFO     | Saving at a/skeb/farico-db9685.json
2026-07-01 14:11:40 | INFO     | OK https://skeb.jp/api/users/iris__051
2026-07-01 14:11:40 | INFO     | Saving at a/skeb/iris__051-53260d.json
2026-07-01 14:11:41 | INFO     | OK https://skeb.jp/api/users/rurikoshi
2026-07-01 14:11:41 | INFO     | Saving at a/skeb/rurikoshi-442959.json
2026-07-01 14:11:41 | INFO     | OK https://skeb.jp/api/users/Yuri_sweets
2026-07-01 14:11:42 | INFO     | Saving at a/skeb/Yuri_sweets-96c0dc.json
2026-07-01 14:11:42 | INFO     | OK https://skeb.jp/api/users/kanikanidosanko
2026-07-01 14:11:42 | INFO     | Saving at a/skeb/kanikanidosanko-4569bf.json
2026-07-01 14:11:43 | INFO     | OK https://skeb.jp/api/users/TK10_pict
2026-07-01 14:11:43 | INFO     | Saving at a/skeb/TK10_pict-e78caf.json
2026-07-01 14:11:44 | INFO     | OK https://skeb.jp/api/users/onotoraayumu
2026-07-01 14:11:44 | INFO     | Saving at a/skeb/onotoraayumu-746f2e.json
2026-07-01 14:11:45 | INFO     | OK https://skeb.jp/api/users/gamelove0001
2026-07-01 14:11:45 | INFO     | Saving at a/skeb/gamelove0001-0083ea.json
2026-07-01 14:11:46 | INFO     | OK https://skeb.jp/api/users/Soukai_SC
2026-07-01 14:11:46 | INFO     | Saving at a/skeb/Soukai_SC-0515f2.json
2026-07-01 14:11:46 | INFO     | OK https://skeb.jp/api/users/saita_susk
2026-07-01 14:11:46 | INFO     | Saving at a/skeb/saita_susk-a04a2b.json
2026-07-01 14:11:47 | INFO     | OK https://skeb.jp/api/users/akitsu_121314
2026-07-01 14:11:47 | INFO     | Saving at a/skeb/akitsu_121314-7daa12.json
2026-07-01 14:11:48 | INFO     | OK https://skeb.jp/api/users/asika_0614
2026-07-01 14:11:48 | INFO     | Saving at a/skeb/asika_0614-5d711e.json
2026-07-01 14:11:49 | INFO     | OK https://skeb.jp/api/users/Tanpopopo__3
2026-07-01 14:11:49 | INFO     | Saving at a/skeb/Tanpopopo__3-d29e1e.json
2026-07-01 14:11:50 | INFO     | OK https://skeb.jp/api/users/tomosidairia
2026-07-01 14:11:50 | INFO     | Saving at a/skeb/tomosidairia-0d994a.json
2026-07-01 14:11:50 | INFO     | OK https://skeb.jp/api/users/5Lemon71
2026-07-01 14:11:50 | INFO     | Saving at a/skeb/5Lemon71-fc52ac.json
2026-07-01 14:11:51 | INFO     | OK https://skeb.jp/api/users/k2gari73
2026-07-01 14:11:51 | INFO     | Saving at a/skeb/k2gari73-d5ce7c.json
2026-07-01 14:11:52 | INFO     | OK https://skeb.jp/api/users/BAN_KAKI_SETU
2026-07-01 14:11:52 | INFO     | Saving at a/skeb/BAN_KAKI_SETU-45d3d4.json
2026-07-01 14:11:53 | INFO     | OK https://skeb.jp/api/users/mono96_iXX
2026-07-01 14:11:53 | INFO     | Saving at a/skeb/mono96_iXX-5186af.json
2026-07-01 14:11:54 | INFO     | OK https://skeb.jp/api/users/_r_m_c_3
2026-07-01 14:11:54 | INFO     | Saving at a/skeb/_r_m_c_3-29b20b.json
2026-07-01 14:11:54 | INFO     | OK https://skeb.jp/api/users/hijk113
2026-07-01 14:11:54 | INFO     | Saving at a/skeb/hijk113-decd82.json
2026-07-01 14:11:55 | INFO     | OK https://skeb.jp/api/users/vdyuknb
2026-07-01 14:11:55 | INFO     | Saving at a/skeb/vdyuknb-ebb2e8.json
2026-07-01 14:11:56 | INFO     | OK https://skeb.jp/api/users/_knbn_0728
2026-07-01 14:11:56 | INFO     | Saving at a/skeb/_knbn_0728-ab8cf4.json
2026-07-01 14:11:57 | INFO     | OK https://skeb.jp/api/users/papaya0813
2026-07-01 14:11:57 | INFO     | Saving at a/skeb/papaya0813-49655e.json
2026-07-01 14:11:58 | INFO     | OK https://skeb.jp/api/users/piori_to
2026-07-01 14:11:58 | INFO     | Saving at a/skeb/piori_to-a3095b.json
2026-07-01 14:11:58 | INFO     | OK https://skeb.jp/api/users/yakaku_32525
2026-07-01 14:11:58 | INFO     | Saving at a/skeb/yakaku_32525-6ff4d7.json
2026-07-01 14:11:59 | INFO     | OK https://skeb.jp/api/users/ssss_5u
2026-07-01 14:11:59 | INFO     | Saving at a/skeb/ssss_5u-58be30.json
2026-07-01 14:12:00 | INFO     | OK https://skeb.jp/api/users/cheshi_e
2026-07-01 14:12:00 | INFO     | Saving at a/skeb/cheshi_e-bd0bf6.json
2026-07-01 14:12:01 | INFO     | OK https://skeb.jp/api/users/sazanaminiboshi
2026-07-01 14:12:01 | INFO     | Saving at a/skeb/sazanaminiboshi-2b48d3.json
2026-07-01 14:12:02 | INFO     | OK https://skeb.jp/api/users/W98Is
2026-07-01 14:12:02 | INFO     | Saving at a/skeb/W98Is-69f01c.json
2026-07-01 14:12:02 | INFO     | OK https://skeb.jp/api/users/hadukiam
2026-07-01 14:12:02 | INFO     | Saving at a/skeb/hadukiam-29ad4e.json
2026-07-01 14:12:03 | INFO     | OK https://skeb.jp/api/users/ENY_vtuber
2026-07-01 14:12:03 | INFO     | Saving at a/skeb/ENY_vtuber-e48002.json
2026-07-01 14:12:04 | INFO     | OK https://skeb.jp/api/users/Ichisakiosusi9
2026-07-01 14:12:04 | INFO     | Saving at a/skeb/Ichisakiosusi9-803e9f.json
2026-07-01 14:12:05 | INFO     | OK https://skeb.jp/api/users/hao_kainushi
2026-07-01 14:12:05 | INFO     | Saving at a/skeb/hao_kainushi-d75653.json
2026-07-01 14:12:06 | INFO     | OK https://skeb.jp/api/users/Furries_Tetras
2026-07-01 14:12:06 | INFO     | Saving at a/skeb/Furries_Tetras-ef3731.json
2026-07-01 14:12:06 | INFO     | OK https://skeb.jp/api/users/sorairo_pan
2026-07-01 14:12:06 | INFO     | Saving at a/skeb/sorairo_pan-6f48a8.json
2026-07-01 14:12:07 | INFO     | OK https://skeb.jp/api/users/Kohachloro_09
2026-07-01 14:12:07 | INFO     | Saving at a/skeb/Kohachloro_09-a81881.json
2026-07-01 14:12:08 | INFO     | OK https://skeb.jp/api/users/yazunatsume
2026-07-01 14:12:08 | INFO     | Saving at a/skeb/yazunatsume-d021e9.json
2026-07-01 14:12:09 | INFO     | OK https://skeb.jp/api/users/irohazeTH
2026-07-01 14:12:09 | INFO     | Saving at a/skeb/irohazeTH-ca365f.json
2026-07-01 14:12:10 | INFO     | OK https://skeb.jp/api/users/kuro4482
2026-07-01 14:12:10 | INFO     | Saving at a/skeb/kuro4482-0b3698.json
2026-07-01 14:12:10 | INFO     | OK https://skeb.jp/api/users/0416_KusaN
2026-07-01 14:12:10 | INFO     | Saving at a/skeb/0416_KusaN-217296.json
2026-07-01 14:12:11 | INFO     | OK https://skeb.jp/api/users/1444tmt
2026-07-01 14:12:11 | INFO     | Saving at a/skeb/1444tmt-0af8ff.json
2026-07-01 14:12:12 | INFO     | OK https://skeb.jp/api/users/shinoda_meiko
2026-07-01 14:12:12 | INFO     | Saving at a/skeb/shinoda_meiko-6a5825.json
2026-07-01 14:12:13 | INFO     | OK https://skeb.jp/api/users/zayakuzazai
2026-07-01 14:12:13 | INFO     | Saving at a/skeb/zayakuzazai-6299f1.json
2026-07-01 14:12:13 | INFO     | OK https://skeb.jp/api/users/suduker
2026-07-01 14:12:13 | INFO     | Saving at a/skeb/suduker-a26902.json
2026-07-01 14:12:14 | INFO     | OK https://skeb.jp/api/users/Liju_t17
2026-07-01 14:12:14 | INFO     | Saving at a/skeb/Liju_t17-484968.json
2026-07-01 14:12:15 | INFO     | OK https://skeb.jp/api/users/yuriai
2026-07-01 14:12:15 | INFO     | Saving at a/skeb/yuriai-b822da.json
2026-07-01 14:12:16 | INFO     | OK https://skeb.jp/api/users/a_donaishiyo
2026-07-01 14:12:16 | INFO     | Saving at a/skeb/a_donaishiyo-d37a2f.json
2026-07-01 14:12:17 | INFO     | OK https://skeb.jp/api/users/oOmi_zzz
2026-07-01 14:12:17 | INFO     | Saving at a/skeb/oOmi_zzz-80ff88.json
2026-07-01 14:12:18 | INFO     | OK https://skeb.jp/api/users/kkt310toy
2026-07-01 14:12:18 | INFO     | Saving at a/skeb/kkt310toy-4bb888.json
2026-07-01 14:12:19 | INFO     | OK https://skeb.jp/api/users/sakura_tsubame
2026-07-01 14:12:19 | INFO     | Saving at a/skeb/sakura_tsubame-a3afff.json
2026-07-01 14:12:19 | INFO     | OK https://skeb.jp/api/users/_suzuori
2026-07-01 14:12:19 | INFO     | Saving at a/skeb/_suzuori-1be095.json
2026-07-01 14:12:20 | INFO     | OK https://skeb.jp/api/users/kannna77nana
2026-07-01 14:12:20 | INFO     | Saving at a/skeb/kannna77nana-e0743b.json
2026-07-01 14:12:21 | INFO     | OK https://skeb.jp/api/users/zerokcal9812
2026-07-01 14:12:21 | INFO     | Saving at a/skeb/zerokcal9812-6f0da4.json
2026-07-01 14:12:22 | INFO     | OK https://skeb.jp/api/users/maji_chesed
2026-07-01 14:12:22 | INFO     | Saving at a/skeb/maji_chesed-19919b.json
2026-07-01 14:12:22 | INFO     | OK https://skeb.jp/api/users/kazamimimi
2026-07-01 14:12:22 | INFO     | Saving at a/skeb/kazamimimi-85462f.json
2026-07-01 14:12:23 | INFO     | OK https://skeb.jp/api/users/aya_op10s
2026-07-01 14:12:23 | INFO     | Saving at a/skeb/aya_op10s-5b2028.json
2026-07-01 14:12:24 | INFO     | OK https://skeb.jp/api/users/siera_do54
2026-07-01 14:12:24 | INFO     | Saving at a/skeb/siera_do54-068547.json
2026-07-01 14:12:25 | INFO     | OK https://skeb.jp/api/users/aozraoz
2026-07-01 14:12:25 | INFO     | Saving at a/skeb/aozraoz-04a69d.json
2026-07-01 14:12:26 | INFO     | OK https://skeb.jp/api/users/fourA
2026-07-01 14:12:26 | INFO     | Saving at a/skeb/fourA-993774.json
2026-07-01 14:12:26 | INFO     | OK https://skeb.jp/api/users/yuillu_st
2026-07-01 14:12:26 | INFO     | Saving at a/skeb/yuillu_st-e861bc.json
2026-07-01 14:12:27 | INFO     | OK https://skeb.jp/api/users/hlg789
2026-07-01 14:12:27 | INFO     | Saving at a/skeb/hlg789-80c881.json
2026-07-01 14:12:28 | INFO     | OK https://skeb.jp/api/users/LaVii_exe
2026-07-01 14:12:28 | INFO     | Saving at a/skeb/LaVii_exe-1e42ab.json
2026-07-01 14:12:29 | INFO     | OK https://skeb.jp/api/users/renrennn111
2026-07-01 14:12:29 | INFO     | Saving at a/skeb/renrennn111-2a611f.json
2026-07-01 14:12:29 | INFO     | OK https://skeb.jp/api/users/min_min_min_chi
2026-07-01 14:12:29 | INFO     | Saving at a/skeb/min_min_min_chi-d1664e.json
2026-07-01 14:12:30 | WARNING  | 404 on https://skeb.jp/api/users/MAN_INOUT (attempt 1/3)
2026-07-01 14:12:31 | INFO     | OK https://skeb.jp/api/users/Melonso_da000
2026-07-01 14:12:31 | INFO     | Saving at a/skeb/Melonso_da000-e00ad5.json
2026-07-01 14:12:32 | INFO     | OK https://skeb.jp/api/users/edd_tom_
2026-07-01 14:12:32 | INFO     | Saving at a/skeb/edd_tom_-18d907.json
2026-07-01 14:12:33 | INFO     | OK https://skeb.jp/api/users/okakanagaimo
2026-07-01 14:12:33 | INFO     | Saving at a/skeb/okakanagaimo-41ab41.json
2026-07-01 14:12:33 | INFO     | OK https://skeb.jp/api/users/chanoe_art
2026-07-01 14:12:33 | INFO     | Saving at a/skeb/chanoe_art-f960d7.json
2026-07-01 14:12:34 | INFO     | OK https://skeb.jp/api/users/xxx__zz_o
2026-07-01 14:12:34 | INFO     | Saving at a/skeb/xxx__zz_o-0eb715.json
2026-07-01 14:12:35 | INFO     | OK https://skeb.jp/api/users/noi7289
2026-07-01 14:12:35 | INFO     | Saving at a/skeb/noi7289-e1cfa4.json
2026-07-01 14:12:36 | WARNING  | 404 on https://skeb.jp/api/users/MAN_INOUT (attempt 2/3)
2026-07-01 14:12:37 | INFO     | OK https://skeb.jp/api/users/odds0310
2026-07-01 14:12:37 | INFO     | Saving at a/skeb/odds0310-ccc2c0.json
2026-07-01 14:12:38 | INFO     | OK https://skeb.jp/api/users/1017yanagi
2026-07-01 14:12:38 | INFO     | Saving at a/skeb/1017yanagi-8d03ee.json
2026-07-01 14:12:38 | INFO     | OK https://skeb.jp/api/users/kanzaki_ss
2026-07-01 14:12:38 | INFO     | Saving at a/skeb/kanzaki_ss-6b5b4c.json
2026-07-01 14:12:39 | INFO     | OK https://skeb.jp/api/users/kisanndesunele
2026-07-01 14:12:39 | INFO     | Saving at a/skeb/kisanndesunele-ba6bf4.json
2026-07-01 14:12:40 | INFO     | OK https://skeb.jp/api/users/nao_yanase
2026-07-01 14:12:40 | INFO     | Saving at a/skeb/nao_yanase-af9916.json
2026-07-01 14:12:41 | WARNING  | 429 on https://skeb.jp/api/users/hakuchon821 (attempt 1/3, rate=0.6/s)
2026-07-01 14:12:41 | INFO     | Backing off 2.1s before retry.
2026-07-01 14:12:47 | WARNING  | 429 on https://skeb.jp/api/users/M2_murasaki (attempt 1/3, rate=0.3/s)
2026-07-01 14:12:47 | INFO     | Backing off 1.8s before retry.
2026-07-01 14:12:57 | WARNING  | 429 on https://skeb.jp/api/users/miz_vhb (attempt 1/3, rate=0.3/s)
2026-07-01 14:12:57 | INFO     | Backing off 1.9s before retry.
2026-07-01 14:13:07 | WARNING  | 429 on https://skeb.jp/api/users/hakuchon821 (attempt 2/3, rate=0.3/s)
2026-07-01 14:13:07 | INFO     | Backing off 3.6s before retry.
2026-07-01 14:13:17 | WARNING  | 429 on https://skeb.jp/api/users/MAN_INOUT (attempt 3/3, rate=0.3/s)
2026-07-01 14:13:27 | WARNING  | 429 on https://skeb.jp/api/users/miz_vhb (attempt 2/3, rate=0.3/s)
2026-07-01 14:13:27 | INFO     | Backing off 4.2s before retry.
2026-07-01 14:13:37 | WARNING  | 429 on https://skeb.jp/api/users/hakuchon821 (attempt 3/3, rate=0.3/s)
2026-07-01 14:13:47 | WARNING  | 429 on https://skeb.jp/api/users/donU04 (attempt 1/3, rate=0.3/s)
2026-07-01 14:13:47 | INFO     | Backing off 1.8s before retry.
2026-07-01 14:13:57 | WARNING  | 429 on https://skeb.jp/api/users/miz_vhb (attempt 3/3, rate=0.3/s)
2026-07-01 14:14:07 | WARNING  | 429 on https://skeb.jp/api/users/Ho_shiAn_go (attempt 1/3, rate=0.3/s)
2026-07-01 14:14:07 | INFO     | Backing off 1.9s before retry.
2026-07-01 14:14:17 | WARNING  | 429 on https://skeb.jp/api/users/spcm_1 (attempt 1/3, rate=0.3/s)
2026-07-01 14:14:17 | INFO     | Backing off 1.8s before retry.
2026-07-01 14:14:27 | WARNING  | 429 on https://skeb.jp/api/users/19_sukinamono (attempt 1/3, rate=0.3/s)
2026-07-01 14:14:27 | INFO     | Backing off 1.8s before retry.
2026-07-01 14:14:37 | WARNING  | 429 on https://skeb.jp/api/users/M2_murasaki (attempt 2/3, rate=0.3/s)
2026-07-01 14:14:37 | INFO     | Backing off 3.4s before retry.
2026-07-01 14:14:47 | WARNING  | 429 on https://skeb.jp/api/users/azana230506 (attempt 1/3, rate=0.3/s)
2026-07-01 14:14:47 | INFO     | Backing off 2.4s before retry.
2026-07-01 14:14:57 | WARNING  | 429 on https://skeb.jp/api/users/EsSlug929 (attempt 1/3, rate=0.3/s)
2026-07-01 14:14:57 | INFO     | Backing off 2.0s before retry.
2026-07-01 14:15:07 | WARNING  | 429 on https://skeb.jp/api/users/mikuron_10 (attempt 1/3, rate=0.3/s)
2026-07-01 14:15:07 | INFO     | Backing off 1.7s before retry.
2026-07-01 14:15:17 | WARNING  | 429 on https://skeb.jp/api/users/Ho_shiAn_go (attempt 2/3, rate=0.3/s)
2026-07-01 14:15:17 | INFO     | Backing off 4.5s before retry.
2026-07-01 14:15:27 | WARNING  | 429 on https://skeb.jp/api/users/donU04 (attempt 2/3, rate=0.3/s)
2026-07-01 14:15:27 | INFO     | Backing off 3.2s before retry.
2026-07-01 14:15:37 | WARNING  | 429 on https://skeb.jp/api/users/potato_poteto0 (attempt 1/3, rate=0.3/s)
2026-07-01 14:15:37 | INFO     | Backing off 1.7s before retry.
2026-07-01 14:15:47 | WARNING  | 429 on https://skeb.jp/api/users/spcm_1 (attempt 2/3, rate=0.3/s)
2026-07-01 14:15:47 | INFO     | Backing off 3.3s before retry.
2026-07-01 14:15:57 | WARNING  | 429 on https://skeb.jp/api/users/EsSlug929 (attempt 2/3, rate=0.3/s)
2026-07-01 14:15:57 | INFO     | Backing off 4.0s before retry.
2026-07-01 14:16:07 | WARNING  | 429 on https://skeb.jp/api/users/o0uki__ (attempt 1/3, rate=0.3/s)
2026-07-01 14:16:07 | INFO     | Backing off 2.2s before retry.
2026-07-01 14:16:17 | WARNING  | 429 on https://skeb.jp/api/users/19_sukinamono (attempt 2/3, rate=0.3/s)
2026-07-01 14:16:17 | INFO     | Backing off 3.5s before retry.
2026-07-01 14:16:27 | WARNING  | 429 on https://skeb.jp/api/users/potato_poteto0 (attempt 2/3, rate=0.3/s)
2026-07-01 14:16:27 | INFO     | Backing off 3.3s before retry.
2026-07-01 14:16:37 | WARNING  | 429 on https://skeb.jp/api/users/spcm_1 (attempt 3/3, rate=0.3/s)
2026-07-01 14:16:47 | WARNING  | 429 on https://skeb.jp/api/users/19_sukinamono (attempt 3/3, rate=0.3/s)
2026-07-01 14:16:47 | INFO     | Ending pipeline prematurely
2026-07-01 14:16:47 | INFO     |  --- SUMMARY REPORT --- 
  Sources Retreived    : 130605
  Profiles Fetched     : 382
  Profile Missing      : 5
  Profile Rate Limited : 4
  Profile Error Others : 0

2026-07-01 14:16:47 | INFO     | Started creating static api data.
2026-07-01 14:17:59 | INFO     | Album index written to a/albums/index.json (326 albums)
