2026-08-03 09:45:35 | INFO     | Initialized Data Store.
2026-08-03 09:45:35 | INFO     | Homepage GET status=429 (attempt 1/3)
2026-08-03 09:45:35 | INFO     | Cookie extracted [request_key=...].
2026-08-03 09:45:35 | INFO     | SkebClient ready (impersonate=chrome120, rate=1.0/s, concurrency=10, max_runtime=10800s)
2026-08-03 09:47:12 | INFO     | Ready to scrape 66 items
2026-08-03 09:47:12 | INFO     | OK https://skeb.jp/api/users/momoirohakai
2026-08-03 09:47:12 | INFO     | Saving at a/skeb/momoirohakai-6a60dd.json
2026-08-03 09:47:13 | WARNING  | 404 on https://skeb.jp/api/users/yamin_himamo23 (attempt 1/3)
2026-08-03 09:47:14 | WARNING  | 404 on https://skeb.jp/api/users/vHoo__ (attempt 1/3)
2026-08-03 09:47:15 | WARNING  | 404 on https://skeb.jp/api/users/toxizaki (attempt 1/3)
2026-08-03 09:47:16 | WARNING  | 404 on https://skeb.jp/api/users/killy810 (attempt 1/3)
2026-08-03 09:47:17 | WARNING  | 404 on https://skeb.jp/api/users/yamin_himamo23 (attempt 2/3)
2026-08-03 09:47:18 | WARNING  | 404 on https://skeb.jp/api/users/Geshi_to_ (attempt 1/3)
2026-08-03 09:47:19 | WARNING  | 404 on https://skeb.jp/api/users/killy810 (attempt 2/3)
2026-08-03 09:47:20 | WARNING  | 404 on https://skeb.jp/api/users/polar_kuma62 (attempt 1/3)
2026-08-03 09:47:21 | WARNING  | 404 on https://skeb.jp/api/users/Genkyou (attempt 1/3)
2026-08-03 09:47:22 | WARNING  | 404 on https://skeb.jp/api/users/yamin_himamo23 (attempt 3/3)
2026-08-03 09:47:23 | WARNING  | 404 on https://skeb.jp/api/users/polar_kuma62 (attempt 2/3)
2026-08-03 09:47:24 | INFO     | OK https://skeb.jp/api/users/sasjgm
2026-08-03 09:47:24 | INFO     | Saving at a/skeb/sasjgm-0f5936.json
2026-08-03 09:47:25 | WARNING  | 404 on https://skeb.jp/api/users/killy810 (attempt 3/3)
2026-08-03 09:47:26 | WARNING  | 404 on https://skeb.jp/api/users/meguru_nero (attempt 1/3)
2026-08-03 09:47:27 | WARNING  | 404 on https://skeb.jp/api/users/Ryuzi_27 (attempt 1/3)
2026-08-03 09:47:28 | WARNING  | 404 on https://skeb.jp/api/users/polar_kuma62 (attempt 3/3)
2026-08-03 09:47:29 | WARNING  | 404 on https://skeb.jp/api/users/toxizaki (attempt 2/3)
2026-08-03 09:47:30 | WARNING  | 404 on https://skeb.jp/api/users/3hankikan0220 (attempt 1/3)
2026-08-03 09:47:31 | WARNING  | 404 on https://skeb.jp/api/users/Ryuzi_27 (attempt 2/3)
2026-08-03 09:47:32 | WARNING  | 404 on https://skeb.jp/api/users/meguru_nero (attempt 2/3)
2026-08-03 09:47:33 | WARNING  | 404 on https://skeb.jp/api/users/Genkyou (attempt 2/3)
2026-08-03 09:47:34 | WARNING  | 404 on https://skeb.jp/api/users/3hankikan0220 (attempt 2/3)
2026-08-03 09:47:35 | WARNING  | 404 on https://skeb.jp/api/users/toxizaki (attempt 3/3)
2026-08-03 09:47:36 | WARNING  | 404 on https://skeb.jp/api/users/Uo_oU_us (attempt 1/3)
2026-08-03 09:47:37 | WARNING  | 404 on https://skeb.jp/api/users/Ryuzi_27 (attempt 3/3)
2026-08-03 09:47:38 | WARNING  | 404 on https://skeb.jp/api/users/T4k73gqSZ26h5si (attempt 1/3)
2026-08-03 09:47:39 | INFO     | OK https://skeb.jp/api/users/ueVLzUAFDtr1CXv
2026-08-03 09:47:39 | INFO     | Saving at a/skeb/ueVLzUAFDtr1CXv-826ced.json
2026-08-03 09:47:40 | WARNING  | 404 on https://skeb.jp/api/users/3hankikan0220 (attempt 3/3)
2026-08-03 09:47:41 | WARNING  | 404 on https://skeb.jp/api/users/Genkyou (attempt 3/3)
2026-08-03 09:47:42 | WARNING  | 404 on https://skeb.jp/api/users/Geshi_to_ (attempt 2/3)
2026-08-03 09:47:43 | WARNING  | 404 on https://skeb.jp/api/users/kagoyama_sns (attempt 1/3)
2026-08-03 09:47:44 | WARNING  | 404 on https://skeb.jp/api/users/Henzu_23 (attempt 1/3)
2026-08-03 09:47:45 | WARNING  | 404 on https://skeb.jp/api/users/meguru_nero (attempt 3/3)
2026-08-03 09:47:46 | WARNING  | 404 on https://skeb.jp/api/users/Uo_oU_us (attempt 2/3)
2026-08-03 09:47:47 | WARNING  | 404 on https://skeb.jp/api/users/Henzu_23 (attempt 2/3)
2026-08-03 09:47:48 | WARNING  | 404 on https://skeb.jp/api/users/Geshi_to_ (attempt 3/3)
2026-08-03 09:47:49 | WARNING  | 404 on https://skeb.jp/api/users/kagoyama_sns (attempt 2/3)
2026-08-03 09:47:50 | WARNING  | 404 on https://skeb.jp/api/users/soraumi2000_50_ (attempt 1/3)
2026-08-03 09:47:51 | WARNING  | 404 on https://skeb.jp/api/users/Uo_oU_us (attempt 3/3)
2026-08-03 09:47:52 | INFO     | OK https://skeb.jp/api/users/momo92248061
2026-08-03 09:47:52 | INFO     | Saving at a/skeb/momo92248061-4ad3d7.json
2026-08-03 09:47:53 | WARNING  | 404 on https://skeb.jp/api/users/mimei_Illust (attempt 1/3)
2026-08-03 09:47:54 | WARNING  | 404 on https://skeb.jp/api/users/soraumi2000_50_ (attempt 2/3)
2026-08-03 09:47:55 | WARNING  | 404 on https://skeb.jp/api/users/T4k73gqSZ26h5si (attempt 2/3)
2026-08-03 09:47:56 | WARNING  | 404 on https://skeb.jp/api/users/mimei_Illust (attempt 2/3)
2026-08-03 09:47:57 | WARNING  | 404 on https://skeb.jp/api/users/kiNero30901 (attempt 1/3)
2026-08-03 09:47:58 | WARNING  | 404 on https://skeb.jp/api/users/Axnya (attempt 1/3)
2026-08-03 09:47:59 | WARNING  | 404 on https://skeb.jp/api/users/Iam_Ciikawa (attempt 1/3)
2026-08-03 09:48:00 | WARNING  | 404 on https://skeb.jp/api/users/T4k73gqSZ26h5si (attempt 3/3)
2026-08-03 09:48:01 | WARNING  | 404 on https://skeb.jp/api/users/kiNero30901 (attempt 2/3)
2026-08-03 09:48:02 | WARNING  | 404 on https://skeb.jp/api/users/923kaku (attempt 1/3)
2026-08-03 09:48:03 | WARNING  | 404 on https://skeb.jp/api/users/Iam_Ciikawa (attempt 2/3)
2026-08-03 09:48:04 | WARNING  | 404 on https://skeb.jp/api/users/Henzu_23 (attempt 3/3)
2026-08-03 09:48:05 | WARNING  | 404 on https://skeb.jp/api/users/nattamati_ (attempt 1/3)
2026-08-03 09:48:06 | INFO     | OK https://skeb.jp/api/users/hizasi_18
2026-08-03 09:48:06 | INFO     | Saving at a/skeb/hizasi_18-3621ce.json
2026-08-03 09:48:07 | WARNING  | 404 on https://skeb.jp/api/users/kiNero30901 (attempt 3/3)
2026-08-03 09:48:08 | WARNING  | 404 on https://skeb.jp/api/users/kagoyama_sns (attempt 3/3)
2026-08-03 09:48:09 | WARNING  | 404 on https://skeb.jp/api/users/Iam_Ciikawa (attempt 3/3)
2026-08-03 09:48:10 | WARNING  | 404 on https://skeb.jp/api/users/Llu_ulg (attempt 1/3)
2026-08-03 09:48:11 | INFO     | OK https://skeb.jp/api/users/Mutam8
2026-08-03 09:48:11 | INFO     | Saving at a/skeb/Mutam8-dd55e7.json
2026-08-03 09:48:12 | WARNING  | 404 on https://skeb.jp/api/users/soraumi2000_50_ (attempt 3/3)
2026-08-03 09:48:13 | WARNING  | 404 on https://skeb.jp/api/users/aki_ra3_ (attempt 1/3)
2026-08-03 09:48:14 | INFO     | OK https://skeb.jp/api/users/nochatea
2026-08-03 09:48:14 | INFO     | Saving at a/skeb/nochatea-80434d.json
2026-08-03 09:48:15 | WARNING  | 404 on https://skeb.jp/api/users/_meruruto_ (attempt 1/3)
2026-08-03 09:48:16 | WARNING  | 404 on https://skeb.jp/api/users/mimei_Illust (attempt 3/3)
2026-08-03 09:48:17 | WARNING  | 404 on https://skeb.jp/api/users/aki_ra3_ (attempt 2/3)
2026-08-03 09:48:18 | WARNING  | 404 on https://skeb.jp/api/users/_meruruto_ (attempt 2/3)
2026-08-03 09:48:19 | WARNING  | 404 on https://skeb.jp/api/users/nattamati_ (attempt 2/3)
2026-08-03 09:48:20 | WARNING  | 404 on https://skeb.jp/api/users/vHoo__ (attempt 2/3)
2026-08-03 09:48:21 | WARNING  | 404 on https://skeb.jp/api/users/Axnya (attempt 2/3)
2026-08-03 09:48:22 | WARNING  | 404 on https://skeb.jp/api/users/Llu_ulg (attempt 2/3)
2026-08-03 09:48:23 | WARNING  | 404 on https://skeb.jp/api/users/29Kota2 (attempt 1/3)
2026-08-03 09:48:24 | WARNING  | 404 on https://skeb.jp/api/users/aki_ra3_ (attempt 3/3)
2026-08-03 09:48:25 | WARNING  | 404 on https://skeb.jp/api/users/nattamati_ (attempt 3/3)
2026-08-03 09:48:26 | WARNING  | 404 on https://skeb.jp/api/users/Axnya (attempt 3/3)
2026-08-03 09:48:27 | WARNING  | 404 on https://skeb.jp/api/users/Llu_ulg (attempt 3/3)
2026-08-03 09:48:28 | WARNING  | 404 on https://skeb.jp/api/users/29Kota2 (attempt 2/3)
2026-08-03 09:48:29 | INFO     | OK https://skeb.jp/api/users/Olivecaper
2026-08-03 09:48:29 | INFO     | Saving at a/skeb/Olivecaper-da21fb.json
2026-08-03 09:48:30 | WARNING  | 404 on https://skeb.jp/api/users/923kaku (attempt 2/3)
2026-08-03 09:48:31 | INFO     | OK https://skeb.jp/api/users/inulove100
2026-08-03 09:48:31 | INFO     | Saving at a/skeb/inulove100-82aaa3.json
2026-08-03 09:48:32 | WARNING  | 404 on https://skeb.jp/api/users/_meruruto_ (attempt 3/3)
2026-08-03 09:48:33 | WARNING  | 404 on https://skeb.jp/api/users/29Kota2 (attempt 3/3)
2026-08-03 09:48:34 | WARNING  | 404 on https://skeb.jp/api/users/kasha0927 (attempt 1/3)
2026-08-03 09:48:35 | INFO     | OK https://skeb.jp/api/users/grico_u
2026-08-03 09:48:35 | INFO     | Saving at a/skeb/grico_u-daebaa.json
2026-08-03 09:48:36 | WARNING  | 404 on https://skeb.jp/api/users/nyatta_san (attempt 1/3)
2026-08-03 09:48:37 | WARNING  | 404 on https://skeb.jp/api/users/ghcfujfc1 (attempt 1/3)
2026-08-03 09:48:38 | WARNING  | 404 on https://skeb.jp/api/users/923kaku (attempt 3/3)
2026-08-03 09:48:39 | WARNING  | 404 on https://skeb.jp/api/users/nyatta_san (attempt 2/3)
2026-08-03 09:48:40 | INFO     | OK https://skeb.jp/api/users/f_kiu
2026-08-03 09:48:40 | INFO     | Saving at a/skeb/f_kiu-e4e2dc.json
2026-08-03 09:48:41 | WARNING  | 404 on https://skeb.jp/api/users/mimamorichan (attempt 1/3)
2026-08-03 09:48:42 | INFO     | OK https://skeb.jp/api/users/otinpokosan
2026-08-03 09:48:42 | INFO     | Saving at a/skeb/otinpokosan-f2dd72.json
2026-08-03 09:48:43 | WARNING  | 404 on https://skeb.jp/api/users/fm7hxj (attempt 1/3)
2026-08-03 09:48:44 | INFO     | OK https://skeb.jp/api/users/GOKURIto4
2026-08-03 09:48:44 | INFO     | Saving at a/skeb/GOKURIto4-fb9d96.json
2026-08-03 09:48:45 | WARNING  | 404 on https://skeb.jp/api/users/vHoo__ (attempt 3/3)
2026-08-03 09:48:46 | WARNING  | 404 on https://skeb.jp/api/users/ronn_irai (attempt 1/3)
2026-08-03 09:48:47 | WARNING  | 404 on https://skeb.jp/api/users/fukafuka_no_inu (attempt 1/3)
2026-08-03 09:48:48 | WARNING  | 404 on https://skeb.jp/api/users/fm7hxj (attempt 2/3)
2026-08-03 09:48:49 | WARNING  | 404 on https://skeb.jp/api/users/mimamorichan (attempt 2/3)
2026-08-03 09:48:50 | WARNING  | 404 on https://skeb.jp/api/users/kasha0927 (attempt 2/3)
2026-08-03 09:48:51 | WARNING  | 404 on https://skeb.jp/api/users/m3x3_sk (attempt 1/3)
2026-08-03 09:48:53 | INFO     | OK https://skeb.jp/api/users/cacaorich_cat
2026-08-03 09:48:53 | INFO     | Saving at a/skeb/cacaorich_cat-324a14.json
2026-08-03 09:48:53 | WARNING  | 404 on https://skeb.jp/api/users/fm7hxj (attempt 3/3)
2026-08-03 09:48:54 | WARNING  | 404 on https://skeb.jp/api/users/ghcfujfc1 (attempt 2/3)
2026-08-03 09:48:55 | WARNING  | 404 on https://skeb.jp/api/users/fukafuka_no_inu (attempt 2/3)
2026-08-03 09:48:56 | WARNING  | 404 on https://skeb.jp/api/users/ronn_irai (attempt 2/3)
2026-08-03 09:48:57 | WARNING  | 404 on https://skeb.jp/api/users/m3x3_sk (attempt 2/3)
2026-08-03 09:48:58 | WARNING  | 404 on https://skeb.jp/api/users/EDO__nyan (attempt 1/3)
2026-08-03 09:48:59 | WARNING  | 404 on https://skeb.jp/api/users/ghcfujfc1 (attempt 3/3)
2026-08-03 09:49:00 | WARNING  | 404 on https://skeb.jp/api/users/fukafuka_no_inu (attempt 3/3)
2026-08-03 09:49:01 | INFO     | OK https://skeb.jp/api/users/yamini_hibiku
2026-08-03 09:49:01 | INFO     | Saving at a/skeb/yamini_hibiku-359503.json
2026-08-03 09:49:02 | WARNING  | 404 on https://skeb.jp/api/users/p_pfp5 (attempt 1/3)
2026-08-03 09:49:03 | INFO     | OK https://skeb.jp/api/users/mi_moza_irst
2026-08-03 09:49:03 | INFO     | Saving at a/skeb/mi_moza_irst-22d5f5.json
2026-08-03 09:49:04 | WARNING  | 404 on https://skeb.jp/api/users/EDO__nyan (attempt 2/3)
2026-08-03 09:49:05 | WARNING  | 404 on https://skeb.jp/api/users/p_pfp5 (attempt 2/3)
2026-08-03 09:49:06 | WARNING  | 404 on https://skeb.jp/api/users/m3x3_sk (attempt 3/3)
2026-08-03 09:49:07 | WARNING  | 404 on https://skeb.jp/api/users/sakayama_lazuli (attempt 1/3)
2026-08-03 09:49:08 | WARNING  | 404 on https://skeb.jp/api/users/NOm0y0i (attempt 1/3)
2026-08-03 09:49:09 | WARNING  | 404 on https://skeb.jp/api/users/EDO__nyan (attempt 3/3)
2026-08-03 09:49:10 | WARNING  | 404 on https://skeb.jp/api/users/p_pfp5 (attempt 3/3)
2026-08-03 09:49:11 | WARNING  | 404 on https://skeb.jp/api/users/sakayama_lazuli (attempt 2/3)
2026-08-03 09:49:12 | INFO     | OK https://skeb.jp/api/users/timonoshop
2026-08-03 09:49:12 | INFO     | Saving at a/skeb/timonoshop-d8111b.json
2026-08-03 09:49:13 | WARNING  | 404 on https://skeb.jp/api/users/kasha0927 (attempt 3/3)
2026-08-03 09:49:14 | INFO     | OK https://skeb.jp/api/users/giratamaai
2026-08-03 09:49:14 | INFO     | Saving at a/skeb/giratamaai-9397a5.json
2026-08-03 09:49:15 | WARNING  | 404 on https://skeb.jp/api/users/8oSSUHCnXXz4tBp (attempt 1/3)
2026-08-03 09:49:16 | WARNING  | 404 on https://skeb.jp/api/users/sakayama_lazuli (attempt 3/3)
2026-08-03 09:49:17 | WARNING  | 404 on https://skeb.jp/api/users/lkjeudnduy44 (attempt 1/3)
2026-08-03 09:49:18 | WARNING  | 404 on https://skeb.jp/api/users/NOm0y0i (attempt 2/3)
2026-08-03 09:49:19 | WARNING  | 404 on https://skeb.jp/api/users/oshino_Iriss (attempt 1/3)
2026-08-03 09:49:20 | WARNING  | 404 on https://skeb.jp/api/users/lkjeudnduy44 (attempt 2/3)
2026-08-03 09:49:21 | WARNING  | 404 on https://skeb.jp/api/users/77_t2w (attempt 1/3)
2026-08-03 09:49:22 | WARNING  | 404 on https://skeb.jp/api/users/oshino_Iriss (attempt 2/3)
2026-08-03 09:49:23 | WARNING  | 404 on https://skeb.jp/api/users/ronn_irai (attempt 3/3)
2026-08-03 09:49:24 | WARNING  | 404 on https://skeb.jp/api/users/77_t2w (attempt 2/3)
2026-08-03 09:49:25 | WARNING  | 404 on https://skeb.jp/api/users/mimamorichan (attempt 3/3)
2026-08-03 09:49:26 | WARNING  | 404 on https://skeb.jp/api/users/8oSSUHCnXXz4tBp (attempt 2/3)
2026-08-03 09:49:27 | WARNING  | 404 on https://skeb.jp/api/users/scy2222 (attempt 1/3)
2026-08-03 09:49:28 | WARNING  | 404 on https://skeb.jp/api/users/oshino_Iriss (attempt 3/3)
2026-08-03 09:49:29 | INFO     | OK https://skeb.jp/api/users/awaiO_O2
2026-08-03 09:49:30 | INFO     | Saving at a/skeb/awaiO_O2-e905b2.json
2026-08-03 09:49:30 | WARNING  | 404 on https://skeb.jp/api/users/scy2222 (attempt 2/3)
2026-08-03 09:49:31 | WARNING  | 404 on https://skeb.jp/api/users/kokorono_376 (attempt 1/3)
2026-08-03 09:49:32 | WARNING  | 404 on https://skeb.jp/api/users/se3ifinal (attempt 1/3)
2026-08-03 09:49:34 | WARNING  | 404 on https://skeb.jp/api/users/8oSSUHCnXXz4tBp (attempt 3/3)
2026-08-03 09:49:35 | INFO     | OK https://skeb.jp/api/users/misettei
2026-08-03 09:49:35 | INFO     | Saving at a/skeb/misettei-706076.json
2026-08-03 09:49:35 | WARNING  | 404 on https://skeb.jp/api/users/kokorono_376 (attempt 2/3)
2026-08-03 09:49:37 | WARNING  | 404 on https://skeb.jp/api/users/77_t2w (attempt 3/3)
2026-08-03 09:49:37 | WARNING  | 404 on https://skeb.jp/api/users/nyatta_san (attempt 3/3)
2026-08-03 09:49:38 | WARNING  | 404 on https://skeb.jp/api/users/se3ifinal (attempt 2/3)
2026-08-03 09:49:39 | WARNING  | 404 on https://skeb.jp/api/users/NOm0y0i (attempt 3/3)
2026-08-03 09:49:40 | WARNING  | 404 on https://skeb.jp/api/users/kokorono_376 (attempt 3/3)
2026-08-03 09:49:41 | WARNING  | 404 on https://skeb.jp/api/users/lkjeudnduy44 (attempt 3/3)
2026-08-03 09:49:42 | WARNING  | 404 on https://skeb.jp/api/users/kotonesansukida (attempt 1/3)
2026-08-03 09:49:43 | WARNING  | 404 on https://skeb.jp/api/users/se3ifinal (attempt 3/3)
2026-08-03 09:49:44 | WARNING  | 404 on https://skeb.jp/api/users/scy2222 (attempt 3/3)
2026-08-03 09:49:45 | WARNING  | 404 on https://skeb.jp/api/users/pgpcvDCE9G (attempt 1/3)
2026-08-03 09:49:46 | WARNING  | 404 on https://skeb.jp/api/users/kotonesansukida (attempt 2/3)
2026-08-03 09:49:48 | WARNING  | 404 on https://skeb.jp/api/users/pgpcvDCE9G (attempt 2/3)
2026-08-03 09:49:50 | WARNING  | 404 on https://skeb.jp/api/users/kotonesansukida (attempt 3/3)
2026-08-03 09:49:52 | WARNING  | 404 on https://skeb.jp/api/users/pgpcvDCE9G (attempt 3/3)
2026-08-03 09:49:52 | INFO     |  --- SUMMARY REPORT --- 
  Sources Retreived    : 66
  Profiles Fetched     : 20
  Profile Missing      : 46
  Profile Rate Limited : 0
  Profile Error Others : 0

2026-08-03 09:49:52 | INFO     | Started creating static api data.
2026-08-03 09:51:26 | INFO     | Album index written to a/albums/index.json (415 albums)
