2026-07-04 05:43:58 | INFO     | Initialized Data Store.
2026-07-04 05:43:58 | INFO     | Homepage GET status=429 (attempt 1/3)
2026-07-04 05:43:58 | INFO     | Cookie extracted [request_key=...].
2026-07-04 05:43:58 | INFO     | SkebClient ready (impersonate=chrome120, rate=1.0/s, concurrency=10, max_runtime=4800s)
2026-07-04 05:45:29 | INFO     | Ready to scrape 421 items
2026-07-04 05:45:29 | INFO     | OK https://skeb.jp/api/users/yukimi_nagito_
2026-07-04 05:45:29 | INFO     | Saving at a/skeb/yukimi_nagito_-6f3a66.json
2026-07-04 05:45:30 | INFO     | OK https://skeb.jp/api/users/kataha_rotaro
2026-07-04 05:45:30 | INFO     | Saving at a/skeb/kataha_rotaro-430be8.json
2026-07-04 05:45:31 | INFO     | OK https://skeb.jp/api/users/BrushFireDefeat
2026-07-04 05:45:31 | INFO     | Saving at a/skeb/BrushFireDefeat-8d0bf4.json
2026-07-04 05:45:32 | INFO     | OK https://skeb.jp/api/users/shichimiyabi
2026-07-04 05:45:32 | INFO     | Saving at a/skeb/shichimiyabi-5c6bd5.json
2026-07-04 05:45:33 | INFO     | OK https://skeb.jp/api/users/hamunu
2026-07-04 05:45:33 | INFO     | Saving at a/skeb/hamunu-41c468.json
2026-07-04 05:45:34 | INFO     | OK https://skeb.jp/api/users/Norimak93077565
2026-07-04 05:45:34 | INFO     | Saving at a/skeb/Norimak93077565-c899cf.json
2026-07-04 05:45:35 | INFO     | OK https://skeb.jp/api/users/_eyuma
2026-07-04 05:45:35 | INFO     | Saving at a/skeb/_eyuma-1c10ea.json
2026-07-04 05:45:36 | WARNING  | 404 on https://skeb.jp/api/users/lkjeudnduy44 (attempt 1/3)
2026-07-04 05:45:37 | INFO     | OK https://skeb.jp/api/users/karori_illust
2026-07-04 05:45:37 | INFO     | Saving at a/skeb/karori_illust-d3d3c4.json
2026-07-04 05:45:38 | INFO     | OK https://skeb.jp/api/users/dynamon_999
2026-07-04 05:45:38 | INFO     | Saving at a/skeb/dynamon_999-5125bf.json
2026-07-04 05:45:39 | INFO     | OK https://skeb.jp/api/users/ponkawap
2026-07-04 05:45:39 | INFO     | Saving at a/skeb/ponkawap-2ca143.json
2026-07-04 05:45:40 | INFO     | OK https://skeb.jp/api/users/piplupkouki
2026-07-04 05:45:40 | INFO     | Saving at a/skeb/piplupkouki-a0f3a9.json
2026-07-04 05:45:41 | INFO     | OK https://skeb.jp/api/users/mtfdzr
2026-07-04 05:45:41 | INFO     | Saving at a/skeb/mtfdzr-7a8bb9.json
2026-07-04 05:45:42 | INFO     | OK https://skeb.jp/api/users/15Shigeru1213
2026-07-04 05:45:42 | INFO     | Saving at a/skeb/15Shigeru1213-4ee51b.json
2026-07-04 05:45:43 | INFO     | OK https://skeb.jp/api/users/HaruchiWT
2026-07-04 05:45:43 | INFO     | Saving at a/skeb/HaruchiWT-f66bec.json
2026-07-04 05:45:44 | INFO     | OK https://skeb.jp/api/users/akaw_highbridge
2026-07-04 05:45:44 | INFO     | Saving at a/skeb/akaw_highbridge-7af63e.json
2026-07-04 05:45:45 | INFO     | OK https://skeb.jp/api/users/Taiyo360
2026-07-04 05:45:45 | INFO     | Saving at a/skeb/Taiyo360-d56980.json
2026-07-04 05:45:46 | INFO     | OK https://skeb.jp/api/users/MagurotoNinjin
2026-07-04 05:45:46 | INFO     | Saving at a/skeb/MagurotoNinjin-1072a2.json
2026-07-04 05:45:47 | INFO     | OK https://skeb.jp/api/users/nmaywo
2026-07-04 05:45:47 | INFO     | Saving at a/skeb/nmaywo-2b05b9.json
2026-07-04 05:45:48 | INFO     | OK https://skeb.jp/api/users/kaiwarekato
2026-07-04 05:45:48 | INFO     | Saving at a/skeb/kaiwarekato-f3235a.json
2026-07-04 05:45:49 | INFO     | OK https://skeb.jp/api/users/oTukiMi7793
2026-07-04 05:45:49 | INFO     | Saving at a/skeb/oTukiMi7793-434aa3.json
2026-07-04 05:45:50 | INFO     | OK https://skeb.jp/api/users/rereto_0427
2026-07-04 05:45:50 | INFO     | Saving at a/skeb/rereto_0427-fac9cf.json
2026-07-04 05:45:51 | WARNING  | 404 on https://skeb.jp/api/users/lkjeudnduy44 (attempt 2/3)
2026-07-04 05:45:52 | INFO     | OK https://skeb.jp/api/users/sxxxxs
2026-07-04 05:45:52 | INFO     | Saving at a/skeb/sxxxxs-8cc0ff.json
2026-07-04 05:45:53 | INFO     | OK https://skeb.jp/api/users/retrolove_1224
2026-07-04 05:45:53 | INFO     | Saving at a/skeb/retrolove_1224-34c185.json
2026-07-04 05:45:54 | INFO     | OK https://skeb.jp/api/users/kinosabani
2026-07-04 05:45:54 | INFO     | Saving at a/skeb/kinosabani-3dbd28.json
2026-07-04 05:45:55 | INFO     | OK https://skeb.jp/api/users/Nyk4_
2026-07-04 05:45:55 | INFO     | Saving at a/skeb/Nyk4_-c6267a.json
2026-07-04 05:45:56 | INFO     | OK https://skeb.jp/api/users/nue_113
2026-07-04 05:45:56 | INFO     | Saving at a/skeb/nue_113-f4e77a.json
2026-07-04 05:45:57 | INFO     | OK https://skeb.jp/api/users/yuyahiro164
2026-07-04 05:45:57 | INFO     | Saving at a/skeb/yuyahiro164-5bd3aa.json
2026-07-04 05:45:58 | WARNING  | 404 on https://skeb.jp/api/users/lkjeudnduy44 (attempt 3/3)
2026-07-04 05:45:59 | INFO     | OK https://skeb.jp/api/users/Safety_kaijo
2026-07-04 05:45:59 | INFO     | Saving at a/skeb/Safety_kaijo-91db4d.json
2026-07-04 05:46:00 | INFO     | OK https://skeb.jp/api/users/pomsoba
2026-07-04 05:46:00 | INFO     | Saving at a/skeb/pomsoba-8808d5.json
2026-07-04 05:46:01 | INFO     | OK https://skeb.jp/api/users/mutokuro61096
2026-07-04 05:46:01 | INFO     | Saving at a/skeb/mutokuro61096-d5b633.json
2026-07-04 05:46:02 | INFO     | OK https://skeb.jp/api/users/takerukamui
2026-07-04 05:46:02 | INFO     | Saving at a/skeb/takerukamui-270db2.json
2026-07-04 05:46:03 | INFO     | OK https://skeb.jp/api/users/_gr_mfkae_to_fs
2026-07-04 05:46:03 | INFO     | Saving at a/skeb/_gr_mfkae_to_fs-98f564.json
2026-07-04 05:46:04 | INFO     | OK https://skeb.jp/api/users/yagami_sui
2026-07-04 05:46:04 | INFO     | Saving at a/skeb/yagami_sui-fd39e8.json
2026-07-04 05:46:05 | INFO     | OK https://skeb.jp/api/users/278note
2026-07-04 05:46:05 | INFO     | Saving at a/skeb/278note-cdabe1.json
2026-07-04 05:46:06 | INFO     | OK https://skeb.jp/api/users/MS_sousaku1
2026-07-04 05:46:06 | INFO     | Saving at a/skeb/MS_sousaku1-973dfd.json
2026-07-04 05:46:07 | INFO     | OK https://skeb.jp/api/users/mnkcriku
2026-07-04 05:46:07 | INFO     | Saving at a/skeb/mnkcriku-e2c94a.json
2026-07-04 05:46:08 | INFO     | OK https://skeb.jp/api/users/illust_zuu
2026-07-04 05:46:08 | INFO     | Saving at a/skeb/illust_zuu-81bd07.json
2026-07-04 05:46:09 | INFO     | OK https://skeb.jp/api/users/AoiHikawa
2026-07-04 05:46:09 | INFO     | Saving at a/skeb/AoiHikawa-223d9f.json
2026-07-04 05:46:10 | WARNING  | 404 on https://skeb.jp/api/users/sakayama_lazuli (attempt 1/3)
2026-07-04 05:46:11 | INFO     | OK https://skeb.jp/api/users/rairai924222405
2026-07-04 05:46:11 | INFO     | Saving at a/skeb/rairai924222405-c98da1.json
2026-07-04 05:46:12 | INFO     | OK https://skeb.jp/api/users/makoto_no_kimur
2026-07-04 05:46:12 | INFO     | Saving at a/skeb/makoto_no_kimur-a13bb5.json
2026-07-04 05:46:13 | INFO     | OK https://skeb.jp/api/users/zinrui_adanasu
2026-07-04 05:46:13 | INFO     | Saving at a/skeb/zinrui_adanasu-dd0631.json
2026-07-04 05:46:14 | INFO     | OK https://skeb.jp/api/users/sakuradakey
2026-07-04 05:46:14 | INFO     | Saving at a/skeb/sakuradakey-13f36e.json
2026-07-04 05:46:15 | WARNING  | 404 on https://skeb.jp/api/users/mimei_Illust (attempt 1/3)
2026-07-04 05:46:16 | INFO     | OK https://skeb.jp/api/users/Banana_Takemura
2026-07-04 05:46:16 | INFO     | Saving at a/skeb/Banana_Takemura-881679.json
2026-07-04 05:46:17 | INFO     | OK https://skeb.jp/api/users/Ag_NNNN
2026-07-04 05:46:17 | INFO     | Saving at a/skeb/Ag_NNNN-aaa836.json
2026-07-04 05:46:18 | WARNING  | 404 on https://skeb.jp/api/users/mimei_Illust (attempt 2/3)
2026-07-04 05:46:19 | INFO     | OK https://skeb.jp/api/users/totemotsu_rai
2026-07-04 05:46:19 | INFO     | Saving at a/skeb/totemotsu_rai-8d8e43.json
2026-07-04 05:46:20 | WARNING  | 404 on https://skeb.jp/api/users/sakayama_lazuli (attempt 2/3)
2026-07-04 05:46:21 | WARNING  | 404 on https://skeb.jp/api/users/p_pfp5 (attempt 1/3)
2026-07-04 05:46:22 | INFO     | OK https://skeb.jp/api/users/eraser_illust
2026-07-04 05:46:22 | INFO     | Saving at a/skeb/eraser_illust-110496.json
2026-07-04 05:46:23 | INFO     | OK https://skeb.jp/api/users/tsukimiyayomi
2026-07-04 05:46:23 | INFO     | Saving at a/skeb/tsukimiyayomi-64f30b.json
2026-07-04 05:46:24 | INFO     | OK https://skeb.jp/api/users/kisetuinu
2026-07-04 05:46:24 | INFO     | Saving at a/skeb/kisetuinu-cda810.json
2026-07-04 05:46:25 | WARNING  | 404 on https://skeb.jp/api/users/p_pfp5 (attempt 2/3)
2026-07-04 05:46:26 | INFO     | OK https://skeb.jp/api/users/160_shake
2026-07-04 05:46:26 | INFO     | Saving at a/skeb/160_shake-cedc7a.json
2026-07-04 05:46:27 | INFO     | OK https://skeb.jp/api/users/mesiA_fn6
2026-07-04 05:46:27 | INFO     | Saving at a/skeb/mesiA_fn6-0afea6.json
2026-07-04 05:46:28 | WARNING  | 404 on https://skeb.jp/api/users/sakayama_lazuli (attempt 3/3)
2026-07-04 05:46:29 | INFO     | OK https://skeb.jp/api/users/Maze_wry
2026-07-04 05:46:29 | INFO     | Saving at a/skeb/Maze_wry-890e9c.json
2026-07-04 05:46:30 | WARNING  | 404 on https://skeb.jp/api/users/p_pfp5 (attempt 3/3)
2026-07-04 05:46:31 | INFO     | OK https://skeb.jp/api/users/osakana_tab
2026-07-04 05:46:31 | INFO     | Saving at a/skeb/osakana_tab-951b3c.json
2026-07-04 05:46:32 | INFO     | OK https://skeb.jp/api/users/_wkwktnsi_
2026-07-04 05:46:32 | INFO     | Saving at a/skeb/_wkwktnsi_-116b25.json
2026-07-04 05:46:33 | WARNING  | 404 on https://skeb.jp/api/users/77_t2w (attempt 1/3)
2026-07-04 05:46:34 | INFO     | OK https://skeb.jp/api/users/iyo014
2026-07-04 05:46:34 | INFO     | Saving at a/skeb/iyo014-456ac2.json
2026-07-04 05:46:35 | WARNING  | 404 on https://skeb.jp/api/users/mimei_Illust (attempt 3/3)
2026-07-04 05:46:36 | INFO     | OK https://skeb.jp/api/users/sabacannet
2026-07-04 05:46:36 | INFO     | Saving at a/skeb/sabacannet-0e2bec.json
2026-07-04 05:46:37 | INFO     | OK https://skeb.jp/api/users/akirakomati1
2026-07-04 05:46:37 | INFO     | Saving at a/skeb/akirakomati1-107991.json
2026-07-04 05:46:38 | WARNING  | 404 on https://skeb.jp/api/users/Genkyou (attempt 1/3)
2026-07-04 05:46:39 | WARNING  | 404 on https://skeb.jp/api/users/77_t2w (attempt 2/3)
2026-07-04 05:46:40 | INFO     | OK https://skeb.jp/api/users/kumomokaki
2026-07-04 05:46:40 | INFO     | Saving at a/skeb/kumomokaki-78db04.json
2026-07-04 05:46:41 | WARNING  | 404 on https://skeb.jp/api/users/kokorono_376 (attempt 1/3)
2026-07-04 05:46:42 | INFO     | OK https://skeb.jp/api/users/nasisu
2026-07-04 05:46:42 | INFO     | Saving at a/skeb/nasisu-49d6d4.json
2026-07-04 05:46:43 | INFO     | OK https://skeb.jp/api/users/rellyururu1820
2026-07-04 05:46:43 | INFO     | Saving at a/skeb/rellyururu1820-61ae97.json
2026-07-04 05:46:44 | WARNING  | 404 on https://skeb.jp/api/users/Genkyou (attempt 2/3)
2026-07-04 05:46:45 | WARNING  | 404 on https://skeb.jp/api/users/kokorono_376 (attempt 2/3)
2026-07-04 05:46:46 | INFO     | OK https://skeb.jp/api/users/CHAKU
2026-07-04 05:46:46 | INFO     | Saving at a/skeb/CHAKU-c377f3.json
2026-07-04 05:46:47 | INFO     | OK https://skeb.jp/api/users/Keally00
2026-07-04 05:46:47 | INFO     | Saving at a/skeb/Keally00-902c5a.json
2026-07-04 05:46:48 | INFO     | OK https://skeb.jp/api/users/mimixxx339
2026-07-04 05:46:48 | INFO     | Saving at a/skeb/mimixxx339-aad941.json
2026-07-04 05:46:49 | WARNING  | 404 on https://skeb.jp/api/users/Genkyou (attempt 3/3)
2026-07-04 05:46:50 | INFO     | OK https://skeb.jp/api/users/Aoneko_Info1234
2026-07-04 05:46:50 | INFO     | Saving at a/skeb/Aoneko_Info1234-12305c.json
2026-07-04 05:46:51 | INFO     | OK https://skeb.jp/api/users/mgjnid
2026-07-04 05:46:51 | INFO     | Saving at a/skeb/mgjnid-5a9be7.json
2026-07-04 05:46:52 | INFO     | OK https://skeb.jp/api/users/yukiusa9_
2026-07-04 05:46:52 | INFO     | Saving at a/skeb/yukiusa9_-24a8c3.json
2026-07-04 05:46:53 | INFO     | OK https://skeb.jp/api/users/OCCoDN4czNfi7zi
2026-07-04 05:46:53 | INFO     | Saving at a/skeb/OCCoDN4czNfi7zi-4d843d.json
2026-07-04 05:46:54 | WARNING  | 404 on https://skeb.jp/api/users/kagoyama_sns (attempt 1/3)
2026-07-04 05:46:55 | INFO     | OK https://skeb.jp/api/users/kannagiao
2026-07-04 05:46:55 | INFO     | Saving at a/skeb/kannagiao-0b4a88.json
2026-07-04 05:46:56 | INFO     | OK https://skeb.jp/api/users/Parapara0o
2026-07-04 05:46:56 | INFO     | Saving at a/skeb/Parapara0o-6f2c05.json
2026-07-04 05:46:57 | INFO     | OK https://skeb.jp/api/users/warionoken
2026-07-04 05:46:57 | INFO     | Saving at a/skeb/warionoken-b36ffb.json
2026-07-04 05:46:58 | INFO     | OK https://skeb.jp/api/users/BOURYOKUno
2026-07-04 05:46:58 | INFO     | Saving at a/skeb/BOURYOKUno-e7a8e9.json
2026-07-04 05:46:59 | WARNING  | 404 on https://skeb.jp/api/users/Geshi_to_ (attempt 1/3)
2026-07-04 05:47:00 | WARNING  | 404 on https://skeb.jp/api/users/kokorono_376 (attempt 3/3)
2026-07-04 05:47:01 | INFO     | OK https://skeb.jp/api/users/naga_re_boshi
2026-07-04 05:47:01 | INFO     | Saving at a/skeb/naga_re_boshi-281ee0.json
2026-07-04 05:47:02 | INFO     | OK https://skeb.jp/api/users/yukyami
2026-07-04 05:47:02 | INFO     | Saving at a/skeb/yukyami-93fc2b.json
2026-07-04 05:47:03 | WARNING  | 404 on https://skeb.jp/api/users/Geshi_to_ (attempt 2/3)
2026-07-04 05:47:04 | WARNING  | 404 on https://skeb.jp/api/users/77_t2w (attempt 3/3)
2026-07-04 05:47:05 | WARNING  | 404 on https://skeb.jp/api/users/kiNero30901 (attempt 1/3)
2026-07-04 05:47:06 | INFO     | OK https://skeb.jp/api/users/zz71n
2026-07-04 05:47:06 | INFO     | Saving at a/skeb/zz71n-36d097.json
2026-07-04 05:47:07 | INFO     | OK https://skeb.jp/api/users/Ichigoya_yuki
2026-07-04 05:47:07 | INFO     | Saving at a/skeb/Ichigoya_yuki-7d5c0e.json
2026-07-04 05:47:08 | INFO     | OK https://skeb.jp/api/users/Oo_kokko_oO
2026-07-04 05:47:08 | INFO     | Saving at a/skeb/Oo_kokko_oO-106525.json
2026-07-04 05:47:09 | INFO     | OK https://skeb.jp/api/users/reality_koyoru
2026-07-04 05:47:09 | INFO     | Saving at a/skeb/reality_koyoru-85ca84.json
2026-07-04 05:47:10 | INFO     | OK https://skeb.jp/api/users/Id1yM
2026-07-04 05:47:10 | INFO     | Saving at a/skeb/Id1yM-f98ab5.json
2026-07-04 05:47:11 | WARNING  | 404 on https://skeb.jp/api/users/Geshi_to_ (attempt 3/3)
2026-07-04 05:47:12 | WARNING  | 404 on https://skeb.jp/api/users/kiNero30901 (attempt 2/3)
2026-07-04 05:47:13 | INFO     | OK https://skeb.jp/api/users/ANGEL_STAR
2026-07-04 05:47:13 | INFO     | Saving at a/skeb/ANGEL_STAR-3090d4.json
2026-07-04 05:47:14 | INFO     | OK https://skeb.jp/api/users/yukassyu
2026-07-04 05:47:14 | INFO     | Saving at a/skeb/yukassyu-525b52.json
2026-07-04 05:47:15 | INFO     | OK https://skeb.jp/api/users/akame0822
2026-07-04 05:47:15 | INFO     | Saving at a/skeb/akame0822-6ed004.json
2026-07-04 05:47:16 | INFO     | OK https://skeb.jp/api/users/Sake_mon
2026-07-04 05:47:16 | INFO     | Saving at a/skeb/Sake_mon-dc3654.json
2026-07-04 05:47:17 | INFO     | OK https://skeb.jp/api/users/ray_k_aya
2026-07-04 05:47:17 | INFO     | Saving at a/skeb/ray_k_aya-f22f2e.json
2026-07-04 05:47:18 | INFO     | OK https://skeb.jp/api/users/usui_taiga
2026-07-04 05:47:18 | INFO     | Saving at a/skeb/usui_taiga-555629.json
2026-07-04 05:47:19 | WARNING  | 404 on https://skeb.jp/api/users/kagoyama_sns (attempt 2/3)
2026-07-04 05:47:20 | INFO     | OK https://skeb.jp/api/users/4jGag5
2026-07-04 05:47:20 | INFO     | Saving at a/skeb/4jGag5-0c9e72.json
2026-07-04 05:47:21 | INFO     | OK https://skeb.jp/api/users/ibukitenka24
2026-07-04 05:47:21 | INFO     | Saving at a/skeb/ibukitenka24-804cca.json
2026-07-04 05:47:22 | INFO     | OK https://skeb.jp/api/users/gomapon6306
2026-07-04 05:47:22 | INFO     | Saving at a/skeb/gomapon6306-3a53ed.json
2026-07-04 05:47:23 | WARNING  | 404 on https://skeb.jp/api/users/kiNero30901 (attempt 3/3)
2026-07-04 05:47:24 | WARNING  | 404 on https://skeb.jp/api/users/kagoyama_sns (attempt 3/3)
2026-07-04 05:47:25 | INFO     | OK https://skeb.jp/api/users/9ui_pui
2026-07-04 05:47:25 | INFO     | Saving at a/skeb/9ui_pui-51acc9.json
2026-07-04 05:47:26 | INFO     | OK https://skeb.jp/api/users/eitarou2828
2026-07-04 05:47:26 | INFO     | Saving at a/skeb/eitarou2828-b55847.json
2026-07-04 05:47:27 | INFO     | OK https://skeb.jp/api/users/kv234q2_vor
2026-07-04 05:47:27 | INFO     | Saving at a/skeb/kv234q2_vor-5d96d7.json
2026-07-04 05:47:28 | INFO     | OK https://skeb.jp/api/users/Phosphorous921
2026-07-04 05:47:28 | INFO     | Saving at a/skeb/Phosphorous921-2e205c.json
2026-07-04 05:47:29 | INFO     | OK https://skeb.jp/api/users/spad7u59
2026-07-04 05:47:29 | INFO     | Saving at a/skeb/spad7u59-501caa.json
2026-07-04 05:47:30 | INFO     | OK https://skeb.jp/api/users/LanoEclair_V
2026-07-04 05:47:30 | INFO     | Saving at a/skeb/LanoEclair_V-184520.json
2026-07-04 05:47:31 | INFO     | OK https://skeb.jp/api/users/crossyaju
2026-07-04 05:47:31 | INFO     | Saving at a/skeb/crossyaju-03841b.json
2026-07-04 05:47:32 | INFO     | OK https://skeb.jp/api/users/uzimusi_fgo
2026-07-04 05:47:32 | INFO     | Saving at a/skeb/uzimusi_fgo-bf9534.json
2026-07-04 05:47:33 | INFO     | OK https://skeb.jp/api/users/Yayurarirurara
2026-07-04 05:47:33 | INFO     | Saving at a/skeb/Yayurarirurara-a5cd71.json
2026-07-04 05:47:34 | WARNING  | 404 on https://skeb.jp/api/users/kotonesansukida (attempt 1/3)
2026-07-04 05:47:35 | INFO     | OK https://skeb.jp/api/users/D4hJJkF5tBtfptW
2026-07-04 05:47:35 | INFO     | Saving at a/skeb/D4hJJkF5tBtfptW-510948.json
2026-07-04 05:47:36 | INFO     | OK https://skeb.jp/api/users/maizeoaaaaaaaa
2026-07-04 05:47:36 | INFO     | Saving at a/skeb/maizeoaaaaaaaa-c5eaec.json
2026-07-04 05:47:37 | INFO     | OK https://skeb.jp/api/users/ShutimaSyuni
2026-07-04 05:47:37 | INFO     | Saving at a/skeb/ShutimaSyuni-6ed8ca.json
2026-07-04 05:47:38 | INFO     | OK https://skeb.jp/api/users/napo_dojin_9233
2026-07-04 05:47:38 | INFO     | Saving at a/skeb/napo_dojin_9233-b8c165.json
2026-07-04 05:47:39 | INFO     | OK https://skeb.jp/api/users/mizunalala
2026-07-04 05:47:39 | INFO     | Saving at a/skeb/mizunalala-fed4ac.json
2026-07-04 05:47:40 | INFO     | OK https://skeb.jp/api/users/ChojigenNuko
2026-07-04 05:47:40 | INFO     | Saving at a/skeb/ChojigenNuko-73a564.json
2026-07-04 05:47:41 | INFO     | OK https://skeb.jp/api/users/22r_65536
2026-07-04 05:47:41 | INFO     | Saving at a/skeb/22r_65536-4b958b.json
2026-07-04 05:47:42 | INFO     | OK https://skeb.jp/api/users/sida_yukkuri
2026-07-04 05:47:42 | INFO     | Saving at a/skeb/sida_yukkuri-959b86.json
2026-07-04 05:47:43 | WARNING  | 404 on https://skeb.jp/api/users/fukafuka_no_inu (attempt 1/3)
2026-07-04 05:47:44 | INFO     | OK https://skeb.jp/api/users/sansuuuuuuuuuu
2026-07-04 05:47:44 | INFO     | Saving at a/skeb/sansuuuuuuuuuu-1880ad.json
2026-07-04 05:47:45 | INFO     | OK https://skeb.jp/api/users/rabbit_candy_22
2026-07-04 05:47:45 | INFO     | Saving at a/skeb/rabbit_candy_22-5adf65.json
2026-07-04 05:47:46 | WARNING  | 404 on https://skeb.jp/api/users/ronn_irai (attempt 1/3)
2026-07-04 05:47:47 | INFO     | OK https://skeb.jp/api/users/syake_chunithm
2026-07-04 05:47:47 | INFO     | Saving at a/skeb/syake_chunithm-49ec87.json
2026-07-04 05:47:48 | INFO     | OK https://skeb.jp/api/users/sixtysixroads
2026-07-04 05:47:48 | INFO     | Saving at a/skeb/sixtysixroads-8b888e.json
2026-07-04 05:47:49 | WARNING  | 404 on https://skeb.jp/api/users/kotonesansukida (attempt 2/3)
2026-07-04 05:47:50 | INFO     | OK https://skeb.jp/api/users/Hakumei
2026-07-04 05:47:50 | INFO     | Saving at a/skeb/Hakumei-7643e4.json
2026-07-04 05:47:51 | WARNING  | 404 on https://skeb.jp/api/users/ronn_irai (attempt 2/3)
2026-07-04 05:47:52 | INFO     | OK https://skeb.jp/api/users/unoyomogi
2026-07-04 05:47:52 | INFO     | Saving at a/skeb/unoyomogi-908687.json
2026-07-04 05:47:53 | INFO     | OK https://skeb.jp/api/users/huyuduki_mio
2026-07-04 05:47:53 | INFO     | Saving at a/skeb/huyuduki_mio-7d9c43.json
2026-07-04 05:47:54 | WARNING  | 404 on https://skeb.jp/api/users/kotonesansukida (attempt 3/3)
2026-07-04 05:47:55 | WARNING  | 404 on https://skeb.jp/api/users/fukafuka_no_inu (attempt 2/3)
2026-07-04 05:47:56 | INFO     | OK https://skeb.jp/api/users/isto_n
2026-07-04 05:47:56 | INFO     | Saving at a/skeb/isto_n-d171b4.json
2026-07-04 05:47:57 | WARNING  | 404 on https://skeb.jp/api/users/ronn_irai (attempt 3/3)
2026-07-04 05:47:58 | INFO     | OK https://skeb.jp/api/users/shiokyabestu_222
2026-07-04 05:47:58 | INFO     | Saving at a/skeb/shiokyabestu_222-7c2cbc.json
2026-07-04 05:47:59 | INFO     | OK https://skeb.jp/api/users/sakamorix
2026-07-04 05:47:59 | INFO     | Saving at a/skeb/sakamorix-628f39.json
2026-07-04 05:48:00 | INFO     | OK https://skeb.jp/api/users/nono00129
2026-07-04 05:48:00 | INFO     | Saving at a/skeb/nono00129-9cf834.json
2026-07-04 05:48:01 | INFO     | OK https://skeb.jp/api/users/3wonderful7
2026-07-04 05:48:01 | INFO     | Saving at a/skeb/3wonderful7-a0df0d.json
2026-07-04 05:48:02 | INFO     | OK https://skeb.jp/api/users/opera_ame
2026-07-04 05:48:02 | INFO     | Saving at a/skeb/opera_ame-7f05f7.json
2026-07-04 05:48:03 | INFO     | OK https://skeb.jp/api/users/aaiikikia
2026-07-04 05:48:03 | INFO     | Saving at a/skeb/aaiikikia-8e21f7.json
2026-07-04 05:48:04 | INFO     | OK https://skeb.jp/api/users/oresora14
2026-07-04 05:48:04 | INFO     | Saving at a/skeb/oresora14-d12b00.json
2026-07-04 05:48:05 | INFO     | OK https://skeb.jp/api/users/NARURIRI1017
2026-07-04 05:48:05 | INFO     | Saving at a/skeb/NARURIRI1017-179a9e.json
2026-07-04 05:48:06 | INFO     | OK https://skeb.jp/api/users/mnyk_canis
2026-07-04 05:48:06 | INFO     | Saving at a/skeb/mnyk_canis-d81697.json
2026-07-04 05:48:07 | WARNING  | 404 on https://skeb.jp/api/users/yamin_himamo23 (attempt 1/3)
2026-07-04 05:48:08 | INFO     | OK https://skeb.jp/api/users/KOMOGOMO_r
2026-07-04 05:48:08 | INFO     | Saving at a/skeb/KOMOGOMO_r-e52c79.json
2026-07-04 05:48:09 | INFO     | OK https://skeb.jp/api/users/lb5Rak
2026-07-04 05:48:09 | INFO     | Saving at a/skeb/lb5Rak-f377c2.json
2026-07-04 05:48:10 | WARNING  | 404 on https://skeb.jp/api/users/fukafuka_no_inu (attempt 3/3)
2026-07-04 05:48:11 | WARNING  | 404 on https://skeb.jp/api/users/yamin_himamo23 (attempt 2/3)
2026-07-04 05:48:12 | INFO     | OK https://skeb.jp/api/users/pppnc_
2026-07-04 05:48:12 | INFO     | Saving at a/skeb/pppnc_-c1d3b3.json
2026-07-04 05:48:13 | INFO     | OK https://skeb.jp/api/users/ChidorianD
2026-07-04 05:48:13 | INFO     | Saving at a/skeb/ChidorianD-c81d36.json
2026-07-04 05:48:14 | INFO     | OK https://skeb.jp/api/users/o7eEmTY3aNfbN0V
2026-07-04 05:48:14 | INFO     | Saving at a/skeb/o7eEmTY3aNfbN0V-2d631b.json
2026-07-04 05:48:15 | WARNING  | 404 on https://skeb.jp/api/users/Uo_oU_us (attempt 1/3)
2026-07-04 05:48:16 | INFO     | OK https://skeb.jp/api/users/mumi_633
2026-07-04 05:48:16 | INFO     | Saving at a/skeb/mumi_633-10880b.json
2026-07-04 05:48:17 | WARNING  | 404 on https://skeb.jp/api/users/se3ifinal (attempt 1/3)
2026-07-04 05:48:18 | INFO     | OK https://skeb.jp/api/users/Kabe_Nuko_S61
2026-07-04 05:48:18 | INFO     | Saving at a/skeb/Kabe_Nuko_S61-0981bf.json
2026-07-04 05:48:19 | WARNING  | 404 on https://skeb.jp/api/users/Uo_oU_us (attempt 2/3)
2026-07-04 05:48:20 | INFO     | OK https://skeb.jp/api/users/start_bunseki
2026-07-04 05:48:20 | INFO     | Saving at a/skeb/start_bunseki-a69744.json
2026-07-04 05:48:21 | INFO     | OK https://skeb.jp/api/users/Syakeychy
2026-07-04 05:48:21 | INFO     | Saving at a/skeb/Syakeychy-94f1f7.json
2026-07-04 05:48:22 | WARNING  | 404 on https://skeb.jp/api/users/yamin_himamo23 (attempt 3/3)
2026-07-04 05:48:23 | INFO     | OK https://skeb.jp/api/users/Aunt57534
2026-07-04 05:48:23 | INFO     | Saving at a/skeb/Aunt57534-9575c4.json
2026-07-04 05:48:24 | WARNING  | 404 on https://skeb.jp/api/users/Uo_oU_us (attempt 3/3)
2026-07-04 05:48:25 | INFO     | OK https://skeb.jp/api/users/double_mochiko
2026-07-04 05:48:25 | INFO     | Saving at a/skeb/double_mochiko-e74abf.json
2026-07-04 05:48:26 | INFO     | OK https://skeb.jp/api/users/kuremoto_hr
2026-07-04 05:48:26 | INFO     | Saving at a/skeb/kuremoto_hr-cad33b.json
2026-07-04 05:48:27 | WARNING  | 404 on https://skeb.jp/api/users/meguru_nero (attempt 1/3)
2026-07-04 05:48:28 | INFO     | OK https://skeb.jp/api/users/ohana_illust
2026-07-04 05:48:28 | INFO     | Saving at a/skeb/ohana_illust-1514d6.json
2026-07-04 05:48:29 | INFO     | OK https://skeb.jp/api/users/AO_KOMHUR
2026-07-04 05:48:29 | INFO     | Saving at a/skeb/AO_KOMHUR-16cb0b.json
2026-07-04 05:48:30 | INFO     | OK https://skeb.jp/api/users/7_skb
2026-07-04 05:48:30 | INFO     | Saving at a/skeb/7_skb-d2a4a3.json
2026-07-04 05:48:31 | INFO     | OK https://skeb.jp/api/users/sayachonchi
2026-07-04 05:48:31 | INFO     | Saving at a/skeb/sayachonchi-8304a6.json
2026-07-04 05:48:32 | INFO     | OK https://skeb.jp/api/users/johann48_illust
2026-07-04 05:48:32 | INFO     | Saving at a/skeb/johann48_illust-3676c9.json
2026-07-04 05:48:33 | INFO     | OK https://skeb.jp/api/users/tokitomi_kan
2026-07-04 05:48:33 | INFO     | Saving at a/skeb/tokitomi_kan-799912.json
2026-07-04 05:48:34 | INFO     | OK https://skeb.jp/api/users/mudai_taketo
2026-07-04 05:48:34 | INFO     | Saving at a/skeb/mudai_taketo-8efb5b.json
2026-07-04 05:48:35 | WARNING  | 404 on https://skeb.jp/api/users/meguru_nero (attempt 2/3)
2026-07-04 05:48:36 | INFO     | OK https://skeb.jp/api/users/OnYwph
2026-07-04 05:48:36 | INFO     | Saving at a/skeb/OnYwph-b5420a.json
2026-07-04 05:48:37 | INFO     | OK https://skeb.jp/api/users/cat_sox
2026-07-04 05:48:37 | INFO     | Saving at a/skeb/cat_sox-102989.json
2026-07-04 05:48:38 | INFO     | OK https://skeb.jp/api/users/hairo_mitaki
2026-07-04 05:48:38 | INFO     | Saving at a/skeb/hairo_mitaki-0237a2.json
2026-07-04 05:48:39 | INFO     | OK https://skeb.jp/api/users/Gutsumi_tf
2026-07-04 05:48:39 | INFO     | Saving at a/skeb/Gutsumi_tf-109165.json
2026-07-04 05:48:40 | WARNING  | 404 on https://skeb.jp/api/users/meguru_nero (attempt 3/3)
2026-07-04 05:48:41 | INFO     | OK https://skeb.jp/api/users/MiXed_4CiD
2026-07-04 05:48:41 | INFO     | Saving at a/skeb/MiXed_4CiD-cf07d0.json
2026-07-04 05:48:42 | INFO     | OK https://skeb.jp/api/users/ashio3ki7
2026-07-04 05:48:42 | INFO     | Saving at a/skeb/ashio3ki7-57a255.json
2026-07-04 05:48:43 | INFO     | OK https://skeb.jp/api/users/bottisama
2026-07-04 05:48:43 | INFO     | Saving at a/skeb/bottisama-69dfcf.json
2026-07-04 05:48:44 | INFO     | OK https://skeb.jp/api/users/tanyatonya6636
2026-07-04 05:48:44 | INFO     | Saving at a/skeb/tanyatonya6636-0b7031.json
2026-07-04 05:48:45 | WARNING  | 404 on https://skeb.jp/api/users/29Kota2 (attempt 1/3)
2026-07-04 05:48:46 | INFO     | OK https://skeb.jp/api/users/pularko
2026-07-04 05:48:46 | INFO     | Saving at a/skeb/pularko-36d1a2.json
2026-07-04 05:48:47 | WARNING  | 404 on https://skeb.jp/api/users/se3ifinal (attempt 2/3)
2026-07-04 05:48:48 | WARNING  | 404 on https://skeb.jp/api/users/29Kota2 (attempt 2/3)
2026-07-04 05:48:49 | INFO     | OK https://skeb.jp/api/users/hhmwop
2026-07-04 05:48:49 | INFO     | Saving at a/skeb/hhmwop-c16e6c.json
2026-07-04 05:48:50 | WARNING  | 404 on https://skeb.jp/api/users/nyatta_san (attempt 1/3)
2026-07-04 05:48:51 | INFO     | OK https://skeb.jp/api/users/wachi_yo
2026-07-04 05:48:51 | INFO     | Saving at a/skeb/wachi_yo-76bd47.json
2026-07-04 05:48:52 | WARNING  | 404 on https://skeb.jp/api/users/_meruruto_ (attempt 1/3)
2026-07-04 05:48:53 | WARNING  | 404 on https://skeb.jp/api/users/se3ifinal (attempt 3/3)
2026-07-04 05:48:54 | WARNING  | 404 on https://skeb.jp/api/users/nyatta_san (attempt 2/3)
2026-07-04 05:48:55 | WARNING  | 404 on https://skeb.jp/api/users/_meruruto_ (attempt 2/3)
2026-07-04 05:48:56 | WARNING  | 404 on https://skeb.jp/api/users/29Kota2 (attempt 3/3)
2026-07-04 05:48:57 | INFO     | OK https://skeb.jp/api/users/yamaimonoki
2026-07-04 05:48:57 | INFO     | Saving at a/skeb/yamaimonoki-ff8366.json
2026-07-04 05:48:58 | INFO     | OK https://skeb.jp/api/users/myui17901139
2026-07-04 05:48:58 | INFO     | Saving at a/skeb/myui17901139-0a19f1.json
2026-07-04 05:48:59 | INFO     | OK https://skeb.jp/api/users/apontosu
2026-07-04 05:48:59 | INFO     | Saving at a/skeb/apontosu-3f71fe.json
2026-07-04 05:49:00 | WARNING  | 404 on https://skeb.jp/api/users/m3x3_sk (attempt 1/3)
2026-07-04 05:49:01 | INFO     | OK https://skeb.jp/api/users/Dispia_Workshop
2026-07-04 05:49:01 | INFO     | Saving at a/skeb/Dispia_Workshop-bec722.json
2026-07-04 05:49:02 | INFO     | OK https://skeb.jp/api/users/fkworkzonemk2
2026-07-04 05:49:02 | INFO     | Saving at a/skeb/fkworkzonemk2-c7bec8.json
2026-07-04 05:49:03 | WARNING  | 404 on https://skeb.jp/api/users/_meruruto_ (attempt 3/3)
2026-07-04 05:49:04 | WARNING  | 404 on https://skeb.jp/api/users/m3x3_sk (attempt 2/3)
2026-07-04 05:49:05 | INFO     | OK https://skeb.jp/api/users/nakaguro_com
2026-07-04 05:49:05 | INFO     | Saving at a/skeb/nakaguro_com-559507.json
2026-07-04 05:49:06 | INFO     | OK https://skeb.jp/api/users/ilust9999
2026-07-04 05:49:06 | INFO     | Saving at a/skeb/ilust9999-39129e.json
2026-07-04 05:49:07 | WARNING  | 404 on https://skeb.jp/api/users/nyatta_san (attempt 3/3)
2026-07-04 05:49:08 | INFO     | OK https://skeb.jp/api/users/hanamuramei
2026-07-04 05:49:08 | INFO     | Saving at a/skeb/hanamuramei-ded803.json
2026-07-04 05:49:10 | INFO     | OK https://skeb.jp/api/users/kaccontou1206
2026-07-04 05:49:10 | INFO     | Saving at a/skeb/kaccontou1206-39f312.json
2026-07-04 05:49:10 | INFO     | OK https://skeb.jp/api/users/LaetaxxxT
2026-07-04 05:49:10 | INFO     | Saving at a/skeb/LaetaxxxT-90d659.json
2026-07-04 05:49:12 | INFO     | OK https://skeb.jp/api/users/shekisheki15
2026-07-04 05:49:12 | INFO     | Saving at a/skeb/shekisheki15-857097.json
2026-07-04 05:49:12 | INFO     | OK https://skeb.jp/api/users/miharuM7
2026-07-04 05:49:12 | INFO     | Saving at a/skeb/miharuM7-5d5603.json
2026-07-04 05:49:13 | INFO     | OK https://skeb.jp/api/users/absence0433
2026-07-04 05:49:13 | INFO     | Saving at a/skeb/absence0433-5802af.json
2026-07-04 05:49:14 | WARNING  | 404 on https://skeb.jp/api/users/vHoo__ (attempt 1/3)
2026-07-04 05:49:16 | INFO     | OK https://skeb.jp/api/users/illustmaru
2026-07-04 05:49:16 | INFO     | Saving at a/skeb/illustmaru-c8d719.json
2026-07-04 05:49:16 | INFO     | OK https://skeb.jp/api/users/ERIMO_WKS
2026-07-04 05:49:16 | INFO     | Saving at a/skeb/ERIMO_WKS-c1c800.json
2026-07-04 05:49:17 | INFO     | OK https://skeb.jp/api/users/sumari_epuy
2026-07-04 05:49:17 | INFO     | Saving at a/skeb/sumari_epuy-b196ea.json
2026-07-04 05:49:18 | WARNING  | 404 on https://skeb.jp/api/users/vHoo__ (attempt 2/3)
2026-07-04 05:49:19 | INFO     | OK https://skeb.jp/api/users/hapushilu
2026-07-04 05:49:19 | INFO     | Saving at a/skeb/hapushilu-cd8099.json
2026-07-04 05:49:20 | INFO     | OK https://skeb.jp/api/users/agi_r18
2026-07-04 05:49:20 | INFO     | Saving at a/skeb/agi_r18-8c5d37.json
2026-07-04 05:49:21 | INFO     | OK https://skeb.jp/api/users/hanputdanput1
2026-07-04 05:49:21 | INFO     | Saving at a/skeb/hanputdanput1-a4608c.json
2026-07-04 05:49:22 | INFO     | OK https://skeb.jp/api/users/soranomayoineko
2026-07-04 05:49:22 | INFO     | Saving at a/skeb/soranomayoineko-bd6cd3.json
2026-07-04 05:49:23 | INFO     | OK https://skeb.jp/api/users/shirotume968
2026-07-04 05:49:23 | INFO     | Saving at a/skeb/shirotume968-426735.json
2026-07-04 05:49:24 | INFO     | OK https://skeb.jp/api/users/sai_no02
2026-07-04 05:49:24 | INFO     | Saving at a/skeb/sai_no02-4b3739.json
2026-07-04 05:49:26 | WARNING  | 404 on https://skeb.jp/api/users/m3x3_sk (attempt 3/3)
2026-07-04 05:49:26 | INFO     | OK https://skeb.jp/api/users/mizuiro
2026-07-04 05:49:26 | INFO     | Saving at a/skeb/mizuiro-353846.json
2026-07-04 05:49:27 | INFO     | OK https://skeb.jp/api/users/umino_harumi
2026-07-04 05:49:27 | INFO     | Saving at a/skeb/umino_harumi-b3a75a.json
2026-07-04 05:49:28 | INFO     | OK https://skeb.jp/api/users/oomon1121
2026-07-04 05:49:28 | INFO     | Saving at a/skeb/oomon1121-3c1ab6.json
2026-07-04 05:49:30 | WARNING  | 404 on https://skeb.jp/api/users/vHoo__ (attempt 3/3)
2026-07-04 05:49:31 | INFO     | OK https://skeb.jp/api/users/fumiste000
2026-07-04 05:49:31 | INFO     | Saving at a/skeb/fumiste000-c97973.json
2026-07-04 05:49:31 | INFO     | OK https://skeb.jp/api/users/hiyotama_
2026-07-04 05:49:31 | INFO     | Saving at a/skeb/hiyotama_-9d2405.json
2026-07-04 05:49:32 | INFO     | OK https://skeb.jp/api/users/nari_illust_G
2026-07-04 05:49:32 | INFO     | Saving at a/skeb/nari_illust_G-a53df6.json
2026-07-04 05:49:33 | INFO     | OK https://skeb.jp/api/users/mimi_nin_mimi
2026-07-04 05:49:33 | INFO     | Saving at a/skeb/mimi_nin_mimi-3a474a.json
2026-07-04 05:49:34 | INFO     | OK https://skeb.jp/api/users/laziness035
2026-07-04 05:49:34 | INFO     | Saving at a/skeb/laziness035-753604.json
2026-07-04 05:49:35 | INFO     | OK https://skeb.jp/api/users/Canro_bonbon
2026-07-04 05:49:35 | INFO     | Saving at a/skeb/Canro_bonbon-8c23dc.json
2026-07-04 05:49:36 | INFO     | OK https://skeb.jp/api/users/majohope
2026-07-04 05:49:36 | INFO     | Saving at a/skeb/majohope-4a99cc.json
2026-07-04 05:49:37 | INFO     | OK https://skeb.jp/api/users/saoyamanzou
2026-07-04 05:49:37 | INFO     | Saving at a/skeb/saoyamanzou-1e581d.json
2026-07-04 05:49:38 | INFO     | OK https://skeb.jp/api/users/So_Soseki_Sota
2026-07-04 05:49:38 | INFO     | Saving at a/skeb/So_Soseki_Sota-8b7f3a.json
2026-07-04 05:49:39 | INFO     | OK https://skeb.jp/api/users/Jin_Kamisaka_V
2026-07-04 05:49:39 | INFO     | Saving at a/skeb/Jin_Kamisaka_V-65ca7c.json
2026-07-04 05:49:40 | INFO     | OK https://skeb.jp/api/users/kokota1220
2026-07-04 05:49:40 | INFO     | Saving at a/skeb/kokota1220-ce764d.json
2026-07-04 05:49:41 | INFO     | OK https://skeb.jp/api/users/Harukatakahas17
2026-07-04 05:49:41 | INFO     | Saving at a/skeb/Harukatakahas17-c6ef6c.json
2026-07-04 05:49:42 | INFO     | OK https://skeb.jp/api/users/Guki_12345678
2026-07-04 05:49:42 | INFO     | Saving at a/skeb/Guki_12345678-e9cb96.json
2026-07-04 05:49:43 | INFO     | OK https://skeb.jp/api/users/suzutake0107
2026-07-04 05:49:43 | INFO     | Saving at a/skeb/suzutake0107-a9c20e.json
2026-07-04 05:49:44 | INFO     | OK https://skeb.jp/api/users/mizuki00q
2026-07-04 05:49:44 | INFO     | Saving at a/skeb/mizuki00q-35ff9b.json
2026-07-04 05:49:45 | INFO     | OK https://skeb.jp/api/users/Kankitu_0403
2026-07-04 05:49:45 | INFO     | Saving at a/skeb/Kankitu_0403-f0049d.json
2026-07-04 05:49:46 | INFO     | OK https://skeb.jp/api/users/_hp23
2026-07-04 05:49:46 | INFO     | Saving at a/skeb/_hp23-fbed5c.json
2026-07-04 05:49:47 | INFO     | OK https://skeb.jp/api/users/imjr06
2026-07-04 05:49:47 | INFO     | Saving at a/skeb/imjr06-57b40d.json
2026-07-04 05:49:48 | INFO     | OK https://skeb.jp/api/users/11boachan
2026-07-04 05:49:48 | INFO     | Saving at a/skeb/11boachan-62fd29.json
2026-07-04 05:49:49 | INFO     | OK https://skeb.jp/api/users/syu_no3
2026-07-04 05:49:49 | INFO     | Saving at a/skeb/syu_no3-78e741.json
2026-07-04 05:49:50 | INFO     | OK https://skeb.jp/api/users/SnnoM_oz
2026-07-04 05:49:50 | INFO     | Saving at a/skeb/SnnoM_oz-7f6af5.json
2026-07-04 05:49:51 | INFO     | OK https://skeb.jp/api/users/ats2nd
2026-07-04 05:49:51 | INFO     | Saving at a/skeb/ats2nd-e065d9.json
2026-07-04 05:49:52 | INFO     | OK https://skeb.jp/api/users/morunngaV3
2026-07-04 05:49:52 | INFO     | Saving at a/skeb/morunngaV3-5695e6.json
2026-07-04 05:49:53 | INFO     | OK https://skeb.jp/api/users/maya_62221
2026-07-04 05:49:53 | INFO     | Saving at a/skeb/maya_62221-9669e8.json
2026-07-04 05:49:54 | INFO     | OK https://skeb.jp/api/users/aldehyde_gaki
2026-07-04 05:49:54 | INFO     | Saving at a/skeb/aldehyde_gaki-be370a.json
2026-07-04 05:49:55 | INFO     | OK https://skeb.jp/api/users/late_hazuki
2026-07-04 05:49:55 | INFO     | Saving at a/skeb/late_hazuki-00a9cf.json
2026-07-04 05:49:56 | WARNING  | 404 on https://skeb.jp/api/users/Ryuzi_27 (attempt 1/3)
2026-07-04 05:49:57 | INFO     | OK https://skeb.jp/api/users/_shi8z_
2026-07-04 05:49:57 | INFO     | Saving at a/skeb/_shi8z_-d69217.json
2026-07-04 05:49:58 | INFO     | OK https://skeb.jp/api/users/sena_523
2026-07-04 05:49:58 | INFO     | Saving at a/skeb/sena_523-aad893.json
2026-07-04 05:49:59 | WARNING  | 404 on https://skeb.jp/api/users/Ryuzi_27 (attempt 2/3)
2026-07-04 05:50:00 | INFO     | OK https://skeb.jp/api/users/km_12
2026-07-04 05:50:00 | INFO     | Saving at a/skeb/km_12-b33f3b.json
2026-07-04 05:50:01 | INFO     | OK https://skeb.jp/api/users/goldenranco
2026-07-04 05:50:01 | INFO     | Saving at a/skeb/goldenranco-dab147.json
2026-07-04 05:50:02 | INFO     | OK https://skeb.jp/api/users/kochisamayako
2026-07-04 05:50:02 | INFO     | Saving at a/skeb/kochisamayako-381791.json
2026-07-04 05:50:03 | INFO     | OK https://skeb.jp/api/users/nsnsnss00
2026-07-04 05:50:03 | INFO     | Saving at a/skeb/nsnsnss00-a110cc.json
2026-07-04 05:50:04 | INFO     | OK https://skeb.jp/api/users/yumemipyonta47
2026-07-04 05:50:04 | INFO     | Saving at a/skeb/yumemipyonta47-2c78ad.json
2026-07-04 05:50:06 | INFO     | OK https://skeb.jp/api/users/SamyGrad1942
2026-07-04 05:50:06 | INFO     | Saving at a/skeb/SamyGrad1942-395045.json
2026-07-04 05:50:06 | INFO     | OK https://skeb.jp/api/users/yamai5991
2026-07-04 05:50:06 | INFO     | Saving at a/skeb/yamai5991-34a2e8.json
2026-07-04 05:50:07 | INFO     | OK https://skeb.jp/api/users/tankope
2026-07-04 05:50:07 | INFO     | Saving at a/skeb/tankope-6fc9c0.json
2026-07-04 05:50:09 | WARNING  | 404 on https://skeb.jp/api/users/Ryuzi_27 (attempt 3/3)
2026-07-04 05:50:09 | INFO     | OK https://skeb.jp/api/users/tyoukeikotu
2026-07-04 05:50:09 | INFO     | Saving at a/skeb/tyoukeikotu-e042d7.json
2026-07-04 05:50:10 | INFO     | OK https://skeb.jp/api/users/inmnlst
2026-07-04 05:50:10 | INFO     | Saving at a/skeb/inmnlst-bbfaa2.json
2026-07-04 05:50:11 | INFO     | OK https://skeb.jp/api/users/neko_neko_09
2026-07-04 05:50:11 | INFO     | Saving at a/skeb/neko_neko_09-7fe540.json
2026-07-04 05:50:12 | INFO     | OK https://skeb.jp/api/users/delta_snkk
2026-07-04 05:50:12 | INFO     | Saving at a/skeb/delta_snkk-a20cee.json
2026-07-04 05:50:14 | INFO     | OK https://skeb.jp/api/users/fu_ton_suima
2026-07-04 05:50:14 | INFO     | Saving at a/skeb/fu_ton_suima-8b4fee.json
2026-07-04 05:50:14 | INFO     | OK https://skeb.jp/api/users/tatsuyo100
2026-07-04 05:50:14 | INFO     | Saving at a/skeb/tatsuyo100-d8638f.json
2026-07-04 05:50:15 | INFO     | OK https://skeb.jp/api/users/youym014
2026-07-04 05:50:15 | INFO     | Saving at a/skeb/youym014-646c97.json
2026-07-04 05:50:16 | INFO     | OK https://skeb.jp/api/users/en_gawein
2026-07-04 05:50:16 | INFO     | Saving at a/skeb/en_gawein-56654d.json
2026-07-04 05:50:17 | INFO     | OK https://skeb.jp/api/users/dandandani08
2026-07-04 05:50:17 | INFO     | Saving at a/skeb/dandandani08-644b9c.json
2026-07-04 05:50:18 | INFO     | OK https://skeb.jp/api/users/48931_
2026-07-04 05:50:18 | INFO     | Saving at a/skeb/48931_-6c917d.json
2026-07-04 05:50:19 | INFO     | OK https://skeb.jp/api/users/23jen
2026-07-04 05:50:19 | INFO     | Saving at a/skeb/23jen-731829.json
2026-07-04 05:50:20 | INFO     | OK https://skeb.jp/api/users/mituki_oekaki
2026-07-04 05:50:20 | INFO     | Saving at a/skeb/mituki_oekaki-95d34f.json
2026-07-04 05:50:21 | INFO     | OK https://skeb.jp/api/users/asamototaga
2026-07-04 05:50:21 | INFO     | Saving at a/skeb/asamototaga-af31cb.json
2026-07-04 05:50:22 | INFO     | OK https://skeb.jp/api/users/Hermelin_41
2026-07-04 05:50:22 | INFO     | Saving at a/skeb/Hermelin_41-f85328.json
2026-07-04 05:50:23 | INFO     | OK https://skeb.jp/api/users/kogumorikei
2026-07-04 05:50:23 | INFO     | Saving at a/skeb/kogumorikei-a49d4a.json
2026-07-04 05:50:24 | INFO     | OK https://skeb.jp/api/users/waka_aoiyome
2026-07-04 05:50:24 | INFO     | Saving at a/skeb/waka_aoiyome-b2a56b.json
2026-07-04 05:50:25 | INFO     | OK https://skeb.jp/api/users/sand__zoou
2026-07-04 05:50:25 | INFO     | Saving at a/skeb/sand__zoou-ba7e4e.json
2026-07-04 05:50:26 | WARNING  | 404 on https://skeb.jp/api/users/killy810 (attempt 1/3)
2026-07-04 05:50:27 | INFO     | OK https://skeb.jp/api/users/saku_tsuba_ryo
2026-07-04 05:50:27 | INFO     | Saving at a/skeb/saku_tsuba_ryo-065c08.json
2026-07-04 05:50:28 | INFO     | OK https://skeb.jp/api/users/naachan500
2026-07-04 05:50:28 | INFO     | Saving at a/skeb/naachan500-39f4b0.json
2026-07-04 05:50:29 | INFO     | OK https://skeb.jp/api/users/1919tofu
2026-07-04 05:50:29 | INFO     | Saving at a/skeb/1919tofu-249e7a.json
2026-07-04 05:50:30 | INFO     | OK https://skeb.jp/api/users/kajiocassis
2026-07-04 05:50:30 | INFO     | Saving at a/skeb/kajiocassis-67a7f8.json
2026-07-04 05:50:31 | INFO     | OK https://skeb.jp/api/users/kumityoug
2026-07-04 05:50:31 | INFO     | Saving at a/skeb/kumityoug-d2bb96.json
2026-07-04 05:50:32 | INFO     | OK https://skeb.jp/api/users/marth_wait
2026-07-04 05:50:32 | INFO     | Saving at a/skeb/marth_wait-56b6cc.json
2026-07-04 05:50:33 | INFO     | OK https://skeb.jp/api/users/shiroInu_105
2026-07-04 05:50:33 | INFO     | Saving at a/skeb/shiroInu_105-8338c9.json
2026-07-04 05:50:34 | INFO     | OK https://skeb.jp/api/users/shun_natsuki
2026-07-04 05:50:34 | INFO     | Saving at a/skeb/shun_natsuki-86cd88.json
2026-07-04 05:50:35 | INFO     | OK https://skeb.jp/api/users/KAIBASI
2026-07-04 05:50:35 | INFO     | Saving at a/skeb/KAIBASI-618333.json
2026-07-04 05:50:36 | INFO     | OK https://skeb.jp/api/users/KuranoYosuga
2026-07-04 05:50:36 | INFO     | Saving at a/skeb/KuranoYosuga-d47970.json
2026-07-04 05:50:37 | INFO     | OK https://skeb.jp/api/users/GoCo_TaMaGoS
2026-07-04 05:50:37 | INFO     | Saving at a/skeb/GoCo_TaMaGoS-046b0c.json
2026-07-04 05:50:38 | INFO     | OK https://skeb.jp/api/users/rokuhara_io
2026-07-04 05:50:38 | INFO     | Saving at a/skeb/rokuhara_io-756bd7.json
2026-07-04 05:50:39 | INFO     | OK https://skeb.jp/api/users/ilovekawaii_m
2026-07-04 05:50:39 | INFO     | Saving at a/skeb/ilovekawaii_m-cca80c.json
2026-07-04 05:50:40 | INFO     | OK https://skeb.jp/api/users/Jim47_0704
2026-07-04 05:50:40 | INFO     | Saving at a/skeb/Jim47_0704-87b602.json
2026-07-04 05:50:41 | INFO     | OK https://skeb.jp/api/users/nerunayo_u
2026-07-04 05:50:41 | INFO     | Saving at a/skeb/nerunayo_u-38dd23.json
2026-07-04 05:50:42 | INFO     | OK https://skeb.jp/api/users/Matsumoto0524
2026-07-04 05:50:42 | INFO     | Saving at a/skeb/Matsumoto0524-45cb67.json
2026-07-04 05:50:43 | INFO     | OK https://skeb.jp/api/users/LTNULL
2026-07-04 05:50:43 | INFO     | Saving at a/skeb/LTNULL-ea1a64.json
2026-07-04 05:50:44 | INFO     | OK https://skeb.jp/api/users/niratoro
2026-07-04 05:50:44 | INFO     | Saving at a/skeb/niratoro-f3fd8e.json
2026-07-04 05:50:45 | INFO     | OK https://skeb.jp/api/users/nin2jin
2026-07-04 05:50:45 | INFO     | Saving at a/skeb/nin2jin-715147.json
2026-07-04 05:50:46 | INFO     | OK https://skeb.jp/api/users/8lcox
2026-07-04 05:50:46 | INFO     | Saving at a/skeb/8lcox-39901a.json
2026-07-04 05:50:48 | WARNING  | 404 on https://skeb.jp/api/users/killy810 (attempt 2/3)
2026-07-04 05:50:48 | INFO     | OK https://skeb.jp/api/users/Chiyo_Maru_Dazo
2026-07-04 05:50:48 | INFO     | Saving at a/skeb/Chiyo_Maru_Dazo-cf93bf.json
2026-07-04 05:50:49 | INFO     | OK https://skeb.jp/api/users/Fgcdaikichi
2026-07-04 05:50:49 | INFO     | Saving at a/skeb/Fgcdaikichi-d83a1c.json
2026-07-04 05:50:51 | WARNING  | 404 on https://skeb.jp/api/users/ghcfujfc1 (attempt 1/3)
2026-07-04 05:50:51 | INFO     | OK https://skeb.jp/api/users/p9VQIGrB6t80329
2026-07-04 05:50:51 | INFO     | Saving at a/skeb/p9VQIGrB6t80329-cf08a6.json
2026-07-04 05:50:52 | INFO     | OK https://skeb.jp/api/users/Mootiemoon
2026-07-04 05:50:52 | INFO     | Saving at a/skeb/Mootiemoon-945cca.json
2026-07-04 05:50:53 | INFO     | OK https://skeb.jp/api/users/shi24ni
2026-07-04 05:50:53 | INFO     | Saving at a/skeb/shi24ni-b667a2.json
2026-07-04 05:50:54 | WARNING  | 404 on https://skeb.jp/api/users/Henzu_23 (attempt 1/3)
2026-07-04 05:50:55 | INFO     | OK https://skeb.jp/api/users/honyakuhato
2026-07-04 05:50:55 | INFO     | Saving at a/skeb/honyakuhato-bff457.json
2026-07-04 05:50:56 | INFO     | OK https://skeb.jp/api/users/ccb0105
2026-07-04 05:50:56 | INFO     | Saving at a/skeb/ccb0105-8b2abb.json
2026-07-04 05:50:57 | INFO     | OK https://skeb.jp/api/users/sn_sncr
2026-07-04 05:50:57 | INFO     | Saving at a/skeb/sn_sncr-97af77.json
2026-07-04 05:50:59 | WARNING  | 404 on https://skeb.jp/api/users/killy810 (attempt 3/3)
2026-07-04 05:50:59 | INFO     | OK https://skeb.jp/api/users/jiao_shi48176
2026-07-04 05:50:59 | INFO     | Saving at a/skeb/jiao_shi48176-1c75e4.json
2026-07-04 05:51:01 | WARNING  | 404 on https://skeb.jp/api/users/ghcfujfc1 (attempt 2/3)
2026-07-04 05:51:01 | WARNING  | 404 on https://skeb.jp/api/users/fm7hxj (attempt 1/3)
2026-07-04 05:51:03 | WARNING  | 404 on https://skeb.jp/api/users/Henzu_23 (attempt 2/3)
2026-07-04 05:51:03 | INFO     | OK https://skeb.jp/api/users/Yuzu_Yui8
2026-07-04 05:51:03 | INFO     | Saving at a/skeb/Yuzu_Yui8-82ab08.json
2026-07-04 05:51:04 | INFO     | OK https://skeb.jp/api/users/sig_mambo
2026-07-04 05:51:04 | INFO     | Saving at a/skeb/sig_mambo-53aa8f.json
2026-07-04 05:51:05 | INFO     | OK https://skeb.jp/api/users/nununu_unu
2026-07-04 05:51:05 | INFO     | Saving at a/skeb/nununu_unu-a5797c.json
2026-07-04 05:51:06 | INFO     | OK https://skeb.jp/api/users/noname_memo
2026-07-04 05:51:06 | INFO     | Saving at a/skeb/noname_memo-647dad.json
2026-07-04 05:51:07 | INFO     | OK https://skeb.jp/api/users/hosinemu
2026-07-04 05:51:07 | INFO     | Saving at a/skeb/hosinemu-771c3f.json
2026-07-04 05:51:08 | INFO     | OK https://skeb.jp/api/users/ct9a_cl1_minica
2026-07-04 05:51:08 | INFO     | Saving at a/skeb/ct9a_cl1_minica-615cb6.json
2026-07-04 05:51:09 | INFO     | OK https://skeb.jp/api/users/chatalaw
2026-07-04 05:51:09 | INFO     | Saving at a/skeb/chatalaw-e04bac.json
2026-07-04 05:51:10 | WARNING  | 404 on https://skeb.jp/api/users/3hankikan0220 (attempt 1/3)
2026-07-04 05:51:11 | INFO     | OK https://skeb.jp/api/users/siohmi_00
2026-07-04 05:51:11 | INFO     | Saving at a/skeb/siohmi_00-70619b.json
2026-07-04 05:51:13 | WARNING  | 404 on https://skeb.jp/api/users/Henzu_23 (attempt 3/3)
2026-07-04 05:51:14 | WARNING  | 404 on https://skeb.jp/api/users/ghcfujfc1 (attempt 3/3)
2026-07-04 05:51:15 | WARNING  | 404 on https://skeb.jp/api/users/fm7hxj (attempt 2/3)
2026-07-04 05:51:15 | WARNING  | 404 on https://skeb.jp/api/users/Llu_ulg (attempt 1/3)
2026-07-04 05:51:17 | INFO     | OK https://skeb.jp/api/users/spiderlilymi
2026-07-04 05:51:17 | INFO     | Saving at a/skeb/spiderlilymi-fe7be8.json
2026-07-04 05:51:17 | INFO     | OK https://skeb.jp/api/users/Suzushiro_415
2026-07-04 05:51:17 | INFO     | Saving at a/skeb/Suzushiro_415-b4d3e0.json
2026-07-04 05:51:18 | INFO     | OK https://skeb.jp/api/users/mnm_26
2026-07-04 05:51:18 | INFO     | Saving at a/skeb/mnm_26-d4f60f.json
2026-07-04 05:51:20 | WARNING  | 404 on https://skeb.jp/api/users/3hankikan0220 (attempt 2/3)
2026-07-04 05:51:21 | INFO     | OK https://skeb.jp/api/users/hoshyizoora_h20
2026-07-04 05:51:21 | INFO     | Saving at a/skeb/hoshyizoora_h20-2411bf.json
2026-07-04 05:51:21 | INFO     | OK https://skeb.jp/api/users/vL6alRAfxG4My5F
2026-07-04 05:51:21 | INFO     | Saving at a/skeb/vL6alRAfxG4My5F-28dd3b.json
2026-07-04 05:51:22 | INFO     | OK https://skeb.jp/api/users/Nero_Xx2
2026-07-04 05:51:22 | INFO     | Saving at a/skeb/Nero_Xx2-82367a.json
2026-07-04 05:51:24 | WARNING  | 404 on https://skeb.jp/api/users/fm7hxj (attempt 3/3)
2026-07-04 05:51:25 | WARNING  | 404 on https://skeb.jp/api/users/Llu_ulg (attempt 2/3)
2026-07-04 05:51:25 | INFO     | OK https://skeb.jp/api/users/homa2rou
2026-07-04 05:51:25 | INFO     | Saving at a/skeb/homa2rou-f812a6.json
2026-07-04 05:51:26 | INFO     | OK https://skeb.jp/api/users/N81Ei
2026-07-04 05:51:26 | INFO     | Saving at a/skeb/N81Ei-c786c9.json
2026-07-04 05:51:27 | INFO     | OK https://skeb.jp/api/users/ofuse_
2026-07-04 05:51:27 | INFO     | Saving at a/skeb/ofuse_-73a630.json
2026-07-04 05:51:29 | INFO     | OK https://skeb.jp/api/users/jTEsGsH2Ym83vxZ
2026-07-04 05:51:29 | INFO     | Saving at a/skeb/jTEsGsH2Ym83vxZ-8308ea.json
2026-07-04 05:51:29 | WARNING  | 404 on https://skeb.jp/api/users/Iam_Ciikawa (attempt 1/3)
2026-07-04 05:51:30 | INFO     | OK https://skeb.jp/api/users/MAX_jojo_
2026-07-04 05:51:30 | INFO     | Saving at a/skeb/MAX_jojo_-f76bc0.json
2026-07-04 05:51:32 | WARNING  | 404 on https://skeb.jp/api/users/Llu_ulg (attempt 3/3)
2026-07-04 05:51:33 | WARNING  | 404 on https://skeb.jp/api/users/3hankikan0220 (attempt 3/3)
2026-07-04 05:51:34 | INFO     | OK https://skeb.jp/api/users/asuka_shimahara
2026-07-04 05:51:34 | INFO     | Saving at a/skeb/asuka_shimahara-a108fe.json
2026-07-04 05:51:34 | INFO     | OK https://skeb.jp/api/users/so_sei12
2026-07-04 05:51:34 | INFO     | Saving at a/skeb/so_sei12-670aec.json
2026-07-04 05:51:35 | INFO     | OK https://skeb.jp/api/users/c_ell45
2026-07-04 05:51:35 | INFO     | Saving at a/skeb/c_ell45-ee45bf.json
2026-07-04 05:51:36 | INFO     | OK https://skeb.jp/api/users/taka_reason
2026-07-04 05:51:36 | INFO     | Saving at a/skeb/taka_reason-714eee.json
2026-07-04 05:51:37 | INFO     | OK https://skeb.jp/api/users/Yottee0
2026-07-04 05:51:37 | INFO     | Saving at a/skeb/Yottee0-aab63c.json
2026-07-04 05:51:38 | INFO     | OK https://skeb.jp/api/users/ymr_sg
2026-07-04 05:51:38 | INFO     | Saving at a/skeb/ymr_sg-fafda0.json
2026-07-04 05:51:39 | WARNING  | 404 on https://skeb.jp/api/users/Iam_Ciikawa (attempt 2/3)
2026-07-04 05:51:40 | WARNING  | 404 on https://skeb.jp/api/users/soraumi2000_50_ (attempt 1/3)
2026-07-04 05:51:41 | INFO     | OK https://skeb.jp/api/users/Bani_555
2026-07-04 05:51:41 | INFO     | Saving at a/skeb/Bani_555-ef717d.json
2026-07-04 05:51:42 | INFO     | OK https://skeb.jp/api/users/ote_pi
2026-07-04 05:51:42 | INFO     | Saving at a/skeb/ote_pi-d11fbc.json
2026-07-04 05:51:43 | INFO     | OK https://skeb.jp/api/users/HAGUTYA
2026-07-04 05:51:43 | INFO     | Saving at a/skeb/HAGUTYA-a11160.json
2026-07-04 05:51:44 | INFO     | OK https://skeb.jp/api/users/katai_keno
2026-07-04 05:51:44 | INFO     | Saving at a/skeb/katai_keno-382a5e.json
2026-07-04 05:51:45 | WARNING  | 404 on https://skeb.jp/api/users/soraumi2000_50_ (attempt 2/3)
2026-07-04 05:51:46 | INFO     | OK https://skeb.jp/api/users/Mallomarururu
2026-07-04 05:51:46 | INFO     | Saving at a/skeb/Mallomarururu-574cd4.json
2026-07-04 05:51:47 | INFO     | OK https://skeb.jp/api/users/ohpoho
2026-07-04 05:51:47 | INFO     | Saving at a/skeb/ohpoho-85a566.json
2026-07-04 05:51:48 | INFO     | OK https://skeb.jp/api/users/sui_Ma_tyanf
2026-07-04 05:51:48 | INFO     | Saving at a/skeb/sui_Ma_tyanf-df7f30.json
2026-07-04 05:51:49 | INFO     | OK https://skeb.jp/api/users/rubeus9647
2026-07-04 05:51:49 | INFO     | Saving at a/skeb/rubeus9647-88f3be.json
2026-07-04 05:51:50 | INFO     | OK https://skeb.jp/api/users/solanum0_0
2026-07-04 05:51:50 | INFO     | Saving at a/skeb/solanum0_0-af5d76.json
2026-07-04 05:51:51 | INFO     | OK https://skeb.jp/api/users/kem_nekonounaji
2026-07-04 05:51:51 | INFO     | Saving at a/skeb/kem_nekonounaji-75a5c6.json
2026-07-04 05:51:52 | WARNING  | 404 on https://skeb.jp/api/users/Iam_Ciikawa (attempt 3/3)
2026-07-04 05:51:53 | INFO     | OK https://skeb.jp/api/users/F_F_Z
2026-07-04 05:51:53 | INFO     | Saving at a/skeb/F_F_Z-2af35f.json
2026-07-04 05:51:54 | INFO     | OK https://skeb.jp/api/users/amesi_su
2026-07-04 05:51:54 | INFO     | Saving at a/skeb/amesi_su-826457.json
2026-07-04 05:51:56 | WARNING  | 404 on https://skeb.jp/api/users/T4k73gqSZ26h5si (attempt 1/3)
2026-07-04 05:51:56 | INFO     | OK https://skeb.jp/api/users/sae_fox
2026-07-04 05:51:56 | INFO     | Saving at a/skeb/sae_fox-05fd47.json
2026-07-04 05:51:57 | INFO     | OK https://skeb.jp/api/users/ultimate_o_
2026-07-04 05:51:57 | INFO     | Saving at a/skeb/ultimate_o_-3e53b0.json
2026-07-04 05:51:58 | INFO     | OK https://skeb.jp/api/users/rough_Sx_diary
2026-07-04 05:51:58 | INFO     | Saving at a/skeb/rough_Sx_diary-21d7af.json
2026-07-04 05:51:59 | INFO     | OK https://skeb.jp/api/users/tree118925461
2026-07-04 05:51:59 | INFO     | Saving at a/skeb/tree118925461-b76c20.json
2026-07-04 05:52:00 | INFO     | OK https://skeb.jp/api/users/Let_us_Jo
2026-07-04 05:52:00 | INFO     | Saving at a/skeb/Let_us_Jo-ae9023.json
2026-07-04 05:52:01 | INFO     | OK https://skeb.jp/api/users/Lilly_kamise
2026-07-04 05:52:01 | INFO     | Saving at a/skeb/Lilly_kamise-ff595e.json
2026-07-04 05:52:02 | INFO     | OK https://skeb.jp/api/users/yone_yk
2026-07-04 05:52:02 | INFO     | Saving at a/skeb/yone_yk-05c198.json
2026-07-04 05:52:03 | INFO     | OK https://skeb.jp/api/users/y4_nexx
2026-07-04 05:52:03 | INFO     | Saving at a/skeb/y4_nexx-16295e.json
2026-07-04 05:52:04 | INFO     | OK https://skeb.jp/api/users/umapyoignachi
2026-07-04 05:52:04 | INFO     | Saving at a/skeb/umapyoignachi-55c53e.json
2026-07-04 05:52:06 | WARNING  | 404 on https://skeb.jp/api/users/T4k73gqSZ26h5si (attempt 2/3)
2026-07-04 05:52:06 | INFO     | OK https://skeb.jp/api/users/ikone1001
2026-07-04 05:52:06 | INFO     | Saving at a/skeb/ikone1001-7457d1.json
2026-07-04 05:52:07 | WARNING  | 404 on https://skeb.jp/api/users/8oSSUHCnXXz4tBp (attempt 1/3)
2026-07-04 05:52:08 | INFO     | OK https://skeb.jp/api/users/whiteassnow0
2026-07-04 05:52:08 | INFO     | Saving at a/skeb/whiteassnow0-24996a.json
2026-07-04 05:52:09 | WARNING  | 404 on https://skeb.jp/api/users/mimamorichan (attempt 1/3)
2026-07-04 05:52:10 | INFO     | OK https://skeb.jp/api/users/IO2b_
2026-07-04 05:52:10 | INFO     | Saving at a/skeb/IO2b_-78210f.json
2026-07-04 05:52:11 | WARNING  | 404 on https://skeb.jp/api/users/8oSSUHCnXXz4tBp (attempt 2/3)
2026-07-04 05:52:12 | INFO     | OK https://skeb.jp/api/users/utuha_fantasy
2026-07-04 05:52:12 | INFO     | Saving at a/skeb/utuha_fantasy-9799a0.json
2026-07-04 05:52:13 | INFO     | OK https://skeb.jp/api/users/sakura_megumi
2026-07-04 05:52:13 | INFO     | Saving at a/skeb/sakura_megumi-e42e5b.json
2026-07-04 05:52:14 | INFO     | OK https://skeb.jp/api/users/kii_obakemono
2026-07-04 05:52:14 | INFO     | Saving at a/skeb/kii_obakemono-1fd241.json
2026-07-04 05:52:15 | WARNING  | 404 on https://skeb.jp/api/users/kasha0927 (attempt 1/3)
2026-07-04 05:52:17 | WARNING  | 404 on https://skeb.jp/api/users/mimamorichan (attempt 2/3)
2026-07-04 05:52:18 | WARNING  | 404 on https://skeb.jp/api/users/8oSSUHCnXXz4tBp (attempt 3/3)
2026-07-04 05:52:18 | WARNING  | 404 on https://skeb.jp/api/users/toxizaki (attempt 1/3)
2026-07-04 05:52:19 | WARNING  | 404 on https://skeb.jp/api/users/kasha0927 (attempt 2/3)
2026-07-04 05:52:20 | WARNING  | 404 on https://skeb.jp/api/users/923kaku (attempt 1/3)
2026-07-04 05:52:21 | WARNING  | 404 on https://skeb.jp/api/users/mimamorichan (attempt 3/3)
2026-07-04 05:52:22 | WARNING  | 404 on https://skeb.jp/api/users/toxizaki (attempt 2/3)
2026-07-04 05:52:23 | INFO     | OK https://skeb.jp/api/users/timutitto
2026-07-04 05:52:23 | INFO     | Saving at a/skeb/timutitto-e66fbc.json
2026-07-04 05:52:24 | INFO     | OK https://skeb.jp/api/users/mo_he157
2026-07-04 05:52:24 | INFO     | Saving at a/skeb/mo_he157-525f5a.json
2026-07-04 05:52:26 | WARNING  | 404 on https://skeb.jp/api/users/T4k73gqSZ26h5si (attempt 3/3)
2026-07-04 05:52:26 | INFO     | OK https://skeb.jp/api/users/e_nnerurina
2026-07-04 05:52:26 | INFO     | Saving at a/skeb/e_nnerurina-581c11.json
2026-07-04 05:52:27 | INFO     | OK https://skeb.jp/api/users/nica_runica
2026-07-04 05:52:27 | INFO     | Saving at a/skeb/nica_runica-c85a09.json
2026-07-04 05:52:29 | WARNING  | 404 on https://skeb.jp/api/users/toxizaki (attempt 3/3)
2026-07-04 05:52:30 | WARNING  | 404 on https://skeb.jp/api/users/923kaku (attempt 2/3)
2026-07-04 05:52:30 | INFO     | OK https://skeb.jp/api/users/umemori33_E
2026-07-04 05:52:30 | INFO     | Saving at a/skeb/umemori33_E-3c212d.json
2026-07-04 05:52:31 | INFO     | OK https://skeb.jp/api/users/riokage_21
2026-07-04 05:52:31 | INFO     | Saving at a/skeb/riokage_21-ca2e0c.json
2026-07-04 05:52:33 | INFO     | OK https://skeb.jp/api/users/tokage_bu
2026-07-04 05:52:33 | INFO     | Saving at a/skeb/tokage_bu-e924ee.json
2026-07-04 05:52:33 | INFO     | OK https://skeb.jp/api/users/60T7GbzGyK8rbJK
2026-07-04 05:52:33 | INFO     | Saving at a/skeb/60T7GbzGyK8rbJK-d5f5f5.json
2026-07-04 05:52:34 | INFO     | OK https://skeb.jp/api/users/bonikakun
2026-07-04 05:52:34 | INFO     | Saving at a/skeb/bonikakun-d22a73.json
2026-07-04 05:52:35 | WARNING  | 404 on https://skeb.jp/api/users/923kaku (attempt 3/3)
2026-07-04 05:52:37 | WARNING  | 404 on https://skeb.jp/api/users/kasha0927 (attempt 3/3)
2026-07-04 05:52:38 | INFO     | OK https://skeb.jp/api/users/kkc_dbd
2026-07-04 05:52:38 | INFO     | Saving at a/skeb/kkc_dbd-f61311.json
2026-07-04 05:52:38 | INFO     | OK https://skeb.jp/api/users/iwa_nashi
2026-07-04 05:52:38 | INFO     | Saving at a/skeb/iwa_nashi-e985e9.json
2026-07-04 05:52:40 | INFO     | OK https://skeb.jp/api/users/tunaserver1
2026-07-04 05:52:40 | INFO     | Saving at a/skeb/tunaserver1-afabfc.json
2026-07-04 05:52:41 | INFO     | OK https://skeb.jp/api/users/PA_Ru6
2026-07-04 05:52:41 | INFO     | Saving at a/skeb/PA_Ru6-38f75d.json
2026-07-04 05:52:41 | INFO     | OK https://skeb.jp/api/users/zabtonel2
2026-07-04 05:52:41 | INFO     | Saving at a/skeb/zabtonel2-a16f3f.json
2026-07-04 05:52:42 | INFO     | OK https://skeb.jp/api/users/zCcDdWuTxg
2026-07-04 05:52:42 | INFO     | Saving at a/skeb/zCcDdWuTxg-bfb3c6.json
2026-07-04 05:52:43 | WARNING  | 404 on https://skeb.jp/api/users/oshino_Iriss (attempt 1/3)
2026-07-04 05:52:45 | INFO     | OK https://skeb.jp/api/users/TakeOnodera
2026-07-04 05:52:45 | INFO     | Saving at a/skeb/TakeOnodera-21c95f.json
2026-07-04 05:52:45 | WARNING  | 404 on https://skeb.jp/api/users/NOm0y0i (attempt 1/3)
2026-07-04 05:52:46 | INFO     | OK https://skeb.jp/api/users/gamed_7_8000
2026-07-04 05:52:46 | INFO     | Saving at a/skeb/gamed_7_8000-811e79.json
2026-07-04 05:52:47 | INFO     | OK https://skeb.jp/api/users/gojey5j
2026-07-04 05:52:47 | INFO     | Saving at a/skeb/gojey5j-a4a763.json
2026-07-04 05:52:48 | INFO     | OK https://skeb.jp/api/users/j0bcR
2026-07-04 05:52:48 | INFO     | Saving at a/skeb/j0bcR-d28458.json
2026-07-04 05:52:49 | INFO     | OK https://skeb.jp/api/users/Ysd227ssss
2026-07-04 05:52:49 | INFO     | Saving at a/skeb/Ysd227ssss-ca3f8a.json
2026-07-04 05:52:51 | WARNING  | 404 on https://skeb.jp/api/users/oshino_Iriss (attempt 2/3)
2026-07-04 05:52:52 | INFO     | OK https://skeb.jp/api/users/aki_tainu
2026-07-04 05:52:52 | INFO     | Saving at a/skeb/aki_tainu-8a0171.json
2026-07-04 05:52:53 | WARNING  | 404 on https://skeb.jp/api/users/NOm0y0i (attempt 2/3)
2026-07-04 05:52:53 | WARNING  | 404 on https://skeb.jp/api/users/polar_kuma62 (attempt 1/3)
2026-07-04 05:52:54 | WARNING  | 404 on https://skeb.jp/api/users/soraumi2000_50_ (attempt 3/3)
2026-07-04 05:52:55 | INFO     | OK https://skeb.jp/api/users/donadona6932
2026-07-04 05:52:55 | INFO     | Saving at a/skeb/donadona6932-7c359a.json
2026-07-04 05:52:56 | WARNING  | 404 on https://skeb.jp/api/users/polar_kuma62 (attempt 2/3)
2026-07-04 05:52:57 | INFO     | OK https://skeb.jp/api/users/mumu_kuro66
2026-07-04 05:52:57 | INFO     | Saving at a/skeb/mumu_kuro66-d9c287.json
2026-07-04 05:52:58 | INFO     | OK https://skeb.jp/api/users/raize0000
2026-07-04 05:52:58 | INFO     | Saving at a/skeb/raize0000-5f9983.json
2026-07-04 05:53:00 | INFO     | OK https://skeb.jp/api/users/jessica_cyan
2026-07-04 05:53:00 | INFO     | Saving at a/skeb/jessica_cyan-a37dfc.json
2026-07-04 05:53:01 | INFO     | OK https://skeb.jp/api/users/Positronika
2026-07-04 05:53:01 | INFO     | Saving at a/skeb/Positronika-c45f55.json
2026-07-04 05:53:02 | WARNING  | 404 on https://skeb.jp/api/users/NOm0y0i (attempt 3/3)
2026-07-04 05:53:02 | INFO     | OK https://skeb.jp/api/users/1000_omo
2026-07-04 05:53:02 | INFO     | Saving at a/skeb/1000_omo-138628.json
2026-07-04 05:53:03 | INFO     | OK https://skeb.jp/api/users/sifn0211
2026-07-04 05:53:03 | INFO     | Saving at a/skeb/sifn0211-5ceac3.json
2026-07-04 05:53:04 | INFO     | OK https://skeb.jp/api/users/69kamone
2026-07-04 05:53:04 | INFO     | Saving at a/skeb/69kamone-748cb2.json
2026-07-04 05:53:06 | INFO     | OK https://skeb.jp/api/users/yoiyami_matoi
2026-07-04 05:53:06 | INFO     | Saving at a/skeb/yoiyami_matoi-e00313.json
2026-07-04 05:53:06 | WARNING  | 404 on https://skeb.jp/api/users/Axnya (attempt 1/3)
2026-07-04 05:53:08 | WARNING  | 404 on https://skeb.jp/api/users/polar_kuma62 (attempt 3/3)
2026-07-04 05:53:08 | INFO     | OK https://skeb.jp/api/users/tyuryumaryu
2026-07-04 05:53:08 | INFO     | Saving at a/skeb/tyuryumaryu-29645a.json
2026-07-04 05:53:09 | INFO     | OK https://skeb.jp/api/users/KenjiroHayamiti
2026-07-04 05:53:09 | INFO     | Saving at a/skeb/KenjiroHayamiti-5c0aa8.json
2026-07-04 05:53:11 | INFO     | OK https://skeb.jp/api/users/naoto_moni
2026-07-04 05:53:11 | INFO     | Saving at a/skeb/naoto_moni-658278.json
2026-07-04 05:53:11 | WARNING  | 404 on https://skeb.jp/api/users/Axnya (attempt 2/3)
2026-07-04 05:53:12 | INFO     | OK https://skeb.jp/api/users/kohachi_h
2026-07-04 05:53:12 | INFO     | Saving at a/skeb/kohachi_h-eb3647.json
2026-07-04 05:53:13 | INFO     | OK https://skeb.jp/api/users/32hrcykun
2026-07-04 05:53:13 | INFO     | Saving at a/skeb/32hrcykun-b68010.json
2026-07-04 05:53:14 | WARNING  | 404 on https://skeb.jp/api/users/pgpcvDCE9G (attempt 1/3)
2026-07-04 05:53:16 | INFO     | OK https://skeb.jp/api/users/Mumei_7shinoV
2026-07-04 05:53:16 | INFO     | Saving at a/skeb/Mumei_7shinoV-d6393a.json
2026-07-04 05:53:16 | INFO     | OK https://skeb.jp/api/users/BNBNotk
2026-07-04 05:53:16 | INFO     | Saving at a/skeb/BNBNotk-0376d0.json
2026-07-04 05:53:18 | INFO     | OK https://skeb.jp/api/users/JunSuzumi
2026-07-04 05:53:18 | INFO     | Saving at a/skeb/JunSuzumi-69e925.json
2026-07-04 05:53:19 | WARNING  | 404 on https://skeb.jp/api/users/Axnya (attempt 3/3)
2026-07-04 05:53:19 | INFO     | OK https://skeb.jp/api/users/Samodora1030
2026-07-04 05:53:19 | INFO     | Saving at a/skeb/Samodora1030-cb6a7e.json
2026-07-04 05:53:20 | INFO     | OK https://skeb.jp/api/users/oimokawai
2026-07-04 05:53:20 | INFO     | Saving at a/skeb/oimokawai-4c708d.json
2026-07-04 05:53:21 | WARNING  | 404 on https://skeb.jp/api/users/aki_ra3_ (attempt 1/3)
2026-07-04 05:53:22 | INFO     | OK https://skeb.jp/api/users/to_kadbz
2026-07-04 05:53:22 | INFO     | Saving at a/skeb/to_kadbz-a1085b.json
2026-07-04 05:53:24 | INFO     | OK https://skeb.jp/api/users/hamuhanama
2026-07-04 05:53:24 | INFO     | Saving at a/skeb/hamuhanama-425337.json
2026-07-04 05:53:25 | INFO     | OK https://skeb.jp/api/users/ryuchangames
2026-07-04 05:53:25 | INFO     | Saving at a/skeb/ryuchangames-9fc9ab.json
2026-07-04 05:53:25 | INFO     | OK https://skeb.jp/api/users/DOGyamm
2026-07-04 05:53:25 | INFO     | Saving at a/skeb/DOGyamm-6e9f66.json
2026-07-04 05:53:26 | INFO     | OK https://skeb.jp/api/users/Saedelaere___
2026-07-04 05:53:26 | INFO     | Saving at a/skeb/Saedelaere___-5d508f.json
2026-07-04 05:53:27 | INFO     | OK https://skeb.jp/api/users/ohka_TH
2026-07-04 05:53:27 | INFO     | Saving at a/skeb/ohka_TH-e6260f.json
2026-07-04 05:53:28 | INFO     | OK https://skeb.jp/api/users/inu_neko_tori_
2026-07-04 05:53:28 | INFO     | Saving at a/skeb/inu_neko_tori_-173a38.json
2026-07-04 05:53:29 | INFO     | OK https://skeb.jp/api/users/KoinuNanika66
2026-07-04 05:53:29 | INFO     | Saving at a/skeb/KoinuNanika66-fefb0b.json
2026-07-04 05:53:30 | INFO     | OK https://skeb.jp/api/users/shituryou
2026-07-04 05:53:30 | INFO     | Saving at a/skeb/shituryou-cd5cfa.json
2026-07-04 05:53:32 | INFO     | OK https://skeb.jp/api/users/sakai_8724
2026-07-04 05:53:32 | INFO     | Saving at a/skeb/sakai_8724-ea0f91.json
2026-07-04 05:53:33 | WARNING  | 404 on https://skeb.jp/api/users/pgpcvDCE9G (attempt 2/3)
2026-07-04 05:53:33 | INFO     | OK https://skeb.jp/api/users/bahamuto11
2026-07-04 05:53:33 | INFO     | Saving at a/skeb/bahamuto11-b9d5db.json
2026-07-04 05:53:35 | INFO     | OK https://skeb.jp/api/users/Nakazako
2026-07-04 05:53:35 | INFO     | Saving at a/skeb/Nakazako-be7bcf.json
2026-07-04 05:53:35 | INFO     | OK https://skeb.jp/api/users/vvvmokavvvtube
2026-07-04 05:53:35 | INFO     | Saving at a/skeb/vvvmokavvvtube-614504.json
2026-07-04 05:53:36 | INFO     | OK https://skeb.jp/api/users/nikasasare
2026-07-04 05:53:36 | INFO     | Saving at a/skeb/nikasasare-54212e.json
2026-07-04 05:53:38 | INFO     | OK https://skeb.jp/api/users/paramieeee
2026-07-04 05:53:38 | INFO     | Saving at a/skeb/paramieeee-40a740.json
2026-07-04 05:53:39 | INFO     | OK https://skeb.jp/api/users/Kmy6030
2026-07-04 05:53:39 | INFO     | Saving at a/skeb/Kmy6030-d74507.json
2026-07-04 05:53:40 | INFO     | OK https://skeb.jp/api/users/amaya_ime
2026-07-04 05:53:40 | INFO     | Saving at a/skeb/amaya_ime-a34081.json
2026-07-04 05:53:41 | INFO     | OK https://skeb.jp/api/users/bisusu_do_byu
2026-07-04 05:53:41 | INFO     | Saving at a/skeb/bisusu_do_byu-94559e.json
2026-07-04 05:53:42 | INFO     | OK https://skeb.jp/api/users/domotteru
2026-07-04 05:53:42 | INFO     | Saving at a/skeb/domotteru-70063a.json
2026-07-04 05:53:43 | WARNING  | 404 on https://skeb.jp/api/users/aki_ra3_ (attempt 2/3)
2026-07-04 05:53:44 | WARNING  | 404 on https://skeb.jp/api/users/pgpcvDCE9G (attempt 3/3)
2026-07-04 05:53:45 | INFO     | OK https://skeb.jp/api/users/masagoryouichi
2026-07-04 05:53:45 | INFO     | Saving at a/skeb/masagoryouichi-9c7a5d.json
2026-07-04 05:53:46 | INFO     | OK https://skeb.jp/api/users/iyonosuke99
2026-07-04 05:53:46 | INFO     | Saving at a/skeb/iyonosuke99-fca7d3.json
2026-07-04 05:53:46 | WARNING  | 404 on https://skeb.jp/api/users/EDO__nyan (attempt 1/3)
2026-07-04 05:53:48 | INFO     | OK https://skeb.jp/api/users/as__ren
2026-07-04 05:53:48 | INFO     | Saving at a/skeb/as__ren-f141b9.json
2026-07-04 05:53:49 | INFO     | OK https://skeb.jp/api/users/Suzune0912
2026-07-04 05:53:49 | INFO     | Saving at a/skeb/Suzune0912-3efad9.json
2026-07-04 05:53:49 | WARNING  | 404 on https://skeb.jp/api/users/oshino_Iriss (attempt 3/3)
2026-07-04 05:53:51 | WARNING  | 404 on https://skeb.jp/api/users/aki_ra3_ (attempt 3/3)
2026-07-04 05:53:52 | INFO     | OK https://skeb.jp/api/users/akiaki_yuki
2026-07-04 05:53:52 | INFO     | Saving at a/skeb/akiaki_yuki-d7ff25.json
2026-07-04 05:53:53 | INFO     | OK https://skeb.jp/api/users/somatama0310
2026-07-04 05:53:53 | INFO     | Saving at a/skeb/somatama0310-8d2f49.json
2026-07-04 05:53:54 | INFO     | OK https://skeb.jp/api/users/hibamiya07
2026-07-04 05:53:54 | INFO     | Saving at a/skeb/hibamiya07-cc3f80.json
2026-07-04 05:53:55 | INFO     | OK https://skeb.jp/api/users/te09n30
2026-07-04 05:53:55 | INFO     | Saving at a/skeb/te09n30-f90ebc.json
2026-07-04 05:53:56 | WARNING  | 404 on https://skeb.jp/api/users/EDO__nyan (attempt 2/3)
2026-07-04 05:53:57 | INFO     | OK https://skeb.jp/api/users/shigure4902
2026-07-04 05:53:57 | INFO     | Saving at a/skeb/shigure4902-ef5cd2.json
2026-07-04 05:53:59 | WARNING  | 404 on https://skeb.jp/api/users/EDO__nyan (attempt 3/3)
2026-07-04 05:53:59 | INFO     |  --- SUMMARY REPORT --- 
  Sources Retreived    : 421
  Profiles Fetched     : 377
  Profile Missing      : 44
  Profile Rate Limited : 0
  Profile Error Others : 0

2026-07-04 05:53:59 | INFO     | Started creating static api data.
2026-07-04 05:55:50 | INFO     | Album index written to a/albums/index.json (340 albums)
