2026-06-27 12:05:50 | INFO     | Initialized Data Store.
2026-06-27 12:05:51 | INFO     | Client cookie found [request_key=a6f0a8b1:04d314cc;].
2026-06-27 12:05:51 | INFO     | Initialized Skeb Client with cipher: TLS_AES_128_GCM_SHA256:TLS_AES_256_GCM_SHA384:TLS_CHACHA20_POLY1305_SHA256:aECDHE:AESGCM:CHACHA20:!aNULL:!MD5:!DSS
2026-06-27 12:07:30 | INFO     | Ready to scrape 109816 items
2026-06-27 12:07:32 | INFO     | Requesting https://skeb.jp/api/users/onisu920
2026-06-27 12:07:32 | INFO     | Requesting https://skeb.jp/api/users/aroma42enola
2026-06-27 12:07:32 | INFO     | Requesting https://skeb.jp/api/users/rokkuma_kuma
2026-06-27 12:07:32 | ERROR    | fetch profile received is a blur banned image: {'id': 4375271, 'acceptable': True, 'creator': True, 'avatar_url': 'https://si.imgix.net/867e437f/uploads/origins/a9275de5-30c2-424c-9c23-ac3b9e52da41?w=4&h=4&blur=1576&s=a15f3ffc880a9c57016f1a5bd141204917e7d3bd43ebd6d84', 'name': 'onisu920', 'nsfw_acceptable': False, 'screen_name': 'onisu920', 'language': 'ja', 'header_url': 'https://si.imgix.net/867e437f/uploads/origins/a9275de5-30c2-424c-9c23-ac3b9e52da41?w=4&h=4&blur=1576&s=a15f3ffc880a9c57016f1a5bd141204917e7d3bd43ebd6d85', 'body_size': 2800, 'received_works_count': 17, 'received_nsfw_works_count': 5, 'sent_requests_average_cancel_time': None, 'appeal_receivable': True, 'request_master_rank': 12, 'first_requester_rank': 93, 'sent_first_works_count': 12, 'sent_public_works_count': 11, 'popular_creator_rank': 42, 'instruction': 'unspecified', 'asct': None, 'description': '', 'busy': False, 'url': None, 'show_social_profile': False, 'accept_expiration_days': 30, 'complete_expiration_days': 60, 'received_requests_average_response_time': 69863, 'completing_average_time': 3090, 'nc': 200, 'twitter_uid': '1120069515', 'user_service_links': [], 'banned': False, 'banned_by': '', 'complete_rate': 1.0, 'og_image_url': 'https://si.imgix.net/867e437f/uploads/origins/a9275de5-30c2-424c-9c23-ac3b9e52da41?w=4&h=4&blur=1576&s=a15f3ffc880a9c57016f1a5bd141204917e7d3bd43ebd6d87', 'nijie_id': None, 'dlsite_id': None, 'fanza_id': None, 'pixiv_id': None, 'booth_id': None, 'fantia_id': None, 'fanbox_id': None, 'skima_id': None, 'coconala_id': None, 'patreon_id': None, 'wishlist_id': None, 'youtube_id': None, 'acceptable_only_public': False, 'tip_acceptable': True, 'yearly_report_client_visible': False, 'total_appeals_count': 0, 'skills': [{'genre': 'art', 'default_amount': 5000}], 'payment_methods': {}, 'received_works': [{'path': '/@onisu920/works/111', 'private_thumbnail_image_urls': None, 'private': False, 'genre': 'art', 'tipped': False, 'creator_id': 4375271, 'vtt_url': None, 'thumbnail_image_urls': {'src': 'https://si.imgix.net/867e437f/uploads/origins/a9275de5-30c2-424c-9c23-ac3b9e52da41?w=4&h=4&blur=1576&s=a15f3ffc880a9c57016f1a5bd141204917e7d3bd43ebd6d86', 'srcset': 'https://si.imgix.net/867e437f/uploads/origins/a9275de5-30c2-424c-9c23-ac3b9e52da41?w=4&h=4&blur=1576&s=a15f3ffc880a9c57016f1a5bd141204917e7d3bd43ebd6d87,https://si.imgix.net/867e437f/uploads/origins/a9275de5-30c2-424c-9c23-ac3b9e52da41?w=4&h=4&blur=1576&s=a15f3ffc880a9c57016f1a5bd141204917e7d3bd43ebd6d82x,https://si.imgix.net/867e437f/uploads/origins/a9275de5-30c2-424c-9c23-ac3b9e52da41?w=4&h=4&blur=1576&s=a15f3ffc880a9c57016f1a5bd141204917e7d3bd43ebd6d83x,'}, 'duration': None, 'nsfw': False, 'hardcore': False, 'consored_thumbnail_image_urls': {'src': 'https://si.imgix.net/867e437f/uploads/origins/a9275de5-30c2-424c-9c23-ac3b9e52da41?w=4&h=4&blur=1576&s=a15f3ffc880a9c57016f1a5bd141204917e7d3bd43ebd6d86', 'srcset': 'https://si.imgix.net/867e437f/uploads/origins/a9275de5-30c2-424c-9c23-ac3b9e52da41?w=4&h=4&blur=1576&s=a15f3ffc880a9c57016f1a5bd141204917e7d3bd43ebd6d87,https://si.imgix.net/867e437f/uploads/origins/a9275de5-30c2-424c-9c23-ac3b9e52da41?w=4&h=4&blur=1576&s=a15f3ffc880a9c57016f1a5bd141204917e7d3bd43ebd6d82x,https://si.imgix.net/867e437f/uploads/origins/a9275de5-30c2-424c-9c23-ac3b9e52da41?w=4&h=4&blur=1576&s=a15f3ffc880a9c57016f1a5bd141204917e7d3bd43ebd6d83x,'}, 'body': '%a1%5f%99%55%45%a9%76%0c%6c%85%80%76%c2%25%4d%ab%e7%57%f0%7f%d5%95%9a%ce%ca%93%3a%39%6d%4e%36%6d%f7%56%68%51%fe%2a%12%25%44%6a%a6%f9%6a%0a%6d%f0%10%8d', 'nc': 72, 'word_count': 0, 'transcoder': 'image', 'creator_acceptable_same_genre': True}], 'sent_works': [], 'similar_creators': []}
2026-06-27 12:07:32 | ERROR    | Pipeline crashed unexpectedly
Traceback (most recent call last):
  File "/content/m/src/pipeline.py", line 33, in run
    await self._fetch_profiles_from_sources(sources)
  File "/content/m/src/pipeline.py", line 64, in _fetch_profiles_from_sources
    async for user in self.context.client.fetch_profiles(sources):
  File "/content/m/src/skeb_client.py", line 238, in fetch_profiles
    raise ValueError("Fetched a blur image")
ValueError: Fetched a blur image
2026-06-27 12:07:32 | INFO     |  --- SUMMARY REPORT --- 
  Sources Retreived    : 109816
  Profiles Fetched     : 0
  Profile Missing      : 0
  Profile Rate Limited : 0
  Profile Error Others : 0

2026-06-27 12:07:32 | INFO     | Started creating static api data.
2026-06-27 12:09:12 | INFO     | Album index written to a/albums/index.json (300 albums)
2026-06-27 12:09:12 | INFO     | Requesting https://skeb.jp/api/users/hitotose_kaede
2026-06-27 12:09:12 | INFO     | Requesting https://skeb.jp/api/users/ururur___1
2026-06-27 12:09:12 | INFO     | Requesting https://skeb.jp/api/users/turunokodou
2026-06-27 12:09:12 | INFO     | Requesting https://skeb.jp/api/users/Hyphessobycon
