2026-08-25 02:42:28 | INFO     | Initialized Data Store.
2026-08-25 02:42:29 | INFO     | Homepage GET status=200 (attempt 1/3)
2026-08-25 02:42:29 | WARNING  | request_key not found in homepage HTML (status=200).
2026-08-25 02:42:29 | INFO     | SkebClient ready (impersonate=chrome120, rate=1.0/s, concurrency=10, max_runtime=10800s)
2026-08-25 02:44:10 | INFO     | Ready to scrape 80 items
2026-08-25 02:44:10 | WARNING  | 404 on https://skeb.jp/api/users/T4k73gqSZ26h5si (attempt 1/3)
2026-08-25 02:44:11 | INFO     | OK https://skeb.jp/api/users/mom_rur
2026-08-25 02:44:11 | INFO     | Saving at a/skeb/mom_rur-03578e.json
2026-08-25 02:44:12 | WARNING  | 404 on https://skeb.jp/api/users/p_pfp5 (attempt 1/3)
2026-08-25 02:44:13 | INFO     | OK https://skeb.jp/api/users/VTuber_NoeMeiteosu
2026-08-25 02:44:13 | INFO     | Saving at a/skeb/VTuber_NoeMeiteosu-e042e4.json
2026-08-25 02:44:14 | WARNING  | 404 on https://skeb.jp/api/users/T4k73gqSZ26h5si (attempt 2/3)
2026-08-25 02:44:15 | WARNING  | 404 on https://skeb.jp/api/users/scy2222 (attempt 1/3)
2026-08-25 02:44:16 | WARNING  | 404 on https://skeb.jp/api/users/ghcfujfc1 (attempt 1/3)
2026-08-25 02:44:17 | WARNING  | 404 on https://skeb.jp/api/users/p_pfp5 (attempt 2/3)
2026-08-25 02:44:18 | INFO     | OK https://skeb.jp/api/users/chibirocky
2026-08-25 02:44:18 | INFO     | Saving at a/skeb/chibirocky-dbbb11.json
2026-08-25 02:44:19 | WARNING  | 404 on https://skeb.jp/api/users/scy2222 (attempt 2/3)
2026-08-25 02:44:20 | INFO     | OK https://skeb.jp/api/users/Huji_light
2026-08-25 02:44:20 | INFO     | Saving at a/skeb/Huji_light-a62368.json
2026-08-25 02:44:21 | INFO     | OK https://skeb.jp/api/users/seuyu_wabisabi
2026-08-25 02:44:21 | INFO     | Saving at a/skeb/seuyu_wabisabi-cf1fac.json
2026-08-25 02:44:22 | WARNING  | 404 on https://skeb.jp/api/users/ghcfujfc1 (attempt 2/3)
2026-08-25 02:44:23 | WARNING  | 404 on https://skeb.jp/api/users/p_pfp5 (attempt 3/3)
2026-08-25 02:44:24 | WARNING  | 404 on https://skeb.jp/api/users/T4k73gqSZ26h5si (attempt 3/3)
2026-08-25 02:44:25 | WARNING  | 404 on https://skeb.jp/api/users/se3ifinal (attempt 1/3)
2026-08-25 02:44:26 | INFO     | OK https://skeb.jp/api/users/Charles_n
2026-08-25 02:44:26 | INFO     | Saving at a/skeb/Charles_n-593943.json
2026-08-25 02:44:27 | WARNING  | 404 on https://skeb.jp/api/users/kotonesansukida (attempt 1/3)
2026-08-25 02:44:28 | WARNING  | 404 on https://skeb.jp/api/users/soraumi2000_50_ (attempt 1/3)
2026-08-25 02:44:29 | WARNING  | 404 on https://skeb.jp/api/users/nattamati_ (attempt 1/3)
2026-08-25 02:44:30 | INFO     | OK https://skeb.jp/api/users/Katze_nest
2026-08-25 02:44:30 | INFO     | Saving at a/skeb/Katze_nest-2eb133.json
2026-08-25 02:44:31 | WARNING  | 404 on https://skeb.jp/api/users/se3ifinal (attempt 2/3)
2026-08-25 02:44:32 | WARNING  | 404 on https://skeb.jp/api/users/kotonesansukida (attempt 2/3)
2026-08-25 02:44:33 | WARNING  | 404 on https://skeb.jp/api/users/meguru_nero (attempt 1/3)
2026-08-25 02:44:34 | WARNING  | 404 on https://skeb.jp/api/users/ghcfujfc1 (attempt 3/3)
2026-08-25 02:44:35 | INFO     | OK https://skeb.jp/api/users/KoroVR
2026-08-25 02:44:35 | INFO     | Saving at a/skeb/KoroVR-7b9ce6.json
2026-08-25 02:44:36 | INFO     | OK https://skeb.jp/api/users/buku_arupaka
2026-08-25 02:44:36 | INFO     | Saving at a/skeb/buku_arupaka-ab5aa8.json
2026-08-25 02:44:37 | WARNING  | 404 on https://skeb.jp/api/users/soraumi2000_50_ (attempt 2/3)
2026-08-25 02:44:38 | WARNING  | 404 on https://skeb.jp/api/users/se3ifinal (attempt 3/3)
2026-08-25 02:44:39 | WARNING  | 404 on https://skeb.jp/api/users/scy2222 (attempt 3/3)
2026-08-25 02:44:40 | WARNING  | 404 on https://skeb.jp/api/users/kotonesansukida (attempt 3/3)
2026-08-25 02:44:41 | INFO     | OK https://skeb.jp/api/users/_g_u_n_d_a_m_
2026-08-25 02:44:41 | INFO     | Saving at a/skeb/_g_u_n_d_a_m_-779cf6.json
2026-08-25 02:44:42 | WARNING  | 404 on https://skeb.jp/api/users/soraumi2000_50_ (attempt 3/3)
2026-08-25 02:44:43 | WARNING  | 404 on https://skeb.jp/api/users/nattamati_ (attempt 2/3)
2026-08-25 02:44:44 | WARNING  | 404 on https://skeb.jp/api/users/Geshi_to_ (attempt 1/3)
2026-08-25 02:44:45 | WARNING  | 404 on https://skeb.jp/api/users/Uo_oU_us (attempt 1/3)
2026-08-25 02:44:46 | WARNING  | 404 on https://skeb.jp/api/users/yamin_himamo23 (attempt 1/3)
2026-08-25 02:44:47 | WARNING  | 404 on https://skeb.jp/api/users/toxizaki (attempt 1/3)
2026-08-25 02:44:48 | WARNING  | 404 on https://skeb.jp/api/users/Iam_Ciikawa (attempt 1/3)
2026-08-25 02:44:49 | WARNING  | 404 on https://skeb.jp/api/users/Uo_oU_us (attempt 2/3)
2026-08-25 02:44:50 | WARNING  | 404 on https://skeb.jp/api/users/meguru_nero (attempt 2/3)
2026-08-25 02:44:51 | WARNING  | 404 on https://skeb.jp/api/users/nattamati_ (attempt 3/3)
2026-08-25 02:44:52 | INFO     | OK https://skeb.jp/api/users/haruharu000618
2026-08-25 02:44:52 | INFO     | Saving at a/skeb/haruharu000618-eb5b66.json
2026-08-25 02:44:53 | WARNING  | 404 on https://skeb.jp/api/users/toxizaki (attempt 2/3)
2026-08-25 02:44:54 | WARNING  | 404 on https://skeb.jp/api/users/Uo_oU_us (attempt 3/3)
2026-08-25 02:44:55 | WARNING  | 404 on https://skeb.jp/api/users/Geshi_to_ (attempt 2/3)
2026-08-25 02:44:56 | WARNING  | 404 on https://skeb.jp/api/users/Iam_Ciikawa (attempt 2/3)
2026-08-25 02:44:57 | WARNING  | 404 on https://skeb.jp/api/users/sakayama_lazuli (attempt 1/3)
2026-08-25 02:44:58 | WARNING  | 404 on https://skeb.jp/api/users/yamin_himamo23 (attempt 2/3)
2026-08-25 02:44:59 | WARNING  | 404 on https://skeb.jp/api/users/vHoo__ (attempt 1/3)
2026-08-25 02:45:00 | WARNING  | 404 on https://skeb.jp/api/users/Geshi_to_ (attempt 3/3)
2026-08-25 02:45:01 | WARNING  | 404 on https://skeb.jp/api/users/Iam_Ciikawa (attempt 3/3)
2026-08-25 02:45:02 | WARNING  | 404 on https://skeb.jp/api/users/toxizaki (attempt 3/3)
2026-08-25 02:45:03 | INFO     | OK https://skeb.jp/api/users/lovely_n_875
2026-08-25 02:45:03 | INFO     | Saving at a/skeb/lovely_n_875-0d4195.json
2026-08-25 02:45:04 | WARNING  | 404 on https://skeb.jp/api/users/kokorono_376 (attempt 1/3)
2026-08-25 02:45:05 | INFO     | OK https://skeb.jp/api/users/kanarishoka
2026-08-25 02:45:05 | INFO     | Saving at a/skeb/kanarishoka-9b8141.json
2026-08-25 02:45:06 | WARNING  | 404 on https://skeb.jp/api/users/Ryuzi_27 (attempt 1/3)
2026-08-25 02:45:07 | WARNING  | 404 on https://skeb.jp/api/users/meguru_nero (attempt 3/3)
2026-08-25 02:45:08 | WARNING  | 404 on https://skeb.jp/api/users/vHoo__ (attempt 2/3)
2026-08-25 02:45:09 | WARNING  | 404 on https://skeb.jp/api/users/m3x3_sk (attempt 1/3)
2026-08-25 02:45:10 | INFO     | OK https://skeb.jp/api/users/sela_ulexite
2026-08-25 02:45:10 | INFO     | Saving at a/skeb/sela_ulexite-212141.json
2026-08-25 02:45:11 | WARNING  | 404 on https://skeb.jp/api/users/polar_kuma62 (attempt 1/3)
2026-08-25 02:45:12 | WARNING  | 404 on https://skeb.jp/api/users/m3x3_sk (attempt 2/3)
2026-08-25 02:45:13 | WARNING  | 404 on https://skeb.jp/api/users/nyatta_san (attempt 1/3)
2026-08-25 02:45:14 | WARNING  | 404 on https://skeb.jp/api/users/polar_kuma62 (attempt 2/3)
2026-08-25 02:45:15 | WARNING  | 404 on https://skeb.jp/api/users/Ryuzi_27 (attempt 2/3)
2026-08-25 02:45:16 | INFO     | OK https://skeb.jp/api/users/itarikosi
2026-08-25 02:45:16 | INFO     | Saving at a/skeb/itarikosi-0ae9a9.json
2026-08-25 02:45:17 | WARNING  | 404 on https://skeb.jp/api/users/yamin_himamo23 (attempt 3/3)
2026-08-25 02:45:18 | WARNING  | 404 on https://skeb.jp/api/users/kokorono_376 (attempt 2/3)
2026-08-25 02:45:19 | WARNING  | 404 on https://skeb.jp/api/users/polar_kuma62 (attempt 3/3)
2026-08-25 02:45:20 | WARNING  | 404 on https://skeb.jp/api/users/nyatta_san (attempt 2/3)
2026-08-25 02:45:21 | INFO     | OK https://skeb.jp/api/users/lavender1022x
2026-08-25 02:45:21 | INFO     | Saving at a/skeb/lavender1022x-b86b1e.json
2026-08-25 02:45:22 | WARNING  | 404 on https://skeb.jp/api/users/sakayama_lazuli (attempt 2/3)
2026-08-25 02:45:23 | WARNING  | 404 on https://skeb.jp/api/users/m3x3_sk (attempt 3/3)
2026-08-25 02:45:24 | WARNING  | 404 on https://skeb.jp/api/users/kokorono_376 (attempt 3/3)
2026-08-25 02:45:25 | WARNING  | 404 on https://skeb.jp/api/users/3hankikan0220 (attempt 1/3)
2026-08-25 02:45:26 | INFO     | OK https://skeb.jp/api/users/keiren0827
2026-08-25 02:45:26 | INFO     | Saving at a/skeb/keiren0827-f3c421.json
2026-08-25 02:45:27 | WARNING  | 404 on https://skeb.jp/api/users/EDO__nyan (attempt 1/3)
2026-08-25 02:45:28 | WARNING  | 404 on https://skeb.jp/api/users/lkjeudnduy44 (attempt 1/3)
2026-08-25 02:45:29 | WARNING  | 404 on https://skeb.jp/api/users/3hankikan0220 (attempt 2/3)
2026-08-25 02:45:30 | WARNING  | 404 on https://skeb.jp/api/users/sakayama_lazuli (attempt 3/3)
2026-08-25 02:45:31 | WARNING  | 404 on https://skeb.jp/api/users/killy810 (attempt 1/3)
2026-08-25 02:45:32 | WARNING  | 404 on https://skeb.jp/api/users/nyatta_san (attempt 3/3)
2026-08-25 02:45:33 | INFO     | OK https://skeb.jp/api/users/3igi3a
2026-08-25 02:45:33 | INFO     | Saving at a/skeb/3igi3a-3fc094.json
2026-08-25 02:45:34 | WARNING  | 404 on https://skeb.jp/api/users/vHoo__ (attempt 3/3)
2026-08-25 02:45:35 | INFO     | OK https://skeb.jp/api/users/sugar__sorbet
2026-08-25 02:45:35 | INFO     | Saving at a/skeb/sugar__sorbet-541557.json
2026-08-25 02:45:36 | WARNING  | 404 on https://skeb.jp/api/users/killy810 (attempt 2/3)
2026-08-25 02:45:37 | WARNING  | 404 on https://skeb.jp/api/users/3hankikan0220 (attempt 3/3)
2026-08-25 02:45:38 | WARNING  | 404 on https://skeb.jp/api/users/Axnya (attempt 1/3)
2026-08-25 02:45:39 | WARNING  | 404 on https://skeb.jp/api/users/mimei_Illust (attempt 1/3)
2026-08-25 02:45:40 | WARNING  | 404 on https://skeb.jp/api/users/lkjeudnduy44 (attempt 2/3)
2026-08-25 02:45:41 | WARNING  | 404 on https://skeb.jp/api/users/Axnya (attempt 2/3)
2026-08-25 02:45:42 | WARNING  | 404 on https://skeb.jp/api/users/EDO__nyan (attempt 2/3)
2026-08-25 02:45:43 | WARNING  | 404 on https://skeb.jp/api/users/mimei_Illust (attempt 2/3)
2026-08-25 02:45:44 | WARNING  | 404 on https://skeb.jp/api/users/kagoyama_sns (attempt 1/3)
2026-08-25 02:45:45 | INFO     | OK https://skeb.jp/api/users/zwei15405806
2026-08-25 02:45:45 | INFO     | Saving at a/skeb/zwei15405806-bcf3f4.json
2026-08-25 02:45:46 | INFO     | OK https://skeb.jp/api/users/maXxXimam
2026-08-25 02:45:46 | INFO     | Saving at a/skeb/maXxXimam-8633e9.json
2026-08-25 02:45:47 | INFO     | OK https://skeb.jp/api/users/totomui61
2026-08-25 02:45:47 | INFO     | Saving at a/skeb/totomui61-040156.json
2026-08-25 02:45:48 | WARNING  | 404 on https://skeb.jp/api/users/EDO__nyan (attempt 3/3)
2026-08-25 02:45:49 | WARNING  | 404 on https://skeb.jp/api/users/mimei_Illust (attempt 3/3)
2026-08-25 02:45:50 | INFO     | OK https://skeb.jp/api/users/r19Xrated
2026-08-25 02:45:50 | INFO     | Saving at a/skeb/r19Xrated-3d5a88.json
2026-08-25 02:45:51 | WARNING  | 404 on https://skeb.jp/api/users/Ryuzi_27 (attempt 3/3)
2026-08-25 02:45:52 | WARNING  | 404 on https://skeb.jp/api/users/oshino_Iriss (attempt 1/3)
2026-08-25 02:45:53 | INFO     | OK https://skeb.jp/api/users/ZENTOUZENYA_
2026-08-25 02:45:53 | INFO     | Saving at a/skeb/ZENTOUZENYA_-a98646.json
2026-08-25 02:45:54 | WARNING  | 404 on https://skeb.jp/api/users/_meruruto_ (attempt 1/3)
2026-08-25 02:45:55 | WARNING  | 404 on https://skeb.jp/api/users/Axnya (attempt 3/3)
2026-08-25 02:45:56 | WARNING  | 404 on https://skeb.jp/api/users/killy810 (attempt 3/3)
2026-08-25 02:45:57 | INFO     | OK https://skeb.jp/api/users/sidu_r18
2026-08-25 02:45:57 | INFO     | Saving at a/skeb/sidu_r18-1cd287.json
2026-08-25 02:45:58 | INFO     | OK https://skeb.jp/api/users/ominson
2026-08-25 02:45:58 | INFO     | Saving at a/skeb/ominson-053bab.json
2026-08-25 02:45:59 | WARNING  | 404 on https://skeb.jp/api/users/Henzu_23 (attempt 1/3)
2026-08-25 02:46:00 | WARNING  | 404 on https://skeb.jp/api/users/fukafuka_no_inu (attempt 1/3)
2026-08-25 02:46:01 | INFO     | OK https://skeb.jp/api/users/Nudagan
2026-08-25 02:46:01 | INFO     | Saving at a/skeb/Nudagan-8a6e10.json
2026-08-25 02:46:02 | WARNING  | 404 on https://skeb.jp/api/users/oshino_Iriss (attempt 2/3)
2026-08-25 02:46:03 | INFO     | OK https://skeb.jp/api/users/LABO9696
2026-08-25 02:46:03 | INFO     | Saving at a/skeb/LABO9696-0ef552.json
2026-08-25 02:46:04 | WARNING  | 404 on https://skeb.jp/api/users/8oSSUHCnXXz4tBp (attempt 1/3)
2026-08-25 02:46:05 | WARNING  | 404 on https://skeb.jp/api/users/mimamorichan (attempt 1/3)
2026-08-25 02:46:07 | WARNING  | 404 on https://skeb.jp/api/users/fukafuka_no_inu (attempt 2/3)
2026-08-25 02:46:07 | WARNING  | 404 on https://skeb.jp/api/users/_meruruto_ (attempt 2/3)
2026-08-25 02:46:08 | WARNING  | 404 on https://skeb.jp/api/users/mimamorichan (attempt 2/3)
2026-08-25 02:46:09 | WARNING  | 404 on https://skeb.jp/api/users/pgpcvDCE9G (attempt 1/3)
2026-08-25 02:46:10 | WARNING  | 404 on https://skeb.jp/api/users/oshino_Iriss (attempt 3/3)
2026-08-25 02:46:11 | WARNING  | 404 on https://skeb.jp/api/users/Henzu_23 (attempt 2/3)
2026-08-25 02:46:12 | WARNING  | 404 on https://skeb.jp/api/users/fukafuka_no_inu (attempt 3/3)
2026-08-25 02:46:13 | WARNING  | 404 on https://skeb.jp/api/users/pgpcvDCE9G (attempt 2/3)
2026-08-25 02:46:15 | WARNING  | 404 on https://skeb.jp/api/users/_meruruto_ (attempt 3/3)
2026-08-25 02:46:15 | WARNING  | 404 on https://skeb.jp/api/users/mimamorichan (attempt 3/3)
2026-08-25 02:46:16 | WARNING  | 404 on https://skeb.jp/api/users/8oSSUHCnXXz4tBp (attempt 2/3)
2026-08-25 02:46:17 | WARNING  | 404 on https://skeb.jp/api/users/Henzu_23 (attempt 3/3)
2026-08-25 02:46:18 | WARNING  | 404 on https://skeb.jp/api/users/NOm0y0i (attempt 1/3)
2026-08-25 02:46:19 | WARNING  | 404 on https://skeb.jp/api/users/Genkyou (attempt 1/3)
2026-08-25 02:46:20 | WARNING  | 404 on https://skeb.jp/api/users/pgpcvDCE9G (attempt 3/3)
2026-08-25 02:46:21 | INFO     | OK https://skeb.jp/api/users/Py0n1127
2026-08-25 02:46:21 | INFO     | Saving at a/skeb/Py0n1127-ae375e.json
2026-08-25 02:46:22 | WARNING  | 404 on https://skeb.jp/api/users/NOm0y0i (attempt 2/3)
2026-08-25 02:46:23 | WARNING  | 404 on https://skeb.jp/api/users/kagoyama_sns (attempt 2/3)
2026-08-25 02:46:24 | WARNING  | 404 on https://skeb.jp/api/users/fm7hxj (attempt 1/3)
2026-08-25 02:46:25 | WARNING  | 404 on https://skeb.jp/api/users/Llu_ulg (attempt 1/3)
2026-08-25 02:46:26 | WARNING  | 404 on https://skeb.jp/api/users/lkjeudnduy44 (attempt 3/3)
2026-08-25 02:46:27 | WARNING  | 404 on https://skeb.jp/api/users/Genkyou (attempt 2/3)
2026-08-25 02:46:28 | WARNING  | 404 on https://skeb.jp/api/users/kasha0927 (attempt 1/3)
2026-08-25 02:46:29 | WARNING  | 404 on https://skeb.jp/api/users/kagoyama_sns (attempt 3/3)
2026-08-25 02:46:30 | INFO     | OK https://skeb.jp/api/users/usagi_drive
2026-08-25 02:46:30 | INFO     | Saving at a/skeb/usagi_drive-7f4d02.json
2026-08-25 02:46:31 | WARNING  | 404 on https://skeb.jp/api/users/kasha0927 (attempt 2/3)
2026-08-25 02:46:32 | WARNING  | 404 on https://skeb.jp/api/users/fm7hxj (attempt 2/3)
2026-08-25 02:46:33 | WARNING  | 404 on https://skeb.jp/api/users/aki_ra3_ (attempt 1/3)
2026-08-25 02:46:34 | WARNING  | 404 on https://skeb.jp/api/users/Genkyou (attempt 3/3)
2026-08-25 02:46:35 | WARNING  | 404 on https://skeb.jp/api/users/Llu_ulg (attempt 2/3)
2026-08-25 02:46:36 | WARNING  | 404 on https://skeb.jp/api/users/kiNero30901 (attempt 1/3)
2026-08-25 02:46:37 | WARNING  | 404 on https://skeb.jp/api/users/kasha0927 (attempt 3/3)
2026-08-25 02:46:38 | INFO     | OK https://skeb.jp/api/users/kokoyu66
2026-08-25 02:46:38 | INFO     | Saving at a/skeb/kokoyu66-ba0f28.json
2026-08-25 02:46:39 | WARNING  | 404 on https://skeb.jp/api/users/NOm0y0i (attempt 3/3)
2026-08-25 02:46:40 | WARNING  | 404 on https://skeb.jp/api/users/fm7hxj (attempt 3/3)
2026-08-25 02:46:41 | WARNING  | 404 on https://skeb.jp/api/users/kiNero30901 (attempt 2/3)
2026-08-25 02:46:42 | WARNING  | 404 on https://skeb.jp/api/users/77_t2w (attempt 1/3)
2026-08-25 02:46:43 | WARNING  | 404 on https://skeb.jp/api/users/29Kota2 (attempt 1/3)
2026-08-25 02:46:44 | WARNING  | 404 on https://skeb.jp/api/users/923kaku (attempt 1/3)
2026-08-25 02:46:45 | WARNING  | 404 on https://skeb.jp/api/users/77_t2w (attempt 2/3)
2026-08-25 02:46:46 | WARNING  | 404 on https://skeb.jp/api/users/8oSSUHCnXXz4tBp (attempt 3/3)
2026-08-25 02:46:47 | WARNING  | 404 on https://skeb.jp/api/users/kiNero30901 (attempt 3/3)
2026-08-25 02:46:48 | WARNING  | 404 on https://skeb.jp/api/users/aki_ra3_ (attempt 2/3)
2026-08-25 02:46:50 | WARNING  | 404 on https://skeb.jp/api/users/29Kota2 (attempt 2/3)
2026-08-25 02:46:50 | WARNING  | 404 on https://skeb.jp/api/users/Llu_ulg (attempt 3/3)
2026-08-25 02:46:51 | INFO     | OK https://skeb.jp/api/users/katsumirah2
2026-08-25 02:46:51 | INFO     | Saving at a/skeb/katsumirah2-e836ae.json
2026-08-25 02:46:52 | INFO     | OK https://skeb.jp/api/users/hiiro_aiiro_
2026-08-25 02:46:52 | INFO     | Saving at a/skeb/hiiro_aiiro_-ed857a.json
2026-08-25 02:46:53 | WARNING  | 404 on https://skeb.jp/api/users/77_t2w (attempt 3/3)
2026-08-25 02:46:54 | WARNING  | 404 on https://skeb.jp/api/users/aki_ra3_ (attempt 3/3)
2026-08-25 02:46:55 | WARNING  | 404 on https://skeb.jp/api/users/29Kota2 (attempt 3/3)
2026-08-25 02:46:56 | WARNING  | 404 on https://skeb.jp/api/users/ronn_irai (attempt 1/3)
2026-08-25 02:46:57 | WARNING  | 404 on https://skeb.jp/api/users/923kaku (attempt 2/3)
2026-08-25 02:46:58 | INFO     | OK https://skeb.jp/api/users/KARAKURI_Dool
2026-08-25 02:46:58 | INFO     | Saving at a/skeb/KARAKURI_Dool-4f8244.json
2026-08-25 02:46:59 | WARNING  | 404 on https://skeb.jp/api/users/ronn_irai (attempt 2/3)
2026-08-25 02:47:01 | WARNING  | 404 on https://skeb.jp/api/users/923kaku (attempt 3/3)
2026-08-25 02:47:03 | WARNING  | 404 on https://skeb.jp/api/users/ronn_irai (attempt 3/3)
2026-08-25 02:47:03 | INFO     |  --- SUMMARY REPORT --- 
  Sources Retreived    : 80
  Profiles Fetched     : 34
  Profile Missing      : 46
  Profile Rate Limited : 0
  Profile Error Others : 0

2026-08-25 02:47:03 | INFO     | Started creating static api data.
2026-08-25 02:48:51 | INFO     | Album index written to a/albums/index.json (452 albums)
