2026-10-04 03:41:32 | INFO     | Initialized Data Store.
2026-10-04 03:41:33 | INFO     | Homepage GET status=200 (attempt 1/3)
2026-10-04 03:41:33 | WARNING  | request_key not found in homepage HTML (status=200).
2026-10-04 03:41:33 | INFO     | SkebClient ready (impersonate=chrome120, rate=1.0/s, concurrency=10, max_runtime=10800s)
2026-10-04 03:43:15 | INFO     | Ready to scrape 340 items
2026-10-04 03:43:16 | INFO     | OK https://skeb.jp/api/users/hoshi_0518
2026-10-04 03:43:16 | INFO     | Saving at a/skeb/hoshi_0518-3c8288.json
2026-10-04 03:43:17 | INFO     | OK https://skeb.jp/api/users/azusa_pr012
2026-10-04 03:43:17 | INFO     | Saving at a/skeb/azusa_pr012-4b04aa.json
2026-10-04 03:43:18 | INFO     | OK https://skeb.jp/api/users/nfts_uvu_abyss
2026-10-04 03:43:18 | INFO     | Saving at a/skeb/nfts_uvu_abyss-db2a57.json
2026-10-04 03:43:19 | INFO     | OK https://skeb.jp/api/users/CYOBIROS
2026-10-04 03:43:19 | INFO     | Saving at a/skeb/CYOBIROS-06a122.json
2026-10-04 03:43:20 | INFO     | OK https://skeb.jp/api/users/fuyoyo_chan
2026-10-04 03:43:20 | INFO     | Saving at a/skeb/fuyoyo_chan-f0b8a7.json
2026-10-04 03:43:21 | INFO     | OK https://skeb.jp/api/users/honeylight121
2026-10-04 03:43:21 | INFO     | Saving at a/skeb/honeylight121-1eaa4e.json
2026-10-04 03:43:22 | INFO     | OK https://skeb.jp/api/users/6hGvMtAeic
2026-10-04 03:43:22 | INFO     | Saving at a/skeb/6hGvMtAeic-5b50cf.json
2026-10-04 03:43:23 | INFO     | OK https://skeb.jp/api/users/awadama_024
2026-10-04 03:43:23 | INFO     | Saving at a/skeb/awadama_024-1ad725.json
2026-10-04 03:43:24 | INFO     | OK https://skeb.jp/api/users/gyugyudayo
2026-10-04 03:43:24 | INFO     | Saving at a/skeb/gyugyudayo-e97953.json
2026-10-04 03:43:25 | INFO     | OK https://skeb.jp/api/users/x_x_unknown
2026-10-04 03:43:25 | INFO     | Saving at a/skeb/x_x_unknown-fa4588.json
2026-10-04 03:43:26 | WARNING  | 404 on https://skeb.jp/api/users/3hankikan0220 (attempt 1/3)
2026-10-04 03:43:27 | INFO     | OK https://skeb.jp/api/users/6a_zzz_
2026-10-04 03:43:27 | INFO     | Saving at a/skeb/6a_zzz_-500a9d.json
2026-10-04 03:43:28 | INFO     | OK https://skeb.jp/api/users/n_nejico
2026-10-04 03:43:28 | INFO     | Saving at a/skeb/n_nejico-694aae.json
2026-10-04 03:43:29 | INFO     | OK https://skeb.jp/api/users/higa4yade
2026-10-04 03:43:29 | INFO     | Saving at a/skeb/higa4yade-97da12.json
2026-10-04 03:43:30 | INFO     | OK https://skeb.jp/api/users/bokuwatashi012
2026-10-04 03:43:30 | INFO     | Saving at a/skeb/bokuwatashi012-f121a5.json
2026-10-04 03:43:31 | INFO     | OK https://skeb.jp/api/users/reizouko_npurin
2026-10-04 03:43:31 | INFO     | Saving at a/skeb/reizouko_npurin-773175.json
2026-10-04 03:43:32 | WARNING  | 404 on https://skeb.jp/api/users/3hankikan0220 (attempt 2/3)
2026-10-04 03:43:33 | INFO     | OK https://skeb.jp/api/users/yuzu_ga_suki16
2026-10-04 03:43:33 | INFO     | Saving at a/skeb/yuzu_ga_suki16-b27250.json
2026-10-04 03:43:34 | INFO     | OK https://skeb.jp/api/users/nkt_susk
2026-10-04 03:43:34 | INFO     | Saving at a/skeb/nkt_susk-506306.json
2026-10-04 03:43:35 | INFO     | OK https://skeb.jp/api/users/ksrsera37
2026-10-04 03:43:35 | INFO     | Saving at a/skeb/ksrsera37-69644e.json
2026-10-04 03:43:36 | INFO     | OK https://skeb.jp/api/users/genju_hokan
2026-10-04 03:43:36 | INFO     | Saving at a/skeb/genju_hokan-541224.json
2026-10-04 03:43:37 | INFO     | OK https://skeb.jp/api/users/NaOH_kaeru
2026-10-04 03:43:37 | INFO     | Saving at a/skeb/NaOH_kaeru-ee2e91.json
2026-10-04 03:43:38 | WARNING  | 404 on https://skeb.jp/api/users/77_t2w (attempt 1/3)
2026-10-04 03:43:39 | WARNING  | 404 on https://skeb.jp/api/users/kokorono_376 (attempt 1/3)
2026-10-04 03:43:40 | INFO     | OK https://skeb.jp/api/users/Naota4592
2026-10-04 03:43:40 | INFO     | Saving at a/skeb/Naota4592-919b2a.json
2026-10-04 03:43:41 | INFO     | OK https://skeb.jp/api/users/O_G_Pix
2026-10-04 03:43:41 | INFO     | Saving at a/skeb/O_G_Pix-00254b.json
2026-10-04 03:43:42 | WARNING  | 404 on https://skeb.jp/api/users/77_t2w (attempt 2/3)
2026-10-04 03:43:43 | INFO     | OK https://skeb.jp/api/users/TILDEJAWA
2026-10-04 03:43:43 | INFO     | Saving at a/skeb/TILDEJAWA-7c5043.json
2026-10-04 03:43:44 | INFO     | OK https://skeb.jp/api/users/silent_aries
2026-10-04 03:43:44 | INFO     | Saving at a/skeb/silent_aries-8c0aa3.json
2026-10-04 03:43:45 | INFO     | OK https://skeb.jp/api/users/Hichal_Squaddy
2026-10-04 03:43:45 | INFO     | Saving at a/skeb/Hichal_Squaddy-d0aa37.json
2026-10-04 03:43:46 | INFO     | OK https://skeb.jp/api/users/reni22_mini
2026-10-04 03:43:46 | INFO     | Saving at a/skeb/reni22_mini-e33459.json
2026-10-04 03:43:47 | INFO     | OK https://skeb.jp/api/users/p1zzael
2026-10-04 03:43:47 | INFO     | Saving at a/skeb/p1zzael-1f23b1.json
2026-10-04 03:43:48 | INFO     | OK https://skeb.jp/api/users/mayoi_meemee
2026-10-04 03:43:48 | INFO     | Saving at a/skeb/mayoi_meemee-4c7424.json
2026-10-04 03:43:49 | INFO     | OK https://skeb.jp/api/users/sumika_watalu
2026-10-04 03:43:49 | INFO     | Saving at a/skeb/sumika_watalu-f104f5.json
2026-10-04 03:43:50 | INFO     | OK https://skeb.jp/api/users/Imoton77
2026-10-04 03:43:50 | INFO     | Saving at a/skeb/Imoton77-416e83.json
2026-10-04 03:43:51 | WARNING  | 404 on https://skeb.jp/api/users/T4k73gqSZ26h5si (attempt 1/3)
2026-10-04 03:43:52 | INFO     | OK https://skeb.jp/api/users/Ringo114514810
2026-10-04 03:43:52 | INFO     | Saving at a/skeb/Ringo114514810-e94b45.json
2026-10-04 03:43:53 | INFO     | OK https://skeb.jp/api/users/tomokoro814
2026-10-04 03:43:53 | INFO     | Saving at a/skeb/tomokoro814-3ff6b4.json
2026-10-04 03:43:54 | INFO     | OK https://skeb.jp/api/users/zqftOTMJ5t81X0H
2026-10-04 03:43:54 | INFO     | Saving at a/skeb/zqftOTMJ5t81X0H-29ffa5.json
2026-10-04 03:43:55 | WARNING  | 404 on https://skeb.jp/api/users/Genkyou (attempt 1/3)
2026-10-04 03:43:56 | INFO     | OK https://skeb.jp/api/users/s2oqu
2026-10-04 03:43:56 | INFO     | Saving at a/skeb/s2oqu-3e1aea.json
2026-10-04 03:43:57 | WARNING  | 404 on https://skeb.jp/api/users/3hankikan0220 (attempt 3/3)
2026-10-04 03:43:58 | WARNING  | 404 on https://skeb.jp/api/users/77_t2w (attempt 3/3)
2026-10-04 03:43:59 | WARNING  | 404 on https://skeb.jp/api/users/Genkyou (attempt 2/3)
2026-10-04 03:44:00 | INFO     | OK https://skeb.jp/api/users/mitch_cataro
2026-10-04 03:44:00 | INFO     | Saving at a/skeb/mitch_cataro-be8c40.json
2026-10-04 03:44:01 | INFO     | OK https://skeb.jp/api/users/romeo_the_end
2026-10-04 03:44:01 | INFO     | Saving at a/skeb/romeo_the_end-d4a51b.json
2026-10-04 03:44:02 | INFO     | OK https://skeb.jp/api/users/saronpasdrink
2026-10-04 03:44:02 | INFO     | Saving at a/skeb/saronpasdrink-b021eb.json
2026-10-04 03:44:03 | WARNING  | 404 on https://skeb.jp/api/users/nyatta_san (attempt 1/3)
2026-10-04 03:44:04 | INFO     | OK https://skeb.jp/api/users/G_aaaaaa_M
2026-10-04 03:44:04 | INFO     | Saving at a/skeb/G_aaaaaa_M-1764c6.json
2026-10-04 03:44:05 | INFO     | OK https://skeb.jp/api/users/whshi_
2026-10-04 03:44:05 | INFO     | Saving at a/skeb/whshi_-46def5.json
2026-10-04 03:44:06 | WARNING  | 404 on https://skeb.jp/api/users/kokorono_376 (attempt 2/3)
2026-10-04 03:44:07 | INFO     | OK https://skeb.jp/api/users/elis_soratabi
2026-10-04 03:44:07 | INFO     | Saving at a/skeb/elis_soratabi-6db11e.json
2026-10-04 03:44:08 | INFO     | OK https://skeb.jp/api/users/energon5577
2026-10-04 03:44:08 | INFO     | Saving at a/skeb/energon5577-723fde.json
2026-10-04 03:44:09 | INFO     | OK https://skeb.jp/api/users/shinji
2026-10-04 03:44:09 | INFO     | Saving at a/skeb/shinji-26bd06.json
2026-10-04 03:44:10 | WARNING  | 404 on https://skeb.jp/api/users/Genkyou (attempt 3/3)
2026-10-04 03:44:11 | INFO     | OK https://skeb.jp/api/users/Memoca_design
2026-10-04 03:44:11 | INFO     | Saving at a/skeb/Memoca_design-47aa8b.json
2026-10-04 03:44:12 | INFO     | OK https://skeb.jp/api/users/youLike0315
2026-10-04 03:44:12 | INFO     | Saving at a/skeb/youLike0315-9ab050.json
2026-10-04 03:44:13 | INFO     | OK https://skeb.jp/api/users/1_ch1_h4
2026-10-04 03:44:13 | INFO     | Saving at a/skeb/1_ch1_h4-e3c875.json
2026-10-04 03:44:14 | INFO     | OK https://skeb.jp/api/users/urabe_yuu
2026-10-04 03:44:14 | INFO     | Saving at a/skeb/urabe_yuu-64a57f.json
2026-10-04 03:44:15 | INFO     | OK https://skeb.jp/api/users/chi_H0222
2026-10-04 03:44:15 | INFO     | Saving at a/skeb/chi_H0222-53996d.json
2026-10-04 03:44:16 | WARNING  | 404 on https://skeb.jp/api/users/nyatta_san (attempt 2/3)
2026-10-04 03:44:17 | INFO     | OK https://skeb.jp/api/users/damenahit1
2026-10-04 03:44:17 | INFO     | Saving at a/skeb/damenahit1-9fd7f2.json
2026-10-04 03:44:18 | INFO     | OK https://skeb.jp/api/users/i_junnosuke
2026-10-04 03:44:18 | INFO     | Saving at a/skeb/i_junnosuke-429bad.json
2026-10-04 03:44:19 | WARNING  | 404 on https://skeb.jp/api/users/T4k73gqSZ26h5si (attempt 2/3)
2026-10-04 03:44:20 | WARNING  | 404 on https://skeb.jp/api/users/kokorono_376 (attempt 3/3)
2026-10-04 03:44:21 | INFO     | OK https://skeb.jp/api/users/tau_oto
2026-10-04 03:44:21 | INFO     | Saving at a/skeb/tau_oto-3cc77b.json
2026-10-04 03:44:22 | INFO     | OK https://skeb.jp/api/users/hinowawawawa
2026-10-04 03:44:22 | INFO     | Saving at a/skeb/hinowawawawa-fd4eca.json
2026-10-04 03:44:23 | INFO     | OK https://skeb.jp/api/users/s_panda_k
2026-10-04 03:44:23 | INFO     | Saving at a/skeb/s_panda_k-01f73a.json
2026-10-04 03:44:24 | INFO     | OK https://skeb.jp/api/users/raru_Zzz_
2026-10-04 03:44:24 | INFO     | Saving at a/skeb/raru_Zzz_-ab9015.json
2026-10-04 03:44:25 | INFO     | OK https://skeb.jp/api/users/iniko_06
2026-10-04 03:44:25 | INFO     | Saving at a/skeb/iniko_06-476122.json
2026-10-04 03:44:26 | WARNING  | 404 on https://skeb.jp/api/users/T4k73gqSZ26h5si (attempt 3/3)
2026-10-04 03:44:27 | WARNING  | 404 on https://skeb.jp/api/users/nyatta_san (attempt 3/3)
2026-10-04 03:44:28 | WARNING  | 404 on https://skeb.jp/api/users/mimei_Illust (attempt 1/3)
2026-10-04 03:44:29 | INFO     | OK https://skeb.jp/api/users/pome_em
2026-10-04 03:44:29 | INFO     | Saving at a/skeb/pome_em-7fb032.json
2026-10-04 03:44:30 | INFO     | OK https://skeb.jp/api/users/K_Syokaku
2026-10-04 03:44:30 | INFO     | Saving at a/skeb/K_Syokaku-8f8ae8.json
2026-10-04 03:44:31 | INFO     | OK https://skeb.jp/api/users/takashi51675
2026-10-04 03:44:31 | INFO     | Saving at a/skeb/takashi51675-4f1366.json
2026-10-04 03:44:32 | INFO     | OK https://skeb.jp/api/users/mimikokoro1
2026-10-04 03:44:32 | INFO     | Saving at a/skeb/mimikokoro1-37a3a2.json
2026-10-04 03:44:33 | INFO     | OK https://skeb.jp/api/users/89sui_
2026-10-04 03:44:33 | INFO     | Saving at a/skeb/89sui_-72a5d3.json
2026-10-04 03:44:34 | INFO     | OK https://skeb.jp/api/users/omurice1216
2026-10-04 03:44:34 | INFO     | Saving at a/skeb/omurice1216-1cb59a.json
2026-10-04 03:44:35 | WARNING  | 404 on https://skeb.jp/api/users/meguru_nero (attempt 1/3)
2026-10-04 03:44:36 | INFO     | OK https://skeb.jp/api/users/hagi_kikori
2026-10-04 03:44:36 | INFO     | Saving at a/skeb/hagi_kikori-a3de70.json
2026-10-04 03:44:37 | INFO     | OK https://skeb.jp/api/users/Mokuyamahito23
2026-10-04 03:44:37 | INFO     | Saving at a/skeb/Mokuyamahito23-649992.json
2026-10-04 03:44:38 | INFO     | OK https://skeb.jp/api/users/shikiwowB
2026-10-04 03:44:38 | INFO     | Saving at a/skeb/shikiwowB-b23c72.json
2026-10-04 03:44:39 | WARNING  | 404 on https://skeb.jp/api/users/mimei_Illust (attempt 2/3)
2026-10-04 03:44:40 | INFO     | OK https://skeb.jp/api/users/_412chan
2026-10-04 03:44:40 | INFO     | Saving at a/skeb/_412chan-36edcf.json
2026-10-04 03:44:41 | INFO     | OK https://skeb.jp/api/users/zzzsto
2026-10-04 03:44:41 | INFO     | Saving at a/skeb/zzzsto-d7fb42.json
2026-10-04 03:44:42 | INFO     | OK https://skeb.jp/api/users/uta117
2026-10-04 03:44:42 | INFO     | Saving at a/skeb/uta117-121278.json
2026-10-04 03:44:43 | WARNING  | 404 on https://skeb.jp/api/users/fm7hxj (attempt 1/3)
2026-10-04 03:44:44 | INFO     | OK https://skeb.jp/api/users/fron4979
2026-10-04 03:44:44 | INFO     | Saving at a/skeb/fron4979-5b9f77.json
2026-10-04 03:44:45 | INFO     | OK https://skeb.jp/api/users/r4tyie
2026-10-04 03:44:45 | INFO     | Saving at a/skeb/r4tyie-5235a4.json
2026-10-04 03:44:46 | INFO     | OK https://skeb.jp/api/users/amakunaiaisu
2026-10-04 03:44:46 | INFO     | Saving at a/skeb/amakunaiaisu-a62652.json
2026-10-04 03:44:47 | INFO     | OK https://skeb.jp/api/users/rokufuku629
2026-10-04 03:44:47 | INFO     | Saving at a/skeb/rokufuku629-e6e43e.json
2026-10-04 03:44:48 | WARNING  | 404 on https://skeb.jp/api/users/mimei_Illust (attempt 3/3)
2026-10-04 03:44:49 | INFO     | OK https://skeb.jp/api/users/Qiretsu
2026-10-04 03:44:49 | INFO     | Saving at a/skeb/Qiretsu-940c4c.json
2026-10-04 03:44:50 | WARNING  | 404 on https://skeb.jp/api/users/fm7hxj (attempt 2/3)
2026-10-04 03:44:51 | INFO     | OK https://skeb.jp/api/users/emoco_art
2026-10-04 03:44:51 | INFO     | Saving at a/skeb/emoco_art-76dce0.json
2026-10-04 03:44:52 | INFO     | OK https://skeb.jp/api/users/kentatuki3
2026-10-04 03:44:52 | INFO     | Saving at a/skeb/kentatuki3-e9b70d.json
2026-10-04 03:44:53 | INFO     | OK https://skeb.jp/api/users/teapot5959
2026-10-04 03:44:53 | INFO     | Saving at a/skeb/teapot5959-95ea7c.json
2026-10-04 03:44:54 | INFO     | OK https://skeb.jp/api/users/DjIuanr
2026-10-04 03:44:54 | INFO     | Saving at a/skeb/DjIuanr-fdfba9.json
2026-10-04 03:44:55 | INFO     | OK https://skeb.jp/api/users/Ringoame_0402
2026-10-04 03:44:55 | INFO     | Saving at a/skeb/Ringoame_0402-fc2f4f.json
2026-10-04 03:44:56 | WARNING  | 404 on https://skeb.jp/api/users/fm7hxj (attempt 3/3)
2026-10-04 03:44:57 | WARNING  | 404 on https://skeb.jp/api/users/yamin_himamo23 (attempt 1/3)
2026-10-04 03:44:58 | WARNING  | 404 on https://skeb.jp/api/users/meguru_nero (attempt 2/3)
2026-10-04 03:44:59 | WARNING  | 404 on https://skeb.jp/api/users/29Kota2 (attempt 1/3)
2026-10-04 03:45:00 | INFO     | OK https://skeb.jp/api/users/S_yasuhira
2026-10-04 03:45:00 | INFO     | Saving at a/skeb/S_yasuhira-d342e3.json
2026-10-04 03:45:01 | WARNING  | 404 on https://skeb.jp/api/users/yamin_himamo23 (attempt 2/3)
2026-10-04 03:45:02 | INFO     | OK https://skeb.jp/api/users/Kankuroro3
2026-10-04 03:45:02 | INFO     | Saving at a/skeb/Kankuroro3-ae85a5.json
2026-10-04 03:45:03 | INFO     | OK https://skeb.jp/api/users/kanraaa_oO
2026-10-04 03:45:03 | INFO     | Saving at a/skeb/kanraaa_oO-3afb48.json
2026-10-04 03:45:04 | WARNING  | 404 on https://skeb.jp/api/users/meguru_nero (attempt 3/3)
2026-10-04 03:45:05 | INFO     | OK https://skeb.jp/api/users/nu_mini_chibi
2026-10-04 03:45:05 | INFO     | Saving at a/skeb/nu_mini_chibi-443b3b.json
2026-10-04 03:45:06 | WARNING  | 404 on https://skeb.jp/api/users/29Kota2 (attempt 2/3)
2026-10-04 03:45:07 | WARNING  | 404 on https://skeb.jp/api/users/yamin_himamo23 (attempt 3/3)
2026-10-04 03:45:08 | INFO     | OK https://skeb.jp/api/users/HASU_was_Lotus
2026-10-04 03:45:08 | INFO     | Saving at a/skeb/HASU_was_Lotus-1b457b.json
2026-10-04 03:45:09 | WARNING  | 404 on https://skeb.jp/api/users/omote_urabe (attempt 1/3)
2026-10-04 03:45:10 | INFO     | OK https://skeb.jp/api/users/PrPr__prin__n
2026-10-04 03:45:10 | INFO     | Saving at a/skeb/PrPr__prin__n-94d15a.json
2026-10-04 03:45:11 | WARNING  | 404 on https://skeb.jp/api/users/29Kota2 (attempt 3/3)
2026-10-04 03:45:12 | INFO     | OK https://skeb.jp/api/users/Amachi_Yuzuru
2026-10-04 03:45:12 | INFO     | Saving at a/skeb/Amachi_Yuzuru-4b3d07.json
2026-10-04 03:45:13 | INFO     | OK https://skeb.jp/api/users/seki_ZDB
2026-10-04 03:45:13 | INFO     | Saving at a/skeb/seki_ZDB-192fa0.json
2026-10-04 03:45:14 | INFO     | OK https://skeb.jp/api/users/bonnkareohagi
2026-10-04 03:45:14 | INFO     | Saving at a/skeb/bonnkareohagi-cefbce.json
2026-10-04 03:45:15 | WARNING  | 404 on https://skeb.jp/api/users/kiNero30901 (attempt 1/3)
2026-10-04 03:45:16 | INFO     | OK https://skeb.jp/api/users/Omochimochi_65
2026-10-04 03:45:16 | INFO     | Saving at a/skeb/Omochimochi_65-62f21b.json
2026-10-04 03:45:17 | INFO     | OK https://skeb.jp/api/users/36sohgawa
2026-10-04 03:45:17 | INFO     | Saving at a/skeb/36sohgawa-7c8fa9.json
2026-10-04 03:45:18 | INFO     | OK https://skeb.jp/api/users/soma_sama
2026-10-04 03:45:18 | INFO     | Saving at a/skeb/soma_sama-130abe.json
2026-10-04 03:45:19 | WARNING  | 404 on https://skeb.jp/api/users/kiNero30901 (attempt 2/3)
2026-10-04 03:45:20 | INFO     | OK https://skeb.jp/api/users/KaiLu06__
2026-10-04 03:45:20 | INFO     | Saving at a/skeb/KaiLu06__-e716d3.json
2026-10-04 03:45:21 | WARNING  | 404 on https://skeb.jp/api/users/fukafuka_no_inu (attempt 1/3)
2026-10-04 03:45:22 | INFO     | OK https://skeb.jp/api/users/tamitami020343
2026-10-04 03:45:22 | INFO     | Saving at a/skeb/tamitami020343-c968a5.json
2026-10-04 03:45:23 | INFO     | OK https://skeb.jp/api/users/narunia_dot
2026-10-04 03:45:23 | INFO     | Saving at a/skeb/narunia_dot-9ed9fe.json
2026-10-04 03:45:24 | INFO     | OK https://skeb.jp/api/users/u__itamago
2026-10-04 03:45:24 | INFO     | Saving at a/skeb/u__itamago-86abdc.json
2026-10-04 03:45:25 | WARNING  | 404 on https://skeb.jp/api/users/fukafuka_no_inu (attempt 2/3)
2026-10-04 03:45:26 | INFO     | OK https://skeb.jp/api/users/K4G4_103
2026-10-04 03:45:26 | INFO     | Saving at a/skeb/K4G4_103-fe1faf.json
2026-10-04 03:45:27 | INFO     | OK https://skeb.jp/api/users/n3koinot1
2026-10-04 03:45:27 | INFO     | Saving at a/skeb/n3koinot1-3063ad.json
2026-10-04 03:45:28 | INFO     | OK https://skeb.jp/api/users/butu_z
2026-10-04 03:45:28 | INFO     | Saving at a/skeb/butu_z-4b9f9e.json
2026-10-04 03:45:29 | WARNING  | 404 on https://skeb.jp/api/users/8oSSUHCnXXz4tBp (attempt 1/3)
2026-10-04 03:45:30 | WARNING  | 404 on https://skeb.jp/api/users/omote_urabe (attempt 2/3)
2026-10-04 03:45:31 | WARNING  | 404 on https://skeb.jp/api/users/fukafuka_no_inu (attempt 3/3)
2026-10-04 03:45:32 | INFO     | OK https://skeb.jp/api/users/AndouKoi
2026-10-04 03:45:32 | INFO     | Saving at a/skeb/AndouKoi-0d4581.json
2026-10-04 03:45:33 | WARNING  | 404 on https://skeb.jp/api/users/8oSSUHCnXXz4tBp (attempt 2/3)
2026-10-04 03:45:34 | INFO     | OK https://skeb.jp/api/users/3grampasta
2026-10-04 03:45:34 | INFO     | Saving at a/skeb/3grampasta-c8b939.json
2026-10-04 03:45:35 | INFO     | OK https://skeb.jp/api/users/n__k0918
2026-10-04 03:45:35 | INFO     | Saving at a/skeb/n__k0918-958309.json
2026-10-04 03:45:36 | INFO     | OK https://skeb.jp/api/users/4burara
2026-10-04 03:45:36 | INFO     | Saving at a/skeb/4burara-eae7f4.json
2026-10-04 03:45:37 | WARNING  | 404 on https://skeb.jp/api/users/omote_urabe (attempt 3/3)
2026-10-04 03:45:38 | INFO     | OK https://skeb.jp/api/users/TAKUMA_plus
2026-10-04 03:45:38 | INFO     | Saving at a/skeb/TAKUMA_plus-ebdf1d.json
2026-10-04 03:45:39 | INFO     | OK https://skeb.jp/api/users/nikki_33
2026-10-04 03:45:39 | INFO     | Saving at a/skeb/nikki_33-5e85e3.json
2026-10-04 03:45:40 | WARNING  | 404 on https://skeb.jp/api/users/mimamorichan (attempt 1/3)
2026-10-04 03:45:41 | INFO     | OK https://skeb.jp/api/users/saku_id
2026-10-04 03:45:41 | INFO     | Saving at a/skeb/saku_id-11ab44.json
2026-10-04 03:45:42 | INFO     | OK https://skeb.jp/api/users/Aono_soramaru
2026-10-04 03:45:42 | INFO     | Saving at a/skeb/Aono_soramaru-44baf7.json
2026-10-04 03:45:43 | INFO     | OK https://skeb.jp/api/users/inudoshi_wan
2026-10-04 03:45:43 | INFO     | Saving at a/skeb/inudoshi_wan-357bbe.json
2026-10-04 03:45:44 | INFO     | OK https://skeb.jp/api/users/hamarinare
2026-10-04 03:45:44 | INFO     | Saving at a/skeb/hamarinare-1dd2bf.json
2026-10-04 03:45:45 | INFO     | OK https://skeb.jp/api/users/4_1_E_02
2026-10-04 03:45:45 | INFO     | Saving at a/skeb/4_1_E_02-997cbe.json
2026-10-04 03:45:46 | INFO     | OK https://skeb.jp/api/users/kosaber__13
2026-10-04 03:45:46 | INFO     | Saving at a/skeb/kosaber__13-ee1dc6.json
2026-10-04 03:45:47 | WARNING  | 404 on https://skeb.jp/api/users/kiNero30901 (attempt 3/3)
2026-10-04 03:45:48 | INFO     | OK https://skeb.jp/api/users/sachiminoe
2026-10-04 03:45:48 | INFO     | Saving at a/skeb/sachiminoe-d75314.json
2026-10-04 03:45:49 | WARNING  | 404 on https://skeb.jp/api/users/Iam_Ciikawa (attempt 1/3)
2026-10-04 03:45:50 | INFO     | OK https://skeb.jp/api/users/kusanosaproo
2026-10-04 03:45:50 | INFO     | Saving at a/skeb/kusanosaproo-95f93f.json
2026-10-04 03:45:51 | WARNING  | 404 on https://skeb.jp/api/users/kotonesansukida (attempt 1/3)
2026-10-04 03:45:52 | INFO     | OK https://skeb.jp/api/users/kob_sy
2026-10-04 03:45:52 | INFO     | Saving at a/skeb/kob_sy-8fd18e.json
2026-10-04 03:45:53 | WARNING  | 404 on https://skeb.jp/api/users/kagoyama_sns (attempt 1/3)
2026-10-04 03:45:54 | INFO     | OK https://skeb.jp/api/users/_asuma_1
2026-10-04 03:45:54 | INFO     | Saving at a/skeb/_asuma_1-71f24b.json
2026-10-04 03:45:55 | INFO     | OK https://skeb.jp/api/users/tittirikuzu
2026-10-04 03:45:55 | INFO     | Saving at a/skeb/tittirikuzu-a67f06.json
2026-10-04 03:45:56 | INFO     | OK https://skeb.jp/api/users/BANGx2000
2026-10-04 03:45:56 | INFO     | Saving at a/skeb/BANGx2000-b590b1.json
2026-10-04 03:45:57 | WARNING  | 404 on https://skeb.jp/api/users/kagoyama_sns (attempt 2/3)
2026-10-04 03:45:58 | WARNING  | 404 on https://skeb.jp/api/users/kotonesansukida (attempt 2/3)
2026-10-04 03:45:59 | WARNING  | 404 on https://skeb.jp/api/users/8oSSUHCnXXz4tBp (attempt 3/3)
2026-10-04 03:46:00 | INFO     | OK https://skeb.jp/api/users/chawanmu_c
2026-10-04 03:46:00 | INFO     | Saving at a/skeb/chawanmu_c-90396d.json
2026-10-04 03:46:01 | INFO     | OK https://skeb.jp/api/users/hack_lychee
2026-10-04 03:46:01 | INFO     | Saving at a/skeb/hack_lychee-4798ca.json
2026-10-04 03:46:02 | INFO     | OK https://skeb.jp/api/users/haijin_kikaida
2026-10-04 03:46:02 | INFO     | Saving at a/skeb/haijin_kikaida-0cee48.json
2026-10-04 03:46:03 | INFO     | OK https://skeb.jp/api/users/ciru_colours
2026-10-04 03:46:03 | INFO     | Saving at a/skeb/ciru_colours-5361a1.json
2026-10-04 03:46:04 | INFO     | OK https://skeb.jp/api/users/sasaki6kg
2026-10-04 03:46:04 | INFO     | Saving at a/skeb/sasaki6kg-9a660c.json
2026-10-04 03:46:05 | INFO     | OK https://skeb.jp/api/users/harukanataa1
2026-10-04 03:46:05 | INFO     | Saving at a/skeb/harukanataa1-66b817.json
2026-10-04 03:46:06 | WARNING  | 404 on https://skeb.jp/api/users/mimamorichan (attempt 2/3)
2026-10-04 03:46:07 | INFO     | OK https://skeb.jp/api/users/chamoraile
2026-10-04 03:46:07 | INFO     | Saving at a/skeb/chamoraile-8bab0d.json
2026-10-04 03:46:08 | WARNING  | 404 on https://skeb.jp/api/users/kotonesansukida (attempt 3/3)
2026-10-04 03:46:09 | WARNING  | 404 on https://skeb.jp/api/users/kagoyama_sns (attempt 3/3)
2026-10-04 03:46:10 | INFO     | OK https://skeb.jp/api/users/loverikaakiba
2026-10-04 03:46:10 | INFO     | Saving at a/skeb/loverikaakiba-0ee314.json
2026-10-04 03:46:11 | INFO     | OK https://skeb.jp/api/users/lllYMRlll
2026-10-04 03:46:11 | INFO     | Saving at a/skeb/lllYMRlll-9955ab.json
2026-10-04 03:46:12 | WARNING  | 404 on https://skeb.jp/api/users/mimamorichan (attempt 3/3)
2026-10-04 03:46:13 | INFO     | OK https://skeb.jp/api/users/Uduki_Minaduki
2026-10-04 03:46:13 | INFO     | Saving at a/skeb/Uduki_Minaduki-1bce56.json
2026-10-04 03:46:14 | INFO     | OK https://skeb.jp/api/users/wallicum
2026-10-04 03:46:14 | INFO     | Saving at a/skeb/wallicum-a061a5.json
2026-10-04 03:46:15 | INFO     | OK https://skeb.jp/api/users/mekkyaku_bonno
2026-10-04 03:46:15 | INFO     | Saving at a/skeb/mekkyaku_bonno-f08bb7.json
2026-10-04 03:46:16 | INFO     | OK https://skeb.jp/api/users/gohangaumai0
2026-10-04 03:46:16 | INFO     | Saving at a/skeb/gohangaumai0-d72c89.json
2026-10-04 03:46:17 | INFO     | OK https://skeb.jp/api/users/hari_tabo42
2026-10-04 03:46:17 | INFO     | Saving at a/skeb/hari_tabo42-ebc556.json
2026-10-04 03:46:18 | INFO     | OK https://skeb.jp/api/users/taketatu6626
2026-10-04 03:46:18 | INFO     | Saving at a/skeb/taketatu6626-7eb65b.json
2026-10-04 03:46:19 | INFO     | OK https://skeb.jp/api/users/Shiranui_Setoka
2026-10-04 03:46:19 | INFO     | Saving at a/skeb/Shiranui_Setoka-b8be0a.json
2026-10-04 03:46:20 | INFO     | OK https://skeb.jp/api/users/Aoi93438363
2026-10-04 03:46:20 | INFO     | Saving at a/skeb/Aoi93438363-31ec8a.json
2026-10-04 03:46:21 | INFO     | OK https://skeb.jp/api/users/tunmii96
2026-10-04 03:46:21 | INFO     | Saving at a/skeb/tunmii96-d75079.json
2026-10-04 03:46:22 | INFO     | OK https://skeb.jp/api/users/Ibusakiyou
2026-10-04 03:46:22 | INFO     | Saving at a/skeb/Ibusakiyou-cdf6f1.json
2026-10-04 03:46:23 | INFO     | OK https://skeb.jp/api/users/2O2Z_l2Z5
2026-10-04 03:46:23 | INFO     | Saving at a/skeb/2O2Z_l2Z5-d43caa.json
2026-10-04 03:46:24 | WARNING  | 404 on https://skeb.jp/api/users/soraumi2000_50_ (attempt 1/3)
2026-10-04 03:46:25 | INFO     | OK https://skeb.jp/api/users/kan0817011
2026-10-04 03:46:25 | INFO     | Saving at a/skeb/kan0817011-b3baea.json
2026-10-04 03:46:26 | INFO     | OK https://skeb.jp/api/users/piyama4649
2026-10-04 03:46:26 | INFO     | Saving at a/skeb/piyama4649-484cb9.json
2026-10-04 03:46:27 | INFO     | OK https://skeb.jp/api/users/tanukiii003
2026-10-04 03:46:27 | INFO     | Saving at a/skeb/tanukiii003-5bbd89.json
2026-10-04 03:46:28 | WARNING  | 404 on https://skeb.jp/api/users/Iam_Ciikawa (attempt 2/3)
2026-10-04 03:46:29 | INFO     | OK https://skeb.jp/api/users/ameri_f
2026-10-04 03:46:29 | INFO     | Saving at a/skeb/ameri_f-a6d542.json
2026-10-04 03:46:30 | INFO     | OK https://skeb.jp/api/users/xxkyoheyxx
2026-10-04 03:46:30 | INFO     | Saving at a/skeb/xxkyoheyxx-873fd6.json
2026-10-04 03:46:31 | WARNING  | 404 on https://skeb.jp/api/users/soraumi2000_50_ (attempt 2/3)
2026-10-04 03:46:32 | INFO     | OK https://skeb.jp/api/users/kurosteel_ds
2026-10-04 03:46:32 | INFO     | Saving at a/skeb/kurosteel_ds-652768.json
2026-10-04 03:46:33 | INFO     | OK https://skeb.jp/api/users/uts99
2026-10-04 03:46:33 | INFO     | Saving at a/skeb/uts99-4985f8.json
2026-10-04 03:46:34 | INFO     | OK https://skeb.jp/api/users/Viyu_Belle_Lune
2026-10-04 03:46:34 | INFO     | Saving at a/skeb/Viyu_Belle_Lune-7f7e77.json
2026-10-04 03:46:35 | INFO     | OK https://skeb.jp/api/users/IROP1123
2026-10-04 03:46:35 | INFO     | Saving at a/skeb/IROP1123-083a75.json
2026-10-04 03:46:36 | INFO     | OK https://skeb.jp/api/users/hakidamechan9
2026-10-04 03:46:36 | INFO     | Saving at a/skeb/hakidamechan9-72382f.json
2026-10-04 03:46:37 | INFO     | OK https://skeb.jp/api/users/warurung
2026-10-04 03:46:37 | INFO     | Saving at a/skeb/warurung-2d2059.json
2026-10-04 03:46:38 | WARNING  | 404 on https://skeb.jp/api/users/923kaku (attempt 1/3)
2026-10-04 03:46:39 | INFO     | OK https://skeb.jp/api/users/pontarou1717
2026-10-04 03:46:39 | INFO     | Saving at a/skeb/pontarou1717-0a9d42.json
2026-10-04 03:46:40 | INFO     | OK https://skeb.jp/api/users/kabocha_head
2026-10-04 03:46:40 | INFO     | Saving at a/skeb/kabocha_head-d11440.json
2026-10-04 03:46:41 | INFO     | OK https://skeb.jp/api/users/Mochinica10
2026-10-04 03:46:41 | INFO     | Saving at a/skeb/Mochinica10-d3d370.json
2026-10-04 03:46:42 | INFO     | OK https://skeb.jp/api/users/takasi_114514
2026-10-04 03:46:42 | INFO     | Saving at a/skeb/takasi_114514-9674de.json
2026-10-04 03:46:43 | INFO     | OK https://skeb.jp/api/users/o_be3
2026-10-04 03:46:43 | INFO     | Saving at a/skeb/o_be3-8bcb16.json
2026-10-04 03:46:44 | INFO     | OK https://skeb.jp/api/users/mayuka_reno
2026-10-04 03:46:44 | INFO     | Saving at a/skeb/mayuka_reno-a02de9.json
2026-10-04 03:46:45 | WARNING  | 404 on https://skeb.jp/api/users/Iam_Ciikawa (attempt 3/3)
2026-10-04 03:46:46 | INFO     | OK https://skeb.jp/api/users/yu_reigh
2026-10-04 03:46:46 | INFO     | Saving at a/skeb/yu_reigh-888619.json
2026-10-04 03:46:47 | INFO     | OK https://skeb.jp/api/users/Qiyti_
2026-10-04 03:46:47 | INFO     | Saving at a/skeb/Qiyti_-fc95ba.json
2026-10-04 03:46:48 | INFO     | OK https://skeb.jp/api/users/krr_yume
2026-10-04 03:46:48 | INFO     | Saving at a/skeb/krr_yume-d15502.json
2026-10-04 03:46:49 | INFO     | OK https://skeb.jp/api/users/mochidaruka
2026-10-04 03:46:49 | INFO     | Saving at a/skeb/mochidaruka-bebfe6.json
2026-10-04 03:46:50 | INFO     | OK https://skeb.jp/api/users/__Mumei25
2026-10-04 03:46:50 | INFO     | Saving at a/skeb/__Mumei25-8882d4.json
2026-10-04 03:46:51 | WARNING  | 404 on https://skeb.jp/api/users/NOm0y0i (attempt 1/3)
2026-10-04 03:46:52 | INFO     | OK https://skeb.jp/api/users/tyouMneko
2026-10-04 03:46:52 | INFO     | Saving at a/skeb/tyouMneko-30b448.json
2026-10-04 03:46:53 | WARNING  | 404 on https://skeb.jp/api/users/soraumi2000_50_ (attempt 3/3)
2026-10-04 03:46:54 | INFO     | OK https://skeb.jp/api/users/Tamanoi9
2026-10-04 03:46:54 | INFO     | Saving at a/skeb/Tamanoi9-9d6e20.json
2026-10-04 03:46:55 | WARNING  | 404 on https://skeb.jp/api/users/polar_kuma62 (attempt 1/3)
2026-10-04 03:46:56 | WARNING  | 404 on https://skeb.jp/api/users/lkjeudnduy44 (attempt 1/3)
2026-10-04 03:46:57 | WARNING  | 404 on https://skeb.jp/api/users/NOm0y0i (attempt 2/3)
2026-10-04 03:46:58 | INFO     | OK https://skeb.jp/api/users/04u_x
2026-10-04 03:46:58 | INFO     | Saving at a/skeb/04u_x-4e0f74.json
2026-10-04 03:46:59 | WARNING  | 404 on https://skeb.jp/api/users/lkjeudnduy44 (attempt 2/3)
2026-10-04 03:47:00 | INFO     | OK https://skeb.jp/api/users/KOMATEN01_
2026-10-04 03:47:00 | INFO     | Saving at a/skeb/KOMATEN01_-d837de.json
2026-10-04 03:47:01 | INFO     | OK https://skeb.jp/api/users/axolotl_hama
2026-10-04 03:47:01 | INFO     | Saving at a/skeb/axolotl_hama-d6bddb.json
2026-10-04 03:47:02 | WARNING  | 404 on https://skeb.jp/api/users/polar_kuma62 (attempt 2/3)
2026-10-04 03:47:03 | INFO     | OK https://skeb.jp/api/users/sudaco4869
2026-10-04 03:47:03 | INFO     | Saving at a/skeb/sudaco4869-8d2d21.json
2026-10-04 03:47:04 | INFO     | OK https://skeb.jp/api/users/a_m_e_y_o_r_u_2
2026-10-04 03:47:04 | INFO     | Saving at a/skeb/a_m_e_y_o_r_u_2-e0e740.json
2026-10-04 03:47:05 | WARNING  | 404 on https://skeb.jp/api/users/lkjeudnduy44 (attempt 3/3)
2026-10-04 03:47:06 | INFO     | OK https://skeb.jp/api/users/Kaosu0195
2026-10-04 03:47:06 | INFO     | Saving at a/skeb/Kaosu0195-418904.json
2026-10-04 03:47:07 | INFO     | OK https://skeb.jp/api/users/Comet_gaia
2026-10-04 03:47:07 | INFO     | Saving at a/skeb/Comet_gaia-3be50a.json
2026-10-04 03:47:08 | INFO     | OK https://skeb.jp/api/users/gr6rr_u7
2026-10-04 03:47:08 | INFO     | Saving at a/skeb/gr6rr_u7-8d9708.json
2026-10-04 03:47:09 | WARNING  | 404 on https://skeb.jp/api/users/923kaku (attempt 2/3)
2026-10-04 03:47:10 | INFO     | OK https://skeb.jp/api/users/soutenraira
2026-10-04 03:47:10 | INFO     | Saving at a/skeb/soutenraira-c78f22.json
2026-10-04 03:47:11 | INFO     | OK https://skeb.jp/api/users/ProjectOfDrQ
2026-10-04 03:47:11 | INFO     | Saving at a/skeb/ProjectOfDrQ-a262cd.json
2026-10-04 03:47:12 | INFO     | OK https://skeb.jp/api/users/yuhata01
2026-10-04 03:47:12 | INFO     | Saving at a/skeb/yuhata01-d9b58d.json
2026-10-04 03:47:13 | INFO     | OK https://skeb.jp/api/users/yumi_st
2026-10-04 03:47:13 | INFO     | Saving at a/skeb/yumi_st-34f6d2.json
2026-10-04 03:47:14 | INFO     | OK https://skeb.jp/api/users/Itoshi_No70
2026-10-04 03:47:14 | INFO     | Saving at a/skeb/Itoshi_No70-a9bed5.json
2026-10-04 03:47:15 | WARNING  | 404 on https://skeb.jp/api/users/NOm0y0i (attempt 3/3)
2026-10-04 03:47:16 | INFO     | OK https://skeb.jp/api/users/gooms889
2026-10-04 03:47:16 | INFO     | Saving at a/skeb/gooms889-988dc2.json
2026-10-04 03:47:17 | INFO     | OK https://skeb.jp/api/users/Farena_8492
2026-10-04 03:47:17 | INFO     | Saving at a/skeb/Farena_8492-7f9345.json
2026-10-04 03:47:18 | WARNING  | 404 on https://skeb.jp/api/users/p_pfp5 (attempt 1/3)
2026-10-04 03:47:19 | WARNING  | 404 on https://skeb.jp/api/users/923kaku (attempt 3/3)
2026-10-04 03:47:20 | INFO     | OK https://skeb.jp/api/users/byakkovrcmira
2026-10-04 03:47:20 | INFO     | Saving at a/skeb/byakkovrcmira-7e089a.json
2026-10-04 03:47:21 | WARNING  | 404 on https://skeb.jp/api/users/pgpcvDCE9G (attempt 1/3)
2026-10-04 03:47:22 | INFO     | OK https://skeb.jp/api/users/mmksznm777
2026-10-04 03:47:22 | INFO     | Saving at a/skeb/mmksznm777-c4cf7c.json
2026-10-04 03:47:23 | WARNING  | 404 on https://skeb.jp/api/users/polar_kuma62 (attempt 3/3)
2026-10-04 03:47:24 | INFO     | OK https://skeb.jp/api/users/miu15_
2026-10-04 03:47:24 | INFO     | Saving at a/skeb/miu15_-7ac77e.json
2026-10-04 03:47:25 | INFO     | OK https://skeb.jp/api/users/sumibi_0220
2026-10-04 03:47:25 | INFO     | Saving at a/skeb/sumibi_0220-ac9971.json
2026-10-04 03:47:26 | WARNING  | 404 on https://skeb.jp/api/users/p_pfp5 (attempt 2/3)
2026-10-04 03:47:27 | INFO     | OK https://skeb.jp/api/users/nanleeee
2026-10-04 03:47:27 | INFO     | Saving at a/skeb/nanleeee-bffde2.json
2026-10-04 03:47:28 | WARNING  | 404 on https://skeb.jp/api/users/pgpcvDCE9G (attempt 2/3)
2026-10-04 03:47:29 | INFO     | OK https://skeb.jp/api/users/ASHIDAGAWA
2026-10-04 03:47:29 | INFO     | Saving at a/skeb/ASHIDAGAWA-d453f1.json
2026-10-04 03:47:30 | INFO     | OK https://skeb.jp/api/users/kurori
2026-10-04 03:47:30 | INFO     | Saving at a/skeb/kurori-967dd9.json
2026-10-04 03:47:31 | INFO     | OK https://skeb.jp/api/users/yuzuriha_erika
2026-10-04 03:47:31 | INFO     | Saving at a/skeb/yuzuriha_erika-59a313.json
2026-10-04 03:47:32 | WARNING  | 404 on https://skeb.jp/api/users/p_pfp5 (attempt 3/3)
2026-10-04 03:47:33 | INFO     | OK https://skeb.jp/api/users/mitsushi34
2026-10-04 03:47:33 | INFO     | Saving at a/skeb/mitsushi34-3a5760.json
2026-10-04 03:47:34 | INFO     | OK https://skeb.jp/api/users/tensyo_art
2026-10-04 03:47:34 | INFO     | Saving at a/skeb/tensyo_art-d72d19.json
2026-10-04 03:47:35 | INFO     | OK https://skeb.jp/api/users/koino30
2026-10-04 03:47:35 | INFO     | Saving at a/skeb/koino30-d52b2f.json
2026-10-04 03:47:36 | INFO     | OK https://skeb.jp/api/users/YuuzoraYuuhi889
2026-10-04 03:47:36 | INFO     | Saving at a/skeb/YuuzoraYuuhi889-ee69e6.json
2026-10-04 03:47:37 | INFO     | OK https://skeb.jp/api/users/citrong_king
2026-10-04 03:47:37 | INFO     | Saving at a/skeb/citrong_king-5e71c7.json
2026-10-04 03:47:38 | INFO     | OK https://skeb.jp/api/users/VR_Produce_Nora
2026-10-04 03:47:38 | INFO     | Saving at a/skeb/VR_Produce_Nora-714ec8.json
2026-10-04 03:47:39 | WARNING  | 404 on https://skeb.jp/api/users/Llu_ulg (attempt 1/3)
2026-10-04 03:47:40 | INFO     | OK https://skeb.jp/api/users/i_c_321
2026-10-04 03:47:40 | INFO     | Saving at a/skeb/i_c_321-978be0.json
2026-10-04 03:47:41 | WARNING  | 404 on https://skeb.jp/api/users/pgpcvDCE9G (attempt 3/3)
2026-10-04 03:47:42 | INFO     | OK https://skeb.jp/api/users/mammoth_takeru
2026-10-04 03:47:42 | INFO     | Saving at a/skeb/mammoth_takeru-2214e8.json
2026-10-04 03:47:43 | INFO     | OK https://skeb.jp/api/users/marubatu___
2026-10-04 03:47:43 | INFO     | Saving at a/skeb/marubatu___-9832f5.json
2026-10-04 03:47:44 | WARNING  | 404 on https://skeb.jp/api/users/sakayama_lazuli (attempt 1/3)
2026-10-04 03:47:45 | INFO     | OK https://skeb.jp/api/users/tesshu_sucottei
2026-10-04 03:47:45 | INFO     | Saving at a/skeb/tesshu_sucottei-5c15dd.json
2026-10-04 03:47:46 | INFO     | OK https://skeb.jp/api/users/_a_k_b_r
2026-10-04 03:47:46 | INFO     | Saving at a/skeb/_a_k_b_r-35be46.json
2026-10-04 03:47:47 | INFO     | OK https://skeb.jp/api/users/nashi_no_curry
2026-10-04 03:47:47 | INFO     | Saving at a/skeb/nashi_no_curry-0f40de.json
2026-10-04 03:47:48 | WARNING  | 404 on https://skeb.jp/api/users/ronn_irai (attempt 1/3)
2026-10-04 03:47:49 | INFO     | OK https://skeb.jp/api/users/TwiRitazura
2026-10-04 03:47:49 | INFO     | Saving at a/skeb/TwiRitazura-66d0e1.json
2026-10-04 03:47:50 | INFO     | OK https://skeb.jp/api/users/7pvyT7EeH3
2026-10-04 03:47:50 | INFO     | Saving at a/skeb/7pvyT7EeH3-717bd6.json
2026-10-04 03:47:51 | WARNING  | 404 on https://skeb.jp/api/users/sakayama_lazuli (attempt 2/3)
2026-10-04 03:47:52 | WARNING  | 404 on https://skeb.jp/api/users/ronn_irai (attempt 2/3)
2026-10-04 03:47:53 | WARNING  | 404 on https://skeb.jp/api/users/Llu_ulg (attempt 2/3)
2026-10-04 03:47:54 | INFO     | OK https://skeb.jp/api/users/_1_3_
2026-10-04 03:47:54 | INFO     | Saving at a/skeb/_1_3_-efdd83.json
2026-10-04 03:47:55 | INFO     | OK https://skeb.jp/api/users/kulupox
2026-10-04 03:47:55 | INFO     | Saving at a/skeb/kulupox-4dfcc1.json
2026-10-04 03:47:56 | INFO     | OK https://skeb.jp/api/users/utso_
2026-10-04 03:47:56 | INFO     | Saving at a/skeb/utso_-b2c409.json
2026-10-04 03:47:57 | WARNING  | 404 on https://skeb.jp/api/users/ronn_irai (attempt 3/3)
2026-10-04 03:47:58 | INFO     | OK https://skeb.jp/api/users/nukusyamomo
2026-10-04 03:47:58 | INFO     | Saving at a/skeb/nukusyamomo-03caf2.json
2026-10-04 03:47:59 | WARNING  | 404 on https://skeb.jp/api/users/Llu_ulg (attempt 3/3)
2026-10-04 03:48:00 | INFO     | OK https://skeb.jp/api/users/hoshiimosun
2026-10-04 03:48:00 | INFO     | Saving at a/skeb/hoshiimosun-8ae12d.json
2026-10-04 03:48:01 | INFO     | OK https://skeb.jp/api/users/katamefeti
2026-10-04 03:48:01 | INFO     | Saving at a/skeb/katamefeti-2e9d23.json
2026-10-04 03:48:02 | WARNING  | 404 on https://skeb.jp/api/users/se3ifinal (attempt 1/3)
2026-10-04 03:48:03 | INFO     | OK https://skeb.jp/api/users/TEIREN1
2026-10-04 03:48:03 | INFO     | Saving at a/skeb/TEIREN1-386375.json
2026-10-04 03:48:04 | INFO     | OK https://skeb.jp/api/users/niugtdeseybuinv
2026-10-04 03:48:04 | INFO     | Saving at a/skeb/niugtdeseybuinv-62eeb2.json
2026-10-04 03:48:05 | WARNING  | 404 on https://skeb.jp/api/users/kasha0927 (attempt 1/3)
2026-10-04 03:48:06 | WARNING  | 404 on https://skeb.jp/api/users/se3ifinal (attempt 2/3)
2026-10-04 03:48:07 | INFO     | OK https://skeb.jp/api/users/Tiizumaru98
2026-10-04 03:48:07 | INFO     | Saving at a/skeb/Tiizumaru98-539a5d.json
2026-10-04 03:48:08 | INFO     | OK https://skeb.jp/api/users/M1lkboy
2026-10-04 03:48:08 | INFO     | Saving at a/skeb/M1lkboy-a53ab8.json
2026-10-04 03:48:09 | WARNING  | 404 on https://skeb.jp/api/users/kasha0927 (attempt 2/3)
2026-10-04 03:48:10 | WARNING  | 404 on https://skeb.jp/api/users/vHoo__ (attempt 1/3)
2026-10-04 03:48:11 | INFO     | OK https://skeb.jp/api/users/almelo55
2026-10-04 03:48:11 | INFO     | Saving at a/skeb/almelo55-983198.json
2026-10-04 03:48:12 | INFO     | OK https://skeb.jp/api/users/46_6xx
2026-10-04 03:48:12 | INFO     | Saving at a/skeb/46_6xx-fdc9cd.json
2026-10-04 03:48:13 | INFO     | OK https://skeb.jp/api/users/Azumi
2026-10-04 03:48:13 | INFO     | Saving at a/skeb/Azumi-4f40be.json
2026-10-04 03:48:14 | INFO     | OK https://skeb.jp/api/users/6l8mo
2026-10-04 03:48:14 | INFO     | Saving at a/skeb/6l8mo-17a851.json
2026-10-04 03:48:15 | WARNING  | 404 on https://skeb.jp/api/users/se3ifinal (attempt 3/3)
2026-10-04 03:48:16 | WARNING  | 404 on https://skeb.jp/api/users/vHoo__ (attempt 2/3)
2026-10-04 03:48:17 | INFO     | OK https://skeb.jp/api/users/ne37no
2026-10-04 03:48:17 | INFO     | Saving at a/skeb/ne37no-41b118.json
2026-10-04 03:48:18 | INFO     | OK https://skeb.jp/api/users/hideri_hino
2026-10-04 03:48:18 | INFO     | Saving at a/skeb/hideri_hino-2efe9d.json
2026-10-04 03:48:19 | INFO     | OK https://skeb.jp/api/users/broom1216
2026-10-04 03:48:19 | INFO     | Saving at a/skeb/broom1216-3a41ea.json
2026-10-04 03:48:20 | WARNING  | 404 on https://skeb.jp/api/users/sakayama_lazuli (attempt 3/3)
2026-10-04 03:48:21 | INFO     | OK https://skeb.jp/api/users/asagao_ibitsu
2026-10-04 03:48:21 | INFO     | Saving at a/skeb/asagao_ibitsu-2f99c0.json
2026-10-04 03:48:22 | INFO     | OK https://skeb.jp/api/users/ima_na0
2026-10-04 03:48:22 | INFO     | Saving at a/skeb/ima_na0-2530d9.json
2026-10-04 03:48:23 | INFO     | OK https://skeb.jp/api/users/syoko_mikuri
2026-10-04 03:48:23 | INFO     | Saving at a/skeb/syoko_mikuri-fd0e25.json
2026-10-04 03:48:24 | INFO     | OK https://skeb.jp/api/users/sironnsironn
2026-10-04 03:48:24 | INFO     | Saving at a/skeb/sironnsironn-61aea9.json
2026-10-04 03:48:25 | INFO     | OK https://skeb.jp/api/users/senritsu_l
2026-10-04 03:48:25 | INFO     | Saving at a/skeb/senritsu_l-e5207f.json
2026-10-04 03:48:26 | INFO     | OK https://skeb.jp/api/users/sousakusui
2026-10-04 03:48:26 | INFO     | Saving at a/skeb/sousakusui-0f62fb.json
2026-10-04 03:48:27 | WARNING  | 404 on https://skeb.jp/api/users/toxizaki (attempt 1/3)
2026-10-04 03:48:28 | INFO     | OK https://skeb.jp/api/users/shiromi_25
2026-10-04 03:48:28 | INFO     | Saving at a/skeb/shiromi_25-eb0bc7.json
2026-10-04 03:48:29 | WARNING  | 404 on https://skeb.jp/api/users/kasha0927 (attempt 3/3)
2026-10-04 03:48:30 | INFO     | OK https://skeb.jp/api/users/fastest_yukkuri
2026-10-04 03:48:30 | INFO     | Saving at a/skeb/fastest_yukkuri-582b47.json
2026-10-04 03:48:31 | INFO     | OK https://skeb.jp/api/users/kugikari
2026-10-04 03:48:31 | INFO     | Saving at a/skeb/kugikari-39b82f.json
2026-10-04 03:48:32 | INFO     | OK https://skeb.jp/api/users/ya_29_
2026-10-04 03:48:32 | INFO     | Saving at a/skeb/ya_29_-399ddb.json
2026-10-04 03:48:33 | INFO     | OK https://skeb.jp/api/users/Itsukidz
2026-10-04 03:48:33 | INFO     | Saving at a/skeb/Itsukidz-7e43a2.json
2026-10-04 03:48:34 | INFO     | OK https://skeb.jp/api/users/gnsn_ohuton
2026-10-04 03:48:34 | INFO     | Saving at a/skeb/gnsn_ohuton-d88a05.json
2026-10-04 03:48:35 | INFO     | OK https://skeb.jp/api/users/Sugoi_chocomint
2026-10-04 03:48:35 | INFO     | Saving at a/skeb/Sugoi_chocomint-463d8b.json
2026-10-04 03:48:36 | INFO     | OK https://skeb.jp/api/users/ge_____shi
2026-10-04 03:48:36 | INFO     | Saving at a/skeb/ge_____shi-381bb2.json
2026-10-04 03:48:37 | INFO     | OK https://skeb.jp/api/users/TGY
2026-10-04 03:48:37 | INFO     | Saving at a/skeb/TGY-f912ae.json
2026-10-04 03:48:38 | INFO     | OK https://skeb.jp/api/users/miduki_rho
2026-10-04 03:48:38 | INFO     | Saving at a/skeb/miduki_rho-db5d92.json
2026-10-04 03:48:39 | WARNING  | 404 on https://skeb.jp/api/users/toxizaki (attempt 2/3)
2026-10-04 03:48:40 | INFO     | OK https://skeb.jp/api/users/nununu333nununu
2026-10-04 03:48:40 | INFO     | Saving at a/skeb/nununu333nununu-18a1e5.json
2026-10-04 03:48:41 | INFO     | OK https://skeb.jp/api/users/maru_ramu000
2026-10-04 03:48:41 | INFO     | Saving at a/skeb/maru_ramu000-52db12.json
2026-10-04 03:48:42 | INFO     | OK https://skeb.jp/api/users/yuno__nnn
2026-10-04 03:48:42 | INFO     | Saving at a/skeb/yuno__nnn-b5f64a.json
2026-10-04 03:48:43 | WARNING  | 404 on https://skeb.jp/api/users/_meruruto_ (attempt 1/3)
2026-10-04 03:48:44 | INFO     | OK https://skeb.jp/api/users/9xBn8
2026-10-04 03:48:44 | INFO     | Saving at a/skeb/9xBn8-df23f8.json
2026-10-04 03:48:45 | INFO     | OK https://skeb.jp/api/users/212Mikuro
2026-10-04 03:48:45 | INFO     | Saving at a/skeb/212Mikuro-2e392f.json
2026-10-04 03:48:46 | INFO     | OK https://skeb.jp/api/users/007akamaki
2026-10-04 03:48:46 | INFO     | Saving at a/skeb/007akamaki-801845.json
2026-10-04 03:48:47 | INFO     | OK https://skeb.jp/api/users/Ciel
2026-10-04 03:48:47 | INFO     | Saving at a/skeb/Ciel-bdccdd.json
2026-10-04 03:48:48 | WARNING  | 404 on https://skeb.jp/api/users/vHoo__ (attempt 3/3)
2026-10-04 03:48:49 | WARNING  | 404 on https://skeb.jp/api/users/scy2222 (attempt 1/3)
2026-10-04 03:48:50 | WARNING  | 404 on https://skeb.jp/api/users/aki_ra3_ (attempt 1/3)
2026-10-04 03:48:51 | INFO     | OK https://skeb.jp/api/users/akutamitsugi
2026-10-04 03:48:51 | INFO     | Saving at a/skeb/akutamitsugi-8b4bca.json
2026-10-04 03:48:52 | INFO     | OK https://skeb.jp/api/users/kiiroitomato33
2026-10-04 03:48:52 | INFO     | Saving at a/skeb/kiiroitomato33-f85934.json
2026-10-04 03:48:53 | INFO     | OK https://skeb.jp/api/users/harubou_oekaki
2026-10-04 03:48:53 | INFO     | Saving at a/skeb/harubou_oekaki-df1857.json
2026-10-04 03:48:54 | WARNING  | 404 on https://skeb.jp/api/users/toxizaki (attempt 3/3)
2026-10-04 03:48:55 | INFO     | OK https://skeb.jp/api/users/Mj17Zp
2026-10-04 03:48:55 | INFO     | Saving at a/skeb/Mj17Zp-c3597a.json
2026-10-04 03:48:56 | WARNING  | 404 on https://skeb.jp/api/users/scy2222 (attempt 2/3)
2026-10-04 03:48:57 | INFO     | OK https://skeb.jp/api/users/BlueKalmia
2026-10-04 03:48:57 | INFO     | Saving at a/skeb/BlueKalmia-688611.json
2026-10-04 03:48:58 | INFO     | OK https://skeb.jp/api/users/hoshibono
2026-10-04 03:48:58 | INFO     | Saving at a/skeb/hoshibono-c19f8c.json
2026-10-04 03:48:59 | WARNING  | 404 on https://skeb.jp/api/users/_meruruto_ (attempt 2/3)
2026-10-04 03:49:00 | WARNING  | 404 on https://skeb.jp/api/users/aki_ra3_ (attempt 2/3)
2026-10-04 03:49:01 | WARNING  | 404 on https://skeb.jp/api/users/xnokocyamax (attempt 1/3)
2026-10-04 03:49:02 | INFO     | OK https://skeb.jp/api/users/ml9np
2026-10-04 03:49:02 | INFO     | Saving at a/skeb/ml9np-ad8f94.json
2026-10-04 03:49:03 | WARNING  | 404 on https://skeb.jp/api/users/killy810 (attempt 1/3)
2026-10-04 03:49:04 | INFO     | OK https://skeb.jp/api/users/yu_yukiru
2026-10-04 03:49:04 | INFO     | Saving at a/skeb/yu_yukiru-c49617.json
2026-10-04 03:49:05 | INFO     | OK https://skeb.jp/api/users/koto_dori831
2026-10-04 03:49:05 | INFO     | Saving at a/skeb/koto_dori831-dd1fb2.json
2026-10-04 03:49:06 | WARNING  | 404 on https://skeb.jp/api/users/killy810 (attempt 2/3)
2026-10-04 03:49:07 | INFO     | OK https://skeb.jp/api/users/shia_ra0
2026-10-04 03:49:07 | INFO     | Saving at a/skeb/shia_ra0-19f97f.json
2026-10-04 03:49:08 | WARNING  | 404 on https://skeb.jp/api/users/aki_ra3_ (attempt 3/3)
2026-10-04 03:49:09 | INFO     | OK https://skeb.jp/api/users/M1n0v
2026-10-04 03:49:09 | INFO     | Saving at a/skeb/M1n0v-9bbb41.json
2026-10-04 03:49:10 | INFO     | OK https://skeb.jp/api/users/Aoi_SK_illust
2026-10-04 03:49:10 | INFO     | Saving at a/skeb/Aoi_SK_illust-780f46.json
2026-10-04 03:49:11 | WARNING  | 404 on https://skeb.jp/api/users/xnokocyamax (attempt 2/3)
2026-10-04 03:49:12 | WARNING  | 404 on https://skeb.jp/api/users/_meruruto_ (attempt 3/3)
2026-10-04 03:49:13 | INFO     | OK https://skeb.jp/api/users/miyajuuuun
2026-10-04 03:49:13 | INFO     | Saving at a/skeb/miyajuuuun-df4fbc.json
2026-10-04 03:49:14 | INFO     | OK https://skeb.jp/api/users/mokuxxcha
2026-10-04 03:49:14 | INFO     | Saving at a/skeb/mokuxxcha-8ffd65.json
2026-10-04 03:49:15 | INFO     | OK https://skeb.jp/api/users/gyouza_makoto2
2026-10-04 03:49:15 | INFO     | Saving at a/skeb/gyouza_makoto2-56919f.json
2026-10-04 03:49:16 | INFO     | OK https://skeb.jp/api/users/MagatamaCrab
2026-10-04 03:49:16 | INFO     | Saving at a/skeb/MagatamaCrab-c19d8e.json
2026-10-04 03:49:17 | WARNING  | 404 on https://skeb.jp/api/users/Uo_oU_us (attempt 1/3)
2026-10-04 03:49:18 | INFO     | OK https://skeb.jp/api/users/Uk6bB
2026-10-04 03:49:18 | INFO     | Saving at a/skeb/Uk6bB-40bea3.json
2026-10-04 03:49:19 | WARNING  | 404 on https://skeb.jp/api/users/Henzu_23 (attempt 1/3)
2026-10-04 03:49:20 | INFO     | OK https://skeb.jp/api/users/_momiji_mutsuki
2026-10-04 03:49:20 | INFO     | Saving at a/skeb/_momiji_mutsuki-be5f54.json
2026-10-04 03:49:21 | WARNING  | 404 on https://skeb.jp/api/users/Uo_oU_us (attempt 2/3)
2026-10-04 03:49:22 | WARNING  | 404 on https://skeb.jp/api/users/m3x3_sk (attempt 1/3)
2026-10-04 03:49:23 | INFO     | OK https://skeb.jp/api/users/mtg_aoi
2026-10-04 03:49:23 | INFO     | Saving at a/skeb/mtg_aoi-d7c744.json
2026-10-04 03:49:24 | INFO     | OK https://skeb.jp/api/users/yagibachigi
2026-10-04 03:49:24 | INFO     | Saving at a/skeb/yagibachigi-fcaaed.json
2026-10-04 03:49:25 | WARNING  | 404 on https://skeb.jp/api/users/oshino_Iriss (attempt 1/3)
2026-10-04 03:49:26 | WARNING  | 404 on https://skeb.jp/api/users/killy810 (attempt 3/3)
2026-10-04 03:49:27 | WARNING  | 404 on https://skeb.jp/api/users/Uo_oU_us (attempt 3/3)
2026-10-04 03:49:28 | WARNING  | 404 on https://skeb.jp/api/users/m3x3_sk (attempt 2/3)
2026-10-04 03:49:29 | INFO     | OK https://skeb.jp/api/users/hsm_mum
2026-10-04 03:49:29 | INFO     | Saving at a/skeb/hsm_mum-aacc16.json
2026-10-04 03:49:30 | WARNING  | 404 on https://skeb.jp/api/users/xnokocyamax (attempt 3/3)
2026-10-04 03:49:31 | WARNING  | 404 on https://skeb.jp/api/users/scy2222 (attempt 3/3)
2026-10-04 03:49:32 | INFO     | OK https://skeb.jp/api/users/2cz5g
2026-10-04 03:49:32 | INFO     | Saving at a/skeb/2cz5g-261161.json
2026-10-04 03:49:33 | WARNING  | 404 on https://skeb.jp/api/users/oshino_Iriss (attempt 2/3)
2026-10-04 03:49:34 | INFO     | OK https://skeb.jp/api/users/me_2ki
2026-10-04 03:49:34 | INFO     | Saving at a/skeb/me_2ki-f6fb74.json
2026-10-04 03:49:35 | WARNING  | 404 on https://skeb.jp/api/users/m3x3_sk (attempt 3/3)
2026-10-04 03:49:36 | INFO     | OK https://skeb.jp/api/users/mmo_0120
2026-10-04 03:49:36 | INFO     | Saving at a/skeb/mmo_0120-720a20.json
2026-10-04 03:49:37 | WARNING  | 404 on https://skeb.jp/api/users/EDO__nyan (attempt 1/3)
2026-10-04 03:49:38 | INFO     | OK https://skeb.jp/api/users/ChuChan_1
2026-10-04 03:49:38 | INFO     | Saving at a/skeb/ChuChan_1-2896ec.json
2026-10-04 03:49:39 | WARNING  | 404 on https://skeb.jp/api/users/Henzu_23 (attempt 2/3)
2026-10-04 03:49:40 | INFO     | OK https://skeb.jp/api/users/Saki_Harekawa
2026-10-04 03:49:40 | INFO     | Saving at a/skeb/Saki_Harekawa-7fb274.json
2026-10-04 03:49:41 | WARNING  | 404 on https://skeb.jp/api/users/EDO__nyan (attempt 2/3)
2026-10-04 03:49:42 | INFO     | OK https://skeb.jp/api/users/ryo_bowwow
2026-10-04 03:49:42 | INFO     | Saving at a/skeb/ryo_bowwow-6db048.json
2026-10-04 03:49:43 | WARNING  | 404 on https://skeb.jp/api/users/Geshi_to_ (attempt 1/3)
2026-10-04 03:49:44 | INFO     | OK https://skeb.jp/api/users/hal_shinoa
2026-10-04 03:49:44 | INFO     | Saving at a/skeb/hal_shinoa-4c17cc.json
2026-10-04 03:49:45 | INFO     | OK https://skeb.jp/api/users/kazakura_js
2026-10-04 03:49:45 | INFO     | Saving at a/skeb/kazakura_js-93dfc9.json
2026-10-04 03:49:46 | WARNING  | 404 on https://skeb.jp/api/users/EDO__nyan (attempt 3/3)
2026-10-04 03:49:47 | INFO     | OK https://skeb.jp/api/users/tama0104
2026-10-04 03:49:47 | INFO     | Saving at a/skeb/tama0104-4f08f0.json
2026-10-04 03:49:48 | WARNING  | 404 on https://skeb.jp/api/users/Geshi_to_ (attempt 2/3)
2026-10-04 03:49:49 | WARNING  | 404 on https://skeb.jp/api/users/Henzu_23 (attempt 3/3)
2026-10-04 03:49:50 | INFO     | OK https://skeb.jp/api/users/_miyakyu
2026-10-04 03:49:50 | INFO     | Saving at a/skeb/_miyakyu-4f03f8.json
2026-10-04 03:49:51 | INFO     | OK https://skeb.jp/api/users/2nc_p
2026-10-04 03:49:51 | INFO     | Saving at a/skeb/2nc_p-e79852.json
2026-10-04 03:49:52 | WARNING  | 404 on https://skeb.jp/api/users/oshino_Iriss (attempt 3/3)
2026-10-04 03:49:53 | INFO     | OK https://skeb.jp/api/users/II0FU5
2026-10-04 03:49:53 | INFO     | Saving at a/skeb/II0FU5-a53284.json
2026-10-04 03:49:54 | WARNING  | 404 on https://skeb.jp/api/users/Geshi_to_ (attempt 3/3)
2026-10-04 03:49:55 | INFO     | OK https://skeb.jp/api/users/siwasunohige
2026-10-04 03:49:55 | INFO     | Saving at a/skeb/siwasunohige-988775.json
2026-10-04 03:49:56 | WARNING  | 404 on https://skeb.jp/api/users/ghcfujfc1 (attempt 1/3)
2026-10-04 03:49:57 | INFO     | OK https://skeb.jp/api/users/NagatabiP
2026-10-04 03:49:57 | INFO     | Saving at a/skeb/NagatabiP-8adbe1.json
2026-10-04 03:49:58 | INFO     | OK https://skeb.jp/api/users/yuzuneko_illust
2026-10-04 03:49:58 | INFO     | Saving at a/skeb/yuzuneko_illust-5bf428.json
2026-10-04 03:49:59 | WARNING  | 404 on https://skeb.jp/api/users/ghcfujfc1 (attempt 2/3)
2026-10-04 03:50:00 | INFO     | OK https://skeb.jp/api/users/namo_tsukino
2026-10-04 03:50:00 | INFO     | Saving at a/skeb/namo_tsukino-9ea240.json
2026-10-04 03:50:01 | INFO     | OK https://skeb.jp/api/users/Ohtorihideyuki
2026-10-04 03:50:01 | INFO     | Saving at a/skeb/Ohtorihideyuki-c08c17.json
2026-10-04 03:50:02 | INFO     | OK https://skeb.jp/api/users/waraseizinn
2026-10-04 03:50:02 | INFO     | Saving at a/skeb/waraseizinn-76e8ad.json
2026-10-04 03:50:03 | INFO     | OK https://skeb.jp/api/users/majironagi
2026-10-04 03:50:03 | INFO     | Saving at a/skeb/majironagi-18f329.json
2026-10-04 03:50:04 | WARNING  | 404 on https://skeb.jp/api/users/ghcfujfc1 (attempt 3/3)
2026-10-04 03:50:05 | INFO     | OK https://skeb.jp/api/users/SuperCanoyan
2026-10-04 03:50:05 | INFO     | Saving at a/skeb/SuperCanoyan-ce9f0f.json
2026-10-04 03:50:06 | INFO     | OK https://skeb.jp/api/users/kneco_3
2026-10-04 03:50:06 | INFO     | Saving at a/skeb/kneco_3-8e80bb.json
2026-10-04 03:50:07 | INFO     | OK https://skeb.jp/api/users/cyq_joker
2026-10-04 03:50:07 | INFO     | Saving at a/skeb/cyq_joker-e7e4fe.json
2026-10-04 03:50:08 | INFO     | OK https://skeb.jp/api/users/coffeetouhu
2026-10-04 03:50:08 | INFO     | Saving at a/skeb/coffeetouhu-551093.json
2026-10-04 03:50:09 | INFO     | OK https://skeb.jp/api/users/tomin_90
2026-10-04 03:50:09 | INFO     | Saving at a/skeb/tomin_90-ebf8fe.json
2026-10-04 03:50:10 | WARNING  | 404 on https://skeb.jp/api/users/nattamati_ (attempt 1/3)
2026-10-04 03:50:11 | INFO     | OK https://skeb.jp/api/users/r4032658042634
2026-10-04 03:50:11 | INFO     | Saving at a/skeb/r4032658042634-a0d27f.json
2026-10-04 03:50:12 | INFO     | OK https://skeb.jp/api/users/yu_no_trpg
2026-10-04 03:50:12 | INFO     | Saving at a/skeb/yu_no_trpg-bb4e0c.json
2026-10-04 03:50:13 | INFO     | OK https://skeb.jp/api/users/chanama0825
2026-10-04 03:50:13 | INFO     | Saving at a/skeb/chanama0825-ffd1ab.json
2026-10-04 03:50:14 | INFO     | OK https://skeb.jp/api/users/pnkt_zui
2026-10-04 03:50:14 | INFO     | Saving at a/skeb/pnkt_zui-bdd93e.json
2026-10-04 03:50:15 | WARNING  | 404 on https://skeb.jp/api/users/Ryuzi_27 (attempt 1/3)
2026-10-04 03:50:16 | INFO     | OK https://skeb.jp/api/users/MitsueMiyabi
2026-10-04 03:50:16 | INFO     | Saving at a/skeb/MitsueMiyabi-206c7c.json
2026-10-04 03:50:17 | INFO     | OK https://skeb.jp/api/users/kawaju
2026-10-04 03:50:17 | INFO     | Saving at a/skeb/kawaju-fe8588.json
2026-10-04 03:50:18 | INFO     | OK https://skeb.jp/api/users/melon_5360
2026-10-04 03:50:18 | INFO     | Saving at a/skeb/melon_5360-07fabc.json
2026-10-04 03:50:19 | INFO     | OK https://skeb.jp/api/users/fegdgn
2026-10-04 03:50:19 | INFO     | Saving at a/skeb/fegdgn-244ff6.json
2026-10-04 03:50:20 | INFO     | OK https://skeb.jp/api/users/nekota_rinka
2026-10-04 03:50:20 | INFO     | Saving at a/skeb/nekota_rinka-f37969.json
2026-10-04 03:50:21 | INFO     | OK https://skeb.jp/api/users/Koba_Cowlman
2026-10-04 03:50:21 | INFO     | Saving at a/skeb/Koba_Cowlman-c097ab.json
2026-10-04 03:50:22 | INFO     | OK https://skeb.jp/api/users/mofu10fuRe18
2026-10-04 03:50:22 | INFO     | Saving at a/skeb/mofu10fuRe18-526364.json
2026-10-04 03:50:23 | WARNING  | 404 on https://skeb.jp/api/users/nattamati_ (attempt 2/3)
2026-10-04 03:50:24 | INFO     | OK https://skeb.jp/api/users/Saarlooswh
2026-10-04 03:50:24 | INFO     | Saving at a/skeb/Saarlooswh-8d907b.json
2026-10-04 03:50:25 | WARNING  | 404 on https://skeb.jp/api/users/Axnya (attempt 1/3)
2026-10-04 03:50:26 | WARNING  | 404 on https://skeb.jp/api/users/Ryuzi_27 (attempt 2/3)
2026-10-04 03:50:27 | INFO     | OK https://skeb.jp/api/users/ur__
2026-10-04 03:50:27 | INFO     | Saving at a/skeb/ur__-49223b.json
2026-10-04 03:50:28 | WARNING  | 404 on https://skeb.jp/api/users/nattamati_ (attempt 3/3)
2026-10-04 03:50:29 | WARNING  | 404 on https://skeb.jp/api/users/Axnya (attempt 2/3)
2026-10-04 03:50:30 | WARNING  | 404 on https://skeb.jp/api/users/Ryuzi_27 (attempt 3/3)
2026-10-04 03:50:33 | WARNING  | 404 on https://skeb.jp/api/users/Axnya (attempt 3/3)
2026-10-04 03:50:33 | INFO     |  --- SUMMARY REPORT --- 
  Sources Retreived    : 340
  Profiles Fetched     : 292
  Profile Missing      : 48
  Profile Rate Limited : 0
  Profile Error Others : 0

2026-10-04 03:50:33 | INFO     | Started creating static api data.
2026-10-04 03:52:38 | INFO     | Album index written to a/albums/index.json (542 albums)
