2026-08-04 08:08:27 | INFO     | Initialized Data Store.
2026-08-04 08:08:27 | INFO     | Homepage GET status=429 (attempt 1/3)
2026-08-04 08:08:27 | INFO     | Cookie extracted [request_key=...].
2026-08-04 08:08:27 | INFO     | SkebClient ready (impersonate=chrome120, rate=1.0/s, concurrency=10, max_runtime=10800s)
2026-08-04 08:10:34 | INFO     | Ready to scrape 62 items
2026-08-04 08:10:35 | WARNING  | 404 on https://skeb.jp/api/users/kagoyama_sns (attempt 1/3)
2026-08-04 08:10:35 | WARNING  | 404 on https://skeb.jp/api/users/scy2222 (attempt 1/3)
2026-08-04 08:10:37 | INFO     | OK https://skeb.jp/api/users/BentenHitomi39
2026-08-04 08:10:37 | INFO     | Saving at a/skeb/BentenHitomi39-e54346.json
2026-08-04 08:10:38 | WARNING  | 404 on https://skeb.jp/api/users/p_pfp5 (attempt 1/3)
2026-08-04 08:10:38 | WARNING  | 404 on https://skeb.jp/api/users/kagoyama_sns (attempt 2/3)
2026-08-04 08:10:39 | WARNING  | 404 on https://skeb.jp/api/users/scy2222 (attempt 2/3)
2026-08-04 08:10:41 | WARNING  | 404 on https://skeb.jp/api/users/3hankikan0220 (attempt 1/3)
2026-08-04 08:10:41 | INFO     | OK https://skeb.jp/api/users/ahuropantsu
2026-08-04 08:10:41 | INFO     | Saving at a/skeb/ahuropantsu-09d2f3.json
2026-08-04 08:10:43 | WARNING  | 404 on https://skeb.jp/api/users/polar_kuma62 (attempt 1/3)
2026-08-04 08:10:44 | WARNING  | 404 on https://skeb.jp/api/users/p_pfp5 (attempt 2/3)
2026-08-04 08:10:45 | WARNING  | 404 on https://skeb.jp/api/users/kagoyama_sns (attempt 3/3)
2026-08-04 08:10:45 | WARNING  | 404 on https://skeb.jp/api/users/kiNero30901 (attempt 1/3)
2026-08-04 08:10:46 | WARNING  | 404 on https://skeb.jp/api/users/polar_kuma62 (attempt 2/3)
2026-08-04 08:10:47 | INFO     | OK https://skeb.jp/api/users/Mo_nvm
2026-08-04 08:10:47 | INFO     | Saving at a/skeb/Mo_nvm-4d4aa4.json
2026-08-04 08:10:49 | INFO     | OK https://skeb.jp/api/users/OmochiTalte
2026-08-04 08:10:49 | INFO     | Saving at a/skeb/OmochiTalte-e329a3.json
2026-08-04 08:10:50 | WARNING  | 404 on https://skeb.jp/api/users/p_pfp5 (attempt 3/3)
2026-08-04 08:10:50 | WARNING  | 404 on https://skeb.jp/api/users/oshino_Iriss (attempt 1/3)
2026-08-04 08:10:52 | WARNING  | 404 on https://skeb.jp/api/users/polar_kuma62 (attempt 3/3)
2026-08-04 08:10:52 | WARNING  | 404 on https://skeb.jp/api/users/kiNero30901 (attempt 2/3)
2026-08-04 08:10:53 | WARNING  | 404 on https://skeb.jp/api/users/Iam_Ciikawa (attempt 1/3)
2026-08-04 08:10:55 | WARNING  | 404 on https://skeb.jp/api/users/kokorono_376 (attempt 1/3)
2026-08-04 08:10:55 | WARNING  | 404 on https://skeb.jp/api/users/nyatta_san (attempt 1/3)
2026-08-04 08:10:56 | WARNING  | 404 on https://skeb.jp/api/users/T4k73gqSZ26h5si (attempt 1/3)
2026-08-04 08:10:57 | WARNING  | 404 on https://skeb.jp/api/users/Axnya (attempt 1/3)
2026-08-04 08:10:59 | WARNING  | 404 on https://skeb.jp/api/users/kiNero30901 (attempt 3/3)
2026-08-04 08:10:59 | WARNING  | 404 on https://skeb.jp/api/users/nyatta_san (attempt 2/3)
2026-08-04 08:11:01 | WARNING  | 404 on https://skeb.jp/api/users/kokorono_376 (attempt 2/3)
2026-08-04 08:11:01 | WARNING  | 404 on https://skeb.jp/api/users/ronn_irai (attempt 1/3)
2026-08-04 08:11:02 | WARNING  | 404 on https://skeb.jp/api/users/Axnya (attempt 2/3)
2026-08-04 08:11:03 | WARNING  | 404 on https://skeb.jp/api/users/scy2222 (attempt 3/3)
2026-08-04 08:11:05 | WARNING  | 404 on https://skeb.jp/api/users/T4k73gqSZ26h5si (attempt 2/3)
2026-08-04 08:11:05 | WARNING  | 404 on https://skeb.jp/api/users/ronn_irai (attempt 2/3)
2026-08-04 08:11:07 | WARNING  | 404 on https://skeb.jp/api/users/kokorono_376 (attempt 3/3)
2026-08-04 08:11:08 | WARNING  | 404 on https://skeb.jp/api/users/nyatta_san (attempt 3/3)
2026-08-04 08:11:09 | WARNING  | 404 on https://skeb.jp/api/users/Axnya (attempt 3/3)
2026-08-04 08:11:09 | WARNING  | 404 on https://skeb.jp/api/users/EDO__nyan (attempt 1/3)
2026-08-04 08:11:11 | WARNING  | 404 on https://skeb.jp/api/users/T4k73gqSZ26h5si (attempt 3/3)
2026-08-04 08:11:12 | WARNING  | 404 on https://skeb.jp/api/users/ronn_irai (attempt 3/3)
2026-08-04 08:11:12 | WARNING  | 404 on https://skeb.jp/api/users/vHoo__ (attempt 1/3)
2026-08-04 08:11:14 | WARNING  | 404 on https://skeb.jp/api/users/Henzu_23 (attempt 1/3)
2026-08-04 08:11:14 | WARNING  | 404 on https://skeb.jp/api/users/EDO__nyan (attempt 2/3)
2026-08-04 08:11:16 | WARNING  | 404 on https://skeb.jp/api/users/Iam_Ciikawa (attempt 2/3)
2026-08-04 08:11:16 | INFO     | OK https://skeb.jp/api/users/sinonomemikann
2026-08-04 08:11:16 | INFO     | Saving at a/skeb/sinonomemikann-b84af8.json
2026-08-04 08:11:17 | WARNING  | 404 on https://skeb.jp/api/users/Henzu_23 (attempt 2/3)
2026-08-04 08:11:18 | INFO     | OK https://skeb.jp/api/users/natsume_4o
2026-08-04 08:11:18 | INFO     | Saving at a/skeb/natsume_4o-6958ab.json
2026-08-04 08:11:20 | WARNING  | 404 on https://skeb.jp/api/users/vHoo__ (attempt 2/3)
2026-08-04 08:11:21 | WARNING  | 404 on https://skeb.jp/api/users/EDO__nyan (attempt 3/3)
2026-08-04 08:11:22 | INFO     | OK https://skeb.jp/api/users/bohan212
2026-08-04 08:11:22 | INFO     | Saving at a/skeb/bohan212-9282b0.json
2026-08-04 08:11:23 | WARNING  | 404 on https://skeb.jp/api/users/Henzu_23 (attempt 3/3)
2026-08-04 08:11:23 | WARNING  | 404 on https://skeb.jp/api/users/Geshi_to_ (attempt 1/3)
2026-08-04 08:11:25 | WARNING  | 404 on https://skeb.jp/api/users/kotonesansukida (attempt 1/3)
2026-08-04 08:11:26 | WARNING  | 404 on https://skeb.jp/api/users/vHoo__ (attempt 3/3)
2026-08-04 08:11:27 | WARNING  | 404 on https://skeb.jp/api/users/77_t2w (attempt 1/3)
2026-08-04 08:11:27 | INFO     | OK https://skeb.jp/api/users/ID_mochikue
2026-08-04 08:11:27 | INFO     | Saving at a/skeb/ID_mochikue-213868.json
2026-08-04 08:11:29 | WARNING  | 404 on https://skeb.jp/api/users/meguru_nero (attempt 1/3)
2026-08-04 08:11:30 | WARNING  | 404 on https://skeb.jp/api/users/Geshi_to_ (attempt 2/3)
2026-08-04 08:11:31 | WARNING  | 404 on https://skeb.jp/api/users/kotonesansukida (attempt 2/3)
2026-08-04 08:11:31 | WARNING  | 404 on https://skeb.jp/api/users/oshino_Iriss (attempt 2/3)
2026-08-04 08:11:32 | WARNING  | 404 on https://skeb.jp/api/users/meguru_nero (attempt 2/3)
2026-08-04 08:11:34 | WARNING  | 404 on https://skeb.jp/api/users/77_t2w (attempt 2/3)
2026-08-04 08:11:34 | INFO     | OK https://skeb.jp/api/users/monnu8686
2026-08-04 08:11:34 | INFO     | Saving at a/skeb/monnu8686-e2b20c.json
2026-08-04 08:11:36 | WARNING  | 404 on https://skeb.jp/api/users/Geshi_to_ (attempt 3/3)
2026-08-04 08:11:37 | WARNING  | 404 on https://skeb.jp/api/users/kotonesansukida (attempt 3/3)
2026-08-04 08:11:38 | WARNING  | 404 on https://skeb.jp/api/users/meguru_nero (attempt 3/3)
2026-08-04 08:11:38 | WARNING  | 404 on https://skeb.jp/api/users/se3ifinal (attempt 1/3)
2026-08-04 08:11:39 | WARNING  | 404 on https://skeb.jp/api/users/oshino_Iriss (attempt 3/3)
2026-08-04 08:11:40 | WARNING  | 404 on https://skeb.jp/api/users/soraumi2000_50_ (attempt 1/3)
2026-08-04 08:11:41 | WARNING  | 404 on https://skeb.jp/api/users/Llu_ulg (attempt 1/3)
2026-08-04 08:11:42 | WARNING  | 404 on https://skeb.jp/api/users/se3ifinal (attempt 2/3)
2026-08-04 08:11:44 | WARNING  | 404 on https://skeb.jp/api/users/77_t2w (attempt 3/3)
2026-08-04 08:11:44 | WARNING  | 404 on https://skeb.jp/api/users/soraumi2000_50_ (attempt 2/3)
2026-08-04 08:11:45 | INFO     | OK https://skeb.jp/api/users/hitsujinoe
2026-08-04 08:11:45 | INFO     | Saving at a/skeb/hitsujinoe-ff3a85.json
2026-08-04 08:11:46 | WARNING  | 404 on https://skeb.jp/api/users/fm7hxj (attempt 1/3)
2026-08-04 08:11:48 | WARNING  | 404 on https://skeb.jp/api/users/se3ifinal (attempt 3/3)
2026-08-04 08:11:48 | WARNING  | 404 on https://skeb.jp/api/users/923kaku (attempt 1/3)
2026-08-04 08:11:50 | WARNING  | 404 on https://skeb.jp/api/users/soraumi2000_50_ (attempt 3/3)
2026-08-04 08:11:51 | INFO     | OK https://skeb.jp/api/users/wokochaman
2026-08-04 08:11:51 | INFO     | Saving at a/skeb/wokochaman-1c747d.json
2026-08-04 08:11:51 | WARNING  | 404 on https://skeb.jp/api/users/fm7hxj (attempt 2/3)
2026-08-04 08:11:52 | WARNING  | 404 on https://skeb.jp/api/users/pgpcvDCE9G (attempt 1/3)
2026-08-04 08:11:54 | WARNING  | 404 on https://skeb.jp/api/users/Llu_ulg (attempt 2/3)
2026-08-04 08:11:54 | WARNING  | 404 on https://skeb.jp/api/users/Iam_Ciikawa (attempt 3/3)
2026-08-04 08:11:55 | WARNING  | 404 on https://skeb.jp/api/users/killy810 (attempt 1/3)
2026-08-04 08:11:56 | WARNING  | 404 on https://skeb.jp/api/users/pgpcvDCE9G (attempt 2/3)
2026-08-04 08:11:58 | WARNING  | 404 on https://skeb.jp/api/users/3hankikan0220 (attempt 2/3)
2026-08-04 08:11:58 | WARNING  | 404 on https://skeb.jp/api/users/Llu_ulg (attempt 3/3)
2026-08-04 08:11:59 | WARNING  | 404 on https://skeb.jp/api/users/killy810 (attempt 2/3)
2026-08-04 08:12:01 | WARNING  | 404 on https://skeb.jp/api/users/29Kota2 (attempt 1/3)
2026-08-04 08:12:02 | WARNING  | 404 on https://skeb.jp/api/users/pgpcvDCE9G (attempt 3/3)
2026-08-04 08:12:03 | WARNING  | 404 on https://skeb.jp/api/users/fm7hxj (attempt 3/3)
2026-08-04 08:12:03 | WARNING  | 404 on https://skeb.jp/api/users/NOm0y0i (attempt 1/3)
2026-08-04 08:12:04 | WARNING  | 404 on https://skeb.jp/api/users/sakayama_lazuli (attempt 1/3)
2026-08-04 08:12:05 | INFO     | OK https://skeb.jp/api/users/touminn_shitai_
2026-08-04 08:12:05 | INFO     | Saving at a/skeb/touminn_shitai_-f79ab3.json
2026-08-04 08:12:06 | WARNING  | 404 on https://skeb.jp/api/users/NOm0y0i (attempt 2/3)
2026-08-04 08:12:07 | WARNING  | 404 on https://skeb.jp/api/users/yamin_himamo23 (attempt 1/3)
2026-08-04 08:12:08 | WARNING  | 404 on https://skeb.jp/api/users/sakayama_lazuli (attempt 2/3)
2026-08-04 08:12:09 | WARNING  | 404 on https://skeb.jp/api/users/kasha0927 (attempt 1/3)
2026-08-04 08:12:11 | WARNING  | 404 on https://skeb.jp/api/users/3hankikan0220 (attempt 3/3)
2026-08-04 08:12:12 | WARNING  | 404 on https://skeb.jp/api/users/923kaku (attempt 2/3)
2026-08-04 08:12:13 | WARNING  | 404 on https://skeb.jp/api/users/Uo_oU_us (attempt 1/3)
2026-08-04 08:12:14 | WARNING  | 404 on https://skeb.jp/api/users/yamin_himamo23 (attempt 2/3)
2026-08-04 08:12:15 | WARNING  | 404 on https://skeb.jp/api/users/killy810 (attempt 3/3)
2026-08-04 08:12:16 | WARNING  | 404 on https://skeb.jp/api/users/NOm0y0i (attempt 3/3)
2026-08-04 08:12:16 | WARNING  | 404 on https://skeb.jp/api/users/Uo_oU_us (attempt 2/3)
2026-08-04 08:12:17 | WARNING  | 404 on https://skeb.jp/api/users/8oSSUHCnXXz4tBp (attempt 1/3)
2026-08-04 08:12:18 | WARNING  | 404 on https://skeb.jp/api/users/29Kota2 (attempt 2/3)
2026-08-04 08:12:20 | WARNING  | 404 on https://skeb.jp/api/users/sakayama_lazuli (attempt 3/3)
2026-08-04 08:12:21 | WARNING  | 404 on https://skeb.jp/api/users/923kaku (attempt 3/3)
2026-08-04 08:12:22 | WARNING  | 404 on https://skeb.jp/api/users/yamin_himamo23 (attempt 3/3)
2026-08-04 08:12:22 | WARNING  | 404 on https://skeb.jp/api/users/Ryuzi_27 (attempt 1/3)
2026-08-04 08:12:24 | WARNING  | 404 on https://skeb.jp/api/users/m3x3_sk (attempt 1/3)
2026-08-04 08:12:24 | WARNING  | 404 on https://skeb.jp/api/users/29Kota2 (attempt 3/3)
2026-08-04 08:12:25 | WARNING  | 404 on https://skeb.jp/api/users/Ryuzi_27 (attempt 2/3)
2026-08-04 08:12:26 | WARNING  | 404 on https://skeb.jp/api/users/fukafuka_no_inu (attempt 1/3)
2026-08-04 08:12:27 | WARNING  | 404 on https://skeb.jp/api/users/m3x3_sk (attempt 2/3)
2026-08-04 08:12:28 | WARNING  | 404 on https://skeb.jp/api/users/lkjeudnduy44 (attempt 1/3)
2026-08-04 08:12:30 | WARNING  | 404 on https://skeb.jp/api/users/8oSSUHCnXXz4tBp (attempt 2/3)
2026-08-04 08:12:31 | WARNING  | 404 on https://skeb.jp/api/users/Uo_oU_us (attempt 3/3)
2026-08-04 08:12:31 | WARNING  | 404 on https://skeb.jp/api/users/lkjeudnduy44 (attempt 2/3)
2026-08-04 08:12:33 | INFO     | OK https://skeb.jp/api/users/AsK9c
2026-08-04 08:12:33 | INFO     | Saving at a/skeb/AsK9c-6766b5.json
2026-08-04 08:12:34 | WARNING  | 404 on https://skeb.jp/api/users/m3x3_sk (attempt 3/3)
2026-08-04 08:12:35 | INFO     | OK https://skeb.jp/api/users/_Lv_333_
2026-08-04 08:12:35 | INFO     | Saving at a/skeb/_Lv_333_-eb0cb4.json
2026-08-04 08:12:36 | WARNING  | 404 on https://skeb.jp/api/users/toxizaki (attempt 1/3)
2026-08-04 08:12:37 | WARNING  | 404 on https://skeb.jp/api/users/fukafuka_no_inu (attempt 2/3)
2026-08-04 08:12:38 | WARNING  | 404 on https://skeb.jp/api/users/lkjeudnduy44 (attempt 3/3)
2026-08-04 08:12:39 | WARNING  | 404 on https://skeb.jp/api/users/Ryuzi_27 (attempt 3/3)
2026-08-04 08:12:39 | WARNING  | 404 on https://skeb.jp/api/users/toxizaki (attempt 2/3)
2026-08-04 08:12:40 | WARNING  | 404 on https://skeb.jp/api/users/aki_ra3_ (attempt 1/3)
2026-08-04 08:12:42 | WARNING  | 404 on https://skeb.jp/api/users/8oSSUHCnXXz4tBp (attempt 3/3)
2026-08-04 08:12:43 | WARNING  | 404 on https://skeb.jp/api/users/ghcfujfc1 (attempt 1/3)
2026-08-04 08:12:43 | INFO     | OK https://skeb.jp/api/users/6KuS
2026-08-04 08:12:43 | INFO     | Saving at a/skeb/6KuS-93fe34.json
2026-08-04 08:12:44 | WARNING  | 404 on https://skeb.jp/api/users/aki_ra3_ (attempt 2/3)
2026-08-04 08:12:45 | WARNING  | 404 on https://skeb.jp/api/users/Genkyou (attempt 1/3)
2026-08-04 08:12:46 | WARNING  | 404 on https://skeb.jp/api/users/nattamati_ (attempt 1/3)
2026-08-04 08:12:47 | WARNING  | 404 on https://skeb.jp/api/users/mimamorichan (attempt 1/3)
2026-08-04 08:12:49 | WARNING  | 404 on https://skeb.jp/api/users/ghcfujfc1 (attempt 2/3)
2026-08-04 08:12:50 | WARNING  | 404 on https://skeb.jp/api/users/kasha0927 (attempt 2/3)
2026-08-04 08:12:50 | WARNING  | 404 on https://skeb.jp/api/users/nattamati_ (attempt 2/3)
2026-08-04 08:12:52 | WARNING  | 404 on https://skeb.jp/api/users/toxizaki (attempt 3/3)
2026-08-04 08:12:53 | WARNING  | 404 on https://skeb.jp/api/users/fukafuka_no_inu (attempt 3/3)
2026-08-04 08:12:54 | INFO     | OK https://skeb.jp/api/users/hiiragiseu
2026-08-04 08:12:54 | INFO     | Saving at a/skeb/hiiragiseu-e4ee8a.json
2026-08-04 08:12:55 | WARNING  | 404 on https://skeb.jp/api/users/ghcfujfc1 (attempt 3/3)
2026-08-04 08:12:56 | WARNING  | 404 on https://skeb.jp/api/users/Genkyou (attempt 2/3)
2026-08-04 08:12:57 | WARNING  | 404 on https://skeb.jp/api/users/kasha0927 (attempt 3/3)
2026-08-04 08:12:58 | WARNING  | 404 on https://skeb.jp/api/users/aki_ra3_ (attempt 3/3)
2026-08-04 08:12:59 | WARNING  | 404 on https://skeb.jp/api/users/mimamorichan (attempt 2/3)
2026-08-04 08:13:00 | WARNING  | 404 on https://skeb.jp/api/users/_meruruto_ (attempt 1/3)
2026-08-04 08:13:00 | WARNING  | 404 on https://skeb.jp/api/users/nattamati_ (attempt 3/3)
2026-08-04 08:13:02 | WARNING  | 404 on https://skeb.jp/api/users/Genkyou (attempt 3/3)
2026-08-04 08:13:02 | WARNING  | 404 on https://skeb.jp/api/users/mimei_Illust (attempt 1/3)
2026-08-04 08:13:03 | WARNING  | 404 on https://skeb.jp/api/users/_meruruto_ (attempt 2/3)
2026-08-04 08:13:05 | WARNING  | 404 on https://skeb.jp/api/users/mimamorichan (attempt 3/3)
2026-08-04 08:13:05 | WARNING  | 404 on https://skeb.jp/api/users/mimei_Illust (attempt 2/3)
2026-08-04 08:13:08 | WARNING  | 404 on https://skeb.jp/api/users/_meruruto_ (attempt 3/3)
2026-08-04 08:13:10 | WARNING  | 404 on https://skeb.jp/api/users/mimei_Illust (attempt 3/3)
2026-08-04 08:13:10 | INFO     |  --- SUMMARY REPORT --- 
  Sources Retreived    : 62
  Profiles Fetched     : 16
  Profile Missing      : 46
  Profile Rate Limited : 0
  Profile Error Others : 0

2026-08-04 08:13:10 | INFO     | Started creating static api data.
2026-08-04 08:15:25 | INFO     | Album index written to a/albums/index.json (418 albums)
