2026-08-04 19:14:44 | INFO     | Initialized Data Store.
2026-08-04 19:14:45 | INFO     | Homepage GET status=429 (attempt 1/3)
2026-08-04 19:14:45 | INFO     | Cookie extracted [request_key=...].
2026-08-04 19:14:45 | INFO     | SkebClient ready (impersonate=chrome120, rate=1.0/s, concurrency=10, max_runtime=10800s)
2026-08-04 19:16:59 | INFO     | Ready to scrape 54 items
2026-08-04 19:17:00 | WARNING  | 404 on https://skeb.jp/api/users/_meruruto_ (attempt 1/3)
2026-08-04 19:17:00 | WARNING  | 404 on https://skeb.jp/api/users/Axnya (attempt 1/3)
2026-08-04 19:17:01 | WARNING  | 404 on https://skeb.jp/api/users/polar_kuma62 (attempt 1/3)
2026-08-04 19:17:02 | WARNING  | 404 on https://skeb.jp/api/users/kiNero30901 (attempt 1/3)
2026-08-04 19:17:03 | WARNING  | 404 on https://skeb.jp/api/users/_meruruto_ (attempt 2/3)
2026-08-04 19:17:04 | WARNING  | 404 on https://skeb.jp/api/users/Axnya (attempt 2/3)
2026-08-04 19:17:05 | WARNING  | 404 on https://skeb.jp/api/users/polar_kuma62 (attempt 2/3)
2026-08-04 19:17:06 | WARNING  | 404 on https://skeb.jp/api/users/aki_ra3_ (attempt 1/3)
2026-08-04 19:17:07 | WARNING  | 404 on https://skeb.jp/api/users/ronn_irai (attempt 1/3)
2026-08-04 19:17:08 | WARNING  | 404 on https://skeb.jp/api/users/kiNero30901 (attempt 2/3)
2026-08-04 19:17:09 | WARNING  | 404 on https://skeb.jp/api/users/_meruruto_ (attempt 3/3)
2026-08-04 19:17:10 | WARNING  | 404 on https://skeb.jp/api/users/polar_kuma62 (attempt 3/3)
2026-08-04 19:17:11 | WARNING  | 404 on https://skeb.jp/api/users/ronn_irai (attempt 2/3)
2026-08-04 19:17:12 | WARNING  | 404 on https://skeb.jp/api/users/8oSSUHCnXXz4tBp (attempt 1/3)
2026-08-04 19:17:13 | WARNING  | 404 on https://skeb.jp/api/users/kiNero30901 (attempt 3/3)
2026-08-04 19:17:14 | WARNING  | 404 on https://skeb.jp/api/users/Axnya (attempt 3/3)
2026-08-04 19:17:15 | WARNING  | 404 on https://skeb.jp/api/users/Geshi_to_ (attempt 1/3)
2026-08-04 19:17:16 | WARNING  | 404 on https://skeb.jp/api/users/pgpcvDCE9G (attempt 1/3)
2026-08-04 19:17:17 | WARNING  | 404 on https://skeb.jp/api/users/meguru_nero (attempt 1/3)
2026-08-04 19:17:18 | WARNING  | 404 on https://skeb.jp/api/users/ronn_irai (attempt 3/3)
2026-08-04 19:17:19 | WARNING  | 404 on https://skeb.jp/api/users/Geshi_to_ (attempt 2/3)
2026-08-04 19:17:20 | WARNING  | 404 on https://skeb.jp/api/users/pgpcvDCE9G (attempt 2/3)
2026-08-04 19:17:21 | WARNING  | 404 on https://skeb.jp/api/users/meguru_nero (attempt 2/3)
2026-08-04 19:17:22 | WARNING  | 404 on https://skeb.jp/api/users/sakayama_lazuli (attempt 1/3)
2026-08-04 19:17:23 | WARNING  | 404 on https://skeb.jp/api/users/8oSSUHCnXXz4tBp (attempt 2/3)
2026-08-04 19:17:24 | WARNING  | 404 on https://skeb.jp/api/users/Geshi_to_ (attempt 3/3)
2026-08-04 19:17:25 | INFO     | OK https://skeb.jp/api/users/mmm_trpg38
2026-08-04 19:17:25 | INFO     | Saving at a/skeb/mmm_trpg38-5351fb.json
2026-08-04 19:17:26 | WARNING  | 404 on https://skeb.jp/api/users/sakayama_lazuli (attempt 2/3)
2026-08-04 19:17:27 | WARNING  | 404 on https://skeb.jp/api/users/meguru_nero (attempt 3/3)
2026-08-04 19:17:28 | WARNING  | 404 on https://skeb.jp/api/users/mimei_Illust (attempt 1/3)
2026-08-04 19:17:29 | WARNING  | 404 on https://skeb.jp/api/users/toxizaki (attempt 1/3)
2026-08-04 19:17:30 | INFO     | OK https://skeb.jp/api/users/hiroshi_
2026-08-04 19:17:30 | INFO     | Saving at a/skeb/hiroshi_-9983f4.json
2026-08-04 19:17:31 | WARNING  | 404 on https://skeb.jp/api/users/sakayama_lazuli (attempt 3/3)
2026-08-04 19:17:32 | WARNING  | 404 on https://skeb.jp/api/users/se3ifinal (attempt 1/3)
2026-08-04 19:17:33 | WARNING  | 404 on https://skeb.jp/api/users/vHoo__ (attempt 1/3)
2026-08-04 19:17:34 | WARNING  | 404 on https://skeb.jp/api/users/aki_ra3_ (attempt 2/3)
2026-08-04 19:17:35 | WARNING  | 404 on https://skeb.jp/api/users/fukafuka_no_inu (attempt 1/3)
2026-08-04 19:17:36 | WARNING  | 404 on https://skeb.jp/api/users/ghcfujfc1 (attempt 1/3)
2026-08-04 19:17:37 | WARNING  | 404 on https://skeb.jp/api/users/vHoo__ (attempt 2/3)
2026-08-04 19:17:38 | WARNING  | 404 on https://skeb.jp/api/users/se3ifinal (attempt 2/3)
2026-08-04 19:17:39 | WARNING  | 404 on https://skeb.jp/api/users/fukafuka_no_inu (attempt 2/3)
2026-08-04 19:17:40 | WARNING  | 404 on https://skeb.jp/api/users/ghcfujfc1 (attempt 2/3)
2026-08-04 19:17:41 | WARNING  | 404 on https://skeb.jp/api/users/aki_ra3_ (attempt 3/3)
2026-08-04 19:17:42 | WARNING  | 404 on https://skeb.jp/api/users/vHoo__ (attempt 3/3)
2026-08-04 19:17:43 | INFO     | OK https://skeb.jp/api/users/haruta_sora
2026-08-04 19:17:43 | INFO     | Saving at a/skeb/haruta_sora-6355d1.json
2026-08-04 19:17:44 | WARNING  | 404 on https://skeb.jp/api/users/se3ifinal (attempt 3/3)
2026-08-04 19:17:45 | WARNING  | 404 on https://skeb.jp/api/users/pgpcvDCE9G (attempt 3/3)
2026-08-04 19:17:46 | WARNING  | 404 on https://skeb.jp/api/users/lkjeudnduy44 (attempt 1/3)
2026-08-04 19:17:47 | WARNING  | 404 on https://skeb.jp/api/users/ghcfujfc1 (attempt 3/3)
2026-08-04 19:17:48 | WARNING  | 404 on https://skeb.jp/api/users/8oSSUHCnXXz4tBp (attempt 3/3)
2026-08-04 19:17:49 | WARNING  | 404 on https://skeb.jp/api/users/scy2222 (attempt 1/3)
2026-08-04 19:17:50 | WARNING  | 404 on https://skeb.jp/api/users/lkjeudnduy44 (attempt 2/3)
2026-08-04 19:17:51 | WARNING  | 404 on https://skeb.jp/api/users/toxizaki (attempt 2/3)
2026-08-04 19:17:52 | WARNING  | 404 on https://skeb.jp/api/users/nattamati_ (attempt 1/3)
2026-08-04 19:17:53 | WARNING  | 404 on https://skeb.jp/api/users/killy810 (attempt 1/3)
2026-08-04 19:17:54 | WARNING  | 404 on https://skeb.jp/api/users/yamin_himamo23 (attempt 1/3)
2026-08-04 19:17:55 | WARNING  | 404 on https://skeb.jp/api/users/NOm0y0i (attempt 1/3)
2026-08-04 19:17:56 | WARNING  | 404 on https://skeb.jp/api/users/killy810 (attempt 2/3)
2026-08-04 19:17:57 | WARNING  | 404 on https://skeb.jp/api/users/lkjeudnduy44 (attempt 3/3)
2026-08-04 19:17:58 | WARNING  | 404 on https://skeb.jp/api/users/scy2222 (attempt 2/3)
2026-08-04 19:17:59 | WARNING  | 404 on https://skeb.jp/api/users/NOm0y0i (attempt 2/3)
2026-08-04 19:18:00 | WARNING  | 404 on https://skeb.jp/api/users/yamin_himamo23 (attempt 2/3)
2026-08-04 19:18:01 | WARNING  | 404 on https://skeb.jp/api/users/killy810 (attempt 3/3)
2026-08-04 19:18:02 | WARNING  | 404 on https://skeb.jp/api/users/mimei_Illust (attempt 2/3)
2026-08-04 19:18:03 | WARNING  | 404 on https://skeb.jp/api/users/EDO__nyan (attempt 1/3)
2026-08-04 19:18:04 | WARNING  | 404 on https://skeb.jp/api/users/scy2222 (attempt 3/3)
2026-08-04 19:18:05 | WARNING  | 404 on https://skeb.jp/api/users/nattamati_ (attempt 2/3)
2026-08-04 19:18:06 | WARNING  | 404 on https://skeb.jp/api/users/NOm0y0i (attempt 3/3)
2026-08-04 19:18:07 | WARNING  | 404 on https://skeb.jp/api/users/yamin_himamo23 (attempt 3/3)
2026-08-04 19:18:08 | INFO     | OK https://skeb.jp/api/users/edwinhsu6
2026-08-04 19:18:08 | INFO     | Saving at a/skeb/edwinhsu6-95e833.json
2026-08-04 19:18:09 | WARNING  | 404 on https://skeb.jp/api/users/EDO__nyan (attempt 2/3)
2026-08-04 19:18:10 | WARNING  | 404 on https://skeb.jp/api/users/kagoyama_sns (attempt 1/3)
2026-08-04 19:18:11 | WARNING  | 404 on https://skeb.jp/api/users/toxizaki (attempt 3/3)
2026-08-04 19:18:12 | WARNING  | 404 on https://skeb.jp/api/users/mimei_Illust (attempt 3/3)
2026-08-04 19:18:13 | WARNING  | 404 on https://skeb.jp/api/users/nattamati_ (attempt 3/3)
2026-08-04 19:18:14 | WARNING  | 404 on https://skeb.jp/api/users/fukafuka_no_inu (attempt 3/3)
2026-08-04 19:18:15 | INFO     | OK https://skeb.jp/api/users/yozora217318
2026-08-04 19:18:15 | INFO     | Saving at a/skeb/yozora217318-c0d25a.json
2026-08-04 19:18:16 | INFO     | OK https://skeb.jp/api/users/Pinomalku_1151
2026-08-04 19:18:16 | INFO     | Saving at a/skeb/Pinomalku_1151-20b36c.json
2026-08-04 19:18:17 | INFO     | OK https://skeb.jp/api/users/ez_a2
2026-08-04 19:18:17 | INFO     | Saving at a/skeb/ez_a2-ebbd0d.json
2026-08-04 19:18:18 | WARNING  | 404 on https://skeb.jp/api/users/kagoyama_sns (attempt 2/3)
2026-08-04 19:18:19 | WARNING  | 404 on https://skeb.jp/api/users/nyatta_san (attempt 1/3)
2026-08-04 19:18:20 | WARNING  | 404 on https://skeb.jp/api/users/mimamorichan (attempt 1/3)
2026-08-04 19:18:21 | WARNING  | 404 on https://skeb.jp/api/users/3hankikan0220 (attempt 1/3)
2026-08-04 19:18:22 | WARNING  | 404 on https://skeb.jp/api/users/EDO__nyan (attempt 3/3)
2026-08-04 19:18:23 | WARNING  | 404 on https://skeb.jp/api/users/kotonesansukida (attempt 1/3)
2026-08-04 19:18:24 | WARNING  | 404 on https://skeb.jp/api/users/kagoyama_sns (attempt 3/3)
2026-08-04 19:18:25 | WARNING  | 404 on https://skeb.jp/api/users/3hankikan0220 (attempt 2/3)
2026-08-04 19:18:26 | WARNING  | 404 on https://skeb.jp/api/users/29Kota2 (attempt 1/3)
2026-08-04 19:18:27 | WARNING  | 404 on https://skeb.jp/api/users/kotonesansukida (attempt 2/3)
2026-08-04 19:18:28 | WARNING  | 404 on https://skeb.jp/api/users/p_pfp5 (attempt 1/3)
2026-08-04 19:18:29 | WARNING  | 404 on https://skeb.jp/api/users/fm7hxj (attempt 1/3)
2026-08-04 19:18:30 | WARNING  | 404 on https://skeb.jp/api/users/3hankikan0220 (attempt 3/3)
2026-08-04 19:18:31 | WARNING  | 404 on https://skeb.jp/api/users/77_t2w (attempt 1/3)
2026-08-04 19:18:32 | WARNING  | 404 on https://skeb.jp/api/users/nyatta_san (attempt 2/3)
2026-08-04 19:18:33 | WARNING  | 404 on https://skeb.jp/api/users/Genkyou (attempt 1/3)
2026-08-04 19:18:34 | WARNING  | 404 on https://skeb.jp/api/users/923kaku (attempt 1/3)
2026-08-04 19:18:35 | WARNING  | 404 on https://skeb.jp/api/users/mimamorichan (attempt 2/3)
2026-08-04 19:18:36 | WARNING  | 404 on https://skeb.jp/api/users/Genkyou (attempt 2/3)
2026-08-04 19:18:37 | WARNING  | 404 on https://skeb.jp/api/users/p_pfp5 (attempt 2/3)
2026-08-04 19:18:38 | WARNING  | 404 on https://skeb.jp/api/users/77_t2w (attempt 2/3)
2026-08-04 19:18:39 | WARNING  | 404 on https://skeb.jp/api/users/Henzu_23 (attempt 1/3)
2026-08-04 19:18:40 | WARNING  | 404 on https://skeb.jp/api/users/nyatta_san (attempt 3/3)
2026-08-04 19:18:41 | WARNING  | 404 on https://skeb.jp/api/users/mimamorichan (attempt 3/3)
2026-08-04 19:18:42 | WARNING  | 404 on https://skeb.jp/api/users/Genkyou (attempt 3/3)
2026-08-04 19:18:43 | WARNING  | 404 on https://skeb.jp/api/users/kotonesansukida (attempt 3/3)
2026-08-04 19:18:44 | WARNING  | 404 on https://skeb.jp/api/users/29Kota2 (attempt 2/3)
2026-08-04 19:18:45 | WARNING  | 404 on https://skeb.jp/api/users/Henzu_23 (attempt 2/3)
2026-08-04 19:18:46 | WARNING  | 404 on https://skeb.jp/api/users/Uo_oU_us (attempt 1/3)
2026-08-04 19:18:47 | WARNING  | 404 on https://skeb.jp/api/users/Iam_Ciikawa (attempt 1/3)
2026-08-04 19:18:48 | WARNING  | 404 on https://skeb.jp/api/users/p_pfp5 (attempt 3/3)
2026-08-04 19:18:49 | WARNING  | 404 on https://skeb.jp/api/users/923kaku (attempt 2/3)
2026-08-04 19:18:50 | WARNING  | 404 on https://skeb.jp/api/users/29Kota2 (attempt 3/3)
2026-08-04 19:18:51 | WARNING  | 404 on https://skeb.jp/api/users/Iam_Ciikawa (attempt 2/3)
2026-08-04 19:18:52 | WARNING  | 404 on https://skeb.jp/api/users/oshino_Iriss (attempt 1/3)
2026-08-04 19:18:53 | WARNING  | 404 on https://skeb.jp/api/users/77_t2w (attempt 3/3)
2026-08-04 19:18:54 | WARNING  | 404 on https://skeb.jp/api/users/kasha0927 (attempt 1/3)
2026-08-04 19:18:55 | WARNING  | 404 on https://skeb.jp/api/users/923kaku (attempt 3/3)
2026-08-04 19:18:56 | WARNING  | 404 on https://skeb.jp/api/users/Ryuzi_27 (attempt 1/3)
2026-08-04 19:18:57 | WARNING  | 404 on https://skeb.jp/api/users/Llu_ulg (attempt 1/3)
2026-08-04 19:18:58 | WARNING  | 404 on https://skeb.jp/api/users/kasha0927 (attempt 2/3)
2026-08-04 19:18:59 | WARNING  | 404 on https://skeb.jp/api/users/m3x3_sk (attempt 1/3)
2026-08-04 19:19:00 | WARNING  | 404 on https://skeb.jp/api/users/Ryuzi_27 (attempt 2/3)
2026-08-04 19:19:01 | WARNING  | 404 on https://skeb.jp/api/users/kokorono_376 (attempt 1/3)
2026-08-04 19:19:02 | WARNING  | 404 on https://skeb.jp/api/users/Iam_Ciikawa (attempt 3/3)
2026-08-04 19:19:03 | WARNING  | 404 on https://skeb.jp/api/users/m3x3_sk (attempt 2/3)
2026-08-04 19:19:04 | WARNING  | 404 on https://skeb.jp/api/users/kokorono_376 (attempt 2/3)
2026-08-04 19:19:05 | WARNING  | 404 on https://skeb.jp/api/users/Uo_oU_us (attempt 2/3)
2026-08-04 19:19:06 | WARNING  | 404 on https://skeb.jp/api/users/Ryuzi_27 (attempt 3/3)
2026-08-04 19:19:07 | WARNING  | 404 on https://skeb.jp/api/users/Llu_ulg (attempt 2/3)
2026-08-04 19:19:08 | WARNING  | 404 on https://skeb.jp/api/users/kasha0927 (attempt 3/3)
2026-08-04 19:19:09 | WARNING  | 404 on https://skeb.jp/api/users/oshino_Iriss (attempt 2/3)
2026-08-04 19:19:10 | INFO     | OK https://skeb.jp/api/users/manji0
2026-08-04 19:19:10 | INFO     | Saving at a/skeb/manji0-8e46d7.json
2026-08-04 19:19:11 | WARNING  | 404 on https://skeb.jp/api/users/Henzu_23 (attempt 3/3)
2026-08-04 19:19:12 | WARNING  | 404 on https://skeb.jp/api/users/Uo_oU_us (attempt 3/3)
2026-08-04 19:19:13 | WARNING  | 404 on https://skeb.jp/api/users/Llu_ulg (attempt 3/3)
2026-08-04 19:19:14 | WARNING  | 404 on https://skeb.jp/api/users/kokorono_376 (attempt 3/3)
2026-08-04 19:19:15 | WARNING  | 404 on https://skeb.jp/api/users/T4k73gqSZ26h5si (attempt 1/3)
2026-08-04 19:19:16 | WARNING  | 404 on https://skeb.jp/api/users/oshino_Iriss (attempt 3/3)
2026-08-04 19:19:17 | WARNING  | 404 on https://skeb.jp/api/users/fm7hxj (attempt 2/3)
2026-08-04 19:19:18 | WARNING  | 404 on https://skeb.jp/api/users/soraumi2000_50_ (attempt 1/3)
2026-08-04 19:19:19 | WARNING  | 404 on https://skeb.jp/api/users/T4k73gqSZ26h5si (attempt 2/3)
2026-08-04 19:19:20 | WARNING  | 404 on https://skeb.jp/api/users/m3x3_sk (attempt 3/3)
2026-08-04 19:19:21 | WARNING  | 404 on https://skeb.jp/api/users/soraumi2000_50_ (attempt 2/3)
2026-08-04 19:19:22 | WARNING  | 404 on https://skeb.jp/api/users/fm7hxj (attempt 3/3)
2026-08-04 19:19:24 | WARNING  | 404 on https://skeb.jp/api/users/T4k73gqSZ26h5si (attempt 3/3)
2026-08-04 19:19:25 | WARNING  | 404 on https://skeb.jp/api/users/soraumi2000_50_ (attempt 3/3)
2026-08-04 19:19:25 | INFO     |  --- SUMMARY REPORT --- 
  Sources Retreived    : 54
  Profiles Fetched     : 8
  Profile Missing      : 46
  Profile Rate Limited : 0
  Profile Error Others : 0

2026-08-04 19:19:25 | INFO     | Started creating static api data.
2026-08-04 19:21:08 | INFO     | Album index written to a/albums/index.json (420 albums)
