2026-08-31 16:19:04 | INFO     | Initialized Data Store.
2026-08-31 16:19:05 | INFO     | Homepage GET status=200 (attempt 1/3)
2026-08-31 16:19:05 | WARNING  | request_key not found in homepage HTML (status=200).
2026-08-31 16:19:05 | INFO     | SkebClient ready (impersonate=chrome120, rate=1.0/s, concurrency=10, max_runtime=10800s)
2026-08-31 16:20:09 | INFO     | Ready to scrape 196 items
2026-08-31 16:20:09 | INFO     | OK https://skeb.jp/api/users/ioibok
2026-08-31 16:20:09 | INFO     | Saving at a/skeb/ioibok-5b82ef.json
2026-08-31 16:20:10 | INFO     | OK https://skeb.jp/api/users/nattu518
2026-08-31 16:20:10 | INFO     | Saving at a/skeb/nattu518-3a5de9.json
2026-08-31 16:20:11 | INFO     | OK https://skeb.jp/api/users/109_TenriG
2026-08-31 16:20:11 | INFO     | Saving at a/skeb/109_TenriG-eddb6d.json
2026-08-31 16:20:12 | INFO     | OK https://skeb.jp/api/users/OObelle_
2026-08-31 16:20:12 | INFO     | Saving at a/skeb/OObelle_-1dd6ee.json
2026-08-31 16:20:13 | INFO     | OK https://skeb.jp/api/users/N_seiso139
2026-08-31 16:20:13 | INFO     | Saving at a/skeb/N_seiso139-1dbf87.json
2026-08-31 16:20:14 | WARNING  | 404 on https://skeb.jp/api/users/killy810 (attempt 1/3)
2026-08-31 16:20:15 | WARNING  | 404 on https://skeb.jp/api/users/T4k73gqSZ26h5si (attempt 1/3)
2026-08-31 16:20:16 | INFO     | OK https://skeb.jp/api/users/hihiP_0
2026-08-31 16:20:16 | INFO     | Saving at a/skeb/hihiP_0-0c7934.json
2026-08-31 16:20:17 | INFO     | OK https://skeb.jp/api/users/ankoteiumena777
2026-08-31 16:20:17 | INFO     | Saving at a/skeb/ankoteiumena777-da8019.json
2026-08-31 16:20:18 | WARNING  | 404 on https://skeb.jp/api/users/killy810 (attempt 2/3)
2026-08-31 16:20:19 | INFO     | OK https://skeb.jp/api/users/Princess_Rulusila
2026-08-31 16:20:19 | INFO     | Saving at a/skeb/Princess_Rulusila-c44ace.json
2026-08-31 16:20:20 | INFO     | OK https://skeb.jp/api/users/Amanima
2026-08-31 16:20:20 | INFO     | Saving at a/skeb/Amanima-0b9c2b.json
2026-08-31 16:20:21 | INFO     | OK https://skeb.jp/api/users/syatooobrian
2026-08-31 16:20:21 | INFO     | Saving at a/skeb/syatooobrian-65759c.json
2026-08-31 16:20:22 | INFO     | OK https://skeb.jp/api/users/amane8381
2026-08-31 16:20:22 | INFO     | Saving at a/skeb/amane8381-90940d.json
2026-08-31 16:20:23 | INFO     | OK https://skeb.jp/api/users/0214touka
2026-08-31 16:20:23 | INFO     | Saving at a/skeb/0214touka-8ee1f1.json
2026-08-31 16:20:24 | INFO     | OK https://skeb.jp/api/users/l2vXUGjVw8t4TqO
2026-08-31 16:20:24 | INFO     | Saving at a/skeb/l2vXUGjVw8t4TqO-45a9de.json
2026-08-31 16:20:25 | INFO     | OK https://skeb.jp/api/users/tsukune2398
2026-08-31 16:20:25 | INFO     | Saving at a/skeb/tsukune2398-6359a4.json
2026-08-31 16:20:26 | WARNING  | 404 on https://skeb.jp/api/users/killy810 (attempt 3/3)
2026-08-31 16:20:27 | INFO     | OK https://skeb.jp/api/users/zono
2026-08-31 16:20:27 | INFO     | Saving at a/skeb/zono-9ff8f0.json
2026-08-31 16:20:28 | INFO     | OK https://skeb.jp/api/users/maimainro3
2026-08-31 16:20:28 | INFO     | Saving at a/skeb/maimainro3-70415d.json
2026-08-31 16:20:29 | WARNING  | 404 on https://skeb.jp/api/users/T4k73gqSZ26h5si (attempt 2/3)
2026-08-31 16:20:30 | WARNING  | 404 on https://skeb.jp/api/users/sakayama_lazuli (attempt 1/3)
2026-08-31 16:20:31 | INFO     | OK https://skeb.jp/api/users/La_Wister
2026-08-31 16:20:31 | INFO     | Saving at a/skeb/La_Wister-628ad6.json
2026-08-31 16:20:32 | INFO     | OK https://skeb.jp/api/users/UZI_346
2026-08-31 16:20:32 | INFO     | Saving at a/skeb/UZI_346-ed61ab.json
2026-08-31 16:20:33 | INFO     | OK https://skeb.jp/api/users/nonomopurin
2026-08-31 16:20:33 | INFO     | Saving at a/skeb/nonomopurin-b2b2f5.json
2026-08-31 16:20:34 | INFO     | OK https://skeb.jp/api/users/aquaaq
2026-08-31 16:20:34 | INFO     | Saving at a/skeb/aquaaq-9dc8e3.json
2026-08-31 16:20:35 | INFO     | OK https://skeb.jp/api/users/DrK_1104
2026-08-31 16:20:35 | INFO     | Saving at a/skeb/DrK_1104-1414e9.json
2026-08-31 16:20:36 | WARNING  | 404 on https://skeb.jp/api/users/T4k73gqSZ26h5si (attempt 3/3)
2026-08-31 16:20:37 | INFO     | OK https://skeb.jp/api/users/koishi
2026-08-31 16:20:37 | INFO     | Saving at a/skeb/koishi-1a8928.json
2026-08-31 16:20:38 | WARNING  | 404 on https://skeb.jp/api/users/fukafuka_no_inu (attempt 1/3)
2026-08-31 16:20:39 | INFO     | OK https://skeb.jp/api/users/ApplePie_1201
2026-08-31 16:20:39 | INFO     | Saving at a/skeb/ApplePie_1201-09b317.json
2026-08-31 16:20:40 | INFO     | OK https://skeb.jp/api/users/komekoji999
2026-08-31 16:20:40 | INFO     | Saving at a/skeb/komekoji999-67ceae.json
2026-08-31 16:20:41 | WARNING  | 404 on https://skeb.jp/api/users/fukafuka_no_inu (attempt 2/3)
2026-08-31 16:20:42 | INFO     | OK https://skeb.jp/api/users/hungry_0131
2026-08-31 16:20:42 | INFO     | Saving at a/skeb/hungry_0131-50b212.json
2026-08-31 16:20:43 | INFO     | OK https://skeb.jp/api/users/imo_norio
2026-08-31 16:20:43 | INFO     | Saving at a/skeb/imo_norio-7179c8.json
2026-08-31 16:20:44 | INFO     | OK https://skeb.jp/api/users/watasound
2026-08-31 16:20:44 | INFO     | Saving at a/skeb/watasound-17ca6f.json
2026-08-31 16:20:45 | WARNING  | 404 on https://skeb.jp/api/users/sakayama_lazuli (attempt 2/3)
2026-08-31 16:20:46 | INFO     | OK https://skeb.jp/api/users/ipshirou
2026-08-31 16:20:46 | INFO     | Saving at a/skeb/ipshirou-9b1878.json
2026-08-31 16:20:47 | INFO     | OK https://skeb.jp/api/users/tahya_zokusei
2026-08-31 16:20:47 | INFO     | Saving at a/skeb/tahya_zokusei-41e40a.json
2026-08-31 16:20:48 | INFO     | OK https://skeb.jp/api/users/asahinekoko
2026-08-31 16:20:48 | INFO     | Saving at a/skeb/asahinekoko-d6d70c.json
2026-08-31 16:20:49 | INFO     | OK https://skeb.jp/api/users/nemuri_drowsy
2026-08-31 16:20:49 | INFO     | Saving at a/skeb/nemuri_drowsy-535e50.json
2026-08-31 16:20:50 | WARNING  | 404 on https://skeb.jp/api/users/EDO__nyan (attempt 1/3)
2026-08-31 16:20:51 | INFO     | OK https://skeb.jp/api/users/pyonsurinko
2026-08-31 16:20:51 | INFO     | Saving at a/skeb/pyonsurinko-7d7b7d.json
2026-08-31 16:20:52 | INFO     | OK https://skeb.jp/api/users/amatsu23
2026-08-31 16:20:52 | INFO     | Saving at a/skeb/amatsu23-da0109.json
2026-08-31 16:20:54 | INFO     | OK https://skeb.jp/api/users/aritugu2021
2026-08-31 16:20:54 | INFO     | Saving at a/skeb/aritugu2021-cb8971.json
2026-08-31 16:20:54 | WARNING  | 404 on https://skeb.jp/api/users/fukafuka_no_inu (attempt 3/3)
2026-08-31 16:20:55 | WARNING  | 404 on https://skeb.jp/api/users/kagoyama_sns (attempt 1/3)
2026-08-31 16:20:56 | INFO     | OK https://skeb.jp/api/users/pontazth3291
2026-08-31 16:20:56 | INFO     | Saving at a/skeb/pontazth3291-60353d.json
2026-08-31 16:20:57 | WARNING  | 404 on https://skeb.jp/api/users/ronn_irai (attempt 1/3)
2026-08-31 16:20:58 | INFO     | OK https://skeb.jp/api/users/ueblowl
2026-08-31 16:20:58 | INFO     | Saving at a/skeb/ueblowl-b90c77.json
2026-08-31 16:20:59 | INFO     | OK https://skeb.jp/api/users/Unnun628
2026-08-31 16:20:59 | INFO     | Saving at a/skeb/Unnun628-90d664.json
2026-08-31 16:21:00 | INFO     | OK https://skeb.jp/api/users/f_f_parakeet
2026-08-31 16:21:00 | INFO     | Saving at a/skeb/f_f_parakeet-215f7a.json
2026-08-31 16:21:01 | WARNING  | 404 on https://skeb.jp/api/users/ronn_irai (attempt 2/3)
2026-08-31 16:21:02 | INFO     | OK https://skeb.jp/api/users/NononoNaninune
2026-08-31 16:21:02 | INFO     | Saving at a/skeb/NononoNaninune-b76c2f.json
2026-08-31 16:21:03 | WARNING  | 404 on https://skeb.jp/api/users/kagoyama_sns (attempt 2/3)
2026-08-31 16:21:04 | INFO     | OK https://skeb.jp/api/users/su3sutyle
2026-08-31 16:21:04 | INFO     | Saving at a/skeb/su3sutyle-ef95f8.json
2026-08-31 16:21:05 | INFO     | OK https://skeb.jp/api/users/DDDEMON555
2026-08-31 16:21:05 | INFO     | Saving at a/skeb/DDDEMON555-c26db1.json
2026-08-31 16:21:06 | WARNING  | 404 on https://skeb.jp/api/users/kasha0927 (attempt 1/3)
2026-08-31 16:21:07 | INFO     | OK https://skeb.jp/api/users/aiwoosiete_0
2026-08-31 16:21:07 | INFO     | Saving at a/skeb/aiwoosiete_0-014cc7.json
2026-08-31 16:21:08 | WARNING  | 404 on https://skeb.jp/api/users/EDO__nyan (attempt 2/3)
2026-08-31 16:21:09 | INFO     | OK https://skeb.jp/api/users/a_li001
2026-08-31 16:21:09 | INFO     | Saving at a/skeb/a_li001-64c35b.json
2026-08-31 16:21:10 | WARNING  | 404 on https://skeb.jp/api/users/kasha0927 (attempt 2/3)
2026-08-31 16:21:11 | INFO     | OK https://skeb.jp/api/users/33noki
2026-08-31 16:21:11 | INFO     | Saving at a/skeb/33noki-b83e8e.json
2026-08-31 16:21:12 | INFO     | OK https://skeb.jp/api/users/oyattakai
2026-08-31 16:21:12 | INFO     | Saving at a/skeb/oyattakai-bbab57.json
2026-08-31 16:21:13 | WARNING  | 404 on https://skeb.jp/api/users/kagoyama_sns (attempt 3/3)
2026-08-31 16:21:14 | INFO     | OK https://skeb.jp/api/users/Haduki811
2026-08-31 16:21:14 | INFO     | Saving at a/skeb/Haduki811-abd916.json
2026-08-31 16:21:15 | WARNING  | 404 on https://skeb.jp/api/users/EDO__nyan (attempt 3/3)
2026-08-31 16:21:16 | INFO     | OK https://skeb.jp/api/users/kenward
2026-08-31 16:21:16 | INFO     | Saving at a/skeb/kenward-c54f0d.json
2026-08-31 16:21:17 | WARNING  | 404 on https://skeb.jp/api/users/ronn_irai (attempt 3/3)
2026-08-31 16:21:18 | WARNING  | 404 on https://skeb.jp/api/users/kasha0927 (attempt 3/3)
2026-08-31 16:21:19 | INFO     | OK https://skeb.jp/api/users/yura_orakia
2026-08-31 16:21:19 | INFO     | Saving at a/skeb/yura_orakia-5cd7f4.json
2026-08-31 16:21:20 | INFO     | OK https://skeb.jp/api/users/kakukakukaku24
2026-08-31 16:21:20 | INFO     | Saving at a/skeb/kakukakukaku24-b01592.json
2026-08-31 16:21:21 | INFO     | OK https://skeb.jp/api/users/ina_ina_rina
2026-08-31 16:21:21 | INFO     | Saving at a/skeb/ina_ina_rina-1334b7.json
2026-08-31 16:21:22 | INFO     | OK https://skeb.jp/api/users/suzu_no333
2026-08-31 16:21:22 | INFO     | Saving at a/skeb/suzu_no333-722406.json
2026-08-31 16:21:23 | INFO     | OK https://skeb.jp/api/users/mororo1357
2026-08-31 16:21:23 | INFO     | Saving at a/skeb/mororo1357-a71c8e.json
2026-08-31 16:21:24 | INFO     | OK https://skeb.jp/api/users/u_naun
2026-08-31 16:21:24 | INFO     | Saving at a/skeb/u_naun-d3edfb.json
2026-08-31 16:21:25 | WARNING  | 404 on https://skeb.jp/api/users/29Kota2 (attempt 1/3)
2026-08-31 16:21:26 | WARNING  | 404 on https://skeb.jp/api/users/_meruruto_ (attempt 1/3)
2026-08-31 16:21:27 | WARNING  | 404 on https://skeb.jp/api/users/sakayama_lazuli (attempt 3/3)
2026-08-31 16:21:28 | INFO     | OK https://skeb.jp/api/users/kwkmk_illust
2026-08-31 16:21:28 | INFO     | Saving at a/skeb/kwkmk_illust-726997.json
2026-08-31 16:21:29 | WARNING  | 404 on https://skeb.jp/api/users/29Kota2 (attempt 2/3)
2026-08-31 16:21:30 | WARNING  | 404 on https://skeb.jp/api/users/ghcfujfc1 (attempt 1/3)
2026-08-31 16:21:31 | INFO     | OK https://skeb.jp/api/users/ypyp33333
2026-08-31 16:21:31 | INFO     | Saving at a/skeb/ypyp33333-2920e8.json
2026-08-31 16:21:32 | WARNING  | 404 on https://skeb.jp/api/users/m3x3_sk (attempt 1/3)
2026-08-31 16:21:33 | WARNING  | 404 on https://skeb.jp/api/users/kokorono_376 (attempt 1/3)
2026-08-31 16:21:34 | WARNING  | 404 on https://skeb.jp/api/users/ghcfujfc1 (attempt 2/3)
2026-08-31 16:21:35 | WARNING  | 404 on https://skeb.jp/api/users/29Kota2 (attempt 3/3)
2026-08-31 16:21:36 | WARNING  | 404 on https://skeb.jp/api/users/m3x3_sk (attempt 2/3)
2026-08-31 16:21:37 | WARNING  | 404 on https://skeb.jp/api/users/kokorono_376 (attempt 2/3)
2026-08-31 16:21:38 | INFO     | OK https://skeb.jp/api/users/Rigo
2026-08-31 16:21:38 | INFO     | Saving at a/skeb/Rigo-b845b0.json
2026-08-31 16:21:39 | INFO     | OK https://skeb.jp/api/users/kansairisuka
2026-08-31 16:21:39 | INFO     | Saving at a/skeb/kansairisuka-89a6f3.json
2026-08-31 16:21:40 | WARNING  | 404 on https://skeb.jp/api/users/ghcfujfc1 (attempt 3/3)
2026-08-31 16:21:41 | INFO     | OK https://skeb.jp/api/users/neonkawatani
2026-08-31 16:21:41 | INFO     | Saving at a/skeb/neonkawatani-4fa6f8.json
2026-08-31 16:21:42 | WARNING  | 404 on https://skeb.jp/api/users/m3x3_sk (attempt 3/3)
2026-08-31 16:21:43 | INFO     | OK https://skeb.jp/api/users/OmegaJaNeeyo983
2026-08-31 16:21:43 | INFO     | Saving at a/skeb/OmegaJaNeeyo983-ea04d8.json
2026-08-31 16:21:44 | INFO     | OK https://skeb.jp/api/users/shio40uni
2026-08-31 16:21:44 | INFO     | Saving at a/skeb/shio40uni-28e612.json
2026-08-31 16:21:45 | WARNING  | 404 on https://skeb.jp/api/users/Axnya (attempt 1/3)
2026-08-31 16:21:46 | WARNING  | 404 on https://skeb.jp/api/users/_meruruto_ (attempt 2/3)
2026-08-31 16:21:47 | INFO     | OK https://skeb.jp/api/users/Gtll_7
2026-08-31 16:21:47 | INFO     | Saving at a/skeb/Gtll_7-c551e8.json
2026-08-31 16:21:48 | WARNING  | 404 on https://skeb.jp/api/users/oshino_Iriss (attempt 1/3)
2026-08-31 16:21:49 | INFO     | OK https://skeb.jp/api/users/79vg_R
2026-08-31 16:21:49 | INFO     | Saving at a/skeb/79vg_R-c6a160.json
2026-08-31 16:21:50 | WARNING  | 404 on https://skeb.jp/api/users/soraumi2000_50_ (attempt 1/3)
2026-08-31 16:21:51 | WARNING  | 404 on https://skeb.jp/api/users/kokorono_376 (attempt 3/3)
2026-08-31 16:21:52 | WARNING  | 404 on https://skeb.jp/api/users/oshino_Iriss (attempt 2/3)
2026-08-31 16:21:53 | INFO     | OK https://skeb.jp/api/users/funu_kagu_
2026-08-31 16:21:53 | INFO     | Saving at a/skeb/funu_kagu_-e4f0ae.json
2026-08-31 16:21:54 | WARNING  | 404 on https://skeb.jp/api/users/NOm0y0i (attempt 1/3)
2026-08-31 16:21:55 | INFO     | OK https://skeb.jp/api/users/ajsikrumrt
2026-08-31 16:21:55 | INFO     | Saving at a/skeb/ajsikrumrt-363f91.json
2026-08-31 16:21:56 | INFO     | OK https://skeb.jp/api/users/karashi_don
2026-08-31 16:21:56 | INFO     | Saving at a/skeb/karashi_don-d3582b.json
2026-08-31 16:21:57 | WARNING  | 404 on https://skeb.jp/api/users/Axnya (attempt 2/3)
2026-08-31 16:21:58 | WARNING  | 404 on https://skeb.jp/api/users/soraumi2000_50_ (attempt 2/3)
2026-08-31 16:21:59 | INFO     | OK https://skeb.jp/api/users/takotabe_oooooo
2026-08-31 16:21:59 | INFO     | Saving at a/skeb/takotabe_oooooo-533c9a.json
2026-08-31 16:22:00 | WARNING  | 404 on https://skeb.jp/api/users/NOm0y0i (attempt 2/3)
2026-08-31 16:22:01 | INFO     | OK https://skeb.jp/api/users/Till_Rumpelouge
2026-08-31 16:22:01 | INFO     | Saving at a/skeb/Till_Rumpelouge-006829.json
2026-08-31 16:22:02 | WARNING  | 404 on https://skeb.jp/api/users/oshino_Iriss (attempt 3/3)
2026-08-31 16:22:03 | INFO     | OK https://skeb.jp/api/users/K_Sora
2026-08-31 16:22:03 | INFO     | Saving at a/skeb/K_Sora-375115.json
2026-08-31 16:22:04 | INFO     | OK https://skeb.jp/api/users/Daifuku_VRC
2026-08-31 16:22:04 | INFO     | Saving at a/skeb/Daifuku_VRC-46a3c7.json
2026-08-31 16:22:05 | WARNING  | 404 on https://skeb.jp/api/users/Axnya (attempt 3/3)
2026-08-31 16:22:06 | WARNING  | 404 on https://skeb.jp/api/users/vHoo__ (attempt 1/3)
2026-08-31 16:22:07 | INFO     | OK https://skeb.jp/api/users/KidoKanata
2026-08-31 16:22:07 | INFO     | Saving at a/skeb/KidoKanata-d2b227.json
2026-08-31 16:22:08 | INFO     | OK https://skeb.jp/api/users/DIAZEPAMA
2026-08-31 16:22:08 | INFO     | Saving at a/skeb/DIAZEPAMA-b01149.json
2026-08-31 16:22:09 | INFO     | OK https://skeb.jp/api/users/mikage_7478
2026-08-31 16:22:09 | INFO     | Saving at a/skeb/mikage_7478-317f29.json
2026-08-31 16:22:10 | INFO     | OK https://skeb.jp/api/users/yu000088
2026-08-31 16:22:10 | INFO     | Saving at a/skeb/yu000088-e04dae.json
2026-08-31 16:22:11 | INFO     | OK https://skeb.jp/api/users/Mr_S_21s
2026-08-31 16:22:11 | INFO     | Saving at a/skeb/Mr_S_21s-7ce5ac.json
2026-08-31 16:22:12 | WARNING  | 404 on https://skeb.jp/api/users/soraumi2000_50_ (attempt 3/3)
2026-08-31 16:22:13 | INFO     | OK https://skeb.jp/api/users/jaku_711
2026-08-31 16:22:13 | INFO     | Saving at a/skeb/jaku_711-b80efb.json
2026-08-31 16:22:14 | INFO     | OK https://skeb.jp/api/users/noutage_101
2026-08-31 16:22:14 | INFO     | Saving at a/skeb/noutage_101-2d2c51.json
2026-08-31 16:22:15 | WARNING  | 404 on https://skeb.jp/api/users/_meruruto_ (attempt 3/3)
2026-08-31 16:22:17 | INFO     | OK https://skeb.jp/api/users/se_i_bu_tsu_bu
2026-08-31 16:22:17 | INFO     | Saving at a/skeb/se_i_bu_tsu_bu-39252f.json
2026-08-31 16:22:17 | INFO     | OK https://skeb.jp/api/users/roku_963k
2026-08-31 16:22:17 | INFO     | Saving at a/skeb/roku_963k-46c70b.json
2026-08-31 16:22:18 | INFO     | OK https://skeb.jp/api/users/full_bk
2026-08-31 16:22:18 | INFO     | Saving at a/skeb/full_bk-4a6121.json
2026-08-31 16:22:19 | WARNING  | 404 on https://skeb.jp/api/users/aki_ra3_ (attempt 1/3)
2026-08-31 16:22:20 | WARNING  | 404 on https://skeb.jp/api/users/NOm0y0i (attempt 3/3)
2026-08-31 16:22:21 | INFO     | OK https://skeb.jp/api/users/btnq_____
2026-08-31 16:22:21 | INFO     | Saving at a/skeb/btnq_____-8fcb45.json
2026-08-31 16:22:22 | WARNING  | 404 on https://skeb.jp/api/users/vHoo__ (attempt 2/3)
2026-08-31 16:22:23 | INFO     | OK https://skeb.jp/api/users/teruisi
2026-08-31 16:22:23 | INFO     | Saving at a/skeb/teruisi-03db97.json
2026-08-31 16:22:24 | INFO     | OK https://skeb.jp/api/users/sakuramoti_08x2
2026-08-31 16:22:24 | INFO     | Saving at a/skeb/sakuramoti_08x2-c5e05b.json
2026-08-31 16:22:25 | INFO     | OK https://skeb.jp/api/users/radicalfool_
2026-08-31 16:22:25 | INFO     | Saving at a/skeb/radicalfool_-3876e0.json
2026-08-31 16:22:26 | WARNING  | 404 on https://skeb.jp/api/users/aki_ra3_ (attempt 2/3)
2026-08-31 16:22:27 | WARNING  | 404 on https://skeb.jp/api/users/lkjeudnduy44 (attempt 1/3)
2026-08-31 16:22:28 | INFO     | OK https://skeb.jp/api/users/dondokojan
2026-08-31 16:22:28 | INFO     | Saving at a/skeb/dondokojan-2ac36c.json
2026-08-31 16:22:29 | WARNING  | 404 on https://skeb.jp/api/users/scy2222 (attempt 1/3)
2026-08-31 16:22:30 | INFO     | OK https://skeb.jp/api/users/_kawasemituru
2026-08-31 16:22:30 | INFO     | Saving at a/skeb/_kawasemituru-d461c3.json
2026-08-31 16:22:31 | INFO     | OK https://skeb.jp/api/users/nemaki6_6
2026-08-31 16:22:31 | INFO     | Saving at a/skeb/nemaki6_6-1e2d2a.json
2026-08-31 16:22:32 | INFO     | OK https://skeb.jp/api/users/kafeore_88
2026-08-31 16:22:32 | INFO     | Saving at a/skeb/kafeore_88-4e285f.json
2026-08-31 16:22:33 | WARNING  | 404 on https://skeb.jp/api/users/vHoo__ (attempt 3/3)
2026-08-31 16:22:34 | INFO     | OK https://skeb.jp/api/users/xxxxxxx03325000
2026-08-31 16:22:34 | INFO     | Saving at a/skeb/xxxxxxx03325000-a474e8.json
2026-08-31 16:22:35 | INFO     | OK https://skeb.jp/api/users/ura_guru
2026-08-31 16:22:35 | INFO     | Saving at a/skeb/ura_guru-02a336.json
2026-08-31 16:22:36 | INFO     | OK https://skeb.jp/api/users/amekar18
2026-08-31 16:22:36 | INFO     | Saving at a/skeb/amekar18-242ba8.json
2026-08-31 16:22:37 | INFO     | OK https://skeb.jp/api/users/WhiteNoise
2026-08-31 16:22:37 | INFO     | Saving at a/skeb/WhiteNoise-ad81a1.json
2026-08-31 16:22:38 | INFO     | OK https://skeb.jp/api/users/ayaneaya718
2026-08-31 16:22:38 | INFO     | Saving at a/skeb/ayaneaya718-f5452a.json
2026-08-31 16:22:39 | INFO     | OK https://skeb.jp/api/users/v_anon_st
2026-08-31 16:22:39 | INFO     | Saving at a/skeb/v_anon_st-61a02e.json
2026-08-31 16:22:40 | INFO     | OK https://skeb.jp/api/users/moeiswithyou
2026-08-31 16:22:40 | INFO     | Saving at a/skeb/moeiswithyou-c3eb6a.json
2026-08-31 16:22:41 | INFO     | OK https://skeb.jp/api/users/SuuuNo
2026-08-31 16:22:41 | INFO     | Saving at a/skeb/SuuuNo-f0f6e0.json
2026-08-31 16:22:42 | INFO     | OK https://skeb.jp/api/users/it_oxq
2026-08-31 16:22:42 | INFO     | Saving at a/skeb/it_oxq-e0cdac.json
2026-08-31 16:22:44 | INFO     | OK https://skeb.jp/api/users/momoa_cos
2026-08-31 16:22:44 | INFO     | Saving at a/skeb/momoa_cos-c33f5a.json
2026-08-31 16:22:44 | WARNING  | 404 on https://skeb.jp/api/users/lkjeudnduy44 (attempt 2/3)
2026-08-31 16:22:45 | WARNING  | 404 on https://skeb.jp/api/users/kiNero30901 (attempt 1/3)
2026-08-31 16:22:46 | INFO     | OK https://skeb.jp/api/users/EBISAWAsekisai
2026-08-31 16:22:46 | INFO     | Saving at a/skeb/EBISAWAsekisai-299600.json
2026-08-31 16:22:47 | WARNING  | 404 on https://skeb.jp/api/users/nyatta_san (attempt 1/3)
2026-08-31 16:22:48 | INFO     | OK https://skeb.jp/api/users/ngp_d_m
2026-08-31 16:22:48 | INFO     | Saving at a/skeb/ngp_d_m-2618a8.json
2026-08-31 16:22:50 | WARNING  | 404 on https://skeb.jp/api/users/meguru_nero (attempt 1/3)
2026-08-31 16:22:50 | INFO     | OK https://skeb.jp/api/users/metropolizet
2026-08-31 16:22:50 | INFO     | Saving at a/skeb/metropolizet-32275f.json
2026-08-31 16:22:51 | WARNING  | 404 on https://skeb.jp/api/users/nyatta_san (attempt 2/3)
2026-08-31 16:22:52 | INFO     | OK https://skeb.jp/api/users/myau_92
2026-08-31 16:22:52 | INFO     | Saving at a/skeb/myau_92-527153.json
2026-08-31 16:22:53 | WARNING  | 404 on https://skeb.jp/api/users/meguru_nero (attempt 2/3)
2026-08-31 16:22:54 | INFO     | OK https://skeb.jp/api/users/kanata_8828
2026-08-31 16:22:54 | INFO     | Saving at a/skeb/kanata_8828-dc38f4.json
2026-08-31 16:22:55 | INFO     | OK https://skeb.jp/api/users/chao_ch2
2026-08-31 16:22:55 | INFO     | Saving at a/skeb/chao_ch2-8806d8.json
2026-08-31 16:22:56 | WARNING  | 404 on https://skeb.jp/api/users/nyatta_san (attempt 3/3)
2026-08-31 16:22:57 | WARNING  | 404 on https://skeb.jp/api/users/aki_ra3_ (attempt 3/3)
2026-08-31 16:22:58 | WARNING  | 404 on https://skeb.jp/api/users/meguru_nero (attempt 3/3)
2026-08-31 16:22:59 | INFO     | OK https://skeb.jp/api/users/komaru10_04
2026-08-31 16:22:59 | INFO     | Saving at a/skeb/komaru10_04-b37a1e.json
2026-08-31 16:23:00 | WARNING  | 404 on https://skeb.jp/api/users/lkjeudnduy44 (attempt 3/3)
2026-08-31 16:23:01 | WARNING  | 404 on https://skeb.jp/api/users/p_pfp5 (attempt 1/3)
2026-08-31 16:23:02 | WARNING  | 404 on https://skeb.jp/api/users/Geshi_to_ (attempt 1/3)
2026-08-31 16:23:04 | INFO     | OK https://skeb.jp/api/users/tinanr69
2026-08-31 16:23:04 | INFO     | Saving at a/skeb/tinanr69-464319.json
2026-08-31 16:23:04 | WARNING  | 404 on https://skeb.jp/api/users/Iam_Ciikawa (attempt 1/3)
2026-08-31 16:23:06 | INFO     | OK https://skeb.jp/api/users/nanachanbouya
2026-08-31 16:23:06 | INFO     | Saving at a/skeb/nanachanbouya-f8ae67.json
2026-08-31 16:23:07 | INFO     | OK https://skeb.jp/api/users/takki_kindwater
2026-08-31 16:23:07 | INFO     | Saving at a/skeb/takki_kindwater-8f841c.json
2026-08-31 16:23:07 | INFO     | OK https://skeb.jp/api/users/c0rn_chan
2026-08-31 16:23:07 | INFO     | Saving at a/skeb/c0rn_chan-7f0855.json
2026-08-31 16:23:08 | WARNING  | 404 on https://skeb.jp/api/users/toxizaki (attempt 1/3)
2026-08-31 16:23:09 | WARNING  | 404 on https://skeb.jp/api/users/Geshi_to_ (attempt 2/3)
2026-08-31 16:23:10 | WARNING  | 404 on https://skeb.jp/api/users/Iam_Ciikawa (attempt 2/3)
2026-08-31 16:23:11 | WARNING  | 404 on https://skeb.jp/api/users/p_pfp5 (attempt 2/3)
2026-08-31 16:23:12 | INFO     | OK https://skeb.jp/api/users/mntk725
2026-08-31 16:23:12 | INFO     | Saving at a/skeb/mntk725-cee32b.json
2026-08-31 16:23:13 | WARNING  | 404 on https://skeb.jp/api/users/kiNero30901 (attempt 2/3)
2026-08-31 16:23:14 | WARNING  | 404 on https://skeb.jp/api/users/scy2222 (attempt 2/3)
2026-08-31 16:23:15 | WARNING  | 404 on https://skeb.jp/api/users/923kaku (attempt 1/3)
2026-08-31 16:23:16 | INFO     | OK https://skeb.jp/api/users/nzkqxm
2026-08-31 16:23:16 | INFO     | Saving at a/skeb/nzkqxm-5cd342.json
2026-08-31 16:23:17 | INFO     | OK https://skeb.jp/api/users/zya_gaist
2026-08-31 16:23:17 | INFO     | Saving at a/skeb/zya_gaist-d27d5d.json
2026-08-31 16:23:18 | INFO     | OK https://skeb.jp/api/users/nadolre
2026-08-31 16:23:18 | INFO     | Saving at a/skeb/nadolre-e7294e.json
2026-08-31 16:23:19 | WARNING  | 404 on https://skeb.jp/api/users/toxizaki (attempt 2/3)
2026-08-31 16:23:20 | WARNING  | 404 on https://skeb.jp/api/users/Geshi_to_ (attempt 3/3)
2026-08-31 16:23:21 | WARNING  | 404 on https://skeb.jp/api/users/p_pfp5 (attempt 3/3)
2026-08-31 16:23:22 | INFO     | OK https://skeb.jp/api/users/haya_tiku
2026-08-31 16:23:22 | INFO     | Saving at a/skeb/haya_tiku-427b5d.json
2026-08-31 16:23:23 | WARNING  | 404 on https://skeb.jp/api/users/fm7hxj (attempt 1/3)
2026-08-31 16:23:24 | WARNING  | 404 on https://skeb.jp/api/users/toxizaki (attempt 3/3)
2026-08-31 16:23:25 | WARNING  | 404 on https://skeb.jp/api/users/polar_kuma62 (attempt 1/3)
2026-08-31 16:23:26 | WARNING  | 404 on https://skeb.jp/api/users/923kaku (attempt 2/3)
2026-08-31 16:23:27 | WARNING  | 404 on https://skeb.jp/api/users/fm7hxj (attempt 2/3)
2026-08-31 16:23:28 | WARNING  | 404 on https://skeb.jp/api/users/kiNero30901 (attempt 3/3)
2026-08-31 16:23:29 | WARNING  | 404 on https://skeb.jp/api/users/polar_kuma62 (attempt 2/3)
2026-08-31 16:23:30 | INFO     | OK https://skeb.jp/api/users/m_oji3_uni
2026-08-31 16:23:30 | INFO     | Saving at a/skeb/m_oji3_uni-7c3e02.json
2026-08-31 16:23:31 | INFO     | OK https://skeb.jp/api/users/Kbs5f
2026-08-31 16:23:31 | INFO     | Saving at a/skeb/Kbs5f-59af28.json
2026-08-31 16:23:32 | INFO     | OK https://skeb.jp/api/users/nanmo_nai_T_T
2026-08-31 16:23:32 | INFO     | Saving at a/skeb/nanmo_nai_T_T-9edf4b.json
2026-08-31 16:23:33 | WARNING  | 404 on https://skeb.jp/api/users/Henzu_23 (attempt 1/3)
2026-08-31 16:23:34 | WARNING  | 404 on https://skeb.jp/api/users/polar_kuma62 (attempt 3/3)
2026-08-31 16:23:36 | WARNING  | 404 on https://skeb.jp/api/users/fm7hxj (attempt 3/3)
2026-08-31 16:23:37 | WARNING  | 404 on https://skeb.jp/api/users/scy2222 (attempt 3/3)
2026-08-31 16:23:37 | INFO     | OK https://skeb.jp/api/users/YstkSui
2026-08-31 16:23:37 | INFO     | Saving at a/skeb/YstkSui-70f480.json
2026-08-31 16:23:38 | INFO     | OK https://skeb.jp/api/users/mofu2_nekko
2026-08-31 16:23:38 | INFO     | Saving at a/skeb/mofu2_nekko-b3a074.json
2026-08-31 16:23:39 | WARNING  | 404 on https://skeb.jp/api/users/Uo_oU_us (attempt 1/3)
2026-08-31 16:23:41 | WARNING  | 404 on https://skeb.jp/api/users/923kaku (attempt 3/3)
2026-08-31 16:23:41 | INFO     | OK https://skeb.jp/api/users/remrn23
2026-08-31 16:23:41 | INFO     | Saving at a/skeb/remrn23-d1de83.json
2026-08-31 16:23:43 | INFO     | OK https://skeb.jp/api/users/Brilliant_Emiko
2026-08-31 16:23:43 | INFO     | Saving at a/skeb/Brilliant_Emiko-2ceddc.json
2026-08-31 16:23:44 | WARNING  | 404 on https://skeb.jp/api/users/Iam_Ciikawa (attempt 3/3)
2026-08-31 16:23:44 | WARNING  | 404 on https://skeb.jp/api/users/8oSSUHCnXXz4tBp (attempt 1/3)
2026-08-31 16:23:46 | WARNING  | 404 on https://skeb.jp/api/users/Henzu_23 (attempt 2/3)
2026-08-31 16:23:46 | WARNING  | 404 on https://skeb.jp/api/users/mimamorichan (attempt 1/3)
2026-08-31 16:23:47 | WARNING  | 404 on https://skeb.jp/api/users/Uo_oU_us (attempt 2/3)
2026-08-31 16:23:48 | INFO     | OK https://skeb.jp/api/users/MiaAmase
2026-08-31 16:23:48 | INFO     | Saving at a/skeb/MiaAmase-0802b2.json
2026-08-31 16:23:49 | INFO     | OK https://skeb.jp/api/users/ikisugi_5
2026-08-31 16:23:49 | INFO     | Saving at a/skeb/ikisugi_5-a0eef9.json
2026-08-31 16:23:51 | WARNING  | 404 on https://skeb.jp/api/users/8oSSUHCnXXz4tBp (attempt 2/3)
2026-08-31 16:23:51 | INFO     | OK https://skeb.jp/api/users/onigiryaaaaa
2026-08-31 16:23:51 | INFO     | Saving at a/skeb/onigiryaaaaa-e7ef92.json
2026-08-31 16:23:53 | WARNING  | 404 on https://skeb.jp/api/users/mimamorichan (attempt 2/3)
2026-08-31 16:23:53 | INFO     | OK https://skeb.jp/api/users/platonicdoll
2026-08-31 16:23:53 | INFO     | Saving at a/skeb/platonicdoll-7d3775.json
2026-08-31 16:23:54 | INFO     | OK https://skeb.jp/api/users/tinyrelation
2026-08-31 16:23:54 | INFO     | Saving at a/skeb/tinyrelation-a19080.json
2026-08-31 16:23:55 | WARNING  | 404 on https://skeb.jp/api/users/Llu_ulg (attempt 1/3)
2026-08-31 16:23:56 | INFO     | OK https://skeb.jp/api/users/chiyonagi_06
2026-08-31 16:23:56 | INFO     | Saving at a/skeb/chiyonagi_06-50107b.json
2026-08-31 16:23:58 | WARNING  | 404 on https://skeb.jp/api/users/Uo_oU_us (attempt 3/3)
2026-08-31 16:23:59 | WARNING  | 404 on https://skeb.jp/api/users/mimamorichan (attempt 3/3)
2026-08-31 16:23:59 | WARNING  | 404 on https://skeb.jp/api/users/Llu_ulg (attempt 2/3)
2026-08-31 16:24:01 | INFO     | OK https://skeb.jp/api/users/onokohei
2026-08-31 16:24:01 | INFO     | Saving at a/skeb/onokohei-ea6f72.json
2026-08-31 16:24:01 | INFO     | OK https://skeb.jp/api/users/mimimihako
2026-08-31 16:24:01 | INFO     | Saving at a/skeb/mimimihako-a3688c.json
2026-08-31 16:24:02 | INFO     | OK https://skeb.jp/api/users/hyasu52
2026-08-31 16:24:02 | INFO     | Saving at a/skeb/hyasu52-147532.json
2026-08-31 16:24:03 | INFO     | OK https://skeb.jp/api/users/2j_kyu
2026-08-31 16:24:03 | INFO     | Saving at a/skeb/2j_kyu-f23d6c.json
2026-08-31 16:24:04 | INFO     | OK https://skeb.jp/api/users/11HeavensGate11
2026-08-31 16:24:04 | INFO     | Saving at a/skeb/11HeavensGate11-39636e.json
2026-08-31 16:24:05 | INFO     | OK https://skeb.jp/api/users/ZiZ
2026-08-31 16:24:05 | INFO     | Saving at a/skeb/ZiZ-ef9912.json
2026-08-31 16:24:06 | INFO     | OK https://skeb.jp/api/users/myuko111
2026-08-31 16:24:06 | INFO     | Saving at a/skeb/myuko111-5dd5fe.json
2026-08-31 16:24:08 | WARNING  | 404 on https://skeb.jp/api/users/8oSSUHCnXXz4tBp (attempt 3/3)
2026-08-31 16:24:08 | INFO     | OK https://skeb.jp/api/users/kouiunanika
2026-08-31 16:24:08 | INFO     | Saving at a/skeb/kouiunanika-8fb575.json
2026-08-31 16:24:09 | INFO     | OK https://skeb.jp/api/users/_qnauanp
2026-08-31 16:24:09 | INFO     | Saving at a/skeb/_qnauanp-cde35f.json
2026-08-31 16:24:10 | WARNING  | 404 on https://skeb.jp/api/users/se3ifinal (attempt 1/3)
2026-08-31 16:24:12 | WARNING  | 404 on https://skeb.jp/api/users/Llu_ulg (attempt 3/3)
2026-08-31 16:24:12 | INFO     | OK https://skeb.jp/api/users/Shin0s_s
2026-08-31 16:24:12 | INFO     | Saving at a/skeb/Shin0s_s-58d65d.json
2026-08-31 16:24:13 | INFO     | OK https://skeb.jp/api/users/izunacraft712
2026-08-31 16:24:13 | INFO     | Saving at a/skeb/izunacraft712-b5abe6.json
2026-08-31 16:24:14 | WARNING  | 404 on https://skeb.jp/api/users/mimei_Illust (attempt 1/3)
2026-08-31 16:24:16 | INFO     | OK https://skeb.jp/api/users/mujinonote
2026-08-31 16:24:16 | INFO     | Saving at a/skeb/mujinonote-de8dd9.json
2026-08-31 16:24:16 | WARNING  | 404 on https://skeb.jp/api/users/yamin_himamo23 (attempt 1/3)
2026-08-31 16:24:17 | WARNING  | 404 on https://skeb.jp/api/users/nattamati_ (attempt 1/3)
2026-08-31 16:24:18 | INFO     | OK https://skeb.jp/api/users/takahashi30301
2026-08-31 16:24:18 | INFO     | Saving at a/skeb/takahashi30301-c19e49.json
2026-08-31 16:24:20 | INFO     | OK https://skeb.jp/api/users/siroi241K
2026-08-31 16:24:20 | INFO     | Saving at a/skeb/siroi241K-bdb4c2.json
2026-08-31 16:24:20 | WARNING  | 404 on https://skeb.jp/api/users/yamin_himamo23 (attempt 2/3)
2026-08-31 16:24:22 | WARNING  | 404 on https://skeb.jp/api/users/se3ifinal (attempt 2/3)
2026-08-31 16:24:22 | WARNING  | 404 on https://skeb.jp/api/users/Ryuzi_27 (attempt 1/3)
2026-08-31 16:24:24 | INFO     | OK https://skeb.jp/api/users/kuro_ancient
2026-08-31 16:24:24 | INFO     | Saving at a/skeb/kuro_ancient-888c72.json
2026-08-31 16:24:24 | INFO     | OK https://skeb.jp/api/users/toire_komoru
2026-08-31 16:24:24 | INFO     | Saving at a/skeb/toire_komoru-650ad9.json
2026-08-31 16:24:26 | WARNING  | 404 on https://skeb.jp/api/users/yamin_himamo23 (attempt 3/3)
2026-08-31 16:24:26 | WARNING  | 404 on https://skeb.jp/api/users/Genkyou (attempt 1/3)
2026-08-31 16:24:27 | INFO     | OK https://skeb.jp/api/users/MK_III_Jam
2026-08-31 16:24:27 | INFO     | Saving at a/skeb/MK_III_Jam-60289e.json
2026-08-31 16:24:29 | WARNING  | 404 on https://skeb.jp/api/users/mimei_Illust (attempt 2/3)
2026-08-31 16:24:30 | WARNING  | 404 on https://skeb.jp/api/users/nattamati_ (attempt 2/3)
2026-08-31 16:24:31 | WARNING  | 404 on https://skeb.jp/api/users/Ryuzi_27 (attempt 2/3)
2026-08-31 16:24:31 | WARNING  | 404 on https://skeb.jp/api/users/Genkyou (attempt 2/3)
2026-08-31 16:24:32 | WARNING  | 404 on https://skeb.jp/api/users/pgpcvDCE9G (attempt 1/3)
2026-08-31 16:24:34 | WARNING  | 404 on https://skeb.jp/api/users/Henzu_23 (attempt 3/3)
2026-08-31 16:24:35 | WARNING  | 404 on https://skeb.jp/api/users/mimei_Illust (attempt 3/3)
2026-08-31 16:24:36 | WARNING  | 404 on https://skeb.jp/api/users/nattamati_ (attempt 3/3)
2026-08-31 16:24:37 | WARNING  | 404 on https://skeb.jp/api/users/Ryuzi_27 (attempt 3/3)
2026-08-31 16:24:37 | INFO     | OK https://skeb.jp/api/users/pakapaka_7777
2026-08-31 16:24:37 | INFO     | Saving at a/skeb/pakapaka_7777-fc1cd7.json
2026-08-31 16:24:38 | WARNING  | 404 on https://skeb.jp/api/users/77_t2w (attempt 1/3)
2026-08-31 16:24:40 | INFO     | OK https://skeb.jp/api/users/kurobosi_48
2026-08-31 16:24:40 | INFO     | Saving at a/skeb/kurobosi_48-2dd763.json
2026-08-31 16:24:40 | WARNING  | 404 on https://skeb.jp/api/users/3hankikan0220 (attempt 1/3)
2026-08-31 16:24:41 | WARNING  | 404 on https://skeb.jp/api/users/77_t2w (attempt 2/3)
2026-08-31 16:24:43 | WARNING  | 404 on https://skeb.jp/api/users/Genkyou (attempt 3/3)
2026-08-31 16:24:43 | INFO     | OK https://skeb.jp/api/users/ralu0617
2026-08-31 16:24:43 | INFO     | Saving at a/skeb/ralu0617-713e82.json
2026-08-31 16:24:44 | INFO     | OK https://skeb.jp/api/users/I_ra_meow
2026-08-31 16:24:44 | INFO     | Saving at a/skeb/I_ra_meow-dbabb3.json
2026-08-31 16:24:45 | INFO     | OK https://skeb.jp/api/users/ConstructionCa5
2026-08-31 16:24:45 | INFO     | Saving at a/skeb/ConstructionCa5-b0286c.json
2026-08-31 16:24:47 | INFO     | OK https://skeb.jp/api/users/A7eNcl
2026-08-31 16:24:47 | INFO     | Saving at a/skeb/A7eNcl-994fea.json
2026-08-31 16:24:48 | WARNING  | 404 on https://skeb.jp/api/users/77_t2w (attempt 3/3)
2026-08-31 16:24:48 | WARNING  | 404 on https://skeb.jp/api/users/kotonesansukida (attempt 1/3)
2026-08-31 16:24:50 | WARNING  | 404 on https://skeb.jp/api/users/pgpcvDCE9G (attempt 2/3)
2026-08-31 16:24:51 | WARNING  | 404 on https://skeb.jp/api/users/se3ifinal (attempt 3/3)
2026-08-31 16:24:52 | WARNING  | 404 on https://skeb.jp/api/users/3hankikan0220 (attempt 2/3)
2026-08-31 16:24:52 | WARNING  | 404 on https://skeb.jp/api/users/kotonesansukida (attempt 2/3)
2026-08-31 16:24:53 | INFO     | OK https://skeb.jp/api/users/Cat_have_9_lives
2026-08-31 16:24:53 | INFO     | Saving at a/skeb/Cat_have_9_lives-59e8cd.json
2026-08-31 16:24:54 | WARNING  | 404 on https://skeb.jp/api/users/pgpcvDCE9G (attempt 3/3)
2026-08-31 16:24:55 | WARNING  | 404 on https://skeb.jp/api/users/3hankikan0220 (attempt 3/3)
2026-08-31 16:24:57 | WARNING  | 404 on https://skeb.jp/api/users/kotonesansukida (attempt 3/3)
2026-08-31 16:24:57 | INFO     |  --- SUMMARY REPORT --- 
  Sources Retreived    : 196
  Profiles Fetched     : 150
  Profile Missing      : 46
  Profile Rate Limited : 0
  Profile Error Others : 0

2026-08-31 16:24:57 | INFO     | Started creating static api data.
2026-08-31 16:26:01 | INFO     | Album index written to a/albums/index.json (469 albums)
