2026-06-28 08:01:14 | INFO     | Initialized Data Store.
2026-06-28 08:01:14 | INFO     | Homepage GET status=429 (attempt 1/3)
2026-06-28 08:01:14 | INFO     | Cookie extracted [request_key=...].
2026-06-28 08:01:14 | INFO     | SkebClient ready (impersonate=chrome120, rate=3.0/s, concurrency=10)
2026-06-28 08:01:14 | INFO     | Pagination start: type='works' genre='art'.
2026-06-28 08:01:15 | INFO     | OK https://skeb.jp/api/works?sort=date&genre=art&offset=0&limit=90
2026-06-28 08:01:15 | INFO     | OK https://skeb.jp/api/works?sort=date&genre=art&offset=180&limit=90
2026-06-28 08:01:15 | INFO     | OK https://skeb.jp/api/works?sort=date&genre=art&offset=90&limit=90
2026-06-28 08:01:15 | INFO     | OK https://skeb.jp/api/works?sort=date&genre=art&offset=630&limit=90
2026-06-28 08:01:15 | INFO     | OK https://skeb.jp/api/works?sort=date&genre=art&offset=270&limit=90
2026-06-28 08:01:16 | INFO     | OK https://skeb.jp/api/works?sort=date&genre=art&offset=540&limit=90
2026-06-28 08:01:16 | INFO     | OK https://skeb.jp/api/works?sort=date&genre=art&offset=360&limit=90
2026-06-28 08:01:16 | INFO     | OK https://skeb.jp/api/works?sort=date&genre=art&offset=810&limit=90
2026-06-28 08:01:17 | INFO     | OK https://skeb.jp/api/works?sort=date&genre=art&offset=450&limit=90
2026-06-28 08:01:17 | INFO     | OK https://skeb.jp/api/works?sort=date&genre=art&offset=720&limit=90
2026-06-28 08:01:18 | INFO     | OK https://skeb.jp/api/works?sort=date&genre=art&offset=1710&limit=90
2026-06-28 08:01:18 | INFO     | OK https://skeb.jp/api/works?sort=date&genre=art&offset=1620&limit=90
2026-06-28 08:01:18 | INFO     | OK https://skeb.jp/api/works?sort=date&genre=art&offset=1350&limit=90
2026-06-28 08:01:18 | INFO     | OK https://skeb.jp/api/works?sort=date&genre=art&offset=1080&limit=90
2026-06-28 08:01:19 | INFO     | OK https://skeb.jp/api/works?sort=date&genre=art&offset=1440&limit=90
2026-06-28 08:01:19 | INFO     | OK https://skeb.jp/api/works?sort=date&genre=art&offset=900&limit=90
2026-06-28 08:01:19 | INFO     | OK https://skeb.jp/api/works?sort=date&genre=art&offset=1170&limit=90
2026-06-28 08:01:20 | INFO     | OK https://skeb.jp/api/works?sort=date&genre=art&offset=990&limit=90
2026-06-28 08:01:20 | INFO     | OK https://skeb.jp/api/works?sort=date&genre=art&offset=1260&limit=90
2026-06-28 08:01:20 | INFO     | OK https://skeb.jp/api/works?sort=date&genre=art&offset=1530&limit=90
2026-06-28 08:01:21 | INFO     | OK https://skeb.jp/api/works?sort=date&genre=art&offset=1800&limit=90
2026-06-28 08:01:21 | INFO     | OK https://skeb.jp/api/works?sort=date&genre=art&offset=2610&limit=90
2026-06-28 08:01:22 | INFO     | OK https://skeb.jp/api/works?sort=date&genre=art&offset=2430&limit=90
2026-06-28 08:01:22 | INFO     | OK https://skeb.jp/api/works?sort=date&genre=art&offset=2070&limit=90
2026-06-28 08:01:22 | INFO     | OK https://skeb.jp/api/works?sort=date&genre=art&offset=2250&limit=90
2026-06-28 08:01:22 | INFO     | OK https://skeb.jp/api/works?sort=date&genre=art&offset=2520&limit=90
2026-06-28 08:01:23 | INFO     | OK https://skeb.jp/api/works?sort=date&genre=art&offset=1890&limit=90
2026-06-28 08:01:23 | INFO     | OK https://skeb.jp/api/works?sort=date&genre=art&offset=2160&limit=90
2026-06-28 08:01:23 | INFO     | OK https://skeb.jp/api/works?sort=date&genre=art&offset=2340&limit=90
2026-06-28 08:01:24 | INFO     | OK https://skeb.jp/api/works?sort=date&genre=art&offset=1980&limit=90
2026-06-28 08:01:24 | INFO     | OK https://skeb.jp/api/works?sort=date&genre=art&offset=2700&limit=90
2026-06-28 08:01:24 | INFO     | OK https://skeb.jp/api/works?sort=date&genre=art&offset=3240&limit=90
2026-06-28 08:01:25 | INFO     | OK https://skeb.jp/api/works?sort=date&genre=art&offset=2970&limit=90
2026-06-28 08:01:25 | INFO     | OK https://skeb.jp/api/works?sort=date&genre=art&offset=3060&limit=90
2026-06-28 08:01:25 | INFO     | OK https://skeb.jp/api/works?sort=date&genre=art&offset=3330&limit=90
2026-06-28 08:01:26 | INFO     | OK https://skeb.jp/api/works?sort=date&genre=art&offset=3150&limit=90
2026-06-28 08:01:26 | INFO     | OK https://skeb.jp/api/works?sort=date&genre=art&offset=2880&limit=90
2026-06-28 08:01:26 | INFO     | OK https://skeb.jp/api/works?sort=date&genre=art&offset=3420&limit=90
2026-06-28 08:01:27 | INFO     | OK https://skeb.jp/api/works?sort=date&genre=art&offset=3510&limit=90
2026-06-28 08:01:27 | INFO     | OK https://skeb.jp/api/works?sort=date&genre=art&offset=2790&limit=90
2026-06-28 08:01:27 | INFO     | OK https://skeb.jp/api/works?sort=date&genre=art&offset=3600&limit=90
2026-06-28 08:01:28 | INFO     | OK https://skeb.jp/api/works?sort=date&genre=art&offset=4410&limit=90
2026-06-28 08:01:28 | INFO     | OK https://skeb.jp/api/works?sort=date&genre=art&offset=4320&limit=90
2026-06-28 08:01:29 | INFO     | OK https://skeb.jp/api/works?sort=date&genre=art&offset=4230&limit=90
2026-06-28 08:01:29 | INFO     | OK https://skeb.jp/api/works?sort=date&genre=art&offset=4140&limit=90
2026-06-28 08:01:29 | INFO     | OK https://skeb.jp/api/works?sort=date&genre=art&offset=3870&limit=90
2026-06-28 08:01:30 | INFO     | OK https://skeb.jp/api/works?sort=date&genre=art&offset=4050&limit=90
2026-06-28 08:01:30 | INFO     | OK https://skeb.jp/api/works?sort=date&genre=art&offset=3690&limit=90
2026-06-28 08:01:30 | INFO     | OK https://skeb.jp/api/works?sort=date&genre=art&offset=3960&limit=90
2026-06-28 08:01:30 | INFO     | OK https://skeb.jp/api/works?sort=date&genre=art&offset=3780&limit=90
2026-06-28 08:01:30 | INFO     | Empty page (consecutive=1)
2026-06-28 08:01:30 | INFO     | Empty page (consecutive=2)
2026-06-28 08:01:30 | INFO     | End of pagination (2 empty pages).
2026-06-28 08:01:30 | INFO     | Pagination done: 4000 items for 'works'.
2026-06-28 08:01:30 | INFO     | Pagination start: type='users' genre='art'.
2026-06-28 08:01:31 | INFO     | OK https://skeb.jp/api/users?sort=date&genre=art&offset=0&limit=90
2026-06-28 08:01:31 | INFO     | OK https://skeb.jp/api/users?sort=date&genre=art&offset=540&limit=90
2026-06-28 08:01:31 | INFO     | OK https://skeb.jp/api/users?sort=date&genre=art&offset=90&limit=90
2026-06-28 08:01:32 | INFO     | OK https://skeb.jp/api/users?sort=date&genre=art&offset=630&limit=90
2026-06-28 08:01:32 | INFO     | OK https://skeb.jp/api/users?sort=date&genre=art&offset=810&limit=90
2026-06-28 08:01:32 | INFO     | OK https://skeb.jp/api/users?sort=date&genre=art&offset=720&limit=90
2026-06-28 08:01:33 | INFO     | OK https://skeb.jp/api/users?sort=date&genre=art&offset=180&limit=90
2026-06-28 08:01:33 | INFO     | OK https://skeb.jp/api/users?sort=date&genre=art&offset=450&limit=90
2026-06-28 08:01:33 | INFO     | OK https://skeb.jp/api/users?sort=date&genre=art&offset=270&limit=90
2026-06-28 08:01:34 | INFO     | OK https://skeb.jp/api/users?sort=date&genre=art&offset=360&limit=90
2026-06-28 08:01:34 | INFO     | Empty page (consecutive=1)
2026-06-28 08:01:34 | INFO     | Empty page (consecutive=2)
2026-06-28 08:01:34 | INFO     | End of pagination (2 empty pages).
2026-06-28 08:01:34 | INFO     | Pagination done: 400 items for 'users'.
2026-06-28 08:01:34 | INFO     | Ready to scrape 3520 items
2026-06-28 08:01:34 | INFO     | OK https://skeb.jp/api/users/tkns_yk
2026-06-28 08:01:34 | INFO     | Saving at a/skeb/tkns_yk-9b4d85.json
2026-06-28 08:01:34 | INFO     | OK https://skeb.jp/api/users/amlle_66
2026-06-28 08:01:34 | INFO     | Saving at a/skeb/amlle_66-fee551.json
2026-06-28 08:01:34 | INFO     | OK https://skeb.jp/api/users/yukari_uzuki_k
2026-06-28 08:01:34 | INFO     | Saving at a/skeb/yukari_uzuki_k-82be12.json
2026-06-28 08:01:35 | INFO     | OK https://skeb.jp/api/users/hoshi5_VRC
2026-06-28 08:01:35 | INFO     | Saving at a/skeb/hoshi5_VRC-3519dd.json
2026-06-28 08:01:35 | INFO     | OK https://skeb.jp/api/users/NK_KWY
2026-06-28 08:01:35 | INFO     | Saving at a/skeb/NK_KWY-5ed746.json
2026-06-28 08:01:36 | INFO     | OK https://skeb.jp/api/users/AoyuzuAoyuzu
2026-06-28 08:01:36 | INFO     | Saving at a/skeb/AoyuzuAoyuzu-36a1e1.json
2026-06-28 08:01:36 | INFO     | OK https://skeb.jp/api/users/illu_kamo
2026-06-28 08:01:36 | INFO     | Saving at a/skeb/illu_kamo-4a395f.json
2026-06-28 08:01:36 | INFO     | OK https://skeb.jp/api/users/Ikayaki0202
2026-06-28 08:01:36 | INFO     | Saving at a/skeb/Ikayaki0202-38712c.json
2026-06-28 08:01:37 | INFO     | OK https://skeb.jp/api/users/nelofox
2026-06-28 08:01:37 | INFO     | Saving at a/skeb/nelofox-3520cc.json
2026-06-28 08:01:37 | INFO     | OK https://skeb.jp/api/users/sakagami111111
2026-06-28 08:01:37 | INFO     | Saving at a/skeb/sakagami111111-2a9250.json
2026-06-28 08:01:37 | INFO     | OK https://skeb.jp/api/users/noge__
2026-06-28 08:01:37 | INFO     | Saving at a/skeb/noge__-2fadfc.json
2026-06-28 08:01:38 | INFO     | OK https://skeb.jp/api/users/ruasousaku
2026-06-28 08:01:38 | INFO     | Saving at a/skeb/ruasousaku-96f282.json
2026-06-28 08:01:38 | INFO     | OK https://skeb.jp/api/users/DORIANE_DOJIN
2026-06-28 08:01:38 | INFO     | Saving at a/skeb/DORIANE_DOJIN-ef6c2a.json
2026-06-28 08:01:38 | INFO     | OK https://skeb.jp/api/users/nichijou_deyo
2026-06-28 08:01:38 | INFO     | Saving at a/skeb/nichijou_deyo-dbac62.json
2026-06-28 08:01:39 | INFO     | OK https://skeb.jp/api/users/Sawaaaara
2026-06-28 08:01:39 | INFO     | Saving at a/skeb/Sawaaaara-124f0e.json
2026-06-28 08:01:39 | INFO     | OK https://skeb.jp/api/users/nigakattana_
2026-06-28 08:01:39 | INFO     | Saving at a/skeb/nigakattana_-3ce21a.json
2026-06-28 08:01:40 | INFO     | OK https://skeb.jp/api/users/riperipe_apple
2026-06-28 08:01:40 | INFO     | Saving at a/skeb/riperipe_apple-1c39d6.json
2026-06-28 08:01:40 | INFO     | OK https://skeb.jp/api/users/zoru_boi
2026-06-28 08:01:40 | INFO     | Saving at a/skeb/zoru_boi-836d75.json
2026-06-28 08:01:40 | INFO     | OK https://skeb.jp/api/users/hg_kichi
2026-06-28 08:01:40 | INFO     | Saving at a/skeb/hg_kichi-4648c8.json
2026-06-28 08:01:40 | INFO     | OK https://skeb.jp/api/users/una_0114
2026-06-28 08:01:40 | INFO     | Saving at a/skeb/una_0114-8d3d32.json
2026-06-28 08:01:41 | INFO     | OK https://skeb.jp/api/users/eneko_666
2026-06-28 08:01:41 | INFO     | Saving at a/skeb/eneko_666-ec51e1.json
2026-06-28 08:01:41 | INFO     | OK https://skeb.jp/api/users/EMIMU_jp
2026-06-28 08:01:41 | INFO     | Saving at a/skeb/EMIMU_jp-3bf2b8.json
2026-06-28 08:01:41 | INFO     | OK https://skeb.jp/api/users/pengdrm
2026-06-28 08:01:41 | INFO     | Saving at a/skeb/pengdrm-6e0878.json
2026-06-28 08:01:42 | INFO     | OK https://skeb.jp/api/users/Lmt_Messiah
2026-06-28 08:01:42 | INFO     | Saving at a/skeb/Lmt_Messiah-8379e7.json
2026-06-28 08:01:42 | INFO     | OK https://skeb.jp/api/users/mthrmsnro
2026-06-28 08:01:42 | INFO     | Saving at a/skeb/mthrmsnro-9fd067.json
2026-06-28 08:01:42 | INFO     | OK https://skeb.jp/api/users/proto_setaron
2026-06-28 08:01:42 | INFO     | Saving at a/skeb/proto_setaron-25d40a.json
2026-06-28 08:01:43 | INFO     | OK https://skeb.jp/api/users/Nana_Merou
2026-06-28 08:01:43 | INFO     | Saving at a/skeb/Nana_Merou-f54e3d.json
2026-06-28 08:01:43 | INFO     | OK https://skeb.jp/api/users/kukuru100
2026-06-28 08:01:43 | INFO     | Saving at a/skeb/kukuru100-3202dd.json
2026-06-28 08:01:43 | INFO     | OK https://skeb.jp/api/users/_uc15
2026-06-28 08:01:43 | INFO     | Saving at a/skeb/_uc15-7360fa.json
2026-06-28 08:01:44 | INFO     | OK https://skeb.jp/api/users/shiroiris_
2026-06-28 08:01:44 | INFO     | Saving at a/skeb/shiroiris_-059327.json
2026-06-28 08:01:44 | INFO     | OK https://skeb.jp/api/users/M0McwgMwek4095
2026-06-28 08:01:44 | INFO     | Saving at a/skeb/M0McwgMwek4095-e672f5.json
2026-06-28 08:01:44 | INFO     | OK https://skeb.jp/api/users/tenpu_rukuri
2026-06-28 08:01:44 | INFO     | Saving at a/skeb/tenpu_rukuri-4eb4b4.json
2026-06-28 08:01:45 | INFO     | OK https://skeb.jp/api/users/zenyatodo
2026-06-28 08:01:45 | INFO     | Saving at a/skeb/zenyatodo-6ec3ea.json
2026-06-28 08:01:45 | INFO     | OK https://skeb.jp/api/users/khk_315
2026-06-28 08:01:45 | INFO     | Saving at a/skeb/khk_315-c410bb.json
2026-06-28 08:01:45 | INFO     | OK https://skeb.jp/api/users/Uninimarubxlw
2026-06-28 08:01:45 | INFO     | Saving at a/skeb/Uninimarubxlw-057880.json
2026-06-28 08:01:46 | INFO     | OK https://skeb.jp/api/users/hikanyan
2026-06-28 08:01:46 | INFO     | Saving at a/skeb/hikanyan-55510d.json
2026-06-28 08:01:46 | INFO     | OK https://skeb.jp/api/users/yukisteavr2
2026-06-28 08:01:46 | INFO     | Saving at a/skeb/yukisteavr2-864fff.json
2026-06-28 08:01:46 | INFO     | OK https://skeb.jp/api/users/miyakia_
2026-06-28 08:01:46 | INFO     | Saving at a/skeb/miyakia_-0c504a.json
2026-06-28 08:01:47 | INFO     | OK https://skeb.jp/api/users/wvr_h
2026-06-28 08:01:47 | INFO     | Saving at a/skeb/wvr_h-cb7d73.json
2026-06-28 08:01:47 | INFO     | OK https://skeb.jp/api/users/sy_tutabbb
2026-06-28 08:01:47 | INFO     | Saving at a/skeb/sy_tutabbb-bf1f6a.json
2026-06-28 08:01:47 | INFO     | OK https://skeb.jp/api/users/Hibica_ekaki
2026-06-28 08:01:47 | INFO     | Saving at a/skeb/Hibica_ekaki-862757.json
2026-06-28 08:01:47 | INFO     | OK https://skeb.jp/api/users/tttttendo
2026-06-28 08:01:47 | INFO     | Saving at a/skeb/tttttendo-bb3712.json
2026-06-28 08:01:48 | INFO     | OK https://skeb.jp/api/users/namaakl
2026-06-28 08:01:48 | INFO     | Saving at a/skeb/namaakl-13426a.json
2026-06-28 08:01:48 | INFO     | OK https://skeb.jp/api/users/shion_mesu
2026-06-28 08:01:48 | INFO     | Saving at a/skeb/shion_mesu-4b4f0b.json
2026-06-28 08:01:49 | INFO     | OK https://skeb.jp/api/users/mochigushi_
2026-06-28 08:01:49 | INFO     | Saving at a/skeb/mochigushi_-1eae46.json
2026-06-28 08:01:49 | INFO     | OK https://skeb.jp/api/users/fuwari0902
2026-06-28 08:01:49 | INFO     | Saving at a/skeb/fuwari0902-f52469.json
2026-06-28 08:01:49 | INFO     | OK https://skeb.jp/api/users/enokorogusa64
2026-06-28 08:01:49 | INFO     | Saving at a/skeb/enokorogusa64-bc4752.json
2026-06-28 08:01:50 | INFO     | OK https://skeb.jp/api/users/2001sigu
2026-06-28 08:01:50 | INFO     | Saving at a/skeb/2001sigu-5ec836.json
2026-06-28 08:01:50 | INFO     | OK https://skeb.jp/api/users/krage_fw
2026-06-28 08:01:50 | INFO     | Saving at a/skeb/krage_fw-1a4ede.json
2026-06-28 08:01:50 | INFO     | OK https://skeb.jp/api/users/___obj_
2026-06-28 08:01:50 | INFO     | Saving at a/skeb/___obj_-f5837a.json
2026-06-28 08:01:51 | INFO     | OK https://skeb.jp/api/users/fjfs522
2026-06-28 08:01:51 | INFO     | Saving at a/skeb/fjfs522-c0188c.json
2026-06-28 08:01:51 | INFO     | OK https://skeb.jp/api/users/pekeiscats
2026-06-28 08:01:51 | INFO     | Saving at a/skeb/pekeiscats-470342.json
2026-06-28 08:01:51 | INFO     | OK https://skeb.jp/api/users/enon_kt
2026-06-28 08:01:51 | INFO     | Saving at a/skeb/enon_kt-e7b70f.json
2026-06-28 08:01:52 | INFO     | OK https://skeb.jp/api/users/yosihiki
2026-06-28 08:01:52 | INFO     | Saving at a/skeb/yosihiki-72e0b9.json
2026-06-28 08:01:52 | INFO     | OK https://skeb.jp/api/users/Todomaki41
2026-06-28 08:01:52 | INFO     | Saving at a/skeb/Todomaki41-2d70c0.json
2026-06-28 08:01:52 | INFO     | OK https://skeb.jp/api/users/uenomigi
2026-06-28 08:01:52 | INFO     | Saving at a/skeb/uenomigi-8cb616.json
2026-06-28 08:01:53 | INFO     | OK https://skeb.jp/api/users/Adore_me_HARAI
2026-06-28 08:01:53 | INFO     | Saving at a/skeb/Adore_me_HARAI-1ae142.json
2026-06-28 08:01:53 | INFO     | OK https://skeb.jp/api/users/yomamagoto
2026-06-28 08:01:53 | INFO     | Saving at a/skeb/yomamagoto-f1a465.json
2026-06-28 08:01:53 | INFO     | OK https://skeb.jp/api/users/killifish_
2026-06-28 08:01:53 | INFO     | Saving at a/skeb/killifish_-416125.json
2026-06-28 08:01:53 | INFO     | OK https://skeb.jp/api/users/rogun0log
2026-06-28 08:01:53 | INFO     | Saving at a/skeb/rogun0log-618b1e.json
2026-06-28 08:01:54 | INFO     | OK https://skeb.jp/api/users/dayohiko
2026-06-28 08:01:54 | INFO     | Saving at a/skeb/dayohiko-8575de.json
2026-06-28 08:01:54 | INFO     | OK https://skeb.jp/api/users/mame02550912
2026-06-28 08:01:54 | INFO     | Saving at a/skeb/mame02550912-0b260f.json
2026-06-28 08:01:55 | INFO     | OK https://skeb.jp/api/users/gutterland
2026-06-28 08:01:55 | INFO     | Saving at a/skeb/gutterland-716020.json
2026-06-28 08:01:55 | INFO     | OK https://skeb.jp/api/users/apple__0_
2026-06-28 08:01:55 | INFO     | Saving at a/skeb/apple__0_-4129a5.json
2026-06-28 08:01:55 | INFO     | OK https://skeb.jp/api/users/0hirosi0
2026-06-28 08:01:55 | INFO     | Saving at a/skeb/0hirosi0-f36b33.json
2026-06-28 08:01:55 | INFO     | OK https://skeb.jp/api/users/sitautoy
2026-06-28 08:01:55 | INFO     | Saving at a/skeb/sitautoy-4a5dec.json
2026-06-28 08:01:56 | INFO     | OK https://skeb.jp/api/users/qlml
2026-06-28 08:01:56 | INFO     | Saving at a/skeb/qlml-3e3135.json
2026-06-28 08:01:56 | INFO     | OK https://skeb.jp/api/users/urkt_1010
2026-06-28 08:01:56 | INFO     | Saving at a/skeb/urkt_1010-f49980.json
2026-06-28 08:01:56 | INFO     | OK https://skeb.jp/api/users/Yuki_yuduki
2026-06-28 08:01:56 | INFO     | Saving at a/skeb/Yuki_yuduki-a3ce9b.json
2026-06-28 08:01:57 | INFO     | OK https://skeb.jp/api/users/ewooomooo
2026-06-28 08:01:57 | INFO     | Saving at a/skeb/ewooomooo-d5cfa6.json
2026-06-28 08:01:57 | INFO     | OK https://skeb.jp/api/users/onakaatatamesub
2026-06-28 08:01:57 | INFO     | Saving at a/skeb/onakaatatamesub-656c61.json
2026-06-28 08:01:57 | INFO     | OK https://skeb.jp/api/users/saratto_2zyo
2026-06-28 08:01:57 | INFO     | Saving at a/skeb/saratto_2zyo-a3f3e6.json
2026-06-28 08:01:58 | INFO     | OK https://skeb.jp/api/users/kuragesense
2026-06-28 08:01:58 | INFO     | Saving at a/skeb/kuragesense-e8f3ac.json
2026-06-28 08:01:58 | INFO     | OK https://skeb.jp/api/users/Shiraiwa_Usagi
2026-06-28 08:01:58 | INFO     | Saving at a/skeb/Shiraiwa_Usagi-46e306.json
2026-06-28 08:01:59 | INFO     | OK https://skeb.jp/api/users/IsaSinomu
2026-06-28 08:01:59 | INFO     | Saving at a/skeb/IsaSinomu-5d40ba.json
2026-06-28 08:01:59 | INFO     | OK https://skeb.jp/api/users/idknoid
2026-06-28 08:01:59 | INFO     | Saving at a/skeb/idknoid-f93e9f.json
2026-06-28 08:01:59 | INFO     | OK https://skeb.jp/api/users/35oku_vs
2026-06-28 08:01:59 | INFO     | Saving at a/skeb/35oku_vs-4282a5.json
2026-06-28 08:02:00 | INFO     | OK https://skeb.jp/api/users/pp3S_
2026-06-28 08:02:00 | INFO     | Saving at a/skeb/pp3S_-d76432.json
2026-06-28 08:02:00 | INFO     | OK https://skeb.jp/api/users/sui_hi_sf
2026-06-28 08:02:00 | INFO     | Saving at a/skeb/sui_hi_sf-f68538.json
2026-06-28 08:02:00 | INFO     | OK https://skeb.jp/api/users/nekoyuu001
2026-06-28 08:02:00 | INFO     | Saving at a/skeb/nekoyuu001-2a6931.json
2026-06-28 08:02:01 | INFO     | OK https://skeb.jp/api/users/Ii_cou
2026-06-28 08:02:01 | INFO     | Saving at a/skeb/Ii_cou-c9de2e.json
2026-06-28 08:02:01 | INFO     | OK https://skeb.jp/api/users/zephy_full
2026-06-28 08:02:01 | INFO     | Saving at a/skeb/zephy_full-f82a3c.json
2026-06-28 08:02:01 | INFO     | OK https://skeb.jp/api/users/namikichloe_all
2026-06-28 08:02:01 | INFO     | Saving at a/skeb/namikichloe_all-6b13ed.json
2026-06-28 08:02:02 | INFO     | OK https://skeb.jp/api/users/kogomeAri
2026-06-28 08:02:02 | INFO     | Saving at a/skeb/kogomeAri-2cf924.json
2026-06-28 08:02:02 | INFO     | OK https://skeb.jp/api/users/nenokatas
2026-06-28 08:02:02 | INFO     | Saving at a/skeb/nenokatas-2eb739.json
2026-06-28 08:02:02 | INFO     | OK https://skeb.jp/api/users/URuFchan_
2026-06-28 08:02:02 | INFO     | Saving at a/skeb/URuFchan_-9fff6f.json
2026-06-28 08:02:03 | INFO     | OK https://skeb.jp/api/users/mm___0422
2026-06-28 08:02:03 | INFO     | Saving at a/skeb/mm___0422-ee5fb1.json
2026-06-28 08:02:03 | INFO     | OK https://skeb.jp/api/users/wao_nwon
2026-06-28 08:02:03 | INFO     | Saving at a/skeb/wao_nwon-4c4f79.json
2026-06-28 08:02:03 | INFO     | OK https://skeb.jp/api/users/0ud0ntabetabe
2026-06-28 08:02:03 | INFO     | Saving at a/skeb/0ud0ntabetabe-95a309.json
2026-06-28 08:02:04 | INFO     | OK https://skeb.jp/api/users/FdrtnToilet_093
2026-06-28 08:02:04 | INFO     | Saving at a/skeb/FdrtnToilet_093-8a9f51.json
2026-06-28 08:02:04 | INFO     | OK https://skeb.jp/api/users/__i_n_u__2
2026-06-28 08:02:04 | INFO     | Saving at a/skeb/__i_n_u__2-057cd1.json
2026-06-28 08:02:04 | INFO     | OK https://skeb.jp/api/users/sabunapa
2026-06-28 08:02:04 | INFO     | Saving at a/skeb/sabunapa-127153.json
2026-06-28 08:02:04 | INFO     | OK https://skeb.jp/api/users/coccoc1234_
2026-06-28 08:02:04 | INFO     | Saving at a/skeb/coccoc1234_-0cc965.json
2026-06-28 08:02:05 | INFO     | OK https://skeb.jp/api/users/sabotenpan
2026-06-28 08:02:05 | INFO     | Saving at a/skeb/sabotenpan-e42761.json
2026-06-28 08:02:05 | INFO     | OK https://skeb.jp/api/users/12yun30
2026-06-28 08:02:05 | INFO     | Saving at a/skeb/12yun30-9658cb.json
2026-06-28 08:02:06 | INFO     | OK https://skeb.jp/api/users/Okkinatintin_O
2026-06-28 08:02:06 | INFO     | Saving at a/skeb/Okkinatintin_O-b9f189.json
2026-06-28 08:02:06 | INFO     | OK https://skeb.jp/api/users/redtaroislandcircle
2026-06-28 08:02:06 | INFO     | Saving at a/skeb/redtaroislandcircle-97542f.json
2026-06-28 08:02:06 | INFO     | OK https://skeb.jp/api/users/wf170ZpFwi
2026-06-28 08:02:06 | INFO     | Saving at a/skeb/wf170ZpFwi-93bf3c.json
2026-06-28 08:02:07 | INFO     | OK https://skeb.jp/api/users/voltekkayakui
2026-06-28 08:02:07 | INFO     | Saving at a/skeb/voltekkayakui-5c39a2.json
2026-06-28 08:02:07 | INFO     | OK https://skeb.jp/api/users/ca__mei
2026-06-28 08:02:07 | INFO     | Saving at a/skeb/ca__mei-288e71.json
2026-06-28 08:02:07 | INFO     | OK https://skeb.jp/api/users/okuta0_0
2026-06-28 08:02:07 | INFO     | Saving at a/skeb/okuta0_0-fc4eb4.json
2026-06-28 08:02:07 | INFO     | Saving at a/skeb/okuta0_0-fc4eb4.json
2026-06-28 08:02:08 | INFO     | OK https://skeb.jp/api/users/Ituki_ouji
2026-06-28 08:02:08 | INFO     | Saving at a/skeb/Ituki_ouji-064ddb.json
2026-06-28 08:02:08 | INFO     | OK https://skeb.jp/api/users/mayoineko0915
2026-06-28 08:02:08 | INFO     | Saving at a/skeb/mayoineko0915-0bece7.json
2026-06-28 08:02:08 | INFO     | OK https://skeb.jp/api/users/yuri_fuwari
2026-06-28 08:02:08 | INFO     | Saving at a/skeb/yuri_fuwari-35706b.json
2026-06-28 08:02:09 | INFO     | OK https://skeb.jp/api/users/Merufena
2026-06-28 08:02:09 | INFO     | Saving at a/skeb/Merufena-f205a0.json
2026-06-28 08:02:09 | INFO     | OK https://skeb.jp/api/users/____speace
2026-06-28 08:02:09 | INFO     | Saving at a/skeb/____speace-21db04.json
2026-06-28 08:02:09 | INFO     | OK https://skeb.jp/api/users/op_na_ura
2026-06-28 08:02:09 | INFO     | Saving at a/skeb/op_na_ura-021ab7.json
2026-06-28 08:02:10 | INFO     | OK https://skeb.jp/api/users/oimanji
2026-06-28 08:02:10 | INFO     | Saving at a/skeb/oimanji-2f9c12.json
2026-06-28 08:02:10 | INFO     | OK https://skeb.jp/api/users/Hirayotume0503
2026-06-28 08:02:10 | INFO     | Saving at a/skeb/Hirayotume0503-2b395b.json
2026-06-28 08:02:10 | INFO     | OK https://skeb.jp/api/users/ttykik
2026-06-28 08:02:10 | INFO     | Saving at a/skeb/ttykik-c61ce5.json
2026-06-28 08:02:11 | INFO     | OK https://skeb.jp/api/users/X3rIMpiGxXMFRWO
2026-06-28 08:02:11 | INFO     | Saving at a/skeb/X3rIMpiGxXMFRWO-c688a6.json
2026-06-28 08:02:11 | INFO     | OK https://skeb.jp/api/users/GAMI
2026-06-28 08:02:11 | INFO     | Saving at a/skeb/GAMI-bbc657.json
2026-06-28 08:02:11 | INFO     | OK https://skeb.jp/api/users/mmmakaron888
2026-06-28 08:02:11 | INFO     | Saving at a/skeb/mmmakaron888-5651eb.json
2026-06-28 08:02:12 | INFO     | OK https://skeb.jp/api/users/masatoki02
2026-06-28 08:02:12 | INFO     | Saving at a/skeb/masatoki02-73666b.json
2026-06-28 08:02:12 | INFO     | OK https://skeb.jp/api/users/ryota1302
2026-06-28 08:02:12 | INFO     | Saving at a/skeb/ryota1302-b16db4.json
2026-06-28 08:02:12 | INFO     | OK https://skeb.jp/api/users/Yammie
2026-06-28 08:02:12 | INFO     | Saving at a/skeb/Yammie-143533.json
2026-06-28 08:02:13 | INFO     | OK https://skeb.jp/api/users/hokkori_Ri
2026-06-28 08:02:13 | INFO     | Saving at a/skeb/hokkori_Ri-9892c4.json
2026-06-28 08:02:13 | INFO     | OK https://skeb.jp/api/users/milkpanda0301
2026-06-28 08:02:13 | INFO     | Saving at a/skeb/milkpanda0301-5b4763.json
2026-06-28 08:02:13 | INFO     | OK https://skeb.jp/api/users/CoPaPano_PA
2026-06-28 08:02:13 | INFO     | Saving at a/skeb/CoPaPano_PA-3e77a9.json
2026-06-28 08:02:14 | INFO     | OK https://skeb.jp/api/users/ROOM_Kinoko
2026-06-28 08:02:14 | INFO     | Saving at a/skeb/ROOM_Kinoko-fbc8ef.json
2026-06-28 08:02:14 | INFO     | OK https://skeb.jp/api/users/redleaves_2327
2026-06-28 08:02:14 | INFO     | Saving at a/skeb/redleaves_2327-61bf61.json
2026-06-28 08:02:14 | INFO     | OK https://skeb.jp/api/users/oooomuretu00
2026-06-28 08:02:14 | INFO     | Saving at a/skeb/oooomuretu00-9715a2.json
2026-06-28 08:02:15 | INFO     | OK https://skeb.jp/api/users/ib_arf
2026-06-28 08:02:15 | INFO     | Saving at a/skeb/ib_arf-6e2c14.json
2026-06-28 08:02:15 | INFO     | OK https://skeb.jp/api/users/strangepop
2026-06-28 08:02:15 | INFO     | Saving at a/skeb/strangepop-d14f0f.json
2026-06-28 08:02:15 | INFO     | OK https://skeb.jp/api/users/Refia_25
2026-06-28 08:02:15 | INFO     | Saving at a/skeb/Refia_25-0ffb0e.json
2026-06-28 08:02:16 | INFO     | OK https://skeb.jp/api/users/Maoxiart
2026-06-28 08:02:16 | INFO     | Saving at a/skeb/Maoxiart-9ac95e.json
2026-06-28 08:02:16 | INFO     | OK https://skeb.jp/api/users/l_ox171
2026-06-28 08:02:16 | INFO     | Saving at a/skeb/l_ox171-556410.json
2026-06-28 08:02:16 | INFO     | OK https://skeb.jp/api/users/yma_umi
2026-06-28 08:02:16 | INFO     | Saving at a/skeb/yma_umi-c5fa99.json
2026-06-28 08:02:17 | INFO     | OK https://skeb.jp/api/users/suKonbu385
2026-06-28 08:02:17 | INFO     | Saving at a/skeb/suKonbu385-3c0bde.json
2026-06-28 08:02:17 | INFO     | OK https://skeb.jp/api/users/mr_ayarabbit
2026-06-28 08:02:17 | INFO     | Saving at a/skeb/mr_ayarabbit-f2ad92.json
2026-06-28 08:02:17 | INFO     | OK https://skeb.jp/api/users/wonderworldwood
2026-06-28 08:02:17 | INFO     | Saving at a/skeb/wonderworldwood-fd0101.json
2026-06-28 08:02:18 | INFO     | OK https://skeb.jp/api/users/Shiroi_Neko
2026-06-28 08:02:18 | INFO     | Saving at a/skeb/Shiroi_Neko-aed19a.json
2026-06-28 08:02:18 | INFO     | OK https://skeb.jp/api/users/otoya410
2026-06-28 08:02:18 | INFO     | Saving at a/skeb/otoya410-1177df.json
2026-06-28 08:02:18 | INFO     | OK https://skeb.jp/api/users/bawad__
2026-06-28 08:02:18 | INFO     | Saving at a/skeb/bawad__-5b89be.json
2026-06-28 08:02:19 | INFO     | OK https://skeb.jp/api/users/bara_no_oniku
2026-06-28 08:02:19 | INFO     | Saving at a/skeb/bara_no_oniku-191dbb.json
2026-06-28 08:02:19 | INFO     | OK https://skeb.jp/api/users/tyousikkari
2026-06-28 08:02:19 | INFO     | Saving at a/skeb/tyousikkari-92cfcf.json
2026-06-28 08:02:19 | INFO     | OK https://skeb.jp/api/users/rumi_arumo
2026-06-28 08:02:19 | INFO     | Saving at a/skeb/rumi_arumo-33673e.json
2026-06-28 08:02:20 | INFO     | OK https://skeb.jp/api/users/jinbaRTA2
2026-06-28 08:02:20 | INFO     | Saving at a/skeb/jinbaRTA2-c78259.json
2026-06-28 08:02:20 | INFO     | OK https://skeb.jp/api/users/inabakun00
2026-06-28 08:02:20 | INFO     | Saving at a/skeb/inabakun00-5ada98.json
2026-06-28 08:02:20 | INFO     | OK https://skeb.jp/api/users/kyanta5354
2026-06-28 08:02:20 | INFO     | Saving at a/skeb/kyanta5354-0ed7ee.json
2026-06-28 08:02:20 | INFO     | OK https://skeb.jp/api/users/yuki_rabbit_s
2026-06-28 08:02:20 | INFO     | Saving at a/skeb/yuki_rabbit_s-35f63d.json
2026-06-28 08:02:21 | INFO     | OK https://skeb.jp/api/users/chibineco_m
2026-06-28 08:02:21 | INFO     | Saving at a/skeb/chibineco_m-b3e145.json
2026-06-28 08:02:21 | INFO     | OK https://skeb.jp/api/users/natsu_kumo88
2026-06-28 08:02:21 | INFO     | Saving at a/skeb/natsu_kumo88-390fad.json
2026-06-28 08:02:22 | INFO     | OK https://skeb.jp/api/users/ashwing_makuro
2026-06-28 08:02:22 | INFO     | Saving at a/skeb/ashwing_makuro-efa959.json
2026-06-28 08:02:22 | INFO     | OK https://skeb.jp/api/users/mo__n_T_T
2026-06-28 08:02:22 | INFO     | Saving at a/skeb/mo__n_T_T-490328.json
2026-06-28 08:02:22 | INFO     | OK https://skeb.jp/api/users/aznasub
2026-06-28 08:02:22 | INFO     | Saving at a/skeb/aznasub-3f119b.json
2026-06-28 08:02:22 | INFO     | OK https://skeb.jp/api/users/00Tamagoyaki
2026-06-28 08:02:22 | INFO     | Saving at a/skeb/00Tamagoyaki-2c215e.json
2026-06-28 08:02:23 | INFO     | OK https://skeb.jp/api/users/jjo_o09
2026-06-28 08:02:23 | INFO     | Saving at a/skeb/jjo_o09-43b882.json
2026-06-28 08:02:23 | INFO     | OK https://skeb.jp/api/users/bla_ck_rabbit
2026-06-28 08:02:23 | INFO     | Saving at a/skeb/bla_ck_rabbit-d03250.json
2026-06-28 08:02:23 | INFO     | OK https://skeb.jp/api/users/awa_ben_0521
2026-06-28 08:02:23 | INFO     | Saving at a/skeb/awa_ben_0521-a80dc6.json
2026-06-28 08:02:24 | INFO     | OK https://skeb.jp/api/users/Pd_Pallad
2026-06-28 08:02:24 | INFO     | Saving at a/skeb/Pd_Pallad-2e14b3.json
2026-06-28 08:02:25 | INFO     | OK https://skeb.jp/api/users/amu_amemori
2026-06-28 08:02:25 | INFO     | Saving at a/skeb/amu_amemori-40c1b6.json
2026-06-28 08:02:25 | INFO     | OK https://skeb.jp/api/users/yuyuzu22
2026-06-28 08:02:25 | INFO     | Saving at a/skeb/yuyuzu22-00c777.json
2026-06-28 08:02:25 | INFO     | OK https://skeb.jp/api/users/0oz_u
2026-06-28 08:02:25 | INFO     | Saving at a/skeb/0oz_u-8ca590.json
2026-06-28 08:02:25 | INFO     | OK https://skeb.jp/api/users/himosugara_
2026-06-28 08:02:25 | INFO     | Saving at a/skeb/himosugara_-04301e.json
2026-06-28 08:02:26 | INFO     | OK https://skeb.jp/api/users/BlackRose_ZZ
2026-06-28 08:02:26 | INFO     | Saving at a/skeb/BlackRose_ZZ-b8e24e.json
2026-06-28 08:02:26 | INFO     | OK https://skeb.jp/api/users/akunoirezumi
2026-06-28 08:02:26 | INFO     | Saving at a/skeb/akunoirezumi-925d83.json
2026-06-28 08:02:26 | INFO     | OK https://skeb.jp/api/users/8asys
2026-06-28 08:02:26 | INFO     | Saving at a/skeb/8asys-0920e4.json
2026-06-28 08:02:27 | INFO     | OK https://skeb.jp/api/users/tarai_no_oekaki
2026-06-28 08:02:27 | INFO     | Saving at a/skeb/tarai_no_oekaki-878b5e.json
2026-06-28 08:02:27 | INFO     | OK https://skeb.jp/api/users/Kyoken1122
2026-06-28 08:02:27 | INFO     | Saving at a/skeb/Kyoken1122-b7f36d.json
2026-06-28 08:02:27 | INFO     | OK https://skeb.jp/api/users/sochobz
2026-06-28 08:02:27 | INFO     | Saving at a/skeb/sochobz-ce8c25.json
2026-06-28 08:02:28 | INFO     | OK https://skeb.jp/api/users/tubutubu__ikura
2026-06-28 08:02:28 | INFO     | Saving at a/skeb/tubutubu__ikura-4234bc.json
2026-06-28 08:02:28 | INFO     | OK https://skeb.jp/api/users/_shironoha
2026-06-28 08:02:28 | INFO     | Saving at a/skeb/_shironoha-5745e8.json
2026-06-28 08:02:28 | INFO     | OK https://skeb.jp/api/users/ph524suke
2026-06-28 08:02:28 | INFO     | Saving at a/skeb/ph524suke-7d4db8.json
2026-06-28 08:02:29 | INFO     | OK https://skeb.jp/api/users/mosoro_r
2026-06-28 08:02:29 | INFO     | Saving at a/skeb/mosoro_r-85575c.json
2026-06-28 08:02:29 | INFO     | OK https://skeb.jp/api/users/yunmu_g
2026-06-28 08:02:29 | INFO     | Saving at a/skeb/yunmu_g-b283fa.json
2026-06-28 08:02:29 | INFO     | OK https://skeb.jp/api/users/Powaris
2026-06-28 08:02:29 | INFO     | Saving at a/skeb/Powaris-fe776f.json
2026-06-28 08:02:29 | INFO     | OK https://skeb.jp/api/users/suzuk_TRPG
2026-06-28 08:02:29 | INFO     | Saving at a/skeb/suzuk_TRPG-5a2244.json
2026-06-28 08:02:30 | INFO     | OK https://skeb.jp/api/users/hnnknsi
2026-06-28 08:02:30 | INFO     | Saving at a/skeb/hnnknsi-59006e.json
2026-06-28 08:02:30 | INFO     | OK https://skeb.jp/api/users/U_tArget__
2026-06-28 08:02:30 | INFO     | Saving at a/skeb/U_tArget__-404ef2.json
2026-06-28 08:02:31 | INFO     | OK https://skeb.jp/api/users/Suzu245612
2026-06-28 08:02:31 | INFO     | Saving at a/skeb/Suzu245612-a0bbac.json
2026-06-28 08:02:31 | INFO     | OK https://skeb.jp/api/users/yasikiuro
2026-06-28 08:02:31 | INFO     | Saving at a/skeb/yasikiuro-ed7614.json
2026-06-28 08:02:31 | INFO     | OK https://skeb.jp/api/users/kaedena_umiumi
2026-06-28 08:02:31 | INFO     | Saving at a/skeb/kaedena_umiumi-fb37a0.json
2026-06-28 08:02:32 | INFO     | OK https://skeb.jp/api/users/ship_o_man1015
2026-06-28 08:02:32 | INFO     | Saving at a/skeb/ship_o_man1015-6c7e7b.json
2026-06-28 08:02:32 | INFO     | OK https://skeb.jp/api/users/yoru_nari_
2026-06-28 08:02:32 | INFO     | Saving at a/skeb/yoru_nari_-1f486b.json
2026-06-28 08:02:33 | INFO     | OK https://skeb.jp/api/users/rinami456
2026-06-28 08:02:33 | INFO     | Saving at a/skeb/rinami456-e212e4.json
2026-06-28 08:02:33 | INFO     | OK https://skeb.jp/api/users/urumihasu
2026-06-28 08:02:33 | INFO     | Saving at a/skeb/urumihasu-fb923e.json
2026-06-28 08:02:33 | INFO     | OK https://skeb.jp/api/users/kasumi6_
2026-06-28 08:02:33 | INFO     | Saving at a/skeb/kasumi6_-7662ea.json
2026-06-28 08:02:33 | INFO     | OK https://skeb.jp/api/users/litmus_kotonoha
2026-06-28 08:02:33 | INFO     | Saving at a/skeb/litmus_kotonoha-3afd53.json
2026-06-28 08:02:34 | INFO     | OK https://skeb.jp/api/users/fpWGFNrixm35508
2026-06-28 08:02:34 | INFO     | Saving at a/skeb/fpWGFNrixm35508-00e23a.json
2026-06-28 08:02:34 | INFO     | OK https://skeb.jp/api/users/libre1907_
2026-06-28 08:02:34 | INFO     | Saving at a/skeb/libre1907_-62be6c.json
2026-06-28 08:02:34 | INFO     | OK https://skeb.jp/api/users/jinbuuck
2026-06-28 08:02:34 | INFO     | Saving at a/skeb/jinbuuck-86a7e6.json
2026-06-28 08:02:35 | INFO     | OK https://skeb.jp/api/users/shirasu_ocean
2026-06-28 08:02:35 | INFO     | Saving at a/skeb/shirasu_ocean-27a8e0.json
2026-06-28 08:02:35 | INFO     | OK https://skeb.jp/api/users/LamuQa
2026-06-28 08:02:35 | INFO     | Saving at a/skeb/LamuQa-1d9563.json
2026-06-28 08:02:35 | INFO     | OK https://skeb.jp/api/users/091091Initium
2026-06-28 08:02:35 | INFO     | Saving at a/skeb/091091Initium-48a698.json
2026-06-28 08:02:36 | INFO     | OK https://skeb.jp/api/users/kamachimi
2026-06-28 08:02:36 | INFO     | Saving at a/skeb/kamachimi-c5361f.json
2026-06-28 08:02:36 | INFO     | OK https://skeb.jp/api/users/I3dpi
2026-06-28 08:02:36 | INFO     | Saving at a/skeb/I3dpi-486c56.json
2026-06-28 08:02:36 | INFO     | OK https://skeb.jp/api/users/moimoiji
2026-06-28 08:02:36 | INFO     | Saving at a/skeb/moimoiji-5a1a8d.json
2026-06-28 08:02:37 | INFO     | OK https://skeb.jp/api/users/aruota
2026-06-28 08:02:37 | INFO     | Saving at a/skeb/aruota-003cee.json
2026-06-28 08:02:37 | INFO     | OK https://skeb.jp/api/users/snowowl515
2026-06-28 08:02:37 | INFO     | Saving at a/skeb/snowowl515-019b39.json
2026-06-28 08:02:37 | INFO     | OK https://skeb.jp/api/users/Heart2_pehu
2026-06-28 08:02:37 | INFO     | Saving at a/skeb/Heart2_pehu-f8fce2.json
2026-06-28 08:02:37 | INFO     | OK https://skeb.jp/api/users/6koban_ti_
2026-06-28 08:02:37 | INFO     | Saving at a/skeb/6koban_ti_-ef439e.json
2026-06-28 08:02:38 | INFO     | OK https://skeb.jp/api/users/Tsumugi0832
2026-06-28 08:02:38 | INFO     | Saving at a/skeb/Tsumugi0832-8af3f3.json
2026-06-28 08:02:38 | INFO     | OK https://skeb.jp/api/users/Tnm_ilu
2026-06-28 08:02:38 | INFO     | Saving at a/skeb/Tnm_ilu-a0bc93.json
2026-06-28 08:02:39 | INFO     | OK https://skeb.jp/api/users/simtysiger
2026-06-28 08:02:39 | INFO     | Saving at a/skeb/simtysiger-bfb8ad.json
2026-06-28 08:02:39 | INFO     | OK https://skeb.jp/api/users/shiro11mo
2026-06-28 08:02:39 | INFO     | Saving at a/skeb/shiro11mo-9cf52d.json
2026-06-28 08:02:40 | INFO     | OK https://skeb.jp/api/users/inutose
2026-06-28 08:02:40 | INFO     | Saving at a/skeb/inutose-99f102.json
2026-06-28 08:02:40 | INFO     | OK https://skeb.jp/api/users/tsumugi1025
2026-06-28 08:02:40 | INFO     | Saving at a/skeb/tsumugi1025-c449b0.json
2026-06-28 08:02:40 | INFO     | OK https://skeb.jp/api/users/EV_shiro
2026-06-28 08:02:40 | INFO     | Saving at a/skeb/EV_shiro-e948cd.json
2026-06-28 08:02:40 | INFO     | OK https://skeb.jp/api/users/ShinkaiObake
2026-06-28 08:02:40 | INFO     | Saving at a/skeb/ShinkaiObake-55ce2d.json
2026-06-28 08:02:41 | INFO     | OK https://skeb.jp/api/users/_d0nteat_
2026-06-28 08:02:41 | INFO     | Saving at a/skeb/_d0nteat_-3d231f.json
2026-06-28 08:02:41 | INFO     | OK https://skeb.jp/api/users/amujamu
2026-06-28 08:02:41 | INFO     | Saving at a/skeb/amujamu-bd465d.json
2026-06-28 08:02:41 | INFO     | OK https://skeb.jp/api/users/hiko_amama
2026-06-28 08:02:41 | INFO     | Saving at a/skeb/hiko_amama-de09c9.json
2026-06-28 08:02:42 | INFO     | OK https://skeb.jp/api/users/mchonsub
2026-06-28 08:02:42 | INFO     | Saving at a/skeb/mchonsub-fbbc25.json
2026-06-28 08:02:42 | INFO     | OK https://skeb.jp/api/users/kinakomocheeni
2026-06-28 08:02:42 | INFO     | Saving at a/skeb/kinakomocheeni-0fb0b7.json
2026-06-28 08:02:42 | INFO     | OK https://skeb.jp/api/users/onomari546
2026-06-28 08:02:42 | INFO     | Saving at a/skeb/onomari546-84da70.json
2026-06-28 08:02:43 | INFO     | OK https://skeb.jp/api/users/H047E
2026-06-28 08:02:43 | INFO     | Saving at a/skeb/H047E-6865a6.json
2026-06-28 08:02:43 | INFO     | OK https://skeb.jp/api/users/poinx2
2026-06-28 08:02:43 | INFO     | Saving at a/skeb/poinx2-387231.json
2026-06-28 08:02:43 | INFO     | OK https://skeb.jp/api/users/27o_neko
2026-06-28 08:02:43 | INFO     | Saving at a/skeb/27o_neko-49c090.json
2026-06-28 08:02:43 | INFO     | OK https://skeb.jp/api/users/kenomasu_9991
2026-06-28 08:02:43 | INFO     | Saving at a/skeb/kenomasu_9991-ea382c.json
2026-06-28 08:02:44 | INFO     | OK https://skeb.jp/api/users/echi_echi_tk
2026-06-28 08:02:44 | INFO     | Saving at a/skeb/echi_echi_tk-a6c83d.json
2026-06-28 08:02:44 | INFO     | OK https://skeb.jp/api/users/hotaldako
2026-06-28 08:02:44 | INFO     | Saving at a/skeb/hotaldako-7baa39.json
2026-06-28 08:02:45 | INFO     | OK https://skeb.jp/api/users/noteppe_poo931
2026-06-28 08:02:45 | INFO     | Saving at a/skeb/noteppe_poo931-890f49.json
2026-06-28 08:02:45 | INFO     | OK https://skeb.jp/api/users/Jyakoten_mobile
2026-06-28 08:02:45 | INFO     | Saving at a/skeb/Jyakoten_mobile-fd06a4.json
2026-06-28 08:02:45 | INFO     | OK https://skeb.jp/api/users/ume_hoshi03
2026-06-28 08:02:45 | INFO     | Saving at a/skeb/ume_hoshi03-1e60ce.json
2026-06-28 08:02:46 | INFO     | OK https://skeb.jp/api/users/sechi_suu
2026-06-28 08:02:46 | INFO     | Saving at a/skeb/sechi_suu-9574f1.json
2026-06-28 08:02:46 | INFO     | OK https://skeb.jp/api/users/hnohanz122
2026-06-28 08:02:46 | INFO     | Saving at a/skeb/hnohanz122-2216ae.json
2026-06-28 08:02:46 | INFO     | OK https://skeb.jp/api/users/Kitunenosu_2129
2026-06-28 08:02:46 | INFO     | Saving at a/skeb/Kitunenosu_2129-f911c2.json
2026-06-28 08:02:46 | INFO     | OK https://skeb.jp/api/users/rgm89_s
2026-06-28 08:02:46 | INFO     | Saving at a/skeb/rgm89_s-1a18db.json
2026-06-28 08:02:47 | INFO     | OK https://skeb.jp/api/users/fragariacandy
2026-06-28 08:02:47 | INFO     | Saving at a/skeb/fragariacandy-45193d.json
2026-06-28 08:02:47 | INFO     | OK https://skeb.jp/api/users/sanrenkyu
2026-06-28 08:02:47 | INFO     | Saving at a/skeb/sanrenkyu-623fd1.json
2026-06-28 08:02:47 | INFO     | OK https://skeb.jp/api/users/kaiki332
2026-06-28 08:02:47 | INFO     | Saving at a/skeb/kaiki332-f0848f.json
2026-06-28 08:02:48 | INFO     | OK https://skeb.jp/api/users/AmadaYomi
2026-06-28 08:02:48 | INFO     | Saving at a/skeb/AmadaYomi-2c1562.json
2026-06-28 08:02:48 | INFO     | OK https://skeb.jp/api/users/mikikoceng2gen1
2026-06-28 08:02:48 | INFO     | Saving at a/skeb/mikikoceng2gen1-41e46d.json
2026-06-28 08:02:49 | INFO     | OK https://skeb.jp/api/users/Misuiii93
2026-06-28 08:02:49 | INFO     | Saving at a/skeb/Misuiii93-cd8f25.json
2026-06-28 08:02:49 | INFO     | OK https://skeb.jp/api/users/yoRn0yamai
2026-06-28 08:02:49 | INFO     | Saving at a/skeb/yoRn0yamai-1524d4.json
2026-06-28 08:02:49 | INFO     | OK https://skeb.jp/api/users/azusa_maxima
2026-06-28 08:02:49 | INFO     | Saving at a/skeb/azusa_maxima-5c7f93.json
2026-06-28 08:02:50 | INFO     | OK https://skeb.jp/api/users/ayutada_kemono
2026-06-28 08:02:50 | INFO     | Saving at a/skeb/ayutada_kemono-53197a.json
2026-06-28 08:02:50 | INFO     | OK https://skeb.jp/api/users/midorimugi008
2026-06-28 08:02:50 | INFO     | Saving at a/skeb/midorimugi008-d8b7e2.json
2026-06-28 08:02:50 | INFO     | OK https://skeb.jp/api/users/_nnwnoiros
2026-06-28 08:02:50 | INFO     | Saving at a/skeb/_nnwnoiros-138ac6.json
2026-06-28 08:02:51 | INFO     | OK https://skeb.jp/api/users/yuki_penta
2026-06-28 08:02:51 | INFO     | Saving at a/skeb/yuki_penta-2c9db2.json
2026-06-28 08:02:51 | INFO     | OK https://skeb.jp/api/users/mohuway
2026-06-28 08:02:51 | INFO     | Saving at a/skeb/mohuway-d2889a.json
2026-06-28 08:02:51 | INFO     | OK https://skeb.jp/api/users/Amz20200415
2026-06-28 08:02:51 | INFO     | Saving at a/skeb/Amz20200415-d240d3.json
2026-06-28 08:02:52 | INFO     | OK https://skeb.jp/api/users/2kem0_0
2026-06-28 08:02:52 | INFO     | Saving at a/skeb/2kem0_0-e6a7b8.json
2026-06-28 08:02:52 | INFO     | OK https://skeb.jp/api/users/ve_0ekaki
2026-06-28 08:02:52 | INFO     | Saving at a/skeb/ve_0ekaki-3232fd.json
2026-06-28 08:02:52 | INFO     | OK https://skeb.jp/api/users/matukituneAtto
2026-06-28 08:02:52 | INFO     | Saving at a/skeb/matukituneAtto-0c1af4.json
2026-06-28 08:02:52 | INFO     | OK https://skeb.jp/api/users/Kemosabo_Chan
2026-06-28 08:02:52 | INFO     | Saving at a/skeb/Kemosabo_Chan-ddf130.json
2026-06-28 08:02:53 | INFO     | OK https://skeb.jp/api/users/pookenine
2026-06-28 08:02:53 | INFO     | Saving at a/skeb/pookenine-f5ef07.json
2026-06-28 08:02:53 | INFO     | OK https://skeb.jp/api/users/aka_fuji_
2026-06-28 08:02:53 | INFO     | Saving at a/skeb/aka_fuji_-75949f.json
2026-06-28 08:02:54 | INFO     | OK https://skeb.jp/api/users/nukari_k
2026-06-28 08:02:54 | INFO     | Saving at a/skeb/nukari_k-68ec1b.json
2026-06-28 08:02:54 | INFO     | OK https://skeb.jp/api/users/ekaki_konkon
2026-06-28 08:02:54 | INFO     | Saving at a/skeb/ekaki_konkon-8a1d1d.json
2026-06-28 08:02:54 | INFO     | OK https://skeb.jp/api/users/wolfz2525
2026-06-28 08:02:54 | INFO     | Saving at a/skeb/wolfz2525-f4b5b2.json
2026-06-28 08:02:55 | INFO     | OK https://skeb.jp/api/users/jsyoukai
2026-06-28 08:02:55 | INFO     | Saving at a/skeb/jsyoukai-1f637f.json
2026-06-28 08:02:55 | INFO     | OK https://skeb.jp/api/users/Himo_Red
2026-06-28 08:02:55 | INFO     | Saving at a/skeb/Himo_Red-9fdc3a.json
2026-06-28 08:02:55 | INFO     | OK https://skeb.jp/api/users/Rinderoooooon
2026-06-28 08:02:55 | INFO     | Saving at a/skeb/Rinderoooooon-1a5c8d.json
2026-06-28 08:02:56 | INFO     | OK https://skeb.jp/api/users/cAno0_0
2026-06-28 08:02:56 | INFO     | Saving at a/skeb/cAno0_0-55edc9.json
2026-06-28 08:02:56 | INFO     | OK https://skeb.jp/api/users/tokitokororo
2026-06-28 08:02:56 | INFO     | Saving at a/skeb/tokitokororo-3ef082.json
2026-06-28 08:02:56 | INFO     | OK https://skeb.jp/api/users/irori_gohan
2026-06-28 08:02:56 | INFO     | Saving at a/skeb/irori_gohan-7483ea.json
2026-06-28 08:02:57 | INFO     | OK https://skeb.jp/api/users/edamameiro
2026-06-28 08:02:57 | INFO     | Saving at a/skeb/edamameiro-d84894.json
2026-06-28 08:02:57 | INFO     | OK https://skeb.jp/api/users/ngkttwmrvvg
2026-06-28 08:02:57 | INFO     | Saving at a/skeb/ngkttwmrvvg-c1d835.json
2026-06-28 08:02:57 | INFO     | OK https://skeb.jp/api/users/zn_1o25
2026-06-28 08:02:57 | INFO     | Saving at a/skeb/zn_1o25-d5cd43.json
2026-06-28 08:02:58 | INFO     | OK https://skeb.jp/api/users/mochinekodango
2026-06-28 08:02:58 | INFO     | Saving at a/skeb/mochinekodango-23ba91.json
2026-06-28 08:02:58 | INFO     | OK https://skeb.jp/api/users/pochiiro_
2026-06-28 08:02:58 | INFO     | Saving at a/skeb/pochiiro_-8abe2a.json
2026-06-28 08:02:58 | INFO     | OK https://skeb.jp/api/users/ponchi_89
2026-06-28 08:02:58 | INFO     | Saving at a/skeb/ponchi_89-f514a4.json
2026-06-28 08:02:58 | INFO     | OK https://skeb.jp/api/users/kommy_karaage
2026-06-28 08:02:58 | INFO     | Saving at a/skeb/kommy_karaage-8aea90.json
2026-06-28 08:02:59 | INFO     | OK https://skeb.jp/api/users/iuna_yo
2026-06-28 08:02:59 | INFO     | Saving at a/skeb/iuna_yo-937426.json
2026-06-28 08:02:59 | INFO     | OK https://skeb.jp/api/users/Jack10mameshiba
2026-06-28 08:02:59 | INFO     | Saving at a/skeb/Jack10mameshiba-af49cb.json
2026-06-28 08:03:00 | INFO     | OK https://skeb.jp/api/users/kuganyan
2026-06-28 08:03:00 | INFO     | Saving at a/skeb/kuganyan-ec1be7.json
2026-06-28 08:03:00 | INFO     | OK https://skeb.jp/api/users/t_r_to
2026-06-28 08:03:00 | INFO     | Saving at a/skeb/t_r_to-06b6a7.json
2026-06-28 08:03:00 | INFO     | OK https://skeb.jp/api/users/BLUEspice69
2026-06-28 08:03:00 | INFO     | Saving at a/skeb/BLUEspice69-306b4c.json
2026-06-28 08:03:01 | INFO     | OK https://skeb.jp/api/users/cdr_111
2026-06-28 08:03:01 | INFO     | Saving at a/skeb/cdr_111-4f4927.json
2026-06-28 08:03:01 | INFO     | OK https://skeb.jp/api/users/_ya_1025_
2026-06-28 08:03:01 | INFO     | Saving at a/skeb/_ya_1025_-32c77e.json
2026-06-28 08:03:01 | INFO     | OK https://skeb.jp/api/users/simn_sysy
2026-06-28 08:03:01 | INFO     | Saving at a/skeb/simn_sysy-42ace2.json
2026-06-28 08:03:02 | INFO     | OK https://skeb.jp/api/users/QuvgZNaJcNe0Fal
2026-06-28 08:03:02 | INFO     | Saving at a/skeb/QuvgZNaJcNe0Fal-6c7539.json
2026-06-28 08:03:02 | INFO     | OK https://skeb.jp/api/users/tikokuda
2026-06-28 08:03:02 | INFO     | Saving at a/skeb/tikokuda-d80215.json
2026-06-28 08:03:02 | INFO     | OK https://skeb.jp/api/users/femto
2026-06-28 08:03:02 | INFO     | Saving at a/skeb/femto-de06ed.json
2026-06-28 08:03:03 | INFO     | OK https://skeb.jp/api/users/Gisei112
2026-06-28 08:03:03 | INFO     | Saving at a/skeb/Gisei112-a20f0a.json
2026-06-28 08:03:03 | INFO     | OK https://skeb.jp/api/users/5_necoze
2026-06-28 08:03:03 | INFO     | Saving at a/skeb/5_necoze-ac9004.json
2026-06-28 08:03:03 | INFO     | OK https://skeb.jp/api/users/seikoo_caffeine
2026-06-28 08:03:03 | INFO     | Saving at a/skeb/seikoo_caffeine-7030ad.json
2026-06-28 08:03:04 | INFO     | OK https://skeb.jp/api/users/2952g_
2026-06-28 08:03:04 | INFO     | Saving at a/skeb/2952g_-193a0f.json
2026-06-28 08:03:04 | INFO     | OK https://skeb.jp/api/users/Nymph_Rhythm
2026-06-28 08:03:04 | INFO     | Saving at a/skeb/Nymph_Rhythm-fc10cb.json
2026-06-28 08:03:04 | INFO     | OK https://skeb.jp/api/users/hchi_com
2026-06-28 08:03:04 | INFO     | Saving at a/skeb/hchi_com-546483.json
2026-06-28 08:03:05 | INFO     | OK https://skeb.jp/api/users/monu_0w0
2026-06-28 08:03:05 | INFO     | Saving at a/skeb/monu_0w0-631f71.json
2026-06-28 08:03:05 | INFO     | OK https://skeb.jp/api/users/Fuyu_2320
2026-06-28 08:03:05 | INFO     | Saving at a/skeb/Fuyu_2320-d6e709.json
2026-06-28 08:03:05 | INFO     | OK https://skeb.jp/api/users/egissi_
2026-06-28 08:03:05 | INFO     | Saving at a/skeb/egissi_-eba135.json
2026-06-28 08:03:06 | INFO     | OK https://skeb.jp/api/users/gotsugotsu_san
2026-06-28 08:03:06 | INFO     | Saving at a/skeb/gotsugotsu_san-99be37.json
2026-06-28 08:03:06 | INFO     | OK https://skeb.jp/api/users/SayakaYmgm
2026-06-28 08:03:06 | INFO     | Saving at a/skeb/SayakaYmgm-3f0ba8.json
2026-06-28 08:03:06 | INFO     | OK https://skeb.jp/api/users/x_nnmen_xp
2026-06-28 08:03:06 | INFO     | Saving at a/skeb/x_nnmen_xp-cb7e8c.json
2026-06-28 08:03:07 | INFO     | OK https://skeb.jp/api/users/rmahkFFF
2026-06-28 08:03:07 | INFO     | Saving at a/skeb/rmahkFFF-0ef20d.json
2026-06-28 08:03:07 | INFO     | OK https://skeb.jp/api/users/usaneko_aihj
2026-06-28 08:03:07 | INFO     | Saving at a/skeb/usaneko_aihj-5d3919.json
2026-06-28 08:03:07 | INFO     | OK https://skeb.jp/api/users/satoshi_irasuto
2026-06-28 08:03:07 | INFO     | Saving at a/skeb/satoshi_irasuto-d0df33.json
2026-06-28 08:03:08 | INFO     | OK https://skeb.jp/api/users/kmgkisxx
2026-06-28 08:03:08 | INFO     | Saving at a/skeb/kmgkisxx-726ee8.json
2026-06-28 08:03:08 | INFO     | OK https://skeb.jp/api/users/hinadori_yua
2026-06-28 08:03:08 | INFO     | Saving at a/skeb/hinadori_yua-bdfe08.json
2026-06-28 08:03:08 | INFO     | OK https://skeb.jp/api/users/yui_mirano
2026-06-28 08:03:08 | INFO     | Saving at a/skeb/yui_mirano-1688d0.json
2026-06-28 08:03:09 | INFO     | OK https://skeb.jp/api/users/umituki
2026-06-28 08:03:09 | INFO     | Saving at a/skeb/umituki-3c125c.json
2026-06-28 08:03:09 | INFO     | OK https://skeb.jp/api/users/Curry_Tea
2026-06-28 08:03:09 | INFO     | Saving at a/skeb/Curry_Tea-466630.json
2026-06-28 08:03:09 | INFO     | OK https://skeb.jp/api/users/marebosi
2026-06-28 08:03:09 | INFO     | Saving at a/skeb/marebosi-cad9fb.json
2026-06-28 08:03:10 | INFO     | OK https://skeb.jp/api/users/uzu_mizu2
2026-06-28 08:03:10 | INFO     | Saving at a/skeb/uzu_mizu2-1dd542.json
2026-06-28 08:03:10 | INFO     | OK https://skeb.jp/api/users/Osakana_Dry
2026-06-28 08:03:10 | INFO     | Saving at a/skeb/Osakana_Dry-1effdf.json
2026-06-28 08:03:10 | INFO     | OK https://skeb.jp/api/users/cero_09051
2026-06-28 08:03:10 | INFO     | Saving at a/skeb/cero_09051-1d632d.json
2026-06-28 08:03:11 | INFO     | OK https://skeb.jp/api/users/fre_ssssss
2026-06-28 08:03:11 | INFO     | Saving at a/skeb/fre_ssssss-72a743.json
2026-06-28 08:03:11 | INFO     | OK https://skeb.jp/api/users/ytarohhhh
2026-06-28 08:03:11 | INFO     | Saving at a/skeb/ytarohhhh-addfc6.json
2026-06-28 08:03:11 | INFO     | OK https://skeb.jp/api/users/wayon514
2026-06-28 08:03:11 | INFO     | Saving at a/skeb/wayon514-efcb00.json
2026-06-28 08:03:12 | INFO     | OK https://skeb.jp/api/users/Bottle_1008
2026-06-28 08:03:12 | INFO     | Saving at a/skeb/Bottle_1008-bdd8d3.json
2026-06-28 08:03:12 | INFO     | OK https://skeb.jp/api/users/Vz_P_
2026-06-28 08:03:12 | INFO     | Saving at a/skeb/Vz_P_-9c89bf.json
2026-06-28 08:03:12 | INFO     | OK https://skeb.jp/api/users/sahagin0343
2026-06-28 08:03:12 | INFO     | Saving at a/skeb/sahagin0343-32ae2d.json
2026-06-28 08:03:12 | INFO     | OK https://skeb.jp/api/users/7p0o0o
2026-06-28 08:03:12 | INFO     | Saving at a/skeb/7p0o0o-715909.json
2026-06-28 08:03:13 | INFO     | OK https://skeb.jp/api/users/aza_nonoka
2026-06-28 08:03:13 | INFO     | Saving at a/skeb/aza_nonoka-fbd240.json
2026-06-28 08:03:13 | INFO     | OK https://skeb.jp/api/users/MM111523
2026-06-28 08:03:13 | INFO     | Saving at a/skeb/MM111523-802fa7.json
2026-06-28 08:03:13 | INFO     | OK https://skeb.jp/api/users/nnight_ssign_
2026-06-28 08:03:13 | INFO     | Saving at a/skeb/nnight_ssign_-ffa80b.json
2026-06-28 08:03:14 | INFO     | OK https://skeb.jp/api/users/kk_o626
2026-06-28 08:03:14 | INFO     | Saving at a/skeb/kk_o626-486856.json
2026-06-28 08:03:14 | INFO     | OK https://skeb.jp/api/users/krei_ss_
2026-06-28 08:03:14 | INFO     | Saving at a/skeb/krei_ss_-e120ac.json
2026-06-28 08:03:15 | INFO     | OK https://skeb.jp/api/users/s_mfp
2026-06-28 08:03:15 | INFO     | Saving at a/skeb/s_mfp-37b81d.json
2026-06-28 08:03:15 | INFO     | OK https://skeb.jp/api/users/P_T_O_
2026-06-28 08:03:15 | INFO     | Saving at a/skeb/P_T_O_-a5f9cd.json
2026-06-28 08:03:15 | INFO     | OK https://skeb.jp/api/users/5modj
2026-06-28 08:03:15 | INFO     | Saving at a/skeb/5modj-e1f417.json
2026-06-28 08:03:16 | INFO     | OK https://skeb.jp/api/users/broiler_u
2026-06-28 08:03:16 | INFO     | Saving at a/skeb/broiler_u-100311.json
2026-06-28 08:03:16 | INFO     | OK https://skeb.jp/api/users/torasaburo_36
2026-06-28 08:03:16 | INFO     | Saving at a/skeb/torasaburo_36-7a705b.json
2026-06-28 08:03:16 | INFO     | OK https://skeb.jp/api/users/2qzx12
2026-06-28 08:03:16 | INFO     | Saving at a/skeb/2qzx12-1da6bc.json
2026-06-28 08:03:17 | INFO     | OK https://skeb.jp/api/users/ajula_wachula
2026-06-28 08:03:17 | INFO     | Saving at a/skeb/ajula_wachula-4f9680.json
2026-06-28 08:03:17 | INFO     | OK https://skeb.jp/api/users/murakami_takasi
2026-06-28 08:03:17 | INFO     | Saving at a/skeb/murakami_takasi-b216d0.json
2026-06-28 08:03:17 | INFO     | OK https://skeb.jp/api/users/nyohehe924
2026-06-28 08:03:17 | INFO     | Saving at a/skeb/nyohehe924-8cd390.json
2026-06-28 08:03:17 | INFO     | OK https://skeb.jp/api/users/ibuki_amano
2026-06-28 08:03:17 | INFO     | Saving at a/skeb/ibuki_amano-53e3fc.json
2026-06-28 08:03:18 | INFO     | OK https://skeb.jp/api/users/uouodango
2026-06-28 08:03:18 | INFO     | Saving at a/skeb/uouodango-e7e6ad.json
2026-06-28 08:03:18 | INFO     | OK https://skeb.jp/api/users/error36_
2026-06-28 08:03:18 | INFO     | Saving at a/skeb/error36_-45add0.json
2026-06-28 08:03:19 | INFO     | OK https://skeb.jp/api/users/N2ycz
2026-06-28 08:03:19 | INFO     | Saving at a/skeb/N2ycz-e498a0.json
2026-06-28 08:03:19 | INFO     | OK https://skeb.jp/api/users/oeee9th
2026-06-28 08:03:19 | INFO     | Saving at a/skeb/oeee9th-719df8.json
2026-06-28 08:03:19 | INFO     | OK https://skeb.jp/api/users/UTK_sea
2026-06-28 08:03:19 | INFO     | Saving at a/skeb/UTK_sea-3d4ed9.json
2026-06-28 08:03:19 | INFO     | OK https://skeb.jp/api/users/010Sekitan
2026-06-28 08:03:19 | INFO     | Saving at a/skeb/010Sekitan-1b3107.json
2026-06-28 08:03:20 | INFO     | OK https://skeb.jp/api/users/Kaikanaaaaa
2026-06-28 08:03:20 | INFO     | Saving at a/skeb/Kaikanaaaaa-5153bd.json
2026-06-28 08:03:20 | INFO     | OK https://skeb.jp/api/users/mmmmmow__
2026-06-28 08:03:20 | INFO     | Saving at a/skeb/mmmmmow__-5ca183.json
2026-06-28 08:03:21 | INFO     | OK https://skeb.jp/api/users/yuuno2010
2026-06-28 08:03:21 | INFO     | Saving at a/skeb/yuuno2010-25c705.json
2026-06-28 08:03:21 | INFO     | OK https://skeb.jp/api/users/oss1102
2026-06-28 08:03:21 | INFO     | Saving at a/skeb/oss1102-a0aaf5.json
2026-06-28 08:03:21 | INFO     | OK https://skeb.jp/api/users/ttt__g_m
2026-06-28 08:03:21 | INFO     | Saving at a/skeb/ttt__g_m-2491c8.json
2026-06-28 08:03:22 | INFO     | OK https://skeb.jp/api/users/_petaro7
2026-06-28 08:03:22 | INFO     | Saving at a/skeb/_petaro7-8ec702.json
2026-06-28 08:03:22 | INFO     | OK https://skeb.jp/api/users/dairi155
2026-06-28 08:03:22 | INFO     | Saving at a/skeb/dairi155-098ec5.json
2026-06-28 08:03:22 | INFO     | OK https://skeb.jp/api/users/subnoei
2026-06-28 08:03:22 | INFO     | Saving at a/skeb/subnoei-9abcd5.json
2026-06-28 08:03:23 | INFO     | OK https://skeb.jp/api/users/nat_latework
2026-06-28 08:03:23 | INFO     | Saving at a/skeb/nat_latework-e13777.json
2026-06-28 08:03:23 | INFO     | OK https://skeb.jp/api/users/kasuteraya_nyan
2026-06-28 08:03:23 | INFO     | Saving at a/skeb/kasuteraya_nyan-823cbd.json
2026-06-28 08:03:23 | INFO     | OK https://skeb.jp/api/users/wix3cos
2026-06-28 08:03:23 | INFO     | Saving at a/skeb/wix3cos-50d5c3.json
2026-06-28 08:03:23 | INFO     | OK https://skeb.jp/api/users/5u1r1_L1lium
2026-06-28 08:03:23 | INFO     | Saving at a/skeb/5u1r1_L1lium-f20d19.json
2026-06-28 08:03:24 | INFO     | OK https://skeb.jp/api/users/mutsumomo_5
2026-06-28 08:03:24 | INFO     | Saving at a/skeb/mutsumomo_5-424bde.json
2026-06-28 08:03:24 | INFO     | OK https://skeb.jp/api/users/love_alive0405
2026-06-28 08:03:24 | INFO     | Saving at a/skeb/love_alive0405-96eb9a.json
2026-06-28 08:03:25 | INFO     | OK https://skeb.jp/api/users/door_error
2026-06-28 08:03:25 | INFO     | Saving at a/skeb/door_error-2bf2b7.json
2026-06-28 08:03:25 | INFO     | OK https://skeb.jp/api/users/mitorizu_02
2026-06-28 08:03:25 | INFO     | Saving at a/skeb/mitorizu_02-a3b09c.json
2026-06-28 08:03:25 | INFO     | OK https://skeb.jp/api/users/tomatomawk
2026-06-28 08:03:25 | INFO     | Saving at a/skeb/tomatomawk-6e505f.json
2026-06-28 08:03:25 | INFO     | OK https://skeb.jp/api/users/Misamisa9_
2026-06-28 08:03:25 | INFO     | Saving at a/skeb/Misamisa9_-139d54.json
2026-06-28 08:03:26 | INFO     | OK https://skeb.jp/api/users/Khaki_leaf
2026-06-28 08:03:26 | INFO     | Saving at a/skeb/Khaki_leaf-d3e2c0.json
2026-06-28 08:03:26 | INFO     | OK https://skeb.jp/api/users/lloyua
2026-06-28 08:03:26 | INFO     | Saving at a/skeb/lloyua-5fd922.json
2026-06-28 08:03:27 | INFO     | OK https://skeb.jp/api/users/girugame1990
2026-06-28 08:03:27 | INFO     | Saving at a/skeb/girugame1990-a9b1b9.json
2026-06-28 08:03:27 | INFO     | OK https://skeb.jp/api/users/Inu_Karma
2026-06-28 08:03:27 | INFO     | Saving at a/skeb/Inu_Karma-b5c50c.json
2026-06-28 08:03:27 | INFO     | OK https://skeb.jp/api/users/Yumetaro1011
2026-06-28 08:03:27 | INFO     | Saving at a/skeb/Yumetaro1011-46aad3.json
2026-06-28 08:03:27 | INFO     | OK https://skeb.jp/api/users/ksksks_19
2026-06-28 08:03:27 | INFO     | Saving at a/skeb/ksksks_19-902215.json
2026-06-28 08:03:28 | INFO     | OK https://skeb.jp/api/users/uyu_milk_01
2026-06-28 08:03:28 | INFO     | Saving at a/skeb/uyu_milk_01-65ec0c.json
2026-06-28 08:03:28 | INFO     | OK https://skeb.jp/api/users/x11df3
2026-06-28 08:03:28 | INFO     | Saving at a/skeb/x11df3-0104f1.json
2026-06-28 08:03:29 | INFO     | OK https://skeb.jp/api/users/Shisui0530
2026-06-28 08:03:29 | INFO     | Saving at a/skeb/Shisui0530-f27b06.json
2026-06-28 08:03:29 | INFO     | OK https://skeb.jp/api/users/0xbd9n
2026-06-28 08:03:29 | INFO     | Saving at a/skeb/0xbd9n-602f47.json
2026-06-28 08:03:29 | INFO     | OK https://skeb.jp/api/users/AOBAkinka
2026-06-28 08:03:29 | INFO     | Saving at a/skeb/AOBAkinka-50770a.json
2026-06-28 08:03:30 | INFO     | OK https://skeb.jp/api/users/KumakoToy
2026-06-28 08:03:30 | INFO     | Saving at a/skeb/KumakoToy-e6f5d1.json
2026-06-28 08:03:30 | INFO     | OK https://skeb.jp/api/users/9ataa__
2026-06-28 08:03:30 | INFO     | Saving at a/skeb/9ataa__-c034c6.json
2026-06-28 08:03:30 | INFO     | OK https://skeb.jp/api/users/sagiriwing
2026-06-28 08:03:30 | INFO     | Saving at a/skeb/sagiriwing-eb3246.json
2026-06-28 08:03:31 | INFO     | OK https://skeb.jp/api/users/AkiyamaSheep
2026-06-28 08:03:31 | INFO     | Saving at a/skeb/AkiyamaSheep-2556a6.json
2026-06-28 08:03:31 | INFO     | OK https://skeb.jp/api/users/Haruno_riku_
2026-06-28 08:03:31 | INFO     | Saving at a/skeb/Haruno_riku_-fa9163.json
2026-06-28 08:03:31 | INFO     | OK https://skeb.jp/api/users/sjm_akino
2026-06-28 08:03:31 | INFO     | Saving at a/skeb/sjm_akino-d7ade7.json
2026-06-28 08:03:32 | INFO     | OK https://skeb.jp/api/users/ArashiyamaSix
2026-06-28 08:03:32 | INFO     | Saving at a/skeb/ArashiyamaSix-f8c841.json
2026-06-28 08:03:32 | INFO     | OK https://skeb.jp/api/users/Djurian_yade
2026-06-28 08:03:32 | INFO     | Saving at a/skeb/Djurian_yade-6d9613.json
2026-06-28 08:03:32 | INFO     | OK https://skeb.jp/api/users/OSqt6
2026-06-28 08:03:32 | INFO     | Saving at a/skeb/OSqt6-477d1c.json
2026-06-28 08:03:33 | INFO     | OK https://skeb.jp/api/users/siinaP_game
2026-06-28 08:03:33 | INFO     | Saving at a/skeb/siinaP_game-77456e.json
2026-06-28 08:03:33 | INFO     | OK https://skeb.jp/api/users/kuranekuramu06
2026-06-28 08:03:33 | INFO     | Saving at a/skeb/kuranekuramu06-d29067.json
2026-06-28 08:03:33 | INFO     | OK https://skeb.jp/api/users/osusi_mo_sukii
2026-06-28 08:03:33 | INFO     | Saving at a/skeb/osusi_mo_sukii-2f92f0.json
2026-06-28 08:03:34 | INFO     | OK https://skeb.jp/api/users/my38_tr
2026-06-28 08:03:34 | INFO     | Saving at a/skeb/my38_tr-263d90.json
2026-06-28 08:03:34 | INFO     | OK https://skeb.jp/api/users/gg_prm
2026-06-28 08:03:34 | INFO     | Saving at a/skeb/gg_prm-a1f3bd.json
2026-06-28 08:03:34 | INFO     | OK https://skeb.jp/api/users/mm_trpg_mm
2026-06-28 08:03:34 | INFO     | Saving at a/skeb/mm_trpg_mm-130a09.json
2026-06-28 08:03:35 | INFO     | OK https://skeb.jp/api/users/budou_913
2026-06-28 08:03:35 | INFO     | Saving at a/skeb/budou_913-465dd5.json
2026-06-28 08:03:35 | INFO     | OK https://skeb.jp/api/users/k1nketz
2026-06-28 08:03:35 | INFO     | Saving at a/skeb/k1nketz-53019d.json
2026-06-28 08:03:35 | INFO     | OK https://skeb.jp/api/users/w178
2026-06-28 08:03:35 | INFO     | Saving at a/skeb/w178-6049c8.json
2026-06-28 08:03:36 | INFO     | OK https://skeb.jp/api/users/ashikosiyowasi
2026-06-28 08:03:36 | INFO     | Saving at a/skeb/ashikosiyowasi-e6a052.json
2026-06-28 08:03:36 | INFO     | OK https://skeb.jp/api/users/hosikuzukizuna
2026-06-28 08:03:36 | INFO     | Saving at a/skeb/hosikuzukizuna-2461f5.json
2026-06-28 08:03:37 | INFO     | OK https://skeb.jp/api/users/mhn__aaa
2026-06-28 08:03:37 | INFO     | Saving at a/skeb/mhn__aaa-82c8be.json
2026-06-28 08:03:37 | INFO     | OK https://skeb.jp/api/users/fusumanonimono
2026-06-28 08:03:37 | INFO     | Saving at a/skeb/fusumanonimono-4aa5eb.json
2026-06-28 08:03:37 | INFO     | OK https://skeb.jp/api/users/BluekiDis
2026-06-28 08:03:37 | INFO     | Saving at a/skeb/BluekiDis-0d92bb.json
2026-06-28 08:03:37 | INFO     | OK https://skeb.jp/api/users/74_002
2026-06-28 08:03:37 | INFO     | Saving at a/skeb/74_002-dd7fe4.json
2026-06-28 08:03:38 | INFO     | OK https://skeb.jp/api/users/ponkotsu_pencil
2026-06-28 08:03:38 | INFO     | Saving at a/skeb/ponkotsu_pencil-d29a89.json
2026-06-28 08:03:38 | INFO     | OK https://skeb.jp/api/users/m_w_cat
2026-06-28 08:03:38 | INFO     | Saving at a/skeb/m_w_cat-c126f9.json
2026-06-28 08:03:38 | INFO     | OK https://skeb.jp/api/users/mimofeb
2026-06-28 08:03:38 | INFO     | Saving at a/skeb/mimofeb-0f9de4.json
2026-06-28 08:03:39 | INFO     | OK https://skeb.jp/api/users/raito_paint
2026-06-28 08:03:39 | INFO     | Saving at a/skeb/raito_paint-bf5766.json
2026-06-28 08:03:39 | INFO     | OK https://skeb.jp/api/users/ponSco_105
2026-06-28 08:03:39 | INFO     | Saving at a/skeb/ponSco_105-de594f.json
2026-06-28 08:03:39 | INFO     | OK https://skeb.jp/api/users/tori_nankotsu96
2026-06-28 08:03:39 | INFO     | Saving at a/skeb/tori_nankotsu96-affdeb.json
2026-06-28 08:03:40 | INFO     | OK https://skeb.jp/api/users/sutunununu
2026-06-28 08:03:40 | INFO     | Saving at a/skeb/sutunununu-e452eb.json
2026-06-28 08:03:40 | INFO     | OK https://skeb.jp/api/users/paru_rari
2026-06-28 08:03:40 | INFO     | Saving at a/skeb/paru_rari-58d3cc.json
2026-06-28 08:03:40 | INFO     | OK https://skeb.jp/api/users/Kiiko_clip
2026-06-28 08:03:40 | INFO     | Saving at a/skeb/Kiiko_clip-0277be.json
2026-06-28 08:03:41 | INFO     | OK https://skeb.jp/api/users/Tilyx1
2026-06-28 08:03:41 | INFO     | Saving at a/skeb/Tilyx1-c18d04.json
2026-06-28 08:03:41 | INFO     | OK https://skeb.jp/api/users/kaitenta1
2026-06-28 08:03:41 | INFO     | Saving at a/skeb/kaitenta1-3d6547.json
2026-06-28 08:03:41 | INFO     | OK https://skeb.jp/api/users/chanoria
2026-06-28 08:03:41 | INFO     | Saving at a/skeb/chanoria-cc66c9.json
2026-06-28 08:03:42 | INFO     | OK https://skeb.jp/api/users/white_tetorapo
2026-06-28 08:03:42 | INFO     | Saving at a/skeb/white_tetorapo-22a9ae.json
2026-06-28 08:03:42 | INFO     | OK https://skeb.jp/api/users/tarakooisiyo
2026-06-28 08:03:42 | INFO     | Saving at a/skeb/tarakooisiyo-35b706.json
2026-06-28 08:03:42 | INFO     | OK https://skeb.jp/api/users/KEiki8296
2026-06-28 08:03:42 | INFO     | Saving at a/skeb/KEiki8296-fb2970.json
2026-06-28 08:03:43 | INFO     | OK https://skeb.jp/api/users/noiros1d
2026-06-28 08:03:43 | INFO     | Saving at a/skeb/noiros1d-aa7cd6.json
2026-06-28 08:03:43 | INFO     | OK https://skeb.jp/api/users/nonomuramura_yy
2026-06-28 08:03:43 | INFO     | Saving at a/skeb/nonomuramura_yy-3fa085.json
2026-06-28 08:03:43 | INFO     | OK https://skeb.jp/api/users/4kishiki
2026-06-28 08:03:43 | INFO     | Saving at a/skeb/4kishiki-153c75.json
2026-06-28 08:03:44 | INFO     | OK https://skeb.jp/api/users/pandatype
2026-06-28 08:03:44 | INFO     | Saving at a/skeb/pandatype-8f32f0.json
2026-06-28 08:03:44 | INFO     | OK https://skeb.jp/api/users/kphp28
2026-06-28 08:03:44 | INFO     | Saving at a/skeb/kphp28-0bebd7.json
2026-06-28 08:03:44 | INFO     | OK https://skeb.jp/api/users/amaaaaaaa__sk
2026-06-28 08:03:44 | INFO     | Saving at a/skeb/amaaaaaaa__sk-3ec26d.json
2026-06-28 08:03:45 | INFO     | OK https://skeb.jp/api/users/Qier0n
2026-06-28 08:03:45 | INFO     | Saving at a/skeb/Qier0n-fe2c78.json
2026-06-28 08:03:45 | INFO     | OK https://skeb.jp/api/users/oppogatoreta
2026-06-28 08:03:45 | INFO     | Saving at a/skeb/oppogatoreta-aeb1d4.json
2026-06-28 08:03:45 | INFO     | OK https://skeb.jp/api/users/abbgd22
2026-06-28 08:03:45 | INFO     | Saving at a/skeb/abbgd22-edf390.json
2026-06-28 08:03:46 | INFO     | OK https://skeb.jp/api/users/ippai_ippai
2026-06-28 08:03:46 | INFO     | Saving at a/skeb/ippai_ippai-f62f7e.json
2026-06-28 08:03:46 | INFO     | OK https://skeb.jp/api/users/Zinann1919
2026-06-28 08:03:46 | INFO     | Saving at a/skeb/Zinann1919-339a3b.json
2026-06-28 08:03:46 | INFO     | OK https://skeb.jp/api/users/9Oyv8wC01j
2026-06-28 08:03:46 | INFO     | Saving at a/skeb/9Oyv8wC01j-93f492.json
2026-06-28 08:03:46 | INFO     | OK https://skeb.jp/api/users/stellalafell
2026-06-28 08:03:46 | INFO     | Saving at a/skeb/stellalafell-0aa0c3.json
2026-06-28 08:03:47 | INFO     | OK https://skeb.jp/api/users/ON28797
2026-06-28 08:03:47 | INFO     | Saving at a/skeb/ON28797-635fac.json
2026-06-28 08:03:47 | INFO     | OK https://skeb.jp/api/users/asatsuki_asagi
2026-06-28 08:03:47 | INFO     | Saving at a/skeb/asatsuki_asagi-0d7ba4.json
2026-06-28 08:03:47 | INFO     | OK https://skeb.jp/api/users/r_ingo
2026-06-28 08:03:47 | INFO     | Saving at a/skeb/r_ingo-e855e0.json
2026-06-28 08:03:48 | INFO     | OK https://skeb.jp/api/users/gyumei_shippou
2026-06-28 08:03:48 | INFO     | Saving at a/skeb/gyumei_shippou-78853a.json
2026-06-28 08:03:48 | INFO     | OK https://skeb.jp/api/users/gtmoonfm
2026-06-28 08:03:48 | INFO     | Saving at a/skeb/gtmoonfm-dbd4c5.json
2026-06-28 08:03:49 | INFO     | OK https://skeb.jp/api/users/tokage_ya
2026-06-28 08:03:49 | INFO     | Saving at a/skeb/tokage_ya-fed4ef.json
2026-06-28 08:03:49 | INFO     | OK https://skeb.jp/api/users/foliumn
2026-06-28 08:03:49 | INFO     | Saving at a/skeb/foliumn-767e36.json
2026-06-28 08:03:49 | INFO     | OK https://skeb.jp/api/users/shiromaru_tm
2026-06-28 08:03:49 | INFO     | Saving at a/skeb/shiromaru_tm-afcd5e.json
2026-06-28 08:03:50 | INFO     | OK https://skeb.jp/api/users/nmsg_kz
2026-06-28 08:03:50 | INFO     | Saving at a/skeb/nmsg_kz-54d4e6.json
2026-06-28 08:03:50 | INFO     | OK https://skeb.jp/api/users/hiipopo
2026-06-28 08:03:50 | INFO     | Saving at a/skeb/hiipopo-454524.json
2026-06-28 08:03:50 | INFO     | OK https://skeb.jp/api/users/nogamitch3
2026-06-28 08:03:50 | INFO     | Saving at a/skeb/nogamitch3-3bab09.json
2026-06-28 08:03:51 | INFO     | OK https://skeb.jp/api/users/Bet3lgeus
2026-06-28 08:03:51 | INFO     | Saving at a/skeb/Bet3lgeus-750265.json
2026-06-28 08:03:51 | INFO     | OK https://skeb.jp/api/users/asb_oc
2026-06-28 08:03:51 | INFO     | Saving at a/skeb/asb_oc-772fd8.json
2026-06-28 08:03:51 | INFO     | OK https://skeb.jp/api/users/KarumeYak1
2026-06-28 08:03:51 | INFO     | Saving at a/skeb/KarumeYak1-31878e.json
2026-06-28 08:03:51 | INFO     | OK https://skeb.jp/api/users/reivunn
2026-06-28 08:03:51 | INFO     | Saving at a/skeb/reivunn-876fc7.json
2026-06-28 08:03:52 | INFO     | OK https://skeb.jp/api/users/hi_dayo2525
2026-06-28 08:03:52 | INFO     | Saving at a/skeb/hi_dayo2525-840a32.json
2026-06-28 08:03:52 | INFO     | OK https://skeb.jp/api/users/supe_riv
2026-06-28 08:03:52 | INFO     | Saving at a/skeb/supe_riv-a5586c.json
2026-06-28 08:03:53 | INFO     | OK https://skeb.jp/api/users/guchamoko
2026-06-28 08:03:53 | INFO     | Saving at a/skeb/guchamoko-f91c7b.json
2026-06-28 08:03:53 | INFO     | OK https://skeb.jp/api/users/acfa_fragment
2026-06-28 08:03:53 | INFO     | Saving at a/skeb/acfa_fragment-adc133.json
2026-06-28 08:03:53 | INFO     | OK https://skeb.jp/api/users/tabeyu_
2026-06-28 08:03:53 | INFO     | Saving at a/skeb/tabeyu_-e3540f.json
2026-06-28 08:03:53 | INFO     | OK https://skeb.jp/api/users/Okome_maru_
2026-06-28 08:03:53 | INFO     | Saving at a/skeb/Okome_maru_-da3c75.json
2026-06-28 08:03:54 | INFO     | OK https://skeb.jp/api/users/_U_r_N_
2026-06-28 08:03:54 | INFO     | Saving at a/skeb/_U_r_N_-f837a7.json
2026-06-28 08:03:54 | INFO     | OK https://skeb.jp/api/users/en_ryku
2026-06-28 08:03:54 | INFO     | Saving at a/skeb/en_ryku-9770bb.json
2026-06-28 08:03:55 | INFO     | OK https://skeb.jp/api/users/genesis1556
2026-06-28 08:03:55 | INFO     | Saving at a/skeb/genesis1556-353fe8.json
2026-06-28 08:03:55 | INFO     | OK https://skeb.jp/api/users/mashiroka
2026-06-28 08:03:55 | INFO     | Saving at a/skeb/mashiroka-16441d.json
2026-06-28 08:03:55 | INFO     | OK https://skeb.jp/api/users/3594hekisui
2026-06-28 08:03:55 | INFO     | Saving at a/skeb/3594hekisui-d179ca.json
2026-06-28 08:03:56 | INFO     | OK https://skeb.jp/api/users/hirari100
2026-06-28 08:03:56 | INFO     | Saving at a/skeb/hirari100-34d071.json
2026-06-28 08:03:56 | INFO     | OK https://skeb.jp/api/users/O_sakiAka
2026-06-28 08:03:56 | INFO     | Saving at a/skeb/O_sakiAka-d529df.json
2026-06-28 08:03:56 | INFO     | OK https://skeb.jp/api/users/Rinon0213_2
2026-06-28 08:03:56 | INFO     | Saving at a/skeb/Rinon0213_2-528fc5.json
2026-06-28 08:03:57 | INFO     | OK https://skeb.jp/api/users/lynx_shrike
2026-06-28 08:03:57 | INFO     | Saving at a/skeb/lynx_shrike-d61535.json
2026-06-28 08:03:57 | INFO     | OK https://skeb.jp/api/users/inuno38
2026-06-28 08:03:57 | INFO     | Saving at a/skeb/inuno38-ae1a55.json
2026-06-28 08:03:57 | INFO     | OK https://skeb.jp/api/users/gaganbo
2026-06-28 08:03:57 | INFO     | Saving at a/skeb/gaganbo-c93f4e.json
2026-06-28 08:03:58 | INFO     | OK https://skeb.jp/api/users/miroku_mosman
2026-06-28 08:03:58 | INFO     | Saving at a/skeb/miroku_mosman-0a25b4.json
2026-06-28 08:03:58 | INFO     | OK https://skeb.jp/api/users/HtoroB
2026-06-28 08:03:58 | INFO     | Saving at a/skeb/HtoroB-b3527c.json
2026-06-28 08:03:58 | INFO     | OK https://skeb.jp/api/users/buriburiunchipa
2026-06-28 08:03:58 | INFO     | Saving at a/skeb/buriburiunchipa-eff3d4.json
2026-06-28 08:03:58 | INFO     | OK https://skeb.jp/api/users/cdoytz
2026-06-28 08:03:58 | INFO     | Saving at a/skeb/cdoytz-8a3b57.json
2026-06-28 08:03:59 | INFO     | OK https://skeb.jp/api/users/cooinu
2026-06-28 08:03:59 | INFO     | Saving at a/skeb/cooinu-66e7f9.json
2026-06-28 08:03:59 | INFO     | OK https://skeb.jp/api/users/seseragi_kai123
2026-06-28 08:03:59 | INFO     | Saving at a/skeb/seseragi_kai123-0382c3.json
2026-06-28 08:04:00 | INFO     | OK https://skeb.jp/api/users/macop
2026-06-28 08:04:00 | INFO     | Saving at a/skeb/macop-82020b.json
2026-06-28 08:04:00 | INFO     | OK https://skeb.jp/api/users/binelu01
2026-06-28 08:04:00 | INFO     | Saving at a/skeb/binelu01-711841.json
2026-06-28 08:04:00 | INFO     | OK https://skeb.jp/api/users/yawarakakotton
2026-06-28 08:04:00 | INFO     | Saving at a/skeb/yawarakakotton-6ac719.json
2026-06-28 08:04:01 | INFO     | OK https://skeb.jp/api/users/chigiri_star
2026-06-28 08:04:01 | INFO     | Saving at a/skeb/chigiri_star-612c22.json
2026-06-28 08:04:01 | INFO     | OK https://skeb.jp/api/users/illustutti
2026-06-28 08:04:01 | INFO     | Saving at a/skeb/illustutti-8f1c4d.json
2026-06-28 08:04:01 | INFO     | OK https://skeb.jp/api/users/l_o_a_f_
2026-06-28 08:04:01 | INFO     | Saving at a/skeb/l_o_a_f_-0f31f2.json
2026-06-28 08:04:02 | INFO     | OK https://skeb.jp/api/users/sakuraxx0905
2026-06-28 08:04:02 | INFO     | Saving at a/skeb/sakuraxx0905-59cd49.json
2026-06-28 08:04:02 | INFO     | OK https://skeb.jp/api/users/1016_ayan
2026-06-28 08:04:02 | INFO     | Saving at a/skeb/1016_ayan-b0cab6.json
2026-06-28 08:04:02 | INFO     | OK https://skeb.jp/api/users/poya_d
2026-06-28 08:04:02 | INFO     | Saving at a/skeb/poya_d-8d6e03.json
2026-06-28 08:04:02 | INFO     | OK https://skeb.jp/api/users/68ta_2
2026-06-28 08:04:02 | INFO     | Saving at a/skeb/68ta_2-4d79a5.json
2026-06-28 08:04:03 | INFO     | OK https://skeb.jp/api/users/rensyu_cho_
2026-06-28 08:04:03 | INFO     | Saving at a/skeb/rensyu_cho_-9fbecb.json
2026-06-28 08:04:03 | INFO     | OK https://skeb.jp/api/users/ifu1077034
2026-06-28 08:04:03 | INFO     | Saving at a/skeb/ifu1077034-a73b12.json
2026-06-28 08:04:04 | INFO     | OK https://skeb.jp/api/users/kimikag_
2026-06-28 08:04:04 | INFO     | Saving at a/skeb/kimikag_-dab11b.json
2026-06-28 08:04:04 | INFO     | OK https://skeb.jp/api/users/Fumiya2600az
2026-06-28 08:04:04 | INFO     | Saving at a/skeb/Fumiya2600az-ac88a7.json
2026-06-28 08:04:04 | INFO     | OK https://skeb.jp/api/users/kari82_trpg
2026-06-28 08:04:04 | INFO     | Saving at a/skeb/kari82_trpg-20de32.json
2026-06-28 08:04:04 | INFO     | OK https://skeb.jp/api/users/nmnmi06
2026-06-28 08:04:04 | INFO     | Saving at a/skeb/nmnmi06-0870a4.json
2026-06-28 08:04:05 | INFO     | OK https://skeb.jp/api/users/shifo_514
2026-06-28 08:04:05 | INFO     | Saving at a/skeb/shifo_514-4f9b8a.json
2026-06-28 08:04:05 | INFO     | OK https://skeb.jp/api/users/i_m_maruwi
2026-06-28 08:04:05 | INFO     | Saving at a/skeb/i_m_maruwi-3c8d66.json
2026-06-28 08:04:06 | INFO     | OK https://skeb.jp/api/users/dodotsuki
2026-06-28 08:04:06 | INFO     | Saving at a/skeb/dodotsuki-068306.json
2026-06-28 08:04:06 | INFO     | OK https://skeb.jp/api/users/akino_urara
2026-06-28 08:04:06 | INFO     | Saving at a/skeb/akino_urara-7f29b7.json
2026-06-28 08:04:06 | INFO     | OK https://skeb.jp/api/users/maya4or
2026-06-28 08:04:06 | INFO     | Saving at a/skeb/maya4or-7dba64.json
2026-06-28 08:04:07 | INFO     | OK https://skeb.jp/api/users/hyogaryunagi2
2026-06-28 08:04:07 | INFO     | Saving at a/skeb/hyogaryunagi2-101e98.json
2026-06-28 08:04:07 | INFO     | OK https://skeb.jp/api/users/geoxrugu
2026-06-28 08:04:07 | INFO     | Saving at a/skeb/geoxrugu-2fb13d.json
2026-06-28 08:04:08 | INFO     | OK https://skeb.jp/api/users/9himawaridesu
2026-06-28 08:04:08 | INFO     | Saving at a/skeb/9himawaridesu-8ccc0d.json
2026-06-28 08:04:08 | INFO     | OK https://skeb.jp/api/users/000000yoko
2026-06-28 08:04:08 | INFO     | Saving at a/skeb/000000yoko-7c4f49.json
2026-06-28 08:04:08 | INFO     | OK https://skeb.jp/api/users/Tkugane353
2026-06-28 08:04:08 | INFO     | Saving at a/skeb/Tkugane353-d4c3dd.json
2026-06-28 08:04:08 | INFO     | OK https://skeb.jp/api/users/fDw27Jobj6
2026-06-28 08:04:08 | INFO     | Saving at a/skeb/fDw27Jobj6-3a75e1.json
2026-06-28 08:04:09 | INFO     | OK https://skeb.jp/api/users/fura3__
2026-06-28 08:04:09 | INFO     | Saving at a/skeb/fura3__-c8aa48.json
2026-06-28 08:04:09 | INFO     | OK https://skeb.jp/api/users/cheesemgmg7
2026-06-28 08:04:09 | INFO     | Saving at a/skeb/cheesemgmg7-704402.json
2026-06-28 08:04:09 | INFO     | OK https://skeb.jp/api/users/hidu320
2026-06-28 08:04:09 | INFO     | Saving at a/skeb/hidu320-12a331.json
2026-06-28 08:04:10 | INFO     | OK https://skeb.jp/api/users/Yu_yake5yaKe
2026-06-28 08:04:10 | INFO     | Saving at a/skeb/Yu_yake5yaKe-fb130f.json
2026-06-28 08:04:10 | INFO     | OK https://skeb.jp/api/users/subaru_akino
2026-06-28 08:04:10 | INFO     | Saving at a/skeb/subaru_akino-812b21.json
2026-06-28 08:04:10 | INFO     | OK https://skeb.jp/api/users/sii_ponzu
2026-06-28 08:04:10 | INFO     | Saving at a/skeb/sii_ponzu-42f527.json
2026-06-28 08:04:10 | INFO     | OK https://skeb.jp/api/users/OKkobc
2026-06-28 08:04:10 | INFO     | Saving at a/skeb/OKkobc-f36e0f.json
2026-06-28 08:04:11 | INFO     | OK https://skeb.jp/api/users/0_5zero
2026-06-28 08:04:11 | INFO     | Saving at a/skeb/0_5zero-f7c391.json
2026-06-28 08:04:11 | INFO     | OK https://skeb.jp/api/users/MomoSeaYuri
2026-06-28 08:04:11 | INFO     | Saving at a/skeb/MomoSeaYuri-6ef59b.json
2026-06-28 08:04:12 | INFO     | OK https://skeb.jp/api/users/libertasgenesis
2026-06-28 08:04:12 | INFO     | Saving at a/skeb/libertasgenesis-ef7f8a.json
2026-06-28 08:04:12 | INFO     | OK https://skeb.jp/api/users/tirofinire
2026-06-28 08:04:12 | INFO     | Saving at a/skeb/tirofinire-940b8b.json
2026-06-28 08:04:12 | INFO     | OK https://skeb.jp/api/users/fcato
2026-06-28 08:04:12 | INFO     | Saving at a/skeb/fcato-82de7e.json
2026-06-28 08:04:13 | INFO     | OK https://skeb.jp/api/users/oftoninyamane
2026-06-28 08:04:13 | INFO     | Saving at a/skeb/oftoninyamane-eac1a9.json
2026-06-28 08:04:13 | INFO     | OK https://skeb.jp/api/users/C_laps_
2026-06-28 08:04:13 | INFO     | Saving at a/skeb/C_laps_-a83f3b.json
2026-06-28 08:04:13 | INFO     | OK https://skeb.jp/api/users/mar_R_o
2026-06-28 08:04:13 | INFO     | Saving at a/skeb/mar_R_o-e2123c.json
2026-06-28 08:04:14 | INFO     | OK https://skeb.jp/api/users/inupen_01
2026-06-28 08:04:14 | INFO     | Saving at a/skeb/inupen_01-e670d9.json
2026-06-28 08:04:14 | INFO     | OK https://skeb.jp/api/users/754_0711
2026-06-28 08:04:14 | INFO     | Saving at a/skeb/754_0711-9ed947.json
2026-06-28 08:04:14 | INFO     | OK https://skeb.jp/api/users/tomi8tky
2026-06-28 08:04:14 | INFO     | Saving at a/skeb/tomi8tky-322d98.json
2026-06-28 08:04:15 | INFO     | OK https://skeb.jp/api/users/inuwoartwork
2026-06-28 08:04:15 | INFO     | Saving at a/skeb/inuwoartwork-dbf3ac.json
2026-06-28 08:04:15 | INFO     | OK https://skeb.jp/api/users/rnsesernnuma
2026-06-28 08:04:15 | INFO     | Saving at a/skeb/rnsesernnuma-bf756f.json
2026-06-28 08:04:16 | INFO     | OK https://skeb.jp/api/users/s_chiyomaru
2026-06-28 08:04:16 | INFO     | Saving at a/skeb/s_chiyomaru-930f82.json
2026-06-28 08:04:16 | INFO     | OK https://skeb.jp/api/users/Ultramarine430
2026-06-28 08:04:16 | INFO     | Saving at a/skeb/Ultramarine430-8450d7.json
2026-06-28 08:04:16 | INFO     | OK https://skeb.jp/api/users/maple926
2026-06-28 08:04:16 | INFO     | Saving at a/skeb/maple926-843b46.json
2026-06-28 08:04:16 | INFO     | OK https://skeb.jp/api/users/4riON8VL3dfwToh
2026-06-28 08:04:16 | INFO     | Saving at a/skeb/4riON8VL3dfwToh-36e619.json
2026-06-28 08:04:17 | INFO     | OK https://skeb.jp/api/users/chfy_ibk
2026-06-28 08:04:17 | INFO     | Saving at a/skeb/chfy_ibk-5c52cd.json
2026-06-28 08:04:17 | INFO     | OK https://skeb.jp/api/users/Yama0_cat
2026-06-28 08:04:17 | INFO     | Saving at a/skeb/Yama0_cat-d89c3a.json
2026-06-28 08:04:17 | INFO     | OK https://skeb.jp/api/users/nidore
2026-06-28 08:04:17 | INFO     | Saving at a/skeb/nidore-195f7e.json
2026-06-28 08:04:17 | INFO     | OK https://skeb.jp/api/users/tamago1df
2026-06-28 08:04:17 | INFO     | Saving at a/skeb/tamago1df-714d35.json
2026-06-28 08:04:18 | INFO     | OK https://skeb.jp/api/users/delay_pota
2026-06-28 08:04:18 | INFO     | Saving at a/skeb/delay_pota-7740b0.json
2026-06-28 08:04:18 | INFO     | OK https://skeb.jp/api/users/ResetLife2022
2026-06-28 08:04:18 | INFO     | Saving at a/skeb/ResetLife2022-9ddca4.json
2026-06-28 08:04:19 | INFO     | OK https://skeb.jp/api/users/Ca_sime
2026-06-28 08:04:19 | INFO     | Saving at a/skeb/Ca_sime-5d0e42.json
2026-06-28 08:04:19 | INFO     | OK https://skeb.jp/api/users/kozzyTAn
2026-06-28 08:04:19 | INFO     | Saving at a/skeb/kozzyTAn-f04d81.json
2026-06-28 08:04:20 | INFO     | OK https://skeb.jp/api/users/snowpowder198
2026-06-28 08:04:20 | INFO     | Saving at a/skeb/snowpowder198-cfb46e.json
2026-06-28 08:04:20 | INFO     | OK https://skeb.jp/api/users/tenonom
2026-06-28 08:04:20 | INFO     | Saving at a/skeb/tenonom-2e8e47.json
2026-06-28 08:04:20 | INFO     | OK https://skeb.jp/api/users/nao014o
2026-06-28 08:04:20 | INFO     | Saving at a/skeb/nao014o-f179cb.json
2026-06-28 08:04:20 | INFO     | OK https://skeb.jp/api/users/zokucyoo
2026-06-28 08:04:20 | INFO     | Saving at a/skeb/zokucyoo-832fc0.json
2026-06-28 08:04:21 | INFO     | OK https://skeb.jp/api/users/mineco08
2026-06-28 08:04:21 | INFO     | Saving at a/skeb/mineco08-c9ba18.json
2026-06-28 08:04:21 | INFO     | OK https://skeb.jp/api/users/akira_skyeak
2026-06-28 08:04:21 | INFO     | Saving at a/skeb/akira_skyeak-032c30.json
2026-06-28 08:04:21 | INFO     | OK https://skeb.jp/api/users/yukiarashi_1103
2026-06-28 08:04:21 | INFO     | Saving at a/skeb/yukiarashi_1103-812c16.json
2026-06-28 08:04:22 | INFO     | OK https://skeb.jp/api/users/wat_son_
2026-06-28 08:04:22 | INFO     | Saving at a/skeb/wat_son_-ea6f5b.json
2026-06-28 08:04:22 | INFO     | OK https://skeb.jp/api/users/siosai3140_skeb
2026-06-28 08:04:22 | INFO     | Saving at a/skeb/siosai3140_skeb-ed4335.json
2026-06-28 08:04:22 | INFO     | OK https://skeb.jp/api/users/Mono7_Snivy
2026-06-28 08:04:22 | INFO     | Saving at a/skeb/Mono7_Snivy-dbb923.json
2026-06-28 08:04:22 | INFO     | OK https://skeb.jp/api/users/dlke_O2
2026-06-28 08:04:22 | INFO     | Saving at a/skeb/dlke_O2-ce5b46.json
2026-06-28 08:04:23 | INFO     | OK https://skeb.jp/api/users/yas_me4
2026-06-28 08:04:23 | INFO     | Saving at a/skeb/yas_me4-a4bc07.json
2026-06-28 08:04:23 | INFO     | OK https://skeb.jp/api/users/Merkii_White
2026-06-28 08:04:23 | INFO     | Saving at a/skeb/Merkii_White-e08a55.json
2026-06-28 08:04:24 | INFO     | OK https://skeb.jp/api/users/__________flim
2026-06-28 08:04:24 | INFO     | Saving at a/skeb/__________flim-997371.json
2026-06-28 08:04:24 | INFO     | OK https://skeb.jp/api/users/oxSTL
2026-06-28 08:04:24 | INFO     | Saving at a/skeb/oxSTL-2a6d8e.json
2026-06-28 08:04:24 | INFO     | OK https://skeb.jp/api/users/SiebenWorld
2026-06-28 08:04:24 | INFO     | Saving at a/skeb/SiebenWorld-4c58a2.json
2026-06-28 08:04:25 | INFO     | OK https://skeb.jp/api/users/vvIYvv
2026-06-28 08:04:25 | INFO     | Saving at a/skeb/vvIYvv-aca810.json
2026-06-28 08:04:25 | INFO     | OK https://skeb.jp/api/users/toknkm
2026-06-28 08:04:25 | INFO     | Saving at a/skeb/toknkm-285e97.json
2026-06-28 08:04:25 | INFO     | OK https://skeb.jp/api/users/_sii__me
2026-06-28 08:04:25 | INFO     | Saving at a/skeb/_sii__me-976730.json
2026-06-28 08:04:26 | INFO     | OK https://skeb.jp/api/users/zkr_3969
2026-06-28 08:04:26 | INFO     | Saving at a/skeb/zkr_3969-71946f.json
2026-06-28 08:04:26 | INFO     | OK https://skeb.jp/api/users/milytandane
2026-06-28 08:04:26 | INFO     | Saving at a/skeb/milytandane-e57ebb.json
2026-06-28 08:04:26 | INFO     | OK https://skeb.jp/api/users/Tikena_ES
2026-06-28 08:04:26 | INFO     | Saving at a/skeb/Tikena_ES-540b62.json
2026-06-28 08:04:27 | INFO     | OK https://skeb.jp/api/users/sawadariku75
2026-06-28 08:04:27 | INFO     | Saving at a/skeb/sawadariku75-5b74b5.json
2026-06-28 08:04:27 | INFO     | OK https://skeb.jp/api/users/u_uihr
2026-06-28 08:04:27 | INFO     | Saving at a/skeb/u_uihr-3eb334.json
2026-06-28 08:04:27 | INFO     | OK https://skeb.jp/api/users/MedakaNokoz5sn
2026-06-28 08:04:27 | INFO     | Saving at a/skeb/MedakaNokoz5sn-cdc9ed.json
2026-06-28 08:04:28 | INFO     | OK https://skeb.jp/api/users/coldcompresses
2026-06-28 08:04:28 | INFO     | Saving at a/skeb/coldcompresses-64cb9b.json
2026-06-28 08:04:28 | INFO     | OK https://skeb.jp/api/users/hina_chizu
2026-06-28 08:04:28 | INFO     | Saving at a/skeb/hina_chizu-9e3df3.json
2026-06-28 08:04:28 | INFO     | OK https://skeb.jp/api/users/yuzuno_wagiri
2026-06-28 08:04:28 | INFO     | Saving at a/skeb/yuzuno_wagiri-97407e.json
2026-06-28 08:04:29 | INFO     | OK https://skeb.jp/api/users/83X_3
2026-06-28 08:04:29 | INFO     | Saving at a/skeb/83X_3-7ff6a2.json
2026-06-28 08:04:29 | INFO     | OK https://skeb.jp/api/users/1UP_TAKE
2026-06-28 08:04:29 | INFO     | Saving at a/skeb/1UP_TAKE-aa34f2.json
2026-06-28 08:04:29 | INFO     | OK https://skeb.jp/api/users/toroborobo
2026-06-28 08:04:29 | INFO     | Saving at a/skeb/toroborobo-93b240.json
2026-06-28 08:04:29 | INFO     | OK https://skeb.jp/api/users/Fony_talk
2026-06-28 08:04:29 | INFO     | Saving at a/skeb/Fony_talk-c65de4.json
2026-06-28 08:04:30 | INFO     | OK https://skeb.jp/api/users/ttaeelll
2026-06-28 08:04:30 | INFO     | Saving at a/skeb/ttaeelll-75a435.json
2026-06-28 08:04:30 | INFO     | OK https://skeb.jp/api/users/akiyomifall
2026-06-28 08:04:30 | INFO     | Saving at a/skeb/akiyomifall-5abf2e.json
2026-06-28 08:04:31 | INFO     | OK https://skeb.jp/api/users/iriko_oishii
2026-06-28 08:04:31 | INFO     | Saving at a/skeb/iriko_oishii-b6dd9c.json
2026-06-28 08:04:31 | INFO     | OK https://skeb.jp/api/users/Neroizm
2026-06-28 08:04:31 | INFO     | Saving at a/skeb/Neroizm-b78a99.json
2026-06-28 08:04:31 | INFO     | OK https://skeb.jp/api/users/A_MAKI_tasuke
2026-06-28 08:04:31 | INFO     | Saving at a/skeb/A_MAKI_tasuke-b293f9.json
2026-06-28 08:04:31 | INFO     | OK https://skeb.jp/api/users/agefli_01
2026-06-28 08:04:31 | INFO     | Saving at a/skeb/agefli_01-d494e2.json
2026-06-28 08:04:32 | INFO     | OK https://skeb.jp/api/users/017ri
2026-06-28 08:04:32 | INFO     | Saving at a/skeb/017ri-688cbb.json
2026-06-28 08:04:32 | INFO     | OK https://skeb.jp/api/users/Psy_L_B
2026-06-28 08:04:32 | INFO     | Saving at a/skeb/Psy_L_B-28b348.json
2026-06-28 08:04:33 | INFO     | OK https://skeb.jp/api/users/tatata_n3b7
2026-06-28 08:04:33 | INFO     | Saving at a/skeb/tatata_n3b7-59156f.json
2026-06-28 08:04:33 | INFO     | OK https://skeb.jp/api/users/b900_x6
2026-06-28 08:04:33 | INFO     | Saving at a/skeb/b900_x6-093d64.json
2026-06-28 08:04:33 | INFO     | OK https://skeb.jp/api/users/Marsh_mall0
2026-06-28 08:04:33 | INFO     | Saving at a/skeb/Marsh_mall0-4b45d6.json
2026-06-28 08:04:34 | INFO     | OK https://skeb.jp/api/users/OrionTwilight
2026-06-28 08:04:34 | INFO     | Saving at a/skeb/OrionTwilight-ab7ac2.json
2026-06-28 08:04:34 | INFO     | OK https://skeb.jp/api/users/kakko_oo
2026-06-28 08:04:34 | INFO     | Saving at a/skeb/kakko_oo-f890c6.json
2026-06-28 08:04:34 | INFO     | OK https://skeb.jp/api/users/suya_saurus_
2026-06-28 08:04:34 | INFO     | Saving at a/skeb/suya_saurus_-95ad80.json
2026-06-28 08:04:35 | INFO     | OK https://skeb.jp/api/users/tamagooishiizo
2026-06-28 08:04:35 | INFO     | Saving at a/skeb/tamagooishiizo-6958fd.json
2026-06-28 08:04:35 | INFO     | OK https://skeb.jp/api/users/rin3starly
2026-06-28 08:04:35 | INFO     | Saving at a/skeb/rin3starly-4fff46.json
2026-06-28 08:04:35 | INFO     | OK https://skeb.jp/api/users/MaruiUsausagi
2026-06-28 08:04:35 | INFO     | Saving at a/skeb/MaruiUsausagi-83f695.json
2026-06-28 08:04:35 | INFO     | OK https://skeb.jp/api/users/hayuha1203
2026-06-28 08:04:35 | INFO     | Saving at a/skeb/hayuha1203-4ec4ba.json
2026-06-28 08:04:36 | INFO     | OK https://skeb.jp/api/users/narunadayo
2026-06-28 08:04:36 | INFO     | Saving at a/skeb/narunadayo-7482fc.json
2026-06-28 08:04:36 | INFO     | OK https://skeb.jp/api/users/achaba_ca
2026-06-28 08:04:36 | INFO     | Saving at a/skeb/achaba_ca-540201.json
2026-06-28 08:04:36 | INFO     | OK https://skeb.jp/api/users/moketa11
2026-06-28 08:04:36 | INFO     | Saving at a/skeb/moketa11-df8cd7.json
2026-06-28 08:04:37 | INFO     | OK https://skeb.jp/api/users/kesera
2026-06-28 08:04:37 | INFO     | Saving at a/skeb/kesera-18fc4a.json
2026-06-28 08:04:37 | INFO     | OK https://skeb.jp/api/users/ne_konsuki
2026-06-28 08:04:37 | INFO     | Saving at a/skeb/ne_konsuki-97d91d.json
2026-06-28 08:04:38 | INFO     | OK https://skeb.jp/api/users/he_be_r
2026-06-28 08:04:38 | INFO     | Saving at a/skeb/he_be_r-0469a8.json
2026-06-28 08:04:38 | INFO     | OK https://skeb.jp/api/users/b_narita
2026-06-28 08:04:38 | INFO     | Saving at a/skeb/b_narita-6ee16d.json
2026-06-28 08:04:38 | INFO     | OK https://skeb.jp/api/users/mikur_ovog
2026-06-28 08:04:38 | INFO     | Saving at a/skeb/mikur_ovog-7f247f.json
2026-06-28 08:04:39 | INFO     | OK https://skeb.jp/api/users/__Ntrc
2026-06-28 08:04:39 | INFO     | Saving at a/skeb/__Ntrc-2c8744.json
2026-06-28 08:04:39 | INFO     | OK https://skeb.jp/api/users/tao_genger
2026-06-28 08:04:39 | INFO     | Saving at a/skeb/tao_genger-086269.json
2026-06-28 08:04:39 | INFO     | OK https://skeb.jp/api/users/Catsoul_Project
2026-06-28 08:04:39 | INFO     | Saving at a/skeb/Catsoul_Project-add71a.json
2026-06-28 08:04:40 | INFO     | OK https://skeb.jp/api/users/mizusoba
2026-06-28 08:04:40 | INFO     | Saving at a/skeb/mizusoba-696951.json
2026-06-28 08:04:40 | INFO     | OK https://skeb.jp/api/users/AsenKsen
2026-06-28 08:04:40 | INFO     | Saving at a/skeb/AsenKsen-ed17b9.json
2026-06-28 08:04:40 | INFO     | OK https://skeb.jp/api/users/sou_suke_ee
2026-06-28 08:04:40 | INFO     | Saving at a/skeb/sou_suke_ee-867cdd.json
2026-06-28 08:04:41 | INFO     | OK https://skeb.jp/api/users/87tsumuriillust
2026-06-28 08:04:41 | INFO     | Saving at a/skeb/87tsumuriillust-18a365.json
2026-06-28 08:04:41 | INFO     | OK https://skeb.jp/api/users/nannkasugoibeam
2026-06-28 08:04:41 | INFO     | Saving at a/skeb/nannkasugoibeam-25743d.json
2026-06-28 08:04:41 | INFO     | OK https://skeb.jp/api/users/l8Oluv_star
2026-06-28 08:04:41 | INFO     | Saving at a/skeb/l8Oluv_star-95fb50.json
2026-06-28 08:04:42 | INFO     | OK https://skeb.jp/api/users/anagura2ways
2026-06-28 08:04:42 | INFO     | Saving at a/skeb/anagura2ways-81eef0.json
2026-06-28 08:04:42 | INFO     | OK https://skeb.jp/api/users/srk_tk250
2026-06-28 08:04:42 | INFO     | Saving at a/skeb/srk_tk250-61efa3.json
2026-06-28 08:04:42 | INFO     | OK https://skeb.jp/api/users/issa_1_3
2026-06-28 08:04:42 | INFO     | Saving at a/skeb/issa_1_3-2b4f8a.json
2026-06-28 08:04:43 | INFO     | OK https://skeb.jp/api/users/umitaroasizato
2026-06-28 08:04:43 | INFO     | Saving at a/skeb/umitaroasizato-907c19.json
2026-06-28 08:04:43 | INFO     | OK https://skeb.jp/api/users/nnnkcny
2026-06-28 08:04:43 | INFO     | Saving at a/skeb/nnnkcny-4609ee.json
2026-06-28 08:04:43 | INFO     | OK https://skeb.jp/api/users/720n
2026-06-28 08:04:43 | INFO     | Saving at a/skeb/720n-b32924.json
2026-06-28 08:04:44 | INFO     | OK https://skeb.jp/api/users/Koneko00
2026-06-28 08:04:44 | INFO     | Saving at a/skeb/Koneko00-10af2e.json
2026-06-28 08:04:44 | INFO     | OK https://skeb.jp/api/users/skebinu
2026-06-28 08:04:44 | INFO     | Saving at a/skeb/skebinu-02caf5.json
2026-06-28 08:04:44 | INFO     | OK https://skeb.jp/api/users/nutsu8935290986
2026-06-28 08:04:44 | INFO     | Saving at a/skeb/nutsu8935290986-210fb9.json
2026-06-28 08:04:45 | INFO     | OK https://skeb.jp/api/users/surippa1010
2026-06-28 08:04:45 | INFO     | Saving at a/skeb/surippa1010-92abc3.json
2026-06-28 08:04:45 | INFO     | OK https://skeb.jp/api/users/nowsketchworks
2026-06-28 08:04:45 | INFO     | Saving at a/skeb/nowsketchworks-36e395.json
2026-06-28 08:04:45 | INFO     | OK https://skeb.jp/api/users/tkzkrnp
2026-06-28 08:04:45 | INFO     | Saving at a/skeb/tkzkrnp-f9ad70.json
2026-06-28 08:04:46 | INFO     | OK https://skeb.jp/api/users/thee_rotten
2026-06-28 08:04:46 | INFO     | Saving at a/skeb/thee_rotten-76ebcc.json
2026-06-28 08:04:46 | INFO     | OK https://skeb.jp/api/users/MofuCoffee
2026-06-28 08:04:46 | INFO     | Saving at a/skeb/MofuCoffee-2c2e27.json
2026-06-28 08:04:46 | INFO     | OK https://skeb.jp/api/users/Momomo_Momo00
2026-06-28 08:04:46 | INFO     | Saving at a/skeb/Momomo_Momo00-776eca.json
2026-06-28 08:04:47 | INFO     | OK https://skeb.jp/api/users/Izuki__zZ
2026-06-28 08:04:47 | INFO     | Saving at a/skeb/Izuki__zZ-aa5c17.json
2026-06-28 08:04:47 | INFO     | OK https://skeb.jp/api/users/Yi1l1l
2026-06-28 08:04:47 | INFO     | Saving at a/skeb/Yi1l1l-9de5fe.json
2026-06-28 08:04:47 | INFO     | OK https://skeb.jp/api/users/kzk_hikage
2026-06-28 08:04:47 | INFO     | Saving at a/skeb/kzk_hikage-33cd5a.json
2026-06-28 08:04:48 | INFO     | OK https://skeb.jp/api/users/nishidamegane
2026-06-28 08:04:48 | INFO     | Saving at a/skeb/nishidamegane-62e7b8.json
2026-06-28 08:04:48 | INFO     | OK https://skeb.jp/api/users/beer_mizu
2026-06-28 08:04:48 | INFO     | Saving at a/skeb/beer_mizu-7586a4.json
2026-06-28 08:04:48 | INFO     | OK https://skeb.jp/api/users/suikaoisi
2026-06-28 08:04:48 | INFO     | Saving at a/skeb/suikaoisi-aa12bd.json
2026-06-28 08:04:49 | INFO     | OK https://skeb.jp/api/users/zimasanda2
2026-06-28 08:04:49 | INFO     | Saving at a/skeb/zimasanda2-699d9d.json
2026-06-28 08:04:49 | INFO     | OK https://skeb.jp/api/users/uni_tal
2026-06-28 08:04:49 | INFO     | Saving at a/skeb/uni_tal-bb108e.json
2026-06-28 08:04:49 | INFO     | OK https://skeb.jp/api/users/octopus_tarou
2026-06-28 08:04:49 | INFO     | Saving at a/skeb/octopus_tarou-ce5a26.json
2026-06-28 08:04:50 | INFO     | OK https://skeb.jp/api/users/baburori
2026-06-28 08:04:50 | INFO     | Saving at a/skeb/baburori-c0fd22.json
2026-06-28 08:04:50 | INFO     | OK https://skeb.jp/api/users/new1_crc
2026-06-28 08:04:50 | INFO     | Saving at a/skeb/new1_crc-8dc2b3.json
2026-06-28 08:04:50 | INFO     | OK https://skeb.jp/api/users/ponzu7777771
2026-06-28 08:04:50 | INFO     | Saving at a/skeb/ponzu7777771-a6de48.json
2026-06-28 08:04:51 | INFO     | OK https://skeb.jp/api/users/caramel_mera
2026-06-28 08:04:51 | INFO     | Saving at a/skeb/caramel_mera-433a09.json
2026-06-28 08:04:51 | INFO     | OK https://skeb.jp/api/users/VurDV8a8gbGRctd
2026-06-28 08:04:51 | INFO     | Saving at a/skeb/VurDV8a8gbGRctd-685c1d.json
2026-06-28 08:04:51 | INFO     | OK https://skeb.jp/api/users/0mae8soukoyuki
2026-06-28 08:04:51 | INFO     | Saving at a/skeb/0mae8soukoyuki-50968b.json
2026-06-28 08:04:52 | INFO     | OK https://skeb.jp/api/users/jyositsu
2026-06-28 08:04:52 | INFO     | Saving at a/skeb/jyositsu-2710ad.json
2026-06-28 08:04:52 | INFO     | OK https://skeb.jp/api/users/inu_to_tanpopo2
2026-06-28 08:04:52 | INFO     | Saving at a/skeb/inu_to_tanpopo2-fd54b9.json
2026-06-28 08:04:52 | INFO     | OK https://skeb.jp/api/users/sekhr0v0
2026-06-28 08:04:52 | INFO     | Saving at a/skeb/sekhr0v0-0c84b3.json
2026-06-28 08:04:53 | INFO     | OK https://skeb.jp/api/users/akainupochi
2026-06-28 08:04:53 | INFO     | Saving at a/skeb/akainupochi-bd7ed4.json
2026-06-28 08:04:53 | INFO     | OK https://skeb.jp/api/users/harunn2288
2026-06-28 08:04:53 | INFO     | Saving at a/skeb/harunn2288-35757a.json
2026-06-28 08:04:53 | INFO     | OK https://skeb.jp/api/users/Mei_Hinamatsu
2026-06-28 08:04:53 | INFO     | Saving at a/skeb/Mei_Hinamatsu-fcbca2.json
2026-06-28 08:04:53 | INFO     | OK https://skeb.jp/api/users/susu14920343
2026-06-28 08:04:53 | INFO     | Saving at a/skeb/susu14920343-6bf2a2.json
2026-06-28 08:04:54 | INFO     | OK https://skeb.jp/api/users/3Nakasago5
2026-06-28 08:04:54 | INFO     | Saving at a/skeb/3Nakasago5-e2dbde.json
2026-06-28 08:04:54 | INFO     | OK https://skeb.jp/api/users/SeaBee_illust
2026-06-28 08:04:54 | INFO     | Saving at a/skeb/SeaBee_illust-06bf54.json
2026-06-28 08:04:55 | INFO     | OK https://skeb.jp/api/users/Fuyune_vrc
2026-06-28 08:04:55 | INFO     | Saving at a/skeb/Fuyune_vrc-0fcf5f.json
2026-06-28 08:04:55 | INFO     | OK https://skeb.jp/api/users/aradamawakka2
2026-06-28 08:04:55 | INFO     | Saving at a/skeb/aradamawakka2-06ca46.json
2026-06-28 08:04:55 | INFO     | OK https://skeb.jp/api/users/TAMITOMEMO
2026-06-28 08:04:55 | INFO     | Saving at a/skeb/TAMITOMEMO-7d2d06.json
2026-06-28 08:04:56 | INFO     | OK https://skeb.jp/api/users/wooper_upaupa
2026-06-28 08:04:56 | INFO     | Saving at a/skeb/wooper_upaupa-dabbdc.json
2026-06-28 08:04:56 | INFO     | OK https://skeb.jp/api/users/0x552
2026-06-28 08:04:56 | INFO     | Saving at a/skeb/0x552-847356.json
2026-06-28 08:04:56 | INFO     | OK https://skeb.jp/api/users/hotatube_nya
2026-06-28 08:04:56 | INFO     | Saving at a/skeb/hotatube_nya-f486f8.json
2026-06-28 08:04:57 | INFO     | OK https://skeb.jp/api/users/necoma_2
2026-06-28 08:04:57 | INFO     | Saving at a/skeb/necoma_2-b368d3.json
2026-06-28 08:04:57 | INFO     | OK https://skeb.jp/api/users/RPS_dot
2026-06-28 08:04:57 | INFO     | Saving at a/skeb/RPS_dot-e58ec2.json
2026-06-28 08:04:57 | INFO     | OK https://skeb.jp/api/users/owuipot
2026-06-28 08:04:57 | INFO     | Saving at a/skeb/owuipot-6e95ef.json
2026-06-28 08:04:58 | INFO     | OK https://skeb.jp/api/users/45tanutanu
2026-06-28 08:04:58 | INFO     | Saving at a/skeb/45tanutanu-e31965.json
2026-06-28 08:04:58 | INFO     | OK https://skeb.jp/api/users/roujiroX
2026-06-28 08:04:58 | INFO     | Saving at a/skeb/roujiroX-43894c.json
2026-06-28 08:04:58 | INFO     | OK https://skeb.jp/api/users/yuve2625
2026-06-28 08:04:58 | INFO     | Saving at a/skeb/yuve2625-da5005.json
2026-06-28 08:04:59 | INFO     | OK https://skeb.jp/api/users/piece_blue1
2026-06-28 08:04:59 | INFO     | Saving at a/skeb/piece_blue1-d5c0d2.json
2026-06-28 08:04:59 | INFO     | OK https://skeb.jp/api/users/9HQvGaoAcT
2026-06-28 08:04:59 | INFO     | Saving at a/skeb/9HQvGaoAcT-e13c11.json
2026-06-28 08:04:59 | INFO     | OK https://skeb.jp/api/users/hclprpr
2026-06-28 08:04:59 | INFO     | Saving at a/skeb/hclprpr-0b133b.json
2026-06-28 08:05:00 | INFO     | OK https://skeb.jp/api/users/AraiRacu
2026-06-28 08:05:00 | INFO     | Saving at a/skeb/AraiRacu-672c87.json
2026-06-28 08:05:00 | WARNING  | 429 on https://skeb.jp/api/users/05DonaDona30 (attempt 1/3, rate=1.5/s)
2026-06-28 08:05:00 | INFO     | Backing off 2.3s before retry.
2026-06-28 08:05:06 | WARNING  | 429 on https://skeb.jp/api/users/u232c_ (attempt 1/3, rate=0.8/s)
2026-06-28 08:05:06 | INFO     | Backing off 2.0s before retry.
2026-06-28 08:35:15 | INFO     |  --- SUMMARY REPORT --- 
  Sources Retreived    : 3520
  Profiles Fetched     : 618
  Profile Missing      : 0
  Profile Rate Limited : 0
  Profile Error Others : 0

2026-06-28 08:35:15 | INFO     | Started creating static api data.
2026-06-28 08:36:46 | INFO     | Album index written to a/albums/index.json (302 albums)
