2026-06-28 07:44:09 | INFO     | Initialized Data Store.
2026-06-28 07:44:10 | INFO     | Homepage GET status=429 (attempt 1/3)
2026-06-28 07:44:10 | INFO     | Cookie extracted [request_key=...].
2026-06-28 07:44:10 | INFO     | SkebClient ready (impersonate=chrome120, rate=3.0/s, concurrency=10)
2026-06-28 07:44:52 | INFO     | Ready to scrape 215 items
2026-06-28 07:44:52 | INFO     | OK https://skeb.jp/api/users/LLUMONDE
2026-06-28 07:44:52 | INFO     | Saving at a/skeb/LLUMONDE-6a078b.json
2026-06-28 07:44:52 | WARNING  | 404 on https://skeb.jp/api/users/Uo_oU_us (attempt 1/3)
2026-06-28 07:44:52 | INFO     | OK https://skeb.jp/api/users/mr50iso
2026-06-28 07:44:52 | INFO     | Saving at a/skeb/mr50iso-268a65.json
2026-06-28 07:44:53 | INFO     | OK https://skeb.jp/api/users/403naoko
2026-06-28 07:44:53 | INFO     | Saving at a/skeb/403naoko-b29109.json
2026-06-28 07:44:53 | WARNING  | 404 on https://skeb.jp/api/users/T4k73gqSZ26h5si (attempt 1/3)
2026-06-28 07:44:53 | INFO     | OK https://skeb.jp/api/users/doneton0314
2026-06-28 07:44:53 | INFO     | Saving at a/skeb/doneton0314-b0b657.json
2026-06-28 07:44:54 | INFO     | OK https://skeb.jp/api/users/shouldmarrytome
2026-06-28 07:44:54 | INFO     | Saving at a/skeb/shouldmarrytome-ffd771.json
2026-06-28 07:44:54 | INFO     | OK https://skeb.jp/api/users/Sasumata_1
2026-06-28 07:44:54 | INFO     | Saving at a/skeb/Sasumata_1-807e66.json
2026-06-28 07:44:54 | INFO     | OK https://skeb.jp/api/users/harusyame_01415
2026-06-28 07:44:54 | INFO     | Saving at a/skeb/harusyame_01415-7fdd35.json
2026-06-28 07:44:55 | INFO     | OK https://skeb.jp/api/users/kellystore4
2026-06-28 07:44:55 | INFO     | Saving at a/skeb/kellystore4-799ff2.json
2026-06-28 07:44:55 | INFO     | OK https://skeb.jp/api/users/hanamiya_yuria
2026-06-28 07:44:55 | INFO     | Saving at a/skeb/hanamiya_yuria-e64128.json
2026-06-28 07:44:55 | INFO     | OK https://skeb.jp/api/users/yotobari_lailaV
2026-06-28 07:44:55 | INFO     | Saving at a/skeb/yotobari_lailaV-743b2c.json
2026-06-28 07:44:56 | INFO     | OK https://skeb.jp/api/users/Amase_Rui_CC
2026-06-28 07:44:56 | INFO     | Saving at a/skeb/Amase_Rui_CC-c2ce34.json
2026-06-28 07:44:56 | WARNING  | 404 on https://skeb.jp/api/users/T4k73gqSZ26h5si (attempt 2/3)
2026-06-28 07:44:56 | INFO     | OK https://skeb.jp/api/users/yoru_zzz__
2026-06-28 07:44:56 | INFO     | Saving at a/skeb/yoru_zzz__-842320.json
2026-06-28 07:44:57 | INFO     | OK https://skeb.jp/api/users/696tk
2026-06-28 07:44:57 | INFO     | Saving at a/skeb/696tk-651c2f.json
2026-06-28 07:44:57 | INFO     | OK https://skeb.jp/api/users/AHO_apple753
2026-06-28 07:44:57 | INFO     | Saving at a/skeb/AHO_apple753-ccc6b9.json
2026-06-28 07:44:57 | INFO     | OK https://skeb.jp/api/users/4lkcal
2026-06-28 07:44:57 | INFO     | Saving at a/skeb/4lkcal-91f70b.json
2026-06-28 07:44:58 | INFO     | OK https://skeb.jp/api/users/kanami_ouo
2026-06-28 07:44:58 | INFO     | Saving at a/skeb/kanami_ouo-58e75f.json
2026-06-28 07:44:58 | WARNING  | 404 on https://skeb.jp/api/users/Uo_oU_us (attempt 2/3)
2026-06-28 07:44:58 | INFO     | OK https://skeb.jp/api/users/senatuco1
2026-06-28 07:44:58 | INFO     | Saving at a/skeb/senatuco1-fa09d7.json
2026-06-28 07:44:59 | INFO     | OK https://skeb.jp/api/users/chorisu_chan
2026-06-28 07:44:59 | INFO     | Saving at a/skeb/chorisu_chan-01302c.json
2026-06-28 07:44:59 | INFO     | OK https://skeb.jp/api/users/Muru405
2026-06-28 07:44:59 | INFO     | Saving at a/skeb/Muru405-d6db83.json
2026-06-28 07:44:59 | INFO     | OK https://skeb.jp/api/users/sooouh1
2026-06-28 07:44:59 | INFO     | Saving at a/skeb/sooouh1-633e17.json
2026-06-28 07:45:00 | WARNING  | 404 on https://skeb.jp/api/users/Axnya (attempt 1/3)
2026-06-28 07:45:00 | WARNING  | 404 on https://skeb.jp/api/users/se3ifinal (attempt 1/3)
2026-06-28 07:45:00 | WARNING  | 404 on https://skeb.jp/api/users/T4k73gqSZ26h5si (attempt 3/3)
2026-06-28 07:45:01 | INFO     | OK https://skeb.jp/api/users/l_oxx_x
2026-06-28 07:45:01 | INFO     | Saving at a/skeb/l_oxx_x-f4fa32.json
2026-06-28 07:45:01 | INFO     | OK https://skeb.jp/api/users/_un_Moro_Mochi
2026-06-28 07:45:01 | INFO     | Saving at a/skeb/_un_Moro_Mochi-e76bbf.json
2026-06-28 07:45:01 | INFO     | OK https://skeb.jp/api/users/crazy_tanoshi
2026-06-28 07:45:01 | INFO     | Saving at a/skeb/crazy_tanoshi-4e9783.json
2026-06-28 07:45:02 | INFO     | OK https://skeb.jp/api/users/Oi373
2026-06-28 07:45:02 | INFO     | Saving at a/skeb/Oi373-44e3b9.json
2026-06-28 07:45:02 | WARNING  | 404 on https://skeb.jp/api/users/Axnya (attempt 2/3)
2026-06-28 07:45:02 | WARNING  | 404 on https://skeb.jp/api/users/_meruruto_ (attempt 1/3)
2026-06-28 07:45:02 | WARNING  | 404 on https://skeb.jp/api/users/NOm0y0i (attempt 1/3)
2026-06-28 07:45:03 | WARNING  | 404 on https://skeb.jp/api/users/se3ifinal (attempt 2/3)
2026-06-28 07:45:03 | INFO     | OK https://skeb.jp/api/users/nmtkp
2026-06-28 07:45:03 | INFO     | Saving at a/skeb/nmtkp-5e7d29.json
2026-06-28 07:45:04 | INFO     | OK https://skeb.jp/api/users/sealilyyoru
2026-06-28 07:45:04 | INFO     | Saving at a/skeb/sealilyyoru-e145cd.json
2026-06-28 07:45:04 | INFO     | OK https://skeb.jp/api/users/eva_mashiro
2026-06-28 07:45:04 | INFO     | Saving at a/skeb/eva_mashiro-8ed7eb.json
2026-06-28 07:45:04 | WARNING  | 404 on https://skeb.jp/api/users/ghcfujfc1 (attempt 1/3)
2026-06-28 07:45:05 | INFO     | OK https://skeb.jp/api/users/ishimi831
2026-06-28 07:45:05 | INFO     | Saving at a/skeb/ishimi831-950a9e.json
2026-06-28 07:45:05 | WARNING  | 404 on https://skeb.jp/api/users/_meruruto_ (attempt 2/3)
2026-06-28 07:45:05 | INFO     | OK https://skeb.jp/api/users/6renkasuga9
2026-06-28 07:45:05 | INFO     | Saving at a/skeb/6renkasuga9-bb55dd.json
2026-06-28 07:45:05 | WARNING  | 404 on https://skeb.jp/api/users/NOm0y0i (attempt 2/3)
2026-06-28 07:45:06 | INFO     | OK https://skeb.jp/api/users/con_0821
2026-06-28 07:45:06 | INFO     | Saving at a/skeb/con_0821-25d11a.json
2026-06-28 07:45:06 | INFO     | OK https://skeb.jp/api/users/dinosuki_33
2026-06-28 07:45:06 | INFO     | Saving at a/skeb/dinosuki_33-17d773.json
2026-06-28 07:45:07 | WARNING  | 404 on https://skeb.jp/api/users/ghcfujfc1 (attempt 2/3)
2026-06-28 07:45:07 | WARNING  | 404 on https://skeb.jp/api/users/Uo_oU_us (attempt 3/3)
2026-06-28 07:45:07 | WARNING  | 404 on https://skeb.jp/api/users/se3ifinal (attempt 3/3)
2026-06-28 07:45:08 | INFO     | OK https://skeb.jp/api/users/nekogure0122
2026-06-28 07:45:08 | INFO     | Saving at a/skeb/nekogure0122-9be52b.json
2026-06-28 07:45:08 | INFO     | OK https://skeb.jp/api/users/zdnjl0
2026-06-28 07:45:08 | INFO     | Saving at a/skeb/zdnjl0-3f2ed7.json
2026-06-28 07:45:08 | WARNING  | 404 on https://skeb.jp/api/users/Llu_ulg (attempt 1/3)
2026-06-28 07:45:09 | INFO     | OK https://skeb.jp/api/users/piepielielie
2026-06-28 07:45:09 | INFO     | Saving at a/skeb/piepielielie-2431aa.json
2026-06-28 07:45:09 | WARNING  | 404 on https://skeb.jp/api/users/toxizaki (attempt 1/3)
2026-06-28 07:45:09 | INFO     | OK https://skeb.jp/api/users/hakumai__025
2026-06-28 07:45:09 | INFO     | Saving at a/skeb/hakumai__025-90740c.json
2026-06-28 07:45:10 | WARNING  | 404 on https://skeb.jp/api/users/_meruruto_ (attempt 3/3)
2026-06-28 07:45:10 | WARNING  | 404 on https://skeb.jp/api/users/NOm0y0i (attempt 3/3)
2026-06-28 07:45:10 | INFO     | OK https://skeb.jp/api/users/Fnaf_tubata
2026-06-28 07:45:10 | INFO     | Saving at a/skeb/Fnaf_tubata-69e8b1.json
2026-06-28 07:45:10 | WARNING  | 404 on https://skeb.jp/api/users/Llu_ulg (attempt 2/3)
2026-06-28 07:45:11 | INFO     | OK https://skeb.jp/api/users/himazin7772
2026-06-28 07:45:11 | INFO     | Saving at a/skeb/himazin7772-e59975.json
2026-06-28 07:45:11 | WARNING  | 404 on https://skeb.jp/api/users/Axnya (attempt 3/3)
2026-06-28 07:45:11 | INFO     | OK https://skeb.jp/api/users/tobuhiyoko
2026-06-28 07:45:11 | INFO     | Saving at a/skeb/tobuhiyoko-ce7268.json
2026-06-28 07:45:12 | INFO     | OK https://skeb.jp/api/users/kisiki_Zatta
2026-06-28 07:45:12 | INFO     | Saving at a/skeb/kisiki_Zatta-170270.json
2026-06-28 07:45:12 | INFO     | OK https://skeb.jp/api/users/Yoneyamochine
2026-06-28 07:45:12 | INFO     | Saving at a/skeb/Yoneyamochine-d63561.json
2026-06-28 07:45:13 | WARNING  | 404 on https://skeb.jp/api/users/ghcfujfc1 (attempt 3/3)
2026-06-28 07:45:13 | WARNING  | 404 on https://skeb.jp/api/users/vHoo__ (attempt 1/3)
2026-06-28 07:45:13 | INFO     | OK https://skeb.jp/api/users/_tentenko_
2026-06-28 07:45:13 | INFO     | Saving at a/skeb/_tentenko_-3f9b08.json
2026-06-28 07:45:14 | WARNING  | 404 on https://skeb.jp/api/users/lkjeudnduy44 (attempt 1/3)
2026-06-28 07:45:14 | INFO     | OK https://skeb.jp/api/users/toricon
2026-06-28 07:45:14 | INFO     | Saving at a/skeb/toricon-2e5df8.json
2026-06-28 07:45:14 | WARNING  | 404 on https://skeb.jp/api/users/toxizaki (attempt 2/3)
2026-06-28 07:45:15 | INFO     | OK https://skeb.jp/api/users/uu_umauma
2026-06-28 07:45:15 | INFO     | Saving at a/skeb/uu_umauma-02599f.json
2026-06-28 07:45:15 | INFO     | OK https://skeb.jp/api/users/sachimichil
2026-06-28 07:45:15 | INFO     | Saving at a/skeb/sachimichil-5b3194.json
2026-06-28 07:45:15 | WARNING  | 404 on https://skeb.jp/api/users/Llu_ulg (attempt 3/3)
2026-06-28 07:45:16 | INFO     | OK https://skeb.jp/api/users/jinkakubousou
2026-06-28 07:45:16 | INFO     | Saving at a/skeb/jinkakubousou-1d63c0.json
2026-06-28 07:45:16 | WARNING  | 404 on https://skeb.jp/api/users/lkjeudnduy44 (attempt 2/3)
2026-06-28 07:45:16 | INFO     | OK https://skeb.jp/api/users/_loku6
2026-06-28 07:45:16 | INFO     | Saving at a/skeb/_loku6-1ddc33.json
2026-06-28 07:45:17 | WARNING  | 404 on https://skeb.jp/api/users/yamin_himamo23 (attempt 1/3)
2026-06-28 07:45:17 | INFO     | OK https://skeb.jp/api/users/iori_shirosaki
2026-06-28 07:45:17 | INFO     | Saving at a/skeb/iori_shirosaki-4ed27c.json
2026-06-28 07:45:17 | WARNING  | 404 on https://skeb.jp/api/users/vHoo__ (attempt 2/3)
2026-06-28 07:45:18 | INFO     | OK https://skeb.jp/api/users/tetra_mmm
2026-06-28 07:45:18 | INFO     | Saving at a/skeb/tetra_mmm-8ed9ce.json
2026-06-28 07:45:18 | WARNING  | 404 on https://skeb.jp/api/users/kotonesansukida (attempt 1/3)
2026-06-28 07:45:18 | WARNING  | 404 on https://skeb.jp/api/users/mimei_Illust (attempt 1/3)
2026-06-28 07:45:19 | WARNING  | 404 on https://skeb.jp/api/users/kasha0927 (attempt 1/3)
2026-06-28 07:45:19 | WARNING  | 404 on https://skeb.jp/api/users/yamin_himamo23 (attempt 2/3)
2026-06-28 07:45:19 | WARNING  | 404 on https://skeb.jp/api/users/toxizaki (attempt 3/3)
2026-06-28 07:45:20 | INFO     | OK https://skeb.jp/api/users/hakurou_lui
2026-06-28 07:45:20 | INFO     | Saving at a/skeb/hakurou_lui-895050.json
2026-06-28 07:45:20 | INFO     | OK https://skeb.jp/api/users/MamisanXxx
2026-06-28 07:45:20 | INFO     | Saving at a/skeb/MamisanXxx-450858.json
2026-06-28 07:45:20 | INFO     | OK https://skeb.jp/api/users/na_nashi_ya
2026-06-28 07:45:20 | INFO     | Saving at a/skeb/na_nashi_ya-30bf66.json
2026-06-28 07:45:21 | INFO     | OK https://skeb.jp/api/users/ROJgsCi0Hz17013
2026-06-28 07:45:21 | INFO     | Saving at a/skeb/ROJgsCi0Hz17013-238d4e.json
2026-06-28 07:45:21 | INFO     | OK https://skeb.jp/api/users/ask_y_s_
2026-06-28 07:45:21 | INFO     | Saving at a/skeb/ask_y_s_-e34be2.json
2026-06-28 07:45:21 | WARNING  | 404 on https://skeb.jp/api/users/kasha0927 (attempt 2/3)
2026-06-28 07:45:22 | INFO     | OK https://skeb.jp/api/users/rararara2345
2026-06-28 07:45:22 | INFO     | Saving at a/skeb/rararara2345-59be4a.json
2026-06-28 07:45:22 | WARNING  | 404 on https://skeb.jp/api/users/mimei_Illust (attempt 2/3)
2026-06-28 07:45:22 | WARNING  | 404 on https://skeb.jp/api/users/kotonesansukida (attempt 2/3)
2026-06-28 07:45:22 | WARNING  | 404 on https://skeb.jp/api/users/vHoo__ (attempt 3/3)
2026-06-28 07:45:23 | INFO     | OK https://skeb.jp/api/users/c_mcya
2026-06-28 07:45:23 | INFO     | Saving at a/skeb/c_mcya-a61d94.json
2026-06-28 07:45:23 | WARNING  | 404 on https://skeb.jp/api/users/923kaku (attempt 1/3)
2026-06-28 07:45:24 | WARNING  | 404 on https://skeb.jp/api/users/yamin_himamo23 (attempt 3/3)
2026-06-28 07:45:24 | WARNING  | 404 on https://skeb.jp/api/users/EDO__nyan (attempt 1/3)
2026-06-28 07:45:24 | INFO     | OK https://skeb.jp/api/users/krocoke
2026-06-28 07:45:24 | INFO     | Saving at a/skeb/krocoke-889347.json
2026-06-28 07:45:25 | WARNING  | 404 on https://skeb.jp/api/users/lkjeudnduy44 (attempt 3/3)
2026-06-28 07:45:25 | INFO     | OK https://skeb.jp/api/users/htm_0215
2026-06-28 07:45:25 | INFO     | Saving at a/skeb/htm_0215-a7b174.json
2026-06-28 07:45:25 | INFO     | OK https://skeb.jp/api/users/Naaaaaaan
2026-06-28 07:45:25 | INFO     | Saving at a/skeb/Naaaaaaan-748b15.json
2026-06-28 07:45:26 | INFO     | OK https://skeb.jp/api/users/flower935271
2026-06-28 07:45:26 | INFO     | Saving at a/skeb/flower935271-757d4b.json
2026-06-28 07:45:26 | INFO     | OK https://skeb.jp/api/users/didodidori3
2026-06-28 07:45:26 | INFO     | Saving at a/skeb/didodidori3-d8948c.json
2026-06-28 07:45:26 | INFO     | OK https://skeb.jp/api/users/chaos_yuki
2026-06-28 07:45:26 | INFO     | Saving at a/skeb/chaos_yuki-df1396.json
2026-06-28 07:45:27 | INFO     | OK https://skeb.jp/api/users/KURAYA_77
2026-06-28 07:45:27 | INFO     | Saving at a/skeb/KURAYA_77-def895.json
2026-06-28 07:45:27 | INFO     | OK https://skeb.jp/api/users/pluiemai
2026-06-28 07:45:27 | INFO     | Saving at a/skeb/pluiemai-c1ba0d.json
2026-06-28 07:45:27 | INFO     | OK https://skeb.jp/api/users/kota___222
2026-06-28 07:45:27 | INFO     | Saving at a/skeb/kota___222-b145dc.json
2026-06-28 07:45:28 | INFO     | OK https://skeb.jp/api/users/Labo87
2026-06-28 07:45:28 | INFO     | Saving at a/skeb/Labo87-f5187e.json
2026-06-28 07:45:28 | INFO     | OK https://skeb.jp/api/users/hasiko_HSMT
2026-06-28 07:45:28 | INFO     | Saving at a/skeb/hasiko_HSMT-21d7f9.json
2026-06-28 07:45:28 | INFO     | OK https://skeb.jp/api/users/pearlstar8823
2026-06-28 07:45:28 | INFO     | Saving at a/skeb/pearlstar8823-262457.json
2026-06-28 07:45:29 | WARNING  | 404 on https://skeb.jp/api/users/kotonesansukida (attempt 3/3)
2026-06-28 07:45:29 | INFO     | OK https://skeb.jp/api/users/ojshigu
2026-06-28 07:45:29 | INFO     | Saving at a/skeb/ojshigu-642318.json
2026-06-28 07:45:29 | INFO     | OK https://skeb.jp/api/users/F110noce
2026-06-28 07:45:29 | INFO     | Saving at a/skeb/F110noce-15d38b.json
2026-06-28 07:45:30 | WARNING  | 404 on https://skeb.jp/api/users/kasha0927 (attempt 3/3)
2026-06-28 07:45:30 | INFO     | OK https://skeb.jp/api/users/Leviy___
2026-06-28 07:45:30 | INFO     | Saving at a/skeb/Leviy___-802958.json
2026-06-28 07:45:30 | WARNING  | 404 on https://skeb.jp/api/users/77_t2w (attempt 1/3)
2026-06-28 07:45:31 | INFO     | OK https://skeb.jp/api/users/RPGnoMURABITO
2026-06-28 07:45:31 | INFO     | Saving at a/skeb/RPGnoMURABITO-91522d.json
2026-06-28 07:45:31 | WARNING  | 404 on https://skeb.jp/api/users/mimei_Illust (attempt 3/3)
2026-06-28 07:45:31 | WARNING  | 404 on https://skeb.jp/api/users/Genkyou (attempt 1/3)
2026-06-28 07:45:32 | INFO     | OK https://skeb.jp/api/users/hetarenoko
2026-06-28 07:45:32 | INFO     | Saving at a/skeb/hetarenoko-541912.json
2026-06-28 07:45:32 | WARNING  | 404 on https://skeb.jp/api/users/EDO__nyan (attempt 2/3)
2026-06-28 07:45:32 | INFO     | OK https://skeb.jp/api/users/nori_musha
2026-06-28 07:45:32 | INFO     | Saving at a/skeb/nori_musha-e82161.json
2026-06-28 07:45:33 | INFO     | OK https://skeb.jp/api/users/A_minashiro
2026-06-28 07:45:33 | INFO     | Saving at a/skeb/A_minashiro-188e9a.json
2026-06-28 07:45:33 | WARNING  | 404 on https://skeb.jp/api/users/nyatta_san (attempt 1/3)
2026-06-28 07:45:33 | INFO     | OK https://skeb.jp/api/users/S4TORI_san
2026-06-28 07:45:33 | INFO     | Saving at a/skeb/S4TORI_san-041516.json
2026-06-28 07:45:34 | INFO     | OK https://skeb.jp/api/users/meroyan
2026-06-28 07:45:34 | INFO     | Saving at a/skeb/meroyan-e00a25.json
2026-06-28 07:45:34 | WARNING  | 404 on https://skeb.jp/api/users/Genkyou (attempt 2/3)
2026-06-28 07:45:34 | WARNING  | 404 on https://skeb.jp/api/users/923kaku (attempt 2/3)
2026-06-28 07:45:35 | WARNING  | 404 on https://skeb.jp/api/users/29Kota2 (attempt 1/3)
2026-06-28 07:45:35 | WARNING  | 404 on https://skeb.jp/api/users/kiNero30901 (attempt 1/3)
2026-06-28 07:45:35 | INFO     | OK https://skeb.jp/api/users/hosit_akta
2026-06-28 07:45:35 | INFO     | Saving at a/skeb/hosit_akta-3bc15c.json
2026-06-28 07:45:35 | WARNING  | 404 on https://skeb.jp/api/users/nyatta_san (attempt 2/3)
2026-06-28 07:45:36 | INFO     | OK https://skeb.jp/api/users/ichigo1923
2026-06-28 07:45:36 | INFO     | Saving at a/skeb/ichigo1923-9286b3.json
2026-06-28 07:45:36 | WARNING  | 404 on https://skeb.jp/api/users/fukafuka_no_inu (attempt 1/3)
2026-06-28 07:45:37 | INFO     | OK https://skeb.jp/api/users/vise_ss4
2026-06-28 07:45:37 | INFO     | Saving at a/skeb/vise_ss4-e8539b.json
2026-06-28 07:45:37 | INFO     | OK https://skeb.jp/api/users/Z9Fj2
2026-06-28 07:45:37 | INFO     | Saving at a/skeb/Z9Fj2-9283bf.json
2026-06-28 07:45:37 | WARNING  | 404 on https://skeb.jp/api/users/29Kota2 (attempt 2/3)
2026-06-28 07:45:38 | INFO     | OK https://skeb.jp/api/users/pirorira_n
2026-06-28 07:45:38 | INFO     | Saving at a/skeb/pirorira_n-e444bf.json
2026-06-28 07:45:38 | WARNING  | 404 on https://skeb.jp/api/users/kiNero30901 (attempt 2/3)
2026-06-28 07:45:38 | WARNING  | 404 on https://skeb.jp/api/users/Genkyou (attempt 3/3)
2026-06-28 07:45:39 | WARNING  | 404 on https://skeb.jp/api/users/fukafuka_no_inu (attempt 2/3)
2026-06-28 07:45:39 | WARNING  | 404 on https://skeb.jp/api/users/EDO__nyan (attempt 3/3)
2026-06-28 07:45:39 | WARNING  | 404 on https://skeb.jp/api/users/923kaku (attempt 3/3)
2026-06-28 07:45:39 | WARNING  | 404 on https://skeb.jp/api/users/77_t2w (attempt 2/3)
2026-06-28 07:45:40 | INFO     | OK https://skeb.jp/api/users/kazumakawaguchi
2026-06-28 07:45:40 | INFO     | Saving at a/skeb/kazumakawaguchi-a0c6db.json
2026-06-28 07:45:40 | WARNING  | 404 on https://skeb.jp/api/users/nyatta_san (attempt 3/3)
2026-06-28 07:45:41 | INFO     | OK https://skeb.jp/api/users/Almenas4
2026-06-28 07:45:41 | INFO     | Saving at a/skeb/Almenas4-908f33.json
2026-06-28 07:45:41 | WARNING  | 404 on https://skeb.jp/api/users/m3x3_sk (attempt 1/3)
2026-06-28 07:45:41 | INFO     | OK https://skeb.jp/api/users/6jaYbfyBJ2ZfJaW
2026-06-28 07:45:41 | INFO     | Saving at a/skeb/6jaYbfyBJ2ZfJaW-ebf8f8.json
2026-06-28 07:45:42 | INFO     | OK https://skeb.jp/api/users/1jikouzou
2026-06-28 07:45:42 | INFO     | Saving at a/skeb/1jikouzou-a9f981.json
2026-06-28 07:45:42 | INFO     | OK https://skeb.jp/api/users/risayarimizu
2026-06-28 07:45:42 | INFO     | Saving at a/skeb/risayarimizu-c6abc4.json
2026-06-28 07:45:42 | WARNING  | 404 on https://skeb.jp/api/users/pgpcvDCE9G (attempt 1/3)
2026-06-28 07:45:42 | WARNING  | 404 on https://skeb.jp/api/users/kagoyama_sns (attempt 1/3)
2026-06-28 07:45:43 | INFO     | OK https://skeb.jp/api/users/nihu_ainame
2026-06-28 07:45:43 | INFO     | Saving at a/skeb/nihu_ainame-fa5442.json
2026-06-28 07:45:43 | WARNING  | 404 on https://skeb.jp/api/users/kiNero30901 (attempt 3/3)
2026-06-28 07:45:44 | INFO     | OK https://skeb.jp/api/users/tareke_pohe
2026-06-28 07:45:44 | INFO     | Saving at a/skeb/tareke_pohe-2ba937.json
2026-06-28 07:45:44 | WARNING  | 404 on https://skeb.jp/api/users/fukafuka_no_inu (attempt 3/3)
2026-06-28 07:45:44 | INFO     | OK https://skeb.jp/api/users/inaka_44
2026-06-28 07:45:44 | INFO     | Saving at a/skeb/inaka_44-29b747.json
2026-06-28 07:45:45 | WARNING  | 404 on https://skeb.jp/api/users/pgpcvDCE9G (attempt 2/3)
2026-06-28 07:45:45 | WARNING  | 404 on https://skeb.jp/api/users/29Kota2 (attempt 3/3)
2026-06-28 07:45:45 | WARNING  | 404 on https://skeb.jp/api/users/m3x3_sk (attempt 2/3)
2026-06-28 07:45:46 | INFO     | OK https://skeb.jp/api/users/Re
2026-06-28 07:45:46 | INFO     | Saving at a/skeb/Re-f4473c.json
2026-06-28 07:45:46 | INFO     | OK https://skeb.jp/api/users/Megamorichan
2026-06-28 07:45:46 | INFO     | Saving at a/skeb/Megamorichan-232f84.json
2026-06-28 07:45:46 | INFO     | OK https://skeb.jp/api/users/_uabc
2026-06-28 07:45:46 | INFO     | Saving at a/skeb/_uabc-6cea18.json
2026-06-28 07:45:46 | WARNING  | 404 on https://skeb.jp/api/users/kagoyama_sns (attempt 2/3)
2026-06-28 07:45:47 | INFO     | OK https://skeb.jp/api/users/yozorameguru02
2026-06-28 07:45:47 | INFO     | Saving at a/skeb/yozorameguru02-c2d598.json
2026-06-28 07:45:47 | INFO     | OK https://skeb.jp/api/users/xAkimiya
2026-06-28 07:45:47 | INFO     | Saving at a/skeb/xAkimiya-fc8656.json
2026-06-28 07:45:48 | INFO     | OK https://skeb.jp/api/users/sakamoto___33
2026-06-28 07:45:48 | INFO     | Saving at a/skeb/sakamoto___33-871d99.json
2026-06-28 07:45:48 | WARNING  | 404 on https://skeb.jp/api/users/Ryuzi_27 (attempt 1/3)
2026-06-28 07:45:48 | INFO     | OK https://skeb.jp/api/users/nchan1112
2026-06-28 07:45:48 | INFO     | Saving at a/skeb/nchan1112-fe5e3f.json
2026-06-28 07:45:48 | WARNING  | 404 on https://skeb.jp/api/users/77_t2w (attempt 3/3)
2026-06-28 07:45:49 | INFO     | OK https://skeb.jp/api/users/Mmma_nii
2026-06-28 07:45:49 | INFO     | Saving at a/skeb/Mmma_nii-48fbb9.json
2026-06-28 07:45:49 | INFO     | OK https://skeb.jp/api/users/wo_SSS
2026-06-28 07:45:49 | INFO     | Saving at a/skeb/wo_SSS-6cfb5d.json
2026-06-28 07:45:49 | WARNING  | 404 on https://skeb.jp/api/users/Iam_Ciikawa (attempt 1/3)
2026-06-28 07:45:50 | WARNING  | 404 on https://skeb.jp/api/users/ronn_irai (attempt 1/3)
2026-06-28 07:45:50 | WARNING  | 404 on https://skeb.jp/api/users/pgpcvDCE9G (attempt 3/3)
2026-06-28 07:45:50 | WARNING  | 404 on https://skeb.jp/api/users/kagoyama_sns (attempt 3/3)
2026-06-28 07:45:51 | WARNING  | 404 on https://skeb.jp/api/users/Ryuzi_27 (attempt 2/3)
2026-06-28 07:45:51 | WARNING  | 404 on https://skeb.jp/api/users/8oSSUHCnXXz4tBp (attempt 1/3)
2026-06-28 07:45:52 | INFO     | OK https://skeb.jp/api/users/kyoumo_gennki
2026-06-28 07:45:52 | INFO     | Saving at a/skeb/kyoumo_gennki-85d9e1.json
2026-06-28 07:45:52 | WARNING  | 404 on https://skeb.jp/api/users/m3x3_sk (attempt 3/3)
2026-06-28 07:45:52 | INFO     | OK https://skeb.jp/api/users/kangayayu
2026-06-28 07:45:52 | INFO     | Saving at a/skeb/kangayayu-027067.json
2026-06-28 07:45:53 | INFO     | OK https://skeb.jp/api/users/toora_166
2026-06-28 07:45:53 | INFO     | Saving at a/skeb/toora_166-7f21c7.json
2026-06-28 07:45:53 | WARNING  | 404 on https://skeb.jp/api/users/mimamorichan (attempt 1/3)
2026-06-28 07:45:53 | WARNING  | 404 on https://skeb.jp/api/users/ronn_irai (attempt 2/3)
2026-06-28 07:45:53 | WARNING  | 404 on https://skeb.jp/api/users/Iam_Ciikawa (attempt 2/3)
2026-06-28 07:45:54 | INFO     | OK https://skeb.jp/api/users/yukyu30
2026-06-28 07:45:54 | INFO     | Saving at a/skeb/yukyu30-733070.json
2026-06-28 07:45:54 | WARNING  | 404 on https://skeb.jp/api/users/polar_kuma62 (attempt 1/3)
2026-06-28 07:45:54 | WARNING  | 404 on https://skeb.jp/api/users/8oSSUHCnXXz4tBp (attempt 2/3)
2026-06-28 07:45:55 | WARNING  | 404 on https://skeb.jp/api/users/Ryuzi_27 (attempt 3/3)
2026-06-28 07:45:55 | INFO     | OK https://skeb.jp/api/users/_uoxou_Art
2026-06-28 07:45:55 | INFO     | Saving at a/skeb/_uoxou_Art-d5e8b2.json
2026-06-28 07:45:55 | INFO     | OK https://skeb.jp/api/users/3_rftt
2026-06-28 07:45:55 | INFO     | Saving at a/skeb/3_rftt-fbdbe4.json
2026-06-28 07:45:56 | INFO     | OK https://skeb.jp/api/users/yajirusi_0516
2026-06-28 07:45:56 | INFO     | Saving at a/skeb/yajirusi_0516-f5ecc0.json
2026-06-28 07:45:56 | INFO     | OK https://skeb.jp/api/users/bakuraigouki
2026-06-28 07:45:56 | INFO     | Saving at a/skeb/bakuraigouki-efccd8.json
2026-06-28 07:45:57 | INFO     | OK https://skeb.jp/api/users/iqos_hoshii
2026-06-28 07:45:57 | INFO     | Saving at a/skeb/iqos_hoshii-3acb0b.json
2026-06-28 07:45:57 | INFO     | OK https://skeb.jp/api/users/syumaccya
2026-06-28 07:45:57 | INFO     | Saving at a/skeb/syumaccya-7a23aa.json
2026-06-28 07:45:57 | WARNING  | 404 on https://skeb.jp/api/users/ronn_irai (attempt 3/3)
2026-06-28 07:45:58 | WARNING  | 404 on https://skeb.jp/api/users/mimamorichan (attempt 2/3)
2026-06-28 07:45:58 | WARNING  | 404 on https://skeb.jp/api/users/Iam_Ciikawa (attempt 3/3)
2026-06-28 07:45:58 | INFO     | OK https://skeb.jp/api/users/kroalroal
2026-06-28 07:45:58 | INFO     | Saving at a/skeb/kroalroal-a13770.json
2026-06-28 07:45:59 | INFO     | OK https://skeb.jp/api/users/quincemellon
2026-06-28 07:45:59 | INFO     | Saving at a/skeb/quincemellon-ddf4fe.json
2026-06-28 07:45:59 | WARNING  | 404 on https://skeb.jp/api/users/p_pfp5 (attempt 1/3)
2026-06-28 07:45:59 | INFO     | OK https://skeb.jp/api/users/pea_nuts1130
2026-06-28 07:45:59 | INFO     | Saving at a/skeb/pea_nuts1130-caa3a8.json
2026-06-28 07:46:00 | WARNING  | 404 on https://skeb.jp/api/users/8oSSUHCnXXz4tBp (attempt 3/3)
2026-06-28 07:46:00 | WARNING  | 404 on https://skeb.jp/api/users/Geshi_to_ (attempt 1/3)
2026-06-28 07:46:00 | WARNING  | 404 on https://skeb.jp/api/users/polar_kuma62 (attempt 2/3)
2026-06-28 07:46:01 | INFO     | OK https://skeb.jp/api/users/zi4VNQT56W8195
2026-06-28 07:46:01 | INFO     | Saving at a/skeb/zi4VNQT56W8195-0f10b2.json
2026-06-28 07:46:01 | INFO     | OK https://skeb.jp/api/users/sakuxrakugaki
2026-06-28 07:46:01 | INFO     | Saving at a/skeb/sakuxrakugaki-5c88e1.json
2026-06-28 07:46:01 | INFO     | OK https://skeb.jp/api/users/monica_xxx0
2026-06-28 07:46:01 | INFO     | Saving at a/skeb/monica_xxx0-b9dc6b.json
2026-06-28 07:46:02 | INFO     | OK https://skeb.jp/api/users/X_Fe8910
2026-06-28 07:46:02 | INFO     | Saving at a/skeb/X_Fe8910-663e72.json
2026-06-28 07:46:02 | WARNING  | 404 on https://skeb.jp/api/users/p_pfp5 (attempt 2/3)
2026-06-28 07:46:02 | WARNING  | 404 on https://skeb.jp/api/users/kokorono_376 (attempt 1/3)
2026-06-28 07:46:02 | WARNING  | 404 on https://skeb.jp/api/users/Geshi_to_ (attempt 2/3)
2026-06-28 07:46:03 | WARNING  | 404 on https://skeb.jp/api/users/mimamorichan (attempt 3/3)
2026-06-28 07:46:03 | WARNING  | 404 on https://skeb.jp/api/users/killy810 (attempt 1/3)
2026-06-28 07:46:04 | INFO     | OK https://skeb.jp/api/users/bonbon_Illust
2026-06-28 07:46:04 | INFO     | Saving at a/skeb/bonbon_Illust-5dbb7b.json
2026-06-28 07:46:04 | INFO     | OK https://skeb.jp/api/users/kamek222
2026-06-28 07:46:04 | INFO     | Saving at a/skeb/kamek222-b80293.json
2026-06-28 07:46:04 | INFO     | OK https://skeb.jp/api/users/mirinko
2026-06-28 07:46:04 | INFO     | Saving at a/skeb/mirinko-9639c6.json
2026-06-28 07:46:05 | INFO     | OK https://skeb.jp/api/users/Yorumeku_TS
2026-06-28 07:46:05 | INFO     | Saving at a/skeb/Yorumeku_TS-45289e.json
2026-06-28 07:46:05 | WARNING  | 404 on https://skeb.jp/api/users/kokorono_376 (attempt 2/3)
2026-06-28 07:46:05 | INFO     | OK https://skeb.jp/api/users/OdoruYomai
2026-06-28 07:46:05 | INFO     | Saving at a/skeb/OdoruYomai-515a11.json
2026-06-28 07:46:05 | WARNING  | 404 on https://skeb.jp/api/users/polar_kuma62 (attempt 3/3)
2026-06-28 07:46:06 | INFO     | OK https://skeb.jp/api/users/0411udon
2026-06-28 07:46:06 | INFO     | Saving at a/skeb/0411udon-f9a7bb.json
2026-06-28 07:46:06 | INFO     | OK https://skeb.jp/api/users/towight28
2026-06-28 07:46:06 | INFO     | Saving at a/skeb/towight28-159611.json
2026-06-28 07:46:07 | INFO     | OK https://skeb.jp/api/users/alen75939758
2026-06-28 07:46:07 | INFO     | Saving at a/skeb/alen75939758-f925e8.json
2026-06-28 07:46:07 | INFO     | OK https://skeb.jp/api/users/Nagiusa_0w0
2026-06-28 07:46:07 | INFO     | Saving at a/skeb/Nagiusa_0w0-1802d2.json
2026-06-28 07:46:07 | WARNING  | 404 on https://skeb.jp/api/users/killy810 (attempt 2/3)
2026-06-28 07:46:08 | INFO     | OK https://skeb.jp/api/users/mabokaHSR
2026-06-28 07:46:08 | INFO     | Saving at a/skeb/mabokaHSR-6d10c0.json
2026-06-28 07:46:08 | INFO     | OK https://skeb.jp/api/users/monomo_monomos
2026-06-28 07:46:08 | INFO     | Saving at a/skeb/monomo_monomos-ed0ab3.json
2026-06-28 07:46:08 | WARNING  | 404 on https://skeb.jp/api/users/p_pfp5 (attempt 3/3)
2026-06-28 07:46:09 | WARNING  | 404 on https://skeb.jp/api/users/kokorono_376 (attempt 3/3)
2026-06-28 07:46:09 | WARNING  | 404 on https://skeb.jp/api/users/3hankikan0220 (attempt 1/3)
2026-06-28 07:46:09 | WARNING  | 404 on https://skeb.jp/api/users/Geshi_to_ (attempt 3/3)
2026-06-28 07:46:10 | WARNING  | 404 on https://skeb.jp/api/users/meguru_nero (attempt 1/3)
2026-06-28 07:46:10 | INFO     | OK https://skeb.jp/api/users/0YenVTuber
2026-06-28 07:46:10 | INFO     | Saving at a/skeb/0YenVTuber-3e656b.json
2026-06-28 07:46:10 | INFO     | OK https://skeb.jp/api/users/ikihaji26_com
2026-06-28 07:46:10 | INFO     | Saving at a/skeb/ikihaji26_com-5d32c1.json
2026-06-28 07:46:11 | WARNING  | 404 on https://skeb.jp/api/users/fm7hxj (attempt 1/3)
2026-06-28 07:46:11 | INFO     | OK https://skeb.jp/api/users/ojkaka20
2026-06-28 07:46:11 | INFO     | Saving at a/skeb/ojkaka20-05fc8a.json
2026-06-28 07:46:11 | WARNING  | 404 on https://skeb.jp/api/users/3hankikan0220 (attempt 2/3)
2026-06-28 07:46:12 | INFO     | OK https://skeb.jp/api/users/joni_tyan
2026-06-28 07:46:12 | INFO     | Saving at a/skeb/joni_tyan-3b00b9.json
2026-06-28 07:46:12 | WARNING  | 404 on https://skeb.jp/api/users/meguru_nero (attempt 2/3)
2026-06-28 07:46:12 | INFO     | OK https://skeb.jp/api/users/8154edrn
2026-06-28 07:46:12 | INFO     | Saving at a/skeb/8154edrn-0b46b2.json
2026-06-28 07:46:13 | INFO     | OK https://skeb.jp/api/users/RuinedBeauty_
2026-06-28 07:46:13 | INFO     | Saving at a/skeb/RuinedBeauty_-e2f840.json
2026-06-28 07:46:13 | WARNING  | 404 on https://skeb.jp/api/users/killy810 (attempt 3/3)
2026-06-28 07:46:13 | INFO     | OK https://skeb.jp/api/users/mikaziki6974
2026-06-28 07:46:13 | INFO     | Saving at a/skeb/mikaziki6974-46d20a.json
2026-06-28 07:46:14 | WARNING  | 404 on https://skeb.jp/api/users/aki_ra3_ (attempt 1/3)
2026-06-28 07:46:14 | INFO     | OK https://skeb.jp/api/users/inouaki
2026-06-28 07:46:14 | INFO     | Saving at a/skeb/inouaki-feb15c.json
2026-06-28 07:46:14 | WARNING  | 404 on https://skeb.jp/api/users/fm7hxj (attempt 2/3)
2026-06-28 07:46:15 | INFO     | OK https://skeb.jp/api/users/yada_itsuki
2026-06-28 07:46:15 | INFO     | Saving at a/skeb/yada_itsuki-6504e9.json
2026-06-28 07:46:15 | INFO     | OK https://skeb.jp/api/users/botamoti1010
2026-06-28 07:46:15 | INFO     | Saving at a/skeb/botamoti1010-1872f6.json
2026-06-28 07:46:15 | INFO     | OK https://skeb.jp/api/users/hinyarimanju
2026-06-28 07:46:15 | INFO     | Saving at a/skeb/hinyarimanju-fd3151.json
2026-06-28 07:46:16 | WARNING  | 404 on https://skeb.jp/api/users/meguru_nero (attempt 3/3)
2026-06-28 07:46:16 | INFO     | OK https://skeb.jp/api/users/k3n8k9m
2026-06-28 07:46:16 | INFO     | Saving at a/skeb/k3n8k9m-6979e7.json
2026-06-28 07:46:16 | INFO     | OK https://skeb.jp/api/users/harushirooo
2026-06-28 07:46:16 | INFO     | Saving at a/skeb/harushirooo-281931.json
2026-06-28 07:46:17 | WARNING  | 404 on https://skeb.jp/api/users/3hankikan0220 (attempt 3/3)
2026-06-28 07:46:17 | INFO     | OK https://skeb.jp/api/users/wamotora
2026-06-28 07:46:17 | INFO     | Saving at a/skeb/wamotora-a1b484.json
2026-06-28 07:46:17 | WARNING  | 404 on https://skeb.jp/api/users/oshino_Iriss (attempt 1/3)
2026-06-28 07:46:18 | INFO     | OK https://skeb.jp/api/users/ngt8nemui
2026-06-28 07:46:18 | INFO     | Saving at a/skeb/ngt8nemui-f5dabb.json
2026-06-28 07:46:18 | WARNING  | 404 on https://skeb.jp/api/users/Henzu_23 (attempt 1/3)
2026-06-28 07:46:18 | INFO     | OK https://skeb.jp/api/users/Kima73680959
2026-06-28 07:46:18 | INFO     | Saving at a/skeb/Kima73680959-09b3fc.json
2026-06-28 07:46:19 | INFO     | OK https://skeb.jp/api/users/hida_malicious
2026-06-28 07:46:19 | INFO     | Saving at a/skeb/hida_malicious-e8fb16.json
2026-06-28 07:46:19 | WARNING  | 404 on https://skeb.jp/api/users/fm7hxj (attempt 3/3)
2026-06-28 07:46:19 | INFO     | OK https://skeb.jp/api/users/akou_mikoto
2026-06-28 07:46:19 | INFO     | Saving at a/skeb/akou_mikoto-95754c.json
2026-06-28 07:46:20 | INFO     | OK https://skeb.jp/api/users/nyancopane
2026-06-28 07:46:20 | INFO     | Saving at a/skeb/nyancopane-839c76.json
2026-06-28 07:46:20 | INFO     | OK https://skeb.jp/api/users/kanashimiojisan
2026-06-28 07:46:20 | INFO     | Saving at a/skeb/kanashimiojisan-203802.json
2026-06-28 07:46:20 | INFO     | OK https://skeb.jp/api/users/22CHANO_death
2026-06-28 07:46:20 | INFO     | Saving at a/skeb/22CHANO_death-0247cc.json
2026-06-28 07:46:20 | WARNING  | 404 on https://skeb.jp/api/users/Henzu_23 (attempt 2/3)
2026-06-28 07:46:21 | WARNING  | 404 on https://skeb.jp/api/users/aki_ra3_ (attempt 2/3)
2026-06-28 07:46:21 | INFO     | OK https://skeb.jp/api/users/he_toya
2026-06-28 07:46:21 | INFO     | Saving at a/skeb/he_toya-2ca6f8.json
2026-06-28 07:46:22 | INFO     | OK https://skeb.jp/api/users/tsukasa__025
2026-06-28 07:46:22 | INFO     | Saving at a/skeb/tsukasa__025-4fd7d5.json
2026-06-28 07:46:22 | INFO     | OK https://skeb.jp/api/users/MirPuffSR
2026-06-28 07:46:22 | INFO     | Saving at a/skeb/MirPuffSR-160821.json
2026-06-28 07:46:22 | INFO     | OK https://skeb.jp/api/users/yu77usa
2026-06-28 07:46:22 | INFO     | Saving at a/skeb/yu77usa-3ff957.json
2026-06-28 07:46:23 | INFO     | OK https://skeb.jp/api/users/nabenonakada
2026-06-28 07:46:23 | INFO     | Saving at a/skeb/nabenonakada-406126.json
2026-06-28 07:46:23 | WARNING  | 404 on https://skeb.jp/api/users/soraumi2000_50_ (attempt 1/3)
2026-06-28 07:46:23 | INFO     | OK https://skeb.jp/api/users/nyai_thee
2026-06-28 07:46:23 | INFO     | Saving at a/skeb/nyai_thee-d50ffe.json
2026-06-28 07:46:24 | INFO     | OK https://skeb.jp/api/users/0t0chaaaaan
2026-06-28 07:46:24 | INFO     | Saving at a/skeb/0t0chaaaaan-3e0f2d.json
2026-06-28 07:46:24 | WARNING  | 404 on https://skeb.jp/api/users/oshino_Iriss (attempt 2/3)
2026-06-28 07:46:24 | INFO     | OK https://skeb.jp/api/users/sukonyan_meow
2026-06-28 07:46:24 | INFO     | Saving at a/skeb/sukonyan_meow-a135e6.json
2026-06-28 07:46:25 | WARNING  | 404 on https://skeb.jp/api/users/sakayama_lazuli (attempt 1/3)
2026-06-28 07:46:25 | INFO     | OK https://skeb.jp/api/users/Osaka7_mgmg
2026-06-28 07:46:25 | INFO     | Saving at a/skeb/Osaka7_mgmg-57aa45.json
2026-06-28 07:46:25 | INFO     | OK https://skeb.jp/api/users/koni2456
2026-06-28 07:46:25 | INFO     | Saving at a/skeb/koni2456-96ffbb.json
2026-06-28 07:46:26 | INFO     | OK https://skeb.jp/api/users/Nozora_Murasaki
2026-06-28 07:46:26 | INFO     | Saving at a/skeb/Nozora_Murasaki-166912.json
2026-06-28 07:46:26 | INFO     | OK https://skeb.jp/api/users/akaiisi_jiyu
2026-06-28 07:46:26 | INFO     | Saving at a/skeb/akaiisi_jiyu-77691e.json
2026-06-28 07:46:26 | INFO     | OK https://skeb.jp/api/users/tsukasa_masaki
2026-06-28 07:46:26 | INFO     | Saving at a/skeb/tsukasa_masaki-7a19a6.json
2026-06-28 07:46:27 | INFO     | OK https://skeb.jp/api/users/aki_don25
2026-06-28 07:46:27 | INFO     | Saving at a/skeb/aki_don25-7c761c.json
2026-06-28 07:46:27 | WARNING  | 404 on https://skeb.jp/api/users/Henzu_23 (attempt 3/3)
2026-06-28 07:46:27 | WARNING  | 404 on https://skeb.jp/api/users/sakayama_lazuli (attempt 2/3)
2026-06-28 07:46:27 | WARNING  | 404 on https://skeb.jp/api/users/soraumi2000_50_ (attempt 2/3)
2026-06-28 07:46:28 | INFO     | OK https://skeb.jp/api/users/ulx_kns
2026-06-28 07:46:28 | INFO     | Saving at a/skeb/ulx_kns-91fea1.json
2026-06-28 07:46:28 | INFO     | OK https://skeb.jp/api/users/sheep_gswl
2026-06-28 07:46:28 | INFO     | Saving at a/skeb/sheep_gswl-92fad9.json
2026-06-28 07:46:28 | WARNING  | 404 on https://skeb.jp/api/users/oshino_Iriss (attempt 3/3)
2026-06-28 07:46:29 | INFO     | OK https://skeb.jp/api/users/taoru_hangaku
2026-06-28 07:46:29 | INFO     | Saving at a/skeb/taoru_hangaku-3fba22.json
2026-06-28 07:46:29 | INFO     | OK https://skeb.jp/api/users/b3s8y
2026-06-28 07:46:29 | INFO     | Saving at a/skeb/b3s8y-077d1a.json
2026-06-28 07:46:30 | INFO     | OK https://skeb.jp/api/users/udukidayo
2026-06-28 07:46:30 | INFO     | Saving at a/skeb/udukidayo-71d610.json
2026-06-28 07:46:30 | INFO     | OK https://skeb.jp/api/users/nix_providence
2026-06-28 07:46:30 | INFO     | Saving at a/skeb/nix_providence-6ccbd8.json
2026-06-28 07:46:30 | INFO     | OK https://skeb.jp/api/users/_usyom
2026-06-28 07:46:30 | INFO     | Saving at a/skeb/_usyom-0d22f3.json
2026-06-28 07:46:31 | INFO     | OK https://skeb.jp/api/users/myuta
2026-06-28 07:46:31 | INFO     | Saving at a/skeb/myuta-d0080d.json
2026-06-28 07:46:31 | INFO     | OK https://skeb.jp/api/users/apricot0
2026-06-28 07:46:31 | INFO     | Saving at a/skeb/apricot0-697ae2.json
2026-06-28 07:46:31 | WARNING  | 404 on https://skeb.jp/api/users/soraumi2000_50_ (attempt 3/3)
2026-06-28 07:46:32 | WARNING  | 404 on https://skeb.jp/api/users/aki_ra3_ (attempt 3/3)
2026-06-28 07:46:32 | WARNING  | 404 on https://skeb.jp/api/users/sakayama_lazuli (attempt 3/3)
2026-06-28 07:46:32 | INFO     | OK https://skeb.jp/api/users/aomaru_39
2026-06-28 07:46:32 | INFO     | Saving at a/skeb/aomaru_39-3941e0.json
2026-06-28 07:46:32 | INFO     |  --- SUMMARY REPORT --- 
  Sources Retreived    : 215
  Profiles Fetched     : 171
  Profile Missing      : 44
  Profile Rate Limited : 0
  Profile Error Others : 0

2026-06-28 07:46:32 | INFO     | Started creating static api data.
2026-06-28 07:48:15 | INFO     | Album index written to a/albums/index.json (301 albums)
