2026-07-17 05:07:29 | INFO     | Initialized Data Store.
2026-07-17 05:07:29 | INFO     | Homepage GET status=429 (attempt 1/3)
2026-07-17 05:07:29 | INFO     | Cookie extracted [request_key=...].
2026-07-17 05:07:29 | INFO     | SkebClient ready (impersonate=chrome120, rate=1.0/s, concurrency=10, max_runtime=39600s)
2026-07-17 05:51:04 | INFO     | Ready to scrape 603 items
2026-07-17 05:51:04 | INFO     | OK https://skeb.jp/api/users/556yomo
2026-07-17 05:51:04 | INFO     | Saving at archive\skeb\556yomo-9b0288.json
2026-07-17 05:51:05 | INFO     | OK https://skeb.jp/api/users/wipeiii
2026-07-17 05:51:05 | INFO     | Saving at archive\skeb\wipeiii-159b05.json
2026-07-17 05:51:06 | INFO     | OK https://skeb.jp/api/users/sibawoaisuru
2026-07-17 05:51:06 | INFO     | Saving at archive\skeb\sibawoaisuru-6290e8.json
2026-07-17 05:51:07 | INFO     | OK https://skeb.jp/api/users/akkz_tpi
2026-07-17 05:51:07 | INFO     | Saving at archive\skeb\akkz_tpi-102cb8.json
2026-07-17 05:51:08 | INFO     | OK https://skeb.jp/api/users/15Rux
2026-07-17 05:51:08 | INFO     | Saving at archive\skeb\15Rux-6e95c1.json
2026-07-17 05:51:09 | INFO     | OK https://skeb.jp/api/users/shio_yuuki
2026-07-17 05:51:09 | INFO     | Saving at archive\skeb\shio_yuuki-5caa7c.json
2026-07-17 05:51:10 | INFO     | OK https://skeb.jp/api/users/_kotot_
2026-07-17 05:51:10 | INFO     | Saving at archive\skeb\_kotot_-088b74.json
2026-07-17 05:51:11 | WARNING  | 404 on https://skeb.jp/api/users/923kaku (attempt 1/3)
2026-07-17 05:51:12 | INFO     | OK https://skeb.jp/api/users/azulao777
2026-07-17 05:51:12 | INFO     | Saving at archive\skeb\azulao777-3b411d.json
2026-07-17 05:51:13 | INFO     | OK https://skeb.jp/api/users/13en7KusVZ
2026-07-17 05:51:13 | INFO     | Saving at archive\skeb\13en7KusVZ-a30052.json
2026-07-17 05:51:14 | INFO     | OK https://skeb.jp/api/users/Aa9ku
2026-07-17 05:51:14 | INFO     | Saving at archive\skeb\Aa9ku-0e0d0a.json
2026-07-17 05:51:15 | INFO     | OK https://skeb.jp/api/users/t_aoba2
2026-07-17 05:51:15 | INFO     | Saving at archive\skeb\t_aoba2-470357.json
2026-07-17 05:51:16 | INFO     | OK https://skeb.jp/api/users/rt_essay
2026-07-17 05:51:16 | INFO     | Saving at archive\skeb\rt_essay-75f48b.json
2026-07-17 05:51:17 | INFO     | OK https://skeb.jp/api/users/iku_5003
2026-07-17 05:51:17 | INFO     | Saving at archive\skeb\iku_5003-3782e8.json
2026-07-17 05:51:18 | INFO     | OK https://skeb.jp/api/users/Mozer
2026-07-17 05:51:18 | INFO     | Saving at archive\skeb\Mozer-f8d7ba.json
2026-07-17 05:51:19 | INFO     | OK https://skeb.jp/api/users/AsYouLikeIt_WS
2026-07-17 05:51:19 | INFO     | Saving at archive\skeb\AsYouLikeIt_WS-ed4892.json
2026-07-17 05:51:20 | INFO     | OK https://skeb.jp/api/users/maokomugi
2026-07-17 05:51:20 | INFO     | Saving at archive\skeb\maokomugi-8517be.json
2026-07-17 05:51:21 | INFO     | OK https://skeb.jp/api/users/kushina07
2026-07-17 05:51:21 | INFO     | Saving at archive\skeb\kushina07-cbfd7b.json
2026-07-17 05:51:22 | WARNING  | 404 on https://skeb.jp/api/users/ronn_irai (attempt 1/3)
2026-07-17 05:51:23 | INFO     | OK https://skeb.jp/api/users/sortiee
2026-07-17 05:51:23 | INFO     | Saving at archive\skeb\sortiee-942642.json
2026-07-17 05:51:24 | WARNING  | 404 on https://skeb.jp/api/users/923kaku (attempt 2/3)
2026-07-17 05:51:25 | INFO     | OK https://skeb.jp/api/users/erusuerusu
2026-07-17 05:51:25 | INFO     | Saving at archive\skeb\erusuerusu-0462ff.json
2026-07-17 05:51:26 | WARNING  | 404 on https://skeb.jp/api/users/ronn_irai (attempt 2/3)
2026-07-17 05:51:27 | INFO     | OK https://skeb.jp/api/users/Saisya08
2026-07-17 05:51:27 | INFO     | Saving at archive\skeb\Saisya08-0adf3b.json
2026-07-17 05:51:28 | INFO     | OK https://skeb.jp/api/users/sankara0290
2026-07-17 05:51:28 | INFO     | Saving at archive\skeb\sankara0290-77125c.json
2026-07-17 05:51:29 | INFO     | OK https://skeb.jp/api/users/Duran_illust64
2026-07-17 05:51:29 | INFO     | Saving at archive\skeb\Duran_illust64-c47a5a.json
2026-07-17 05:51:30 | INFO     | OK https://skeb.jp/api/users/ero_hono38
2026-07-17 05:51:30 | INFO     | Saving at archive\skeb\ero_hono38-0ac07e.json
2026-07-17 05:51:31 | INFO     | OK https://skeb.jp/api/users/Frandre_silver
2026-07-17 05:51:31 | INFO     | Saving at archive\skeb\Frandre_silver-6b1407.json
2026-07-17 05:51:32 | WARNING  | 404 on https://skeb.jp/api/users/Uo_oU_us (attempt 1/3)
2026-07-17 05:51:33 | INFO     | OK https://skeb.jp/api/users/cdefsorab
2026-07-17 05:51:33 | INFO     | Saving at archive\skeb\cdefsorab-1bb4d7.json
2026-07-17 05:51:34 | INFO     | OK https://skeb.jp/api/users/mizumizu_samo17
2026-07-17 05:51:34 | INFO     | Saving at archive\skeb\mizumizu_samo17-6a168f.json
2026-07-17 05:51:35 | INFO     | OK https://skeb.jp/api/users/amaichocososaku
2026-07-17 05:51:35 | INFO     | Saving at archive\skeb\amaichocososaku-f2a71b.json
2026-07-17 05:51:36 | INFO     | OK https://skeb.jp/api/users/kazu__tel
2026-07-17 05:51:36 | INFO     | Saving at archive\skeb\kazu__tel-b4fc22.json
2026-07-17 05:51:37 | INFO     | OK https://skeb.jp/api/users/zensyubougyo
2026-07-17 05:51:37 | INFO     | Saving at archive\skeb\zensyubougyo-b1b01b.json
2026-07-17 05:51:38 | WARNING  | 404 on https://skeb.jp/api/users/3hankikan0220 (attempt 1/3)
2026-07-17 05:51:39 | INFO     | OK https://skeb.jp/api/users/wadohimegm
2026-07-17 05:51:39 | INFO     | Saving at archive\skeb\wadohimegm-89d9e5.json
2026-07-17 05:51:40 | WARNING  | 404 on https://skeb.jp/api/users/ronn_irai (attempt 3/3)
2026-07-17 05:51:41 | INFO     | OK https://skeb.jp/api/users/fujikou0927
2026-07-17 05:51:41 | INFO     | Saving at archive\skeb\fujikou0927-6fd793.json
2026-07-17 05:51:42 | INFO     | OK https://skeb.jp/api/users/fumina_77
2026-07-17 05:51:42 | INFO     | Saving at archive\skeb\fumina_77-4540cf.json
2026-07-17 05:51:43 | INFO     | OK https://skeb.jp/api/users/SN_aifles
2026-07-17 05:51:43 | INFO     | Saving at archive\skeb\SN_aifles-882231.json
2026-07-17 05:51:44 | INFO     | OK https://skeb.jp/api/users/UXoXU_user
2026-07-17 05:51:44 | INFO     | Saving at archive\skeb\UXoXU_user-94d16c.json
2026-07-17 05:51:45 | WARNING  | 404 on https://skeb.jp/api/users/923kaku (attempt 3/3)
2026-07-17 05:51:46 | INFO     | OK https://skeb.jp/api/users/enokinoko__3300
2026-07-17 05:51:46 | INFO     | Saving at archive\skeb\enokinoko__3300-47f8c0.json
2026-07-17 05:51:47 | INFO     | OK https://skeb.jp/api/users/nee_job27
2026-07-17 05:51:47 | INFO     | Saving at archive\skeb\nee_job27-fce9d2.json
2026-07-17 05:51:48 | WARNING  | 404 on https://skeb.jp/api/users/se3ifinal (attempt 1/3)
2026-07-17 05:51:49 | INFO     | OK https://skeb.jp/api/users/TXV4W9jvPD
2026-07-17 05:51:49 | INFO     | Saving at archive\skeb\TXV4W9jvPD-28b133.json
2026-07-17 05:51:51 | WARNING  | 404 on https://skeb.jp/api/users/3hankikan0220 (attempt 2/3)
2026-07-17 05:51:51 | WARNING  | 404 on https://skeb.jp/api/users/29Kota2 (attempt 1/3)
2026-07-17 05:51:52 | INFO     | OK https://skeb.jp/api/users/edibleliver
2026-07-17 05:51:52 | INFO     | Saving at archive\skeb\edibleliver-61ff76.json
2026-07-17 05:51:53 | INFO     | OK https://skeb.jp/api/users/Umesyu
2026-07-17 05:51:53 | INFO     | Saving at archive\skeb\Umesyu-5fb1e7.json
2026-07-17 05:51:55 | INFO     | OK https://skeb.jp/api/users/0w0anii
2026-07-17 05:51:55 | INFO     | Saving at archive\skeb\0w0anii-d767e7.json
2026-07-17 05:51:56 | WARNING  | 404 on https://skeb.jp/api/users/Uo_oU_us (attempt 2/3)
2026-07-17 05:51:57 | INFO     | OK https://skeb.jp/api/users/6gRdSukYsA
2026-07-17 05:51:57 | INFO     | Saving at archive\skeb\6gRdSukYsA-0bbc92.json
2026-07-17 05:51:58 | INFO     | OK https://skeb.jp/api/users/shikinakazuha
2026-07-17 05:51:58 | INFO     | Saving at archive\skeb\shikinakazuha-0284ee.json
2026-07-17 05:51:59 | WARNING  | 404 on https://skeb.jp/api/users/3hankikan0220 (attempt 3/3)
2026-07-17 05:52:00 | INFO     | OK https://skeb.jp/api/users/Mixxzz19
2026-07-17 05:52:00 | INFO     | Saving at archive\skeb\Mixxzz19-1a676f.json
2026-07-17 05:52:01 | INFO     | OK https://skeb.jp/api/users/Lemoncha08014
2026-07-17 05:52:01 | INFO     | Saving at archive\skeb\Lemoncha08014-b44bf2.json
2026-07-17 05:52:02 | INFO     | OK https://skeb.jp/api/users/runa_hitoiki
2026-07-17 05:52:02 | INFO     | Saving at archive\skeb\runa_hitoiki-fae30c.json
2026-07-17 05:52:03 | INFO     | OK https://skeb.jp/api/users/miaminase11
2026-07-17 05:52:03 | INFO     | Saving at archive\skeb\miaminase11-f61fb0.json
2026-07-17 05:52:04 | INFO     | OK https://skeb.jp/api/users/yoiyamitori
2026-07-17 05:52:04 | INFO     | Saving at archive\skeb\yoiyamitori-b94d75.json
2026-07-17 05:52:05 | WARNING  | 404 on https://skeb.jp/api/users/29Kota2 (attempt 2/3)
2026-07-17 05:52:06 | INFO     | OK https://skeb.jp/api/users/19_okeke
2026-07-17 05:52:06 | INFO     | Saving at archive\skeb\19_okeke-df0b41.json
2026-07-17 05:52:07 | WARNING  | 404 on https://skeb.jp/api/users/mimei_Illust (attempt 1/3)
2026-07-17 05:52:08 | INFO     | OK https://skeb.jp/api/users/sakuraen809
2026-07-17 05:52:08 | INFO     | Saving at archive\skeb\sakuraen809-ac23f1.json
2026-07-17 05:52:09 | INFO     | OK https://skeb.jp/api/users/naru1032
2026-07-17 05:52:09 | INFO     | Saving at archive\skeb\naru1032-e5c33b.json
2026-07-17 05:52:10 | WARNING  | 404 on https://skeb.jp/api/users/mimei_Illust (attempt 2/3)
2026-07-17 05:52:11 | INFO     | OK https://skeb.jp/api/users/efw_ate
2026-07-17 05:52:11 | INFO     | Saving at archive\skeb\efw_ate-e1bf0c.json
2026-07-17 05:52:12 | INFO     | OK https://skeb.jp/api/users/nazuna_su
2026-07-17 05:52:12 | INFO     | Saving at archive\skeb\nazuna_su-8c6adc.json
2026-07-17 05:52:13 | WARNING  | 404 on https://skeb.jp/api/users/se3ifinal (attempt 2/3)
2026-07-17 05:52:14 | WARNING  | 404 on https://skeb.jp/api/users/Uo_oU_us (attempt 3/3)
2026-07-17 05:52:15 | INFO     | OK https://skeb.jp/api/users/ndededesi
2026-07-17 05:52:15 | INFO     | Saving at archive\skeb\ndededesi-ebf045.json
2026-07-17 05:52:16 | WARNING  | 404 on https://skeb.jp/api/users/ghcfujfc1 (attempt 1/3)
2026-07-17 05:52:17 | WARNING  | 404 on https://skeb.jp/api/users/se3ifinal (attempt 3/3)
2026-07-17 05:52:18 | INFO     | OK https://skeb.jp/api/users/xswaLLox
2026-07-17 05:52:18 | INFO     | Saving at archive\skeb\xswaLLox-1e95c4.json
2026-07-17 05:52:19 | INFO     | OK https://skeb.jp/api/users/sayunu
2026-07-17 05:52:19 | INFO     | Saving at archive\skeb\sayunu-788bb1.json
2026-07-17 05:52:20 | INFO     | OK https://skeb.jp/api/users/takyuon0908
2026-07-17 05:52:20 | INFO     | Saving at archive\skeb\takyuon0908-9481a0.json
2026-07-17 05:52:21 | INFO     | OK https://skeb.jp/api/users/oisiitabemono18
2026-07-17 05:52:21 | INFO     | Saving at archive\skeb\oisiitabemono18-58e063.json
2026-07-17 05:52:22 | INFO     | OK https://skeb.jp/api/users/konatade_scp
2026-07-17 05:52:22 | INFO     | Saving at archive\skeb\konatade_scp-174dc3.json
2026-07-17 05:52:23 | INFO     | OK https://skeb.jp/api/users/syuro32
2026-07-17 05:52:23 | INFO     | Saving at archive\skeb\syuro32-957857.json
2026-07-17 05:52:24 | INFO     | OK https://skeb.jp/api/users/prpr00000
2026-07-17 05:52:24 | INFO     | Saving at archive\skeb\prpr00000-14b586.json
2026-07-17 05:52:25 | INFO     | OK https://skeb.jp/api/users/tyoroi
2026-07-17 05:52:25 | INFO     | Saving at archive\skeb\tyoroi-6bcaf6.json
2026-07-17 05:52:26 | WARNING  | 404 on https://skeb.jp/api/users/29Kota2 (attempt 3/3)
2026-07-17 05:52:27 | INFO     | OK https://skeb.jp/api/users/gjgmkgoj222
2026-07-17 05:52:27 | INFO     | Saving at archive\skeb\gjgmkgoj222-a2a3f1.json
2026-07-17 05:52:28 | INFO     | OK https://skeb.jp/api/users/sg4yk
2026-07-17 05:52:28 | INFO     | Saving at archive\skeb\sg4yk-8d0a9a.json
2026-07-17 05:52:29 | INFO     | OK https://skeb.jp/api/users/munen___
2026-07-17 05:52:29 | INFO     | Saving at archive\skeb\munen___-c65f1d.json
2026-07-17 05:52:30 | INFO     | OK https://skeb.jp/api/users/TONTON_otuka
2026-07-17 05:52:30 | INFO     | Saving at archive\skeb\TONTON_otuka-ff32e5.json
2026-07-17 05:52:31 | INFO     | OK https://skeb.jp/api/users/yunchan2an
2026-07-17 05:52:31 | INFO     | Saving at archive\skeb\yunchan2an-d6b14d.json
2026-07-17 05:52:32 | WARNING  | 404 on https://skeb.jp/api/users/ghcfujfc1 (attempt 2/3)
2026-07-17 05:52:33 | INFO     | OK https://skeb.jp/api/users/Bugcab1997
2026-07-17 05:52:33 | INFO     | Saving at archive\skeb\Bugcab1997-842a2e.json
2026-07-17 05:52:34 | INFO     | OK https://skeb.jp/api/users/kome_8
2026-07-17 05:52:34 | INFO     | Saving at archive\skeb\kome_8-c2f05a.json
2026-07-17 05:52:35 | WARNING  | 404 on https://skeb.jp/api/users/mimei_Illust (attempt 3/3)
2026-07-17 05:52:36 | INFO     | OK https://skeb.jp/api/users/1202yumine
2026-07-17 05:52:36 | INFO     | Saving at archive\skeb\1202yumine-648823.json
2026-07-17 05:52:37 | INFO     | OK https://skeb.jp/api/users/yoshi_sumimaru
2026-07-17 05:52:37 | INFO     | Saving at archive\skeb\yoshi_sumimaru-71981e.json
2026-07-17 05:52:38 | INFO     | OK https://skeb.jp/api/users/sorakoyo
2026-07-17 05:52:38 | INFO     | Saving at archive\skeb\sorakoyo-4e4ed5.json
2026-07-17 05:52:39 | INFO     | OK https://skeb.jp/api/users/jinjya_spoon
2026-07-17 05:52:39 | INFO     | Saving at archive\skeb\jinjya_spoon-73c15d.json
2026-07-17 05:52:40 | INFO     | OK https://skeb.jp/api/users/meltrium
2026-07-17 05:52:40 | INFO     | Saving at archive\skeb\meltrium-901c68.json
2026-07-17 05:52:41 | INFO     | OK https://skeb.jp/api/users/buster_knight_
2026-07-17 05:52:41 | INFO     | Saving at archive\skeb\buster_knight_-22a700.json
2026-07-17 05:52:42 | INFO     | OK https://skeb.jp/api/users/see_ya_c
2026-07-17 05:52:42 | INFO     | Saving at archive\skeb\see_ya_c-a3cb7c.json
2026-07-17 05:52:43 | WARNING  | 404 on https://skeb.jp/api/users/nattamati_ (attempt 1/3)
2026-07-17 05:52:44 | INFO     | OK https://skeb.jp/api/users/harusame_298yen
2026-07-17 05:52:44 | INFO     | Saving at archive\skeb\harusame_298yen-f9b862.json
2026-07-17 05:52:45 | INFO     | OK https://skeb.jp/api/users/kotamayukki
2026-07-17 05:52:45 | INFO     | Saving at archive\skeb\kotamayukki-3689f6.json
2026-07-17 05:52:46 | INFO     | OK https://skeb.jp/api/users/arimurax69
2026-07-17 05:52:46 | INFO     | Saving at archive\skeb\arimurax69-2ffbe5.json
2026-07-17 05:52:47 | INFO     | OK https://skeb.jp/api/users/1nonomiya
2026-07-17 05:52:47 | INFO     | Saving at archive\skeb\1nonomiya-898fc3.json
2026-07-17 05:52:48 | INFO     | OK https://skeb.jp/api/users/baby_ayucha
2026-07-17 05:52:48 | INFO     | Saving at archive\skeb\baby_ayucha-1a2bde.json
2026-07-17 05:52:49 | INFO     | OK https://skeb.jp/api/users/chakenoko
2026-07-17 05:52:49 | INFO     | Saving at archive\skeb\chakenoko-a78fd4.json
2026-07-17 05:52:50 | WARNING  | 404 on https://skeb.jp/api/users/aki_ra3_ (attempt 1/3)
2026-07-17 05:52:51 | WARNING  | 404 on https://skeb.jp/api/users/nattamati_ (attempt 2/3)
2026-07-17 05:52:52 | WARNING  | 404 on https://skeb.jp/api/users/ghcfujfc1 (attempt 3/3)
2026-07-17 05:52:53 | INFO     | OK https://skeb.jp/api/users/harup00
2026-07-17 05:52:53 | INFO     | Saving at archive\skeb\harup00-7521c1.json
2026-07-17 05:52:54 | INFO     | OK https://skeb.jp/api/users/zvnIRnFIRE
2026-07-17 05:52:54 | INFO     | Saving at archive\skeb\zvnIRnFIRE-00c46a.json
2026-07-17 05:52:55 | INFO     | OK https://skeb.jp/api/users/sekirei_create
2026-07-17 05:52:55 | INFO     | Saving at archive\skeb\sekirei_create-3f07f0.json
2026-07-17 05:52:56 | INFO     | OK https://skeb.jp/api/users/_neko_chaan
2026-07-17 05:52:56 | INFO     | Saving at archive\skeb\_neko_chaan-bfe5e5.json
2026-07-17 05:52:57 | WARNING  | 404 on https://skeb.jp/api/users/nattamati_ (attempt 3/3)
2026-07-17 05:52:58 | WARNING  | 404 on https://skeb.jp/api/users/aki_ra3_ (attempt 2/3)
2026-07-17 05:52:59 | INFO     | OK https://skeb.jp/api/users/Kratnoe
2026-07-17 05:52:59 | INFO     | Saving at archive\skeb\Kratnoe-3716b0.json
2026-07-17 05:53:00 | INFO     | OK https://skeb.jp/api/users/guratoni_18
2026-07-17 05:53:00 | INFO     | Saving at archive\skeb\guratoni_18-dadb0c.json
2026-07-17 05:53:01 | INFO     | OK https://skeb.jp/api/users/N1_chiko
2026-07-17 05:53:01 | INFO     | Saving at archive\skeb\N1_chiko-bdd25c.json
2026-07-17 05:53:02 | INFO     | OK https://skeb.jp/api/users/Ryo_Izumo
2026-07-17 05:53:02 | INFO     | Saving at archive\skeb\Ryo_Izumo-ff5b2b.json
2026-07-17 05:53:03 | INFO     | OK https://skeb.jp/api/users/gunima03
2026-07-17 05:53:03 | INFO     | Saving at archive\skeb\gunima03-ff4417.json
2026-07-17 05:53:04 | INFO     | OK https://skeb.jp/api/users/crowcry_cawcaw
2026-07-17 05:53:04 | INFO     | Saving at archive\skeb\crowcry_cawcaw-691996.json
2026-07-17 05:53:05 | INFO     | OK https://skeb.jp/api/users/gohannotutuku
2026-07-17 05:53:05 | INFO     | Saving at archive\skeb\gohannotutuku-dd4fe9.json
2026-07-17 05:53:06 | INFO     | OK https://skeb.jp/api/users/goodluck
2026-07-17 05:53:06 | INFO     | Saving at archive\skeb\goodluck-14ed1a.json
2026-07-17 05:53:07 | INFO     | OK https://skeb.jp/api/users/ohagiohagiyes
2026-07-17 05:53:07 | INFO     | Saving at archive\skeb\ohagiohagiyes-08d04c.json
2026-07-17 05:53:08 | INFO     | OK https://skeb.jp/api/users/nakanobuki
2026-07-17 05:53:08 | INFO     | Saving at archive\skeb\nakanobuki-adb0b0.json
2026-07-17 05:53:09 | INFO     | OK https://skeb.jp/api/users/dogokiburinu
2026-07-17 05:53:09 | INFO     | Saving at archive\skeb\dogokiburinu-73f3ca.json
2026-07-17 05:53:10 | WARNING  | 404 on https://skeb.jp/api/users/aki_ra3_ (attempt 3/3)
2026-07-17 05:53:11 | INFO     | OK https://skeb.jp/api/users/kilt_cute
2026-07-17 05:53:11 | INFO     | Saving at archive\skeb\kilt_cute-873685.json
2026-07-17 05:53:12 | INFO     | OK https://skeb.jp/api/users/rikuma_asna
2026-07-17 05:53:12 | INFO     | Saving at archive\skeb\rikuma_asna-818925.json
2026-07-17 05:53:13 | INFO     | OK https://skeb.jp/api/users/chie3327
2026-07-17 05:53:13 | INFO     | Saving at archive\skeb\chie3327-bda5c0.json
2026-07-17 05:53:14 | INFO     | OK https://skeb.jp/api/users/warabisuke
2026-07-17 05:53:14 | INFO     | Saving at archive\skeb\warabisuke-50b7de.json
2026-07-17 05:53:15 | INFO     | OK https://skeb.jp/api/users/orca_shinkai01
2026-07-17 05:53:15 | INFO     | Saving at archive\skeb\orca_shinkai01-176a3d.json
2026-07-17 05:53:16 | INFO     | OK https://skeb.jp/api/users/chiyokoi_koi
2026-07-17 05:53:16 | INFO     | Saving at archive\skeb\chiyokoi_koi-c32d57.json
2026-07-17 05:53:17 | INFO     | OK https://skeb.jp/api/users/v4n6hskyyy
2026-07-17 05:53:17 | INFO     | Saving at archive\skeb\v4n6hskyyy-fb5b57.json
2026-07-17 05:53:19 | INFO     | OK https://skeb.jp/api/users/sun_droplet
2026-07-17 05:53:19 | INFO     | Saving at archive\skeb\sun_droplet-8b9c2c.json
2026-07-17 05:53:19 | INFO     | OK https://skeb.jp/api/users/yoitor1
2026-07-17 05:53:19 | INFO     | Saving at archive\skeb\yoitor1-fd4763.json
2026-07-17 05:53:20 | WARNING  | 404 on https://skeb.jp/api/users/vHoo__ (attempt 1/3)
2026-07-17 05:53:22 | INFO     | OK https://skeb.jp/api/users/hoshiya04
2026-07-17 05:53:22 | INFO     | Saving at archive\skeb\hoshiya04-e32498.json
2026-07-17 05:53:23 | INFO     | OK https://skeb.jp/api/users/oo_256
2026-07-17 05:53:23 | INFO     | Saving at archive\skeb\oo_256-c5e8ff.json
2026-07-17 05:53:24 | INFO     | OK https://skeb.jp/api/users/akayama_ayane
2026-07-17 05:53:24 | INFO     | Saving at archive\skeb\akayama_ayane-59a935.json
2026-07-17 05:53:25 | WARNING  | 404 on https://skeb.jp/api/users/yamin_himamo23 (attempt 1/3)
2026-07-17 05:53:26 | WARNING  | 404 on https://skeb.jp/api/users/NOm0y0i (attempt 1/3)
2026-07-17 05:53:27 | INFO     | OK https://skeb.jp/api/users/mottoegakakitai
2026-07-17 05:53:27 | INFO     | Saving at archive\skeb\mottoegakakitai-307469.json
2026-07-17 05:53:28 | INFO     | OK https://skeb.jp/api/users/mimizuunyounyo
2026-07-17 05:53:28 | INFO     | Saving at archive\skeb\mimizuunyounyo-6bb602.json
2026-07-17 05:53:29 | INFO     | OK https://skeb.jp/api/users/goldpana
2026-07-17 05:53:29 | INFO     | Saving at archive\skeb\goldpana-dc8e17.json
2026-07-17 05:53:30 | WARNING  | 404 on https://skeb.jp/api/users/vHoo__ (attempt 2/3)
2026-07-17 05:53:31 | INFO     | OK https://skeb.jp/api/users/zensokupunks
2026-07-17 05:53:31 | INFO     | Saving at archive\skeb\zensokupunks-14de15.json
2026-07-17 05:53:32 | WARNING  | 404 on https://skeb.jp/api/users/yamin_himamo23 (attempt 2/3)
2026-07-17 05:53:33 | INFO     | OK https://skeb.jp/api/users/asr_mo_chi
2026-07-17 05:53:33 | INFO     | Saving at archive\skeb\asr_mo_chi-8c2ee8.json
2026-07-17 05:53:34 | INFO     | OK https://skeb.jp/api/users/Na____ri
2026-07-17 05:53:34 | INFO     | Saving at archive\skeb\Na____ri-1e93ad.json
2026-07-17 05:53:35 | INFO     | OK https://skeb.jp/api/users/lambne_1
2026-07-17 05:53:35 | INFO     | Saving at archive\skeb\lambne_1-ae4198.json
2026-07-17 05:53:36 | INFO     | OK https://skeb.jp/api/users/eo_060503
2026-07-17 05:53:36 | INFO     | Saving at archive\skeb\eo_060503-bafd53.json
2026-07-17 05:53:37 | WARNING  | 404 on https://skeb.jp/api/users/NOm0y0i (attempt 2/3)
2026-07-17 05:53:38 | INFO     | OK https://skeb.jp/api/users/miyama_ves
2026-07-17 05:53:38 | INFO     | Saving at archive\skeb\miyama_ves-046715.json
2026-07-17 05:53:39 | WARNING  | 404 on https://skeb.jp/api/users/vHoo__ (attempt 3/3)
2026-07-17 05:53:40 | INFO     | OK https://skeb.jp/api/users/katsu7k2
2026-07-17 05:53:40 | INFO     | Saving at archive\skeb\katsu7k2-089f95.json
2026-07-17 05:53:41 | INFO     | OK https://skeb.jp/api/users/siratamanikukyu
2026-07-17 05:53:41 | INFO     | Saving at archive\skeb\siratamanikukyu-3f95e8.json
2026-07-17 05:53:42 | INFO     | OK https://skeb.jp/api/users/aguraoyaji
2026-07-17 05:53:42 | INFO     | Saving at archive\skeb\aguraoyaji-753df9.json
2026-07-17 05:53:43 | INFO     | OK https://skeb.jp/api/users/sasagu02
2026-07-17 05:53:43 | INFO     | Saving at archive\skeb\sasagu02-283bb3.json
2026-07-17 05:53:44 | INFO     | OK https://skeb.jp/api/users/kitten0024
2026-07-17 05:53:44 | INFO     | Saving at archive\skeb\kitten0024-365d64.json
2026-07-17 05:53:45 | INFO     | OK https://skeb.jp/api/users/npxuYDs9rqOjWXn
2026-07-17 05:53:45 | INFO     | Saving at archive\skeb\npxuYDs9rqOjWXn-e4389f.json
2026-07-17 05:53:46 | INFO     | OK https://skeb.jp/api/users/_Fr_kawa_
2026-07-17 05:53:46 | INFO     | Saving at archive\skeb\_Fr_kawa_-eaa72c.json
2026-07-17 05:53:47 | WARNING  | 404 on https://skeb.jp/api/users/NOm0y0i (attempt 3/3)
2026-07-17 05:53:48 | INFO     | OK https://skeb.jp/api/users/ellesigonhtrgt
2026-07-17 05:53:48 | INFO     | Saving at archive\skeb\ellesigonhtrgt-55fdd6.json
2026-07-17 05:53:49 | INFO     | OK https://skeb.jp/api/users/DJRaisei
2026-07-17 05:53:49 | INFO     | Saving at archive\skeb\DJRaisei-a40f1d.json
2026-07-17 05:53:50 | INFO     | OK https://skeb.jp/api/users/KonamiPeppler
2026-07-17 05:53:50 | INFO     | Saving at archive\skeb\KonamiPeppler-fe1d85.json
2026-07-17 05:53:51 | WARNING  | 404 on https://skeb.jp/api/users/yamin_himamo23 (attempt 3/3)
2026-07-17 05:53:52 | INFO     | OK https://skeb.jp/api/users/mikansuke03
2026-07-17 05:53:52 | INFO     | Saving at archive\skeb\mikansuke03-1e5a4b.json
2026-07-17 05:53:53 | INFO     | OK https://skeb.jp/api/users/nj_maru
2026-07-17 05:53:53 | INFO     | Saving at archive\skeb\nj_maru-7a6f14.json
2026-07-17 05:53:54 | INFO     | OK https://skeb.jp/api/users/ri_neb
2026-07-17 05:53:54 | INFO     | Saving at archive\skeb\ri_neb-cb68be.json
2026-07-17 05:53:55 | INFO     | OK https://skeb.jp/api/users/kunom1ya
2026-07-17 05:53:55 | INFO     | Saving at archive\skeb\kunom1ya-7c55c5.json
2026-07-17 05:53:56 | INFO     | OK https://skeb.jp/api/users/kimagurekisagne
2026-07-17 05:53:56 | INFO     | Saving at archive\skeb\kimagurekisagne-b1359f.json
2026-07-17 05:53:57 | INFO     | OK https://skeb.jp/api/users/taka_narou8314
2026-07-17 05:53:57 | INFO     | Saving at archive\skeb\taka_narou8314-152ef8.json
2026-07-17 05:53:58 | INFO     | OK https://skeb.jp/api/users/udoon_ningen
2026-07-17 05:53:58 | INFO     | Saving at archive\skeb\udoon_ningen-6dc23e.json
2026-07-17 05:53:59 | INFO     | OK https://skeb.jp/api/users/kamizononatuka
2026-07-17 05:53:59 | INFO     | Saving at archive\skeb\kamizononatuka-9b97d9.json
2026-07-17 05:54:00 | INFO     | OK https://skeb.jp/api/users/HalHAL_RECKLESS
2026-07-17 05:54:00 | INFO     | Saving at archive\skeb\HalHAL_RECKLESS-88f38e.json
2026-07-17 05:54:01 | INFO     | OK https://skeb.jp/api/users/SkyGUNSOU43
2026-07-17 05:54:01 | INFO     | Saving at archive\skeb\SkyGUNSOU43-44a486.json
2026-07-17 05:54:02 | INFO     | OK https://skeb.jp/api/users/ariarinko81
2026-07-17 05:54:02 | INFO     | Saving at archive\skeb\ariarinko81-d1711a.json
2026-07-17 05:54:03 | INFO     | OK https://skeb.jp/api/users/serifu_krag
2026-07-17 05:54:03 | INFO     | Saving at archive\skeb\serifu_krag-8e8fc9.json
2026-07-17 05:54:04 | WARNING  | 404 on https://skeb.jp/api/users/fukafuka_no_inu (attempt 1/3)
2026-07-17 05:54:05 | INFO     | OK https://skeb.jp/api/users/su_gama_
2026-07-17 05:54:05 | INFO     | Saving at archive\skeb\su_gama_-1c5d39.json
2026-07-17 05:54:06 | INFO     | OK https://skeb.jp/api/users/shiinyan417ver2
2026-07-17 05:54:06 | INFO     | Saving at archive\skeb\shiinyan417ver2-d47c90.json
2026-07-17 05:54:07 | INFO     | OK https://skeb.jp/api/users/kaokuma00
2026-07-17 05:54:07 | INFO     | Saving at archive\skeb\kaokuma00-916311.json
2026-07-17 05:54:08 | INFO     | OK https://skeb.jp/api/users/coco_Sakrse
2026-07-17 05:54:08 | INFO     | Saving at archive\skeb\coco_Sakrse-a7b4df.json
2026-07-17 05:54:09 | INFO     | OK https://skeb.jp/api/users/soranishi_hiro
2026-07-17 05:54:09 | INFO     | Saving at archive\skeb\soranishi_hiro-844211.json
2026-07-17 05:54:10 | INFO     | OK https://skeb.jp/api/users/chi_iii_iii2
2026-07-17 05:54:10 | INFO     | Saving at archive\skeb\chi_iii_iii2-6b6490.json
2026-07-17 05:54:11 | INFO     | OK https://skeb.jp/api/users/burakishian
2026-07-17 05:54:11 | INFO     | Saving at archive\skeb\burakishian-9b2923.json
2026-07-17 05:54:12 | INFO     | OK https://skeb.jp/api/users/uhohoooi
2026-07-17 05:54:12 | INFO     | Saving at archive\skeb\uhohoooi-8d04eb.json
2026-07-17 05:54:13 | INFO     | OK https://skeb.jp/api/users/karin_in2367
2026-07-17 05:54:13 | INFO     | Saving at archive\skeb\karin_in2367-76726c.json
2026-07-17 05:54:14 | INFO     | OK https://skeb.jp/api/users/mmst_01
2026-07-17 05:54:14 | INFO     | Saving at archive\skeb\mmst_01-f2160a.json
2026-07-17 05:54:15 | INFO     | OK https://skeb.jp/api/users/hutatuki_eru
2026-07-17 05:54:15 | INFO     | Saving at archive\skeb\hutatuki_eru-dc943e.json
2026-07-17 05:54:16 | INFO     | OK https://skeb.jp/api/users/banecromoa
2026-07-17 05:54:16 | INFO     | Saving at archive\skeb\banecromoa-0bbb75.json
2026-07-17 05:54:17 | INFO     | OK https://skeb.jp/api/users/KRoka_riz_rst
2026-07-17 05:54:17 | INFO     | Saving at archive\skeb\KRoka_riz_rst-3119df.json
2026-07-17 05:54:18 | INFO     | OK https://skeb.jp/api/users/KOIKEBOX
2026-07-17 05:54:18 | INFO     | Saving at archive\skeb\KOIKEBOX-86bb72.json
2026-07-17 05:54:19 | INFO     | OK https://skeb.jp/api/users/otakuasobi
2026-07-17 05:54:19 | INFO     | Saving at archive\skeb\otakuasobi-3540a3.json
2026-07-17 05:54:20 | INFO     | OK https://skeb.jp/api/users/ikuragunkandon
2026-07-17 05:54:20 | INFO     | Saving at archive\skeb\ikuragunkandon-aa57f4.json
2026-07-17 05:54:21 | INFO     | OK https://skeb.jp/api/users/pensukeo
2026-07-17 05:54:21 | INFO     | Saving at archive\skeb\pensukeo-c8947b.json
2026-07-17 05:54:22 | INFO     | OK https://skeb.jp/api/users/maona_ouo
2026-07-17 05:54:22 | INFO     | Saving at archive\skeb\maona_ouo-c692d1.json
2026-07-17 05:54:23 | INFO     | OK https://skeb.jp/api/users/3cbllr
2026-07-17 05:54:23 | INFO     | Saving at archive\skeb\3cbllr-3b23d9.json
2026-07-17 05:54:24 | INFO     | OK https://skeb.jp/api/users/anbiyori
2026-07-17 05:54:24 | INFO     | Saving at archive\skeb\anbiyori-1699ac.json
2026-07-17 05:54:25 | WARNING  | 404 on https://skeb.jp/api/users/fukafuka_no_inu (attempt 2/3)
2026-07-17 05:54:26 | INFO     | OK https://skeb.jp/api/users/yuukina_yuri
2026-07-17 05:54:26 | INFO     | Saving at archive\skeb\yuukina_yuri-a56653.json
2026-07-17 05:54:27 | INFO     | OK https://skeb.jp/api/users/asrak252525
2026-07-17 05:54:27 | INFO     | Saving at archive\skeb\asrak252525-406801.json
2026-07-17 05:54:28 | INFO     | OK https://skeb.jp/api/users/Akemeow7
2026-07-17 05:54:28 | INFO     | Saving at archive\skeb\Akemeow7-74a57e.json
2026-07-17 05:54:29 | INFO     | OK https://skeb.jp/api/users/kuruto_trpg_65
2026-07-17 05:54:29 | INFO     | Saving at archive\skeb\kuruto_trpg_65-f42783.json
2026-07-17 05:54:30 | INFO     | OK https://skeb.jp/api/users/nanashibax
2026-07-17 05:54:30 | INFO     | Saving at archive\skeb\nanashibax-9996bb.json
2026-07-17 05:54:31 | WARNING  | 404 on https://skeb.jp/api/users/Ryuzi_27 (attempt 1/3)
2026-07-17 05:54:32 | INFO     | OK https://skeb.jp/api/users/rei_h6skeb
2026-07-17 05:54:32 | INFO     | Saving at archive\skeb\rei_h6skeb-51f731.json
2026-07-17 05:54:33 | WARNING  | 404 on https://skeb.jp/api/users/fukafuka_no_inu (attempt 3/3)
2026-07-17 05:54:34 | INFO     | OK https://skeb.jp/api/users/sysy_days
2026-07-17 05:54:34 | INFO     | Saving at archive\skeb\sysy_days-985402.json
2026-07-17 05:54:35 | INFO     | OK https://skeb.jp/api/users/nido_climax
2026-07-17 05:54:35 | INFO     | Saving at archive\skeb\nido_climax-81df5e.json
2026-07-17 05:54:36 | INFO     | OK https://skeb.jp/api/users/syaosyaopaint
2026-07-17 05:54:36 | INFO     | Saving at archive\skeb\syaosyaopaint-ad26da.json
2026-07-17 05:54:37 | INFO     | OK https://skeb.jp/api/users/7LQ8nTFzX4fiQc1
2026-07-17 05:54:37 | INFO     | Saving at archive\skeb\7LQ8nTFzX4fiQc1-e4d8b2.json
2026-07-17 05:54:38 | INFO     | OK https://skeb.jp/api/users/mitoranao
2026-07-17 05:54:38 | INFO     | Saving at archive\skeb\mitoranao-2c6e47.json
2026-07-17 05:54:39 | INFO     | OK https://skeb.jp/api/users/IchigoMilk_610
2026-07-17 05:54:39 | INFO     | Saving at archive\skeb\IchigoMilk_610-434f3c.json
2026-07-17 05:54:40 | WARNING  | 404 on https://skeb.jp/api/users/m3x3_sk (attempt 1/3)
2026-07-17 05:54:41 | INFO     | OK https://skeb.jp/api/users/shinchokukannri
2026-07-17 05:54:41 | INFO     | Saving at archive\skeb\shinchokukannri-4cbf86.json
2026-07-17 05:54:42 | WARNING  | 404 on https://skeb.jp/api/users/m3x3_sk (attempt 2/3)
2026-07-17 05:54:44 | INFO     | OK https://skeb.jp/api/users/hipunochipi
2026-07-17 05:54:44 | INFO     | Saving at archive\skeb\hipunochipi-139a47.json
2026-07-17 05:54:45 | INFO     | OK https://skeb.jp/api/users/HaNa___0804
2026-07-17 05:54:45 | INFO     | Saving at archive\skeb\HaNa___0804-fce763.json
2026-07-17 05:54:46 | WARNING  | 404 on https://skeb.jp/api/users/killy810 (attempt 1/3)
2026-07-17 05:54:47 | INFO     | OK https://skeb.jp/api/users/ogaku_n
2026-07-17 05:54:47 | INFO     | Saving at archive\skeb\ogaku_n-a5aa5f.json
2026-07-17 05:54:48 | INFO     | OK https://skeb.jp/api/users/yusakovichi
2026-07-17 05:54:48 | INFO     | Saving at archive\skeb\yusakovichi-abad56.json
2026-07-17 05:54:49 | INFO     | OK https://skeb.jp/api/users/pochi_11v11
2026-07-17 05:54:49 | INFO     | Saving at archive\skeb\pochi_11v11-30d558.json
2026-07-17 05:54:50 | INFO     | OK https://skeb.jp/api/users/31A_dayo
2026-07-17 05:54:50 | INFO     | Saving at archive\skeb\31A_dayo-483151.json
2026-07-17 05:54:51 | INFO     | OK https://skeb.jp/api/users/fuwa_tama__
2026-07-17 05:54:51 | INFO     | Saving at archive\skeb\fuwa_tama__-3c70f4.json
2026-07-17 05:54:52 | WARNING  | 404 on https://skeb.jp/api/users/m3x3_sk (attempt 3/3)
2026-07-17 05:54:53 | INFO     | OK https://skeb.jp/api/users/zexeed_elshim
2026-07-17 05:54:53 | INFO     | Saving at archive\skeb\zexeed_elshim-b47e95.json
2026-07-17 05:54:54 | INFO     | OK https://skeb.jp/api/users/22888ao
2026-07-17 05:54:54 | INFO     | Saving at archive\skeb\22888ao-a9f0a3.json
2026-07-17 05:54:55 | INFO     | OK https://skeb.jp/api/users/88papiko88
2026-07-17 05:54:55 | INFO     | Saving at archive\skeb\88papiko88-cb719f.json
2026-07-17 05:54:56 | INFO     | OK https://skeb.jp/api/users/samehada1205
2026-07-17 05:54:56 | INFO     | Saving at archive\skeb\samehada1205-eba413.json
2026-07-17 05:54:57 | WARNING  | 404 on https://skeb.jp/api/users/killy810 (attempt 2/3)
2026-07-17 05:54:58 | INFO     | OK https://skeb.jp/api/users/AU_setuko
2026-07-17 05:54:58 | INFO     | Saving at archive\skeb\AU_setuko-0e1632.json
2026-07-17 05:54:59 | INFO     | OK https://skeb.jp/api/users/amefuri00000
2026-07-17 05:54:59 | INFO     | Saving at archive\skeb\amefuri00000-5df941.json
2026-07-17 05:55:00 | WARNING  | 404 on https://skeb.jp/api/users/Ryuzi_27 (attempt 2/3)
2026-07-17 05:55:01 | INFO     | OK https://skeb.jp/api/users/shin7010
2026-07-17 05:55:01 | INFO     | Saving at archive\skeb\shin7010-112903.json
2026-07-17 05:55:02 | WARNING  | 404 on https://skeb.jp/api/users/killy810 (attempt 3/3)
2026-07-17 05:55:03 | INFO     | OK https://skeb.jp/api/users/syunka_tunakan
2026-07-17 05:55:03 | INFO     | Saving at archive\skeb\syunka_tunakan-3e14d8.json
2026-07-17 05:55:04 | INFO     | OK https://skeb.jp/api/users/inooka72
2026-07-17 05:55:04 | INFO     | Saving at archive\skeb\inooka72-ac0e50.json
2026-07-17 05:55:05 | INFO     | OK https://skeb.jp/api/users/0kame8moku
2026-07-17 05:55:05 | INFO     | Saving at archive\skeb\0kame8moku-528d70.json
2026-07-17 05:55:06 | INFO     | OK https://skeb.jp/api/users/otakebiyasan
2026-07-17 05:55:06 | INFO     | Saving at archive\skeb\otakebiyasan-083ccd.json
2026-07-17 05:55:07 | INFO     | OK https://skeb.jp/api/users/kameda_____
2026-07-17 05:55:07 | INFO     | Saving at archive\skeb\kameda_____-c4e312.json
2026-07-17 05:55:08 | INFO     | OK https://skeb.jp/api/users/aoi_shirohama
2026-07-17 05:55:08 | INFO     | Saving at archive\skeb\aoi_shirohama-b37e2b.json
2026-07-17 05:55:09 | WARNING  | 404 on https://skeb.jp/api/users/Ryuzi_27 (attempt 3/3)
2026-07-17 05:55:10 | INFO     | OK https://skeb.jp/api/users/amayuzu_920
2026-07-17 05:55:10 | INFO     | Saving at archive\skeb\amayuzu_920-cb0669.json
2026-07-17 05:55:11 | INFO     | OK https://skeb.jp/api/users/kombu_voice
2026-07-17 05:55:11 | INFO     | Saving at archive\skeb\kombu_voice-e1d1bc.json
2026-07-17 05:55:12 | INFO     | OK https://skeb.jp/api/users/retalseta
2026-07-17 05:55:12 | INFO     | Saving at archive\skeb\retalseta-dff8e8.json
2026-07-17 05:55:13 | INFO     | OK https://skeb.jp/api/users/TwilightHunt
2026-07-17 05:55:13 | INFO     | Saving at archive\skeb\TwilightHunt-ae68e6.json
2026-07-17 05:55:14 | INFO     | OK https://skeb.jp/api/users/FllW2a
2026-07-17 05:55:14 | INFO     | Saving at archive\skeb\FllW2a-2a1995.json
2026-07-17 05:55:15 | INFO     | OK https://skeb.jp/api/users/tsukiyono0522
2026-07-17 05:55:15 | INFO     | Saving at archive\skeb\tsukiyono0522-954e02.json
2026-07-17 05:55:16 | INFO     | OK https://skeb.jp/api/users/sonasiz
2026-07-17 05:55:16 | INFO     | Saving at archive\skeb\sonasiz-f7a360.json
2026-07-17 05:55:17 | INFO     | OK https://skeb.jp/api/users/IkuseisouRa
2026-07-17 05:55:17 | INFO     | Saving at archive\skeb\IkuseisouRa-532bc3.json
2026-07-17 05:55:18 | INFO     | OK https://skeb.jp/api/users/muraILLUST
2026-07-17 05:55:18 | INFO     | Saving at archive\skeb\muraILLUST-880774.json
2026-07-17 05:55:19 | INFO     | OK https://skeb.jp/api/users/jacky_dayo
2026-07-17 05:55:19 | INFO     | Saving at archive\skeb\jacky_dayo-3b63d8.json
2026-07-17 05:55:20 | INFO     | OK https://skeb.jp/api/users/fa___nta
2026-07-17 05:55:20 | INFO     | Saving at archive\skeb\fa___nta-6de4c9.json
2026-07-17 05:55:21 | INFO     | OK https://skeb.jp/api/users/mono13tomono
2026-07-17 05:55:21 | INFO     | Saving at archive\skeb\mono13tomono-8d22bf.json
2026-07-17 05:55:22 | INFO     | OK https://skeb.jp/api/users/boku_jou
2026-07-17 05:55:22 | INFO     | Saving at archive\skeb\boku_jou-3ce75f.json
2026-07-17 05:55:23 | INFO     | OK https://skeb.jp/api/users/Aco_Necoilie
2026-07-17 05:55:23 | INFO     | Saving at archive\skeb\Aco_Necoilie-702b5e.json
2026-07-17 05:55:24 | INFO     | OK https://skeb.jp/api/users/ulagumo
2026-07-17 05:55:24 | INFO     | Saving at archive\skeb\ulagumo-24c0fc.json
2026-07-17 05:55:25 | INFO     | OK https://skeb.jp/api/users/Faze_Color
2026-07-17 05:55:25 | INFO     | Saving at archive\skeb\Faze_Color-55599a.json
2026-07-17 05:55:26 | WARNING  | 404 on https://skeb.jp/api/users/EDO__nyan (attempt 1/3)
2026-07-17 05:55:27 | INFO     | OK https://skeb.jp/api/users/vmBYu5unSC43528
2026-07-17 05:55:27 | INFO     | Saving at archive\skeb\vmBYu5unSC43528-ad3db2.json
2026-07-17 05:55:28 | INFO     | OK https://skeb.jp/api/users/q4fjzHvQe8
2026-07-17 05:55:28 | INFO     | Saving at archive\skeb\q4fjzHvQe8-5cffd1.json
2026-07-17 05:55:29 | INFO     | OK https://skeb.jp/api/users/yatarex
2026-07-17 05:55:29 | INFO     | Saving at archive\skeb\yatarex-42ce36.json
2026-07-17 05:55:30 | INFO     | OK https://skeb.jp/api/users/bontomu
2026-07-17 05:55:30 | INFO     | Saving at archive\skeb\bontomu-aee678.json
2026-07-17 05:55:31 | INFO     | OK https://skeb.jp/api/users/dkdkwssioi
2026-07-17 05:55:31 | INFO     | Saving at archive\skeb\dkdkwssioi-15b33d.json
2026-07-17 05:55:32 | WARNING  | 404 on https://skeb.jp/api/users/Iam_Ciikawa (attempt 1/3)
2026-07-17 05:55:33 | INFO     | OK https://skeb.jp/api/users/leLion36502139
2026-07-17 05:55:33 | INFO     | Saving at archive\skeb\leLion36502139-aec7d4.json
2026-07-17 05:55:34 | INFO     | OK https://skeb.jp/api/users/Suzu_Fujitsuki
2026-07-17 05:55:34 | INFO     | Saving at archive\skeb\Suzu_Fujitsuki-972ef8.json
2026-07-17 05:55:35 | INFO     | OK https://skeb.jp/api/users/28ki_zzz
2026-07-17 05:55:35 | INFO     | Saving at archive\skeb\28ki_zzz-e74be5.json
2026-07-17 05:55:36 | WARNING  | 404 on https://skeb.jp/api/users/Iam_Ciikawa (attempt 2/3)
2026-07-17 05:55:37 | INFO     | OK https://skeb.jp/api/users/Caiga12_SSG
2026-07-17 05:55:37 | INFO     | Saving at archive\skeb\Caiga12_SSG-767fdc.json
2026-07-17 05:55:38 | WARNING  | 404 on https://skeb.jp/api/users/EDO__nyan (attempt 2/3)
2026-07-17 05:55:39 | INFO     | OK https://skeb.jp/api/users/barrage1992
2026-07-17 05:55:39 | INFO     | Saving at archive\skeb\barrage1992-911d4f.json
2026-07-17 05:55:40 | INFO     | OK https://skeb.jp/api/users/MINMIism
2026-07-17 05:55:40 | INFO     | Saving at archive\skeb\MINMIism-856469.json
2026-07-17 05:55:41 | INFO     | OK https://skeb.jp/api/users/KM_VRCac
2026-07-17 05:55:41 | INFO     | Saving at archive\skeb\KM_VRCac-86db46.json
2026-07-17 05:55:42 | INFO     | OK https://skeb.jp/api/users/minami_suiha_18
2026-07-17 05:55:42 | INFO     | Saving at archive\skeb\minami_suiha_18-9d2dcf.json
2026-07-17 05:55:43 | WARNING  | 404 on https://skeb.jp/api/users/Iam_Ciikawa (attempt 3/3)
2026-07-17 05:55:44 | INFO     | OK https://skeb.jp/api/users/rakkan_399
2026-07-17 05:55:44 | INFO     | Saving at archive\skeb\rakkan_399-40f0ea.json
2026-07-17 05:55:45 | INFO     | OK https://skeb.jp/api/users/okera_sz
2026-07-17 05:55:45 | INFO     | Saving at archive\skeb\okera_sz-7ddfee.json
2026-07-17 05:55:46 | INFO     | OK https://skeb.jp/api/users/sironasi3
2026-07-17 05:55:46 | INFO     | Saving at archive\skeb\sironasi3-950824.json
2026-07-17 05:55:47 | INFO     | OK https://skeb.jp/api/users/moyurun_san
2026-07-17 05:55:47 | INFO     | Saving at archive\skeb\moyurun_san-84c5ce.json
2026-07-17 05:55:48 | INFO     | OK https://skeb.jp/api/users/kurasina10_root
2026-07-17 05:55:48 | INFO     | Saving at archive\skeb\kurasina10_root-625414.json
2026-07-17 05:55:49 | INFO     | OK https://skeb.jp/api/users/sakamiyariwike
2026-07-17 05:55:49 | INFO     | Saving at archive\skeb\sakamiyariwike-00dab2.json
2026-07-17 05:55:50 | INFO     | OK https://skeb.jp/api/users/shiba_sinnsia
2026-07-17 05:55:50 | INFO     | Saving at archive\skeb\shiba_sinnsia-e7b982.json
2026-07-17 05:55:51 | INFO     | OK https://skeb.jp/api/users/e9lea
2026-07-17 05:55:51 | INFO     | Saving at archive\skeb\e9lea-c625ea.json
2026-07-17 05:55:52 | INFO     | OK https://skeb.jp/api/users/E_rrrt
2026-07-17 05:55:52 | INFO     | Saving at archive\skeb\E_rrrt-33de83.json
2026-07-17 05:55:53 | INFO     | OK https://skeb.jp/api/users/hoshi_ronpa_
2026-07-17 05:55:53 | INFO     | Saving at archive\skeb\hoshi_ronpa_-491bdc.json
2026-07-17 05:55:54 | INFO     | OK https://skeb.jp/api/users/maple_virtual
2026-07-17 05:55:54 | INFO     | Saving at archive\skeb\maple_virtual-b05d6c.json
2026-07-17 05:55:55 | INFO     | OK https://skeb.jp/api/users/motomatsu01
2026-07-17 05:55:55 | INFO     | Saving at archive\skeb\motomatsu01-9d9f17.json
2026-07-17 05:55:56 | INFO     | OK https://skeb.jp/api/users/antimatterprobs
2026-07-17 05:55:56 | INFO     | Saving at archive\skeb\antimatterprobs-739585.json
2026-07-17 05:55:57 | INFO     | OK https://skeb.jp/api/users/ananatayou
2026-07-17 05:55:57 | INFO     | Saving at archive\skeb\ananatayou-3f5ba0.json
2026-07-17 05:55:58 | INFO     | OK https://skeb.jp/api/users/DanGo000330
2026-07-17 05:55:58 | INFO     | Saving at archive\skeb\DanGo000330-6494e4.json
2026-07-17 05:55:59 | INFO     | OK https://skeb.jp/api/users/_2yasiro
2026-07-17 05:55:59 | INFO     | Saving at archive\skeb\_2yasiro-f4ef31.json
2026-07-17 05:56:00 | INFO     | OK https://skeb.jp/api/users/suzune_rin_
2026-07-17 05:56:00 | INFO     | Saving at archive\skeb\suzune_rin_-f300bb.json
2026-07-17 05:56:01 | INFO     | OK https://skeb.jp/api/users/Cima6_
2026-07-17 05:56:01 | INFO     | Saving at archive\skeb\Cima6_-1872af.json
2026-07-17 05:56:02 | INFO     | OK https://skeb.jp/api/users/Amane
2026-07-17 05:56:02 | INFO     | Saving at archive\skeb\Amane-0fb174.json
2026-07-17 05:56:03 | INFO     | OK https://skeb.jp/api/users/Dakuryu_0411
2026-07-17 05:56:03 | INFO     | Saving at archive\skeb\Dakuryu_0411-528852.json
2026-07-17 05:56:04 | INFO     | OK https://skeb.jp/api/users/KaN_SenaP
2026-07-17 05:56:04 | INFO     | Saving at archive\skeb\KaN_SenaP-605b06.json
2026-07-17 05:56:05 | WARNING  | 404 on https://skeb.jp/api/users/kasha0927 (attempt 1/3)
2026-07-17 05:56:06 | INFO     | OK https://skeb.jp/api/users/ifzitto
2026-07-17 05:56:06 | INFO     | Saving at archive\skeb\ifzitto-83dcaf.json
2026-07-17 05:56:07 | INFO     | OK https://skeb.jp/api/users/B87719686
2026-07-17 05:56:07 | INFO     | Saving at archive\skeb\B87719686-6ab177.json
2026-07-17 05:56:08 | INFO     | OK https://skeb.jp/api/users/tazui01
2026-07-17 05:56:08 | INFO     | Saving at archive\skeb\tazui01-3a0222.json
2026-07-17 05:56:09 | INFO     | OK https://skeb.jp/api/users/NIKIs_studio
2026-07-17 05:56:09 | INFO     | Saving at archive\skeb\NIKIs_studio-4be165.json
2026-07-17 05:56:10 | INFO     | OK https://skeb.jp/api/users/caricariume217
2026-07-17 05:56:10 | INFO     | Saving at archive\skeb\caricariume217-698b33.json
2026-07-17 05:56:11 | INFO     | OK https://skeb.jp/api/users/d_bell_17
2026-07-17 05:56:11 | INFO     | Saving at archive\skeb\d_bell_17-25b01f.json
2026-07-17 05:56:12 | INFO     | OK https://skeb.jp/api/users/mochi_Monet
2026-07-17 05:56:12 | INFO     | Saving at archive\skeb\mochi_Monet-a7d0b5.json
2026-07-17 05:56:13 | INFO     | OK https://skeb.jp/api/users/Ryu_H2SO4_
2026-07-17 05:56:13 | INFO     | Saving at archive\skeb\Ryu_H2SO4_-e26c93.json
2026-07-17 05:56:15 | INFO     | OK https://skeb.jp/api/users/hiroki_s_room
2026-07-17 05:56:15 | INFO     | Saving at archive\skeb\hiroki_s_room-ca9ae2.json
2026-07-17 05:56:15 | WARNING  | 404 on https://skeb.jp/api/users/8oSSUHCnXXz4tBp (attempt 1/3)
2026-07-17 05:56:17 | INFO     | OK https://skeb.jp/api/users/iarimoniak
2026-07-17 05:56:17 | INFO     | Saving at archive\skeb\iarimoniak-2920ef.json
2026-07-17 05:56:18 | INFO     | OK https://skeb.jp/api/users/kashiwamitu
2026-07-17 05:56:18 | INFO     | Saving at archive\skeb\kashiwamitu-00123c.json
2026-07-17 05:56:19 | INFO     | OK https://skeb.jp/api/users/UtakaPen
2026-07-17 05:56:19 | INFO     | Saving at archive\skeb\UtakaPen-a09016.json
2026-07-17 05:56:19 | WARNING  | 404 on https://skeb.jp/api/users/8oSSUHCnXXz4tBp (attempt 2/3)
2026-07-17 05:56:21 | INFO     | OK https://skeb.jp/api/users/OyasumiMonster
2026-07-17 05:56:21 | INFO     | Saving at archive\skeb\OyasumiMonster-602b98.json
2026-07-17 05:56:22 | INFO     | OK https://skeb.jp/api/users/Kuromaki_You
2026-07-17 05:56:22 | INFO     | Saving at archive\skeb\Kuromaki_You-f9b818.json
2026-07-17 05:56:23 | INFO     | OK https://skeb.jp/api/users/umawokuuna
2026-07-17 05:56:23 | INFO     | Saving at archive\skeb\umawokuuna-03f8f9.json
2026-07-17 05:56:24 | WARNING  | 404 on https://skeb.jp/api/users/8oSSUHCnXXz4tBp (attempt 3/3)
2026-07-17 05:56:25 | INFO     | OK https://skeb.jp/api/users/Nekuochi
2026-07-17 05:56:25 | INFO     | Saving at archive\skeb\Nekuochi-2a840b.json
2026-07-17 05:56:26 | INFO     | OK https://skeb.jp/api/users/urua_oekaki
2026-07-17 05:56:26 | INFO     | Saving at archive\skeb\urua_oekaki-a258c1.json
2026-07-17 05:56:27 | INFO     | OK https://skeb.jp/api/users/okannonekomama
2026-07-17 05:56:27 | INFO     | Saving at archive\skeb\okannonekomama-516324.json
2026-07-17 05:56:28 | INFO     | OK https://skeb.jp/api/users/yasipuke
2026-07-17 05:56:28 | INFO     | Saving at archive\skeb\yasipuke-983538.json
2026-07-17 05:56:29 | INFO     | OK https://skeb.jp/api/users/YA_NAAGO
2026-07-17 05:56:29 | INFO     | Saving at archive\skeb\YA_NAAGO-2b7a14.json
2026-07-17 05:56:30 | INFO     | OK https://skeb.jp/api/users/Karyuu_Meguru
2026-07-17 05:56:30 | INFO     | Saving at archive\skeb\Karyuu_Meguru-bb5256.json
2026-07-17 05:56:31 | INFO     | OK https://skeb.jp/api/users/hayartworks
2026-07-17 05:56:31 | INFO     | Saving at archive\skeb\hayartworks-da322f.json
2026-07-17 05:56:32 | INFO     | OK https://skeb.jp/api/users/xenon02regatus
2026-07-17 05:56:32 | INFO     | Saving at archive\skeb\xenon02regatus-1cdabb.json
2026-07-17 05:56:33 | INFO     | OK https://skeb.jp/api/users/oishiicroquette
2026-07-17 05:56:33 | INFO     | Saving at archive\skeb\oishiicroquette-ec34fe.json
2026-07-17 05:56:34 | INFO     | OK https://skeb.jp/api/users/Hachino_0o
2026-07-17 05:56:34 | INFO     | Saving at archive\skeb\Hachino_0o-10f3a9.json
2026-07-17 05:56:35 | WARNING  | 404 on https://skeb.jp/api/users/kasha0927 (attempt 2/3)
2026-07-17 05:56:36 | WARNING  | 404 on https://skeb.jp/api/users/EDO__nyan (attempt 3/3)
2026-07-17 05:56:37 | INFO     | OK https://skeb.jp/api/users/kogayonko
2026-07-17 05:56:37 | INFO     | Saving at archive\skeb\kogayonko-205da1.json
2026-07-17 05:56:38 | INFO     | OK https://skeb.jp/api/users/kaidyuan
2026-07-17 05:56:38 | INFO     | Saving at archive\skeb\kaidyuan-d0c7dd.json
2026-07-17 05:56:39 | INFO     | OK https://skeb.jp/api/users/mioki
2026-07-17 05:56:39 | INFO     | Saving at archive\skeb\mioki-533b59.json
2026-07-17 05:56:40 | INFO     | OK https://skeb.jp/api/users/beroho_rakupa
2026-07-17 05:56:40 | INFO     | Saving at archive\skeb\beroho_rakupa-61cea1.json
2026-07-17 05:56:41 | WARNING  | 404 on https://skeb.jp/api/users/kasha0927 (attempt 3/3)
2026-07-17 05:56:42 | INFO     | OK https://skeb.jp/api/users/masyumellowe
2026-07-17 05:56:42 | INFO     | Saving at archive\skeb\masyumellowe-2c6168.json
2026-07-17 05:56:43 | INFO     | OK https://skeb.jp/api/users/sharkinthunder
2026-07-17 05:56:43 | INFO     | Saving at archive\skeb\sharkinthunder-5f79ef.json
2026-07-17 05:56:44 | INFO     | OK https://skeb.jp/api/users/Cyan_Ransho2nd
2026-07-17 05:56:44 | INFO     | Saving at archive\skeb\Cyan_Ransho2nd-3fc123.json
2026-07-17 05:56:45 | INFO     | OK https://skeb.jp/api/users/_snmeme
2026-07-17 05:56:45 | INFO     | Saving at archive\skeb\_snmeme-8c0f23.json
2026-07-17 05:56:46 | INFO     | OK https://skeb.jp/api/users/hotaru_ssk
2026-07-17 05:56:46 | INFO     | Saving at archive\skeb\hotaru_ssk-9a81db.json
2026-07-17 05:56:47 | INFO     | OK https://skeb.jp/api/users/ititakaRe
2026-07-17 05:56:47 | INFO     | Saving at archive\skeb\ititakaRe-4d06cb.json
2026-07-17 05:56:48 | INFO     | OK https://skeb.jp/api/users/benbenwork
2026-07-17 05:56:48 | INFO     | Saving at archive\skeb\benbenwork-31acd7.json
2026-07-17 05:56:49 | INFO     | OK https://skeb.jp/api/users/trpg_krsw
2026-07-17 05:56:49 | INFO     | Saving at archive\skeb\trpg_krsw-937a94.json
2026-07-17 05:56:50 | INFO     | OK https://skeb.jp/api/users/aiyoriakashi
2026-07-17 05:56:50 | INFO     | Saving at archive\skeb\aiyoriakashi-ef52b7.json
2026-07-17 05:56:51 | INFO     | OK https://skeb.jp/api/users/edmm_724
2026-07-17 05:56:51 | INFO     | Saving at archive\skeb\edmm_724-699b07.json
2026-07-17 05:56:52 | INFO     | OK https://skeb.jp/api/users/EmptyGliese
2026-07-17 05:56:52 | INFO     | Saving at archive\skeb\EmptyGliese-063785.json
2026-07-17 05:56:53 | INFO     | OK https://skeb.jp/api/users/yashiki_yankee_
2026-07-17 05:56:53 | INFO     | Saving at archive\skeb\yashiki_yankee_-df2256.json
2026-07-17 05:56:54 | INFO     | OK https://skeb.jp/api/users/O__0717
2026-07-17 05:56:54 | INFO     | Saving at archive\skeb\O__0717-328eb6.json
2026-07-17 05:56:55 | INFO     | OK https://skeb.jp/api/users/chaun_ppi
2026-07-17 05:56:55 | INFO     | Saving at archive\skeb\chaun_ppi-aefc35.json
2026-07-17 05:56:56 | INFO     | OK https://skeb.jp/api/users/xxxlll_rea
2026-07-17 05:56:56 | INFO     | Saving at archive\skeb\xxxlll_rea-73036f.json
2026-07-17 05:56:57 | INFO     | OK https://skeb.jp/api/users/cocksan2
2026-07-17 05:56:57 | INFO     | Saving at archive\skeb\cocksan2-0f4db7.json
2026-07-17 05:56:58 | INFO     | OK https://skeb.jp/api/users/ussy_summer
2026-07-17 05:56:58 | INFO     | Saving at archive\skeb\ussy_summer-eb20e5.json
2026-07-17 05:56:59 | INFO     | OK https://skeb.jp/api/users/Berry_usami
2026-07-17 05:56:59 | INFO     | Saving at archive\skeb\Berry_usami-daca89.json
2026-07-17 05:57:00 | INFO     | OK https://skeb.jp/api/users/6ilgc
2026-07-17 05:57:00 | INFO     | Saving at archive\skeb\6ilgc-f8b8d5.json
2026-07-17 05:57:01 | INFO     | OK https://skeb.jp/api/users/sasakamadaisuko
2026-07-17 05:57:01 | INFO     | Saving at archive\skeb\sasakamadaisuko-c994db.json
2026-07-17 05:57:02 | INFO     | OK https://skeb.jp/api/users/Yukimaru0000
2026-07-17 05:57:02 | INFO     | Saving at archive\skeb\Yukimaru0000-fbd2d5.json
2026-07-17 05:57:03 | INFO     | OK https://skeb.jp/api/users/bekf5e
2026-07-17 05:57:03 | INFO     | Saving at archive\skeb\bekf5e-570f16.json
2026-07-17 05:57:04 | INFO     | OK https://skeb.jp/api/users/tofu_wk_mha
2026-07-17 05:57:04 | INFO     | Saving at archive\skeb\tofu_wk_mha-29c76d.json
2026-07-17 05:57:05 | INFO     | OK https://skeb.jp/api/users/midnight_toyosu
2026-07-17 05:57:05 | INFO     | Saving at archive\skeb\midnight_toyosu-a1f16d.json
2026-07-17 05:57:06 | INFO     | OK https://skeb.jp/api/users/sino_3d
2026-07-17 05:57:06 | INFO     | Saving at archive\skeb\sino_3d-b1586f.json
2026-07-17 05:57:07 | INFO     | OK https://skeb.jp/api/users/shiraibebe
2026-07-17 05:57:07 | INFO     | Saving at archive\skeb\shiraibebe-c4962a.json
2026-07-17 05:57:08 | INFO     | OK https://skeb.jp/api/users/krkrm_san
2026-07-17 05:57:08 | INFO     | Saving at archive\skeb\krkrm_san-ac0788.json
2026-07-17 05:57:09 | INFO     | OK https://skeb.jp/api/users/riki_noname
2026-07-17 05:57:09 | INFO     | Saving at archive\skeb\riki_noname-13ea9d.json
2026-07-17 05:57:10 | INFO     | OK https://skeb.jp/api/users/7654_dog
2026-07-17 05:57:10 | INFO     | Saving at archive\skeb\7654_dog-8498af.json
2026-07-17 05:57:11 | INFO     | OK https://skeb.jp/api/users/usoko
2026-07-17 05:57:11 | INFO     | Saving at archive\skeb\usoko-42881b.json
2026-07-17 05:57:12 | INFO     | OK https://skeb.jp/api/users/Nam76D
2026-07-17 05:57:12 | INFO     | Saving at archive\skeb\Nam76D-0f6459.json
2026-07-17 05:57:13 | INFO     | OK https://skeb.jp/api/users/PlanerTetsu
2026-07-17 05:57:13 | INFO     | Saving at archive\skeb\PlanerTetsu-543cc3.json
2026-07-17 05:57:14 | INFO     | OK https://skeb.jp/api/users/mayuyu__09
2026-07-17 05:57:14 | INFO     | Saving at archive\skeb\mayuyu__09-4f53b1.json
2026-07-17 05:57:15 | INFO     | OK https://skeb.jp/api/users/Volf_O_Souei
2026-07-17 05:57:15 | INFO     | Saving at archive\skeb\Volf_O_Souei-c70a78.json
2026-07-17 05:57:16 | INFO     | OK https://skeb.jp/api/users/ganba_499
2026-07-17 05:57:16 | INFO     | Saving at archive\skeb\ganba_499-55866e.json
2026-07-17 05:57:17 | INFO     | OK https://skeb.jp/api/users/ningendanyan
2026-07-17 05:57:17 | INFO     | Saving at archive\skeb\ningendanyan-ce1eef.json
2026-07-17 05:57:18 | INFO     | OK https://skeb.jp/api/users/031703170317r
2026-07-17 05:57:18 | INFO     | Saving at archive\skeb\031703170317r-08a790.json
2026-07-17 05:57:19 | INFO     | OK https://skeb.jp/api/users/_masakimaru
2026-07-17 05:57:19 | INFO     | Saving at archive\skeb\_masakimaru-bef659.json
2026-07-17 05:57:20 | INFO     | OK https://skeb.jp/api/users/xxnametakexx
2026-07-17 05:57:20 | INFO     | Saving at archive\skeb\xxnametakexx-9b5c8a.json
2026-07-17 05:57:21 | INFO     | OK https://skeb.jp/api/users/andoplus
2026-07-17 05:57:21 | INFO     | Saving at archive\skeb\andoplus-d815ab.json
2026-07-17 05:57:22 | INFO     | OK https://skeb.jp/api/users/mugi525
2026-07-17 05:57:22 | INFO     | Saving at archive\skeb\mugi525-ac4a76.json
2026-07-17 05:57:23 | INFO     | OK https://skeb.jp/api/users/inu_janaiyo
2026-07-17 05:57:23 | INFO     | Saving at archive\skeb\inu_janaiyo-379fee.json
2026-07-17 05:57:24 | WARNING  | 404 on https://skeb.jp/api/users/T4k73gqSZ26h5si (attempt 1/3)
2026-07-17 05:57:25 | WARNING  | 404 on https://skeb.jp/api/users/nyatta_san (attempt 1/3)
2026-07-17 05:57:26 | INFO     | OK https://skeb.jp/api/users/inuinufes
2026-07-17 05:57:26 | INFO     | Saving at archive\skeb\inuinufes-cbd88c.json
2026-07-17 05:57:27 | INFO     | OK https://skeb.jp/api/users/ikonavi_next
2026-07-17 05:57:27 | INFO     | Saving at archive\skeb\ikonavi_next-e86aaf.json
2026-07-17 05:57:28 | INFO     | OK https://skeb.jp/api/users/omg_fumi
2026-07-17 05:57:28 | INFO     | Saving at archive\skeb\omg_fumi-4bbf72.json
2026-07-17 05:57:29 | INFO     | OK https://skeb.jp/api/users/mii_gameUSA
2026-07-17 05:57:29 | INFO     | Saving at archive\skeb\mii_gameUSA-a92d22.json
2026-07-17 05:57:30 | INFO     | OK https://skeb.jp/api/users/sucrier_
2026-07-17 05:57:30 | INFO     | Saving at archive\skeb\sucrier_-377dcd.json
2026-07-17 05:57:31 | INFO     | OK https://skeb.jp/api/users/ohtsukiaya
2026-07-17 05:57:31 | INFO     | Saving at archive\skeb\ohtsukiaya-25f1c1.json
2026-07-17 05:57:32 | WARNING  | 404 on https://skeb.jp/api/users/Axnya (attempt 1/3)
2026-07-17 05:57:33 | INFO     | OK https://skeb.jp/api/users/papoison
2026-07-17 05:57:33 | INFO     | Saving at archive\skeb\papoison-9f6af1.json
2026-07-17 05:57:35 | INFO     | OK https://skeb.jp/api/users/honyaragedon
2026-07-17 05:57:35 | INFO     | Saving at archive\skeb\honyaragedon-5ff8a4.json
2026-07-17 05:57:36 | INFO     | OK https://skeb.jp/api/users/bokoyamadesu
2026-07-17 05:57:36 | INFO     | Saving at archive\skeb\bokoyamadesu-b8b48a.json
2026-07-17 05:57:37 | INFO     | OK https://skeb.jp/api/users/granu_one
2026-07-17 05:57:37 | INFO     | Saving at archive\skeb\granu_one-cd87c3.json
2026-07-17 05:57:37 | WARNING  | 404 on https://skeb.jp/api/users/Axnya (attempt 2/3)
2026-07-17 05:57:39 | INFO     | OK https://skeb.jp/api/users/C40PD
2026-07-17 05:57:39 | INFO     | Saving at archive\skeb\C40PD-8ceeff.json
2026-07-17 05:57:40 | INFO     | OK https://skeb.jp/api/users/utno_AriA
2026-07-17 05:57:40 | INFO     | Saving at archive\skeb\utno_AriA-faa64f.json
2026-07-17 05:57:41 | INFO     | OK https://skeb.jp/api/users/S_R1_hnt
2026-07-17 05:57:41 | INFO     | Saving at archive\skeb\S_R1_hnt-b1703a.json
2026-07-17 05:57:42 | INFO     | OK https://skeb.jp/api/users/papapa_yoisyo
2026-07-17 05:57:42 | INFO     | Saving at archive\skeb\papapa_yoisyo-6c2c59.json
2026-07-17 05:57:43 | WARNING  | 404 on https://skeb.jp/api/users/Henzu_23 (attempt 1/3)
2026-07-17 05:57:44 | WARNING  | 404 on https://skeb.jp/api/users/T4k73gqSZ26h5si (attempt 2/3)
2026-07-17 05:57:45 | INFO     | OK https://skeb.jp/api/users/mulasaki
2026-07-17 05:57:45 | INFO     | Saving at archive\skeb\mulasaki-ca98d3.json
2026-07-17 05:57:46 | INFO     | OK https://skeb.jp/api/users/saba_kaitai0
2026-07-17 05:57:46 | INFO     | Saving at archive\skeb\saba_kaitai0-f59277.json
2026-07-17 05:57:47 | WARNING  | 404 on https://skeb.jp/api/users/nyatta_san (attempt 2/3)
2026-07-17 05:57:48 | INFO     | OK https://skeb.jp/api/users/niseusagy
2026-07-17 05:57:48 | INFO     | Saving at archive\skeb\niseusagy-a9ec2b.json
2026-07-17 05:57:49 | INFO     | OK https://skeb.jp/api/users/GGG94454910
2026-07-17 05:57:49 | INFO     | Saving at archive\skeb\GGG94454910-5b4451.json
2026-07-17 05:57:50 | WARNING  | 404 on https://skeb.jp/api/users/Axnya (attempt 3/3)
2026-07-17 05:57:51 | INFO     | OK https://skeb.jp/api/users/cokoronmist
2026-07-17 05:57:51 | INFO     | Saving at archive\skeb\cokoronmist-3bdab0.json
2026-07-17 05:57:52 | WARNING  | 404 on https://skeb.jp/api/users/Geshi_to_ (attempt 1/3)
2026-07-17 05:57:53 | INFO     | OK https://skeb.jp/api/users/stainless_n
2026-07-17 05:57:53 | INFO     | Saving at archive\skeb\stainless_n-c67857.json
2026-07-17 05:57:54 | WARNING  | 404 on https://skeb.jp/api/users/nyatta_san (attempt 3/3)
2026-07-17 05:57:55 | WARNING  | 404 on https://skeb.jp/api/users/Henzu_23 (attempt 2/3)
2026-07-17 05:57:56 | INFO     | OK https://skeb.jp/api/users/omamegu
2026-07-17 05:57:56 | INFO     | Saving at archive\skeb\omamegu-989734.json
2026-07-17 05:57:57 | INFO     | OK https://skeb.jp/api/users/_damin_chan_
2026-07-17 05:57:57 | INFO     | Saving at archive\skeb\_damin_chan_-0d57a6.json
2026-07-17 05:57:58 | INFO     | OK https://skeb.jp/api/users/Fo_Tr0
2026-07-17 05:57:58 | INFO     | Saving at archive\skeb\Fo_Tr0-5f7344.json
2026-07-17 05:57:59 | INFO     | OK https://skeb.jp/api/users/taco_human8823
2026-07-17 05:57:59 | INFO     | Saving at archive\skeb\taco_human8823-dfa52a.json
2026-07-17 05:58:00 | INFO     | OK https://skeb.jp/api/users/stntmk2_s6
2026-07-17 05:58:00 | INFO     | Saving at archive\skeb\stntmk2_s6-adbbb9.json
2026-07-17 05:58:01 | INFO     | OK https://skeb.jp/api/users/RuLuRu_Be
2026-07-17 05:58:01 | INFO     | Saving at archive\skeb\RuLuRu_Be-1ce97b.json
2026-07-17 05:58:02 | INFO     | OK https://skeb.jp/api/users/wanore_13
2026-07-17 05:58:02 | INFO     | Saving at archive\skeb\wanore_13-1f7366.json
2026-07-17 05:58:03 | WARNING  | 404 on https://skeb.jp/api/users/T4k73gqSZ26h5si (attempt 3/3)
2026-07-17 05:58:04 | INFO     | OK https://skeb.jp/api/users/suiccl
2026-07-17 05:58:04 | INFO     | Saving at archive\skeb\suiccl-a9102b.json
2026-07-17 05:58:05 | INFO     | OK https://skeb.jp/api/users/CrazyP_KahoT
2026-07-17 05:58:05 | INFO     | Saving at archive\skeb\CrazyP_KahoT-b4857e.json
2026-07-17 05:58:06 | INFO     | OK https://skeb.jp/api/users/xenaxea_
2026-07-17 05:58:06 | INFO     | Saving at archive\skeb\xenaxea_-a3333b.json
2026-07-17 05:58:07 | INFO     | OK https://skeb.jp/api/users/TRPG_nukoa
2026-07-17 05:58:07 | INFO     | Saving at archive\skeb\TRPG_nukoa-fd6054.json
2026-07-17 05:58:08 | INFO     | OK https://skeb.jp/api/users/pupunezumi
2026-07-17 05:58:08 | INFO     | Saving at archive\skeb\pupunezumi-270f98.json
2026-07-17 05:58:09 | INFO     | OK https://skeb.jp/api/users/Argon_piz
2026-07-17 05:58:09 | INFO     | Saving at archive\skeb\Argon_piz-77fb7d.json
2026-07-17 05:58:10 | INFO     | OK https://skeb.jp/api/users/_egret_
2026-07-17 05:58:10 | INFO     | Saving at archive\skeb\_egret_-139724.json
2026-07-17 05:58:11 | WARNING  | 404 on https://skeb.jp/api/users/Geshi_to_ (attempt 2/3)
2026-07-17 05:58:12 | INFO     | OK https://skeb.jp/api/users/okokogemha
2026-07-17 05:58:12 | INFO     | Saving at archive\skeb\okokogemha-66adcf.json
2026-07-17 05:58:13 | INFO     | OK https://skeb.jp/api/users/aoiN0116
2026-07-17 05:58:13 | INFO     | Saving at archive\skeb\aoiN0116-818654.json
2026-07-17 05:58:14 | WARNING  | 404 on https://skeb.jp/api/users/Genkyou (attempt 1/3)
2026-07-17 05:58:15 | INFO     | OK https://skeb.jp/api/users/spliyy
2026-07-17 05:58:15 | INFO     | Saving at archive\skeb\spliyy-a8c291.json
2026-07-17 05:58:16 | INFO     | OK https://skeb.jp/api/users/meranica_Ch
2026-07-17 05:58:16 | INFO     | Saving at archive\skeb\meranica_Ch-2877d4.json
2026-07-17 05:58:17 | INFO     | OK https://skeb.jp/api/users/Nenuenu2
2026-07-17 05:58:17 | INFO     | Saving at archive\skeb\Nenuenu2-b904e6.json
2026-07-17 05:58:18 | WARNING  | 404 on https://skeb.jp/api/users/Henzu_23 (attempt 3/3)
2026-07-17 05:58:19 | INFO     | OK https://skeb.jp/api/users/SugerK200395
2026-07-17 05:58:19 | INFO     | Saving at archive\skeb\SugerK200395-72130e.json
2026-07-17 05:58:20 | INFO     | OK https://skeb.jp/api/users/UtsuG_mEi
2026-07-17 05:58:20 | INFO     | Saving at archive\skeb\UtsuG_mEi-f12ee4.json
2026-07-17 05:58:21 | INFO     | OK https://skeb.jp/api/users/GldXSNNsEMunGof
2026-07-17 05:58:21 | INFO     | Saving at archive\skeb\GldXSNNsEMunGof-90a75d.json
2026-07-17 05:58:22 | INFO     | OK https://skeb.jp/api/users/MrPur1n
2026-07-17 05:58:22 | INFO     | Saving at archive\skeb\MrPur1n-69c0a2.json
2026-07-17 05:58:23 | INFO     | OK https://skeb.jp/api/users/maron_art
2026-07-17 05:58:23 | INFO     | Saving at archive\skeb\maron_art-404ce9.json
2026-07-17 05:58:24 | INFO     | OK https://skeb.jp/api/users/monaka1025
2026-07-17 05:58:24 | INFO     | Saving at archive\skeb\monaka1025-811f93.json
2026-07-17 05:58:25 | INFO     | OK https://skeb.jp/api/users/ohkuma_31yeah
2026-07-17 05:58:25 | INFO     | Saving at archive\skeb\ohkuma_31yeah-e8171f.json
2026-07-17 05:58:26 | WARNING  | 404 on https://skeb.jp/api/users/Genkyou (attempt 2/3)
2026-07-17 05:58:27 | INFO     | OK https://skeb.jp/api/users/musclenadao
2026-07-17 05:58:27 | INFO     | Saving at archive\skeb\musclenadao-4bedd3.json
2026-07-17 05:58:28 | INFO     | OK https://skeb.jp/api/users/Belno_draws
2026-07-17 05:58:28 | INFO     | Saving at archive\skeb\Belno_draws-ed777d.json
2026-07-17 05:58:29 | INFO     | OK https://skeb.jp/api/users/mikan_atoato
2026-07-17 05:58:29 | INFO     | Saving at archive\skeb\mikan_atoato-adab85.json
2026-07-17 05:58:30 | INFO     | OK https://skeb.jp/api/users/5maCEN_bay
2026-07-17 05:58:30 | INFO     | Saving at archive\skeb\5maCEN_bay-62d368.json
2026-07-17 05:58:31 | INFO     | OK https://skeb.jp/api/users/Mia3dcg
2026-07-17 05:58:31 | INFO     | Saving at archive\skeb\Mia3dcg-32fd18.json
2026-07-17 05:58:32 | INFO     | OK https://skeb.jp/api/users/sumimi_sumi
2026-07-17 05:58:32 | INFO     | Saving at archive\skeb\sumimi_sumi-b20359.json
2026-07-17 05:58:33 | INFO     | OK https://skeb.jp/api/users/neko61_btan
2026-07-17 05:58:33 | INFO     | Saving at archive\skeb\neko61_btan-50838c.json
2026-07-17 05:58:34 | INFO     | OK https://skeb.jp/api/users/mag_siu
2026-07-17 05:58:34 | INFO     | Saving at archive\skeb\mag_siu-390002.json
2026-07-17 05:58:35 | INFO     | OK https://skeb.jp/api/users/futanx33
2026-07-17 05:58:35 | INFO     | Saving at archive\skeb\futanx33-aed193.json
2026-07-17 05:58:36 | INFO     | OK https://skeb.jp/api/users/Michan_mi_im
2026-07-17 05:58:36 | INFO     | Saving at archive\skeb\Michan_mi_im-908d49.json
2026-07-17 05:58:37 | INFO     | OK https://skeb.jp/api/users/hoshi_naru
2026-07-17 05:58:37 | INFO     | Saving at archive\skeb\hoshi_naru-6700fd.json
2026-07-17 05:58:38 | WARNING  | 404 on https://skeb.jp/api/users/mimamorichan (attempt 1/3)
2026-07-17 05:58:39 | WARNING  | 404 on https://skeb.jp/api/users/Geshi_to_ (attempt 3/3)
2026-07-17 05:58:40 | WARNING  | 404 on https://skeb.jp/api/users/polar_kuma62 (attempt 1/3)
2026-07-17 05:58:41 | INFO     | OK https://skeb.jp/api/users/12Yukiyanagi
2026-07-17 05:58:41 | INFO     | Saving at archive\skeb\12Yukiyanagi-828d6b.json
2026-07-17 05:58:42 | INFO     | OK https://skeb.jp/api/users/R18_RASUKARU
2026-07-17 05:58:42 | INFO     | Saving at archive\skeb\R18_RASUKARU-1eec9d.json
2026-07-17 05:58:43 | INFO     | OK https://skeb.jp/api/users/nyap_oo_x
2026-07-17 05:58:43 | INFO     | Saving at archive\skeb\nyap_oo_x-2acc85.json
2026-07-17 05:58:44 | INFO     | OK https://skeb.jp/api/users/c_love_r328
2026-07-17 05:58:44 | INFO     | Saving at archive\skeb\c_love_r328-7a9d3c.json
2026-07-17 05:58:45 | INFO     | OK https://skeb.jp/api/users/zncichi
2026-07-17 05:58:45 | INFO     | Saving at archive\skeb\zncichi-6e80e8.json
2026-07-17 05:58:46 | WARNING  | 404 on https://skeb.jp/api/users/mimamorichan (attempt 2/3)
2026-07-17 05:58:47 | INFO     | OK https://skeb.jp/api/users/GIFohT
2026-07-17 05:58:47 | INFO     | Saving at archive\skeb\GIFohT-1a65ee.json
2026-07-17 05:58:48 | WARNING  | 404 on https://skeb.jp/api/users/_meruruto_ (attempt 1/3)
2026-07-17 05:58:49 | WARNING  | 404 on https://skeb.jp/api/users/Genkyou (attempt 3/3)
2026-07-17 05:58:50 | INFO     | OK https://skeb.jp/api/users/hota__hotate
2026-07-17 05:58:50 | INFO     | Saving at archive\skeb\hota__hotate-eaa587.json
2026-07-17 05:58:51 | WARNING  | 404 on https://skeb.jp/api/users/mimamorichan (attempt 3/3)
2026-07-17 05:58:52 | WARNING  | 404 on https://skeb.jp/api/users/_meruruto_ (attempt 2/3)
2026-07-17 05:58:53 | INFO     | OK https://skeb.jp/api/users/necomental
2026-07-17 05:58:53 | INFO     | Saving at archive\skeb\necomental-d8c9af.json
2026-07-17 05:58:54 | WARNING  | 404 on https://skeb.jp/api/users/lkjeudnduy44 (attempt 1/3)
2026-07-17 05:58:55 | WARNING  | 404 on https://skeb.jp/api/users/polar_kuma62 (attempt 2/3)
2026-07-17 05:58:56 | INFO     | OK https://skeb.jp/api/users/M_M__Y_Y_
2026-07-17 05:58:56 | INFO     | Saving at archive\skeb\M_M__Y_Y_-4f7e9c.json
2026-07-17 05:58:57 | INFO     | OK https://skeb.jp/api/users/ne4iiq
2026-07-17 05:58:57 | INFO     | Saving at archive\skeb\ne4iiq-dfb801.json
2026-07-17 05:58:59 | INFO     | OK https://skeb.jp/api/users/5tyon
2026-07-17 05:58:59 | INFO     | Saving at archive\skeb\5tyon-a18c0e.json
2026-07-17 05:58:59 | INFO     | OK https://skeb.jp/api/users/shushu0729
2026-07-17 05:58:59 | INFO     | Saving at archive\skeb\shushu0729-7669f2.json
2026-07-17 05:59:00 | INFO     | OK https://skeb.jp/api/users/bakuoni65
2026-07-17 05:59:00 | INFO     | Saving at archive\skeb\bakuoni65-55326a.json
2026-07-17 05:59:01 | INFO     | OK https://skeb.jp/api/users/cp_ha_saiko
2026-07-17 05:59:01 | INFO     | Saving at archive\skeb\cp_ha_saiko-34eb38.json
2026-07-17 05:59:02 | INFO     | OK https://skeb.jp/api/users/yyyyasyuky
2026-07-17 05:59:02 | INFO     | Saving at archive\skeb\yyyyasyuky-91c3e5.json
2026-07-17 05:59:03 | INFO     | OK https://skeb.jp/api/users/takaharayuka
2026-07-17 05:59:03 | INFO     | Saving at archive\skeb\takaharayuka-f553e2.json
2026-07-17 05:59:05 | INFO     | OK https://skeb.jp/api/users/komatomenko
2026-07-17 05:59:05 | INFO     | Saving at archive\skeb\komatomenko-839b5c.json
2026-07-17 05:59:06 | WARNING  | 404 on https://skeb.jp/api/users/_meruruto_ (attempt 3/3)
2026-07-17 05:59:07 | INFO     | OK https://skeb.jp/api/users/mitotro
2026-07-17 05:59:07 | INFO     | Saving at archive\skeb\mitotro-c893ee.json
2026-07-17 05:59:08 | INFO     | OK https://skeb.jp/api/users/popopoponzudayo
2026-07-17 05:59:08 | INFO     | Saving at archive\skeb\popopoponzudayo-78b3dc.json
2026-07-17 05:59:09 | WARNING  | 404 on https://skeb.jp/api/users/polar_kuma62 (attempt 3/3)
2026-07-17 05:59:10 | INFO     | OK https://skeb.jp/api/users/dgrs
2026-07-17 05:59:10 | INFO     | Saving at archive\skeb\dgrs-09a9aa.json
2026-07-17 05:59:11 | INFO     | OK https://skeb.jp/api/users/callllll___
2026-07-17 05:59:11 | INFO     | Saving at archive\skeb\callllll___-ad26ac.json
2026-07-17 05:59:12 | INFO     | OK https://skeb.jp/api/users/kobashobanane
2026-07-17 05:59:12 | INFO     | Saving at archive\skeb\kobashobanane-432706.json
2026-07-17 05:59:13 | INFO     | OK https://skeb.jp/api/users/w_pipipi_w
2026-07-17 05:59:13 | INFO     | Saving at archive\skeb\w_pipipi_w-30f7e1.json
2026-07-17 05:59:14 | INFO     | OK https://skeb.jp/api/users/pontamonja
2026-07-17 05:59:14 | INFO     | Saving at archive\skeb\pontamonja-2195b5.json
2026-07-17 05:59:15 | WARNING  | 404 on https://skeb.jp/api/users/soraumi2000_50_ (attempt 1/3)
2026-07-17 05:59:16 | INFO     | OK https://skeb.jp/api/users/imai_dynm7800
2026-07-17 05:59:16 | INFO     | Saving at archive\skeb\imai_dynm7800-15b0ed.json
2026-07-17 05:59:17 | INFO     | OK https://skeb.jp/api/users/M_koronek0
2026-07-17 05:59:17 | INFO     | Saving at archive\skeb\M_koronek0-338de0.json
2026-07-17 05:59:18 | INFO     | OK https://skeb.jp/api/users/tsutsu_leafmoon
2026-07-17 05:59:18 | INFO     | Saving at archive\skeb\tsutsu_leafmoon-211fea.json
2026-07-17 05:59:19 | INFO     | OK https://skeb.jp/api/users/74_NA2shi
2026-07-17 05:59:19 | INFO     | Saving at archive\skeb\74_NA2shi-876779.json
2026-07-17 05:59:20 | INFO     | OK https://skeb.jp/api/users/shugetsu_aki
2026-07-17 05:59:20 | INFO     | Saving at archive\skeb\shugetsu_aki-e4b357.json
2026-07-17 05:59:21 | WARNING  | 404 on https://skeb.jp/api/users/soraumi2000_50_ (attempt 2/3)
2026-07-17 05:59:22 | INFO     | OK https://skeb.jp/api/users/Meat_Lamb
2026-07-17 05:59:22 | INFO     | Saving at archive\skeb\Meat_Lamb-e2cff2.json
2026-07-17 05:59:23 | INFO     | OK https://skeb.jp/api/users/FROMHEAVEN_0000
2026-07-17 05:59:23 | INFO     | Saving at archive\skeb\FROMHEAVEN_0000-6545ea.json
2026-07-17 05:59:24 | INFO     | OK https://skeb.jp/api/users/__rrmii
2026-07-17 05:59:24 | INFO     | Saving at archive\skeb\__rrmii-4b8dc4.json
2026-07-17 05:59:25 | INFO     | OK https://skeb.jp/api/users/21X05
2026-07-17 05:59:25 | INFO     | Saving at archive\skeb\21X05-75a019.json
2026-07-17 05:59:26 | INFO     | OK https://skeb.jp/api/users/diketopyrrolo
2026-07-17 05:59:26 | INFO     | Saving at archive\skeb\diketopyrrolo-c62124.json
2026-07-17 05:59:27 | WARNING  | 404 on https://skeb.jp/api/users/lkjeudnduy44 (attempt 2/3)
2026-07-17 05:59:28 | INFO     | OK https://skeb.jp/api/users/sansankakkei
2026-07-17 05:59:28 | INFO     | Saving at archive\skeb\sansankakkei-9f1aa4.json
2026-07-17 05:59:29 | INFO     | OK https://skeb.jp/api/users/fuji_121
2026-07-17 05:59:29 | INFO     | Saving at archive\skeb\fuji_121-f0446b.json
2026-07-17 05:59:30 | INFO     | OK https://skeb.jp/api/users/alice1019sw
2026-07-17 05:59:30 | INFO     | Saving at archive\skeb\alice1019sw-66df03.json
2026-07-17 05:59:31 | WARNING  | 404 on https://skeb.jp/api/users/soraumi2000_50_ (attempt 3/3)
2026-07-17 05:59:32 | INFO     | OK https://skeb.jp/api/users/CholeMatsu
2026-07-17 05:59:32 | INFO     | Saving at archive\skeb\CholeMatsu-0972f7.json
2026-07-17 05:59:33 | INFO     | OK https://skeb.jp/api/users/undertale_arima
2026-07-17 05:59:33 | INFO     | Saving at archive\skeb\undertale_arima-da82fc.json
2026-07-17 05:59:34 | INFO     | OK https://skeb.jp/api/users/ALX550
2026-07-17 05:59:34 | INFO     | Saving at archive\skeb\ALX550-548557.json
2026-07-17 05:59:35 | INFO     | OK https://skeb.jp/api/users/maruru_4545
2026-07-17 05:59:35 | INFO     | Saving at archive\skeb\maruru_4545-a15eae.json
2026-07-17 05:59:36 | INFO     | OK https://skeb.jp/api/users/arutyumikan
2026-07-17 05:59:36 | INFO     | Saving at archive\skeb\arutyumikan-76062a.json
2026-07-17 05:59:37 | WARNING  | 404 on https://skeb.jp/api/users/lkjeudnduy44 (attempt 3/3)
2026-07-17 05:59:38 | INFO     | OK https://skeb.jp/api/users/sabanomi_soni
2026-07-17 05:59:38 | INFO     | Saving at archive\skeb\sabanomi_soni-71e448.json
2026-07-17 05:59:39 | INFO     | OK https://skeb.jp/api/users/mitayoji
2026-07-17 05:59:39 | INFO     | Saving at archive\skeb\mitayoji-33a1fd.json
2026-07-17 05:59:40 | INFO     | OK https://skeb.jp/api/users/aoiro3_3gyunyu
2026-07-17 05:59:40 | INFO     | Saving at archive\skeb\aoiro3_3gyunyu-8bb780.json
2026-07-17 05:59:41 | INFO     | OK https://skeb.jp/api/users/OHiNa_1414
2026-07-17 05:59:41 | INFO     | Saving at archive\skeb\OHiNa_1414-75119b.json
2026-07-17 05:59:42 | INFO     | OK https://skeb.jp/api/users/metaguro
2026-07-17 05:59:42 | INFO     | Saving at archive\skeb\metaguro-d36b16.json
2026-07-17 05:59:43 | INFO     | OK https://skeb.jp/api/users/marimotoluda
2026-07-17 05:59:43 | INFO     | Saving at archive\skeb\marimotoluda-83db9a.json
2026-07-17 05:59:44 | INFO     | OK https://skeb.jp/api/users/_otiai0907
2026-07-17 05:59:44 | INFO     | Saving at archive\skeb\_otiai0907-6188a3.json
2026-07-17 05:59:45 | INFO     | OK https://skeb.jp/api/users/Kogamu3
2026-07-17 05:59:45 | INFO     | Saving at archive\skeb\Kogamu3-a4c7b9.json
2026-07-17 05:59:46 | INFO     | OK https://skeb.jp/api/users/sankaku_342
2026-07-17 05:59:46 | INFO     | Saving at archive\skeb\sankaku_342-80dbb3.json
2026-07-17 05:59:47 | INFO     | OK https://skeb.jp/api/users/nowa_c2
2026-07-17 05:59:47 | INFO     | Saving at archive\skeb\nowa_c2-f399f7.json
2026-07-17 05:59:48 | INFO     | OK https://skeb.jp/api/users/NKGR27
2026-07-17 05:59:48 | INFO     | Saving at archive\skeb\NKGR27-c7b444.json
2026-07-17 05:59:49 | INFO     | OK https://skeb.jp/api/users/Kantori
2026-07-17 05:59:49 | INFO     | Saving at archive\skeb\Kantori-88bc5f.json
2026-07-17 05:59:50 | INFO     | OK https://skeb.jp/api/users/o10fu
2026-07-17 05:59:50 | INFO     | Saving at archive\skeb\o10fu-1f909f.json
2026-07-17 05:59:51 | INFO     | OK https://skeb.jp/api/users/iced670
2026-07-17 05:59:51 | INFO     | Saving at archive\skeb\iced670-bbbaa0.json
2026-07-17 05:59:52 | INFO     | OK https://skeb.jp/api/users/urei_lll
2026-07-17 05:59:52 | INFO     | Saving at archive\skeb\urei_lll-6d818e.json
2026-07-17 05:59:53 | WARNING  | 404 on https://skeb.jp/api/users/kokorono_376 (attempt 1/3)
2026-07-17 05:59:54 | INFO     | OK https://skeb.jp/api/users/Hiiragi_sutaLu
2026-07-17 05:59:54 | INFO     | Saving at archive\skeb\Hiiragi_sutaLu-abbe23.json
2026-07-17 05:59:55 | INFO     | OK https://skeb.jp/api/users/Ceruhachi_maru
2026-07-17 05:59:55 | INFO     | Saving at archive\skeb\Ceruhachi_maru-ee42ee.json
2026-07-17 05:59:56 | INFO     | OK https://skeb.jp/api/users/lambda_dayo
2026-07-17 05:59:56 | INFO     | Saving at archive\skeb\lambda_dayo-8f5f85.json
2026-07-17 05:59:57 | INFO     | OK https://skeb.jp/api/users/neetron1
2026-07-17 05:59:57 | INFO     | Saving at archive\skeb\neetron1-bc84fa.json
2026-07-17 05:59:58 | INFO     | OK https://skeb.jp/api/users/AseliaBS
2026-07-17 05:59:58 | INFO     | Saving at archive\skeb\AseliaBS-50f45e.json
2026-07-17 05:59:59 | INFO     | OK https://skeb.jp/api/users/MIKAMI912
2026-07-17 05:59:59 | INFO     | Saving at archive\skeb\MIKAMI912-378787.json
2026-07-17 06:00:00 | INFO     | OK https://skeb.jp/api/users/camotamang
2026-07-17 06:00:00 | INFO     | Saving at archive\skeb\camotamang-ff8fea.json
2026-07-17 06:00:01 | INFO     | OK https://skeb.jp/api/users/mikumogeorge
2026-07-17 06:00:01 | INFO     | Saving at archive\skeb\mikumogeorge-221ed2.json
2026-07-17 06:00:02 | WARNING  | 404 on https://skeb.jp/api/users/toxizaki (attempt 1/3)
2026-07-17 06:00:03 | INFO     | OK https://skeb.jp/api/users/10makamati
2026-07-17 06:00:03 | INFO     | Saving at archive\skeb\10makamati-74a39a.json
2026-07-17 06:00:04 | WARNING  | 404 on https://skeb.jp/api/users/kokorono_376 (attempt 2/3)
2026-07-17 06:00:05 | INFO     | OK https://skeb.jp/api/users/che_var
2026-07-17 06:00:05 | INFO     | Saving at archive\skeb\che_var-cf9134.json
2026-07-17 06:00:06 | WARNING  | 404 on https://skeb.jp/api/users/toxizaki (attempt 2/3)
2026-07-17 06:00:07 | INFO     | OK https://skeb.jp/api/users/senripoco
2026-07-17 06:00:07 | INFO     | Saving at archive\skeb\senripoco-c9e210.json
2026-07-17 06:00:08 | INFO     | OK https://skeb.jp/api/users/IBI87661274
2026-07-17 06:00:08 | INFO     | Saving at archive\skeb\IBI87661274-6d5adc.json
2026-07-17 06:00:09 | INFO     | OK https://skeb.jp/api/users/Mochiwheat
2026-07-17 06:00:09 | INFO     | Saving at archive\skeb\Mochiwheat-ba3429.json
2026-07-17 06:00:10 | INFO     | OK https://skeb.jp/api/users/konokonoDIO
2026-07-17 06:00:10 | INFO     | Saving at archive\skeb\konokonoDIO-616882.json
2026-07-17 06:00:11 | INFO     | OK https://skeb.jp/api/users/Asanehayaoki
2026-07-17 06:00:11 | INFO     | Saving at archive\skeb\Asanehayaoki-1c0e71.json
2026-07-17 06:00:12 | INFO     | OK https://skeb.jp/api/users/umauma_0o0
2026-07-17 06:00:12 | INFO     | Saving at archive\skeb\umauma_0o0-30a5e0.json
2026-07-17 06:00:13 | INFO     | OK https://skeb.jp/api/users/seabura_santaro
2026-07-17 06:00:13 | INFO     | Saving at archive\skeb\seabura_santaro-947865.json
2026-07-17 06:00:14 | WARNING  | 404 on https://skeb.jp/api/users/kokorono_376 (attempt 3/3)
2026-07-17 06:00:15 | INFO     | OK https://skeb.jp/api/users/kilineko
2026-07-17 06:00:15 | INFO     | Saving at archive\skeb\kilineko-7859c2.json
2026-07-17 06:00:16 | INFO     | OK https://skeb.jp/api/users/ayk8tk
2026-07-17 06:00:16 | INFO     | Saving at archive\skeb\ayk8tk-d985aa.json
2026-07-17 06:00:17 | WARNING  | 404 on https://skeb.jp/api/users/toxizaki (attempt 3/3)
2026-07-17 06:00:18 | WARNING  | 404 on https://skeb.jp/api/users/fm7hxj (attempt 1/3)
2026-07-17 06:00:19 | INFO     | OK https://skeb.jp/api/users/OchichiDaisK
2026-07-17 06:00:19 | INFO     | Saving at archive\skeb\OchichiDaisK-3b4b6b.json
2026-07-17 06:00:20 | INFO     | OK https://skeb.jp/api/users/monaka
2026-07-17 06:00:20 | INFO     | Saving at archive\skeb\monaka-d32760.json
2026-07-17 06:00:21 | INFO     | OK https://skeb.jp/api/users/tuki_zuki_yuki
2026-07-17 06:00:21 | INFO     | Saving at archive\skeb\tuki_zuki_yuki-5a4cad.json
2026-07-17 06:00:22 | INFO     | OK https://skeb.jp/api/users/yuzaki2
2026-07-17 06:00:22 | INFO     | Saving at archive\skeb\yuzaki2-0f490e.json
2026-07-17 06:00:23 | INFO     | OK https://skeb.jp/api/users/fb_000blue
2026-07-17 06:00:23 | INFO     | Saving at archive\skeb\fb_000blue-a7148f.json
2026-07-17 06:00:24 | INFO     | OK https://skeb.jp/api/users/peta_tete
2026-07-17 06:00:24 | INFO     | Saving at archive\skeb\peta_tete-a2ebc5.json
2026-07-17 06:00:25 | INFO     | OK https://skeb.jp/api/users/cozacozaco
2026-07-17 06:00:25 | INFO     | Saving at archive\skeb\cozacozaco-b5b6ac.json
2026-07-17 06:00:26 | INFO     | OK https://skeb.jp/api/users/XJ3kZ51JbYpEH4D
2026-07-17 06:00:26 | INFO     | Saving at archive\skeb\XJ3kZ51JbYpEH4D-8d6304.json
2026-07-17 06:00:27 | WARNING  | 404 on https://skeb.jp/api/users/fm7hxj (attempt 2/3)
2026-07-17 06:00:29 | INFO     | OK https://skeb.jp/api/users/fujinatsu
2026-07-17 06:00:29 | INFO     | Saving at archive\skeb\fujinatsu-f40d65.json
2026-07-17 06:00:30 | INFO     | OK https://skeb.jp/api/users/saitamawan
2026-07-17 06:00:30 | INFO     | Saving at archive\skeb\saitamawan-e2a7f2.json
2026-07-17 06:00:31 | INFO     | OK https://skeb.jp/api/users/AHOHEAD_
2026-07-17 06:00:31 | INFO     | Saving at archive\skeb\AHOHEAD_-c42f16.json
2026-07-17 06:00:32 | INFO     | OK https://skeb.jp/api/users/satopurin332
2026-07-17 06:00:32 | INFO     | Saving at archive\skeb\satopurin332-caaa4b.json
2026-07-17 06:00:33 | INFO     | OK https://skeb.jp/api/users/yudarusugi
2026-07-17 06:00:33 | INFO     | Saving at archive\skeb\yudarusugi-8948fc.json
2026-07-17 06:00:34 | INFO     | OK https://skeb.jp/api/users/ammachanchan
2026-07-17 06:00:34 | INFO     | Saving at archive\skeb\ammachanchan-3dbdd0.json
2026-07-17 06:00:35 | INFO     | OK https://skeb.jp/api/users/rkgk6ytata
2026-07-17 06:00:35 | INFO     | Saving at archive\skeb\rkgk6ytata-fe8a62.json
2026-07-17 06:00:36 | INFO     | OK https://skeb.jp/api/users/menn_n05
2026-07-17 06:00:36 | INFO     | Saving at archive\skeb\menn_n05-f6b941.json
2026-07-17 06:00:37 | INFO     | OK https://skeb.jp/api/users/Gumo_Kumo_0201
2026-07-17 06:00:37 | INFO     | Saving at archive\skeb\Gumo_Kumo_0201-9440e0.json
2026-07-17 06:00:38 | INFO     | OK https://skeb.jp/api/users/Tuo_0202_
2026-07-17 06:00:38 | INFO     | Saving at archive\skeb\Tuo_0202_-7abdfd.json
2026-07-17 06:00:39 | INFO     | OK https://skeb.jp/api/users/floweringspica
2026-07-17 06:00:39 | INFO     | Saving at archive\skeb\floweringspica-836373.json
2026-07-17 06:00:40 | INFO     | OK https://skeb.jp/api/users/misaku7net
2026-07-17 06:00:40 | INFO     | Saving at archive\skeb\misaku7net-45ba1e.json
2026-07-17 06:00:41 | INFO     | OK https://skeb.jp/api/users/Iroha_Fukami
2026-07-17 06:00:41 | INFO     | Saving at archive\skeb\Iroha_Fukami-f0b29b.json
2026-07-17 06:00:42 | INFO     | OK https://skeb.jp/api/users/ZI15866
2026-07-17 06:00:42 | INFO     | Saving at archive\skeb\ZI15866-c43ecc.json
2026-07-17 06:00:43 | INFO     | OK https://skeb.jp/api/users/sorahoshi96
2026-07-17 06:00:43 | INFO     | Saving at archive\skeb\sorahoshi96-ba8451.json
2026-07-17 06:00:44 | INFO     | OK https://skeb.jp/api/users/yamari59
2026-07-17 06:00:44 | INFO     | Saving at archive\skeb\yamari59-1a8bda.json
2026-07-17 06:00:45 | INFO     | OK https://skeb.jp/api/users/omUx_XUsuB
2026-07-17 06:00:45 | INFO     | Saving at archive\skeb\omUx_XUsuB-636bb1.json
2026-07-17 06:00:46 | INFO     | OK https://skeb.jp/api/users/huyunora
2026-07-17 06:00:46 | INFO     | Saving at archive\skeb\huyunora-d09d5a.json
2026-07-17 06:00:47 | INFO     | OK https://skeb.jp/api/users/7Yotuba428
2026-07-17 06:00:47 | INFO     | Saving at archive\skeb\7Yotuba428-23c368.json
2026-07-17 06:00:48 | INFO     | OK https://skeb.jp/api/users/0907Koichiro
2026-07-17 06:00:48 | INFO     | Saving at archive\skeb\0907Koichiro-7c487f.json
2026-07-17 06:00:49 | INFO     | OK https://skeb.jp/api/users/hachiyayuta
2026-07-17 06:00:49 | INFO     | Saving at archive\skeb\hachiyayuta-5ec3b1.json
2026-07-17 06:00:50 | INFO     | OK https://skeb.jp/api/users/gigant_555
2026-07-17 06:00:50 | INFO     | Saving at archive\skeb\gigant_555-9dd4c1.json
2026-07-17 06:00:51 | INFO     | OK https://skeb.jp/api/users/umikasu_mokz
2026-07-17 06:00:51 | INFO     | Saving at archive\skeb\umikasu_mokz-392900.json
2026-07-17 06:00:52 | INFO     | OK https://skeb.jp/api/users/137shi
2026-07-17 06:00:52 | INFO     | Saving at archive\skeb\137shi-d3b3c1.json
2026-07-17 06:00:53 | INFO     | OK https://skeb.jp/api/users/kagiyuzu_
2026-07-17 06:00:53 | INFO     | Saving at archive\skeb\kagiyuzu_-1d1d6e.json
2026-07-17 06:00:54 | INFO     | OK https://skeb.jp/api/users/ro__mt
2026-07-17 06:00:54 | INFO     | Saving at archive\skeb\ro__mt-666ed1.json
2026-07-17 06:00:55 | INFO     | OK https://skeb.jp/api/users/rapitan__illust
2026-07-17 06:00:55 | INFO     | Saving at archive\skeb\rapitan__illust-eb9d8b.json
2026-07-17 06:00:56 | INFO     | OK https://skeb.jp/api/users/oroshi_dr
2026-07-17 06:00:56 | INFO     | Saving at archive\skeb\oroshi_dr-5d40c6.json
2026-07-17 06:00:57 | INFO     | OK https://skeb.jp/api/users/pipipi_yyy_
2026-07-17 06:00:57 | INFO     | Saving at archive\skeb\pipipi_yyy_-b0bcef.json
2026-07-17 06:00:58 | WARNING  | 404 on https://skeb.jp/api/users/meguru_nero (attempt 1/3)
2026-07-17 06:00:59 | INFO     | OK https://skeb.jp/api/users/SumeragiHazime
2026-07-17 06:00:59 | INFO     | Saving at archive\skeb\SumeragiHazime-a1fd1d.json
2026-07-17 06:01:00 | WARNING  | 404 on https://skeb.jp/api/users/oshino_Iriss (attempt 1/3)
2026-07-17 06:01:01 | INFO     | OK https://skeb.jp/api/users/vrariya55
2026-07-17 06:01:01 | INFO     | Saving at archive\skeb\vrariya55-3cb9f9.json
2026-07-17 06:01:02 | INFO     | OK https://skeb.jp/api/users/supersemisemi
2026-07-17 06:01:02 | INFO     | Saving at archive\skeb\supersemisemi-e64e36.json
2026-07-17 06:01:03 | WARNING  | 404 on https://skeb.jp/api/users/meguru_nero (attempt 2/3)
2026-07-17 06:01:04 | INFO     | OK https://skeb.jp/api/users/sayugitsuno
2026-07-17 06:01:04 | INFO     | Saving at archive\skeb\sayugitsuno-009630.json
2026-07-17 06:01:05 | WARNING  | 404 on https://skeb.jp/api/users/77_t2w (attempt 1/3)
2026-07-17 06:01:06 | INFO     | OK https://skeb.jp/api/users/Kyu
2026-07-17 06:01:06 | INFO     | Saving at archive\skeb\Kyu-879d86.json
2026-07-17 06:01:07 | INFO     | OK https://skeb.jp/api/users/mnm_ummsm
2026-07-17 06:01:07 | INFO     | Saving at archive\skeb\mnm_ummsm-03b0d6.json
2026-07-17 06:01:08 | WARNING  | 404 on https://skeb.jp/api/users/77_t2w (attempt 2/3)
2026-07-17 06:01:09 | INFO     | OK https://skeb.jp/api/users/0005_am
2026-07-17 06:01:09 | INFO     | Saving at archive\skeb\0005_am-bc4270.json
2026-07-17 06:01:10 | WARNING  | 404 on https://skeb.jp/api/users/meguru_nero (attempt 3/3)
2026-07-17 06:01:11 | WARNING  | 404 on https://skeb.jp/api/users/fm7hxj (attempt 3/3)
2026-07-17 06:01:12 | WARNING  | 404 on https://skeb.jp/api/users/77_t2w (attempt 3/3)
2026-07-17 06:01:13 | INFO     | OK https://skeb.jp/api/users/VHFQOiUyQuoCVpr
2026-07-17 06:01:13 | INFO     | Saving at archive\skeb\VHFQOiUyQuoCVpr-258b56.json
2026-07-17 06:01:14 | INFO     | OK https://skeb.jp/api/users/sanoyanma
2026-07-17 06:01:14 | INFO     | Saving at archive\skeb\sanoyanma-640f84.json
2026-07-17 06:01:15 | INFO     | OK https://skeb.jp/api/users/nana_u_mi
2026-07-17 06:01:15 | INFO     | Saving at archive\skeb\nana_u_mi-cefac3.json
2026-07-17 06:01:16 | INFO     | OK https://skeb.jp/api/users/hallo0840
2026-07-17 06:01:16 | INFO     | Saving at archive\skeb\hallo0840-009421.json
2026-07-17 06:01:17 | INFO     | OK https://skeb.jp/api/users/HAINEKEN330
2026-07-17 06:01:17 | INFO     | Saving at archive\skeb\HAINEKEN330-0f8ed2.json
2026-07-17 06:01:18 | INFO     | OK https://skeb.jp/api/users/aytk_0707
2026-07-17 06:01:18 | INFO     | Saving at archive\skeb\aytk_0707-1720a5.json
2026-07-17 06:01:19 | INFO     | OK https://skeb.jp/api/users/defend556
2026-07-17 06:01:19 | INFO     | Saving at archive\skeb\defend556-7ce2af.json
2026-07-17 06:01:20 | INFO     | OK https://skeb.jp/api/users/yo_en_kai
2026-07-17 06:01:20 | INFO     | Saving at archive\skeb\yo_en_kai-3029ac.json
2026-07-17 06:01:21 | INFO     | OK https://skeb.jp/api/users/minamotoumi
2026-07-17 06:01:21 | INFO     | Saving at archive\skeb\minamotoumi-5fcde8.json
2026-07-17 06:01:22 | INFO     | OK https://skeb.jp/api/users/A_Lice000
2026-07-17 06:01:22 | INFO     | Saving at archive\skeb\A_Lice000-2e62bb.json
2026-07-17 06:01:23 | INFO     | OK https://skeb.jp/api/users/misaxrio
2026-07-17 06:01:23 | INFO     | Saving at archive\skeb\misaxrio-7fbad4.json
2026-07-17 06:01:24 | INFO     | OK https://skeb.jp/api/users/axme_chxitose
2026-07-17 06:01:24 | INFO     | Saving at archive\skeb\axme_chxitose-8ffd18.json
2026-07-17 06:01:25 | INFO     | OK https://skeb.jp/api/users/k_k_w_ns35_
2026-07-17 06:01:25 | INFO     | Saving at archive\skeb\k_k_w_ns35_-be8965.json
2026-07-17 06:01:26 | INFO     | OK https://skeb.jp/api/users/sukebenabaka
2026-07-17 06:01:26 | INFO     | Saving at archive\skeb\sukebenabaka-206a86.json
2026-07-17 06:01:27 | INFO     | OK https://skeb.jp/api/users/EmplarNSFWer
2026-07-17 06:01:27 | INFO     | Saving at archive\skeb\EmplarNSFWer-4ef31a.json
2026-07-17 06:01:28 | INFO     | OK https://skeb.jp/api/users/ORev4xx
2026-07-17 06:01:28 | INFO     | Saving at archive\skeb\ORev4xx-deb3f3.json
2026-07-17 06:01:29 | INFO     | OK https://skeb.jp/api/users/yu_no_aikatsu
2026-07-17 06:01:29 | INFO     | Saving at archive\skeb\yu_no_aikatsu-1d352f.json
2026-07-17 06:01:30 | INFO     | OK https://skeb.jp/api/users/lunaminesan1204
2026-07-17 06:01:30 | INFO     | Saving at archive\skeb\lunaminesan1204-f2147c.json
2026-07-17 06:01:31 | INFO     | OK https://skeb.jp/api/users/HMAHD_009
2026-07-17 06:01:31 | INFO     | Saving at archive\skeb\HMAHD_009-bddc94.json
2026-07-17 06:01:32 | WARNING  | 404 on https://skeb.jp/api/users/oshino_Iriss (attempt 2/3)
2026-07-17 06:01:33 | INFO     | OK https://skeb.jp/api/users/kawa_frog
2026-07-17 06:01:33 | INFO     | Saving at archive\skeb\kawa_frog-022d86.json
2026-07-17 06:01:34 | INFO     | OK https://skeb.jp/api/users/himototrpg
2026-07-17 06:01:34 | INFO     | Saving at archive\skeb\himototrpg-a3a368.json
2026-07-17 06:01:35 | INFO     | OK https://skeb.jp/api/users/Fan_VRC_
2026-07-17 06:01:35 | INFO     | Saving at archive\skeb\Fan_VRC_-671f71.json
2026-07-17 06:01:36 | INFO     | OK https://skeb.jp/api/users/__3ski
2026-07-17 06:01:36 | INFO     | Saving at archive\skeb\__3ski-e53aa9.json
2026-07-17 06:01:37 | WARNING  | 404 on https://skeb.jp/api/users/oshino_Iriss (attempt 3/3)
2026-07-17 06:01:38 | INFO     | OK https://skeb.jp/api/users/eureka_td
2026-07-17 06:01:38 | INFO     | Saving at archive\skeb\eureka_td-52b514.json
2026-07-17 06:01:39 | INFO     | OK https://skeb.jp/api/users/suama1019
2026-07-17 06:01:39 | INFO     | Saving at archive\skeb\suama1019-881023.json
2026-07-17 06:01:40 | INFO     | OK https://skeb.jp/api/users/_yesk1
2026-07-17 06:01:40 | INFO     | Saving at archive\skeb\_yesk1-7a2305.json
2026-07-17 06:01:41 | INFO     | OK https://skeb.jp/api/users/ninini_trpg
2026-07-17 06:01:41 | INFO     | Saving at archive\skeb\ninini_trpg-b674af.json
2026-07-17 06:01:42 | INFO     | OK https://skeb.jp/api/users/nattoutyahan45
2026-07-17 06:01:42 | INFO     | Saving at archive\skeb\nattoutyahan45-1205cc.json
2026-07-17 06:01:43 | INFO     | OK https://skeb.jp/api/users/morgue08
2026-07-17 06:01:43 | INFO     | Saving at archive\skeb\morgue08-30507f.json
2026-07-17 06:01:45 | INFO     | OK https://skeb.jp/api/users/Eichi_2
2026-07-17 06:01:45 | INFO     | Saving at archive\skeb\Eichi_2-269467.json
2026-07-17 06:01:45 | INFO     | OK https://skeb.jp/api/users/ms_t_DGo
2026-07-17 06:01:45 | INFO     | Saving at archive\skeb\ms_t_DGo-fbac28.json
2026-07-17 06:01:47 | INFO     | OK https://skeb.jp/api/users/Lam_flow
2026-07-17 06:01:47 | INFO     | Saving at archive\skeb\Lam_flow-2e9982.json
2026-07-17 06:01:48 | INFO     | OK https://skeb.jp/api/users/BLVEWHET
2026-07-17 06:01:48 | INFO     | Saving at archive\skeb\BLVEWHET-ec1a14.json
2026-07-17 06:01:49 | INFO     | OK https://skeb.jp/api/users/iroirokaku37
2026-07-17 06:01:49 | INFO     | Saving at archive\skeb\iroirokaku37-be9650.json
2026-07-17 06:01:49 | INFO     | OK https://skeb.jp/api/users/utoiconpe8310
2026-07-17 06:01:49 | INFO     | Saving at archive\skeb\utoiconpe8310-55160f.json
2026-07-17 06:01:51 | INFO     | OK https://skeb.jp/api/users/tekeri_sakura
2026-07-17 06:01:51 | INFO     | Saving at archive\skeb\tekeri_sakura-b608d8.json
2026-07-17 06:01:51 | WARNING  | 404 on https://skeb.jp/api/users/kagoyama_sns (attempt 1/3)
2026-07-17 06:01:53 | INFO     | OK https://skeb.jp/api/users/53_trpg_r2
2026-07-17 06:01:53 | INFO     | Saving at archive\skeb\53_trpg_r2-3614a1.json
2026-07-17 06:01:54 | WARNING  | 404 on https://skeb.jp/api/users/pgpcvDCE9G (attempt 1/3)
2026-07-17 06:01:55 | INFO     | OK https://skeb.jp/api/users/nagayama_U1
2026-07-17 06:01:55 | INFO     | Saving at archive\skeb\nagayama_U1-637216.json
2026-07-17 06:01:56 | INFO     | OK https://skeb.jp/api/users/oekakisulungo
2026-07-17 06:01:56 | INFO     | Saving at archive\skeb\oekakisulungo-972715.json
2026-07-17 06:01:57 | WARNING  | 404 on https://skeb.jp/api/users/kiNero30901 (attempt 1/3)
2026-07-17 06:01:58 | WARNING  | 404 on https://skeb.jp/api/users/kagoyama_sns (attempt 2/3)
2026-07-17 06:01:59 | INFO     | OK https://skeb.jp/api/users/namautan_tanu
2026-07-17 06:01:59 | INFO     | Saving at archive\skeb\namautan_tanu-ad955e.json
2026-07-17 06:02:00 | INFO     | OK https://skeb.jp/api/users/y_u_y_u0411
2026-07-17 06:02:00 | INFO     | Saving at archive\skeb\y_u_y_u0411-1a61b9.json
2026-07-17 06:02:00 | WARNING  | 404 on https://skeb.jp/api/users/kiNero30901 (attempt 2/3)
2026-07-17 06:02:02 | INFO     | OK https://skeb.jp/api/users/bikeidaisuki
2026-07-17 06:02:02 | INFO     | Saving at archive\skeb\bikeidaisuki-989126.json
2026-07-17 06:02:03 | INFO     | OK https://skeb.jp/api/users/neko_tamas
2026-07-17 06:02:03 | INFO     | Saving at archive\skeb\neko_tamas-517b58.json
2026-07-17 06:02:04 | WARNING  | 404 on https://skeb.jp/api/users/pgpcvDCE9G (attempt 2/3)
2026-07-17 06:02:05 | INFO     | OK https://skeb.jp/api/users/amanesashi
2026-07-17 06:02:05 | INFO     | Saving at archive\skeb\amanesashi-4d0ede.json
2026-07-17 06:02:06 | INFO     | OK https://skeb.jp/api/users/kayuumaizuko
2026-07-17 06:02:06 | INFO     | Saving at archive\skeb\kayuumaizuko-b52001.json
2026-07-17 06:02:07 | INFO     | OK https://skeb.jp/api/users/sironin
2026-07-17 06:02:07 | INFO     | Saving at archive\skeb\sironin-252429.json
2026-07-17 06:02:08 | INFO     | OK https://skeb.jp/api/users/sia
2026-07-17 06:02:08 | INFO     | Saving at archive\skeb\sia-07af7e.json
2026-07-17 06:02:09 | INFO     | OK https://skeb.jp/api/users/pirapira3510
2026-07-17 06:02:09 | INFO     | Saving at archive\skeb\pirapira3510-794c23.json
2026-07-17 06:02:10 | INFO     | OK https://skeb.jp/api/users/NAGOMIKOTATSU
2026-07-17 06:02:10 | INFO     | Saving at archive\skeb\NAGOMIKOTATSU-e71563.json
2026-07-17 06:02:11 | INFO     | OK https://skeb.jp/api/users/banibanisuko
2026-07-17 06:02:11 | INFO     | Saving at archive\skeb\banibanisuko-070feb.json
2026-07-17 06:02:12 | INFO     | OK https://skeb.jp/api/users/Tocaioxo
2026-07-17 06:02:12 | INFO     | Saving at archive\skeb\Tocaioxo-9bb846.json
2026-07-17 06:02:13 | WARNING  | 404 on https://skeb.jp/api/users/kagoyama_sns (attempt 3/3)
2026-07-17 06:02:14 | INFO     | OK https://skeb.jp/api/users/namamii920
2026-07-17 06:02:14 | INFO     | Saving at archive\skeb\namamii920-afdfc6.json
2026-07-17 06:02:15 | WARNING  | 404 on https://skeb.jp/api/users/Llu_ulg (attempt 1/3)
2026-07-17 06:02:16 | WARNING  | 404 on https://skeb.jp/api/users/pgpcvDCE9G (attempt 3/3)
2026-07-17 06:02:17 | INFO     | OK https://skeb.jp/api/users/karasawa_fourty
2026-07-17 06:02:17 | INFO     | Saving at archive\skeb\karasawa_fourty-d3b611.json
2026-07-17 06:02:18 | WARNING  | 404 on https://skeb.jp/api/users/sakayama_lazuli (attempt 1/3)
2026-07-17 06:02:19 | WARNING  | 404 on https://skeb.jp/api/users/p_pfp5 (attempt 1/3)
2026-07-17 06:02:20 | WARNING  | 404 on https://skeb.jp/api/users/Llu_ulg (attempt 2/3)
2026-07-17 06:02:21 | INFO     | OK https://skeb.jp/api/users/twsttomori
2026-07-17 06:02:21 | INFO     | Saving at archive\skeb\twsttomori-55a0de.json
2026-07-17 06:02:22 | WARNING  | 404 on https://skeb.jp/api/users/p_pfp5 (attempt 2/3)
2026-07-17 06:02:23 | INFO     | OK https://skeb.jp/api/users/ritsuka_tachi87
2026-07-17 06:02:23 | INFO     | Saving at archive\skeb\ritsuka_tachi87-821026.json
2026-07-17 06:02:24 | WARNING  | 404 on https://skeb.jp/api/users/kotonesansukida (attempt 1/3)
2026-07-17 06:02:25 | WARNING  | 404 on https://skeb.jp/api/users/sakayama_lazuli (attempt 2/3)
2026-07-17 06:02:26 | WARNING  | 404 on https://skeb.jp/api/users/kiNero30901 (attempt 3/3)
2026-07-17 06:02:27 | INFO     | OK https://skeb.jp/api/users/mid_Xmas
2026-07-17 06:02:27 | INFO     | Saving at archive\skeb\mid_Xmas-d0deac.json
2026-07-17 06:02:28 | WARNING  | 404 on https://skeb.jp/api/users/Llu_ulg (attempt 3/3)
2026-07-17 06:02:29 | INFO     | OK https://skeb.jp/api/users/hrs_hrss
2026-07-17 06:02:29 | INFO     | Saving at archive\skeb\hrs_hrss-407b1c.json
2026-07-17 06:02:30 | INFO     | OK https://skeb.jp/api/users/Yoni7re
2026-07-17 06:02:30 | INFO     | Saving at archive\skeb\Yoni7re-0f8ff0.json
2026-07-17 06:02:31 | WARNING  | 404 on https://skeb.jp/api/users/p_pfp5 (attempt 3/3)
2026-07-17 06:02:32 | INFO     | OK https://skeb.jp/api/users/coo_see
2026-07-17 06:02:32 | INFO     | Saving at archive\skeb\coo_see-82b16a.json
2026-07-17 06:02:33 | INFO     | OK https://skeb.jp/api/users/oruki7830rion
2026-07-17 06:02:33 | INFO     | Saving at archive\skeb\oruki7830rion-072c44.json
2026-07-17 06:02:34 | INFO     | OK https://skeb.jp/api/users/Wo0o0oM
2026-07-17 06:02:34 | INFO     | Saving at archive\skeb\Wo0o0oM-4c5db9.json
2026-07-17 06:02:35 | INFO     | OK https://skeb.jp/api/users/ljjjllljjjl
2026-07-17 06:02:35 | INFO     | Saving at archive\skeb\ljjjllljjjl-d2a89e.json
2026-07-17 06:02:36 | INFO     | OK https://skeb.jp/api/users/usukis184
2026-07-17 06:02:36 | INFO     | Saving at archive\skeb\usukis184-6c4e74.json
2026-07-17 06:02:37 | INFO     | OK https://skeb.jp/api/users/73_biiii
2026-07-17 06:02:37 | INFO     | Saving at archive\skeb\73_biiii-a89709.json
2026-07-17 06:02:38 | INFO     | OK https://skeb.jp/api/users/ADIDEZKBSXIKB2z
2026-07-17 06:02:38 | INFO     | Saving at archive\skeb\ADIDEZKBSXIKB2z-6a430d.json
2026-07-17 06:02:39 | WARNING  | 404 on https://skeb.jp/api/users/sakayama_lazuli (attempt 3/3)
2026-07-17 06:02:40 | INFO     | OK https://skeb.jp/api/users/mayoielena
2026-07-17 06:02:40 | INFO     | Saving at archive\skeb\mayoielena-7b4cd7.json
2026-07-17 06:02:41 | INFO     | OK https://skeb.jp/api/users/mochacot
2026-07-17 06:02:41 | INFO     | Saving at archive\skeb\mochacot-efab1a.json
2026-07-17 06:02:42 | WARNING  | 404 on https://skeb.jp/api/users/kotonesansukida (attempt 2/3)
2026-07-17 06:02:43 | INFO     | OK https://skeb.jp/api/users/Phoenixtime_now
2026-07-17 06:02:43 | INFO     | Saving at archive\skeb\Phoenixtime_now-cfc7bf.json
2026-07-17 06:02:46 | WARNING  | 404 on https://skeb.jp/api/users/kotonesansukida (attempt 3/3)
2026-07-17 06:02:46 | INFO     |  --- SUMMARY REPORT --- 
  Sources Retreived    : 603
  Profiles Fetched     : 558
  Profile Missing      : 45
  Profile Rate Limited : 0
  Profile Error Others : 0

2026-07-17 06:02:46 | INFO     | Started creating static api data.
2026-07-17 06:46:58 | INFO     | Album index written to archive\albums\index.json (371 albums)
