2026-08-02 05:42:41 | INFO     | Initialized Data Store.
2026-08-02 05:42:41 | INFO     | Homepage GET status=429 (attempt 1/3)
2026-08-02 05:42:41 | INFO     | Cookie extracted [request_key=...].
2026-08-02 05:42:41 | INFO     | SkebClient ready (impersonate=chrome120, rate=1.0/s, concurrency=10, max_runtime=10800s)
2026-08-02 05:44:18 | INFO     | Ready to scrape 63 items
2026-08-02 05:44:18 | WARNING  | 404 on https://skeb.jp/api/users/aki_ra3_ (attempt 1/3)
2026-08-02 05:44:19 | WARNING  | 404 on https://skeb.jp/api/users/kotonesansukida (attempt 1/3)
2026-08-02 05:44:20 | WARNING  | 404 on https://skeb.jp/api/users/8oSSUHCnXXz4tBp (attempt 1/3)
2026-08-02 05:44:21 | INFO     | OK https://skeb.jp/api/users/ha_ka_39
2026-08-02 05:44:21 | INFO     | Saving at a/skeb/ha_ka_39-c5d239.json
2026-08-02 05:44:22 | WARNING  | 404 on https://skeb.jp/api/users/yamin_himamo23 (attempt 1/3)
2026-08-02 05:44:23 | WARNING  | 404 on https://skeb.jp/api/users/kotonesansukida (attempt 2/3)
2026-08-02 05:44:24 | WARNING  | 404 on https://skeb.jp/api/users/Geshi_to_ (attempt 1/3)
2026-08-02 05:44:25 | WARNING  | 404 on https://skeb.jp/api/users/mimamorichan (attempt 1/3)
2026-08-02 05:44:26 | WARNING  | 404 on https://skeb.jp/api/users/yamin_himamo23 (attempt 2/3)
2026-08-02 05:44:27 | WARNING  | 404 on https://skeb.jp/api/users/_meruruto_ (attempt 1/3)
2026-08-02 05:44:28 | WARNING  | 404 on https://skeb.jp/api/users/Geshi_to_ (attempt 2/3)
2026-08-02 05:44:29 | WARNING  | 404 on https://skeb.jp/api/users/mimamorichan (attempt 2/3)
2026-08-02 05:44:30 | WARNING  | 404 on https://skeb.jp/api/users/scy2222 (attempt 1/3)
2026-08-02 05:44:31 | WARNING  | 404 on https://skeb.jp/api/users/_meruruto_ (attempt 2/3)
2026-08-02 05:44:32 | INFO     | OK https://skeb.jp/api/users/TathikawaTouma
2026-08-02 05:44:32 | INFO     | Saving at a/skeb/TathikawaTouma-27a760.json
2026-08-02 05:44:33 | WARNING  | 404 on https://skeb.jp/api/users/yamin_himamo23 (attempt 3/3)
2026-08-02 05:44:34 | WARNING  | 404 on https://skeb.jp/api/users/scy2222 (attempt 2/3)
2026-08-02 05:44:35 | WARNING  | 404 on https://skeb.jp/api/users/ronn_irai (attempt 1/3)
2026-08-02 05:44:36 | WARNING  | 404 on https://skeb.jp/api/users/mimamorichan (attempt 3/3)
2026-08-02 05:44:37 | WARNING  | 404 on https://skeb.jp/api/users/_meruruto_ (attempt 3/3)
2026-08-02 05:44:38 | WARNING  | 404 on https://skeb.jp/api/users/Iam_Ciikawa (attempt 1/3)
2026-08-02 05:44:39 | WARNING  | 404 on https://skeb.jp/api/users/ronn_irai (attempt 2/3)
2026-08-02 05:44:40 | WARNING  | 404 on https://skeb.jp/api/users/scy2222 (attempt 3/3)
2026-08-02 05:44:41 | WARNING  | 404 on https://skeb.jp/api/users/kotonesansukida (attempt 3/3)
2026-08-02 05:44:42 | WARNING  | 404 on https://skeb.jp/api/users/Iam_Ciikawa (attempt 2/3)
2026-08-02 05:44:43 | WARNING  | 404 on https://skeb.jp/api/users/Genkyou (attempt 1/3)
2026-08-02 05:44:44 | WARNING  | 404 on https://skeb.jp/api/users/ronn_irai (attempt 3/3)
2026-08-02 05:44:45 | WARNING  | 404 on https://skeb.jp/api/users/Geshi_to_ (attempt 3/3)
2026-08-02 05:44:46 | WARNING  | 404 on https://skeb.jp/api/users/p_pfp5 (attempt 1/3)
2026-08-02 05:44:47 | WARNING  | 404 on https://skeb.jp/api/users/T4k73gqSZ26h5si (attempt 1/3)
2026-08-02 05:44:48 | WARNING  | 404 on https://skeb.jp/api/users/Iam_Ciikawa (attempt 3/3)
2026-08-02 05:44:49 | WARNING  | 404 on https://skeb.jp/api/users/8oSSUHCnXXz4tBp (attempt 2/3)
2026-08-02 05:44:50 | WARNING  | 404 on https://skeb.jp/api/users/T4k73gqSZ26h5si (attempt 2/3)
2026-08-02 05:44:51 | WARNING  | 404 on https://skeb.jp/api/users/aki_ra3_ (attempt 2/3)
2026-08-02 05:44:52 | WARNING  | 404 on https://skeb.jp/api/users/p_pfp5 (attempt 2/3)
2026-08-02 05:44:53 | WARNING  | 404 on https://skeb.jp/api/users/Genkyou (attempt 2/3)
2026-08-02 05:44:54 | WARNING  | 404 on https://skeb.jp/api/users/8oSSUHCnXXz4tBp (attempt 3/3)
2026-08-02 05:44:55 | WARNING  | 404 on https://skeb.jp/api/users/3hankikan0220 (attempt 1/3)
2026-08-02 05:44:56 | WARNING  | 404 on https://skeb.jp/api/users/T4k73gqSZ26h5si (attempt 3/3)
2026-08-02 05:44:57 | INFO     | OK https://skeb.jp/api/users/DNTKS_TH_2
2026-08-02 05:44:57 | INFO     | Saving at a/skeb/DNTKS_TH_2-de640b.json
2026-08-02 05:44:58 | WARNING  | 404 on https://skeb.jp/api/users/p_pfp5 (attempt 3/3)
2026-08-02 05:44:59 | WARNING  | 404 on https://skeb.jp/api/users/3hankikan0220 (attempt 2/3)
2026-08-02 05:45:00 | WARNING  | 404 on https://skeb.jp/api/users/toxizaki (attempt 1/3)
2026-08-02 05:45:01 | WARNING  | 404 on https://skeb.jp/api/users/kokorono_376 (attempt 1/3)
2026-08-02 05:45:02 | WARNING  | 404 on https://skeb.jp/api/users/Genkyou (attempt 3/3)
2026-08-02 05:45:03 | WARNING  | 404 on https://skeb.jp/api/users/Axnya (attempt 1/3)
2026-08-02 05:45:04 | WARNING  | 404 on https://skeb.jp/api/users/polar_kuma62 (attempt 1/3)
2026-08-02 05:45:05 | WARNING  | 404 on https://skeb.jp/api/users/aki_ra3_ (attempt 3/3)
2026-08-02 05:45:06 | WARNING  | 404 on https://skeb.jp/api/users/Llu_ulg (attempt 1/3)
2026-08-02 05:45:07 | WARNING  | 404 on https://skeb.jp/api/users/kokorono_376 (attempt 2/3)
2026-08-02 05:45:08 | WARNING  | 404 on https://skeb.jp/api/users/toxizaki (attempt 2/3)
2026-08-02 05:45:09 | INFO     | OK https://skeb.jp/api/users/xxxsekuann
2026-08-02 05:45:09 | INFO     | Saving at a/skeb/xxxsekuann-bd2fe7.json
2026-08-02 05:45:10 | WARNING  | 404 on https://skeb.jp/api/users/Llu_ulg (attempt 2/3)
2026-08-02 05:45:11 | WARNING  | 404 on https://skeb.jp/api/users/Axnya (attempt 2/3)
2026-08-02 05:45:12 | WARNING  | 404 on https://skeb.jp/api/users/oshino_Iriss (attempt 1/3)
2026-08-02 05:45:13 | WARNING  | 404 on https://skeb.jp/api/users/kokorono_376 (attempt 3/3)
2026-08-02 05:45:14 | WARNING  | 404 on https://skeb.jp/api/users/toxizaki (attempt 3/3)
2026-08-02 05:45:15 | WARNING  | 404 on https://skeb.jp/api/users/sakayama_lazuli (attempt 1/3)
2026-08-02 05:45:16 | WARNING  | 404 on https://skeb.jp/api/users/Llu_ulg (attempt 3/3)
2026-08-02 05:45:17 | WARNING  | 404 on https://skeb.jp/api/users/fm7hxj (attempt 1/3)
2026-08-02 05:45:18 | INFO     | OK https://skeb.jp/api/users/harq45
2026-08-02 05:45:18 | INFO     | Saving at a/skeb/harq45-bf1cf7.json
2026-08-02 05:45:19 | WARNING  | 404 on https://skeb.jp/api/users/polar_kuma62 (attempt 2/3)
2026-08-02 05:45:20 | INFO     | OK https://skeb.jp/api/users/hkhkfff1
2026-08-02 05:45:20 | INFO     | Saving at a/skeb/hkhkfff1-12f17e.json
2026-08-02 05:45:21 | WARNING  | 404 on https://skeb.jp/api/users/fm7hxj (attempt 2/3)
2026-08-02 05:45:22 | WARNING  | 404 on https://skeb.jp/api/users/kiNero30901 (attempt 1/3)
2026-08-02 05:45:23 | WARNING  | 404 on https://skeb.jp/api/users/sakayama_lazuli (attempt 2/3)
2026-08-02 05:45:24 | WARNING  | 404 on https://skeb.jp/api/users/oshino_Iriss (attempt 2/3)
2026-08-02 05:45:25 | WARNING  | 404 on https://skeb.jp/api/users/polar_kuma62 (attempt 3/3)
2026-08-02 05:45:26 | WARNING  | 404 on https://skeb.jp/api/users/fm7hxj (attempt 3/3)
2026-08-02 05:45:27 | INFO     | OK https://skeb.jp/api/users/rukinkopoyopoyo
2026-08-02 05:45:27 | INFO     | Saving at a/skeb/rukinkopoyopoyo-7f6d54.json
2026-08-02 05:45:28 | WARNING  | 404 on https://skeb.jp/api/users/3hankikan0220 (attempt 3/3)
2026-08-02 05:45:29 | WARNING  | 404 on https://skeb.jp/api/users/sakayama_lazuli (attempt 3/3)
2026-08-02 05:45:30 | INFO     | OK https://skeb.jp/api/users/m777
2026-08-02 05:45:30 | INFO     | Saving at a/skeb/m777-efe7a2.json
2026-08-02 05:45:31 | WARNING  | 404 on https://skeb.jp/api/users/923kaku (attempt 1/3)
2026-08-02 05:45:32 | INFO     | OK https://skeb.jp/api/users/hkafnbmbc
2026-08-02 05:45:32 | INFO     | Saving at a/skeb/hkafnbmbc-e24103.json
2026-08-02 05:45:33 | WARNING  | 404 on https://skeb.jp/api/users/Axnya (attempt 3/3)
2026-08-02 05:45:34 | WARNING  | 404 on https://skeb.jp/api/users/oshino_Iriss (attempt 3/3)
2026-08-02 05:45:35 | WARNING  | 404 on https://skeb.jp/api/users/NOm0y0i (attempt 1/3)
2026-08-02 05:45:36 | INFO     | OK https://skeb.jp/api/users/sokyo1226
2026-08-02 05:45:36 | INFO     | Saving at a/skeb/sokyo1226-1f8f65.json
2026-08-02 05:45:37 | WARNING  | 404 on https://skeb.jp/api/users/923kaku (attempt 2/3)
2026-08-02 05:45:38 | WARNING  | 404 on https://skeb.jp/api/users/kiNero30901 (attempt 2/3)
2026-08-02 05:45:39 | WARNING  | 404 on https://skeb.jp/api/users/kagoyama_sns (attempt 1/3)
2026-08-02 05:45:40 | WARNING  | 404 on https://skeb.jp/api/users/ghcfujfc1 (attempt 1/3)
2026-08-02 05:45:41 | INFO     | OK https://skeb.jp/api/users/julian_semenov
2026-08-02 05:45:41 | INFO     | Saving at a/skeb/julian_semenov-b040c6.json
2026-08-02 05:45:42 | WARNING  | 404 on https://skeb.jp/api/users/923kaku (attempt 3/3)
2026-08-02 05:45:43 | WARNING  | 404 on https://skeb.jp/api/users/meguru_nero (attempt 1/3)
2026-08-02 05:45:44 | WARNING  | 404 on https://skeb.jp/api/users/kasha0927 (attempt 1/3)
2026-08-02 05:45:45 | WARNING  | 404 on https://skeb.jp/api/users/kagoyama_sns (attempt 2/3)
2026-08-02 05:45:46 | WARNING  | 404 on https://skeb.jp/api/users/mimei_Illust (attempt 1/3)
2026-08-02 05:45:47 | WARNING  | 404 on https://skeb.jp/api/users/kasha0927 (attempt 2/3)
2026-08-02 05:45:48 | INFO     | OK https://skeb.jp/api/users/mitara_abunai2
2026-08-02 05:45:48 | INFO     | Saving at a/skeb/mitara_abunai2-4d21d5.json
2026-08-02 05:45:49 | WARNING  | 404 on https://skeb.jp/api/users/mamovoy2 (attempt 1/3)
2026-08-02 05:45:50 | WARNING  | 404 on https://skeb.jp/api/users/killy810 (attempt 1/3)
2026-08-02 05:45:51 | WARNING  | 404 on https://skeb.jp/api/users/kagoyama_sns (attempt 3/3)
2026-08-02 05:45:52 | WARNING  | 404 on https://skeb.jp/api/users/kasha0927 (attempt 3/3)
2026-08-02 05:45:53 | INFO     | OK https://skeb.jp/api/users/y_915c8b
2026-08-02 05:45:53 | INFO     | Saving at a/skeb/y_915c8b-bc3455.json
2026-08-02 05:45:54 | WARNING  | 404 on https://skeb.jp/api/users/killy810 (attempt 2/3)
2026-08-02 05:45:55 | WARNING  | 404 on https://skeb.jp/api/users/kiNero30901 (attempt 3/3)
2026-08-02 05:45:56 | WARNING  | 404 on https://skeb.jp/api/users/m3x3_sk (attempt 1/3)
2026-08-02 05:45:57 | INFO     | OK https://skeb.jp/api/users/10kb2
2026-08-02 05:45:57 | INFO     | Saving at a/skeb/10kb2-73bab3.json
2026-08-02 05:45:58 | WARNING  | 404 on https://skeb.jp/api/users/29Kota2 (attempt 1/3)
2026-08-02 05:45:59 | INFO     | OK https://skeb.jp/api/users/tomo_tomorrow52
2026-08-02 05:45:59 | INFO     | Saving at a/skeb/tomo_tomorrow52-72cae0.json
2026-08-02 05:46:00 | WARNING  | 404 on https://skeb.jp/api/users/m3x3_sk (attempt 2/3)
2026-08-02 05:46:01 | WARNING  | 404 on https://skeb.jp/api/users/pgpcvDCE9G (attempt 1/3)
2026-08-02 05:46:02 | WARNING  | 404 on https://skeb.jp/api/users/29Kota2 (attempt 2/3)
2026-08-02 05:46:03 | WARNING  | 404 on https://skeb.jp/api/users/mimei_Illust (attempt 2/3)
2026-08-02 05:46:04 | WARNING  | 404 on https://skeb.jp/api/users/mamovoy2 (attempt 2/3)
2026-08-02 05:46:05 | WARNING  | 404 on https://skeb.jp/api/users/pgpcvDCE9G (attempt 2/3)
2026-08-02 05:46:06 | WARNING  | 404 on https://skeb.jp/api/users/ghcfujfc1 (attempt 2/3)
2026-08-02 05:46:07 | WARNING  | 404 on https://skeb.jp/api/users/m3x3_sk (attempt 3/3)
2026-08-02 05:46:08 | WARNING  | 404 on https://skeb.jp/api/users/29Kota2 (attempt 3/3)
2026-08-02 05:46:09 | WARNING  | 404 on https://skeb.jp/api/users/nattamati_ (attempt 1/3)
2026-08-02 05:46:10 | WARNING  | 404 on https://skeb.jp/api/users/mamovoy2 (attempt 3/3)
2026-08-02 05:46:11 | WARNING  | 404 on https://skeb.jp/api/users/killy810 (attempt 3/3)
2026-08-02 05:46:12 | WARNING  | 404 on https://skeb.jp/api/users/lkjeudnduy44 (attempt 1/3)
2026-08-02 05:46:13 | WARNING  | 404 on https://skeb.jp/api/users/ghcfujfc1 (attempt 3/3)
2026-08-02 05:46:14 | WARNING  | 404 on https://skeb.jp/api/users/mimei_Illust (attempt 3/3)
2026-08-02 05:46:15 | WARNING  | 404 on https://skeb.jp/api/users/nattamati_ (attempt 2/3)
2026-08-02 05:46:16 | WARNING  | 404 on https://skeb.jp/api/users/se3ifinal (attempt 1/3)
2026-08-02 05:46:17 | WARNING  | 404 on https://skeb.jp/api/users/pgpcvDCE9G (attempt 3/3)
2026-08-02 05:46:18 | WARNING  | 404 on https://skeb.jp/api/users/Uo_oU_us (attempt 1/3)
2026-08-02 05:46:19 | WARNING  | 404 on https://skeb.jp/api/users/vHoo__ (attempt 1/3)
2026-08-02 05:46:20 | WARNING  | 404 on https://skeb.jp/api/users/se3ifinal (attempt 2/3)
2026-08-02 05:46:21 | WARNING  | 404 on https://skeb.jp/api/users/nattamati_ (attempt 3/3)
2026-08-02 05:46:22 | WARNING  | 404 on https://skeb.jp/api/users/Uo_oU_us (attempt 2/3)
2026-08-02 05:46:23 | WARNING  | 404 on https://skeb.jp/api/users/vHoo__ (attempt 2/3)
2026-08-02 05:46:24 | WARNING  | 404 on https://skeb.jp/api/users/soraumi2000_50_ (attempt 1/3)
2026-08-02 05:46:25 | WARNING  | 404 on https://skeb.jp/api/users/Henzu_23 (attempt 1/3)
2026-08-02 05:46:26 | WARNING  | 404 on https://skeb.jp/api/users/NOm0y0i (attempt 2/3)
2026-08-02 05:46:27 | WARNING  | 404 on https://skeb.jp/api/users/soraumi2000_50_ (attempt 2/3)
2026-08-02 05:46:28 | WARNING  | 404 on https://skeb.jp/api/users/fukafuka_no_inu (attempt 1/3)
2026-08-02 05:46:29 | WARNING  | 404 on https://skeb.jp/api/users/nyatta_san (attempt 1/3)
2026-08-02 05:46:30 | WARNING  | 404 on https://skeb.jp/api/users/vHoo__ (attempt 3/3)
2026-08-02 05:46:31 | WARNING  | 404 on https://skeb.jp/api/users/Uo_oU_us (attempt 3/3)
2026-08-02 05:46:32 | WARNING  | 404 on https://skeb.jp/api/users/NOm0y0i (attempt 3/3)
2026-08-02 05:46:33 | WARNING  | 404 on https://skeb.jp/api/users/nyatta_san (attempt 2/3)
2026-08-02 05:46:34 | WARNING  | 404 on https://skeb.jp/api/users/se3ifinal (attempt 3/3)
2026-08-02 05:46:35 | WARNING  | 404 on https://skeb.jp/api/users/meguru_nero (attempt 2/3)
2026-08-02 05:46:36 | WARNING  | 404 on https://skeb.jp/api/users/77_t2w (attempt 1/3)
2026-08-02 05:46:37 | WARNING  | 404 on https://skeb.jp/api/users/lkjeudnduy44 (attempt 2/3)
2026-08-02 05:46:38 | WARNING  | 404 on https://skeb.jp/api/users/EDO__nyan (attempt 1/3)
2026-08-02 05:46:39 | WARNING  | 404 on https://skeb.jp/api/users/nyatta_san (attempt 3/3)
2026-08-02 05:46:40 | WARNING  | 404 on https://skeb.jp/api/users/77_t2w (attempt 2/3)
2026-08-02 05:46:41 | WARNING  | 404 on https://skeb.jp/api/users/Henzu_23 (attempt 2/3)
2026-08-02 05:46:42 | INFO     | OK https://skeb.jp/api/users/ballooncastle
2026-08-02 05:46:42 | INFO     | Saving at a/skeb/ballooncastle-11c153.json
2026-08-02 05:46:43 | WARNING  | 404 on https://skeb.jp/api/users/lkjeudnduy44 (attempt 3/3)
2026-08-02 05:46:44 | WARNING  | 404 on https://skeb.jp/api/users/Ryuzi_27 (attempt 1/3)
2026-08-02 05:46:45 | WARNING  | 404 on https://skeb.jp/api/users/fukafuka_no_inu (attempt 2/3)
2026-08-02 05:46:46 | WARNING  | 404 on https://skeb.jp/api/users/77_t2w (attempt 3/3)
2026-08-02 05:46:47 | WARNING  | 404 on https://skeb.jp/api/users/Henzu_23 (attempt 3/3)
2026-08-02 05:46:48 | WARNING  | 404 on https://skeb.jp/api/users/Ryuzi_27 (attempt 2/3)
2026-08-02 05:46:49 | WARNING  | 404 on https://skeb.jp/api/users/meguru_nero (attempt 3/3)
2026-08-02 05:46:50 | WARNING  | 404 on https://skeb.jp/api/users/fukafuka_no_inu (attempt 3/3)
2026-08-02 05:46:51 | WARNING  | 404 on https://skeb.jp/api/users/soraumi2000_50_ (attempt 3/3)
2026-08-02 05:46:52 | WARNING  | 404 on https://skeb.jp/api/users/EDO__nyan (attempt 2/3)
2026-08-02 05:46:53 | WARNING  | 404 on https://skeb.jp/api/users/Ryuzi_27 (attempt 3/3)
2026-08-02 05:46:57 | WARNING  | 404 on https://skeb.jp/api/users/EDO__nyan (attempt 3/3)
2026-08-02 05:46:57 | INFO     |  --- SUMMARY REPORT --- 
  Sources Retreived    : 63
  Profiles Fetched     : 16
  Profile Missing      : 47
  Profile Rate Limited : 0
  Profile Error Others : 0

2026-08-02 05:46:57 | INFO     | Started creating static api data.
2026-08-02 05:48:26 | INFO     | Album index written to a/albums/index.json (410 albums)
