2026-07-19 14:49:31 | INFO     | Initialized Data Store.
2026-07-19 14:49:31 | INFO     | Homepage GET status=429 (attempt 1/3)
2026-07-19 14:49:31 | INFO     | Cookie extracted [request_key=...].
2026-07-19 14:49:31 | INFO     | SkebClient ready (impersonate=chrome120, rate=3.0/s, concurrency=10, max_runtime=4800s)
2026-07-19 14:49:31 | INFO     | Pagination start: type='works' genre='art'.
2026-07-19 14:49:31 | INFO     | OK https://skeb.jp/api/works?sort=date&genre=art&offset=180&limit=90
2026-07-19 14:49:31 | INFO     | OK https://skeb.jp/api/works?sort=date&genre=art&offset=0&limit=90
2026-07-19 14:49:31 | INFO     | OK https://skeb.jp/api/works?sort=date&genre=art&offset=90&limit=90
2026-07-19 14:49:32 | INFO     | OK https://skeb.jp/api/works?sort=date&genre=art&offset=630&limit=90
2026-07-19 14:49:32 | INFO     | OK https://skeb.jp/api/works?sort=date&genre=art&offset=720&limit=90
2026-07-19 14:49:32 | INFO     | OK https://skeb.jp/api/works?sort=date&genre=art&offset=450&limit=90
2026-07-19 14:49:33 | INFO     | OK https://skeb.jp/api/works?sort=date&genre=art&offset=360&limit=90
2026-07-19 14:49:33 | INFO     | OK https://skeb.jp/api/works?sort=date&genre=art&offset=540&limit=90
2026-07-19 14:49:33 | INFO     | OK https://skeb.jp/api/works?sort=date&genre=art&offset=270&limit=90
2026-07-19 14:49:34 | INFO     | OK https://skeb.jp/api/works?sort=date&genre=art&offset=810&limit=90
2026-07-19 14:49:34 | INFO     | OK https://skeb.jp/api/works?sort=date&genre=art&offset=1530&limit=90
2026-07-19 14:49:35 | INFO     | OK https://skeb.jp/api/works?sort=date&genre=art&offset=1080&limit=90
2026-07-19 14:49:35 | INFO     | OK https://skeb.jp/api/works?sort=date&genre=art&offset=1440&limit=90
2026-07-19 14:49:35 | INFO     | OK https://skeb.jp/api/works?sort=date&genre=art&offset=1620&limit=90
2026-07-19 14:49:36 | INFO     | OK https://skeb.jp/api/works?sort=date&genre=art&offset=900&limit=90
2026-07-19 14:49:36 | INFO     | OK https://skeb.jp/api/works?sort=date&genre=art&offset=1170&limit=90
2026-07-19 14:49:36 | INFO     | OK https://skeb.jp/api/works?sort=date&genre=art&offset=1350&limit=90
2026-07-19 14:49:37 | INFO     | OK https://skeb.jp/api/works?sort=date&genre=art&offset=1260&limit=90
2026-07-19 14:49:37 | INFO     | OK https://skeb.jp/api/works?sort=date&genre=art&offset=1710&limit=90
2026-07-19 14:49:37 | INFO     | OK https://skeb.jp/api/works?sort=date&genre=art&offset=990&limit=90
2026-07-19 14:49:38 | INFO     | OK https://skeb.jp/api/works?sort=date&genre=art&offset=2340&limit=90
2026-07-19 14:49:38 | INFO     | OK https://skeb.jp/api/works?sort=date&genre=art&offset=2610&limit=90
2026-07-19 14:49:38 | INFO     | OK https://skeb.jp/api/works?sort=date&genre=art&offset=2250&limit=90
2026-07-19 14:49:38 | INFO     | OK https://skeb.jp/api/works?sort=date&genre=art&offset=2070&limit=90
2026-07-19 14:49:39 | INFO     | OK https://skeb.jp/api/works?sort=date&genre=art&offset=2430&limit=90
2026-07-19 14:49:39 | INFO     | OK https://skeb.jp/api/works?sort=date&genre=art&offset=2520&limit=90
2026-07-19 14:49:40 | INFO     | OK https://skeb.jp/api/works?sort=date&genre=art&offset=1980&limit=90
2026-07-19 14:49:40 | INFO     | OK https://skeb.jp/api/works?sort=date&genre=art&offset=1890&limit=90
2026-07-19 14:49:40 | INFO     | OK https://skeb.jp/api/works?sort=date&genre=art&offset=2160&limit=90
2026-07-19 14:49:41 | INFO     | OK https://skeb.jp/api/works?sort=date&genre=art&offset=1800&limit=90
2026-07-19 14:49:41 | INFO     | OK https://skeb.jp/api/works?sort=date&genre=art&offset=3330&limit=90
2026-07-19 14:49:41 | INFO     | OK https://skeb.jp/api/works?sort=date&genre=art&offset=2700&limit=90
2026-07-19 14:49:42 | INFO     | OK https://skeb.jp/api/works?sort=date&genre=art&offset=2790&limit=90
2026-07-19 14:49:42 | INFO     | OK https://skeb.jp/api/works?sort=date&genre=art&offset=3420&limit=90
2026-07-19 14:49:42 | INFO     | OK https://skeb.jp/api/works?sort=date&genre=art&offset=3510&limit=90
2026-07-19 14:49:43 | INFO     | OK https://skeb.jp/api/works?sort=date&genre=art&offset=3150&limit=90
2026-07-19 14:49:43 | INFO     | OK https://skeb.jp/api/works?sort=date&genre=art&offset=2880&limit=90
2026-07-19 14:49:43 | INFO     | OK https://skeb.jp/api/works?sort=date&genre=art&offset=3240&limit=90
2026-07-19 14:49:44 | INFO     | OK https://skeb.jp/api/works?sort=date&genre=art&offset=3060&limit=90
2026-07-19 14:49:44 | INFO     | OK https://skeb.jp/api/works?sort=date&genre=art&offset=2970&limit=90
2026-07-19 14:49:44 | INFO     | OK https://skeb.jp/api/works?sort=date&genre=art&offset=4230&limit=90
2026-07-19 14:49:45 | INFO     | OK https://skeb.jp/api/works?sort=date&genre=art&offset=3690&limit=90
2026-07-19 14:49:45 | INFO     | OK https://skeb.jp/api/works?sort=date&genre=art&offset=3870&limit=90
2026-07-19 14:49:45 | INFO     | OK https://skeb.jp/api/works?sort=date&genre=art&offset=3780&limit=90
2026-07-19 14:49:45 | INFO     | OK https://skeb.jp/api/works?sort=date&genre=art&offset=3960&limit=90
2026-07-19 14:49:46 | INFO     | OK https://skeb.jp/api/works?sort=date&genre=art&offset=4050&limit=90
2026-07-19 14:49:46 | INFO     | OK https://skeb.jp/api/works?sort=date&genre=art&offset=4410&limit=90
2026-07-19 14:49:47 | INFO     | OK https://skeb.jp/api/works?sort=date&genre=art&offset=3600&limit=90
2026-07-19 14:49:47 | INFO     | OK https://skeb.jp/api/works?sort=date&genre=art&offset=4320&limit=90
2026-07-19 14:49:47 | INFO     | OK https://skeb.jp/api/works?sort=date&genre=art&offset=4140&limit=90
2026-07-19 14:49:47 | INFO     | Empty page (consecutive=1)
2026-07-19 14:49:47 | INFO     | Empty page (consecutive=2)
2026-07-19 14:49:47 | INFO     | End of pagination (2 empty pages).
2026-07-19 14:49:47 | INFO     | Pagination done: 4000 items for 'works'.
2026-07-19 14:49:47 | INFO     | Pagination start: type='users' genre='art'.
2026-07-19 14:49:47 | INFO     | OK https://skeb.jp/api/users?sort=date&genre=art&offset=720&limit=90
2026-07-19 14:49:48 | INFO     | OK https://skeb.jp/api/users?sort=date&genre=art&offset=450&limit=90
2026-07-19 14:49:48 | INFO     | OK https://skeb.jp/api/users?sort=date&genre=art&offset=360&limit=90
2026-07-19 14:49:49 | INFO     | OK https://skeb.jp/api/users?sort=date&genre=art&offset=90&limit=90
2026-07-19 14:49:49 | INFO     | OK https://skeb.jp/api/users?sort=date&genre=art&offset=0&limit=90
2026-07-19 14:49:49 | INFO     | OK https://skeb.jp/api/users?sort=date&genre=art&offset=810&limit=90
2026-07-19 14:49:49 | INFO     | OK https://skeb.jp/api/users?sort=date&genre=art&offset=630&limit=90
2026-07-19 14:49:50 | INFO     | OK https://skeb.jp/api/users?sort=date&genre=art&offset=180&limit=90
2026-07-19 14:49:50 | INFO     | OK https://skeb.jp/api/users?sort=date&genre=art&offset=270&limit=90
2026-07-19 14:49:50 | INFO     | OK https://skeb.jp/api/users?sort=date&genre=art&offset=540&limit=90
2026-07-19 14:49:50 | INFO     | Empty page (consecutive=1)
2026-07-19 14:49:50 | INFO     | Empty page (consecutive=2)
2026-07-19 14:49:50 | INFO     | End of pagination (2 empty pages).
2026-07-19 14:49:50 | INFO     | Pagination done: 400 items for 'users'.
2026-07-19 14:49:50 | INFO     | Ready to scrape 3516 items
2026-07-19 14:49:51 | INFO     | OK https://skeb.jp/api/users/yoshidan
2026-07-19 14:49:51 | INFO     | Saving at a/skeb/yoshidan-c21739.json
2026-07-19 14:49:51 | INFO     | OK https://skeb.jp/api/users/skebinu
2026-07-19 14:49:51 | INFO     | Saving at a/skeb/skebinu-02caf5.json
2026-07-19 14:49:51 | INFO     | OK https://skeb.jp/api/users/sakura_naomiki
2026-07-19 14:49:51 | INFO     | Saving at a/skeb/sakura_naomiki-95bdc9.json
2026-07-19 14:49:52 | INFO     | OK https://skeb.jp/api/users/nei_tsuzumori
2026-07-19 14:49:52 | INFO     | Saving at a/skeb/nei_tsuzumori-3774bf.json
2026-07-19 14:49:52 | INFO     | OK https://skeb.jp/api/users/cowocz
2026-07-19 14:49:52 | INFO     | Saving at a/skeb/cowocz-9298e4.json
2026-07-19 14:49:52 | INFO     | OK https://skeb.jp/api/users/RobataKuri
2026-07-19 14:49:52 | INFO     | Saving at a/skeb/RobataKuri-e6c2be.json
2026-07-19 14:49:53 | INFO     | OK https://skeb.jp/api/users/merona_0914
2026-07-19 14:49:53 | INFO     | Saving at a/skeb/merona_0914-6859ea.json
2026-07-19 14:49:53 | INFO     | OK https://skeb.jp/api/users/nikudaisuki_29
2026-07-19 14:49:53 | INFO     | Saving at a/skeb/nikudaisuki_29-661074.json
2026-07-19 14:49:53 | INFO     | OK https://skeb.jp/api/users/omilipap
2026-07-19 14:49:53 | INFO     | Saving at a/skeb/omilipap-a57685.json
2026-07-19 14:49:54 | INFO     | OK https://skeb.jp/api/users/KARASU2023_2
2026-07-19 14:49:54 | INFO     | Saving at a/skeb/KARASU2023_2-466d54.json
2026-07-19 14:49:54 | INFO     | OK https://skeb.jp/api/users/666soul_s
2026-07-19 14:49:54 | INFO     | Saving at a/skeb/666soul_s-12f50d.json
2026-07-19 14:49:55 | INFO     | OK https://skeb.jp/api/users/2_tataaa
2026-07-19 14:49:55 | INFO     | Saving at a/skeb/2_tataaa-6548a4.json
2026-07-19 14:49:55 | INFO     | OK https://skeb.jp/api/users/RGgNuvqCD2UuTef
2026-07-19 14:49:55 | INFO     | Saving at a/skeb/RGgNuvqCD2UuTef-69f291.json
2026-07-19 14:49:55 | INFO     | OK https://skeb.jp/api/users/aibaruu
2026-07-19 14:49:55 | INFO     | Saving at a/skeb/aibaruu-8dfa98.json
2026-07-19 14:49:56 | INFO     | OK https://skeb.jp/api/users/hp7y1kyfbjy6
2026-07-19 14:49:56 | INFO     | Saving at a/skeb/hp7y1kyfbjy6-08cfc1.json
2026-07-19 14:49:56 | INFO     | OK https://skeb.jp/api/users/X_aNgeL96x
2026-07-19 14:49:56 | INFO     | Saving at a/skeb/X_aNgeL96x-69d661.json
2026-07-19 14:49:56 | INFO     | OK https://skeb.jp/api/users/voifooooooork
2026-07-19 14:49:56 | INFO     | Saving at a/skeb/voifooooooork-ad47eb.json
2026-07-19 14:49:56 | INFO     | OK https://skeb.jp/api/users/9msq3
2026-07-19 14:49:56 | INFO     | Saving at a/skeb/9msq3-2b15f2.json
2026-07-19 14:49:57 | INFO     | OK https://skeb.jp/api/users/aldarsign_honmono
2026-07-19 14:49:57 | INFO     | Saving at a/skeb/aldarsign_honmono-4cfc16.json
2026-07-19 14:49:57 | INFO     | OK https://skeb.jp/api/users/kurotetete2
2026-07-19 14:49:57 | INFO     | Saving at a/skeb/kurotetete2-952e8f.json
2026-07-19 14:49:58 | INFO     | OK https://skeb.jp/api/users/umino_sachi_kj
2026-07-19 14:49:58 | INFO     | Saving at a/skeb/umino_sachi_kj-d749ca.json
2026-07-19 14:49:58 | INFO     | OK https://skeb.jp/api/users/moz
2026-07-19 14:49:58 | INFO     | Saving at a/skeb/moz-89364c.json
2026-07-19 14:49:58 | INFO     | OK https://skeb.jp/api/users/muzinataro2021
2026-07-19 14:49:58 | INFO     | Saving at a/skeb/muzinataro2021-79461b.json
2026-07-19 14:49:58 | INFO     | OK https://skeb.jp/api/users/pome_chang59
2026-07-19 14:49:58 | INFO     | Saving at a/skeb/pome_chang59-b216b1.json
2026-07-19 14:49:59 | INFO     | OK https://skeb.jp/api/users/donguri_noki
2026-07-19 14:49:59 | INFO     | Saving at a/skeb/donguri_noki-caa057.json
2026-07-19 14:49:59 | INFO     | OK https://skeb.jp/api/users/Green_DaKaRq
2026-07-19 14:49:59 | INFO     | Saving at a/skeb/Green_DaKaRq-c2671e.json
2026-07-19 14:49:59 | INFO     | OK https://skeb.jp/api/users/TAMAKO__25
2026-07-19 14:49:59 | INFO     | Saving at a/skeb/TAMAKO__25-f68e15.json
2026-07-19 14:50:00 | INFO     | OK https://skeb.jp/api/users/_kanaukanau
2026-07-19 14:50:00 | INFO     | Saving at a/skeb/_kanaukanau-4d39ce.json
2026-07-19 14:50:00 | INFO     | OK https://skeb.jp/api/users/dog_gomi
2026-07-19 14:50:00 | INFO     | Saving at a/skeb/dog_gomi-757d53.json
2026-07-19 14:50:00 | INFO     | OK https://skeb.jp/api/users/vI_o_o_Iv
2026-07-19 14:50:00 | INFO     | Saving at a/skeb/vI_o_o_Iv-4fb74a.json
2026-07-19 14:50:01 | INFO     | OK https://skeb.jp/api/users/endouvocalotyu
2026-07-19 14:50:01 | INFO     | Saving at a/skeb/endouvocalotyu-578bee.json
2026-07-19 14:50:01 | INFO     | OK https://skeb.jp/api/users/AkiAkane104
2026-07-19 14:50:01 | INFO     | Saving at a/skeb/AkiAkane104-0939cf.json
2026-07-19 14:50:01 | INFO     | OK https://skeb.jp/api/users/sitigatu0984
2026-07-19 14:50:01 | INFO     | Saving at a/skeb/sitigatu0984-64aa74.json
2026-07-19 14:50:02 | INFO     | OK https://skeb.jp/api/users/ngtomo1565
2026-07-19 14:50:02 | INFO     | Saving at a/skeb/ngtomo1565-b084c5.json
2026-07-19 14:50:02 | INFO     | OK https://skeb.jp/api/users/szpw_nmh3
2026-07-19 14:50:02 | INFO     | Saving at a/skeb/szpw_nmh3-e8280f.json
2026-07-19 14:50:02 | INFO     | OK https://skeb.jp/api/users/Oilver
2026-07-19 14:50:02 | INFO     | Saving at a/skeb/Oilver-c7f41e.json
2026-07-19 14:50:03 | INFO     | OK https://skeb.jp/api/users/E_27910
2026-07-19 14:50:03 | INFO     | Saving at a/skeb/E_27910-22bb46.json
2026-07-19 14:50:03 | INFO     | OK https://skeb.jp/api/users/HiLgxr
2026-07-19 14:50:03 | INFO     | Saving at a/skeb/HiLgxr-75b4c8.json
2026-07-19 14:50:03 | INFO     | OK https://skeb.jp/api/users/hny_mg_
2026-07-19 14:50:03 | INFO     | Saving at a/skeb/hny_mg_-365204.json
2026-07-19 14:50:04 | INFO     | OK https://skeb.jp/api/users/r18kyous
2026-07-19 14:50:04 | INFO     | Saving at a/skeb/r18kyous-695abb.json
2026-07-19 14:50:04 | INFO     | OK https://skeb.jp/api/users/T_AmaYuki_B
2026-07-19 14:50:04 | INFO     | Saving at a/skeb/T_AmaYuki_B-94a6d9.json
2026-07-19 14:50:04 | INFO     | OK https://skeb.jp/api/users/sonao
2026-07-19 14:50:04 | INFO     | Saving at a/skeb/sonao-100dd7.json
2026-07-19 14:50:05 | INFO     | OK https://skeb.jp/api/users/659328652ad
2026-07-19 14:50:05 | INFO     | Saving at a/skeb/659328652ad-845dbc.json
2026-07-19 14:50:05 | INFO     | OK https://skeb.jp/api/users/Yako_mimimi
2026-07-19 14:50:05 | INFO     | Saving at a/skeb/Yako_mimimi-60900d.json
2026-07-19 14:50:05 | INFO     | OK https://skeb.jp/api/users/cocoyama
2026-07-19 14:50:05 | INFO     | Saving at a/skeb/cocoyama-a388b7.json
2026-07-19 14:50:06 | INFO     | OK https://skeb.jp/api/users/megituzi
2026-07-19 14:50:06 | INFO     | Saving at a/skeb/megituzi-611af5.json
2026-07-19 14:50:06 | INFO     | OK https://skeb.jp/api/users/yuurei_01
2026-07-19 14:50:06 | INFO     | Saving at a/skeb/yuurei_01-0b07e9.json
2026-07-19 14:50:06 | INFO     | OK https://skeb.jp/api/users/ttt__yh
2026-07-19 14:50:06 | INFO     | Saving at a/skeb/ttt__yh-717d3d.json
2026-07-19 14:50:07 | INFO     | OK https://skeb.jp/api/users/aiueOKOSO
2026-07-19 14:50:07 | INFO     | Saving at a/skeb/aiueOKOSO-7e26e8.json
2026-07-19 14:50:07 | INFO     | OK https://skeb.jp/api/users/tori_nunu
2026-07-19 14:50:07 | INFO     | Saving at a/skeb/tori_nunu-6aa19a.json
2026-07-19 14:50:08 | INFO     | OK https://skeb.jp/api/users/izm___Alice
2026-07-19 14:50:08 | INFO     | Saving at a/skeb/izm___Alice-f2fb49.json
2026-07-19 14:50:08 | INFO     | OK https://skeb.jp/api/users/wwwaaannP
2026-07-19 14:50:08 | INFO     | Saving at a/skeb/wwwaaannP-68a8b0.json
2026-07-19 14:50:08 | INFO     | OK https://skeb.jp/api/users/mugicha_ang04
2026-07-19 14:50:08 | INFO     | Saving at a/skeb/mugicha_ang04-fd138a.json
2026-07-19 14:50:08 | INFO     | OK https://skeb.jp/api/users/tseo333
2026-07-19 14:50:08 | INFO     | Saving at a/skeb/tseo333-3b4eb6.json
2026-07-19 14:50:09 | INFO     | OK https://skeb.jp/api/users/kagura_runn
2026-07-19 14:50:09 | INFO     | Saving at a/skeb/kagura_runn-fa9645.json
2026-07-19 14:50:09 | INFO     | OK https://skeb.jp/api/users/caramelillust
2026-07-19 14:50:09 | INFO     | Saving at a/skeb/caramelillust-d13b5b.json
2026-07-19 14:50:09 | INFO     | OK https://skeb.jp/api/users/ie2828
2026-07-19 14:50:09 | INFO     | Saving at a/skeb/ie2828-4be0b1.json
2026-07-19 14:50:10 | INFO     | OK https://skeb.jp/api/users/MoMoMo_0629
2026-07-19 14:50:10 | INFO     | Saving at a/skeb/MoMoMo_0629-320cc1.json
2026-07-19 14:50:10 | INFO     | OK https://skeb.jp/api/users/aruzin_sousaku
2026-07-19 14:50:10 | INFO     | Saving at a/skeb/aruzin_sousaku-0e82ee.json
2026-07-19 14:50:11 | INFO     | OK https://skeb.jp/api/users/tks_joe
2026-07-19 14:50:11 | INFO     | Saving at a/skeb/tks_joe-bb9343.json
2026-07-19 14:50:11 | INFO     | OK https://skeb.jp/api/users/y_ganman2
2026-07-19 14:50:11 | INFO     | Saving at a/skeb/y_ganman2-436444.json
2026-07-19 14:50:11 | INFO     | OK https://skeb.jp/api/users/Su3ro_S10
2026-07-19 14:50:11 | INFO     | Saving at a/skeb/Su3ro_S10-3e7ff9.json
2026-07-19 14:50:11 | INFO     | OK https://skeb.jp/api/users/tika_illust
2026-07-19 14:50:11 | INFO     | Saving at a/skeb/tika_illust-24ce47.json
2026-07-19 14:50:12 | INFO     | OK https://skeb.jp/api/users/_810yuki
2026-07-19 14:50:12 | INFO     | Saving at a/skeb/_810yuki-39028f.json
2026-07-19 14:50:12 | INFO     | OK https://skeb.jp/api/users/kaji2000_
2026-07-19 14:50:12 | INFO     | Saving at a/skeb/kaji2000_-275835.json
2026-07-19 14:50:13 | INFO     | OK https://skeb.jp/api/users/waishinoaka
2026-07-19 14:50:13 | INFO     | Saving at a/skeb/waishinoaka-e07a8e.json
2026-07-19 14:50:13 | INFO     | OK https://skeb.jp/api/users/OihLf
2026-07-19 14:50:13 | INFO     | Saving at a/skeb/OihLf-bd6c04.json
2026-07-19 14:50:13 | INFO     | OK https://skeb.jp/api/users/Aries_end
2026-07-19 14:50:13 | INFO     | Saving at a/skeb/Aries_end-7efa1f.json
2026-07-19 14:50:14 | INFO     | OK https://skeb.jp/api/users/inposamu
2026-07-19 14:50:14 | INFO     | Saving at a/skeb/inposamu-020a88.json
2026-07-19 14:50:14 | INFO     | OK https://skeb.jp/api/users/ochinmilk
2026-07-19 14:50:14 | INFO     | Saving at a/skeb/ochinmilk-371501.json
2026-07-19 14:50:14 | INFO     | OK https://skeb.jp/api/users/nanase_masato
2026-07-19 14:50:14 | INFO     | Saving at a/skeb/nanase_masato-239266.json
2026-07-19 14:50:14 | INFO     | OK https://skeb.jp/api/users/chaostep
2026-07-19 14:50:14 | INFO     | Saving at a/skeb/chaostep-6b5a70.json
2026-07-19 14:50:15 | INFO     | OK https://skeb.jp/api/users/shiroha_ruka
2026-07-19 14:50:15 | INFO     | Saving at a/skeb/shiroha_ruka-8e9c84.json
2026-07-19 14:50:15 | INFO     | OK https://skeb.jp/api/users/shiroiris_
2026-07-19 14:50:15 | INFO     | Saving at a/skeb/shiroiris_-059327.json
2026-07-19 14:50:15 | INFO     | OK https://skeb.jp/api/users/PakkkkkkkkrA
2026-07-19 14:50:15 | INFO     | Saving at a/skeb/PakkkkkkkkrA-f99eab.json
2026-07-19 14:50:16 | INFO     | OK https://skeb.jp/api/users/oto61573883
2026-07-19 14:50:16 | INFO     | Saving at a/skeb/oto61573883-b9290d.json
2026-07-19 14:50:16 | INFO     | OK https://skeb.jp/api/users/abbgd22
2026-07-19 14:50:16 | INFO     | Saving at a/skeb/abbgd22-edf390.json
2026-07-19 14:50:16 | INFO     | OK https://skeb.jp/api/users/SABU_MOZUPOKO
2026-07-19 14:50:16 | INFO     | Saving at a/skeb/SABU_MOZUPOKO-2925e5.json
2026-07-19 14:50:17 | INFO     | OK https://skeb.jp/api/users/miiainukawaii
2026-07-19 14:50:17 | INFO     | Saving at a/skeb/miiainukawaii-f7fe44.json
2026-07-19 14:50:17 | INFO     | OK https://skeb.jp/api/users/l_xh4cv
2026-07-19 14:50:17 | INFO     | Saving at a/skeb/l_xh4cv-650bd5.json
2026-07-19 14:50:18 | INFO     | OK https://skeb.jp/api/users/siroi_53
2026-07-19 14:50:18 | INFO     | Saving at a/skeb/siroi_53-8dd768.json
2026-07-19 14:50:18 | INFO     | OK https://skeb.jp/api/users/jack_Jabberwock
2026-07-19 14:50:18 | INFO     | Saving at a/skeb/jack_Jabberwock-df2967.json
2026-07-19 14:50:18 | INFO     | OK https://skeb.jp/api/users/ekaenamored
2026-07-19 14:50:18 | INFO     | Saving at a/skeb/ekaenamored-945e58.json
2026-07-19 14:50:19 | INFO     | OK https://skeb.jp/api/users/agyl_l
2026-07-19 14:50:19 | INFO     | Saving at a/skeb/agyl_l-7c4d7a.json
2026-07-19 14:50:19 | INFO     | OK https://skeb.jp/api/users/Dat0ka__
2026-07-19 14:50:19 | INFO     | Saving at a/skeb/Dat0ka__-dc54be.json
2026-07-19 14:50:19 | INFO     | OK https://skeb.jp/api/users/RYOOOO115
2026-07-19 14:50:19 | INFO     | Saving at a/skeb/RYOOOO115-d83e4e.json
2026-07-19 14:50:19 | INFO     | OK https://skeb.jp/api/users/mocasara4
2026-07-19 14:50:19 | INFO     | Saving at a/skeb/mocasara4-54dae2.json
2026-07-19 14:50:20 | INFO     | OK https://skeb.jp/api/users/rrrrr6a
2026-07-19 14:50:20 | INFO     | Saving at a/skeb/rrrrr6a-e05f4f.json
2026-07-19 14:50:20 | INFO     | OK https://skeb.jp/api/users/tomashu_1
2026-07-19 14:50:20 | INFO     | Saving at a/skeb/tomashu_1-0609df.json
2026-07-19 14:50:20 | INFO     | OK https://skeb.jp/api/users/akuimura27
2026-07-19 14:50:20 | INFO     | Saving at a/skeb/akuimura27-b95e98.json
2026-07-19 14:50:21 | INFO     | OK https://skeb.jp/api/users/zzpechi
2026-07-19 14:50:21 | INFO     | Saving at a/skeb/zzpechi-d5f1c7.json
2026-07-19 14:50:21 | INFO     | OK https://skeb.jp/api/users/pushixe
2026-07-19 14:50:21 | INFO     | Saving at a/skeb/pushixe-523638.json
2026-07-19 14:50:21 | INFO     | OK https://skeb.jp/api/users/6_hanaru_6
2026-07-19 14:50:21 | INFO     | Saving at a/skeb/6_hanaru_6-f354fc.json
2026-07-19 14:50:22 | INFO     | OK https://skeb.jp/api/users/jisa_5min
2026-07-19 14:50:22 | INFO     | Saving at a/skeb/jisa_5min-dd6316.json
2026-07-19 14:50:22 | INFO     | OK https://skeb.jp/api/users/_nidoyume
2026-07-19 14:50:22 | INFO     | Saving at a/skeb/_nidoyume-523824.json
2026-07-19 14:50:22 | INFO     | OK https://skeb.jp/api/users/PykE_nkr
2026-07-19 14:50:22 | INFO     | Saving at a/skeb/PykE_nkr-0db1bd.json
2026-07-19 14:50:23 | INFO     | OK https://skeb.jp/api/users/H047E
2026-07-19 14:50:23 | INFO     | Saving at a/skeb/H047E-6865a6.json
2026-07-19 14:50:23 | INFO     | OK https://skeb.jp/api/users/bm_b3i
2026-07-19 14:50:23 | INFO     | Saving at a/skeb/bm_b3i-b66224.json
2026-07-19 14:50:24 | INFO     | OK https://skeb.jp/api/users/anchor_ni_inka
2026-07-19 14:50:24 | INFO     | Saving at a/skeb/anchor_ni_inka-a75a87.json
2026-07-19 14:50:24 | INFO     | OK https://skeb.jp/api/users/E_eokiba
2026-07-19 14:50:24 | INFO     | Saving at a/skeb/E_eokiba-88a780.json
2026-07-19 14:50:24 | INFO     | OK https://skeb.jp/api/users/AVAter_13
2026-07-19 14:50:24 | INFO     | Saving at a/skeb/AVAter_13-3a275d.json
2026-07-19 14:50:24 | INFO     | OK https://skeb.jp/api/users/kiritani114
2026-07-19 14:50:24 | INFO     | Saving at a/skeb/kiritani114-19e4e1.json
2026-07-19 14:50:25 | INFO     | OK https://skeb.jp/api/users/pain_gumi
2026-07-19 14:50:25 | INFO     | Saving at a/skeb/pain_gumi-ccabe5.json
2026-07-19 14:50:25 | INFO     | OK https://skeb.jp/api/users/ta_ko_tsu
2026-07-19 14:50:25 | INFO     | Saving at a/skeb/ta_ko_tsu-04063a.json
2026-07-19 14:50:26 | INFO     | OK https://skeb.jp/api/users/mugishouchukura
2026-07-19 14:50:26 | INFO     | Saving at a/skeb/mugishouchukura-4a2262.json
2026-07-19 14:50:26 | INFO     | OK https://skeb.jp/api/users/peparara17
2026-07-19 14:50:26 | INFO     | Saving at a/skeb/peparara17-854de4.json
2026-07-19 14:50:26 | INFO     | OK https://skeb.jp/api/users/cho_510nm
2026-07-19 14:50:26 | INFO     | Saving at a/skeb/cho_510nm-924e68.json
2026-07-19 14:50:27 | INFO     | OK https://skeb.jp/api/users/wiki_viola
2026-07-19 14:50:27 | INFO     | Saving at a/skeb/wiki_viola-878f20.json
2026-07-19 14:50:27 | INFO     | OK https://skeb.jp/api/users/kuzirapyonka
2026-07-19 14:50:27 | INFO     | Saving at a/skeb/kuzirapyonka-a1a6c9.json
2026-07-19 14:50:27 | INFO     | OK https://skeb.jp/api/users/le_ax50
2026-07-19 14:50:27 | INFO     | Saving at a/skeb/le_ax50-126dd4.json
2026-07-19 14:50:27 | INFO     | OK https://skeb.jp/api/users/saniiiwan
2026-07-19 14:50:27 | INFO     | Saving at a/skeb/saniiiwan-8f9f04.json
2026-07-19 14:50:28 | INFO     | OK https://skeb.jp/api/users/8asys
2026-07-19 14:50:28 | INFO     | Saving at a/skeb/8asys-0920e4.json
2026-07-19 14:50:28 | INFO     | OK https://skeb.jp/api/users/sskur_a
2026-07-19 14:50:28 | INFO     | Saving at a/skeb/sskur_a-cb60a2.json
2026-07-19 14:50:29 | INFO     | OK https://skeb.jp/api/users/DIYHiGE_
2026-07-19 14:50:29 | INFO     | Saving at a/skeb/DIYHiGE_-99ca1c.json
2026-07-19 14:50:29 | INFO     | OK https://skeb.jp/api/users/Gkrkjo10
2026-07-19 14:50:29 | INFO     | Saving at a/skeb/Gkrkjo10-d3bf81.json
2026-07-19 14:50:29 | INFO     | OK https://skeb.jp/api/users/seeenfree
2026-07-19 14:50:29 | INFO     | Saving at a/skeb/seeenfree-eec312.json
2026-07-19 14:50:29 | INFO     | OK https://skeb.jp/api/users/tam_tm_
2026-07-19 14:50:29 | INFO     | Saving at a/skeb/tam_tm_-950f27.json
2026-07-19 14:50:30 | INFO     | OK https://skeb.jp/api/users/chuhaibane
2026-07-19 14:50:30 | INFO     | Saving at a/skeb/chuhaibane-27db88.json
2026-07-19 14:50:30 | INFO     | OK https://skeb.jp/api/users/gotouhundosi
2026-07-19 14:50:30 | INFO     | Saving at a/skeb/gotouhundosi-16c2a2.json
2026-07-19 14:50:30 | INFO     | OK https://skeb.jp/api/users/umeumeduka
2026-07-19 14:50:30 | INFO     | Saving at a/skeb/umeumeduka-a4ec90.json
2026-07-19 14:50:31 | INFO     | OK https://skeb.jp/api/users/hokkoinu
2026-07-19 14:50:31 | INFO     | Saving at a/skeb/hokkoinu-2e5ad7.json
2026-07-19 14:50:31 | INFO     | OK https://skeb.jp/api/users/tttt_teya
2026-07-19 14:50:31 | INFO     | Saving at a/skeb/tttt_teya-dc25aa.json
2026-07-19 14:50:31 | INFO     | OK https://skeb.jp/api/users/takahashimyojin
2026-07-19 14:50:31 | INFO     | Saving at a/skeb/takahashimyojin-dd0852.json
2026-07-19 14:50:32 | INFO     | OK https://skeb.jp/api/users/A_risaka
2026-07-19 14:50:32 | INFO     | Saving at a/skeb/A_risaka-8c473f.json
2026-07-19 14:50:32 | INFO     | OK https://skeb.jp/api/users/Garakta326o
2026-07-19 14:50:32 | INFO     | Saving at a/skeb/Garakta326o-b6dfaf.json
2026-07-19 14:50:32 | INFO     | OK https://skeb.jp/api/users/tu_na_MOOOON
2026-07-19 14:50:32 | INFO     | Saving at a/skeb/tu_na_MOOOON-690e09.json
2026-07-19 14:50:33 | INFO     | OK https://skeb.jp/api/users/no53291827
2026-07-19 14:50:33 | INFO     | Saving at a/skeb/no53291827-e3deca.json
2026-07-19 14:50:33 | INFO     | OK https://skeb.jp/api/users/_251_nicoichi
2026-07-19 14:50:33 | INFO     | Saving at a/skeb/_251_nicoichi-2f165b.json
2026-07-19 14:50:33 | INFO     | OK https://skeb.jp/api/users/kutuziro
2026-07-19 14:50:33 | INFO     | Saving at a/skeb/kutuziro-3e0e9e.json
2026-07-19 14:50:34 | INFO     | OK https://skeb.jp/api/users/yokka_salt
2026-07-19 14:50:34 | INFO     | Saving at a/skeb/yokka_salt-6dc97e.json
2026-07-19 14:50:34 | INFO     | OK https://skeb.jp/api/users/kxxxta
2026-07-19 14:50:34 | INFO     | Saving at a/skeb/kxxxta-652b8e.json
2026-07-19 14:50:34 | INFO     | OK https://skeb.jp/api/users/Akage_club
2026-07-19 14:50:34 | INFO     | Saving at a/skeb/Akage_club-87da3b.json
2026-07-19 14:50:35 | INFO     | OK https://skeb.jp/api/users/yoh
2026-07-19 14:50:35 | INFO     | Saving at a/skeb/yoh-8cb84e.json
2026-07-19 14:50:35 | INFO     | OK https://skeb.jp/api/users/makusu_210
2026-07-19 14:50:35 | INFO     | Saving at a/skeb/makusu_210-9a382a.json
2026-07-19 14:50:35 | INFO     | OK https://skeb.jp/api/users/biginu_smallinu
2026-07-19 14:50:35 | INFO     | Saving at a/skeb/biginu_smallinu-b50461.json
2026-07-19 14:50:36 | INFO     | OK https://skeb.jp/api/users/morikawa0208
2026-07-19 14:50:36 | INFO     | Saving at a/skeb/morikawa0208-2536d4.json
2026-07-19 14:50:36 | INFO     | OK https://skeb.jp/api/users/namakurage
2026-07-19 14:50:36 | INFO     | Saving at a/skeb/namakurage-ba74f7.json
2026-07-19 14:50:36 | INFO     | OK https://skeb.jp/api/users/nimutsu913
2026-07-19 14:50:36 | INFO     | Saving at a/skeb/nimutsu913-ad488f.json
2026-07-19 14:50:37 | INFO     | OK https://skeb.jp/api/users/cc0mn_
2026-07-19 14:50:37 | INFO     | Saving at a/skeb/cc0mn_-0513f8.json
2026-07-19 14:50:37 | INFO     | OK https://skeb.jp/api/users/vf_trf
2026-07-19 14:50:37 | INFO     | Saving at a/skeb/vf_trf-4738df.json
2026-07-19 14:50:37 | INFO     | OK https://skeb.jp/api/users/ut7odw
2026-07-19 14:50:37 | INFO     | Saving at a/skeb/ut7odw-fee211.json
2026-07-19 14:50:38 | INFO     | OK https://skeb.jp/api/users/1unsei
2026-07-19 14:50:38 | INFO     | Saving at a/skeb/1unsei-2ed28a.json
2026-07-19 14:50:38 | INFO     | OK https://skeb.jp/api/users/d4d4yura
2026-07-19 14:50:38 | INFO     | Saving at a/skeb/d4d4yura-7c97fc.json
2026-07-19 14:50:38 | INFO     | OK https://skeb.jp/api/users/ikateyann
2026-07-19 14:50:38 | INFO     | Saving at a/skeb/ikateyann-9c2790.json
2026-07-19 14:50:39 | INFO     | OK https://skeb.jp/api/users/takochan556
2026-07-19 14:50:39 | INFO     | Saving at a/skeb/takochan556-b3abd6.json
2026-07-19 14:50:39 | INFO     | OK https://skeb.jp/api/users/air22
2026-07-19 14:50:39 | INFO     | Saving at a/skeb/air22-fde4b8.json
2026-07-19 14:50:39 | INFO     | OK https://skeb.jp/api/users/kyo32181
2026-07-19 14:50:39 | INFO     | Saving at a/skeb/kyo32181-e39948.json
2026-07-19 14:50:40 | INFO     | OK https://skeb.jp/api/users/Shisui0530
2026-07-19 14:50:40 | INFO     | Saving at a/skeb/Shisui0530-f27b06.json
2026-07-19 14:50:40 | INFO     | OK https://skeb.jp/api/users/nonorenew
2026-07-19 14:50:40 | INFO     | Saving at a/skeb/nonorenew-1780ec.json
2026-07-19 14:50:41 | INFO     | OK https://skeb.jp/api/users/subtle_dawn
2026-07-19 14:50:41 | INFO     | Saving at a/skeb/subtle_dawn-909b55.json
2026-07-19 14:50:41 | INFO     | OK https://skeb.jp/api/users/dd41023237
2026-07-19 14:50:41 | INFO     | Saving at a/skeb/dd41023237-ff8a70.json
2026-07-19 14:50:41 | INFO     | OK https://skeb.jp/api/users/ext_diver
2026-07-19 14:50:41 | INFO     | Saving at a/skeb/ext_diver-3abfdf.json
2026-07-19 14:50:41 | INFO     | OK https://skeb.jp/api/users/teatei_0424
2026-07-19 14:50:41 | INFO     | Saving at a/skeb/teatei_0424-3fb2ef.json
2026-07-19 14:50:42 | INFO     | OK https://skeb.jp/api/users/zatu____04
2026-07-19 14:50:42 | INFO     | Saving at a/skeb/zatu____04-1d1ae2.json
2026-07-19 14:50:42 | INFO     | OK https://skeb.jp/api/users/iroma0sabu
2026-07-19 14:50:42 | INFO     | Saving at a/skeb/iroma0sabu-0fc352.json
2026-07-19 14:50:42 | INFO     | OK https://skeb.jp/api/users/tsuruse852
2026-07-19 14:50:42 | INFO     | Saving at a/skeb/tsuruse852-bde34d.json
2026-07-19 14:50:43 | INFO     | OK https://skeb.jp/api/users/m1stm1
2026-07-19 14:50:43 | INFO     | Saving at a/skeb/m1stm1-bdc0de.json
2026-07-19 14:50:43 | INFO     | OK https://skeb.jp/api/users/B5TNky
2026-07-19 14:50:43 | INFO     | Saving at a/skeb/B5TNky-616b6a.json
2026-07-19 14:50:44 | INFO     | OK https://skeb.jp/api/users/ll_sunnday_ll
2026-07-19 14:50:44 | INFO     | Saving at a/skeb/ll_sunnday_ll-3ae8cd.json
2026-07-19 14:50:44 | INFO     | OK https://skeb.jp/api/users/qlml
2026-07-19 14:50:44 | INFO     | Saving at a/skeb/qlml-3e3135.json
2026-07-19 14:50:44 | INFO     | OK https://skeb.jp/api/users/hyaku_okomu
2026-07-19 14:50:44 | INFO     | Saving at a/skeb/hyaku_okomu-bd6bd9.json
2026-07-19 14:50:44 | INFO     | OK https://skeb.jp/api/users/_nebiebeam
2026-07-19 14:50:44 | INFO     | Saving at a/skeb/_nebiebeam-d3ff99.json
2026-07-19 14:50:45 | INFO     | OK https://skeb.jp/api/users/Haruma_Haru3
2026-07-19 14:50:45 | INFO     | Saving at a/skeb/Haruma_Haru3-556af5.json
2026-07-19 14:50:45 | INFO     | OK https://skeb.jp/api/users/MMMG55
2026-07-19 14:50:45 | INFO     | Saving at a/skeb/MMMG55-82928a.json
2026-07-19 14:50:45 | INFO     | OK https://skeb.jp/api/users/Rivill_ck
2026-07-19 14:50:45 | INFO     | Saving at a/skeb/Rivill_ck-d655c7.json
2026-07-19 14:50:46 | INFO     | OK https://skeb.jp/api/users/euglena72
2026-07-19 14:50:46 | INFO     | Saving at a/skeb/euglena72-1d0381.json
2026-07-19 14:50:46 | INFO     | OK https://skeb.jp/api/users/ARIF370912211
2026-07-19 14:50:46 | INFO     | Saving at a/skeb/ARIF370912211-351cc7.json
2026-07-19 14:50:47 | INFO     | OK https://skeb.jp/api/users/_ikirushimobe_
2026-07-19 14:50:47 | INFO     | Saving at a/skeb/_ikirushimobe_-16ff39.json
2026-07-19 14:50:47 | INFO     | OK https://skeb.jp/api/users/sinya393939
2026-07-19 14:50:47 | INFO     | Saving at a/skeb/sinya393939-a120ca.json
2026-07-19 14:50:47 | INFO     | OK https://skeb.jp/api/users/eubalaena_117
2026-07-19 14:50:47 | INFO     | Saving at a/skeb/eubalaena_117-c6339b.json
2026-07-19 14:50:47 | INFO     | OK https://skeb.jp/api/users/studiomomokoart
2026-07-19 14:50:47 | INFO     | Saving at a/skeb/studiomomokoart-2eecec.json
2026-07-19 14:50:48 | INFO     | OK https://skeb.jp/api/users/Suzuhara_OCs
2026-07-19 14:50:48 | INFO     | Saving at a/skeb/Suzuhara_OCs-aba16c.json
2026-07-19 14:50:48 | INFO     | OK https://skeb.jp/api/users/YMTHGI
2026-07-19 14:50:48 | INFO     | Saving at a/skeb/YMTHGI-b2b444.json
2026-07-19 14:50:48 | INFO     | OK https://skeb.jp/api/users/kanikumitoi
2026-07-19 14:50:48 | INFO     | Saving at a/skeb/kanikumitoi-a1dc48.json
2026-07-19 14:50:49 | INFO     | OK https://skeb.jp/api/users/komachiac20kv
2026-07-19 14:50:49 | INFO     | Saving at a/skeb/komachiac20kv-45dac1.json
2026-07-19 14:50:49 | INFO     | OK https://skeb.jp/api/users/ogata_kouji
2026-07-19 14:50:49 | INFO     | Saving at a/skeb/ogata_kouji-2cc3cb.json
2026-07-19 14:50:50 | INFO     | OK https://skeb.jp/api/users/OCT_CANDY
2026-07-19 14:50:50 | INFO     | Saving at a/skeb/OCT_CANDY-7a63d9.json
2026-07-19 14:50:50 | INFO     | OK https://skeb.jp/api/users/namari_siro
2026-07-19 14:50:50 | INFO     | Saving at a/skeb/namari_siro-49b7da.json
2026-07-19 14:50:50 | INFO     | OK https://skeb.jp/api/users/Kagura_Nagi
2026-07-19 14:50:50 | INFO     | Saving at a/skeb/Kagura_Nagi-1dbd20.json
2026-07-19 14:50:51 | INFO     | OK https://skeb.jp/api/users/Hitome_miru
2026-07-19 14:50:51 | INFO     | Saving at a/skeb/Hitome_miru-33eb96.json
2026-07-19 14:50:51 | INFO     | OK https://skeb.jp/api/users/39ra_______
2026-07-19 14:50:51 | INFO     | Saving at a/skeb/39ra_______-2fe98c.json
2026-07-19 14:50:51 | INFO     | OK https://skeb.jp/api/users/_hacobox
2026-07-19 14:50:51 | INFO     | Saving at a/skeb/_hacobox-9d208e.json
2026-07-19 14:50:52 | INFO     | OK https://skeb.jp/api/users/2024_miruhowa65
2026-07-19 14:50:52 | INFO     | Saving at a/skeb/2024_miruhowa65-0205cb.json
2026-07-19 14:50:52 | INFO     | OK https://skeb.jp/api/users/temiskeb
2026-07-19 14:50:52 | INFO     | Saving at a/skeb/temiskeb-ea7ab5.json
2026-07-19 14:50:52 | INFO     | OK https://skeb.jp/api/users/nj__amx
2026-07-19 14:50:52 | INFO     | Saving at a/skeb/nj__amx-b2e71c.json
2026-07-19 14:50:52 | INFO     | OK https://skeb.jp/api/users/illustutti
2026-07-19 14:50:52 | INFO     | Saving at a/skeb/illustutti-8f1c4d.json
2026-07-19 14:50:53 | INFO     | OK https://skeb.jp/api/users/euphorbiaceae_
2026-07-19 14:50:53 | INFO     | Saving at a/skeb/euphorbiaceae_-d86e1c.json
2026-07-19 14:50:53 | INFO     | OK https://skeb.jp/api/users/flesym1208
2026-07-19 14:50:53 | INFO     | Saving at a/skeb/flesym1208-54cbf0.json
2026-07-19 14:50:54 | INFO     | OK https://skeb.jp/api/users/migiri_onigiri
2026-07-19 14:50:54 | INFO     | Saving at a/skeb/migiri_onigiri-0454e8.json
2026-07-19 14:50:54 | INFO     | OK https://skeb.jp/api/users/senchipeed_2
2026-07-19 14:50:54 | INFO     | Saving at a/skeb/senchipeed_2-2a2237.json
2026-07-19 14:50:54 | INFO     | OK https://skeb.jp/api/users/kakikukeku_ka
2026-07-19 14:50:54 | INFO     | Saving at a/skeb/kakikukeku_ka-899c20.json
2026-07-19 14:50:54 | INFO     | OK https://skeb.jp/api/users/Tilyx1
2026-07-19 14:50:54 | INFO     | Saving at a/skeb/Tilyx1-c18d04.json
2026-07-19 14:50:55 | INFO     | OK https://skeb.jp/api/users/u2i_5
2026-07-19 14:50:55 | INFO     | Saving at a/skeb/u2i_5-8622df.json
2026-07-19 14:50:55 | INFO     | OK https://skeb.jp/api/users/moimoi_sp
2026-07-19 14:50:55 | INFO     | Saving at a/skeb/moimoi_sp-a20228.json
2026-07-19 14:50:55 | INFO     | OK https://skeb.jp/api/users/x1_xo4
2026-07-19 14:50:55 | INFO     | Saving at a/skeb/x1_xo4-9f4e9b.json
2026-07-19 14:50:56 | INFO     | OK https://skeb.jp/api/users/_23_58
2026-07-19 14:50:56 | INFO     | Saving at a/skeb/_23_58-8e87d2.json
2026-07-19 14:50:56 | INFO     | OK https://skeb.jp/api/users/1m_ochin
2026-07-19 14:50:56 | INFO     | Saving at a/skeb/1m_ochin-296688.json
2026-07-19 14:50:56 | INFO     | OK https://skeb.jp/api/users/paiki0517
2026-07-19 14:50:56 | INFO     | Saving at a/skeb/paiki0517-b0b823.json
2026-07-19 14:50:57 | INFO     | OK https://skeb.jp/api/users/krsmrina
2026-07-19 14:50:57 | INFO     | Saving at a/skeb/krsmrina-81243f.json
2026-07-19 14:50:57 | INFO     | OK https://skeb.jp/api/users/gerous_TRPG
2026-07-19 14:50:57 | INFO     | Saving at a/skeb/gerous_TRPG-7ab2eb.json
2026-07-19 14:50:58 | INFO     | OK https://skeb.jp/api/users/kaw4ass__
2026-07-19 14:50:58 | INFO     | Saving at a/skeb/kaw4ass__-eea13a.json
2026-07-19 14:50:58 | INFO     | OK https://skeb.jp/api/users/Oh_MoBoz
2026-07-19 14:50:58 | INFO     | Saving at a/skeb/Oh_MoBoz-90553c.json
2026-07-19 14:50:58 | INFO     | OK https://skeb.jp/api/users/shige_kuraine
2026-07-19 14:50:58 | INFO     | Saving at a/skeb/shige_kuraine-19cc02.json
2026-07-19 14:50:58 | INFO     | OK https://skeb.jp/api/users/marinekomimicat
2026-07-19 14:50:58 | INFO     | Saving at a/skeb/marinekomimicat-542bc5.json
2026-07-19 14:50:59 | INFO     | OK https://skeb.jp/api/users/Stk________
2026-07-19 14:50:59 | INFO     | Saving at a/skeb/Stk________-d97d45.json
2026-07-19 14:50:59 | INFO     | OK https://skeb.jp/api/users/takashiiiMe262
2026-07-19 14:50:59 | INFO     | Saving at a/skeb/takashiiiMe262-169b0b.json
2026-07-19 14:51:00 | INFO     | OK https://skeb.jp/api/users/popu
2026-07-19 14:51:00 | INFO     | Saving at a/skeb/popu-db07a0.json
2026-07-19 14:51:00 | INFO     | OK https://skeb.jp/api/users/sksk_sou
2026-07-19 14:51:00 | INFO     | Saving at a/skeb/sksk_sou-a212c3.json
2026-07-19 14:51:00 | INFO     | OK https://skeb.jp/api/users/Lazuli_0_0_
2026-07-19 14:51:00 | INFO     | Saving at a/skeb/Lazuli_0_0_-1ac21b.json
2026-07-19 14:51:01 | INFO     | OK https://skeb.jp/api/users/nekoneko_haruka
2026-07-19 14:51:01 | INFO     | Saving at a/skeb/nekoneko_haruka-604623.json
2026-07-19 14:51:01 | INFO     | OK https://skeb.jp/api/users/erenshu
2026-07-19 14:51:01 | INFO     | Saving at a/skeb/erenshu-c1152a.json
2026-07-19 14:51:01 | INFO     | OK https://skeb.jp/api/users/poya_d
2026-07-19 14:51:01 | INFO     | Saving at a/skeb/poya_d-8d6e03.json
2026-07-19 14:51:01 | INFO     | OK https://skeb.jp/api/users/ganimedevyt
2026-07-19 14:51:01 | INFO     | Saving at a/skeb/ganimedevyt-ce1fe1.json
2026-07-19 14:51:02 | INFO     | OK https://skeb.jp/api/users/knatnf
2026-07-19 14:51:02 | INFO     | Saving at a/skeb/knatnf-e2f8f1.json
2026-07-19 14:51:02 | INFO     | OK https://skeb.jp/api/users/takami5go
2026-07-19 14:51:02 | INFO     | Saving at a/skeb/takami5go-145ca1.json
2026-07-19 14:51:02 | INFO     | OK https://skeb.jp/api/users/25asut
2026-07-19 14:51:02 | INFO     | Saving at a/skeb/25asut-dcdd1b.json
2026-07-19 14:51:03 | INFO     | OK https://skeb.jp/api/users/kagari_sankaku
2026-07-19 14:51:03 | INFO     | Saving at a/skeb/kagari_sankaku-079477.json
2026-07-19 14:51:03 | INFO     | OK https://skeb.jp/api/users/Naizoutuu
2026-07-19 14:51:03 | INFO     | Saving at a/skeb/Naizoutuu-76c502.json
2026-07-19 14:51:04 | INFO     | OK https://skeb.jp/api/users/mememe_nuko
2026-07-19 14:51:04 | INFO     | Saving at a/skeb/mememe_nuko-44f1a5.json
2026-07-19 14:51:04 | INFO     | OK https://skeb.jp/api/users/TRleg_torareta
2026-07-19 14:51:04 | INFO     | Saving at a/skeb/TRleg_torareta-b2bcb1.json
2026-07-19 14:51:04 | INFO     | OK https://skeb.jp/api/users/Sucre70707
2026-07-19 14:51:04 | INFO     | Saving at a/skeb/Sucre70707-4f21bf.json
2026-07-19 14:51:04 | INFO     | OK https://skeb.jp/api/users/_sirony
2026-07-19 14:51:04 | INFO     | Saving at a/skeb/_sirony-7c4419.json
2026-07-19 14:51:05 | INFO     | OK https://skeb.jp/api/users/Pink_kakumei
2026-07-19 14:51:05 | INFO     | Saving at a/skeb/Pink_kakumei-2a6e15.json
2026-07-19 14:51:05 | INFO     | OK https://skeb.jp/api/users/yosuzu_dragon
2026-07-19 14:51:05 | INFO     | Saving at a/skeb/yosuzu_dragon-cbac6e.json
2026-07-19 14:51:05 | INFO     | OK https://skeb.jp/api/users/iRtLfBAxdr
2026-07-19 14:51:05 | INFO     | Saving at a/skeb/iRtLfBAxdr-41d871.json
2026-07-19 14:51:06 | INFO     | OK https://skeb.jp/api/users/Izu_magro3
2026-07-19 14:51:06 | INFO     | Saving at a/skeb/Izu_magro3-29b724.json
2026-07-19 14:51:06 | INFO     | OK https://skeb.jp/api/users/snd_kmc
2026-07-19 14:51:06 | INFO     | Saving at a/skeb/snd_kmc-ec8e3e.json
2026-07-19 14:51:06 | INFO     | OK https://skeb.jp/api/users/g_mayuge
2026-07-19 14:51:06 | INFO     | Saving at a/skeb/g_mayuge-5bf99a.json
2026-07-19 14:51:07 | INFO     | OK https://skeb.jp/api/users/Marimiya_YU
2026-07-19 14:51:07 | INFO     | Saving at a/skeb/Marimiya_YU-a0a063.json
2026-07-19 14:51:07 | INFO     | OK https://skeb.jp/api/users/Syuwasyuwa614
2026-07-19 14:51:07 | INFO     | Saving at a/skeb/Syuwasyuwa614-1f8569.json
2026-07-19 14:51:07 | INFO     | OK https://skeb.jp/api/users/aaaaate
2026-07-19 14:51:07 | INFO     | Saving at a/skeb/aaaaate-964aec.json
2026-07-19 14:51:08 | INFO     | OK https://skeb.jp/api/users/999mm_male
2026-07-19 14:51:08 | INFO     | Saving at a/skeb/999mm_male-7eb08a.json
2026-07-19 14:51:08 | INFO     | OK https://skeb.jp/api/users/_iwiq
2026-07-19 14:51:08 | INFO     | Saving at a/skeb/_iwiq-1bb8e5.json
2026-07-19 14:51:08 | INFO     | OK https://skeb.jp/api/users/yukusaki_nemu
2026-07-19 14:51:08 | INFO     | Saving at a/skeb/yukusaki_nemu-5b76dc.json
2026-07-19 14:51:09 | INFO     | OK https://skeb.jp/api/users/KURAZOMI_SUPER
2026-07-19 14:51:09 | INFO     | Saving at a/skeb/KURAZOMI_SUPER-0771eb.json
2026-07-19 14:51:09 | INFO     | OK https://skeb.jp/api/users/ly0611ne
2026-07-19 14:51:09 | INFO     | Saving at a/skeb/ly0611ne-d87a40.json
2026-07-19 14:51:10 | INFO     | OK https://skeb.jp/api/users/ou_syoku7
2026-07-19 14:51:10 | INFO     | Saving at a/skeb/ou_syoku7-1fbc82.json
2026-07-19 14:51:10 | INFO     | OK https://skeb.jp/api/users/den_tbn
2026-07-19 14:51:10 | INFO     | Saving at a/skeb/den_tbn-2149e6.json
2026-07-19 14:51:10 | INFO     | OK https://skeb.jp/api/users/i_rasuto_yorozu
2026-07-19 14:51:10 | INFO     | Saving at a/skeb/i_rasuto_yorozu-e4deeb.json
2026-07-19 14:51:10 | INFO     | OK https://skeb.jp/api/users/usic_illust
2026-07-19 14:51:10 | INFO     | Saving at a/skeb/usic_illust-c8e0a8.json
2026-07-19 14:51:11 | INFO     | OK https://skeb.jp/api/users/bonno_nekochan
2026-07-19 14:51:11 | INFO     | Saving at a/skeb/bonno_nekochan-12cdd1.json
2026-07-19 14:51:11 | INFO     | OK https://skeb.jp/api/users/abc0348
2026-07-19 14:51:11 | INFO     | Saving at a/skeb/abc0348-ca4b88.json
2026-07-19 14:51:11 | INFO     | OK https://skeb.jp/api/users/ST010noko
2026-07-19 14:51:11 | INFO     | Saving at a/skeb/ST010noko-836ee7.json
2026-07-19 14:51:12 | INFO     | OK https://skeb.jp/api/users/okutanro
2026-07-19 14:51:12 | INFO     | Saving at a/skeb/okutanro-964811.json
2026-07-19 14:51:12 | INFO     | OK https://skeb.jp/api/users/misopimaru
2026-07-19 14:51:12 | INFO     | Saving at a/skeb/misopimaru-cabb58.json
2026-07-19 14:51:12 | INFO     | OK https://skeb.jp/api/users/35_seno
2026-07-19 14:51:12 | INFO     | Saving at a/skeb/35_seno-36fba8.json
2026-07-19 14:51:13 | INFO     | OK https://skeb.jp/api/users/izukemomo
2026-07-19 14:51:13 | INFO     | Saving at a/skeb/izukemomo-3fb602.json
2026-07-19 14:51:13 | INFO     | OK https://skeb.jp/api/users/ummwyhr
2026-07-19 14:51:13 | INFO     | Saving at a/skeb/ummwyhr-0695c1.json
2026-07-19 14:51:14 | INFO     | OK https://skeb.jp/api/users/kuji0419
2026-07-19 14:51:14 | INFO     | Saving at a/skeb/kuji0419-fdc62d.json
2026-07-19 14:51:14 | INFO     | OK https://skeb.jp/api/users/1010haka
2026-07-19 14:51:14 | INFO     | Saving at a/skeb/1010haka-25b27c.json
2026-07-19 14:51:14 | INFO     | OK https://skeb.jp/api/users/sisisi_sio
2026-07-19 14:51:14 | INFO     | Saving at a/skeb/sisisi_sio-3424b2.json
2026-07-19 14:51:14 | INFO     | OK https://skeb.jp/api/users/yuninn00
2026-07-19 14:51:14 | INFO     | Saving at a/skeb/yuninn00-2f7b1d.json
2026-07-19 14:51:15 | INFO     | OK https://skeb.jp/api/users/b6wld
2026-07-19 14:51:15 | INFO     | Saving at a/skeb/b6wld-dd143e.json
2026-07-19 14:51:15 | INFO     | OK https://skeb.jp/api/users/sibaena_tororo
2026-07-19 14:51:15 | INFO     | Saving at a/skeb/sibaena_tororo-252f9f.json
2026-07-19 14:51:15 | INFO     | OK https://skeb.jp/api/users/_watana_pe
2026-07-19 14:51:15 | INFO     | Saving at a/skeb/_watana_pe-abe2d3.json
2026-07-19 14:51:16 | INFO     | OK https://skeb.jp/api/users/_mrn_mr
2026-07-19 14:51:16 | INFO     | Saving at a/skeb/_mrn_mr-d87567.json
2026-07-19 14:51:16 | INFO     | OK https://skeb.jp/api/users/gau__x_x
2026-07-19 14:51:16 | INFO     | Saving at a/skeb/gau__x_x-eae38f.json
2026-07-19 14:51:16 | INFO     | OK https://skeb.jp/api/users/Ayesha_618
2026-07-19 14:51:16 | INFO     | Saving at a/skeb/Ayesha_618-fcfaa5.json
2026-07-19 14:51:17 | INFO     | OK https://skeb.jp/api/users/kayanon_no
2026-07-19 14:51:17 | INFO     | Saving at a/skeb/kayanon_no-ade514.json
2026-07-19 14:51:17 | INFO     | OK https://skeb.jp/api/users/koto0koto
2026-07-19 14:51:17 | INFO     | Saving at a/skeb/koto0koto-61e2a2.json
2026-07-19 14:51:18 | INFO     | OK https://skeb.jp/api/users/katabi_00
2026-07-19 14:51:18 | INFO     | Saving at a/skeb/katabi_00-312a21.json
2026-07-19 14:51:18 | INFO     | OK https://skeb.jp/api/users/chuchun_sub
2026-07-19 14:51:18 | INFO     | Saving at a/skeb/chuchun_sub-c43111.json
2026-07-19 14:51:18 | INFO     | OK https://skeb.jp/api/users/serotoninncat22
2026-07-19 14:51:18 | INFO     | Saving at a/skeb/serotoninncat22-e6579d.json
2026-07-19 14:51:18 | INFO     | OK https://skeb.jp/api/users/DJRN_tea
2026-07-19 14:51:18 | INFO     | Saving at a/skeb/DJRN_tea-458c25.json
2026-07-19 14:51:19 | INFO     | OK https://skeb.jp/api/users/tickzou1
2026-07-19 14:51:19 | INFO     | Saving at a/skeb/tickzou1-cf2394.json
2026-07-19 14:51:19 | INFO     | OK https://skeb.jp/api/users/birobudou_hinan
2026-07-19 14:51:19 | INFO     | Saving at a/skeb/birobudou_hinan-58c80e.json
2026-07-19 14:51:19 | INFO     | OK https://skeb.jp/api/users/DOBESUKE_X
2026-07-19 14:51:19 | INFO     | Saving at a/skeb/DOBESUKE_X-6b3c5b.json
2026-07-19 14:51:20 | INFO     | OK https://skeb.jp/api/users/iuyiuy12
2026-07-19 14:51:20 | INFO     | Saving at a/skeb/iuyiuy12-326698.json
2026-07-19 14:51:20 | INFO     | OK https://skeb.jp/api/users/nijitama_siyu2
2026-07-19 14:51:20 | INFO     | Saving at a/skeb/nijitama_siyu2-4cf402.json
2026-07-19 14:51:20 | INFO     | OK https://skeb.jp/api/users/Kinondq10
2026-07-19 14:51:20 | INFO     | Saving at a/skeb/Kinondq10-d79cc2.json
2026-07-19 14:51:21 | INFO     | OK https://skeb.jp/api/users/P_T_O_
2026-07-19 14:51:21 | INFO     | Saving at a/skeb/P_T_O_-a5f9cd.json
2026-07-19 14:51:21 | INFO     | OK https://skeb.jp/api/users/kamemaru91
2026-07-19 14:51:21 | INFO     | Saving at a/skeb/kamemaru91-12b5b2.json
2026-07-19 14:51:21 | INFO     | OK https://skeb.jp/api/users/F97Dy
2026-07-19 14:51:21 | INFO     | Saving at a/skeb/F97Dy-f6d69a.json
2026-07-19 14:51:22 | INFO     | OK https://skeb.jp/api/users/4s2iilll
2026-07-19 14:51:22 | INFO     | Saving at a/skeb/4s2iilll-6b0ae9.json
2026-07-19 14:51:22 | INFO     | OK https://skeb.jp/api/users/a_a_shinzo
2026-07-19 14:51:22 | INFO     | Saving at a/skeb/a_a_shinzo-fe5d12.json
2026-07-19 14:51:23 | INFO     | OK https://skeb.jp/api/users/MIKURO_TUBASA
2026-07-19 14:51:23 | INFO     | Saving at a/skeb/MIKURO_TUBASA-de9d4e.json
2026-07-19 14:51:23 | INFO     | OK https://skeb.jp/api/users/chisagi_sachi
2026-07-19 14:51:23 | INFO     | Saving at a/skeb/chisagi_sachi-f30416.json
2026-07-19 14:51:23 | INFO     | OK https://skeb.jp/api/users/344kantenn
2026-07-19 14:51:23 | INFO     | Saving at a/skeb/344kantenn-cc7267.json
2026-07-19 14:51:23 | INFO     | OK https://skeb.jp/api/users/_cab8d9_
2026-07-19 14:51:23 | INFO     | Saving at a/skeb/_cab8d9_-e0f27c.json
2026-07-19 14:51:24 | INFO     | OK https://skeb.jp/api/users/ginjiroXX
2026-07-19 14:51:24 | INFO     | Saving at a/skeb/ginjiroXX-907151.json
2026-07-19 14:51:25 | INFO     | OK https://skeb.jp/api/users/2_bo_ra
2026-07-19 14:51:25 | INFO     | Saving at a/skeb/2_bo_ra-5add97.json
2026-07-19 14:51:25 | INFO     | OK https://skeb.jp/api/users/RYOOO115
2026-07-19 14:51:25 | INFO     | Saving at a/skeb/RYOOO115-fc5436.json
2026-07-19 14:51:25 | INFO     | OK https://skeb.jp/api/users/mitekure_35
2026-07-19 14:51:25 | INFO     | Saving at a/skeb/mitekure_35-33e148.json
2026-07-19 14:51:25 | INFO     | OK https://skeb.jp/api/users/S_Lady_luv
2026-07-19 14:51:25 | INFO     | Saving at a/skeb/S_Lady_luv-424e60.json
2026-07-19 14:51:25 | INFO     | OK https://skeb.jp/api/users/ortheezze
2026-07-19 14:51:25 | INFO     | Saving at a/skeb/ortheezze-61c7a1.json
2026-07-19 14:51:26 | INFO     | OK https://skeb.jp/api/users/uni45158
2026-07-19 14:51:26 | INFO     | Saving at a/skeb/uni45158-a40f49.json
2026-07-19 14:51:26 | INFO     | OK https://skeb.jp/api/users/K44xly
2026-07-19 14:51:26 | INFO     | Saving at a/skeb/K44xly-617f7e.json
2026-07-19 14:51:26 | INFO     | OK https://skeb.jp/api/users/jambo__chan
2026-07-19 14:51:26 | INFO     | Saving at a/skeb/jambo__chan-2c6c41.json
2026-07-19 14:51:27 | INFO     | OK https://skeb.jp/api/users/s1eep_1ike_1og
2026-07-19 14:51:27 | INFO     | Saving at a/skeb/s1eep_1ike_1og-e46f8a.json
2026-07-19 14:51:27 | INFO     | OK https://skeb.jp/api/users/yukizinngisukan
2026-07-19 14:51:27 | INFO     | Saving at a/skeb/yukizinngisukan-802a26.json
2026-07-19 14:51:27 | INFO     | OK https://skeb.jp/api/users/PjUnderground
2026-07-19 14:51:27 | INFO     | Saving at a/skeb/PjUnderground-61442e.json
2026-07-19 14:51:28 | INFO     | OK https://skeb.jp/api/users/z706gurai
2026-07-19 14:51:28 | INFO     | Saving at a/skeb/z706gurai-7ba235.json
2026-07-19 14:51:28 | INFO     | OK https://skeb.jp/api/users/kamo_soba_umai
2026-07-19 14:51:28 | INFO     | Saving at a/skeb/kamo_soba_umai-3a7100.json
2026-07-19 14:51:28 | INFO     | OK https://skeb.jp/api/users/zebra_vz
2026-07-19 14:51:28 | INFO     | Saving at a/skeb/zebra_vz-ea89b8.json
2026-07-19 14:51:29 | INFO     | OK https://skeb.jp/api/users/pafujojo
2026-07-19 14:51:29 | INFO     | Saving at a/skeb/pafujojo-8064b4.json
2026-07-19 14:51:29 | INFO     | OK https://skeb.jp/api/users/tonomae_Q
2026-07-19 14:51:29 | INFO     | Saving at a/skeb/tonomae_Q-d23444.json
2026-07-19 14:51:29 | INFO     | OK https://skeb.jp/api/users/sheila_ship2
2026-07-19 14:51:29 | INFO     | Saving at a/skeb/sheila_ship2-2fef5a.json
2026-07-19 14:51:30 | INFO     | OK https://skeb.jp/api/users/TENGMB
2026-07-19 14:51:30 | INFO     | Saving at a/skeb/TENGMB-1c93bd.json
2026-07-19 14:51:30 | INFO     | OK https://skeb.jp/api/users/hachi0047
2026-07-19 14:51:30 | INFO     | Saving at a/skeb/hachi0047-3d9379.json
2026-07-19 14:51:30 | INFO     | OK https://skeb.jp/api/users/Appoco_
2026-07-19 14:51:30 | INFO     | Saving at a/skeb/Appoco_-695a01.json
2026-07-19 14:51:31 | INFO     | OK https://skeb.jp/api/users/urabuko
2026-07-19 14:51:31 | INFO     | Saving at a/skeb/urabuko-7bc64a.json
2026-07-19 14:51:31 | INFO     | OK https://skeb.jp/api/users/kmizuq1
2026-07-19 14:51:31 | INFO     | Saving at a/skeb/kmizuq1-1073fc.json
2026-07-19 14:51:31 | INFO     | OK https://skeb.jp/api/users/buriburiunchipa
2026-07-19 14:51:31 | INFO     | Saving at a/skeb/buriburiunchipa-eff3d4.json
2026-07-19 14:51:32 | INFO     | OK https://skeb.jp/api/users/footlovehouse
2026-07-19 14:51:32 | INFO     | Saving at a/skeb/footlovehouse-784811.json
2026-07-19 14:51:32 | INFO     | OK https://skeb.jp/api/users/tyanago
2026-07-19 14:51:32 | INFO     | Saving at a/skeb/tyanago-e42d1b.json
2026-07-19 14:51:33 | INFO     | OK https://skeb.jp/api/users/hinata_habi_ss
2026-07-19 14:51:33 | INFO     | Saving at a/skeb/hinata_habi_ss-cb087b.json
2026-07-19 14:51:33 | INFO     | OK https://skeb.jp/api/users/Nejiro_001
2026-07-19 14:51:33 | INFO     | Saving at a/skeb/Nejiro_001-601509.json
2026-07-19 14:51:33 | INFO     | OK https://skeb.jp/api/users/ankz_chang
2026-07-19 14:51:33 | INFO     | Saving at a/skeb/ankz_chang-755f3b.json
2026-07-19 14:51:33 | INFO     | OK https://skeb.jp/api/users/doldolphin
2026-07-19 14:51:33 | INFO     | Saving at a/skeb/doldolphin-1fa0de.json
2026-07-19 14:51:34 | INFO     | OK https://skeb.jp/api/users/Q050__8m
2026-07-19 14:51:34 | INFO     | Saving at a/skeb/Q050__8m-1e3096.json
2026-07-19 14:51:34 | INFO     | OK https://skeb.jp/api/users/sawadariku75
2026-07-19 14:51:34 | INFO     | Saving at a/skeb/sawadariku75-5b74b5.json
2026-07-19 14:51:34 | INFO     | OK https://skeb.jp/api/users/youskkkkk
2026-07-19 14:51:34 | INFO     | Saving at a/skeb/youskkkkk-21a279.json
2026-07-19 14:51:35 | INFO     | OK https://skeb.jp/api/users/Dionaea_mae_t
2026-07-19 14:51:35 | INFO     | Saving at a/skeb/Dionaea_mae_t-3a17f1.json
2026-07-19 14:51:35 | INFO     | OK https://skeb.jp/api/users/NbNbNebikun
2026-07-19 14:51:35 | INFO     | Saving at a/skeb/NbNbNebikun-d6da5e.json
2026-07-19 14:51:36 | INFO     | OK https://skeb.jp/api/users/oekaki_kantoku
2026-07-19 14:51:36 | INFO     | Saving at a/skeb/oekaki_kantoku-92375d.json
2026-07-19 14:51:36 | INFO     | OK https://skeb.jp/api/users/nemyu
2026-07-19 14:51:36 | INFO     | Saving at a/skeb/nemyu-5dbaac.json
2026-07-19 14:51:36 | INFO     | OK https://skeb.jp/api/users/pong_2473
2026-07-19 14:51:36 | INFO     | Saving at a/skeb/pong_2473-acb7a1.json
2026-07-19 14:51:37 | INFO     | OK https://skeb.jp/api/users/HIYOKO_MONAKA
2026-07-19 14:51:37 | INFO     | Saving at a/skeb/HIYOKO_MONAKA-93ed07.json
2026-07-19 14:51:37 | INFO     | OK https://skeb.jp/api/users/kokollet316
2026-07-19 14:51:37 | INFO     | Saving at a/skeb/kokollet316-945b24.json
2026-07-19 14:51:37 | INFO     | OK https://skeb.jp/api/users/undrea804
2026-07-19 14:51:37 | INFO     | Saving at a/skeb/undrea804-c983b1.json
2026-07-19 14:51:37 | INFO     | OK https://skeb.jp/api/users/Marumaru_oOoO0
2026-07-19 14:51:37 | INFO     | Saving at a/skeb/Marumaru_oOoO0-268e40.json
2026-07-19 14:51:38 | INFO     | OK https://skeb.jp/api/users/ocyacya_Jewelry
2026-07-19 14:51:38 | INFO     | Saving at a/skeb/ocyacya_Jewelry-7eee57.json
2026-07-19 14:51:38 | INFO     | OK https://skeb.jp/api/users/RRR_R18G
2026-07-19 14:51:38 | INFO     | Saving at a/skeb/RRR_R18G-ab2800.json
2026-07-19 14:51:38 | INFO     | OK https://skeb.jp/api/users/akarumisaka
2026-07-19 14:51:38 | INFO     | Saving at a/skeb/akarumisaka-dc25e6.json
2026-07-19 14:51:39 | INFO     | OK https://skeb.jp/api/users/Xwara
2026-07-19 14:51:39 | INFO     | Saving at a/skeb/Xwara-e0d92c.json
2026-07-19 14:51:39 | INFO     | OK https://skeb.jp/api/users/kukimaru666
2026-07-19 14:51:39 | INFO     | Saving at a/skeb/kukimaru666-13086b.json
2026-07-19 14:51:40 | INFO     | OK https://skeb.jp/api/users/CBkomaru
2026-07-19 14:51:40 | INFO     | Saving at a/skeb/CBkomaru-469906.json
2026-07-19 14:51:40 | INFO     | OK https://skeb.jp/api/users/shira__1105
2026-07-19 14:51:40 | INFO     | Saving at a/skeb/shira__1105-2fa0d5.json
2026-07-19 14:51:40 | INFO     | OK https://skeb.jp/api/users/FL0Ra_oo0
2026-07-19 14:51:40 | INFO     | Saving at a/skeb/FL0Ra_oo0-3c0110.json
2026-07-19 14:51:41 | INFO     | OK https://skeb.jp/api/users/shin_akat
2026-07-19 14:51:41 | INFO     | Saving at a/skeb/shin_akat-dbd181.json
2026-07-19 14:51:41 | INFO     | OK https://skeb.jp/api/users/Sail_ofhope
2026-07-19 14:51:41 | INFO     | Saving at a/skeb/Sail_ofhope-c8a57a.json
2026-07-19 14:51:41 | INFO     | OK https://skeb.jp/api/users/tntl_nemui
2026-07-19 14:51:41 | INFO     | Saving at a/skeb/tntl_nemui-ba0ff1.json
2026-07-19 14:51:41 | INFO     | OK https://skeb.jp/api/users/goe_goemon
2026-07-19 14:51:41 | INFO     | Saving at a/skeb/goe_goemon-1731a5.json
2026-07-19 14:51:42 | INFO     | OK https://skeb.jp/api/users/mohumohu_22
2026-07-19 14:51:42 | INFO     | Saving at a/skeb/mohumohu_22-37fdbf.json
2026-07-19 14:51:42 | INFO     | OK https://skeb.jp/api/users/cocco1192
2026-07-19 14:51:42 | INFO     | Saving at a/skeb/cocco1192-42f5ff.json
2026-07-19 14:51:42 | INFO     | OK https://skeb.jp/api/users/thomson
2026-07-19 14:51:42 | INFO     | Saving at a/skeb/thomson-07d087.json
2026-07-19 14:51:43 | INFO     | OK https://skeb.jp/api/users/yumekuiyun
2026-07-19 14:51:43 | INFO     | Saving at a/skeb/yumekuiyun-1dc27f.json
2026-07-19 14:51:43 | INFO     | OK https://skeb.jp/api/users/misoperopero
2026-07-19 14:51:43 | INFO     | Saving at a/skeb/misoperopero-75df33.json
2026-07-19 14:51:43 | INFO     | OK https://skeb.jp/api/users/6romro_
2026-07-19 14:51:43 | INFO     | Saving at a/skeb/6romro_-f69f93.json
2026-07-19 14:51:44 | INFO     | OK https://skeb.jp/api/users/wsPAIBqk1f55573
2026-07-19 14:51:44 | INFO     | Saving at a/skeb/wsPAIBqk1f55573-336a50.json
2026-07-19 14:51:44 | INFO     | OK https://skeb.jp/api/users/___obj_
2026-07-19 14:51:44 | INFO     | Saving at a/skeb/___obj_-f5837a.json
2026-07-19 14:51:44 | INFO     | OK https://skeb.jp/api/users/u_uln2
2026-07-19 14:51:44 | INFO     | Saving at a/skeb/u_uln2-fa54d2.json
2026-07-19 14:51:45 | INFO     | OK https://skeb.jp/api/users/kuro_ch4n_kuro
2026-07-19 14:51:45 | INFO     | Saving at a/skeb/kuro_ch4n_kuro-4ba834.json
2026-07-19 14:51:45 | INFO     | OK https://skeb.jp/api/users/soine_sirasawa
2026-07-19 14:51:45 | INFO     | Saving at a/skeb/soine_sirasawa-306bae.json
2026-07-19 14:51:46 | INFO     | OK https://skeb.jp/api/users/kino_u0
2026-07-19 14:51:46 | INFO     | Saving at a/skeb/kino_u0-099aef.json
2026-07-19 14:51:46 | INFO     | OK https://skeb.jp/api/users/skhr_cv
2026-07-19 14:51:46 | INFO     | Saving at a/skeb/skhr_cv-b1e5ae.json
2026-07-19 14:51:46 | INFO     | OK https://skeb.jp/api/users/8taraka7i
2026-07-19 14:51:46 | INFO     | Saving at a/skeb/8taraka7i-cf9c13.json
2026-07-19 14:51:46 | INFO     | OK https://skeb.jp/api/users/yayoimaka03
2026-07-19 14:51:46 | INFO     | Saving at a/skeb/yayoimaka03-77de7e.json
2026-07-19 14:51:47 | INFO     | OK https://skeb.jp/api/users/DHA_56
2026-07-19 14:51:47 | INFO     | Saving at a/skeb/DHA_56-6605ac.json
2026-07-19 14:51:47 | INFO     | OK https://skeb.jp/api/users/ETsaurus
2026-07-19 14:51:47 | INFO     | Saving at a/skeb/ETsaurus-52b923.json
2026-07-19 14:51:48 | INFO     | OK https://skeb.jp/api/users/kawanooku
2026-07-19 14:51:48 | INFO     | Saving at a/skeb/kawanooku-2a4372.json
2026-07-19 14:51:48 | INFO     | OK https://skeb.jp/api/users/dairi155
2026-07-19 14:51:48 | INFO     | Saving at a/skeb/dairi155-098ec5.json
2026-07-19 14:51:48 | INFO     | OK https://skeb.jp/api/users/ramune_skb
2026-07-19 14:51:48 | INFO     | Saving at a/skeb/ramune_skb-7b0d25.json
2026-07-19 14:51:48 | INFO     | OK https://skeb.jp/api/users/rate11717991
2026-07-19 14:51:48 | INFO     | Saving at a/skeb/rate11717991-0de331.json
2026-07-19 14:51:49 | INFO     | OK https://skeb.jp/api/users/mochiboshiii
2026-07-19 14:51:49 | INFO     | Saving at a/skeb/mochiboshiii-de2136.json
2026-07-19 14:51:49 | INFO     | OK https://skeb.jp/api/users/ishiyakio
2026-07-19 14:51:49 | INFO     | Saving at a/skeb/ishiyakio-eca2bc.json
2026-07-19 14:51:49 | INFO     | OK https://skeb.jp/api/users/Es_Zatta
2026-07-19 14:51:49 | INFO     | Saving at a/skeb/Es_Zatta-f2870f.json
2026-07-19 14:51:50 | INFO     | OK https://skeb.jp/api/users/_star_fall
2026-07-19 14:51:50 | INFO     | Saving at a/skeb/_star_fall-7be1e2.json
2026-07-19 14:51:50 | INFO     | OK https://skeb.jp/api/users/__i_n_u__
2026-07-19 14:51:50 | INFO     | Saving at a/skeb/__i_n_u__-469595.json
2026-07-19 14:51:50 | INFO     | OK https://skeb.jp/api/users/torahico_x
2026-07-19 14:51:50 | INFO     | Saving at a/skeb/torahico_x-e8f5ba.json
2026-07-19 14:51:51 | INFO     | OK https://skeb.jp/api/users/rahato190
2026-07-19 14:51:51 | INFO     | Saving at a/skeb/rahato190-bc3287.json
2026-07-19 14:51:51 | INFO     | OK https://skeb.jp/api/users/_meguri_meguru_
2026-07-19 14:51:51 | INFO     | Saving at a/skeb/_meguri_meguru_-35e8f5.json
2026-07-19 14:51:51 | INFO     | OK https://skeb.jp/api/users/error36_
2026-07-19 14:51:51 | INFO     | Saving at a/skeb/error36_-45add0.json
2026-07-19 14:51:52 | INFO     | OK https://skeb.jp/api/users/mswdmaku
2026-07-19 14:51:52 | INFO     | Saving at a/skeb/mswdmaku-c33331.json
2026-07-19 14:51:52 | INFO     | OK https://skeb.jp/api/users/_fuyunoaki
2026-07-19 14:51:52 | INFO     | Saving at a/skeb/_fuyunoaki-4725f5.json
2026-07-19 14:51:52 | INFO     | OK https://skeb.jp/api/users/Silver_Room
2026-07-19 14:51:52 | INFO     | Saving at a/skeb/Silver_Room-78e8d6.json
2026-07-19 14:51:53 | INFO     | OK https://skeb.jp/api/users/kagami1999
2026-07-19 14:51:53 | INFO     | Saving at a/skeb/kagami1999-4b6f8d.json
2026-07-19 14:51:53 | INFO     | OK https://skeb.jp/api/users/u12m2
2026-07-19 14:51:53 | INFO     | Saving at a/skeb/u12m2-b88392.json
2026-07-19 14:51:54 | INFO     | OK https://skeb.jp/api/users/A_aaaa6A
2026-07-19 14:51:54 | INFO     | Saving at a/skeb/A_aaaa6A-a9396e.json
2026-07-19 14:51:54 | INFO     | OK https://skeb.jp/api/users/107_krs
2026-07-19 14:51:54 | INFO     | Saving at a/skeb/107_krs-f38659.json
2026-07-19 14:51:54 | INFO     | OK https://skeb.jp/api/users/Azm02O1
2026-07-19 14:51:54 | INFO     | Saving at a/skeb/Azm02O1-3fa08d.json
2026-07-19 14:51:54 | INFO     | OK https://skeb.jp/api/users/yuyu29384756
2026-07-19 14:51:54 | INFO     | Saving at a/skeb/yuyu29384756-2b14dc.json
2026-07-19 14:51:55 | INFO     | OK https://skeb.jp/api/users/umhn__TRPG
2026-07-19 14:51:55 | INFO     | Saving at a/skeb/umhn__TRPG-819779.json
2026-07-19 14:51:55 | INFO     | OK https://skeb.jp/api/users/yomo_253
2026-07-19 14:51:55 | INFO     | Saving at a/skeb/yomo_253-2f2ff3.json
2026-07-19 14:51:55 | INFO     | OK https://skeb.jp/api/users/hkywymzk
2026-07-19 14:51:55 | INFO     | Saving at a/skeb/hkywymzk-723a19.json
2026-07-19 14:51:56 | INFO     | OK https://skeb.jp/api/users/underchikichan
2026-07-19 14:51:56 | INFO     | Saving at a/skeb/underchikichan-c71b25.json
2026-07-19 14:51:56 | INFO     | OK https://skeb.jp/api/users/kome_non
2026-07-19 14:51:56 | INFO     | Saving at a/skeb/kome_non-912216.json
2026-07-19 14:51:57 | INFO     | OK https://skeb.jp/api/users/mikuruMiO
2026-07-19 14:51:57 | INFO     | Saving at a/skeb/mikuruMiO-c214bf.json
2026-07-19 14:51:57 | INFO     | OK https://skeb.jp/api/users/__1108_R
2026-07-19 14:51:57 | INFO     | Saving at a/skeb/__1108_R-b6e8f0.json
2026-07-19 14:51:57 | INFO     | OK https://skeb.jp/api/users/amamiya_draw
2026-07-19 14:51:57 | INFO     | Saving at a/skeb/amamiya_draw-80238c.json
2026-07-19 14:51:57 | INFO     | OK https://skeb.jp/api/users/BUTABARA1530
2026-07-19 14:51:57 | INFO     | Saving at a/skeb/BUTABARA1530-218155.json
2026-07-19 14:51:58 | INFO     | OK https://skeb.jp/api/users/DreamEater_0
2026-07-19 14:51:58 | INFO     | Saving at a/skeb/DreamEater_0-8f3eb3.json
2026-07-19 14:51:58 | INFO     | OK https://skeb.jp/api/users/mitorin
2026-07-19 14:51:58 | INFO     | Saving at a/skeb/mitorin-b670eb.json
2026-07-19 14:51:58 | INFO     | OK https://skeb.jp/api/users/hitsuzi_taro11
2026-07-19 14:51:58 | INFO     | Saving at a/skeb/hitsuzi_taro11-2e6e33.json
2026-07-19 14:51:59 | INFO     | OK https://skeb.jp/api/users/ayameiro16
2026-07-19 14:51:59 | INFO     | Saving at a/skeb/ayameiro16-37768b.json
2026-07-19 14:51:59 | INFO     | OK https://skeb.jp/api/users/3001mg
2026-07-19 14:51:59 | INFO     | Saving at a/skeb/3001mg-f90518.json
2026-07-19 14:52:00 | INFO     | OK https://skeb.jp/api/users/maskmaya1
2026-07-19 14:52:00 | INFO     | Saving at a/skeb/maskmaya1-e0e58e.json
2026-07-19 14:52:00 | INFO     | OK https://skeb.jp/api/users/abb__q
2026-07-19 14:52:00 | INFO     | Saving at a/skeb/abb__q-38bde5.json
2026-07-19 14:52:00 | INFO     | OK https://skeb.jp/api/users/j7w22
2026-07-19 14:52:00 | INFO     | Saving at a/skeb/j7w22-aaec06.json
2026-07-19 14:52:00 | INFO     | OK https://skeb.jp/api/users/mihasu_ll
2026-07-19 14:52:00 | INFO     | Saving at a/skeb/mihasu_ll-dc15da.json
2026-07-19 14:52:01 | INFO     | OK https://skeb.jp/api/users/genshi_neki
2026-07-19 14:52:01 | INFO     | Saving at a/skeb/genshi_neki-29eb3d.json
2026-07-19 14:52:01 | INFO     | OK https://skeb.jp/api/users/PinyaTapi
2026-07-19 14:52:01 | INFO     | Saving at a/skeb/PinyaTapi-3eb257.json
2026-07-19 14:52:02 | INFO     | OK https://skeb.jp/api/users/oonatsukioo
2026-07-19 14:52:02 | INFO     | Saving at a/skeb/oonatsukioo-2cded7.json
2026-07-19 14:52:02 | INFO     | OK https://skeb.jp/api/users/sonoDAZOgakiku
2026-07-19 14:52:02 | INFO     | Saving at a/skeb/sonoDAZOgakiku-61eb26.json
2026-07-19 14:52:02 | INFO     | OK https://skeb.jp/api/users/Antaro_0
2026-07-19 14:52:02 | INFO     | Saving at a/skeb/Antaro_0-a1e6d9.json
2026-07-19 14:52:02 | INFO     | OK https://skeb.jp/api/users/yes_2335
2026-07-19 14:52:02 | INFO     | Saving at a/skeb/yes_2335-fd46d1.json
2026-07-19 14:52:03 | INFO     | OK https://skeb.jp/api/users/I7F9kK8V4d
2026-07-19 14:52:03 | INFO     | Saving at a/skeb/I7F9kK8V4d-d83ed7.json
2026-07-19 14:52:03 | INFO     | OK https://skeb.jp/api/users/cicichiro2
2026-07-19 14:52:03 | INFO     | Saving at a/skeb/cicichiro2-8166fe.json
2026-07-19 14:52:04 | INFO     | OK https://skeb.jp/api/users/shakemayo0
2026-07-19 14:52:04 | INFO     | Saving at a/skeb/shakemayo0-ca6826.json
2026-07-19 14:52:04 | INFO     | OK https://skeb.jp/api/users/polk_dots2
2026-07-19 14:52:04 | INFO     | Saving at a/skeb/polk_dots2-150016.json
2026-07-19 14:52:04 | INFO     | OK https://skeb.jp/api/users/riiit44
2026-07-19 14:52:04 | INFO     | Saving at a/skeb/riiit44-df4860.json
2026-07-19 14:52:05 | INFO     | OK https://skeb.jp/api/users/takaari_works
2026-07-19 14:52:05 | INFO     | Saving at a/skeb/takaari_works-fc33ff.json
2026-07-19 14:52:05 | INFO     | OK https://skeb.jp/api/users/mofmofmaron
2026-07-19 14:52:05 | INFO     | Saving at a/skeb/mofmofmaron-dd1faa.json
2026-07-19 14:52:05 | INFO     | OK https://skeb.jp/api/users/XN0sk
2026-07-19 14:52:05 | INFO     | Saving at a/skeb/XN0sk-07e277.json
2026-07-19 14:52:05 | INFO     | OK https://skeb.jp/api/users/harun0_wakaba
2026-07-19 14:52:05 | INFO     | Saving at a/skeb/harun0_wakaba-a5cd24.json
2026-07-19 14:52:06 | INFO     | OK https://skeb.jp/api/users/ziuzz__
2026-07-19 14:52:06 | INFO     | Saving at a/skeb/ziuzz__-3510f0.json
2026-07-19 14:52:06 | INFO     | OK https://skeb.jp/api/users/ikapii069
2026-07-19 14:52:06 | INFO     | Saving at a/skeb/ikapii069-65e72a.json
2026-07-19 14:52:06 | INFO     | OK https://skeb.jp/api/users/nobi_kanida
2026-07-19 14:52:06 | INFO     | Saving at a/skeb/nobi_kanida-510dcf.json
2026-07-19 14:52:07 | INFO     | OK https://skeb.jp/api/users/smrg_Lilie
2026-07-19 14:52:07 | INFO     | Saving at a/skeb/smrg_Lilie-90befb.json
2026-07-19 14:52:07 | INFO     | OK https://skeb.jp/api/users/15furikake
2026-07-19 14:52:07 | INFO     | Saving at a/skeb/15furikake-033fd9.json
2026-07-19 14:52:07 | INFO     | OK https://skeb.jp/api/users/matuTake_yk0
2026-07-19 14:52:07 | INFO     | Saving at a/skeb/matuTake_yk0-53e54b.json
2026-07-19 14:52:08 | INFO     | OK https://skeb.jp/api/users/Asakura_Hal
2026-07-19 14:52:08 | INFO     | Saving at a/skeb/Asakura_Hal-340dce.json
2026-07-19 14:52:08 | INFO     | OK https://skeb.jp/api/users/sunapua3
2026-07-19 14:52:08 | INFO     | Saving at a/skeb/sunapua3-65e8f3.json
2026-07-19 14:52:09 | INFO     | OK https://skeb.jp/api/users/elmar_eld
2026-07-19 14:52:09 | INFO     | Saving at a/skeb/elmar_eld-e800a0.json
2026-07-19 14:52:09 | INFO     | OK https://skeb.jp/api/users/coxxco12
2026-07-19 14:52:09 | INFO     | Saving at a/skeb/coxxco12-c0adc8.json
2026-07-19 14:52:09 | INFO     | OK https://skeb.jp/api/users/msms_mmm_x
2026-07-19 14:52:09 | INFO     | Saving at a/skeb/msms_mmm_x-b7933d.json
2026-07-19 14:52:10 | INFO     | OK https://skeb.jp/api/users/yuki_tama1231
2026-07-19 14:52:10 | INFO     | Saving at a/skeb/yuki_tama1231-e6f514.json
2026-07-19 14:52:10 | INFO     | OK https://skeb.jp/api/users/aota_xxx
2026-07-19 14:52:10 | INFO     | Saving at a/skeb/aota_xxx-02bc05.json
2026-07-19 14:52:10 | INFO     | OK https://skeb.jp/api/users/hayuha1203
2026-07-19 14:52:10 | INFO     | Saving at a/skeb/hayuha1203-4ec4ba.json
2026-07-19 14:52:10 | INFO     | OK https://skeb.jp/api/users/Moro_sorano
2026-07-19 14:52:11 | INFO     | Saving at a/skeb/Moro_sorano-fd37f3.json
2026-07-19 14:52:11 | INFO     | OK https://skeb.jp/api/users/ruu_hh
2026-07-19 14:52:11 | INFO     | Saving at a/skeb/ruu_hh-cc226c.json
2026-07-19 14:52:11 | INFO     | OK https://skeb.jp/api/users/baribarimal
2026-07-19 14:52:11 | INFO     | Saving at a/skeb/baribarimal-7e362a.json
2026-07-19 14:52:11 | INFO     | OK https://skeb.jp/api/users/sa3me_yu
2026-07-19 14:52:11 | INFO     | Saving at a/skeb/sa3me_yu-0b57a3.json
2026-07-19 14:52:12 | INFO     | OK https://skeb.jp/api/users/_fujiya_4
2026-07-19 14:52:12 | INFO     | Saving at a/skeb/_fujiya_4-4ade46.json
2026-07-19 14:52:12 | INFO     | OK https://skeb.jp/api/users/Lagoon_bluebear
2026-07-19 14:52:12 | INFO     | Saving at a/skeb/Lagoon_bluebear-349d40.json
2026-07-19 14:52:12 | INFO     | OK https://skeb.jp/api/users/mika3sub
2026-07-19 14:52:12 | INFO     | Saving at a/skeb/mika3sub-26931b.json
2026-07-19 14:52:13 | INFO     | OK https://skeb.jp/api/users/echi_echi_tk
2026-07-19 14:52:13 | INFO     | Saving at a/skeb/echi_echi_tk-a6c83d.json
2026-07-19 14:52:13 | INFO     | OK https://skeb.jp/api/users/tntktctc4133
2026-07-19 14:52:13 | INFO     | Saving at a/skeb/tntktctc4133-18f37e.json
2026-07-19 14:52:13 | INFO     | OK https://skeb.jp/api/users/kozi_master
2026-07-19 14:52:13 | INFO     | Saving at a/skeb/kozi_master-9d9f12.json
2026-07-19 14:52:14 | INFO     | OK https://skeb.jp/api/users/mooosikasite
2026-07-19 14:52:14 | INFO     | Saving at a/skeb/mooosikasite-cc4ef0.json
2026-07-19 14:52:14 | INFO     | OK https://skeb.jp/api/users/aimiirugod
2026-07-19 14:52:14 | INFO     | Saving at a/skeb/aimiirugod-b1f17d.json
2026-07-19 14:52:14 | INFO     | OK https://skeb.jp/api/users/irodori_drawpic
2026-07-19 14:52:14 | INFO     | Saving at a/skeb/irodori_drawpic-536b12.json
2026-07-19 14:52:15 | INFO     | OK https://skeb.jp/api/users/Gineno91
2026-07-19 14:52:15 | INFO     | Saving at a/skeb/Gineno91-8f18c1.json
2026-07-19 14:52:15 | INFO     | OK https://skeb.jp/api/users/sawayaka_pon
2026-07-19 14:52:15 | INFO     | Saving at a/skeb/sawayaka_pon-0b3863.json
2026-07-19 14:52:15 | INFO     | OK https://skeb.jp/api/users/kamoakira0
2026-07-19 14:52:15 | INFO     | Saving at a/skeb/kamoakira0-b2276c.json
2026-07-19 14:52:16 | INFO     | OK https://skeb.jp/api/users/okahashi0629
2026-07-19 14:52:16 | INFO     | Saving at a/skeb/okahashi0629-44da7e.json
2026-07-19 14:52:16 | INFO     | OK https://skeb.jp/api/users/makotonichimei
2026-07-19 14:52:16 | INFO     | Saving at a/skeb/makotonichimei-08ac9b.json
2026-07-19 14:52:16 | INFO     | OK https://skeb.jp/api/users/kinakomocheeni
2026-07-19 14:52:16 | INFO     | Saving at a/skeb/kinakomocheeni-0fb0b7.json
2026-07-19 14:52:17 | INFO     | OK https://skeb.jp/api/users/4545akichan
2026-07-19 14:52:17 | INFO     | Saving at a/skeb/4545akichan-6d4198.json
2026-07-19 14:52:17 | INFO     | OK https://skeb.jp/api/users/Butaoink_555
2026-07-19 14:52:17 | INFO     | Saving at a/skeb/Butaoink_555-fe2fbc.json
2026-07-19 14:52:17 | INFO     | OK https://skeb.jp/api/users/pinapo_25
2026-07-19 14:52:17 | INFO     | Saving at a/skeb/pinapo_25-b1d891.json
2026-07-19 14:52:18 | INFO     | OK https://skeb.jp/api/users/ntoteto
2026-07-19 14:52:18 | INFO     | Saving at a/skeb/ntoteto-1d8eaf.json
2026-07-19 14:52:18 | INFO     | OK https://skeb.jp/api/users/mutumijoruri
2026-07-19 14:52:18 | INFO     | Saving at a/skeb/mutumijoruri-95899c.json
2026-07-19 14:52:18 | INFO     | OK https://skeb.jp/api/users/mumumo6
2026-07-19 14:52:18 | INFO     | Saving at a/skeb/mumumo6-880dc0.json
2026-07-19 14:52:19 | INFO     | OK https://skeb.jp/api/users/ThAlter39o
2026-07-19 14:52:19 | INFO     | Saving at a/skeb/ThAlter39o-bdb32a.json
2026-07-19 14:52:19 | INFO     | OK https://skeb.jp/api/users/erusgt
2026-07-19 14:52:19 | INFO     | Saving at a/skeb/erusgt-727391.json
2026-07-19 14:52:20 | INFO     | OK https://skeb.jp/api/users/hoshinatsue
2026-07-19 14:52:20 | INFO     | Saving at a/skeb/hoshinatsue-7e0530.json
2026-07-19 14:52:20 | INFO     | OK https://skeb.jp/api/users/irumi_77
2026-07-19 14:52:20 | INFO     | Saving at a/skeb/irumi_77-e8b34b.json
2026-07-19 14:52:20 | INFO     | OK https://skeb.jp/api/users/KIBADORI_Rue
2026-07-19 14:52:20 | INFO     | Saving at a/skeb/KIBADORI_Rue-6cda70.json
2026-07-19 14:52:21 | INFO     | OK https://skeb.jp/api/users/kinetamu_illust
2026-07-19 14:52:21 | INFO     | Saving at a/skeb/kinetamu_illust-f03f6e.json
2026-07-19 14:52:21 | INFO     | OK https://skeb.jp/api/users/gummy1024
2026-07-19 14:52:21 | INFO     | Saving at a/skeb/gummy1024-994282.json
2026-07-19 14:52:21 | INFO     | OK https://skeb.jp/api/users/ovoip_
2026-07-19 14:52:21 | INFO     | Saving at a/skeb/ovoip_-1f547d.json
2026-07-19 14:52:21 | INFO     | OK https://skeb.jp/api/users/konoha_sakura_2
2026-07-19 14:52:21 | INFO     | Saving at a/skeb/konoha_sakura_2-9dcd2e.json
2026-07-19 14:52:22 | INFO     | OK https://skeb.jp/api/users/kmrmur3
2026-07-19 14:52:22 | INFO     | Saving at a/skeb/kmrmur3-9dae89.json
2026-07-19 14:52:22 | INFO     | OK https://skeb.jp/api/users/motico3_
2026-07-19 14:52:22 | INFO     | Saving at a/skeb/motico3_-36b5ad.json
2026-07-19 14:52:22 | INFO     | OK https://skeb.jp/api/users/OBOCHAMANBOO
2026-07-19 14:52:22 | INFO     | Saving at a/skeb/OBOCHAMANBOO-05b031.json
2026-07-19 14:52:23 | INFO     | OK https://skeb.jp/api/users/tira102
2026-07-19 14:52:23 | INFO     | Saving at a/skeb/tira102-5abc7d.json
2026-07-19 14:52:23 | INFO     | OK https://skeb.jp/api/users/peru_5503
2026-07-19 14:52:23 | INFO     | Saving at a/skeb/peru_5503-3fe7de.json
2026-07-19 14:52:23 | INFO     | OK https://skeb.jp/api/users/umuuuoO
2026-07-19 14:52:23 | INFO     | Saving at a/skeb/umuuuoO-0c12e2.json
2026-07-19 14:52:24 | INFO     | OK https://skeb.jp/api/users/corpsmanWelt
2026-07-19 14:52:24 | INFO     | Saving at a/skeb/corpsmanWelt-ea923b.json
2026-07-19 14:52:24 | INFO     | OK https://skeb.jp/api/users/caorigasuru
2026-07-19 14:52:24 | INFO     | Saving at a/skeb/caorigasuru-62bf10.json
2026-07-19 14:52:24 | INFO     | OK https://skeb.jp/api/users/Kittatsu_toku
2026-07-19 14:52:24 | INFO     | Saving at a/skeb/Kittatsu_toku-60629a.json
2026-07-19 14:52:25 | INFO     | OK https://skeb.jp/api/users/lilymofumofu
2026-07-19 14:52:25 | INFO     | Saving at a/skeb/lilymofumofu-47229f.json
2026-07-19 14:52:25 | INFO     | OK https://skeb.jp/api/users/mochimochinc
2026-07-19 14:52:25 | INFO     | Saving at a/skeb/mochimochinc-2dbd61.json
2026-07-19 14:52:25 | INFO     | OK https://skeb.jp/api/users/ikesugar130645
2026-07-19 14:52:25 | INFO     | Saving at a/skeb/ikesugar130645-c0f64c.json
2026-07-19 14:52:26 | INFO     | OK https://skeb.jp/api/users/Tsukimi_Mumi
2026-07-19 14:52:26 | INFO     | Saving at a/skeb/Tsukimi_Mumi-5836ce.json
2026-07-19 14:52:26 | INFO     | OK https://skeb.jp/api/users/libre1907_
2026-07-19 14:52:26 | INFO     | Saving at a/skeb/libre1907_-62be6c.json
2026-07-19 14:52:26 | INFO     | OK https://skeb.jp/api/users/orizin_4696
2026-07-19 14:52:26 | INFO     | Saving at a/skeb/orizin_4696-10a9cf.json
2026-07-19 14:52:27 | INFO     | OK https://skeb.jp/api/users/RSN_07
2026-07-19 14:52:27 | INFO     | Saving at a/skeb/RSN_07-30a32d.json
2026-07-19 14:52:27 | INFO     | OK https://skeb.jp/api/users/ripper446
2026-07-19 14:52:27 | INFO     | Saving at a/skeb/ripper446-94a0b5.json
2026-07-19 14:52:27 | INFO     | OK https://skeb.jp/api/users/ayayami13
2026-07-19 14:52:27 | INFO     | Saving at a/skeb/ayayami13-461725.json
2026-07-19 14:52:28 | INFO     | OK https://skeb.jp/api/users/ma_AZI
2026-07-19 14:52:28 | INFO     | Saving at a/skeb/ma_AZI-1a11ed.json
2026-07-19 14:52:28 | INFO     | OK https://skeb.jp/api/users/chizechize
2026-07-19 14:52:28 | INFO     | Saving at a/skeb/chizechize-d204b6.json
2026-07-19 14:52:28 | INFO     | OK https://skeb.jp/api/users/kikuPsyche
2026-07-19 14:52:28 | INFO     | Saving at a/skeb/kikuPsyche-7f6947.json
2026-07-19 14:52:29 | INFO     | OK https://skeb.jp/api/users/sichinotuki
2026-07-19 14:52:29 | INFO     | Saving at a/skeb/sichinotuki-bb4418.json
2026-07-19 14:52:29 | INFO     | OK https://skeb.jp/api/users/aiba_art
2026-07-19 14:52:29 | INFO     | Saving at a/skeb/aiba_art-dc1b6c.json
2026-07-19 14:52:30 | INFO     | OK https://skeb.jp/api/users/Shaaan_grilaaaa
2026-07-19 14:52:30 | INFO     | Saving at a/skeb/Shaaan_grilaaaa-7f0cd4.json
2026-07-19 14:52:30 | INFO     | OK https://skeb.jp/api/users/oUJIr77qZcdmGkw
2026-07-19 14:52:30 | INFO     | Saving at a/skeb/oUJIr77qZcdmGkw-971784.json
2026-07-19 14:52:30 | INFO     | OK https://skeb.jp/api/users/yuyu_kiro
2026-07-19 14:52:30 | INFO     | Saving at a/skeb/yuyu_kiro-594579.json
2026-07-19 14:52:30 | INFO     | OK https://skeb.jp/api/users/ao3_ru
2026-07-19 14:52:30 | INFO     | Saving at a/skeb/ao3_ru-7820ba.json
2026-07-19 14:52:31 | INFO     | OK https://skeb.jp/api/users/zw001sousaku
2026-07-19 14:52:31 | INFO     | Saving at a/skeb/zw001sousaku-237f91.json
2026-07-19 14:52:31 | INFO     | OK https://skeb.jp/api/users/Remon_Cola
2026-07-19 14:52:31 | INFO     | Saving at a/skeb/Remon_Cola-bfae11.json
2026-07-19 14:52:32 | INFO     | OK https://skeb.jp/api/users/omu3retu
2026-07-19 14:52:32 | INFO     | Saving at a/skeb/omu3retu-0ab6a1.json
2026-07-19 14:52:32 | INFO     | OK https://skeb.jp/api/users/KARASUKUN01
2026-07-19 14:52:32 | INFO     | Saving at a/skeb/KARASUKUN01-c38556.json
2026-07-19 14:52:32 | INFO     | OK https://skeb.jp/api/users/loookuuu_sub
2026-07-19 14:52:32 | INFO     | Saving at a/skeb/loookuuu_sub-2d3423.json
2026-07-19 14:52:32 | INFO     | OK https://skeb.jp/api/users/dRccPEWOI2PvZfU
2026-07-19 14:52:32 | INFO     | Saving at a/skeb/dRccPEWOI2PvZfU-8c3140.json
2026-07-19 14:52:33 | INFO     | OK https://skeb.jp/api/users/hasumifumi
2026-07-19 14:52:33 | INFO     | Saving at a/skeb/hasumifumi-41752a.json
2026-07-19 14:52:33 | INFO     | OK https://skeb.jp/api/users/TORI_cun_TORI
2026-07-19 14:52:33 | INFO     | Saving at a/skeb/TORI_cun_TORI-8fe1a0.json
2026-07-19 14:52:33 | INFO     | OK https://skeb.jp/api/users/avakass39
2026-07-19 14:52:33 | INFO     | Saving at a/skeb/avakass39-865709.json
2026-07-19 14:52:34 | INFO     | OK https://skeb.jp/api/users/bagutyannn
2026-07-19 14:52:34 | INFO     | Saving at a/skeb/bagutyannn-33fdf1.json
2026-07-19 14:52:34 | INFO     | OK https://skeb.jp/api/users/chibineco_m
2026-07-19 14:52:34 | INFO     | Saving at a/skeb/chibineco_m-b3e145.json
2026-07-19 14:52:34 | INFO     | OK https://skeb.jp/api/users/R1tuk_TRPG
2026-07-19 14:52:34 | INFO     | Saving at a/skeb/R1tuk_TRPG-a8a454.json
2026-07-19 14:52:35 | INFO     | OK https://skeb.jp/api/users/ryuzi
2026-07-19 14:52:35 | INFO     | Saving at a/skeb/ryuzi-ad6809.json
2026-07-19 14:52:35 | INFO     | OK https://skeb.jp/api/users/E7wYTZWclt91948
2026-07-19 14:52:35 | INFO     | Saving at a/skeb/E7wYTZWclt91948-261908.json
2026-07-19 14:52:36 | INFO     | OK https://skeb.jp/api/users/2waco15
2026-07-19 14:52:36 | INFO     | Saving at a/skeb/2waco15-390c33.json
2026-07-19 14:52:36 | INFO     | OK https://skeb.jp/api/users/libertasgenesis
2026-07-19 14:52:36 | INFO     | Saving at a/skeb/libertasgenesis-ef7f8a.json
2026-07-19 14:52:36 | INFO     | OK https://skeb.jp/api/users/hkdd99
2026-07-19 14:52:36 | INFO     | Saving at a/skeb/hkdd99-b9da91.json
2026-07-19 14:52:37 | INFO     | OK https://skeb.jp/api/users/konmu626
2026-07-19 14:52:37 | INFO     | Saving at a/skeb/konmu626-baa708.json
2026-07-19 14:52:37 | INFO     | OK https://skeb.jp/api/users/kuronecororo
2026-07-19 14:52:37 | INFO     | Saving at a/skeb/kuronecororo-f5aef0.json
2026-07-19 14:52:37 | INFO     | OK https://skeb.jp/api/users/Tzakki023
2026-07-19 14:52:37 | INFO     | Saving at a/skeb/Tzakki023-17ee7e.json
2026-07-19 14:52:38 | INFO     | OK https://skeb.jp/api/users/ame_akira00
2026-07-19 14:52:38 | INFO     | Saving at a/skeb/ame_akira00-b7458d.json
2026-07-19 14:52:38 | INFO     | OK https://skeb.jp/api/users/dakkokuusetu
2026-07-19 14:52:38 | INFO     | Saving at a/skeb/dakkokuusetu-57a90b.json
2026-07-19 14:52:38 | INFO     | OK https://skeb.jp/api/users/ukechi460
2026-07-19 14:52:38 | INFO     | Saving at a/skeb/ukechi460-c7893d.json
2026-07-19 14:52:38 | INFO     | OK https://skeb.jp/api/users/thee_rotten
2026-07-19 14:52:38 | INFO     | Saving at a/skeb/thee_rotten-76ebcc.json
2026-07-19 14:52:39 | INFO     | OK https://skeb.jp/api/users/tea_stalk_
2026-07-19 14:52:39 | INFO     | Saving at a/skeb/tea_stalk_-b009e8.json
2026-07-19 14:52:39 | INFO     | OK https://skeb.jp/api/users/JyasyugyoYEET
2026-07-19 14:52:39 | INFO     | Saving at a/skeb/JyasyugyoYEET-b3308f.json
2026-07-19 14:52:40 | INFO     | OK https://skeb.jp/api/users/iran_stn
2026-07-19 14:52:40 | INFO     | Saving at a/skeb/iran_stn-8a72a1.json
2026-07-19 14:52:40 | INFO     | OK https://skeb.jp/api/users/takezamurai
2026-07-19 14:52:40 | INFO     | Saving at a/skeb/takezamurai-43f6d0.json
2026-07-19 14:52:40 | INFO     | OK https://skeb.jp/api/users/botta_kuri_
2026-07-19 14:52:40 | INFO     | Saving at a/skeb/botta_kuri_-539e30.json
2026-07-19 14:52:40 | INFO     | OK https://skeb.jp/api/users/Mwah_chan
2026-07-19 14:52:40 | INFO     | Saving at a/skeb/Mwah_chan-87b6ea.json
2026-07-19 14:52:41 | INFO     | OK https://skeb.jp/api/users/go_e_0000
2026-07-19 14:52:41 | INFO     | Saving at a/skeb/go_e_0000-36d826.json
2026-07-19 14:52:41 | INFO     | OK https://skeb.jp/api/users/sabanobitch
2026-07-19 14:52:41 | INFO     | Saving at a/skeb/sabanobitch-f47681.json
2026-07-19 14:52:42 | INFO     | OK https://skeb.jp/api/users/wat4si
2026-07-19 14:52:42 | INFO     | Saving at a/skeb/wat4si-a613a2.json
2026-07-19 14:52:42 | INFO     | OK https://skeb.jp/api/users/nooooo563
2026-07-19 14:52:42 | INFO     | Saving at a/skeb/nooooo563-149e8d.json
2026-07-19 14:52:42 | INFO     | OK https://skeb.jp/api/users/Notyorugata
2026-07-19 14:52:42 | INFO     | Saving at a/skeb/Notyorugata-aa8553.json
2026-07-19 14:52:42 | INFO     | OK https://skeb.jp/api/users/oooomuretu00
2026-07-19 14:52:42 | INFO     | Saving at a/skeb/oooomuretu00-9715a2.json
2026-07-19 14:52:43 | INFO     | OK https://skeb.jp/api/users/nichijou_deyo
2026-07-19 14:52:43 | INFO     | Saving at a/skeb/nichijou_deyo-dbac62.json
2026-07-19 14:52:43 | INFO     | OK https://skeb.jp/api/users/nonococom
2026-07-19 14:52:43 | INFO     | Saving at a/skeb/nonococom-4ca234.json
2026-07-19 14:52:44 | INFO     | OK https://skeb.jp/api/users/ranse237
2026-07-19 14:52:44 | INFO     | Saving at a/skeb/ranse237-372dc5.json
2026-07-19 14:52:44 | INFO     | OK https://skeb.jp/api/users/a_o_hi_to
2026-07-19 14:52:44 | INFO     | Saving at a/skeb/a_o_hi_to-f26167.json
2026-07-19 14:52:44 | INFO     | OK https://skeb.jp/api/users/hidek1illust
2026-07-19 14:52:44 | INFO     | Saving at a/skeb/hidek1illust-470f29.json
2026-07-19 14:52:45 | INFO     | OK https://skeb.jp/api/users/eck16614
2026-07-19 14:52:45 | INFO     | Saving at a/skeb/eck16614-3d4d78.json
2026-07-19 14:52:45 | INFO     | OK https://skeb.jp/api/users/okonomi_yaki66
2026-07-19 14:52:45 | INFO     | Saving at a/skeb/okonomi_yaki66-aa2b9b.json
2026-07-19 14:52:45 | INFO     | OK https://skeb.jp/api/users/8s4_q
2026-07-19 14:52:45 | INFO     | Saving at a/skeb/8s4_q-cbf458.json
2026-07-19 14:52:46 | INFO     | OK https://skeb.jp/api/users/oyasumunemui
2026-07-19 14:52:46 | INFO     | Saving at a/skeb/oyasumunemui-04a783.json
2026-07-19 14:52:46 | INFO     | OK https://skeb.jp/api/users/Redkingtaraba
2026-07-19 14:52:46 | INFO     | Saving at a/skeb/Redkingtaraba-4e3887.json
2026-07-19 14:52:46 | INFO     | OK https://skeb.jp/api/users/HORISHIN1986
2026-07-19 14:52:46 | INFO     | Saving at a/skeb/HORISHIN1986-6ab9e3.json
2026-07-19 14:52:47 | INFO     | OK https://skeb.jp/api/users/hayami_saga
2026-07-19 14:52:47 | INFO     | Saving at a/skeb/hayami_saga-036f89.json
2026-07-19 14:52:47 | INFO     | OK https://skeb.jp/api/users/Flansisca2411
2026-07-19 14:52:47 | INFO     | Saving at a/skeb/Flansisca2411-5a784b.json
2026-07-19 14:52:47 | INFO     | OK https://skeb.jp/api/users/G_ramu394
2026-07-19 14:52:47 | INFO     | Saving at a/skeb/G_ramu394-07cf75.json
2026-07-19 14:52:47 | INFO     | OK https://skeb.jp/api/users/fuwa_tama__
2026-07-19 14:52:47 | INFO     | Saving at a/skeb/fuwa_tama__-3c70f4.json
2026-07-19 14:52:48 | INFO     | OK https://skeb.jp/api/users/harunn2288
2026-07-19 14:52:48 | INFO     | Saving at a/skeb/harunn2288-35757a.json
2026-07-19 14:52:48 | INFO     | OK https://skeb.jp/api/users/hiko0zi
2026-07-19 14:52:48 | INFO     | Saving at a/skeb/hiko0zi-f00d19.json
2026-07-19 14:52:48 | INFO     | OK https://skeb.jp/api/users/black_se_sa_mi
2026-07-19 14:52:48 | INFO     | Saving at a/skeb/black_se_sa_mi-a597c3.json
2026-07-19 14:52:49 | INFO     | OK https://skeb.jp/api/users/poco0v0
2026-07-19 14:52:49 | INFO     | Saving at a/skeb/poco0v0-270188.json
2026-07-19 14:52:49 | INFO     | OK https://skeb.jp/api/users/okite_ne224
2026-07-19 14:52:49 | INFO     | Saving at a/skeb/okite_ne224-98a475.json
2026-07-19 14:52:49 | INFO     | OK https://skeb.jp/api/users/UnkoHundaze
2026-07-19 14:52:49 | INFO     | Saving at a/skeb/UnkoHundaze-a01c2d.json
2026-07-19 14:52:50 | INFO     | OK https://skeb.jp/api/users/_pajamas_party
2026-07-19 14:52:50 | INFO     | Saving at a/skeb/_pajamas_party-8b82c4.json
2026-07-19 14:52:50 | INFO     | OK https://skeb.jp/api/users/koito_beans
2026-07-19 14:52:50 | INFO     | Saving at a/skeb/koito_beans-2e10b8.json
2026-07-19 14:52:50 | INFO     | OK https://skeb.jp/api/users/seamoth4
2026-07-19 14:52:50 | INFO     | Saving at a/skeb/seamoth4-ef7bff.json
2026-07-19 14:52:51 | INFO     | OK https://skeb.jp/api/users/bigkumasan_ss
2026-07-19 14:52:51 | INFO     | Saving at a/skeb/bigkumasan_ss-c964ae.json
2026-07-19 14:52:51 | INFO     | OK https://skeb.jp/api/users/yuishiro0
2026-07-19 14:52:51 | INFO     | Saving at a/skeb/yuishiro0-4b06f6.json
2026-07-19 14:52:51 | WARNING  | 429 on https://skeb.jp/api/users/inabakurous (attempt 1/3, rate=1.5/s)
2026-07-19 14:52:51 | INFO     | Backing off 2.0s before retry.
2026-07-19 14:52:57 | WARNING  | 429 on https://skeb.jp/api/users/yuri25677 (attempt 1/3, rate=0.8/s)
2026-07-19 14:52:57 | INFO     | Backing off 2.1s before retry.
2026-07-19 14:52:57 | WARNING  | 429 on https://skeb.jp/api/users/RyuS66380790 (attempt 1/3, rate=0.4/s)
2026-07-19 14:52:57 | INFO     | Backing off 1.6s before retry.
2026-07-19 14:52:57 | WARNING  | 429 on https://skeb.jp/api/users/kosame_kkk (attempt 1/3, rate=0.3/s)
2026-07-19 14:52:57 | INFO     | Backing off 1.7s before retry.
2026-07-19 14:53:07 | WARNING  | 429 on https://skeb.jp/api/users/tahnyadesign (attempt 1/3, rate=0.3/s)
2026-07-19 14:53:07 | INFO     | Backing off 2.2s before retry.
2026-07-19 14:53:07 | WARNING  | 429 on https://skeb.jp/api/users/koma48670 (attempt 1/3, rate=0.3/s)
2026-07-19 14:53:07 | INFO     | Backing off 2.0s before retry.
2026-07-19 14:53:07 | WARNING  | 429 on https://skeb.jp/api/users/kuru2pantu (attempt 1/3, rate=0.3/s)
2026-07-19 14:53:07 | INFO     | Backing off 2.1s before retry.
2026-07-19 14:53:17 | WARNING  | 429 on https://skeb.jp/api/users/tm_mia11 (attempt 1/3, rate=0.3/s)
2026-07-19 14:53:17 | INFO     | Backing off 2.1s before retry.
2026-07-19 14:53:17 | WARNING  | 429 on https://skeb.jp/api/users/ra_men_mon (attempt 1/3, rate=0.3/s)
2026-07-19 14:53:17 | INFO     | Backing off 2.4s before retry.
2026-07-19 14:53:17 | WARNING  | 429 on https://skeb.jp/api/users/renren_omuraisu (attempt 1/3, rate=0.3/s)
2026-07-19 14:53:17 | INFO     | Backing off 1.7s before retry.
2026-07-19 14:53:27 | WARNING  | 429 on https://skeb.jp/api/users/inabakurous (attempt 2/3, rate=0.3/s)
2026-07-19 14:53:27 | INFO     | Backing off 4.7s before retry.
2026-07-19 14:53:27 | WARNING  | 429 on https://skeb.jp/api/users/RyuS66380790 (attempt 2/3, rate=0.3/s)
2026-07-19 14:53:27 | INFO     | Backing off 3.6s before retry.
2026-07-19 14:53:27 | WARNING  | 429 on https://skeb.jp/api/users/koma48670 (attempt 2/3, rate=0.3/s)
2026-07-19 14:53:27 | INFO     | Backing off 4.4s before retry.
2026-07-19 14:53:37 | WARNING  | 429 on https://skeb.jp/api/users/ra_men_mon (attempt 2/3, rate=0.3/s)
2026-07-19 14:53:37 | INFO     | Backing off 4.6s before retry.
2026-07-19 14:53:37 | WARNING  | 429 on https://skeb.jp/api/users/tahnyadesign (attempt 2/3, rate=0.3/s)
2026-07-19 14:53:37 | INFO     | Backing off 4.6s before retry.
2026-07-19 14:53:37 | WARNING  | 429 on https://skeb.jp/api/users/kosame_kkk (attempt 2/3, rate=0.3/s)
2026-07-19 14:53:37 | INFO     | Backing off 4.2s before retry.
2026-07-19 14:53:47 | WARNING  | 429 on https://skeb.jp/api/users/yuri25677 (attempt 2/3, rate=0.3/s)
2026-07-19 14:53:47 | INFO     | Backing off 4.1s before retry.
2026-07-19 14:53:47 | WARNING  | 429 on https://skeb.jp/api/users/renren_omuraisu (attempt 2/3, rate=0.3/s)
2026-07-19 14:53:47 | INFO     | Backing off 3.9s before retry.
2026-07-19 14:53:47 | WARNING  | 429 on https://skeb.jp/api/users/tm_mia11 (attempt 2/3, rate=0.3/s)
2026-07-19 14:53:47 | INFO     | Backing off 4.7s before retry.
2026-07-19 14:53:57 | WARNING  | 429 on https://skeb.jp/api/users/RyuS66380790 (attempt 3/3, rate=0.3/s)
2026-07-19 14:53:57 | WARNING  | 429 on https://skeb.jp/api/users/kuru2pantu (attempt 2/3, rate=0.3/s)
2026-07-19 14:53:57 | INFO     | Backing off 4.5s before retry.
2026-07-19 14:53:57 | WARNING  | 429 on https://skeb.jp/api/users/koma48670 (attempt 3/3, rate=0.3/s)
2026-07-19 14:54:07 | WARNING  | 429 on https://skeb.jp/api/users/tahnyadesign (attempt 3/3, rate=0.3/s)
2026-07-19 14:54:07 | WARNING  | 429 on https://skeb.jp/api/users/inabakurous (attempt 3/3, rate=0.3/s)
2026-07-19 14:54:07 | WARNING  | 429 on https://skeb.jp/api/users/kosame_kkk (attempt 3/3, rate=0.3/s)
2026-07-19 14:54:07 | INFO     | Ending pipeline prematurely
2026-07-19 14:54:07 | INFO     |  --- SUMMARY REPORT --- 
  Sources Retreived    : 3516
  Profiles Fetched     : 542
  Profile Missing      : 0
  Profile Rate Limited : 4
  Profile Error Others : 0

2026-07-19 14:54:07 | INFO     | Started creating static api data.
2026-07-19 14:56:08 | INFO     | Album index written to a/albums/index.json (377 albums)
