2026-08-01 08:57:01 | INFO     | Initialized Data Store.
2026-08-01 08:57:01 | INFO     | Homepage GET status=429 (attempt 1/3)
2026-08-01 08:57:01 | INFO     | Cookie extracted [request_key=...].
2026-08-01 08:57:01 | INFO     | SkebClient ready (impersonate=chrome120, rate=1.0/s, concurrency=10, max_runtime=10800s)
2026-08-01 08:57:02 | INFO     | Album source: loaded 157 entries from https://raw.githubusercontent.com/Elfiawesome/skeb-archiver/refs/heads/main/bookmark/bookmarks.md (album=bookmarks)
2026-08-01 08:57:02 | INFO     | Ready to scrape 157 items
2026-08-01 08:57:02 | INFO     | OK https://skeb.jp/api/users/ucs_9
2026-08-01 08:57:03 | INFO     | OK https://skeb.jp/api/users/maaaaaaa_am
2026-08-01 08:57:04 | INFO     | OK https://skeb.jp/api/users/ka07se
2026-08-01 08:57:05 | INFO     | OK https://skeb.jp/api/users/dog_iinioi
2026-08-01 08:57:06 | INFO     | OK https://skeb.jp/api/users/6cIQczpJdB
2026-08-01 08:57:07 | INFO     | OK https://skeb.jp/api/users/mari_youko
2026-08-01 08:57:08 | INFO     | OK https://skeb.jp/api/users/tasuku_illust_
2026-08-01 08:57:09 | INFO     | OK https://skeb.jp/api/users/tasogaresyunya
2026-08-01 08:57:10 | INFO     | OK https://skeb.jp/api/users/azuma_sanotsuki
2026-08-01 08:57:11 | INFO     | OK https://skeb.jp/api/users/pgkmagm
2026-08-01 08:57:12 | INFO     | OK https://skeb.jp/api/users/_mitoku
2026-08-01 08:57:13 | INFO     | OK https://skeb.jp/api/users/0IM08Ed6ex99530
2026-08-01 08:57:14 | INFO     | OK https://skeb.jp/api/users/knosi_114514
2026-08-01 08:57:15 | INFO     | OK https://skeb.jp/api/users/asa_pple
2026-08-01 08:57:16 | INFO     | OK https://skeb.jp/api/users/inukoro15
2026-08-01 08:57:17 | INFO     | OK https://skeb.jp/api/users/sensuikanpupu
2026-08-01 08:57:18 | INFO     | OK https://skeb.jp/api/users/kassyokuuuuu
2026-08-01 08:57:19 | INFO     | OK https://skeb.jp/api/users/moyashi_trpg
2026-08-01 08:57:20 | INFO     | OK https://skeb.jp/api/users/nama_zu7
2026-08-01 08:57:21 | INFO     | OK https://skeb.jp/api/users/rabon_260
2026-08-01 08:57:22 | INFO     | OK https://skeb.jp/api/users/Nanai7
2026-08-01 08:57:23 | INFO     | OK https://skeb.jp/api/users/nayakakka
2026-08-01 08:57:24 | INFO     | OK https://skeb.jp/api/users/yomo0712
2026-08-01 08:57:25 | INFO     | OK https://skeb.jp/api/users/mitumitumi_yama
2026-08-01 08:57:26 | INFO     | OK https://skeb.jp/api/users/taru2_CoC
2026-08-01 08:57:27 | INFO     | OK https://skeb.jp/api/users/ShiragikuGayu
2026-08-01 08:57:28 | INFO     | OK https://skeb.jp/api/users/us72d
2026-08-01 08:57:29 | INFO     | OK https://skeb.jp/api/users/razzo_2
2026-08-01 08:57:30 | INFO     | OK https://skeb.jp/api/users/408_zzz
2026-08-01 08:57:31 | INFO     | OK https://skeb.jp/api/users/ktyu_atiu
2026-08-01 08:57:32 | INFO     | OK https://skeb.jp/api/users/nesharo_na
2026-08-01 08:57:33 | INFO     | OK https://skeb.jp/api/users/mmmn_jusan
2026-08-01 08:57:34 | INFO     | OK https://skeb.jp/api/users/moriya_m
2026-08-01 08:57:35 | INFO     | OK https://skeb.jp/api/users/sun_sad_sun
2026-08-01 08:57:36 | INFO     | OK https://skeb.jp/api/users/ONIGIRI_jm02
2026-08-01 08:57:37 | INFO     | OK https://skeb.jp/api/users/500_500px
2026-08-01 08:57:38 | INFO     | OK https://skeb.jp/api/users/Tako8gi
2026-08-01 08:57:39 | INFO     | OK https://skeb.jp/api/users/kido_402G
2026-08-01 08:57:40 | INFO     | OK https://skeb.jp/api/users/osada_neteru
2026-08-01 08:57:41 | INFO     | OK https://skeb.jp/api/users/sgr2894
2026-08-01 08:57:42 | INFO     | OK https://skeb.jp/api/users/yurahoko
2026-08-01 08:57:43 | INFO     | OK https://skeb.jp/api/users/qyQVKPD46777514
2026-08-01 08:57:44 | INFO     | OK https://skeb.jp/api/users/tanakazya_nai
2026-08-01 08:57:45 | INFO     | OK https://skeb.jp/api/users/oroka76
2026-08-01 08:57:46 | INFO     | OK https://skeb.jp/api/users/pappapao1
2026-08-01 08:57:47 | INFO     | OK https://skeb.jp/api/users/itsuha70
2026-08-01 08:57:48 | INFO     | OK https://skeb.jp/api/users/waka2047418
2026-08-01 08:57:49 | INFO     | OK https://skeb.jp/api/users/2ni_0601
2026-08-01 08:57:50 | INFO     | OK https://skeb.jp/api/users/konnya9999
2026-08-01 08:57:51 | INFO     | OK https://skeb.jp/api/users/sakigakeran
2026-08-01 08:57:52 | INFO     | OK https://skeb.jp/api/users/mamekawa_kikaku
2026-08-01 08:57:53 | INFO     | OK https://skeb.jp/api/users/tAIVUD7H57
2026-08-01 08:57:54 | INFO     | OK https://skeb.jp/api/users/12hktaz
2026-08-01 08:57:55 | INFO     | OK https://skeb.jp/api/users/simpa_i_NNN
2026-08-01 08:57:56 | INFO     | OK https://skeb.jp/api/users/net_stoker3
2026-08-01 08:57:57 | INFO     | OK https://skeb.jp/api/users/Momongalyu1
2026-08-01 08:57:58 | INFO     | OK https://skeb.jp/api/users/litmus_kotonoha
2026-08-01 08:57:59 | INFO     | OK https://skeb.jp/api/users/K_sera92art
2026-08-01 08:58:00 | INFO     | OK https://skeb.jp/api/users/nogiTRPG
2026-08-01 08:58:01 | INFO     | OK https://skeb.jp/api/users/hanako0055
2026-08-01 08:58:02 | INFO     | OK https://skeb.jp/api/users/kurat_96
2026-08-01 08:58:03 | INFO     | OK https://skeb.jp/api/users/yua__vv
2026-08-01 08:58:04 | INFO     | OK https://skeb.jp/api/users/5_ice_
2026-08-01 08:58:05 | INFO     | OK https://skeb.jp/api/users/gnome0310
2026-08-01 08:58:07 | INFO     | OK https://skeb.jp/api/users/meneneneneneneh
2026-08-01 08:58:07 | INFO     | OK https://skeb.jp/api/users/ONE68_0503
2026-08-01 08:58:08 | INFO     | OK https://skeb.jp/api/users/_meguri_meguru_
2026-08-01 08:58:09 | INFO     | OK https://skeb.jp/api/users/L_eeid
2026-08-01 08:58:10 | INFO     | OK https://skeb.jp/api/users/Nk_2277
2026-08-01 08:58:11 | INFO     | OK https://skeb.jp/api/users/momoiruriu37a
2026-08-01 08:58:12 | INFO     | OK https://skeb.jp/api/users/Masakkiij
2026-08-01 08:58:13 | INFO     | OK https://skeb.jp/api/users/mizinko_kai
2026-08-01 08:58:14 | INFO     | OK https://skeb.jp/api/users/ShirasuKuretaka
2026-08-01 08:58:15 | WARNING  | 404 on https://skeb.jp/api/users/wapeu__sanwa (attempt 1/3)
2026-08-01 08:58:16 | INFO     | OK https://skeb.jp/api/users/bota_gi
2026-08-01 08:58:17 | INFO     | OK https://skeb.jp/api/users/MZHR_ao
2026-08-01 08:58:18 | INFO     | OK https://skeb.jp/api/users/myorufu49422
2026-08-01 08:58:19 | INFO     | OK https://skeb.jp/api/users/rs26hk
2026-08-01 08:58:20 | INFO     | OK https://skeb.jp/api/users/R28Sm47
2026-08-01 08:58:21 | INFO     | OK https://skeb.jp/api/users/Cheshire_neko
2026-08-01 08:58:22 | INFO     | OK https://skeb.jp/api/users/tora31957618
2026-08-01 08:58:23 | WARNING  | 404 on https://skeb.jp/api/users/wapeu__sanwa (attempt 2/3)
2026-08-01 08:58:24 | INFO     | OK https://skeb.jp/api/users/hjarta_aim
2026-08-01 08:58:25 | INFO     | OK https://skeb.jp/api/users/siratori_kbu
2026-08-01 08:58:26 | INFO     | OK https://skeb.jp/api/users/Na_iu12
2026-08-01 08:58:27 | INFO     | OK https://skeb.jp/api/users/TRPGaoiro
2026-08-01 08:58:28 | INFO     | OK https://skeb.jp/api/users/sushiumasugiwww
2026-08-01 08:58:30 | INFO     | OK https://skeb.jp/api/users/oishiimizu_378
2026-08-01 08:58:31 | INFO     | OK https://skeb.jp/api/users/hakonotakuya
2026-08-01 08:58:31 | WARNING  | 404 on https://skeb.jp/api/users/wapeu__sanwa (attempt 3/3)
2026-08-01 08:58:33 | INFO     | OK https://skeb.jp/api/users/mitei221
2026-08-01 08:58:34 | INFO     | OK https://skeb.jp/api/users/OC_Kawaigari
2026-08-01 08:58:35 | INFO     | OK https://skeb.jp/api/users/sorabinn_coc
2026-08-01 08:58:35 | INFO     | OK https://skeb.jp/api/users/subcul_enjoy
2026-08-01 08:58:36 | INFO     | OK https://skeb.jp/api/users/Ozashi193
2026-08-01 08:58:37 | INFO     | OK https://skeb.jp/api/users/ryunmerudo2
2026-08-01 08:58:38 | INFO     | OK https://skeb.jp/api/users/jahopotto
2026-08-01 08:58:39 | INFO     | OK https://skeb.jp/api/users/N0__kiddiNG
2026-08-01 08:58:40 | INFO     | OK https://skeb.jp/api/users/bbmr_hnkn
2026-08-01 08:58:41 | INFO     | OK https://skeb.jp/api/users/mehishiba_
2026-08-01 08:58:42 | INFO     | OK https://skeb.jp/api/users/trava_sumi
2026-08-01 08:58:43 | INFO     | OK https://skeb.jp/api/users/zvCona0517
2026-08-01 08:58:44 | INFO     | OK https://skeb.jp/api/users/nayucoc
2026-08-01 08:58:45 | INFO     | OK https://skeb.jp/api/users/fyten318ra
2026-08-01 08:58:46 | WARNING  | 404 on https://skeb.jp/api/users/246pigeon (attempt 1/3)
2026-08-01 08:58:48 | INFO     | OK https://skeb.jp/api/users/superTRPGgod
2026-08-01 08:58:48 | INFO     | OK https://skeb.jp/api/users/satanykimori2
2026-08-01 08:58:49 | INFO     | OK https://skeb.jp/api/users/Ak___lum
2026-08-01 08:58:50 | WARNING  | 404 on https://skeb.jp/api/users/246pigeon (attempt 2/3)
2026-08-01 08:58:51 | INFO     | OK https://skeb.jp/api/users/tt_czm
2026-08-01 08:58:52 | INFO     | OK https://skeb.jp/api/users/moyucotto
2026-08-01 08:58:53 | INFO     | OK https://skeb.jp/api/users/Karix2umedesu
2026-08-01 08:58:54 | INFO     | OK https://skeb.jp/api/users/_abeabea_
2026-08-01 08:58:55 | INFO     | OK https://skeb.jp/api/users/umennuro
2026-08-01 08:58:56 | INFO     | OK https://skeb.jp/api/users/u____eu_
2026-08-01 08:58:57 | INFO     | OK https://skeb.jp/api/users/meimu_MMM
2026-08-01 08:58:58 | WARNING  | 404 on https://skeb.jp/api/users/246pigeon (attempt 3/3)
2026-08-01 08:58:59 | INFO     | OK https://skeb.jp/api/users/Hang12000
2026-08-01 08:59:00 | INFO     | OK https://skeb.jp/api/users/jajaja_skeb
2026-08-01 08:59:01 | INFO     | OK https://skeb.jp/api/users/RekanTen10
2026-08-01 08:59:02 | INFO     | OK https://skeb.jp/api/users/mineral_666
2026-08-01 08:59:03 | INFO     | OK https://skeb.jp/api/users/Kakasi1004
2026-08-01 08:59:04 | INFO     | OK https://skeb.jp/api/users/n_nanasi_
2026-08-01 08:59:05 | INFO     | OK https://skeb.jp/api/users/Kanata_Iku
2026-08-01 08:59:06 | INFO     | OK https://skeb.jp/api/users/IV111111
2026-08-01 08:59:07 | INFO     | OK https://skeb.jp/api/users/fukaboshi50
2026-08-01 08:59:08 | INFO     | OK https://skeb.jp/api/users/shiFenn1210
2026-08-01 08:59:09 | INFO     | OK https://skeb.jp/api/users/0525_cosmo
2026-08-01 08:59:10 | INFO     | OK https://skeb.jp/api/users/inonaka_chan
2026-08-01 08:59:11 | INFO     | OK https://skeb.jp/api/users/kenomasu_9991
2026-08-01 08:59:12 | INFO     | OK https://skeb.jp/api/users/chi8kogaki
2026-08-01 08:59:13 | INFO     | OK https://skeb.jp/api/users/shiratori_NK
2026-08-01 08:59:14 | INFO     | OK https://skeb.jp/api/users/Eiswand___
2026-08-01 08:59:15 | INFO     | OK https://skeb.jp/api/users/jin_iorin
2026-08-01 08:59:16 | INFO     | OK https://skeb.jp/api/users/AKSTNacchi
2026-08-01 08:59:17 | INFO     | OK https://skeb.jp/api/users/mangazuki97
2026-08-01 08:59:18 | INFO     | OK https://skeb.jp/api/users/Nei_skeb
2026-08-01 08:59:19 | INFO     | OK https://skeb.jp/api/users/yorupui
2026-08-01 08:59:20 | INFO     | OK https://skeb.jp/api/users/chani_531
2026-08-01 08:59:21 | INFO     | OK https://skeb.jp/api/users/Kuroumea_108
2026-08-01 08:59:22 | INFO     | OK https://skeb.jp/api/users/LQ_liberty
2026-08-01 08:59:23 | INFO     | OK https://skeb.jp/api/users/rensyu_cho_
2026-08-01 08:59:24 | INFO     | OK https://skeb.jp/api/users/Myo_005
2026-08-01 08:59:25 | INFO     | OK https://skeb.jp/api/users/eriko_kajiyama
2026-08-01 08:59:26 | INFO     | OK https://skeb.jp/api/users/ytarohhhh
2026-08-01 08:59:27 | INFO     | OK https://skeb.jp/api/users/Nachi6623
2026-08-01 08:59:28 | INFO     | OK https://skeb.jp/api/users/HZcnj
2026-08-01 08:59:29 | INFO     | OK https://skeb.jp/api/users/asamiya_0913
2026-08-01 08:59:30 | INFO     | OK https://skeb.jp/api/users/tafu1219
2026-08-01 08:59:31 | INFO     | OK https://skeb.jp/api/users/denjidaisuki_
2026-08-01 08:59:32 | INFO     | OK https://skeb.jp/api/users/HAILOVE1528
2026-08-01 08:59:33 | INFO     | OK https://skeb.jp/api/users/burisyabu1234
2026-08-01 08:59:34 | INFO     | OK https://skeb.jp/api/users/NUMU_1107_1
2026-08-01 08:59:35 | WARNING  | 404 on https://skeb.jp/api/users/sbxu_0076 (attempt 1/3)
2026-08-01 08:59:36 | INFO     | OK https://skeb.jp/api/users/iusn_dethyo
2026-08-01 08:59:37 | INFO     | OK https://skeb.jp/api/users/hechiretuJ
2026-08-01 08:59:38 | INFO     | OK https://skeb.jp/api/users/abcdyubo
2026-08-01 08:59:39 | INFO     | OK https://skeb.jp/api/users/kyookasyo_28_
2026-08-01 08:59:40 | WARNING  | 404 on https://skeb.jp/api/users/sbxu_0076 (attempt 2/3)
2026-08-01 08:59:41 | INFO     | OK https://skeb.jp/api/users/GOmash_kun
2026-08-01 08:59:42 | INFO     | OK https://skeb.jp/api/users/tayoshi_miyako
2026-08-01 08:59:43 | INFO     | OK https://skeb.jp/api/users/homare_appare
2026-08-01 08:59:45 | WARNING  | 404 on https://skeb.jp/api/users/sbxu_0076 (attempt 3/3)
