2026-09-04 00:38:10 | INFO     | Initialized Data Store.
2026-09-04 00:38:10 | INFO     | Homepage GET status=200 (attempt 1/3)
2026-09-04 00:38:10 | WARNING  | request_key not found in homepage HTML (status=200).
2026-09-04 00:38:10 | INFO     | SkebClient ready (impersonate=chrome120, rate=1.0/s, concurrency=10, max_runtime=10800s)
2026-09-04 00:39:56 | INFO     | Ready to scrape 129 items
2026-09-04 00:39:57 | INFO     | OK https://skeb.jp/api/users/saike_25
2026-09-04 00:39:57 | INFO     | Saving at a/skeb/saike_25-8faf01.json
2026-09-04 00:39:58 | INFO     | OK https://skeb.jp/api/users/nopelnix_VTuber
2026-09-04 00:39:58 | INFO     | Saving at a/skeb/nopelnix_VTuber-947eeb.json
2026-09-04 00:39:59 | INFO     | OK https://skeb.jp/api/users/qsy3gKonwSr62YA
2026-09-04 00:39:59 | INFO     | Saving at a/skeb/qsy3gKonwSr62YA-015cf8.json
2026-09-04 00:40:00 | INFO     | OK https://skeb.jp/api/users/k1234567890y
2026-09-04 00:40:00 | INFO     | Saving at a/skeb/k1234567890y-159899.json
2026-09-04 00:40:01 | INFO     | OK https://skeb.jp/api/users/iz_2iz
2026-09-04 00:40:01 | INFO     | Saving at a/skeb/iz_2iz-c7edd2.json
2026-09-04 00:40:01 | WARNING  | 404 on https://skeb.jp/api/users/lkjeudnduy44 (attempt 1/3)
2026-09-04 00:40:02 | INFO     | OK https://skeb.jp/api/users/oiC_cola_shuwa
2026-09-04 00:40:02 | INFO     | Saving at a/skeb/oiC_cola_shuwa-0d7f44.json
2026-09-04 00:40:03 | INFO     | OK https://skeb.jp/api/users/mizuki3DCG
2026-09-04 00:40:03 | INFO     | Saving at a/skeb/mizuki3DCG-cf1531.json
2026-09-04 00:40:04 | WARNING  | 404 on https://skeb.jp/api/users/lkjeudnduy44 (attempt 2/3)
2026-09-04 00:40:05 | INFO     | OK https://skeb.jp/api/users/yuha_free
2026-09-04 00:40:05 | INFO     | Saving at a/skeb/yuha_free-ef9bbd.json
2026-09-04 00:40:06 | WARNING  | 404 on https://skeb.jp/api/users/se3ifinal (attempt 1/3)
2026-09-04 00:40:07 | INFO     | OK https://skeb.jp/api/users/anjamusan
2026-09-04 00:40:07 | INFO     | Saving at a/skeb/anjamusan-18997c.json
2026-09-04 00:40:09 | INFO     | OK https://skeb.jp/api/users/agura_dou
2026-09-04 00:40:09 | INFO     | Saving at a/skeb/agura_dou-bcb1a0.json
2026-09-04 00:40:10 | WARNING  | 404 on https://skeb.jp/api/users/lkjeudnduy44 (attempt 3/3)
2026-09-04 00:40:10 | WARNING  | 404 on https://skeb.jp/api/users/kagoyama_sns (attempt 1/3)
2026-09-04 00:40:12 | INFO     | OK https://skeb.jp/api/users/cq7omrv
2026-09-04 00:40:12 | INFO     | Saving at a/skeb/cq7omrv-d3c7bd.json
2026-09-04 00:40:13 | INFO     | OK https://skeb.jp/api/users/DRsei15
2026-09-04 00:40:13 | INFO     | Saving at a/skeb/DRsei15-7aafaa.json
2026-09-04 00:40:14 | INFO     | OK https://skeb.jp/api/users/puaka_
2026-09-04 00:40:14 | INFO     | Saving at a/skeb/puaka_-2fed29.json
2026-09-04 00:40:14 | WARNING  | 404 on https://skeb.jp/api/users/se3ifinal (attempt 2/3)
2026-09-04 00:40:16 | INFO     | OK https://skeb.jp/api/users/omnifactory
2026-09-04 00:40:16 | INFO     | Saving at a/skeb/omnifactory-7010df.json
2026-09-04 00:40:17 | INFO     | OK https://skeb.jp/api/users/Igarashi_Shuji
2026-09-04 00:40:17 | INFO     | Saving at a/skeb/Igarashi_Shuji-5c5e4b.json
2026-09-04 00:40:18 | INFO     | OK https://skeb.jp/api/users/seresu_ASH
2026-09-04 00:40:18 | INFO     | Saving at a/skeb/seresu_ASH-5e4557.json
2026-09-04 00:40:19 | WARNING  | 404 on https://skeb.jp/api/users/kagoyama_sns (attempt 2/3)
2026-09-04 00:40:19 | WARNING  | 404 on https://skeb.jp/api/users/se3ifinal (attempt 3/3)
2026-09-04 00:40:21 | INFO     | OK https://skeb.jp/api/users/arunan0603
2026-09-04 00:40:21 | INFO     | Saving at a/skeb/arunan0603-b0bbd5.json
2026-09-04 00:40:22 | INFO     | OK https://skeb.jp/api/users/ProVlemSolver57
2026-09-04 00:40:22 | INFO     | Saving at a/skeb/ProVlemSolver57-97496b.json
2026-09-04 00:40:23 | INFO     | OK https://skeb.jp/api/users/comicomi0211
2026-09-04 00:40:23 | INFO     | Saving at a/skeb/comicomi0211-dbfdd6.json
2026-09-04 00:40:23 | INFO     | OK https://skeb.jp/api/users/pero_peloline
2026-09-04 00:40:23 | INFO     | Saving at a/skeb/pero_peloline-431cd1.json
2026-09-04 00:40:25 | INFO     | OK https://skeb.jp/api/users/8zuke
2026-09-04 00:40:25 | INFO     | Saving at a/skeb/8zuke-081857.json
2026-09-04 00:40:26 | WARNING  | 404 on https://skeb.jp/api/users/923kaku (attempt 1/3)
2026-09-04 00:40:26 | WARNING  | 404 on https://skeb.jp/api/users/toxizaki (attempt 1/3)
2026-09-04 00:40:28 | WARNING  | 404 on https://skeb.jp/api/users/kagoyama_sns (attempt 3/3)
2026-09-04 00:40:28 | WARNING  | 404 on https://skeb.jp/api/users/923kaku (attempt 2/3)
2026-09-04 00:40:29 | WARNING  | 404 on https://skeb.jp/api/users/toxizaki (attempt 2/3)
2026-09-04 00:40:31 | INFO     | OK https://skeb.jp/api/users/usf_xs
2026-09-04 00:40:31 | INFO     | Saving at a/skeb/usf_xs-468cae.json
2026-09-04 00:40:32 | INFO     | OK https://skeb.jp/api/users/Hakka357
2026-09-04 00:40:32 | INFO     | Saving at a/skeb/Hakka357-98f9a8.json
2026-09-04 00:40:32 | WARNING  | 404 on https://skeb.jp/api/users/T4k73gqSZ26h5si (attempt 1/3)
2026-09-04 00:40:34 | INFO     | OK https://skeb.jp/api/users/kokonoka0128
2026-09-04 00:40:34 | INFO     | Saving at a/skeb/kokonoka0128-583101.json
2026-09-04 00:40:35 | WARNING  | 404 on https://skeb.jp/api/users/923kaku (attempt 3/3)
2026-09-04 00:40:35 | WARNING  | 404 on https://skeb.jp/api/users/T4k73gqSZ26h5si (attempt 2/3)
2026-09-04 00:40:36 | WARNING  | 404 on https://skeb.jp/api/users/77_t2w (attempt 1/3)
2026-09-04 00:40:37 | WARNING  | 404 on https://skeb.jp/api/users/mimei_Illust (attempt 1/3)
2026-09-04 00:40:38 | WARNING  | 404 on https://skeb.jp/api/users/_meruruto_ (attempt 1/3)
2026-09-04 00:40:40 | INFO     | OK https://skeb.jp/api/users/yamori_iemori
2026-09-04 00:40:40 | INFO     | Saving at a/skeb/yamori_iemori-212c85.json
2026-09-04 00:40:41 | WARNING  | 404 on https://skeb.jp/api/users/toxizaki (attempt 3/3)
2026-09-04 00:40:42 | INFO     | OK https://skeb.jp/api/users/Sayak_Cacao11
2026-09-04 00:40:42 | INFO     | Saving at a/skeb/Sayak_Cacao11-ea9bb1.json
2026-09-04 00:40:43 | INFO     | OK https://skeb.jp/api/users/tochiryo
2026-09-04 00:40:43 | INFO     | Saving at a/skeb/tochiryo-d908b8.json
2026-09-04 00:40:43 | WARNING  | 404 on https://skeb.jp/api/users/NOm0y0i (attempt 1/3)
2026-09-04 00:40:44 | INFO     | OK https://skeb.jp/api/users/tomotomanga
2026-09-04 00:40:44 | INFO     | Saving at a/skeb/tomotomanga-cc0d50.json
2026-09-04 00:40:46 | WARNING  | 404 on https://skeb.jp/api/users/T4k73gqSZ26h5si (attempt 3/3)
2026-09-04 00:40:46 | WARNING  | 404 on https://skeb.jp/api/users/EDO__nyan (attempt 1/3)
2026-09-04 00:40:48 | WARNING  | 404 on https://skeb.jp/api/users/mimei_Illust (attempt 2/3)
2026-09-04 00:40:49 | INFO     | OK https://skeb.jp/api/users/reasan_oishiiyo
2026-09-04 00:40:49 | INFO     | Saving at a/skeb/reasan_oishiiyo-3df561.json
2026-09-04 00:40:49 | WARNING  | 404 on https://skeb.jp/api/users/Ryuzi_27 (attempt 1/3)
2026-09-04 00:40:51 | INFO     | OK https://skeb.jp/api/users/xxtogaxx
2026-09-04 00:40:51 | INFO     | Saving at a/skeb/xxtogaxx-7f54c7.json
2026-09-04 00:40:51 | WARNING  | 404 on https://skeb.jp/api/users/EDO__nyan (attempt 2/3)
2026-09-04 00:40:53 | WARNING  | 404 on https://skeb.jp/api/users/3hankikan0220 (attempt 1/3)
2026-09-04 00:40:54 | INFO     | OK https://skeb.jp/api/users/ck7gy
2026-09-04 00:40:54 | INFO     | Saving at a/skeb/ck7gy-2bca46.json
2026-09-04 00:40:54 | WARNING  | 404 on https://skeb.jp/api/users/Ryuzi_27 (attempt 2/3)
2026-09-04 00:40:56 | WARNING  | 404 on https://skeb.jp/api/users/NOm0y0i (attempt 2/3)
2026-09-04 00:40:57 | WARNING  | 404 on https://skeb.jp/api/users/77_t2w (attempt 2/3)
2026-09-04 00:40:58 | INFO     | OK https://skeb.jp/api/users/MakuRo_8010
2026-09-04 00:40:58 | INFO     | Saving at a/skeb/MakuRo_8010-207673.json
2026-09-04 00:40:59 | WARNING  | 404 on https://skeb.jp/api/users/Axnya (attempt 1/3)
2026-09-04 00:41:00 | INFO     | OK https://skeb.jp/api/users/ya_276n
2026-09-04 00:41:00 | INFO     | Saving at a/skeb/ya_276n-928346.json
2026-09-04 00:41:01 | WARNING  | 404 on https://skeb.jp/api/users/Ryuzi_27 (attempt 3/3)
2026-09-04 00:41:01 | WARNING  | 404 on https://skeb.jp/api/users/77_t2w (attempt 3/3)
2026-09-04 00:41:03 | INFO     | OK https://skeb.jp/api/users/rakugaki_oji
2026-09-04 00:41:03 | INFO     | Saving at a/skeb/rakugaki_oji-8942e0.json
2026-09-04 00:41:04 | WARNING  | 404 on https://skeb.jp/api/users/mimei_Illust (attempt 3/3)
2026-09-04 00:41:05 | WARNING  | 404 on https://skeb.jp/api/users/EDO__nyan (attempt 3/3)
2026-09-04 00:41:06 | WARNING  | 404 on https://skeb.jp/api/users/_meruruto_ (attempt 2/3)
2026-09-04 00:41:07 | WARNING  | 404 on https://skeb.jp/api/users/Geshi_to_ (attempt 1/3)
2026-09-04 00:41:08 | INFO     | OK https://skeb.jp/api/users/matsuri_nuu
2026-09-04 00:41:08 | INFO     | Saving at a/skeb/matsuri_nuu-2ccfd1.json
2026-09-04 00:41:09 | WARNING  | 404 on https://skeb.jp/api/users/kiNero30901 (attempt 1/3)
2026-09-04 00:41:10 | WARNING  | 404 on https://skeb.jp/api/users/Axnya (attempt 2/3)
2026-09-04 00:41:11 | WARNING  | 404 on https://skeb.jp/api/users/NOm0y0i (attempt 3/3)
2026-09-04 00:41:12 | INFO     | OK https://skeb.jp/api/users/tacoschan9911
2026-09-04 00:41:12 | INFO     | Saving at a/skeb/tacoschan9911-36e0ef.json
2026-09-04 00:41:13 | INFO     | OK https://skeb.jp/api/users/umichicken
2026-09-04 00:41:13 | INFO     | Saving at a/skeb/umichicken-129868.json
2026-09-04 00:41:14 | WARNING  | 404 on https://skeb.jp/api/users/fm7hxj (attempt 1/3)
2026-09-04 00:41:15 | WARNING  | 404 on https://skeb.jp/api/users/3hankikan0220 (attempt 2/3)
2026-09-04 00:41:16 | INFO     | OK https://skeb.jp/api/users/hotmilk01
2026-09-04 00:41:16 | INFO     | Saving at a/skeb/hotmilk01-57e1db.json
2026-09-04 00:41:17 | WARNING  | 404 on https://skeb.jp/api/users/Axnya (attempt 3/3)
2026-09-04 00:41:18 | WARNING  | 404 on https://skeb.jp/api/users/mimamorichan (attempt 1/3)
2026-09-04 00:41:19 | INFO     | OK https://skeb.jp/api/users/kanzaki_yukiha1
2026-09-04 00:41:19 | INFO     | Saving at a/skeb/kanzaki_yukiha1-0c2355.json
2026-09-04 00:41:20 | INFO     | OK https://skeb.jp/api/users/IchoKaede
2026-09-04 00:41:20 | INFO     | Saving at a/skeb/IchoKaede-5e2df7.json
2026-09-04 00:41:21 | WARNING  | 404 on https://skeb.jp/api/users/3hankikan0220 (attempt 3/3)
2026-09-04 00:41:22 | WARNING  | 404 on https://skeb.jp/api/users/fm7hxj (attempt 2/3)
2026-09-04 00:41:23 | WARNING  | 404 on https://skeb.jp/api/users/Geshi_to_ (attempt 2/3)
2026-09-04 00:41:24 | WARNING  | 404 on https://skeb.jp/api/users/mimamorichan (attempt 2/3)
2026-09-04 00:41:25 | WARNING  | 404 on https://skeb.jp/api/users/kiNero30901 (attempt 2/3)
2026-09-04 00:41:26 | WARNING  | 404 on https://skeb.jp/api/users/_meruruto_ (attempt 3/3)
2026-09-04 00:41:27 | INFO     | OK https://skeb.jp/api/users/mot1t0
2026-09-04 00:41:27 | INFO     | Saving at a/skeb/mot1t0-b6d6e2.json
2026-09-04 00:41:28 | INFO     | OK https://skeb.jp/api/users/its__kgm
2026-09-04 00:41:28 | INFO     | Saving at a/skeb/its__kgm-7394fa.json
2026-09-04 00:41:29 | INFO     | OK https://skeb.jp/api/users/otohara_neon
2026-09-04 00:41:29 | INFO     | Saving at a/skeb/otohara_neon-fb5311.json
2026-09-04 00:41:30 | INFO     | OK https://skeb.jp/api/users/yuzuki4no
2026-09-04 00:41:30 | INFO     | Saving at a/skeb/yuzuki4no-107719.json
2026-09-04 00:41:31 | INFO     | OK https://skeb.jp/api/users/shku39259799
2026-09-04 00:41:31 | INFO     | Saving at a/skeb/shku39259799-52fe74.json
2026-09-04 00:41:32 | WARNING  | 404 on https://skeb.jp/api/users/Geshi_to_ (attempt 3/3)
2026-09-04 00:41:33 | WARNING  | 404 on https://skeb.jp/api/users/29Kota2 (attempt 1/3)
2026-09-04 00:41:34 | INFO     | OK https://skeb.jp/api/users/warabi_ymmt
2026-09-04 00:41:34 | INFO     | Saving at a/skeb/warabi_ymmt-3df099.json
2026-09-04 00:41:35 | WARNING  | 404 on https://skeb.jp/api/users/fm7hxj (attempt 3/3)
2026-09-04 00:41:36 | WARNING  | 404 on https://skeb.jp/api/users/aki_ra3_ (attempt 1/3)
2026-09-04 00:41:36 | WARNING  | 404 on https://skeb.jp/api/users/29Kota2 (attempt 2/3)
2026-09-04 00:41:38 | INFO     | OK https://skeb.jp/api/users/agate_mellow_9
2026-09-04 00:41:38 | INFO     | Saving at a/skeb/agate_mellow_9-b99fa7.json
2026-09-04 00:41:39 | INFO     | OK https://skeb.jp/api/users/zl5xu
2026-09-04 00:41:39 | INFO     | Saving at a/skeb/zl5xu-736178.json
2026-09-04 00:41:39 | WARNING  | 404 on https://skeb.jp/api/users/aki_ra3_ (attempt 2/3)
2026-09-04 00:41:41 | INFO     | OK https://skeb.jp/api/users/genkainoskb
2026-09-04 00:41:41 | INFO     | Saving at a/skeb/genkainoskb-c09f9c.json
2026-09-04 00:41:42 | WARNING  | 404 on https://skeb.jp/api/users/nattamati_ (attempt 1/3)
2026-09-04 00:41:43 | WARNING  | 404 on https://skeb.jp/api/users/ronn_irai (attempt 1/3)
2026-09-04 00:41:44 | WARNING  | 404 on https://skeb.jp/api/users/kiNero30901 (attempt 3/3)
2026-09-04 00:41:45 | INFO     | OK https://skeb.jp/api/users/pamera0225
2026-09-04 00:41:45 | INFO     | Saving at a/skeb/pamera0225-8bcd3d.json
2026-09-04 00:41:46 | WARNING  | 404 on https://skeb.jp/api/users/aki_ra3_ (attempt 3/3)
2026-09-04 00:41:47 | WARNING  | 404 on https://skeb.jp/api/users/mimamorichan (attempt 3/3)
2026-09-04 00:41:48 | INFO     | OK https://skeb.jp/api/users/Ki1_gg
2026-09-04 00:41:48 | INFO     | Saving at a/skeb/Ki1_gg-0e27ae.json
2026-09-04 00:41:49 | INFO     | OK https://skeb.jp/api/users/super_neko_t
2026-09-04 00:41:49 | INFO     | Saving at a/skeb/super_neko_t-53c4da.json
2026-09-04 00:41:50 | WARNING  | 404 on https://skeb.jp/api/users/29Kota2 (attempt 3/3)
2026-09-04 00:41:51 | INFO     | OK https://skeb.jp/api/users/mwm385
2026-09-04 00:41:51 | INFO     | Saving at a/skeb/mwm385-d2b1af.json
2026-09-04 00:41:52 | WARNING  | 404 on https://skeb.jp/api/users/scy2222 (attempt 1/3)
2026-09-04 00:41:53 | WARNING  | 404 on https://skeb.jp/api/users/oshino_Iriss (attempt 1/3)
2026-09-04 00:41:54 | WARNING  | 404 on https://skeb.jp/api/users/nattamati_ (attempt 2/3)
2026-09-04 00:41:55 | WARNING  | 404 on https://skeb.jp/api/users/p_pfp5 (attempt 1/3)
2026-09-04 00:41:56 | INFO     | OK https://skeb.jp/api/users/51_ruru6151
2026-09-04 00:41:56 | INFO     | Saving at a/skeb/51_ruru6151-f0d92e.json
2026-09-04 00:41:56 | WARNING  | 404 on https://skeb.jp/api/users/oshino_Iriss (attempt 2/3)
2026-09-04 00:41:58 | INFO     | OK https://skeb.jp/api/users/tocolink
2026-09-04 00:41:58 | INFO     | Saving at a/skeb/tocolink-e5090c.json
2026-09-04 00:41:59 | WARNING  | 404 on https://skeb.jp/api/users/killy810 (attempt 1/3)
2026-09-04 00:42:00 | WARNING  | 404 on https://skeb.jp/api/users/nattamati_ (attempt 3/3)
2026-09-04 00:42:01 | WARNING  | 404 on https://skeb.jp/api/users/Genkyou (attempt 1/3)
2026-09-04 00:42:02 | WARNING  | 404 on https://skeb.jp/api/users/Llu_ulg (attempt 1/3)
2026-09-04 00:42:03 | WARNING  | 404 on https://skeb.jp/api/users/p_pfp5 (attempt 2/3)
2026-09-04 00:42:04 | INFO     | OK https://skeb.jp/api/users/charincofu_04
2026-09-04 00:42:04 | INFO     | Saving at a/skeb/charincofu_04-191244.json
2026-09-04 00:42:05 | WARNING  | 404 on https://skeb.jp/api/users/killy810 (attempt 2/3)
2026-09-04 00:42:06 | WARNING  | 404 on https://skeb.jp/api/users/scy2222 (attempt 2/3)
2026-09-04 00:42:07 | INFO     | OK https://skeb.jp/api/users/love9yourself
2026-09-04 00:42:07 | INFO     | Saving at a/skeb/love9yourself-644bf3.json
2026-09-04 00:42:08 | WARNING  | 404 on https://skeb.jp/api/users/Llu_ulg (attempt 2/3)
2026-09-04 00:42:09 | WARNING  | 404 on https://skeb.jp/api/users/p_pfp5 (attempt 3/3)
2026-09-04 00:42:10 | WARNING  | 404 on https://skeb.jp/api/users/Genkyou (attempt 2/3)
2026-09-04 00:42:11 | WARNING  | 404 on https://skeb.jp/api/users/Henzu_23 (attempt 1/3)
2026-09-04 00:42:12 | WARNING  | 404 on https://skeb.jp/api/users/ronn_irai (attempt 2/3)
2026-09-04 00:42:12 | WARNING  | 404 on https://skeb.jp/api/users/Llu_ulg (attempt 3/3)
2026-09-04 00:42:14 | WARNING  | 404 on https://skeb.jp/api/users/scy2222 (attempt 3/3)
2026-09-04 00:42:15 | WARNING  | 404 on https://skeb.jp/api/users/Iam_Ciikawa (attempt 1/3)
2026-09-04 00:42:16 | WARNING  | 404 on https://skeb.jp/api/users/sakayama_lazuli (attempt 1/3)
2026-09-04 00:42:17 | INFO     | OK https://skeb.jp/api/users/sisido_minosu
2026-09-04 00:42:17 | INFO     | Saving at a/skeb/sisido_minosu-a49e3a.json
2026-09-04 00:42:18 | INFO     | OK https://skeb.jp/api/users/yomotumei_NSFW
2026-09-04 00:42:18 | INFO     | Saving at a/skeb/yomotumei_NSFW-eee7aa.json
2026-09-04 00:42:19 | WARNING  | 404 on https://skeb.jp/api/users/kasha0927 (attempt 1/3)
2026-09-04 00:42:20 | WARNING  | 404 on https://skeb.jp/api/users/ronn_irai (attempt 3/3)
2026-09-04 00:42:21 | WARNING  | 404 on https://skeb.jp/api/users/killy810 (attempt 3/3)
2026-09-04 00:42:22 | WARNING  | 404 on https://skeb.jp/api/users/m3x3_sk (attempt 1/3)
2026-09-04 00:42:23 | WARNING  | 404 on https://skeb.jp/api/users/sakayama_lazuli (attempt 2/3)
2026-09-04 00:42:24 | WARNING  | 404 on https://skeb.jp/api/users/oshino_Iriss (attempt 3/3)
2026-09-04 00:42:25 | INFO     | OK https://skeb.jp/api/users/mickey_portrait
2026-09-04 00:42:25 | INFO     | Saving at a/skeb/mickey_portrait-312143.json
2026-09-04 00:42:26 | WARNING  | 404 on https://skeb.jp/api/users/nyatta_san (attempt 1/3)
2026-09-04 00:42:27 | WARNING  | 404 on https://skeb.jp/api/users/kasha0927 (attempt 2/3)
2026-09-04 00:42:28 | WARNING  | 404 on https://skeb.jp/api/users/Genkyou (attempt 3/3)
2026-09-04 00:42:29 | WARNING  | 404 on https://skeb.jp/api/users/Iam_Ciikawa (attempt 2/3)
2026-09-04 00:42:30 | WARNING  | 404 on https://skeb.jp/api/users/Henzu_23 (attempt 2/3)
2026-09-04 00:42:31 | INFO     | OK https://skeb.jp/api/users/monro_ru
2026-09-04 00:42:31 | INFO     | Saving at a/skeb/monro_ru-2101aa.json
2026-09-04 00:42:32 | WARNING  | 404 on https://skeb.jp/api/users/nyatta_san (attempt 2/3)
2026-09-04 00:42:33 | WARNING  | 404 on https://skeb.jp/api/users/kasha0927 (attempt 3/3)
2026-09-04 00:42:34 | INFO     | OK https://skeb.jp/api/users/batteramilk_14
2026-09-04 00:42:34 | INFO     | Saving at a/skeb/batteramilk_14-aef498.json
2026-09-04 00:42:35 | WARNING  | 404 on https://skeb.jp/api/users/sakayama_lazuli (attempt 3/3)
2026-09-04 00:42:36 | WARNING  | 404 on https://skeb.jp/api/users/polar_kuma62 (attempt 1/3)
2026-09-04 00:42:37 | WARNING  | 404 on https://skeb.jp/api/users/Uo_oU_us (attempt 1/3)
2026-09-04 00:42:38 | WARNING  | 404 on https://skeb.jp/api/users/kokorono_376 (attempt 1/3)
2026-09-04 00:42:38 | WARNING  | 404 on https://skeb.jp/api/users/polar_kuma62 (attempt 2/3)
2026-09-04 00:42:40 | WARNING  | 404 on https://skeb.jp/api/users/nyatta_san (attempt 3/3)
2026-09-04 00:42:41 | INFO     | OK https://skeb.jp/api/users/memo28018533
2026-09-04 00:42:41 | INFO     | Saving at a/skeb/memo28018533-87a5b9.json
2026-09-04 00:42:42 | WARNING  | 404 on https://skeb.jp/api/users/m3x3_sk (attempt 2/3)
2026-09-04 00:42:43 | WARNING  | 404 on https://skeb.jp/api/users/Iam_Ciikawa (attempt 3/3)
2026-09-04 00:42:44 | INFO     | OK https://skeb.jp/api/users/naka_yoshi_da
2026-09-04 00:42:44 | INFO     | Saving at a/skeb/naka_yoshi_da-439324.json
2026-09-04 00:42:45 | WARNING  | 404 on https://skeb.jp/api/users/8oSSUHCnXXz4tBp (attempt 1/3)
2026-09-04 00:42:46 | WARNING  | 404 on https://skeb.jp/api/users/Uo_oU_us (attempt 2/3)
2026-09-04 00:42:47 | WARNING  | 404 on https://skeb.jp/api/users/pgpcvDCE9G (attempt 1/3)
2026-09-04 00:42:48 | WARNING  | 404 on https://skeb.jp/api/users/Henzu_23 (attempt 3/3)
2026-09-04 00:42:48 | WARNING  | 404 on https://skeb.jp/api/users/8oSSUHCnXXz4tBp (attempt 2/3)
2026-09-04 00:42:50 | INFO     | OK https://skeb.jp/api/users/Akita_aaa2
2026-09-04 00:42:50 | INFO     | Saving at a/skeb/Akita_aaa2-46c3f4.json
2026-09-04 00:42:51 | INFO     | OK https://skeb.jp/api/users/Kingyo_Isuzu
2026-09-04 00:42:51 | INFO     | Saving at a/skeb/Kingyo_Isuzu-95211a.json
2026-09-04 00:42:52 | WARNING  | 404 on https://skeb.jp/api/users/Uo_oU_us (attempt 3/3)
2026-09-04 00:42:53 | WARNING  | 404 on https://skeb.jp/api/users/soraumi2000_50_ (attempt 1/3)
2026-09-04 00:42:54 | WARNING  | 404 on https://skeb.jp/api/users/fukafuka_no_inu (attempt 1/3)
2026-09-04 00:42:55 | INFO     | OK https://skeb.jp/api/users/kaisenyankee
2026-09-04 00:42:55 | INFO     | Saving at a/skeb/kaisenyankee-be125a.json
2026-09-04 00:42:56 | INFO     | OK https://skeb.jp/api/users/shirucoekaki
2026-09-04 00:42:56 | INFO     | Saving at a/skeb/shirucoekaki-57bc87.json
2026-09-04 00:42:56 | WARNING  | 404 on https://skeb.jp/api/users/soraumi2000_50_ (attempt 2/3)
2026-09-04 00:42:58 | WARNING  | 404 on https://skeb.jp/api/users/m3x3_sk (attempt 3/3)
2026-09-04 00:42:59 | INFO     | OK https://skeb.jp/api/users/4C0tz
2026-09-04 00:42:59 | INFO     | Saving at a/skeb/4C0tz-ba197f.json
2026-09-04 00:43:00 | INFO     | OK https://skeb.jp/api/users/nicorank
2026-09-04 00:43:00 | INFO     | Saving at a/skeb/nicorank-f77320.json
2026-09-04 00:43:01 | INFO     | OK https://skeb.jp/api/users/kurayamad
2026-09-04 00:43:01 | INFO     | Saving at a/skeb/kurayamad-6b7d3d.json
2026-09-04 00:43:02 | INFO     | OK https://skeb.jp/api/users/hanicakea
2026-09-04 00:43:02 | INFO     | Saving at a/skeb/hanicakea-82d708.json
2026-09-04 00:43:03 | INFO     | OK https://skeb.jp/api/users/kowoko_hn
2026-09-04 00:43:03 | INFO     | Saving at a/skeb/kowoko_hn-d87f1c.json
2026-09-04 00:43:04 | WARNING  | 404 on https://skeb.jp/api/users/pgpcvDCE9G (attempt 2/3)
2026-09-04 00:43:05 | WARNING  | 404 on https://skeb.jp/api/users/8oSSUHCnXXz4tBp (attempt 3/3)
2026-09-04 00:43:06 | WARNING  | 404 on https://skeb.jp/api/users/soraumi2000_50_ (attempt 3/3)
2026-09-04 00:43:07 | WARNING  | 404 on https://skeb.jp/api/users/kokorono_376 (attempt 2/3)
2026-09-04 00:43:08 | INFO     | OK https://skeb.jp/api/users/NnqtAk6o2yGRbub
2026-09-04 00:43:08 | INFO     | Saving at a/skeb/NnqtAk6o2yGRbub-c3b5cd.json
2026-09-04 00:43:09 | WARNING  | 404 on https://skeb.jp/api/users/polar_kuma62 (attempt 3/3)
2026-09-04 00:43:10 | WARNING  | 404 on https://skeb.jp/api/users/yamin_himamo23 (attempt 1/3)
2026-09-04 00:43:11 | WARNING  | 404 on https://skeb.jp/api/users/ghcfujfc1 (attempt 1/3)
2026-09-04 00:43:12 | WARNING  | 404 on https://skeb.jp/api/users/fukafuka_no_inu (attempt 2/3)
2026-09-04 00:43:13 | WARNING  | 404 on https://skeb.jp/api/users/pgpcvDCE9G (attempt 3/3)
2026-09-04 00:43:14 | WARNING  | 404 on https://skeb.jp/api/users/kokorono_376 (attempt 3/3)
2026-09-04 00:43:14 | WARNING  | 404 on https://skeb.jp/api/users/ghcfujfc1 (attempt 2/3)
2026-09-04 00:43:16 | INFO     | OK https://skeb.jp/api/users/mpzyuo0
2026-09-04 00:43:16 | INFO     | Saving at a/skeb/mpzyuo0-c9dd8a.json
2026-09-04 00:43:17 | WARNING  | 404 on https://skeb.jp/api/users/vHoo__ (attempt 1/3)
2026-09-04 00:43:18 | INFO     | OK https://skeb.jp/api/users/inu_tsuki145
2026-09-04 00:43:18 | INFO     | Saving at a/skeb/inu_tsuki145-6813be.json
2026-09-04 00:43:19 | WARNING  | 404 on https://skeb.jp/api/users/yamin_himamo23 (attempt 2/3)
2026-09-04 00:43:20 | WARNING  | 404 on https://skeb.jp/api/users/ghcfujfc1 (attempt 3/3)
2026-09-04 00:43:20 | WARNING  | 404 on https://skeb.jp/api/users/vHoo__ (attempt 2/3)
2026-09-04 00:43:22 | WARNING  | 404 on https://skeb.jp/api/users/kotonesansukida (attempt 1/3)
2026-09-04 00:43:23 | INFO     | OK https://skeb.jp/api/users/niceumeboshi
2026-09-04 00:43:23 | INFO     | Saving at a/skeb/niceumeboshi-b9b81f.json
2026-09-04 00:43:24 | INFO     | OK https://skeb.jp/api/users/Abeshi_yt
2026-09-04 00:43:24 | INFO     | Saving at a/skeb/Abeshi_yt-33d576.json
2026-09-04 00:43:25 | WARNING  | 404 on https://skeb.jp/api/users/meguru_nero (attempt 1/3)
2026-09-04 00:43:26 | INFO     | OK https://skeb.jp/api/users/siomihoro
2026-09-04 00:43:26 | INFO     | Saving at a/skeb/siomihoro-2d464c.json
2026-09-04 00:43:27 | WARNING  | 404 on https://skeb.jp/api/users/vHoo__ (attempt 3/3)
2026-09-04 00:43:28 | INFO     | OK https://skeb.jp/api/users/Ama_miduchi
2026-09-04 00:43:28 | INFO     | Saving at a/skeb/Ama_miduchi-3da886.json
2026-09-04 00:43:29 | WARNING  | 404 on https://skeb.jp/api/users/fukafuka_no_inu (attempt 3/3)
2026-09-04 00:43:30 | INFO     | OK https://skeb.jp/api/users/153_ori
2026-09-04 00:43:30 | INFO     | Saving at a/skeb/153_ori-bdd264.json
2026-09-04 00:43:31 | WARNING  | 404 on https://skeb.jp/api/users/meguru_nero (attempt 2/3)
2026-09-04 00:43:32 | WARNING  | 404 on https://skeb.jp/api/users/kotonesansukida (attempt 2/3)
2026-09-04 00:43:33 | INFO     | OK https://skeb.jp/api/users/SnowR0512
2026-09-04 00:43:33 | INFO     | Saving at a/skeb/SnowR0512-d81f81.json
2026-09-04 00:43:34 | INFO     | OK https://skeb.jp/api/users/sankakangen
2026-09-04 00:43:34 | INFO     | Saving at a/skeb/sankakangen-c2e988.json
2026-09-04 00:43:35 | WARNING  | 404 on https://skeb.jp/api/users/yamin_himamo23 (attempt 3/3)
2026-09-04 00:43:35 | WARNING  | 404 on https://skeb.jp/api/users/meguru_nero (attempt 3/3)
2026-09-04 00:43:36 | WARNING  | 404 on https://skeb.jp/api/users/kotonesansukida (attempt 3/3)
2026-09-04 00:43:36 | INFO     |  --- SUMMARY REPORT --- 
  Sources Retreived    : 129
  Profiles Fetched     : 83
  Profile Missing      : 46
  Profile Rate Limited : 0
  Profile Error Others : 0

2026-09-04 00:43:36 | INFO     | Started creating static api data.
2026-09-04 00:45:26 | INFO     | Album index written to a/albums/index.json (480 albums)
