2026-07-11 12:00:29 | INFO     | Initialized Data Store.
2026-07-11 12:00:29 | INFO     | Homepage GET status=429 (attempt 1/3)
2026-07-11 12:00:29 | INFO     | Cookie extracted [request_key=...].
2026-07-11 12:00:29 | INFO     | SkebClient ready (impersonate=chrome120, rate=1.0/s, concurrency=10, max_runtime=4800s)
2026-07-11 12:39:41 | INFO     | Ready to scrape 78 items
2026-07-11 12:39:41 | WARNING  | 404 on https://skeb.jp/api/users/8oSSUHCnXXz4tBp (attempt 1/3)
2026-07-11 12:39:42 | INFO     | OK https://skeb.jp/api/users/Haruno_koppe
2026-07-11 12:39:42 | INFO     | Saving at archive\skeb\Haruno_koppe-c20d8c.json
2026-07-11 12:39:43 | INFO     | OK https://skeb.jp/api/users/po_popoc
2026-07-11 12:39:43 | INFO     | Saving at archive\skeb\po_popoc-24f094.json
2026-07-11 12:39:44 | WARNING  | 404 on https://skeb.jp/api/users/killy810 (attempt 1/3)
2026-07-11 12:39:45 | INFO     | OK https://skeb.jp/api/users/beniiro_mi
2026-07-11 12:39:45 | INFO     | Saving at archive\skeb\beniiro_mi-f67fdc.json
2026-07-11 12:39:46 | WARNING  | 404 on https://skeb.jp/api/users/ghcfujfc1 (attempt 1/3)
2026-07-11 12:39:47 | WARNING  | 404 on https://skeb.jp/api/users/Llu_ulg (attempt 1/3)
2026-07-11 12:39:48 | WARNING  | 404 on https://skeb.jp/api/users/killy810 (attempt 2/3)
2026-07-11 12:39:49 | WARNING  | 404 on https://skeb.jp/api/users/ghcfujfc1 (attempt 2/3)
2026-07-11 12:39:50 | WARNING  | 404 on https://skeb.jp/api/users/Axnya (attempt 1/3)
2026-07-11 12:39:51 | INFO     | OK https://skeb.jp/api/users/847x595
2026-07-11 12:39:51 | INFO     | Saving at archive\skeb\847x595-0a9c11.json
2026-07-11 12:39:52 | WARNING  | 404 on https://skeb.jp/api/users/nyatta_san (attempt 1/3)
2026-07-11 12:39:53 | INFO     | OK https://skeb.jp/api/users/Hisame_Bass
2026-07-11 12:39:53 | INFO     | Saving at archive\skeb\Hisame_Bass-cca637.json
2026-07-11 12:39:54 | INFO     | OK https://skeb.jp/api/users/nkmmmmr
2026-07-11 12:39:54 | INFO     | Saving at archive\skeb\nkmmmmr-ee5f04.json
2026-07-11 12:39:55 | WARNING  | 404 on https://skeb.jp/api/users/Llu_ulg (attempt 2/3)
2026-07-11 12:39:56 | WARNING  | 404 on https://skeb.jp/api/users/ghcfujfc1 (attempt 3/3)
2026-07-11 12:39:57 | WARNING  | 404 on https://skeb.jp/api/users/pgpcvDCE9G (attempt 1/3)
2026-07-11 12:39:58 | WARNING  | 404 on https://skeb.jp/api/users/p_pfp5 (attempt 1/3)
2026-07-11 12:39:59 | INFO     | OK https://skeb.jp/api/users/shio4
2026-07-11 12:39:59 | INFO     | Saving at archive\skeb\shio4-b9e149.json
2026-07-11 12:40:00 | INFO     | OK https://skeb.jp/api/users/kuragemumu2
2026-07-11 12:40:00 | INFO     | Saving at archive\skeb\kuragemumu2-6c0643.json
2026-07-11 12:40:01 | INFO     | OK https://skeb.jp/api/users/dadaggn
2026-07-11 12:40:01 | INFO     | Saving at archive\skeb\dadaggn-ca9f6e.json
2026-07-11 12:40:02 | WARNING  | 404 on https://skeb.jp/api/users/nyatta_san (attempt 2/3)
2026-07-11 12:40:03 | WARNING  | 404 on https://skeb.jp/api/users/polar_kuma62 (attempt 1/3)
2026-07-11 12:40:04 | WARNING  | 404 on https://skeb.jp/api/users/pgpcvDCE9G (attempt 2/3)
2026-07-11 12:40:05 | WARNING  | 404 on https://skeb.jp/api/users/Llu_ulg (attempt 3/3)
2026-07-11 12:40:06 | INFO     | OK https://skeb.jp/api/users/Amenoichi2
2026-07-11 12:40:06 | INFO     | Saving at archive\skeb\Amenoichi2-c76756.json
2026-07-11 12:40:07 | WARNING  | 404 on https://skeb.jp/api/users/8oSSUHCnXXz4tBp (attempt 2/3)
2026-07-11 12:40:08 | WARNING  | 404 on https://skeb.jp/api/users/polar_kuma62 (attempt 2/3)
2026-07-11 12:40:09 | WARNING  | 404 on https://skeb.jp/api/users/Axnya (attempt 2/3)
2026-07-11 12:40:10 | WARNING  | 404 on https://skeb.jp/api/users/p_pfp5 (attempt 2/3)
2026-07-11 12:40:11 | WARNING  | 404 on https://skeb.jp/api/users/8oSSUHCnXXz4tBp (attempt 3/3)
2026-07-11 12:40:12 | INFO     | OK https://skeb.jp/api/users/renadeonoma
2026-07-11 12:40:12 | INFO     | Saving at archive\skeb\renadeonoma-d92d92.json
2026-07-11 12:40:13 | INFO     | OK https://skeb.jp/api/users/yamamoro_
2026-07-11 12:40:13 | INFO     | Saving at archive\skeb\yamamoro_-5657e0.json
2026-07-11 12:40:14 | WARNING  | 404 on https://skeb.jp/api/users/killy810 (attempt 3/3)
2026-07-11 12:40:15 | WARNING  | 404 on https://skeb.jp/api/users/pgpcvDCE9G (attempt 3/3)
2026-07-11 12:40:16 | WARNING  | 404 on https://skeb.jp/api/users/Axnya (attempt 3/3)
2026-07-11 12:40:17 | WARNING  | 404 on https://skeb.jp/api/users/_meruruto_ (attempt 1/3)
2026-07-11 12:40:18 | WARNING  | 404 on https://skeb.jp/api/users/nyatta_san (attempt 3/3)
2026-07-11 12:40:19 | WARNING  | 404 on https://skeb.jp/api/users/polar_kuma62 (attempt 3/3)
2026-07-11 12:40:20 | WARNING  | 404 on https://skeb.jp/api/users/soraumi2000_50_ (attempt 1/3)
2026-07-11 12:40:21 | WARNING  | 404 on https://skeb.jp/api/users/kiNero30901 (attempt 1/3)
2026-07-11 12:40:22 | WARNING  | 404 on https://skeb.jp/api/users/p_pfp5 (attempt 3/3)
2026-07-11 12:40:23 | INFO     | OK https://skeb.jp/api/users/chiaki_hiyama
2026-07-11 12:40:23 | INFO     | Saving at archive\skeb\chiaki_hiyama-1d7e8f.json
2026-07-11 12:40:24 | WARNING  | 404 on https://skeb.jp/api/users/Iam_Ciikawa (attempt 1/3)
2026-07-11 12:40:25 | WARNING  | 404 on https://skeb.jp/api/users/T4k73gqSZ26h5si (attempt 1/3)
2026-07-11 12:40:26 | INFO     | OK https://skeb.jp/api/users/iyosaki_2000
2026-07-11 12:40:26 | INFO     | Saving at archive\skeb\iyosaki_2000-c02ddd.json
2026-07-11 12:40:27 | WARNING  | 404 on https://skeb.jp/api/users/NOm0y0i (attempt 1/3)
2026-07-11 12:40:28 | WARNING  | 404 on https://skeb.jp/api/users/77_t2w (attempt 1/3)
2026-07-11 12:40:29 | INFO     | OK https://skeb.jp/api/users/0_0X_XU_U
2026-07-11 12:40:29 | INFO     | Saving at archive\skeb\0_0X_XU_U-9ffc4c.json
2026-07-11 12:40:30 | WARNING  | 404 on https://skeb.jp/api/users/Iam_Ciikawa (attempt 2/3)
2026-07-11 12:40:31 | WARNING  | 404 on https://skeb.jp/api/users/_meruruto_ (attempt 2/3)
2026-07-11 12:40:32 | WARNING  | 404 on https://skeb.jp/api/users/m3x3_sk (attempt 1/3)
2026-07-11 12:40:33 | INFO     | OK https://skeb.jp/api/users/mooretumania
2026-07-11 12:40:33 | INFO     | Saving at archive\skeb\mooretumania-2d9463.json
2026-07-11 12:40:34 | WARNING  | 404 on https://skeb.jp/api/users/77_t2w (attempt 2/3)
2026-07-11 12:40:35 | WARNING  | 404 on https://skeb.jp/api/users/kagoyama_sns (attempt 1/3)
2026-07-11 12:40:36 | WARNING  | 404 on https://skeb.jp/api/users/m3x3_sk (attempt 2/3)
2026-07-11 12:40:37 | WARNING  | 404 on https://skeb.jp/api/users/NOm0y0i (attempt 2/3)
2026-07-11 12:40:38 | WARNING  | 404 on https://skeb.jp/api/users/kagoyama_sns (attempt 2/3)
2026-07-11 12:40:39 | WARNING  | 404 on https://skeb.jp/api/users/soraumi2000_50_ (attempt 2/3)
2026-07-11 12:40:40 | WARNING  | 404 on https://skeb.jp/api/users/Genkyou (attempt 1/3)
2026-07-11 12:40:41 | WARNING  | 404 on https://skeb.jp/api/users/Iam_Ciikawa (attempt 3/3)
2026-07-11 12:40:42 | WARNING  | 404 on https://skeb.jp/api/users/kagoyama_sns (attempt 3/3)
2026-07-11 12:40:43 | WARNING  | 404 on https://skeb.jp/api/users/T4k73gqSZ26h5si (attempt 2/3)
2026-07-11 12:40:44 | WARNING  | 404 on https://skeb.jp/api/users/lkjeudnduy44 (attempt 1/3)
2026-07-11 12:40:45 | WARNING  | 404 on https://skeb.jp/api/users/kiNero30901 (attempt 2/3)
2026-07-11 12:40:46 | WARNING  | 404 on https://skeb.jp/api/users/soraumi2000_50_ (attempt 3/3)
2026-07-11 12:40:47 | WARNING  | 404 on https://skeb.jp/api/users/NOm0y0i (attempt 3/3)
2026-07-11 12:40:48 | WARNING  | 404 on https://skeb.jp/api/users/T4k73gqSZ26h5si (attempt 3/3)
2026-07-11 12:40:49 | WARNING  | 404 on https://skeb.jp/api/users/Genkyou (attempt 2/3)
2026-07-11 12:40:50 | WARNING  | 404 on https://skeb.jp/api/users/lkjeudnduy44 (attempt 2/3)
2026-07-11 12:40:51 | WARNING  | 404 on https://skeb.jp/api/users/Uo_oU_us (attempt 1/3)
2026-07-11 12:40:52 | WARNING  | 404 on https://skeb.jp/api/users/77_t2w (attempt 3/3)
2026-07-11 12:40:53 | WARNING  | 404 on https://skeb.jp/api/users/yamin_himamo23 (attempt 1/3)
2026-07-11 12:40:54 | WARNING  | 404 on https://skeb.jp/api/users/kiNero30901 (attempt 3/3)
2026-07-11 12:40:55 | WARNING  | 404 on https://skeb.jp/api/users/Uo_oU_us (attempt 2/3)
2026-07-11 12:40:56 | INFO     | OK https://skeb.jp/api/users/_Anne_0417
2026-07-11 12:40:56 | INFO     | Saving at archive\skeb\_Anne_0417-d70de6.json
2026-07-11 12:40:57 | WARNING  | 404 on https://skeb.jp/api/users/lkjeudnduy44 (attempt 3/3)
2026-07-11 12:40:58 | INFO     | OK https://skeb.jp/api/users/Himari_hiiii
2026-07-11 12:40:58 | INFO     | Saving at archive\skeb\Himari_hiiii-cfb58a.json
2026-07-11 12:40:59 | WARNING  | 404 on https://skeb.jp/api/users/mimei_Illust (attempt 1/3)
2026-07-11 12:41:00 | INFO     | OK https://skeb.jp/api/users/sakanakonbuman
2026-07-11 12:41:00 | INFO     | Saving at archive\skeb\sakanakonbuman-baa041.json
2026-07-11 12:41:01 | WARNING  | 404 on https://skeb.jp/api/users/_meruruto_ (attempt 3/3)
2026-07-11 12:41:02 | INFO     | OK https://skeb.jp/api/users/FaceLessasya
2026-07-11 12:41:02 | INFO     | Saving at archive\skeb\FaceLessasya-f03727.json
2026-07-11 12:41:03 | WARNING  | 404 on https://skeb.jp/api/users/923kaku (attempt 1/3)
2026-07-11 12:41:04 | WARNING  | 404 on https://skeb.jp/api/users/aki_ra3_ (attempt 1/3)
2026-07-11 12:41:05 | WARNING  | 404 on https://skeb.jp/api/users/m3x3_sk (attempt 3/3)
2026-07-11 12:41:06 | WARNING  | 404 on https://skeb.jp/api/users/toxizaki (attempt 1/3)
2026-07-11 12:41:07 | INFO     | OK https://skeb.jp/api/users/miya_no
2026-07-11 12:41:07 | INFO     | Saving at archive\skeb\miya_no-8d5d98.json
2026-07-11 12:41:08 | INFO     | OK https://skeb.jp/api/users/pakotaroh
2026-07-11 12:41:08 | INFO     | Saving at archive\skeb\pakotaroh-5ab26c.json
2026-07-11 12:41:09 | WARNING  | 404 on https://skeb.jp/api/users/kasha0927 (attempt 1/3)
2026-07-11 12:41:10 | WARNING  | 404 on https://skeb.jp/api/users/mimei_Illust (attempt 2/3)
2026-07-11 12:41:11 | WARNING  | 404 on https://skeb.jp/api/users/aki_ra3_ (attempt 2/3)
2026-07-11 12:41:12 | WARNING  | 404 on https://skeb.jp/api/users/Uo_oU_us (attempt 3/3)
2026-07-11 12:41:13 | WARNING  | 404 on https://skeb.jp/api/users/yamin_himamo23 (attempt 2/3)
2026-07-11 12:41:14 | WARNING  | 404 on https://skeb.jp/api/users/se3ifinal (attempt 1/3)
2026-07-11 12:41:15 | WARNING  | 404 on https://skeb.jp/api/users/29Kota2 (attempt 1/3)
2026-07-11 12:41:16 | WARNING  | 404 on https://skeb.jp/api/users/mimei_Illust (attempt 3/3)
2026-07-11 12:41:17 | WARNING  | 404 on https://skeb.jp/api/users/Genkyou (attempt 3/3)
2026-07-11 12:41:18 | WARNING  | 404 on https://skeb.jp/api/users/toxizaki (attempt 2/3)
2026-07-11 12:41:19 | WARNING  | 404 on https://skeb.jp/api/users/se3ifinal (attempt 2/3)
2026-07-11 12:41:20 | WARNING  | 404 on https://skeb.jp/api/users/sakayama_lazuli (attempt 1/3)
2026-07-11 12:41:21 | WARNING  | 404 on https://skeb.jp/api/users/aki_ra3_ (attempt 3/3)
2026-07-11 12:41:22 | WARNING  | 404 on https://skeb.jp/api/users/923kaku (attempt 2/3)
2026-07-11 12:41:23 | WARNING  | 404 on https://skeb.jp/api/users/yamin_himamo23 (attempt 3/3)
2026-07-11 12:41:24 | WARNING  | 404 on https://skeb.jp/api/users/kasha0927 (attempt 2/3)
2026-07-11 12:41:25 | WARNING  | 404 on https://skeb.jp/api/users/sakayama_lazuli (attempt 2/3)
2026-07-11 12:41:26 | WARNING  | 404 on https://skeb.jp/api/users/toxizaki (attempt 3/3)
2026-07-11 12:41:27 | WARNING  | 404 on https://skeb.jp/api/users/Henzu_23 (attempt 1/3)
2026-07-11 12:41:28 | WARNING  | 404 on https://skeb.jp/api/users/29Kota2 (attempt 2/3)
2026-07-11 12:41:29 | INFO     | OK https://skeb.jp/api/users/Tkht_9315
2026-07-11 12:41:29 | INFO     | Saving at archive\skeb\Tkht_9315-d3cea0.json
2026-07-11 12:41:30 | WARNING  | 404 on https://skeb.jp/api/users/mimamorichan (attempt 1/3)
2026-07-11 12:41:31 | WARNING  | 404 on https://skeb.jp/api/users/Henzu_23 (attempt 2/3)
2026-07-11 12:41:32 | WARNING  | 404 on https://skeb.jp/api/users/kasha0927 (attempt 3/3)
2026-07-11 12:41:33 | WARNING  | 404 on https://skeb.jp/api/users/923kaku (attempt 3/3)
2026-07-11 12:41:34 | WARNING  | 404 on https://skeb.jp/api/users/kokorono_376 (attempt 1/3)
2026-07-11 12:41:35 | WARNING  | 404 on https://skeb.jp/api/users/oshino_Iriss (attempt 1/3)
2026-07-11 12:41:36 | WARNING  | 404 on https://skeb.jp/api/users/sakayama_lazuli (attempt 3/3)
2026-07-11 12:41:37 | WARNING  | 404 on https://skeb.jp/api/users/kokorono_376 (attempt 2/3)
2026-07-11 12:41:38 | INFO     | OK https://skeb.jp/api/users/konome_moe
2026-07-11 12:41:38 | INFO     | Saving at archive\skeb\konome_moe-380d9b.json
2026-07-11 12:41:39 | WARNING  | 404 on https://skeb.jp/api/users/mimamorichan (attempt 2/3)
2026-07-11 12:41:40 | INFO     | OK https://skeb.jp/api/users/alshera0405
2026-07-11 12:41:40 | INFO     | Saving at archive\skeb\alshera0405-c56f51.json
2026-07-11 12:41:41 | WARNING  | 404 on https://skeb.jp/api/users/29Kota2 (attempt 3/3)
2026-07-11 12:41:42 | WARNING  | 404 on https://skeb.jp/api/users/se3ifinal (attempt 3/3)
2026-07-11 12:41:43 | WARNING  | 404 on https://skeb.jp/api/users/kokorono_376 (attempt 3/3)
2026-07-11 12:41:44 | INFO     | OK https://skeb.jp/api/users/sei26162097
2026-07-11 12:41:44 | INFO     | Saving at archive\skeb\sei26162097-fb0364.json
2026-07-11 12:41:45 | WARNING  | 404 on https://skeb.jp/api/users/oshino_Iriss (attempt 2/3)
2026-07-11 12:41:46 | INFO     | OK https://skeb.jp/api/users/au_0811
2026-07-11 12:41:46 | INFO     | Saving at archive\skeb\au_0811-5f6114.json
2026-07-11 12:41:47 | WARNING  | 404 on https://skeb.jp/api/users/fukafuka_no_inu (attempt 1/3)
2026-07-11 12:41:48 | WARNING  | 404 on https://skeb.jp/api/users/vHoo__ (attempt 1/3)
2026-07-11 12:41:49 | WARNING  | 404 on https://skeb.jp/api/users/Henzu_23 (attempt 3/3)
2026-07-11 12:41:50 | INFO     | OK https://skeb.jp/api/users/miyuki_ando_i
2026-07-11 12:41:50 | INFO     | Saving at archive\skeb\miyuki_ando_i-f46a30.json
2026-07-11 12:41:51 | WARNING  | 404 on https://skeb.jp/api/users/oshino_Iriss (attempt 3/3)
2026-07-11 12:41:52 | WARNING  | 404 on https://skeb.jp/api/users/mimamorichan (attempt 3/3)
2026-07-11 12:41:53 | WARNING  | 404 on https://skeb.jp/api/users/meguru_nero (attempt 1/3)
2026-07-11 12:41:54 | INFO     | OK https://skeb.jp/api/users/kokcy9
2026-07-11 12:41:54 | INFO     | Saving at archive\skeb\kokcy9-7817be.json
2026-07-11 12:41:55 | WARNING  | 404 on https://skeb.jp/api/users/meguru_nero (attempt 2/3)
2026-07-11 12:41:56 | INFO     | OK https://skeb.jp/api/users/kmmmtru
2026-07-11 12:41:56 | INFO     | Saving at archive\skeb\kmmmtru-89edc0.json
2026-07-11 12:41:57 | INFO     | OK https://skeb.jp/api/users/gnglw
2026-07-11 12:41:57 | INFO     | Saving at archive\skeb\gnglw-b8fc88.json
2026-07-11 12:41:58 | WARNING  | 404 on https://skeb.jp/api/users/kotonesansukida (attempt 1/3)
2026-07-11 12:41:59 | WARNING  | 404 on https://skeb.jp/api/users/ronn_irai (attempt 1/3)
2026-07-11 12:42:00 | WARNING  | 404 on https://skeb.jp/api/users/meguru_nero (attempt 3/3)
2026-07-11 12:42:01 | WARNING  | 404 on https://skeb.jp/api/users/Ryuzi_27 (attempt 1/3)
2026-07-11 12:42:02 | INFO     | OK https://skeb.jp/api/users/ota728
2026-07-11 12:42:02 | INFO     | Saving at archive\skeb\ota728-e5f7eb.json
2026-07-11 12:42:03 | WARNING  | 404 on https://skeb.jp/api/users/ronn_irai (attempt 2/3)
2026-07-11 12:42:04 | WARNING  | 404 on https://skeb.jp/api/users/EDO__nyan (attempt 1/3)
2026-07-11 12:42:05 | WARNING  | 404 on https://skeb.jp/api/users/vHoo__ (attempt 2/3)
2026-07-11 12:42:06 | WARNING  | 404 on https://skeb.jp/api/users/kotonesansukida (attempt 2/3)
2026-07-11 12:42:07 | WARNING  | 404 on https://skeb.jp/api/users/Geshi_to_ (attempt 1/3)
2026-07-11 12:42:08 | INFO     | OK https://skeb.jp/api/users/bud_tsubomi
2026-07-11 12:42:08 | INFO     | Saving at archive\skeb\bud_tsubomi-d90d36.json
2026-07-11 12:42:09 | WARNING  | 404 on https://skeb.jp/api/users/ronn_irai (attempt 3/3)
2026-07-11 12:42:11 | WARNING  | 404 on https://skeb.jp/api/users/EDO__nyan (attempt 2/3)
2026-07-11 12:42:11 | WARNING  | 404 on https://skeb.jp/api/users/Ryuzi_27 (attempt 2/3)
2026-07-11 12:42:12 | WARNING  | 404 on https://skeb.jp/api/users/fukafuka_no_inu (attempt 2/3)
2026-07-11 12:42:13 | WARNING  | 404 on https://skeb.jp/api/users/fm7hxj (attempt 1/3)
2026-07-11 12:42:14 | INFO     | OK https://skeb.jp/api/users/nago_kazuki
2026-07-11 12:42:14 | INFO     | Saving at archive\skeb\nago_kazuki-bfa286.json
2026-07-11 12:42:15 | WARNING  | 404 on https://skeb.jp/api/users/3hankikan0220 (attempt 1/3)
2026-07-11 12:42:17 | WARNING  | 404 on https://skeb.jp/api/users/EDO__nyan (attempt 3/3)
2026-07-11 12:42:17 | WARNING  | 404 on https://skeb.jp/api/users/Ryuzi_27 (attempt 3/3)
2026-07-11 12:42:18 | WARNING  | 404 on https://skeb.jp/api/users/fm7hxj (attempt 2/3)
2026-07-11 12:42:19 | WARNING  | 404 on https://skeb.jp/api/users/Geshi_to_ (attempt 2/3)
2026-07-11 12:42:21 | WARNING  | 404 on https://skeb.jp/api/users/fukafuka_no_inu (attempt 3/3)
2026-07-11 12:42:21 | WARNING  | 404 on https://skeb.jp/api/users/3hankikan0220 (attempt 2/3)
2026-07-11 12:42:22 | WARNING  | 404 on https://skeb.jp/api/users/kotonesansukida (attempt 3/3)
2026-07-11 12:42:23 | WARNING  | 404 on https://skeb.jp/api/users/vHoo__ (attempt 3/3)
2026-07-11 12:42:24 | WARNING  | 404 on https://skeb.jp/api/users/Geshi_to_ (attempt 3/3)
2026-07-11 12:42:25 | WARNING  | 404 on https://skeb.jp/api/users/fm7hxj (attempt 3/3)
2026-07-11 12:42:26 | WARNING  | 404 on https://skeb.jp/api/users/3hankikan0220 (attempt 3/3)
2026-07-11 12:42:26 | INFO     |  --- SUMMARY REPORT --- 
  Sources Retreived    : 78
  Profiles Fetched     : 34
  Profile Missing      : 44
  Profile Rate Limited : 0
  Profile Error Others : 0

2026-07-11 12:42:26 | INFO     | Started creating static api data.
2026-07-11 13:09:22 | INFO     | Album index written to archive\albums\index.json (352 albums)
