2026-07-12 01:12:40 | INFO     | Initialized Data Store.
2026-07-12 01:12:40 | INFO     | Homepage GET status=429 (attempt 1/3)
2026-07-12 01:12:40 | INFO     | Cookie extracted [request_key=...].
2026-07-12 01:12:40 | INFO     | SkebClient ready (impersonate=chrome120, rate=1.0/s, concurrency=10, max_runtime=39600s)
2026-07-12 01:13:40 | INFO     | Ready to scrape 51 items
2026-07-12 01:13:40 | WARNING  | 404 on https://skeb.jp/api/users/Iam_Ciikawa (attempt 1/3)
2026-07-12 01:13:41 | WARNING  | 404 on https://skeb.jp/api/users/kasha0927 (attempt 1/3)
2026-07-12 01:13:42 | WARNING  | 404 on https://skeb.jp/api/users/se3ifinal (attempt 1/3)
2026-07-12 01:13:43 | WARNING  | 404 on https://skeb.jp/api/users/kagoyama_sns (attempt 1/3)
2026-07-12 01:13:44 | WARNING  | 404 on https://skeb.jp/api/users/Iam_Ciikawa (attempt 2/3)
2026-07-12 01:13:45 | WARNING  | 404 on https://skeb.jp/api/users/T4k73gqSZ26h5si (attempt 1/3)
2026-07-12 01:13:46 | WARNING  | 404 on https://skeb.jp/api/users/pgpcvDCE9G (attempt 1/3)
2026-07-12 01:13:47 | WARNING  | 404 on https://skeb.jp/api/users/kagoyama_sns (attempt 2/3)
2026-07-12 01:13:48 | WARNING  | 404 on https://skeb.jp/api/users/killy810 (attempt 1/3)
2026-07-12 01:13:49 | WARNING  | 404 on https://skeb.jp/api/users/Uo_oU_us (attempt 1/3)
2026-07-12 01:13:50 | WARNING  | 404 on https://skeb.jp/api/users/kasha0927 (attempt 2/3)
2026-07-12 01:13:51 | WARNING  | 404 on https://skeb.jp/api/users/pgpcvDCE9G (attempt 2/3)
2026-07-12 01:13:52 | WARNING  | 404 on https://skeb.jp/api/users/kagoyama_sns (attempt 3/3)
2026-07-12 01:13:53 | WARNING  | 404 on https://skeb.jp/api/users/Iam_Ciikawa (attempt 3/3)
2026-07-12 01:13:54 | WARNING  | 404 on https://skeb.jp/api/users/T4k73gqSZ26h5si (attempt 2/3)
2026-07-12 01:13:55 | WARNING  | 404 on https://skeb.jp/api/users/oshino_Iriss (attempt 1/3)
2026-07-12 01:13:56 | WARNING  | 404 on https://skeb.jp/api/users/pgpcvDCE9G (attempt 3/3)
2026-07-12 01:13:57 | WARNING  | 404 on https://skeb.jp/api/users/sakayama_lazuli (attempt 1/3)
2026-07-12 01:13:58 | WARNING  | 404 on https://skeb.jp/api/users/kasha0927 (attempt 3/3)
2026-07-12 01:13:59 | WARNING  | 404 on https://skeb.jp/api/users/nyatta_san (attempt 1/3)
2026-07-12 01:14:00 | WARNING  | 404 on https://skeb.jp/api/users/sakayama_lazuli (attempt 2/3)
2026-07-12 01:14:01 | WARNING  | 404 on https://skeb.jp/api/users/m3x3_sk (attempt 1/3)
2026-07-12 01:14:02 | WARNING  | 404 on https://skeb.jp/api/users/killy810 (attempt 2/3)
2026-07-12 01:14:03 | WARNING  | 404 on https://skeb.jp/api/users/nyatta_san (attempt 2/3)
2026-07-12 01:14:04 | WARNING  | 404 on https://skeb.jp/api/users/T4k73gqSZ26h5si (attempt 3/3)
2026-07-12 01:14:05 | WARNING  | 404 on https://skeb.jp/api/users/toxizaki (attempt 1/3)
2026-07-12 01:14:06 | WARNING  | 404 on https://skeb.jp/api/users/3hankikan0220 (attempt 1/3)
2026-07-12 01:14:07 | WARNING  | 404 on https://skeb.jp/api/users/killy810 (attempt 3/3)
2026-07-12 01:14:08 | WARNING  | 404 on https://skeb.jp/api/users/m3x3_sk (attempt 2/3)
2026-07-12 01:14:09 | WARNING  | 404 on https://skeb.jp/api/users/Uo_oU_us (attempt 2/3)
2026-07-12 01:14:10 | WARNING  | 404 on https://skeb.jp/api/users/se3ifinal (attempt 2/3)
2026-07-12 01:14:11 | WARNING  | 404 on https://skeb.jp/api/users/nyatta_san (attempt 3/3)
2026-07-12 01:14:12 | WARNING  | 404 on https://skeb.jp/api/users/sakayama_lazuli (attempt 3/3)
2026-07-12 01:14:13 | WARNING  | 404 on https://skeb.jp/api/users/fm7hxj (attempt 1/3)
2026-07-12 01:14:14 | WARNING  | 404 on https://skeb.jp/api/users/se3ifinal (attempt 3/3)
2026-07-12 01:14:15 | WARNING  | 404 on https://skeb.jp/api/users/Uo_oU_us (attempt 3/3)
2026-07-12 01:14:16 | WARNING  | 404 on https://skeb.jp/api/users/yamin_himamo23 (attempt 1/3)
2026-07-12 01:14:17 | WARNING  | 404 on https://skeb.jp/api/users/ronn_irai (attempt 1/3)
2026-07-12 01:14:18 | WARNING  | 404 on https://skeb.jp/api/users/3hankikan0220 (attempt 2/3)
2026-07-12 01:14:19 | WARNING  | 404 on https://skeb.jp/api/users/oshino_Iriss (attempt 2/3)
2026-07-12 01:14:20 | WARNING  | 404 on https://skeb.jp/api/users/fm7hxj (attempt 2/3)
2026-07-12 01:14:21 | WARNING  | 404 on https://skeb.jp/api/users/m3x3_sk (attempt 3/3)
2026-07-12 01:14:22 | WARNING  | 404 on https://skeb.jp/api/users/vHoo__ (attempt 1/3)
2026-07-12 01:14:23 | WARNING  | 404 on https://skeb.jp/api/users/toxizaki (attempt 2/3)
2026-07-12 01:14:24 | WARNING  | 404 on https://skeb.jp/api/users/mimamorichan (attempt 1/3)
2026-07-12 01:14:25 | WARNING  | 404 on https://skeb.jp/api/users/vHoo__ (attempt 2/3)
2026-07-12 01:14:26 | WARNING  | 404 on https://skeb.jp/api/users/923kaku (attempt 1/3)
2026-07-12 01:14:27 | WARNING  | 404 on https://skeb.jp/api/users/mimamorichan (attempt 2/3)
2026-07-12 01:14:28 | WARNING  | 404 on https://skeb.jp/api/users/ronn_irai (attempt 2/3)
2026-07-12 01:14:29 | WARNING  | 404 on https://skeb.jp/api/users/923kaku (attempt 2/3)
2026-07-12 01:14:30 | WARNING  | 404 on https://skeb.jp/api/users/vHoo__ (attempt 3/3)
2026-07-12 01:14:31 | WARNING  | 404 on https://skeb.jp/api/users/yamin_himamo23 (attempt 2/3)
2026-07-12 01:14:32 | WARNING  | 404 on https://skeb.jp/api/users/toxizaki (attempt 3/3)
2026-07-12 01:14:33 | WARNING  | 404 on https://skeb.jp/api/users/soraumi2000_50_ (attempt 1/3)
2026-07-12 01:14:34 | WARNING  | 404 on https://skeb.jp/api/users/3hankikan0220 (attempt 3/3)
2026-07-12 01:14:35 | WARNING  | 404 on https://skeb.jp/api/users/mimamorichan (attempt 3/3)
2026-07-12 01:14:36 | WARNING  | 404 on https://skeb.jp/api/users/mimei_Illust (attempt 1/3)
2026-07-12 01:14:37 | WARNING  | 404 on https://skeb.jp/api/users/oshino_Iriss (attempt 3/3)
2026-07-12 01:14:39 | WARNING  | 404 on https://skeb.jp/api/users/yamin_himamo23 (attempt 3/3)
2026-07-12 01:14:39 | WARNING  | 404 on https://skeb.jp/api/users/Llu_ulg (attempt 1/3)
2026-07-12 01:14:40 | WARNING  | 404 on https://skeb.jp/api/users/polar_kuma62 (attempt 1/3)
2026-07-12 01:14:41 | WARNING  | 404 on https://skeb.jp/api/users/Henzu_23 (attempt 1/3)
2026-07-12 01:14:42 | WARNING  | 404 on https://skeb.jp/api/users/ronn_irai (attempt 3/3)
2026-07-12 01:14:43 | WARNING  | 404 on https://skeb.jp/api/users/polar_kuma62 (attempt 2/3)
2026-07-12 01:14:44 | WARNING  | 404 on https://skeb.jp/api/users/923kaku (attempt 3/3)
2026-07-12 01:14:45 | WARNING  | 404 on https://skeb.jp/api/users/soraumi2000_50_ (attempt 2/3)
2026-07-12 01:14:46 | WARNING  | 404 on https://skeb.jp/api/users/p_pfp5 (attempt 1/3)
2026-07-12 01:14:47 | WARNING  | 404 on https://skeb.jp/api/users/Henzu_23 (attempt 2/3)
2026-07-12 01:14:49 | WARNING  | 404 on https://skeb.jp/api/users/fm7hxj (attempt 3/3)
2026-07-12 01:14:50 | INFO     | OK https://skeb.jp/api/users/k_o_r_o_n__
2026-07-12 01:14:50 | INFO     | Saving at archive\skeb\k_o_r_o_n__-feadd4.json
2026-07-12 01:14:51 | WARNING  | 404 on https://skeb.jp/api/users/fukafuka_no_inu (attempt 1/3)
2026-07-12 01:14:52 | WARNING  | 404 on https://skeb.jp/api/users/ghcfujfc1 (attempt 1/3)
2026-07-12 01:14:53 | WARNING  | 404 on https://skeb.jp/api/users/Llu_ulg (attempt 2/3)
2026-07-12 01:14:54 | INFO     | OK https://skeb.jp/api/users/ika_mesugorira
2026-07-12 01:14:54 | INFO     | Saving at archive\skeb\ika_mesugorira-885068.json
2026-07-12 01:14:55 | WARNING  | 404 on https://skeb.jp/api/users/soraumi2000_50_ (attempt 3/3)
2026-07-12 01:14:56 | WARNING  | 404 on https://skeb.jp/api/users/77_t2w (attempt 1/3)
2026-07-12 01:14:57 | WARNING  | 404 on https://skeb.jp/api/users/mimei_Illust (attempt 2/3)
2026-07-12 01:14:58 | WARNING  | 404 on https://skeb.jp/api/users/polar_kuma62 (attempt 3/3)
2026-07-12 01:14:59 | WARNING  | 404 on https://skeb.jp/api/users/fukafuka_no_inu (attempt 2/3)
2026-07-12 01:15:00 | INFO     | OK https://skeb.jp/api/users/_hyphe_n
2026-07-12 01:15:00 | INFO     | Saving at archive\skeb\_hyphe_n-e6ee2b.json
2026-07-12 01:15:01 | INFO     | OK https://skeb.jp/api/users/miturumaruo
2026-07-12 01:15:01 | INFO     | Saving at archive\skeb\miturumaruo-0c2511.json
2026-07-12 01:15:02 | WARNING  | 404 on https://skeb.jp/api/users/Llu_ulg (attempt 3/3)
2026-07-12 01:15:03 | WARNING  | 404 on https://skeb.jp/api/users/Henzu_23 (attempt 3/3)
2026-07-12 01:15:04 | WARNING  | 404 on https://skeb.jp/api/users/mimei_Illust (attempt 3/3)
2026-07-12 01:15:05 | WARNING  | 404 on https://skeb.jp/api/users/8oSSUHCnXXz4tBp (attempt 1/3)
2026-07-12 01:15:06 | INFO     | OK https://skeb.jp/api/users/junonooheso18
2026-07-12 01:15:06 | INFO     | Saving at archive\skeb\junonooheso18-c53612.json
2026-07-12 01:15:07 | WARNING  | 404 on https://skeb.jp/api/users/meguru_nero (attempt 1/3)
2026-07-12 01:15:08 | WARNING  | 404 on https://skeb.jp/api/users/fukafuka_no_inu (attempt 3/3)
2026-07-12 01:15:09 | WARNING  | 404 on https://skeb.jp/api/users/Ryuzi_27 (attempt 1/3)
2026-07-12 01:15:10 | WARNING  | 404 on https://skeb.jp/api/users/8oSSUHCnXXz4tBp (attempt 2/3)
2026-07-12 01:15:11 | WARNING  | 404 on https://skeb.jp/api/users/EDO__nyan (attempt 1/3)
2026-07-12 01:15:12 | WARNING  | 404 on https://skeb.jp/api/users/77_t2w (attempt 2/3)
2026-07-12 01:15:13 | WARNING  | 404 on https://skeb.jp/api/users/NOm0y0i (attempt 1/3)
2026-07-12 01:15:14 | WARNING  | 404 on https://skeb.jp/api/users/ghcfujfc1 (attempt 2/3)
2026-07-12 01:15:15 | WARNING  | 404 on https://skeb.jp/api/users/Ryuzi_27 (attempt 2/3)
2026-07-12 01:15:16 | WARNING  | 404 on https://skeb.jp/api/users/meguru_nero (attempt 2/3)
2026-07-12 01:15:17 | WARNING  | 404 on https://skeb.jp/api/users/NOm0y0i (attempt 2/3)
2026-07-12 01:15:18 | WARNING  | 404 on https://skeb.jp/api/users/p_pfp5 (attempt 2/3)
2026-07-12 01:15:19 | WARNING  | 404 on https://skeb.jp/api/users/Axnya (attempt 1/3)
2026-07-12 01:15:20 | WARNING  | 404 on https://skeb.jp/api/users/aki_ra3_ (attempt 1/3)
2026-07-12 01:15:21 | WARNING  | 404 on https://skeb.jp/api/users/8oSSUHCnXXz4tBp (attempt 3/3)
2026-07-12 01:15:22 | WARNING  | 404 on https://skeb.jp/api/users/ghcfujfc1 (attempt 3/3)
2026-07-12 01:15:23 | WARNING  | 404 on https://skeb.jp/api/users/77_t2w (attempt 3/3)
2026-07-12 01:15:24 | WARNING  | 404 on https://skeb.jp/api/users/NOm0y0i (attempt 3/3)
2026-07-12 01:15:25 | WARNING  | 404 on https://skeb.jp/api/users/Ryuzi_27 (attempt 3/3)
2026-07-12 01:15:26 | WARNING  | 404 on https://skeb.jp/api/users/_meruruto_ (attempt 1/3)
2026-07-12 01:15:27 | WARNING  | 404 on https://skeb.jp/api/users/g33kst (attempt 1/3)
2026-07-12 01:15:28 | WARNING  | 404 on https://skeb.jp/api/users/p_pfp5 (attempt 3/3)
2026-07-12 01:15:29 | WARNING  | 404 on https://skeb.jp/api/users/_meruruto_ (attempt 2/3)
2026-07-12 01:15:30 | WARNING  | 404 on https://skeb.jp/api/users/kokorono_376 (attempt 1/3)
2026-07-12 01:15:31 | WARNING  | 404 on https://skeb.jp/api/users/kiNero30901 (attempt 1/3)
2026-07-12 01:15:32 | WARNING  | 404 on https://skeb.jp/api/users/lkjeudnduy44 (attempt 1/3)
2026-07-12 01:15:33 | WARNING  | 404 on https://skeb.jp/api/users/EDO__nyan (attempt 2/3)
2026-07-12 01:15:34 | WARNING  | 404 on https://skeb.jp/api/users/29Kota2 (attempt 1/3)
2026-07-12 01:15:35 | WARNING  | 404 on https://skeb.jp/api/users/lkjeudnduy44 (attempt 2/3)
2026-07-12 01:15:36 | WARNING  | 404 on https://skeb.jp/api/users/aki_ra3_ (attempt 2/3)
2026-07-12 01:15:37 | WARNING  | 404 on https://skeb.jp/api/users/g33kst (attempt 2/3)
2026-07-12 01:15:38 | WARNING  | 404 on https://skeb.jp/api/users/EDO__nyan (attempt 3/3)
2026-07-12 01:15:39 | WARNING  | 404 on https://skeb.jp/api/users/meguru_nero (attempt 3/3)
2026-07-12 01:15:40 | WARNING  | 404 on https://skeb.jp/api/users/lkjeudnduy44 (attempt 3/3)
2026-07-12 01:15:41 | WARNING  | 404 on https://skeb.jp/api/users/kiNero30901 (attempt 2/3)
2026-07-12 01:15:42 | WARNING  | 404 on https://skeb.jp/api/users/Geshi_to_ (attempt 1/3)
2026-07-12 01:15:43 | WARNING  | 404 on https://skeb.jp/api/users/29Kota2 (attempt 2/3)
2026-07-12 01:15:44 | INFO     | OK https://skeb.jp/api/users/muccho13
2026-07-12 01:15:44 | INFO     | Saving at archive\skeb\muccho13-f27db6.json
2026-07-12 01:15:45 | WARNING  | 404 on https://skeb.jp/api/users/aki_ra3_ (attempt 3/3)
2026-07-12 01:15:46 | WARNING  | 404 on https://skeb.jp/api/users/kokorono_376 (attempt 2/3)
2026-07-12 01:15:47 | WARNING  | 404 on https://skeb.jp/api/users/kotonesansukida (attempt 1/3)
2026-07-12 01:15:48 | WARNING  | 404 on https://skeb.jp/api/users/_meruruto_ (attempt 3/3)
2026-07-12 01:15:49 | WARNING  | 404 on https://skeb.jp/api/users/29Kota2 (attempt 3/3)
2026-07-12 01:15:50 | WARNING  | 404 on https://skeb.jp/api/users/kotonesansukida (attempt 2/3)
2026-07-12 01:15:51 | WARNING  | 404 on https://skeb.jp/api/users/Geshi_to_ (attempt 2/3)
2026-07-12 01:15:52 | WARNING  | 404 on https://skeb.jp/api/users/kiNero30901 (attempt 3/3)
2026-07-12 01:15:53 | WARNING  | 404 on https://skeb.jp/api/users/kokorono_376 (attempt 3/3)
2026-07-12 01:15:54 | WARNING  | 404 on https://skeb.jp/api/users/g33kst (attempt 3/3)
2026-07-12 01:15:55 | WARNING  | 404 on https://skeb.jp/api/users/Genkyou (attempt 1/3)
2026-07-12 01:15:56 | WARNING  | 404 on https://skeb.jp/api/users/kotonesansukida (attempt 3/3)
2026-07-12 01:15:57 | WARNING  | 404 on https://skeb.jp/api/users/Axnya (attempt 2/3)
2026-07-12 01:15:58 | WARNING  | 404 on https://skeb.jp/api/users/Geshi_to_ (attempt 3/3)
2026-07-12 01:15:59 | WARNING  | 404 on https://skeb.jp/api/users/Genkyou (attempt 2/3)
2026-07-12 01:16:02 | WARNING  | 404 on https://skeb.jp/api/users/Axnya (attempt 3/3)
2026-07-12 01:16:03 | WARNING  | 404 on https://skeb.jp/api/users/Genkyou (attempt 3/3)
2026-07-12 01:16:03 | INFO     |  --- SUMMARY REPORT --- 
  Sources Retreived    : 51
  Profiles Fetched     : 6
  Profile Missing      : 45
  Profile Rate Limited : 0
  Profile Error Others : 0

2026-07-12 01:16:03 | INFO     | Started creating static api data.
2026-07-12 01:17:14 | INFO     | Album index written to archive\albums\index.json (356 albums)
