2026-09-15 13:40:19 | INFO     | Initialized Data Store.
2026-09-15 13:40:20 | INFO     | Homepage GET status=200 (attempt 1/3)
2026-09-15 13:40:20 | WARNING  | request_key not found in homepage HTML (status=200).
2026-09-15 13:40:20 | INFO     | SkebClient ready (impersonate=chrome120, rate=1.0/s, concurrency=10, max_runtime=10800s)
2026-09-15 13:42:28 | INFO     | Ready to scrape 82 items
2026-09-15 13:42:28 | WARNING  | 404 on https://skeb.jp/api/users/Henzu_23 (attempt 1/3)
2026-09-15 13:42:29 | INFO     | OK https://skeb.jp/api/users/anime_oekaki13
2026-09-15 13:42:29 | INFO     | Saving at a/skeb/anime_oekaki13-9eaaee.json
2026-09-15 13:42:30 | WARNING  | 404 on https://skeb.jp/api/users/Geshi_to_ (attempt 1/3)
2026-09-15 13:42:31 | WARNING  | 404 on https://skeb.jp/api/users/m3x3_sk (attempt 1/3)
2026-09-15 13:42:32 | INFO     | OK https://skeb.jp/api/users/NomayoV
2026-09-15 13:42:32 | INFO     | Saving at a/skeb/NomayoV-c2afc6.json
2026-09-15 13:42:33 | INFO     | OK https://skeb.jp/api/users/tatsu_san_tatsu
2026-09-15 13:42:33 | INFO     | Saving at a/skeb/tatsu_san_tatsu-32c3de.json
2026-09-15 13:42:34 | INFO     | OK https://skeb.jp/api/users/food_mgmg_happy
2026-09-15 13:42:34 | INFO     | Saving at a/skeb/food_mgmg_happy-ddedbc.json
2026-09-15 13:42:35 | WARNING  | 404 on https://skeb.jp/api/users/kasha0927 (attempt 1/3)
2026-09-15 13:42:36 | WARNING  | 404 on https://skeb.jp/api/users/kiNero30901 (attempt 1/3)
2026-09-15 13:42:37 | WARNING  | 404 on https://skeb.jp/api/users/m3x3_sk (attempt 2/3)
2026-09-15 13:42:38 | WARNING  | 404 on https://skeb.jp/api/users/soraumi2000_50_ (attempt 1/3)
2026-09-15 13:42:39 | WARNING  | 404 on https://skeb.jp/api/users/kasha0927 (attempt 2/3)
2026-09-15 13:42:40 | WARNING  | 404 on https://skeb.jp/api/users/kiNero30901 (attempt 2/3)
2026-09-15 13:42:41 | WARNING  | 404 on https://skeb.jp/api/users/soraumi2000_50_ (attempt 2/3)
2026-09-15 13:42:42 | WARNING  | 404 on https://skeb.jp/api/users/mimei_Illust (attempt 1/3)
2026-09-15 13:42:43 | WARNING  | 404 on https://skeb.jp/api/users/_meruruto_ (attempt 1/3)
2026-09-15 13:42:44 | WARNING  | 404 on https://skeb.jp/api/users/vHoo__ (attempt 1/3)
2026-09-15 13:42:45 | WARNING  | 404 on https://skeb.jp/api/users/kasha0927 (attempt 3/3)
2026-09-15 13:42:46 | WARNING  | 404 on https://skeb.jp/api/users/Henzu_23 (attempt 2/3)
2026-09-15 13:42:47 | WARNING  | 404 on https://skeb.jp/api/users/m3x3_sk (attempt 3/3)
2026-09-15 13:42:48 | WARNING  | 404 on https://skeb.jp/api/users/vHoo__ (attempt 2/3)
2026-09-15 13:42:49 | WARNING  | 404 on https://skeb.jp/api/users/Geshi_to_ (attempt 2/3)
2026-09-15 13:42:50 | INFO     | OK https://skeb.jp/api/users/okotowari_v
2026-09-15 13:42:50 | INFO     | Saving at a/skeb/okotowari_v-cd2d2b.json
2026-09-15 13:42:51 | WARNING  | 404 on https://skeb.jp/api/users/_meruruto_ (attempt 2/3)
2026-09-15 13:42:52 | WARNING  | 404 on https://skeb.jp/api/users/Henzu_23 (attempt 3/3)
2026-09-15 13:42:53 | WARNING  | 404 on https://skeb.jp/api/users/vHoo__ (attempt 3/3)
2026-09-15 13:42:54 | WARNING  | 404 on https://skeb.jp/api/users/mimamorichan (attempt 1/3)
2026-09-15 13:42:55 | WARNING  | 404 on https://skeb.jp/api/users/Geshi_to_ (attempt 3/3)
2026-09-15 13:42:56 | WARNING  | 404 on https://skeb.jp/api/users/kiNero30901 (attempt 3/3)
2026-09-15 13:42:57 | INFO     | OK https://skeb.jp/api/users/aptem45087043
2026-09-15 13:42:57 | INFO     | Saving at a/skeb/aptem45087043-7f696e.json
2026-09-15 13:42:58 | WARNING  | 404 on https://skeb.jp/api/users/Uo_oU_us (attempt 1/3)
2026-09-15 13:42:59 | INFO     | OK https://skeb.jp/api/users/Eeeowl
2026-09-15 13:42:59 | INFO     | Saving at a/skeb/Eeeowl-e8b074.json
2026-09-15 13:43:00 | WARNING  | 404 on https://skeb.jp/api/users/mimei_Illust (attempt 2/3)
2026-09-15 13:43:01 | INFO     | OK https://skeb.jp/api/users/yr_nkmt2080
2026-09-15 13:43:01 | INFO     | Saving at a/skeb/yr_nkmt2080-f4e488.json
2026-09-15 13:43:02 | WARNING  | 404 on https://skeb.jp/api/users/soraumi2000_50_ (attempt 3/3)
2026-09-15 13:43:03 | INFO     | OK https://skeb.jp/api/users/fuwafuwa_craft
2026-09-15 13:43:03 | INFO     | Saving at a/skeb/fuwafuwa_craft-dbffac.json
2026-09-15 13:43:04 | WARNING  | 404 on https://skeb.jp/api/users/Uo_oU_us (attempt 2/3)
2026-09-15 13:43:05 | WARNING  | 404 on https://skeb.jp/api/users/_meruruto_ (attempt 3/3)
2026-09-15 13:43:06 | WARNING  | 404 on https://skeb.jp/api/users/29Kota2 (attempt 1/3)
2026-09-15 13:43:07 | WARNING  | 404 on https://skeb.jp/api/users/mimei_Illust (attempt 3/3)
2026-09-15 13:43:08 | WARNING  | 404 on https://skeb.jp/api/users/pgpcvDCE9G (attempt 1/3)
2026-09-15 13:43:09 | WARNING  | 404 on https://skeb.jp/api/users/923kaku (attempt 1/3)
2026-09-15 13:43:10 | WARNING  | 404 on https://skeb.jp/api/users/ronn_irai (attempt 1/3)
2026-09-15 13:43:11 | WARNING  | 404 on https://skeb.jp/api/users/mimamorichan (attempt 2/3)
2026-09-15 13:43:12 | WARNING  | 404 on https://skeb.jp/api/users/29Kota2 (attempt 2/3)
2026-09-15 13:43:13 | INFO     | OK https://skeb.jp/api/users/stayaliveplz
2026-09-15 13:43:13 | INFO     | Saving at a/skeb/stayaliveplz-8d3636.json
2026-09-15 13:43:14 | WARNING  | 404 on https://skeb.jp/api/users/Uo_oU_us (attempt 3/3)
2026-09-15 13:43:15 | WARNING  | 404 on https://skeb.jp/api/users/923kaku (attempt 2/3)
2026-09-15 13:43:16 | WARNING  | 404 on https://skeb.jp/api/users/ronn_irai (attempt 2/3)
2026-09-15 13:43:17 | WARNING  | 404 on https://skeb.jp/api/users/mimamorichan (attempt 3/3)
2026-09-15 13:43:18 | WARNING  | 404 on https://skeb.jp/api/users/29Kota2 (attempt 3/3)
2026-09-15 13:43:19 | WARNING  | 404 on https://skeb.jp/api/users/Axnya (attempt 1/3)
2026-09-15 13:43:20 | WARNING  | 404 on https://skeb.jp/api/users/scy2222 (attempt 1/3)
2026-09-15 13:43:21 | WARNING  | 404 on https://skeb.jp/api/users/ronn_irai (attempt 3/3)
2026-09-15 13:43:22 | WARNING  | 404 on https://skeb.jp/api/users/923kaku (attempt 3/3)
2026-09-15 13:43:23 | INFO     | OK https://skeb.jp/api/users/nnu94627
2026-09-15 13:43:23 | INFO     | Saving at a/skeb/nnu94627-783d7f.json
2026-09-15 13:43:24 | INFO     | OK https://skeb.jp/api/users/Pantuhakabikusa
2026-09-15 13:43:24 | INFO     | Saving at a/skeb/Pantuhakabikusa-246f08.json
2026-09-15 13:43:25 | WARNING  | 404 on https://skeb.jp/api/users/oshino_Iriss (attempt 1/3)
2026-09-15 13:43:26 | WARNING  | 404 on https://skeb.jp/api/users/Axnya (attempt 2/3)
2026-09-15 13:43:27 | INFO     | OK https://skeb.jp/api/users/nemu_illust
2026-09-15 13:43:27 | INFO     | Saving at a/skeb/nemu_illust-fc8079.json
2026-09-15 13:43:28 | INFO     | OK https://skeb.jp/api/users/isuzu_
2026-09-15 13:43:28 | INFO     | Saving at a/skeb/isuzu_-25323a.json
2026-09-15 13:43:29 | WARNING  | 404 on https://skeb.jp/api/users/se3ifinal (attempt 1/3)
2026-09-15 13:43:30 | INFO     | OK https://skeb.jp/api/users/an_un_
2026-09-15 13:43:30 | INFO     | Saving at a/skeb/an_un_-2eceb8.json
2026-09-15 13:43:31 | WARNING  | 404 on https://skeb.jp/api/users/8oSSUHCnXXz4tBp (attempt 1/3)
2026-09-15 13:43:32 | INFO     | OK https://skeb.jp/api/users/MogumoguWaffuru
2026-09-15 13:43:32 | INFO     | Saving at a/skeb/MogumoguWaffuru-c08171.json
2026-09-15 13:43:33 | WARNING  | 404 on https://skeb.jp/api/users/Axnya (attempt 3/3)
2026-09-15 13:43:34 | WARNING  | 404 on https://skeb.jp/api/users/Llu_ulg (attempt 1/3)
2026-09-15 13:43:35 | WARNING  | 404 on https://skeb.jp/api/users/oshino_Iriss (attempt 2/3)
2026-09-15 13:43:36 | WARNING  | 404 on https://skeb.jp/api/users/meguru_nero (attempt 1/3)
2026-09-15 13:43:37 | WARNING  | 404 on https://skeb.jp/api/users/Llu_ulg (attempt 2/3)
2026-09-15 13:43:38 | INFO     | OK https://skeb.jp/api/users/haria_harian
2026-09-15 13:43:38 | INFO     | Saving at a/skeb/haria_harian-965b77.json
2026-09-15 13:43:39 | WARNING  | 404 on https://skeb.jp/api/users/scy2222 (attempt 2/3)
2026-09-15 13:43:40 | WARNING  | 404 on https://skeb.jp/api/users/meguru_nero (attempt 2/3)
2026-09-15 13:43:41 | WARNING  | 404 on https://skeb.jp/api/users/oshino_Iriss (attempt 3/3)
2026-09-15 13:43:42 | WARNING  | 404 on https://skeb.jp/api/users/killy810 (attempt 1/3)
2026-09-15 13:43:43 | WARNING  | 404 on https://skeb.jp/api/users/se3ifinal (attempt 2/3)
2026-09-15 13:43:44 | WARNING  | 404 on https://skeb.jp/api/users/Llu_ulg (attempt 3/3)
2026-09-15 13:43:45 | WARNING  | 404 on https://skeb.jp/api/users/aki_ra3_ (attempt 1/3)
2026-09-15 13:43:46 | WARNING  | 404 on https://skeb.jp/api/users/killy810 (attempt 2/3)
2026-09-15 13:43:47 | WARNING  | 404 on https://skeb.jp/api/users/scy2222 (attempt 3/3)
2026-09-15 13:43:48 | WARNING  | 404 on https://skeb.jp/api/users/aki_ra3_ (attempt 2/3)
2026-09-15 13:43:49 | INFO     | OK https://skeb.jp/api/users/k4AAAs
2026-09-15 13:43:49 | INFO     | Saving at a/skeb/k4AAAs-2bcc5a.json
2026-09-15 13:43:50 | WARNING  | 404 on https://skeb.jp/api/users/se3ifinal (attempt 3/3)
2026-09-15 13:43:51 | WARNING  | 404 on https://skeb.jp/api/users/killy810 (attempt 3/3)
2026-09-15 13:43:52 | WARNING  | 404 on https://skeb.jp/api/users/77_t2w (attempt 1/3)
2026-09-15 13:43:53 | WARNING  | 404 on https://skeb.jp/api/users/kokorono_376 (attempt 1/3)
2026-09-15 13:43:54 | INFO     | OK https://skeb.jp/api/users/shou1435
2026-09-15 13:43:54 | INFO     | Saving at a/skeb/shou1435-2b0b63.json
2026-09-15 13:43:55 | WARNING  | 404 on https://skeb.jp/api/users/pgpcvDCE9G (attempt 2/3)
2026-09-15 13:43:56 | INFO     | OK https://skeb.jp/api/users/Dynamic_yeah
2026-09-15 13:43:56 | INFO     | Saving at a/skeb/Dynamic_yeah-9d593e.json
2026-09-15 13:43:57 | WARNING  | 404 on https://skeb.jp/api/users/meguru_nero (attempt 3/3)
2026-09-15 13:43:58 | INFO     | OK https://skeb.jp/api/users/comi_21
2026-09-15 13:43:58 | INFO     | Saving at a/skeb/comi_21-c17ab7.json
2026-09-15 13:43:59 | WARNING  | 404 on https://skeb.jp/api/users/polar_kuma62 (attempt 1/3)
2026-09-15 13:44:00 | WARNING  | 404 on https://skeb.jp/api/users/aki_ra3_ (attempt 3/3)
2026-09-15 13:44:01 | WARNING  | 404 on https://skeb.jp/api/users/pgpcvDCE9G (attempt 3/3)
2026-09-15 13:44:02 | INFO     | OK https://skeb.jp/api/users/asanoyoruda
2026-09-15 13:44:02 | INFO     | Saving at a/skeb/asanoyoruda-2470e7.json
2026-09-15 13:44:03 | WARNING  | 404 on https://skeb.jp/api/users/Genkyou (attempt 1/3)
2026-09-15 13:44:04 | INFO     | OK https://skeb.jp/api/users/ori3k
2026-09-15 13:44:04 | INFO     | Saving at a/skeb/ori3k-c04c5a.json
2026-09-15 13:44:05 | WARNING  | 404 on https://skeb.jp/api/users/fukafuka_no_inu (attempt 1/3)
2026-09-15 13:44:06 | WARNING  | 404 on https://skeb.jp/api/users/8oSSUHCnXXz4tBp (attempt 2/3)
2026-09-15 13:44:07 | WARNING  | 404 on https://skeb.jp/api/users/77_t2w (attempt 2/3)
2026-09-15 13:44:08 | WARNING  | 404 on https://skeb.jp/api/users/fukafuka_no_inu (attempt 2/3)
2026-09-15 13:44:09 | WARNING  | 404 on https://skeb.jp/api/users/Genkyou (attempt 2/3)
2026-09-15 13:44:10 | WARNING  | 404 on https://skeb.jp/api/users/Iam_Ciikawa (attempt 1/3)
2026-09-15 13:44:11 | INFO     | OK https://skeb.jp/api/users/mohumo_fuyu
2026-09-15 13:44:11 | INFO     | Saving at a/skeb/mohumo_fuyu-e657b9.json
2026-09-15 13:44:12 | WARNING  | 404 on https://skeb.jp/api/users/8oSSUHCnXXz4tBp (attempt 3/3)
2026-09-15 13:44:13 | WARNING  | 404 on https://skeb.jp/api/users/polar_kuma62 (attempt 2/3)
2026-09-15 13:44:14 | WARNING  | 404 on https://skeb.jp/api/users/fukafuka_no_inu (attempt 3/3)
2026-09-15 13:44:15 | WARNING  | 404 on https://skeb.jp/api/users/kokorono_376 (attempt 2/3)
2026-09-15 13:44:16 | WARNING  | 404 on https://skeb.jp/api/users/Iam_Ciikawa (attempt 2/3)
2026-09-15 13:44:17 | INFO     | OK https://skeb.jp/api/users/momomony_zzz
2026-09-15 13:44:17 | INFO     | Saving at a/skeb/momomony_zzz-0a68ea.json
2026-09-15 13:44:18 | WARNING  | 404 on https://skeb.jp/api/users/EDO__nyan (attempt 1/3)
2026-09-15 13:44:19 | WARNING  | 404 on https://skeb.jp/api/users/polar_kuma62 (attempt 3/3)
2026-09-15 13:44:20 | WARNING  | 404 on https://skeb.jp/api/users/p_pfp5 (attempt 1/3)
2026-09-15 13:44:21 | WARNING  | 404 on https://skeb.jp/api/users/kagoyama_sns (attempt 1/3)
2026-09-15 13:44:22 | WARNING  | 404 on https://skeb.jp/api/users/Iam_Ciikawa (attempt 3/3)
2026-09-15 13:44:23 | WARNING  | 404 on https://skeb.jp/api/users/Genkyou (attempt 3/3)
2026-09-15 13:44:24 | INFO     | OK https://skeb.jp/api/users/kousya1123
2026-09-15 13:44:24 | INFO     | Saving at a/skeb/kousya1123-c168bc.json
2026-09-15 13:44:25 | WARNING  | 404 on https://skeb.jp/api/users/77_t2w (attempt 3/3)
2026-09-15 13:44:26 | WARNING  | 404 on https://skeb.jp/api/users/EDO__nyan (attempt 2/3)
2026-09-15 13:44:27 | WARNING  | 404 on https://skeb.jp/api/users/kotonesansukida (attempt 1/3)
2026-09-15 13:44:28 | INFO     | OK https://skeb.jp/api/users/goren0914
2026-09-15 13:44:28 | INFO     | Saving at a/skeb/goren0914-9503c3.json
2026-09-15 13:44:29 | WARNING  | 404 on https://skeb.jp/api/users/kokorono_376 (attempt 3/3)
2026-09-15 13:44:30 | WARNING  | 404 on https://skeb.jp/api/users/kotonesansukida (attempt 2/3)
2026-09-15 13:44:31 | INFO     | OK https://skeb.jp/api/users/mell0w_dream
2026-09-15 13:44:31 | INFO     | Saving at a/skeb/mell0w_dream-a0db90.json
2026-09-15 13:44:32 | WARNING  | 404 on https://skeb.jp/api/users/EDO__nyan (attempt 3/3)
2026-09-15 13:44:33 | INFO     | OK https://skeb.jp/api/users/task_Fth
2026-09-15 13:44:33 | INFO     | Saving at a/skeb/task_Fth-7cfe4e.json
2026-09-15 13:44:34 | INFO     | OK https://skeb.jp/api/users/mizumura_img
2026-09-15 13:44:34 | INFO     | Saving at a/skeb/mizumura_img-64ac66.json
2026-09-15 13:44:35 | INFO     | OK https://skeb.jp/api/users/InspecterAI
2026-09-15 13:44:35 | INFO     | Saving at a/skeb/InspecterAI-72fa69.json
2026-09-15 13:44:36 | WARNING  | 404 on https://skeb.jp/api/users/NOm0y0i (attempt 1/3)
2026-09-15 13:44:37 | WARNING  | 404 on https://skeb.jp/api/users/kagoyama_sns (attempt 2/3)
2026-09-15 13:44:38 | WARNING  | 404 on https://skeb.jp/api/users/p_pfp5 (attempt 2/3)
2026-09-15 13:44:39 | WARNING  | 404 on https://skeb.jp/api/users/nyatta_san (attempt 1/3)
2026-09-15 13:44:40 | WARNING  | 404 on https://skeb.jp/api/users/NOm0y0i (attempt 2/3)
2026-09-15 13:44:41 | WARNING  | 404 on https://skeb.jp/api/users/yamin_himamo23 (attempt 1/3)
2026-09-15 13:44:42 | WARNING  | 404 on https://skeb.jp/api/users/kotonesansukida (attempt 3/3)
2026-09-15 13:44:43 | WARNING  | 404 on https://skeb.jp/api/users/p_pfp5 (attempt 3/3)
2026-09-15 13:44:44 | WARNING  | 404 on https://skeb.jp/api/users/3hankikan0220 (attempt 1/3)
2026-09-15 13:44:45 | WARNING  | 404 on https://skeb.jp/api/users/yamin_himamo23 (attempt 2/3)
2026-09-15 13:44:46 | WARNING  | 404 on https://skeb.jp/api/users/NOm0y0i (attempt 3/3)
2026-09-15 13:44:47 | WARNING  | 404 on https://skeb.jp/api/users/3hankikan0220 (attempt 2/3)
2026-09-15 13:44:48 | INFO     | OK https://skeb.jp/api/users/no385jirachi
2026-09-15 13:44:48 | INFO     | Saving at a/skeb/no385jirachi-4cd7af.json
2026-09-15 13:44:49 | INFO     | OK https://skeb.jp/api/users/ays_444
2026-09-15 13:44:49 | INFO     | Saving at a/skeb/ays_444-da8bd7.json
2026-09-15 13:44:50 | WARNING  | 404 on https://skeb.jp/api/users/fm7hxj (attempt 1/3)
2026-09-15 13:44:51 | INFO     | OK https://skeb.jp/api/users/unkn_own16
2026-09-15 13:44:51 | INFO     | Saving at a/skeb/unkn_own16-8da391.json
2026-09-15 13:44:52 | WARNING  | 404 on https://skeb.jp/api/users/T4k73gqSZ26h5si (attempt 1/3)
2026-09-15 13:44:53 | INFO     | OK https://skeb.jp/api/users/hoshinomeririri
2026-09-15 13:44:53 | INFO     | Saving at a/skeb/hoshinomeririri-f4c34a.json
2026-09-15 13:44:54 | WARNING  | 404 on https://skeb.jp/api/users/fm7hxj (attempt 2/3)
2026-09-15 13:44:55 | WARNING  | 404 on https://skeb.jp/api/users/sakayama_lazuli (attempt 1/3)
2026-09-15 13:44:56 | WARNING  | 404 on https://skeb.jp/api/users/T4k73gqSZ26h5si (attempt 2/3)
2026-09-15 13:44:57 | WARNING  | 404 on https://skeb.jp/api/users/Ryuzi_27 (attempt 1/3)
2026-09-15 13:44:58 | WARNING  | 404 on https://skeb.jp/api/users/3hankikan0220 (attempt 3/3)
2026-09-15 13:44:59 | WARNING  | 404 on https://skeb.jp/api/users/sakayama_lazuli (attempt 2/3)
2026-09-15 13:45:01 | WARNING  | 404 on https://skeb.jp/api/users/fm7hxj (attempt 3/3)
2026-09-15 13:45:01 | WARNING  | 404 on https://skeb.jp/api/users/Ryuzi_27 (attempt 2/3)
2026-09-15 13:45:02 | WARNING  | 404 on https://skeb.jp/api/users/T4k73gqSZ26h5si (attempt 3/3)
2026-09-15 13:45:03 | WARNING  | 404 on https://skeb.jp/api/users/yamin_himamo23 (attempt 3/3)
2026-09-15 13:45:04 | WARNING  | 404 on https://skeb.jp/api/users/sakayama_lazuli (attempt 3/3)
2026-09-15 13:45:05 | WARNING  | 404 on https://skeb.jp/api/users/nyatta_san (attempt 2/3)
2026-09-15 13:45:06 | INFO     | OK https://skeb.jp/api/users/rail9090
2026-09-15 13:45:06 | INFO     | Saving at a/skeb/rail9090-7a49aa.json
2026-09-15 13:45:07 | WARNING  | 404 on https://skeb.jp/api/users/toxizaki (attempt 1/3)
2026-09-15 13:45:08 | WARNING  | 404 on https://skeb.jp/api/users/nattamati_ (attempt 1/3)
2026-09-15 13:45:09 | WARNING  | 404 on https://skeb.jp/api/users/ghcfujfc1 (attempt 1/3)
2026-09-15 13:45:10 | WARNING  | 404 on https://skeb.jp/api/users/Ryuzi_27 (attempt 3/3)
2026-09-15 13:45:11 | WARNING  | 404 on https://skeb.jp/api/users/toxizaki (attempt 2/3)
2026-09-15 13:45:12 | WARNING  | 404 on https://skeb.jp/api/users/ghcfujfc1 (attempt 2/3)
2026-09-15 13:45:13 | WARNING  | 404 on https://skeb.jp/api/users/nattamati_ (attempt 2/3)
2026-09-15 13:45:14 | WARNING  | 404 on https://skeb.jp/api/users/kagoyama_sns (attempt 3/3)
2026-09-15 13:45:15 | WARNING  | 404 on https://skeb.jp/api/users/nyatta_san (attempt 3/3)
2026-09-15 13:45:16 | WARNING  | 404 on https://skeb.jp/api/users/toxizaki (attempt 3/3)
2026-09-15 13:45:17 | WARNING  | 404 on https://skeb.jp/api/users/lkjeudnduy44 (attempt 1/3)
2026-09-15 13:45:18 | WARNING  | 404 on https://skeb.jp/api/users/ghcfujfc1 (attempt 3/3)
2026-09-15 13:45:19 | WARNING  | 404 on https://skeb.jp/api/users/nattamati_ (attempt 3/3)
2026-09-15 13:45:20 | WARNING  | 404 on https://skeb.jp/api/users/lkjeudnduy44 (attempt 2/3)
2026-09-15 13:45:25 | WARNING  | 404 on https://skeb.jp/api/users/lkjeudnduy44 (attempt 3/3)
2026-09-15 13:45:25 | INFO     |  --- SUMMARY REPORT --- 
  Sources Retreived    : 82
  Profiles Fetched     : 36
  Profile Missing      : 46
  Profile Rate Limited : 0
  Profile Error Others : 0

2026-09-15 13:45:25 | INFO     | Started creating static api data.
2026-09-15 13:47:12 | INFO     | Album index written to a/albums/index.json (512 albums)
