2026-08-02 18:17:40 | INFO     | Initialized Data Store.
2026-08-02 18:17:41 | INFO     | Homepage GET status=429 (attempt 1/3)
2026-08-02 18:17:41 | INFO     | Cookie extracted [request_key=...].
2026-08-02 18:17:41 | INFO     | SkebClient ready (impersonate=chrome120, rate=1.0/s, concurrency=10, max_runtime=10800s)
2026-08-02 18:19:38 | INFO     | Ready to scrape 58 items
2026-08-02 18:19:38 | WARNING  | 404 on https://skeb.jp/api/users/ghcfujfc1 (attempt 1/3)
2026-08-02 18:19:39 | WARNING  | 404 on https://skeb.jp/api/users/Uo_oU_us (attempt 1/3)
2026-08-02 18:19:40 | WARNING  | 404 on https://skeb.jp/api/users/EDO__nyan (attempt 1/3)
2026-08-02 18:19:41 | WARNING  | 404 on https://skeb.jp/api/users/ghcfujfc1 (attempt 2/3)
2026-08-02 18:19:42 | WARNING  | 404 on https://skeb.jp/api/users/mimei_Illust (attempt 1/3)
2026-08-02 18:19:43 | WARNING  | 404 on https://skeb.jp/api/users/killy810 (attempt 1/3)
2026-08-02 18:19:44 | WARNING  | 404 on https://skeb.jp/api/users/29Kota2 (attempt 1/3)
2026-08-02 18:19:45 | WARNING  | 404 on https://skeb.jp/api/users/Uo_oU_us (attempt 2/3)
2026-08-02 18:19:46 | WARNING  | 404 on https://skeb.jp/api/users/mimei_Illust (attempt 2/3)
2026-08-02 18:19:47 | WARNING  | 404 on https://skeb.jp/api/users/29Kota2 (attempt 2/3)
2026-08-02 18:19:48 | WARNING  | 404 on https://skeb.jp/api/users/pgpcvDCE9G (attempt 1/3)
2026-08-02 18:19:49 | WARNING  | 404 on https://skeb.jp/api/users/killy810 (attempt 2/3)
2026-08-02 18:19:50 | WARNING  | 404 on https://skeb.jp/api/users/ghcfujfc1 (attempt 3/3)
2026-08-02 18:19:51 | WARNING  | 404 on https://skeb.jp/api/users/pgpcvDCE9G (attempt 2/3)
2026-08-02 18:19:52 | WARNING  | 404 on https://skeb.jp/api/users/NOm0y0i (attempt 1/3)
2026-08-02 18:19:53 | WARNING  | 404 on https://skeb.jp/api/users/29Kota2 (attempt 3/3)
2026-08-02 18:19:54 | WARNING  | 404 on https://skeb.jp/api/users/aki_ra3_ (attempt 1/3)
2026-08-02 18:19:55 | WARNING  | 404 on https://skeb.jp/api/users/Uo_oU_us (attempt 3/3)
2026-08-02 18:19:56 | INFO     | OK https://skeb.jp/api/users/yamidenpa
2026-08-02 18:19:56 | INFO     | Saving at a/skeb/yamidenpa-f67b59.json
2026-08-02 18:19:57 | WARNING  | 404 on https://skeb.jp/api/users/killy810 (attempt 3/3)
2026-08-02 18:19:58 | WARNING  | 404 on https://skeb.jp/api/users/Genkyou (attempt 1/3)
2026-08-02 18:19:59 | WARNING  | 404 on https://skeb.jp/api/users/mimei_Illust (attempt 3/3)
2026-08-02 18:20:00 | WARNING  | 404 on https://skeb.jp/api/users/EDO__nyan (attempt 2/3)
2026-08-02 18:20:01 | WARNING  | 404 on https://skeb.jp/api/users/polar_kuma62 (attempt 1/3)
2026-08-02 18:20:02 | WARNING  | 404 on https://skeb.jp/api/users/Genkyou (attempt 2/3)
2026-08-02 18:20:03 | WARNING  | 404 on https://skeb.jp/api/users/ronn_irai (attempt 1/3)
2026-08-02 18:20:04 | WARNING  | 404 on https://skeb.jp/api/users/kiNero30901 (attempt 1/3)
2026-08-02 18:20:05 | WARNING  | 404 on https://skeb.jp/api/users/pgpcvDCE9G (attempt 3/3)
2026-08-02 18:20:06 | WARNING  | 404 on https://skeb.jp/api/users/aki_ra3_ (attempt 2/3)
2026-08-02 18:20:07 | WARNING  | 404 on https://skeb.jp/api/users/polar_kuma62 (attempt 2/3)
2026-08-02 18:20:08 | WARNING  | 404 on https://skeb.jp/api/users/kiNero30901 (attempt 2/3)
2026-08-02 18:20:09 | WARNING  | 404 on https://skeb.jp/api/users/kokorono_376 (attempt 1/3)
2026-08-02 18:20:10 | WARNING  | 404 on https://skeb.jp/api/users/EDO__nyan (attempt 3/3)
2026-08-02 18:20:11 | WARNING  | 404 on https://skeb.jp/api/users/ronn_irai (attempt 2/3)
2026-08-02 18:20:12 | WARNING  | 404 on https://skeb.jp/api/users/NOm0y0i (attempt 2/3)
2026-08-02 18:20:13 | WARNING  | 404 on https://skeb.jp/api/users/polar_kuma62 (attempt 3/3)
2026-08-02 18:20:14 | WARNING  | 404 on https://skeb.jp/api/users/oshino_Iriss (attempt 1/3)
2026-08-02 18:20:15 | INFO     | OK https://skeb.jp/api/users/obosya
2026-08-02 18:20:15 | INFO     | Saving at a/skeb/obosya-16f8ad.json
2026-08-02 18:20:16 | WARNING  | 404 on https://skeb.jp/api/users/aki_ra3_ (attempt 3/3)
2026-08-02 18:20:17 | WARNING  | 404 on https://skeb.jp/api/users/NOm0y0i (attempt 3/3)
2026-08-02 18:20:18 | WARNING  | 404 on https://skeb.jp/api/users/ronn_irai (attempt 3/3)
2026-08-02 18:20:19 | WARNING  | 404 on https://skeb.jp/api/users/m3x3_sk (attempt 1/3)
2026-08-02 18:20:20 | INFO     | OK https://skeb.jp/api/users/blati
2026-08-02 18:20:20 | INFO     | Saving at a/skeb/blati-253b2d.json
2026-08-02 18:20:21 | WARNING  | 404 on https://skeb.jp/api/users/oshino_Iriss (attempt 2/3)
2026-08-02 18:20:22 | INFO     | OK https://skeb.jp/api/users/azumaya146
2026-08-02 18:20:22 | INFO     | Saving at a/skeb/azumaya146-201690.json
2026-08-02 18:20:23 | WARNING  | 404 on https://skeb.jp/api/users/kokorono_376 (attempt 2/3)
2026-08-02 18:20:24 | WARNING  | 404 on https://skeb.jp/api/users/mimamorichan (attempt 1/3)
2026-08-02 18:20:25 | WARNING  | 404 on https://skeb.jp/api/users/m3x3_sk (attempt 2/3)
2026-08-02 18:20:26 | WARNING  | 404 on https://skeb.jp/api/users/oshino_Iriss (attempt 3/3)
2026-08-02 18:20:27 | WARNING  | 404 on https://skeb.jp/api/users/Genkyou (attempt 3/3)
2026-08-02 18:20:28 | WARNING  | 404 on https://skeb.jp/api/users/mimamorichan (attempt 2/3)
2026-08-02 18:20:29 | WARNING  | 404 on https://skeb.jp/api/users/Axnya (attempt 1/3)
2026-08-02 18:20:30 | WARNING  | 404 on https://skeb.jp/api/users/kokorono_376 (attempt 3/3)
2026-08-02 18:20:31 | WARNING  | 404 on https://skeb.jp/api/users/fukafuka_no_inu (attempt 1/3)
2026-08-02 18:20:32 | WARNING  | 404 on https://skeb.jp/api/users/Ryuzi_27 (attempt 1/3)
2026-08-02 18:20:33 | WARNING  | 404 on https://skeb.jp/api/users/soraumi2000_50_ (attempt 1/3)
2026-08-02 18:20:34 | WARNING  | 404 on https://skeb.jp/api/users/sakayama_lazuli (attempt 1/3)
2026-08-02 18:20:35 | WARNING  | 404 on https://skeb.jp/api/users/kotonesansukida (attempt 1/3)
2026-08-02 18:20:36 | WARNING  | 404 on https://skeb.jp/api/users/mimamorichan (attempt 3/3)
2026-08-02 18:20:37 | WARNING  | 404 on https://skeb.jp/api/users/soraumi2000_50_ (attempt 2/3)
2026-08-02 18:20:38 | WARNING  | 404 on https://skeb.jp/api/users/Ryuzi_27 (attempt 2/3)
2026-08-02 18:20:39 | WARNING  | 404 on https://skeb.jp/api/users/923kaku (attempt 1/3)
2026-08-02 18:20:40 | WARNING  | 404 on https://skeb.jp/api/users/kotonesansukida (attempt 2/3)
2026-08-02 18:20:41 | WARNING  | 404 on https://skeb.jp/api/users/kasha0927 (attempt 1/3)
2026-08-02 18:20:42 | WARNING  | 404 on https://skeb.jp/api/users/sakayama_lazuli (attempt 2/3)
2026-08-02 18:20:43 | WARNING  | 404 on https://skeb.jp/api/users/soraumi2000_50_ (attempt 3/3)
2026-08-02 18:20:44 | WARNING  | 404 on https://skeb.jp/api/users/kasha0927 (attempt 2/3)
2026-08-02 18:20:45 | WARNING  | 404 on https://skeb.jp/api/users/kotonesansukida (attempt 3/3)
2026-08-02 18:20:46 | WARNING  | 404 on https://skeb.jp/api/users/fukafuka_no_inu (attempt 2/3)
2026-08-02 18:20:47 | WARNING  | 404 on https://skeb.jp/api/users/T4k73gqSZ26h5si (attempt 1/3)
2026-08-02 18:20:48 | WARNING  | 404 on https://skeb.jp/api/users/kiNero30901 (attempt 3/3)
2026-08-02 18:20:49 | WARNING  | 404 on https://skeb.jp/api/users/Axnya (attempt 2/3)
2026-08-02 18:20:50 | WARNING  | 404 on https://skeb.jp/api/users/kasha0927 (attempt 3/3)
2026-08-02 18:20:51 | WARNING  | 404 on https://skeb.jp/api/users/Ryuzi_27 (attempt 3/3)
2026-08-02 18:20:52 | WARNING  | 404 on https://skeb.jp/api/users/kagoyama_sns (attempt 1/3)
2026-08-02 18:20:53 | WARNING  | 404 on https://skeb.jp/api/users/T4k73gqSZ26h5si (attempt 2/3)
2026-08-02 18:20:54 | INFO     | OK https://skeb.jp/api/users/Joe_Black1109
2026-08-02 18:20:54 | INFO     | Saving at a/skeb/Joe_Black1109-b14880.json
2026-08-02 18:20:55 | WARNING  | 404 on https://skeb.jp/api/users/fukafuka_no_inu (attempt 3/3)
2026-08-02 18:20:56 | WARNING  | 404 on https://skeb.jp/api/users/Llu_ulg (attempt 1/3)
2026-08-02 18:20:57 | WARNING  | 404 on https://skeb.jp/api/users/Axnya (attempt 3/3)
2026-08-02 18:20:58 | WARNING  | 404 on https://skeb.jp/api/users/T4k73gqSZ26h5si (attempt 3/3)
2026-08-02 18:20:59 | WARNING  | 404 on https://skeb.jp/api/users/kagoyama_sns (attempt 2/3)
2026-08-02 18:21:00 | WARNING  | 404 on https://skeb.jp/api/users/yamin_himamo23 (attempt 1/3)
2026-08-02 18:21:01 | WARNING  | 404 on https://skeb.jp/api/users/p_pfp5 (attempt 1/3)
2026-08-02 18:21:02 | WARNING  | 404 on https://skeb.jp/api/users/923kaku (attempt 2/3)
2026-08-02 18:21:03 | WARNING  | 404 on https://skeb.jp/api/users/3hankikan0220 (attempt 1/3)
2026-08-02 18:21:04 | WARNING  | 404 on https://skeb.jp/api/users/yamin_himamo23 (attempt 2/3)
2026-08-02 18:21:05 | WARNING  | 404 on https://skeb.jp/api/users/kagoyama_sns (attempt 3/3)
2026-08-02 18:21:06 | WARNING  | 404 on https://skeb.jp/api/users/3hankikan0220 (attempt 2/3)
2026-08-02 18:21:07 | WARNING  | 404 on https://skeb.jp/api/users/nattamati_ (attempt 1/3)
2026-08-02 18:21:08 | WARNING  | 404 on https://skeb.jp/api/users/923kaku (attempt 3/3)
2026-08-02 18:21:09 | WARNING  | 404 on https://skeb.jp/api/users/yamin_himamo23 (attempt 3/3)
2026-08-02 18:21:10 | WARNING  | 404 on https://skeb.jp/api/users/lkjeudnduy44 (attempt 1/3)
2026-08-02 18:21:11 | WARNING  | 404 on https://skeb.jp/api/users/3hankikan0220 (attempt 3/3)
2026-08-02 18:21:12 | WARNING  | 404 on https://skeb.jp/api/users/p_pfp5 (attempt 2/3)
2026-08-02 18:21:13 | WARNING  | 404 on https://skeb.jp/api/users/vHoo__ (attempt 1/3)
2026-08-02 18:21:14 | WARNING  | 404 on https://skeb.jp/api/users/lkjeudnduy44 (attempt 2/3)
2026-08-02 18:21:15 | WARNING  | 404 on https://skeb.jp/api/users/nattamati_ (attempt 2/3)
2026-08-02 18:21:16 | WARNING  | 404 on https://skeb.jp/api/users/sakayama_lazuli (attempt 3/3)
2026-08-02 18:21:17 | WARNING  | 404 on https://skeb.jp/api/users/vHoo__ (attempt 2/3)
2026-08-02 18:21:18 | INFO     | OK https://skeb.jp/api/users/_isuomu
2026-08-02 18:21:18 | INFO     | Saving at a/skeb/_isuomu-7e3d0a.json
2026-08-02 18:21:19 | WARNING  | 404 on https://skeb.jp/api/users/lkjeudnduy44 (attempt 3/3)
2026-08-02 18:21:20 | WARNING  | 404 on https://skeb.jp/api/users/nyatta_san (attempt 1/3)
2026-08-02 18:21:21 | WARNING  | 404 on https://skeb.jp/api/users/nattamati_ (attempt 3/3)
2026-08-02 18:21:22 | WARNING  | 404 on https://skeb.jp/api/users/m3x3_sk (attempt 3/3)
2026-08-02 18:21:23 | INFO     | OK https://skeb.jp/api/users/Bakuchikuuu0217
2026-08-02 18:21:23 | INFO     | Saving at a/skeb/Bakuchikuuu0217-dd9c01.json
2026-08-02 18:21:24 | WARNING  | 404 on https://skeb.jp/api/users/Henzu_23 (attempt 1/3)
2026-08-02 18:21:25 | WARNING  | 404 on https://skeb.jp/api/users/8oSSUHCnXXz4tBp (attempt 1/3)
2026-08-02 18:21:26 | WARNING  | 404 on https://skeb.jp/api/users/p_pfp5 (attempt 3/3)
2026-08-02 18:21:27 | WARNING  | 404 on https://skeb.jp/api/users/Henzu_23 (attempt 2/3)
2026-08-02 18:21:28 | INFO     | OK https://skeb.jp/api/users/hajimekimoto
2026-08-02 18:21:28 | INFO     | Saving at a/skeb/hajimekimoto-c9ddc8.json
2026-08-02 18:21:29 | WARNING  | 404 on https://skeb.jp/api/users/8oSSUHCnXXz4tBp (attempt 2/3)
2026-08-02 18:21:30 | INFO     | OK https://skeb.jp/api/users/pepepeccomaru16
2026-08-02 18:21:30 | INFO     | Saving at a/skeb/pepepeccomaru16-7d62fc.json
2026-08-02 18:21:31 | WARNING  | 404 on https://skeb.jp/api/users/Llu_ulg (attempt 2/3)
2026-08-02 18:21:32 | WARNING  | 404 on https://skeb.jp/api/users/77_t2w (attempt 1/3)
2026-08-02 18:21:33 | WARNING  | 404 on https://skeb.jp/api/users/Henzu_23 (attempt 3/3)
2026-08-02 18:21:34 | WARNING  | 404 on https://skeb.jp/api/users/nyatta_san (attempt 2/3)
2026-08-02 18:21:35 | WARNING  | 404 on https://skeb.jp/api/users/77_t2w (attempt 2/3)
2026-08-02 18:21:36 | WARNING  | 404 on https://skeb.jp/api/users/meguru_nero (attempt 1/3)
2026-08-02 18:21:37 | WARNING  | 404 on https://skeb.jp/api/users/vHoo__ (attempt 3/3)
2026-08-02 18:21:38 | WARNING  | 404 on https://skeb.jp/api/users/Geshi_to_ (attempt 1/3)
2026-08-02 18:21:39 | WARNING  | 404 on https://skeb.jp/api/users/8oSSUHCnXXz4tBp (attempt 3/3)
2026-08-02 18:21:40 | WARNING  | 404 on https://skeb.jp/api/users/nyatta_san (attempt 3/3)
2026-08-02 18:21:41 | WARNING  | 404 on https://skeb.jp/api/users/_meruruto_ (attempt 1/3)
2026-08-02 18:21:42 | WARNING  | 404 on https://skeb.jp/api/users/77_t2w (attempt 3/3)
2026-08-02 18:21:43 | WARNING  | 404 on https://skeb.jp/api/users/Geshi_to_ (attempt 2/3)
2026-08-02 18:21:44 | WARNING  | 404 on https://skeb.jp/api/users/fm7hxj (attempt 1/3)
2026-08-02 18:21:45 | WARNING  | 404 on https://skeb.jp/api/users/_meruruto_ (attempt 2/3)
2026-08-02 18:21:46 | WARNING  | 404 on https://skeb.jp/api/users/meguru_nero (attempt 2/3)
2026-08-02 18:21:47 | WARNING  | 404 on https://skeb.jp/api/users/Llu_ulg (attempt 3/3)
2026-08-02 18:21:48 | WARNING  | 404 on https://skeb.jp/api/users/Geshi_to_ (attempt 3/3)
2026-08-02 18:21:49 | INFO     | OK https://skeb.jp/api/users/hokubukyuushuu
2026-08-02 18:21:49 | INFO     | Saving at a/skeb/hokubukyuushuu-2cd9a3.json
2026-08-02 18:21:50 | WARNING  | 404 on https://skeb.jp/api/users/se3ifinal (attempt 1/3)
2026-08-02 18:21:51 | WARNING  | 404 on https://skeb.jp/api/users/toxizaki (attempt 1/3)
2026-08-02 18:21:52 | WARNING  | 404 on https://skeb.jp/api/users/meguru_nero (attempt 3/3)
2026-08-02 18:21:53 | WARNING  | 404 on https://skeb.jp/api/users/fm7hxj (attempt 2/3)
2026-08-02 18:21:54 | WARNING  | 404 on https://skeb.jp/api/users/_meruruto_ (attempt 3/3)
2026-08-02 18:21:55 | WARNING  | 404 on https://skeb.jp/api/users/toxizaki (attempt 2/3)
2026-08-02 18:21:56 | WARNING  | 404 on https://skeb.jp/api/users/scy2222 (attempt 1/3)
2026-08-02 18:21:57 | INFO     | OK https://skeb.jp/api/users/kitamakura000
2026-08-02 18:21:57 | INFO     | Saving at a/skeb/kitamakura000-6b7a83.json
2026-08-02 18:21:58 | WARNING  | 404 on https://skeb.jp/api/users/Iam_Ciikawa (attempt 1/3)
2026-08-02 18:21:59 | WARNING  | 404 on https://skeb.jp/api/users/fm7hxj (attempt 3/3)
2026-08-02 18:22:00 | WARNING  | 404 on https://skeb.jp/api/users/scy2222 (attempt 2/3)
2026-08-02 18:22:01 | INFO     | OK https://skeb.jp/api/users/honoka202507
2026-08-02 18:22:01 | INFO     | Saving at a/skeb/honoka202507-1627d2.json
2026-08-02 18:22:02 | WARNING  | 404 on https://skeb.jp/api/users/Iam_Ciikawa (attempt 2/3)
2026-08-02 18:22:03 | WARNING  | 404 on https://skeb.jp/api/users/toxizaki (attempt 3/3)
2026-08-02 18:22:04 | WARNING  | 404 on https://skeb.jp/api/users/se3ifinal (attempt 2/3)
2026-08-02 18:22:05 | WARNING  | 404 on https://skeb.jp/api/users/scy2222 (attempt 3/3)
2026-08-02 18:22:06 | WARNING  | 404 on https://skeb.jp/api/users/Iam_Ciikawa (attempt 3/3)
2026-08-02 18:22:08 | WARNING  | 404 on https://skeb.jp/api/users/se3ifinal (attempt 3/3)
2026-08-02 18:22:08 | INFO     |  --- SUMMARY REPORT --- 
  Sources Retreived    : 58
  Profiles Fetched     : 12
  Profile Missing      : 46
  Profile Rate Limited : 0
  Profile Error Others : 0

2026-08-02 18:22:08 | INFO     | Started creating static api data.
2026-08-02 18:23:54 | INFO     | Album index written to a/albums/index.json (412 albums)
