2026-08-25 09:11:25 | INFO     | Initialized Data Store.
2026-08-25 09:11:25 | INFO     | Homepage GET status=200 (attempt 1/3)
2026-08-25 09:11:25 | WARNING  | request_key not found in homepage HTML (status=200).
2026-08-25 09:11:25 | INFO     | SkebClient ready (impersonate=chrome120, rate=1.0/s, concurrency=10, max_runtime=10800s)
2026-08-25 09:13:07 | INFO     | Ready to scrape 52 items
2026-08-25 09:13:07 | WARNING  | 404 on https://skeb.jp/api/users/meguru_nero (attempt 1/3)
2026-08-25 09:13:08 | WARNING  | 404 on https://skeb.jp/api/users/pgpcvDCE9G (attempt 1/3)
2026-08-25 09:13:09 | WARNING  | 404 on https://skeb.jp/api/users/ghcfujfc1 (attempt 1/3)
2026-08-25 09:13:10 | WARNING  | 404 on https://skeb.jp/api/users/Ryuzi_27 (attempt 1/3)
2026-08-25 09:13:11 | WARNING  | 404 on https://skeb.jp/api/users/meguru_nero (attempt 2/3)
2026-08-25 09:13:12 | WARNING  | 404 on https://skeb.jp/api/users/pgpcvDCE9G (attempt 2/3)
2026-08-25 09:13:13 | WARNING  | 404 on https://skeb.jp/api/users/ghcfujfc1 (attempt 2/3)
2026-08-25 09:13:14 | WARNING  | 404 on https://skeb.jp/api/users/Ryuzi_27 (attempt 2/3)
2026-08-25 09:13:15 | INFO     | OK https://skeb.jp/api/users/amao
2026-08-25 09:13:15 | INFO     | Saving at a/skeb/amao-5e14c8.json
2026-08-25 09:13:17 | WARNING  | 404 on https://skeb.jp/api/users/meguru_nero (attempt 3/3)
2026-08-25 09:13:17 | WARNING  | 404 on https://skeb.jp/api/users/pgpcvDCE9G (attempt 3/3)
2026-08-25 09:13:18 | WARNING  | 404 on https://skeb.jp/api/users/ghcfujfc1 (attempt 3/3)
2026-08-25 09:13:19 | WARNING  | 404 on https://skeb.jp/api/users/fm7hxj (attempt 1/3)
2026-08-25 09:13:20 | INFO     | OK https://skeb.jp/api/users/kaki_bonbonbon
2026-08-25 09:13:20 | INFO     | Saving at a/skeb/kaki_bonbonbon-3ce044.json
2026-08-25 09:13:21 | WARNING  | 404 on https://skeb.jp/api/users/fukafuka_no_inu (attempt 1/3)
2026-08-25 09:13:22 | WARNING  | 404 on https://skeb.jp/api/users/Geshi_to_ (attempt 1/3)
2026-08-25 09:13:23 | WARNING  | 404 on https://skeb.jp/api/users/fm7hxj (attempt 2/3)
2026-08-25 09:13:24 | WARNING  | 404 on https://skeb.jp/api/users/Ryuzi_27 (attempt 3/3)
2026-08-25 09:13:25 | WARNING  | 404 on https://skeb.jp/api/users/mimei_Illust (attempt 1/3)
2026-08-25 09:13:26 | WARNING  | 404 on https://skeb.jp/api/users/Iam_Ciikawa (attempt 1/3)
2026-08-25 09:13:27 | INFO     | OK https://skeb.jp/api/users/mizuna_mogu
2026-08-25 09:13:27 | INFO     | Saving at a/skeb/mizuna_mogu-fa708c.json
2026-08-25 09:13:28 | WARNING  | 404 on https://skeb.jp/api/users/NOm0y0i (attempt 1/3)
2026-08-25 09:13:29 | WARNING  | 404 on https://skeb.jp/api/users/3hankikan0220 (attempt 1/3)
2026-08-25 09:13:30 | WARNING  | 404 on https://skeb.jp/api/users/se3ifinal (attempt 1/3)
2026-08-25 09:13:31 | WARNING  | 404 on https://skeb.jp/api/users/fm7hxj (attempt 3/3)
2026-08-25 09:13:32 | WARNING  | 404 on https://skeb.jp/api/users/3hankikan0220 (attempt 2/3)
2026-08-25 09:13:34 | WARNING  | 404 on https://skeb.jp/api/users/fukafuka_no_inu (attempt 2/3)
2026-08-25 09:13:35 | WARNING  | 404 on https://skeb.jp/api/users/Geshi_to_ (attempt 2/3)
2026-08-25 09:13:35 | WARNING  | 404 on https://skeb.jp/api/users/se3ifinal (attempt 2/3)
2026-08-25 09:13:37 | WARNING  | 404 on https://skeb.jp/api/users/Iam_Ciikawa (attempt 2/3)
2026-08-25 09:13:38 | WARNING  | 404 on https://skeb.jp/api/users/mimei_Illust (attempt 2/3)
2026-08-25 09:13:38 | WARNING  | 404 on https://skeb.jp/api/users/NOm0y0i (attempt 2/3)
2026-08-25 09:13:40 | WARNING  | 404 on https://skeb.jp/api/users/fukafuka_no_inu (attempt 3/3)
2026-08-25 09:13:40 | WARNING  | 404 on https://skeb.jp/api/users/3hankikan0220 (attempt 3/3)
2026-08-25 09:13:41 | WARNING  | 404 on https://skeb.jp/api/users/kokorono_376 (attempt 1/3)
2026-08-25 09:13:42 | WARNING  | 404 on https://skeb.jp/api/users/nattamati_ (attempt 1/3)
2026-08-25 09:13:43 | WARNING  | 404 on https://skeb.jp/api/users/NOm0y0i (attempt 3/3)
2026-08-25 09:13:44 | WARNING  | 404 on https://skeb.jp/api/users/Genkyou (attempt 1/3)
2026-08-25 09:13:45 | WARNING  | 404 on https://skeb.jp/api/users/killy810 (attempt 1/3)
2026-08-25 09:13:46 | WARNING  | 404 on https://skeb.jp/api/users/Geshi_to_ (attempt 3/3)
2026-08-25 09:13:47 | WARNING  | 404 on https://skeb.jp/api/users/Genkyou (attempt 2/3)
2026-08-25 09:13:49 | WARNING  | 404 on https://skeb.jp/api/users/mimei_Illust (attempt 3/3)
2026-08-25 09:13:49 | WARNING  | 404 on https://skeb.jp/api/users/Axnya (attempt 1/3)
2026-08-25 09:13:50 | WARNING  | 404 on https://skeb.jp/api/users/nattamati_ (attempt 2/3)
2026-08-25 09:13:51 | WARNING  | 404 on https://skeb.jp/api/users/Iam_Ciikawa (attempt 3/3)
2026-08-25 09:13:52 | WARNING  | 404 on https://skeb.jp/api/users/sakayama_lazuli (attempt 1/3)
2026-08-25 09:13:54 | WARNING  | 404 on https://skeb.jp/api/users/se3ifinal (attempt 3/3)
2026-08-25 09:13:54 | WARNING  | 404 on https://skeb.jp/api/users/Axnya (attempt 2/3)
2026-08-25 09:13:55 | WARNING  | 404 on https://skeb.jp/api/users/Llu_ulg (attempt 1/3)
2026-08-25 09:13:57 | WARNING  | 404 on https://skeb.jp/api/users/nattamati_ (attempt 3/3)
2026-08-25 09:13:58 | WARNING  | 404 on https://skeb.jp/api/users/kokorono_376 (attempt 2/3)
2026-08-25 09:13:58 | WARNING  | 404 on https://skeb.jp/api/users/EDO__nyan (attempt 1/3)
2026-08-25 09:14:00 | WARNING  | 404 on https://skeb.jp/api/users/sakayama_lazuli (attempt 2/3)
2026-08-25 09:14:00 | WARNING  | 404 on https://skeb.jp/api/users/kasha0927 (attempt 1/3)
2026-08-25 09:14:01 | WARNING  | 404 on https://skeb.jp/api/users/vHoo__ (attempt 1/3)
2026-08-25 09:14:02 | INFO     | OK https://skeb.jp/api/users/osiiizo
2026-08-25 09:14:02 | INFO     | Saving at a/skeb/osiiizo-d6fdcb.json
2026-08-25 09:14:03 | WARNING  | 404 on https://skeb.jp/api/users/kasha0927 (attempt 2/3)
2026-08-25 09:14:05 | WARNING  | 404 on https://skeb.jp/api/users/Genkyou (attempt 3/3)
2026-08-25 09:14:06 | WARNING  | 404 on https://skeb.jp/api/users/sakayama_lazuli (attempt 3/3)
2026-08-25 09:14:06 | WARNING  | 404 on https://skeb.jp/api/users/lkjeudnduy44 (attempt 1/3)
2026-08-25 09:14:07 | WARNING  | 404 on https://skeb.jp/api/users/m3x3_sk (attempt 1/3)
2026-08-25 09:14:08 | WARNING  | 404 on https://skeb.jp/api/users/ronn_irai (attempt 1/3)
2026-08-25 09:14:09 | WARNING  | 404 on https://skeb.jp/api/users/lkjeudnduy44 (attempt 2/3)
2026-08-25 09:14:11 | WARNING  | 404 on https://skeb.jp/api/users/kasha0927 (attempt 3/3)
2026-08-25 09:14:12 | WARNING  | 404 on https://skeb.jp/api/users/kokorono_376 (attempt 3/3)
2026-08-25 09:14:12 | WARNING  | 404 on https://skeb.jp/api/users/ronn_irai (attempt 2/3)
2026-08-25 09:14:14 | WARNING  | 404 on https://skeb.jp/api/users/Axnya (attempt 3/3)
2026-08-25 09:14:14 | WARNING  | 404 on https://skeb.jp/api/users/77_t2w (attempt 1/3)
2026-08-25 09:14:16 | WARNING  | 404 on https://skeb.jp/api/users/m3x3_sk (attempt 2/3)
2026-08-25 09:14:17 | WARNING  | 404 on https://skeb.jp/api/users/vHoo__ (attempt 2/3)
2026-08-25 09:14:18 | WARNING  | 404 on https://skeb.jp/api/users/EDO__nyan (attempt 2/3)
2026-08-25 09:14:18 | WARNING  | 404 on https://skeb.jp/api/users/killy810 (attempt 2/3)
2026-08-25 09:14:20 | WARNING  | 404 on https://skeb.jp/api/users/ronn_irai (attempt 3/3)
2026-08-25 09:14:21 | WARNING  | 404 on https://skeb.jp/api/users/lkjeudnduy44 (attempt 3/3)
2026-08-25 09:14:21 | WARNING  | 404 on https://skeb.jp/api/users/vHoo__ (attempt 3/3)
2026-08-25 09:14:22 | WARNING  | 404 on https://skeb.jp/api/users/8oSSUHCnXXz4tBp (attempt 1/3)
2026-08-25 09:14:24 | WARNING  | 404 on https://skeb.jp/api/users/EDO__nyan (attempt 3/3)
2026-08-25 09:14:24 | WARNING  | 404 on https://skeb.jp/api/users/kotonesansukida (attempt 1/3)
2026-08-25 09:14:25 | INFO     | OK https://skeb.jp/api/users/szshungyou
2026-08-25 09:14:25 | INFO     | Saving at a/skeb/szshungyou-8b71fe.json
2026-08-25 09:14:27 | WARNING  | 404 on https://skeb.jp/api/users/77_t2w (attempt 2/3)
2026-08-25 09:14:27 | WARNING  | 404 on https://skeb.jp/api/users/yamin_himamo23 (attempt 1/3)
2026-08-25 09:14:28 | WARNING  | 404 on https://skeb.jp/api/users/mimamorichan (attempt 1/3)
2026-08-25 09:14:30 | WARNING  | 404 on https://skeb.jp/api/users/m3x3_sk (attempt 3/3)
2026-08-25 09:14:30 | WARNING  | 404 on https://skeb.jp/api/users/kagoyama_sns (attempt 1/3)
2026-08-25 09:14:31 | WARNING  | 404 on https://skeb.jp/api/users/yamin_himamo23 (attempt 2/3)
2026-08-25 09:14:33 | WARNING  | 404 on https://skeb.jp/api/users/77_t2w (attempt 3/3)
2026-08-25 09:14:34 | WARNING  | 404 on https://skeb.jp/api/users/8oSSUHCnXXz4tBp (attempt 2/3)
2026-08-25 09:14:35 | WARNING  | 404 on https://skeb.jp/api/users/killy810 (attempt 3/3)
2026-08-25 09:14:35 | WARNING  | 404 on https://skeb.jp/api/users/nyatta_san (attempt 1/3)
2026-08-25 09:14:37 | WARNING  | 404 on https://skeb.jp/api/users/mimamorichan (attempt 2/3)
2026-08-25 09:14:38 | WARNING  | 404 on https://skeb.jp/api/users/kagoyama_sns (attempt 2/3)
2026-08-25 09:14:38 | WARNING  | 404 on https://skeb.jp/api/users/29Kota2 (attempt 1/3)
2026-08-25 09:14:39 | WARNING  | 404 on https://skeb.jp/api/users/923kaku (attempt 1/3)
2026-08-25 09:14:40 | WARNING  | 404 on https://skeb.jp/api/users/oshino_Iriss (attempt 1/3)
2026-08-25 09:14:41 | WARNING  | 404 on https://skeb.jp/api/users/29Kota2 (attempt 2/3)
2026-08-25 09:14:43 | WARNING  | 404 on https://skeb.jp/api/users/mimamorichan (attempt 3/3)
2026-08-25 09:14:44 | WARNING  | 404 on https://skeb.jp/api/users/8oSSUHCnXXz4tBp (attempt 3/3)
2026-08-25 09:14:44 | WARNING  | 404 on https://skeb.jp/api/users/oshino_Iriss (attempt 2/3)
2026-08-25 09:14:46 | WARNING  | 404 on https://skeb.jp/api/users/kagoyama_sns (attempt 3/3)
2026-08-25 09:14:46 | WARNING  | 404 on https://skeb.jp/api/users/Uo_oU_us (attempt 1/3)
2026-08-25 09:14:48 | WARNING  | 404 on https://skeb.jp/api/users/923kaku (attempt 2/3)
2026-08-25 09:14:49 | WARNING  | 404 on https://skeb.jp/api/users/nyatta_san (attempt 2/3)
2026-08-25 09:14:49 | WARNING  | 404 on https://skeb.jp/api/users/aki_ra3_ (attempt 1/3)
2026-08-25 09:14:50 | WARNING  | 404 on https://skeb.jp/api/users/Henzu_23 (attempt 1/3)
2026-08-25 09:14:52 | WARNING  | 404 on https://skeb.jp/api/users/Llu_ulg (attempt 2/3)
2026-08-25 09:14:52 | WARNING  | 404 on https://skeb.jp/api/users/29Kota2 (attempt 3/3)
2026-08-25 09:14:53 | WARNING  | 404 on https://skeb.jp/api/users/aki_ra3_ (attempt 2/3)
2026-08-25 09:14:55 | WARNING  | 404 on https://skeb.jp/api/users/nyatta_san (attempt 3/3)
2026-08-25 09:14:55 | WARNING  | 404 on https://skeb.jp/api/users/_meruruto_ (attempt 1/3)
2026-08-25 09:14:57 | WARNING  | 404 on https://skeb.jp/api/users/oshino_Iriss (attempt 3/3)
2026-08-25 09:14:58 | WARNING  | 404 on https://skeb.jp/api/users/yamin_himamo23 (attempt 3/3)
2026-08-25 09:14:59 | WARNING  | 404 on https://skeb.jp/api/users/aki_ra3_ (attempt 3/3)
2026-08-25 09:14:59 | WARNING  | 404 on https://skeb.jp/api/users/_meruruto_ (attempt 2/3)
2026-08-25 09:15:01 | WARNING  | 404 on https://skeb.jp/api/users/Llu_ulg (attempt 3/3)
2026-08-25 09:15:01 | WARNING  | 404 on https://skeb.jp/api/users/scy2222 (attempt 1/3)
2026-08-25 09:15:02 | WARNING  | 404 on https://skeb.jp/api/users/p_pfp5 (attempt 1/3)
2026-08-25 09:15:03 | WARNING  | 404 on https://skeb.jp/api/users/polar_kuma62 (attempt 1/3)
2026-08-25 09:15:04 | WARNING  | 404 on https://skeb.jp/api/users/kotonesansukida (attempt 2/3)
2026-08-25 09:15:06 | WARNING  | 404 on https://skeb.jp/api/users/Uo_oU_us (attempt 2/3)
2026-08-25 09:15:06 | WARNING  | 404 on https://skeb.jp/api/users/toxizaki (attempt 1/3)
2026-08-25 09:15:07 | WARNING  | 404 on https://skeb.jp/api/users/kiNero30901 (attempt 1/3)
2026-08-25 09:15:09 | WARNING  | 404 on https://skeb.jp/api/users/p_pfp5 (attempt 2/3)
2026-08-25 09:15:10 | WARNING  | 404 on https://skeb.jp/api/users/scy2222 (attempt 2/3)
2026-08-25 09:15:11 | WARNING  | 404 on https://skeb.jp/api/users/923kaku (attempt 3/3)
2026-08-25 09:15:12 | WARNING  | 404 on https://skeb.jp/api/users/kotonesansukida (attempt 3/3)
2026-08-25 09:15:12 | WARNING  | 404 on https://skeb.jp/api/users/soraumi2000_50_ (attempt 1/3)
2026-08-25 09:15:14 | WARNING  | 404 on https://skeb.jp/api/users/Uo_oU_us (attempt 3/3)
2026-08-25 09:15:14 | WARNING  | 404 on https://skeb.jp/api/users/T4k73gqSZ26h5si (attempt 1/3)
2026-08-25 09:15:16 | WARNING  | 404 on https://skeb.jp/api/users/scy2222 (attempt 3/3)
2026-08-25 09:15:17 | WARNING  | 404 on https://skeb.jp/api/users/toxizaki (attempt 2/3)
2026-08-25 09:15:18 | WARNING  | 404 on https://skeb.jp/api/users/kiNero30901 (attempt 2/3)
2026-08-25 09:15:19 | WARNING  | 404 on https://skeb.jp/api/users/polar_kuma62 (attempt 2/3)
2026-08-25 09:15:20 | WARNING  | 404 on https://skeb.jp/api/users/soraumi2000_50_ (attempt 2/3)
2026-08-25 09:15:21 | WARNING  | 404 on https://skeb.jp/api/users/Henzu_23 (attempt 2/3)
2026-08-25 09:15:22 | WARNING  | 404 on https://skeb.jp/api/users/p_pfp5 (attempt 3/3)
2026-08-25 09:15:22 | WARNING  | 404 on https://skeb.jp/api/users/T4k73gqSZ26h5si (attempt 2/3)
2026-08-25 09:15:24 | WARNING  | 404 on https://skeb.jp/api/users/toxizaki (attempt 3/3)
2026-08-25 09:15:25 | WARNING  | 404 on https://skeb.jp/api/users/polar_kuma62 (attempt 3/3)
2026-08-25 09:15:26 | WARNING  | 404 on https://skeb.jp/api/users/soraumi2000_50_ (attempt 3/3)
2026-08-25 09:15:27 | WARNING  | 404 on https://skeb.jp/api/users/Henzu_23 (attempt 3/3)
2026-08-25 09:15:27 | INFO     | OK https://skeb.jp/api/users/kasiwa_moka
2026-08-25 09:15:27 | INFO     | Saving at a/skeb/kasiwa_moka-0ba634.json
2026-08-25 09:15:29 | WARNING  | 404 on https://skeb.jp/api/users/T4k73gqSZ26h5si (attempt 3/3)
2026-08-25 09:15:30 | WARNING  | 404 on https://skeb.jp/api/users/_meruruto_ (attempt 3/3)
2026-08-25 09:15:31 | WARNING  | 404 on https://skeb.jp/api/users/kiNero30901 (attempt 3/3)
2026-08-25 09:15:31 | INFO     |  --- SUMMARY REPORT --- 
  Sources Retreived    : 52
  Profiles Fetched     : 6
  Profile Missing      : 46
  Profile Rate Limited : 0
  Profile Error Others : 0

2026-08-25 09:15:31 | INFO     | Started creating static api data.
2026-08-25 09:17:07 | INFO     | Album index written to a/albums/index.json (454 albums)
