2026-07-09 22:15:16 | INFO     | Initialized Data Store.
2026-07-09 22:15:17 | INFO     | Homepage GET status=429 (attempt 1/3)
2026-07-09 22:15:17 | INFO     | Cookie extracted [request_key=...].
2026-07-09 22:15:17 | INFO     | SkebClient ready (impersonate=chrome120, rate=1.0/s, concurrency=10, max_runtime=10800s)
2026-07-09 22:16:32 | INFO     | Ready to scrape 236 items
2026-07-09 22:16:32 | INFO     | OK https://skeb.jp/api/users/odenoaka_suke
2026-07-09 22:16:32 | INFO     | Saving at a/skeb/odenoaka_suke-949fae.json
2026-07-09 22:16:33 | WARNING  | 404 on https://skeb.jp/api/users/Geshi_to_ (attempt 1/3)
2026-07-09 22:16:34 | INFO     | OK https://skeb.jp/api/users/IMo_mgmgo
2026-07-09 22:16:34 | INFO     | Saving at a/skeb/IMo_mgmgo-fa1ac2.json
2026-07-09 22:16:35 | INFO     | OK https://skeb.jp/api/users/shanon_x8
2026-07-09 22:16:35 | INFO     | Saving at a/skeb/shanon_x8-3a7f09.json
2026-07-09 22:16:36 | INFO     | OK https://skeb.jp/api/users/byoujinn8
2026-07-09 22:16:36 | INFO     | Saving at a/skeb/byoujinn8-a18a84.json
2026-07-09 22:16:37 | INFO     | OK https://skeb.jp/api/users/milkydon
2026-07-09 22:16:37 | INFO     | Saving at a/skeb/milkydon-b2c08a.json
2026-07-09 22:16:38 | WARNING  | 404 on https://skeb.jp/api/users/Geshi_to_ (attempt 2/3)
2026-07-09 22:16:39 | WARNING  | 404 on https://skeb.jp/api/users/923kaku (attempt 1/3)
2026-07-09 22:16:40 | INFO     | OK https://skeb.jp/api/users/lioziro473
2026-07-09 22:16:40 | INFO     | Saving at a/skeb/lioziro473-d724b4.json
2026-07-09 22:16:41 | WARNING  | 404 on https://skeb.jp/api/users/ronn_irai (attempt 1/3)
2026-07-09 22:16:42 | INFO     | OK https://skeb.jp/api/users/suikaMJ
2026-07-09 22:16:42 | INFO     | Saving at a/skeb/suikaMJ-f745f3.json
2026-07-09 22:16:43 | INFO     | OK https://skeb.jp/api/users/mono3to
2026-07-09 22:16:43 | INFO     | Saving at a/skeb/mono3to-f033eb.json
2026-07-09 22:16:44 | WARNING  | 404 on https://skeb.jp/api/users/Geshi_to_ (attempt 3/3)
2026-07-09 22:16:45 | INFO     | OK https://skeb.jp/api/users/mkmkkr456
2026-07-09 22:16:45 | INFO     | Saving at a/skeb/mkmkkr456-f68484.json
2026-07-09 22:16:46 | INFO     | OK https://skeb.jp/api/users/kumao99272135
2026-07-09 22:16:46 | INFO     | Saving at a/skeb/kumao99272135-62d346.json
2026-07-09 22:16:47 | INFO     | OK https://skeb.jp/api/users/potemayo22
2026-07-09 22:16:47 | INFO     | Saving at a/skeb/potemayo22-37bb77.json
2026-07-09 22:16:48 | INFO     | OK https://skeb.jp/api/users/mayotaso
2026-07-09 22:16:48 | INFO     | Saving at a/skeb/mayotaso-899997.json
2026-07-09 22:16:49 | INFO     | OK https://skeb.jp/api/users/Htt_Zq
2026-07-09 22:16:49 | INFO     | Saving at a/skeb/Htt_Zq-4f7e19.json
2026-07-09 22:16:50 | INFO     | OK https://skeb.jp/api/users/MegumiFjkw
2026-07-09 22:16:50 | INFO     | Saving at a/skeb/MegumiFjkw-6055e2.json
2026-07-09 22:16:51 | INFO     | OK https://skeb.jp/api/users/Kuroba_trpg2
2026-07-09 22:16:51 | INFO     | Saving at a/skeb/Kuroba_trpg2-c4fa3f.json
2026-07-09 22:16:52 | INFO     | OK https://skeb.jp/api/users/sato60821700
2026-07-09 22:16:52 | INFO     | Saving at a/skeb/sato60821700-c65acd.json
2026-07-09 22:16:53 | INFO     | OK https://skeb.jp/api/users/yamotomahiro
2026-07-09 22:16:53 | INFO     | Saving at a/skeb/yamotomahiro-83cafb.json
2026-07-09 22:16:54 | WARNING  | 404 on https://skeb.jp/api/users/923kaku (attempt 2/3)
2026-07-09 22:16:55 | INFO     | OK https://skeb.jp/api/users/valencay222
2026-07-09 22:16:55 | INFO     | Saving at a/skeb/valencay222-bd5629.json
2026-07-09 22:16:56 | INFO     | OK https://skeb.jp/api/users/zhongdzuki23754
2026-07-09 22:16:56 | INFO     | Saving at a/skeb/zhongdzuki23754-32fad3.json
2026-07-09 22:16:57 | WARNING  | 404 on https://skeb.jp/api/users/ronn_irai (attempt 2/3)
2026-07-09 22:16:58 | INFO     | OK https://skeb.jp/api/users/19NiA_03
2026-07-09 22:16:58 | INFO     | Saving at a/skeb/19NiA_03-d99042.json
2026-07-09 22:16:59 | INFO     | OK https://skeb.jp/api/users/dai_in_
2026-07-09 22:16:59 | INFO     | Saving at a/skeb/dai_in_-e60a51.json
2026-07-09 22:17:00 | WARNING  | 404 on https://skeb.jp/api/users/923kaku (attempt 3/3)
2026-07-09 22:17:01 | INFO     | OK https://skeb.jp/api/users/LeildBox_08
2026-07-09 22:17:01 | INFO     | Saving at a/skeb/LeildBox_08-c8733d.json
2026-07-09 22:17:02 | WARNING  | 404 on https://skeb.jp/api/users/p_pfp5 (attempt 1/3)
2026-07-09 22:17:03 | WARNING  | 404 on https://skeb.jp/api/users/ronn_irai (attempt 3/3)
2026-07-09 22:17:04 | INFO     | OK https://skeb.jp/api/users/lle____0
2026-07-09 22:17:04 | INFO     | Saving at a/skeb/lle____0-dea1a6.json
2026-07-09 22:17:05 | INFO     | OK https://skeb.jp/api/users/nananabi77777
2026-07-09 22:17:05 | INFO     | Saving at a/skeb/nananabi77777-425552.json
2026-07-09 22:17:06 | INFO     | OK https://skeb.jp/api/users/tatitetuwoo
2026-07-09 22:17:06 | INFO     | Saving at a/skeb/tatitetuwoo-b69054.json
2026-07-09 22:17:07 | INFO     | OK https://skeb.jp/api/users/garakutayan
2026-07-09 22:17:07 | INFO     | Saving at a/skeb/garakutayan-a07508.json
2026-07-09 22:17:08 | INFO     | OK https://skeb.jp/api/users/jalapppeno
2026-07-09 22:17:08 | INFO     | Saving at a/skeb/jalapppeno-f8add8.json
2026-07-09 22:17:09 | INFO     | OK https://skeb.jp/api/users/unityan_
2026-07-09 22:17:09 | INFO     | Saving at a/skeb/unityan_-fe8643.json
2026-07-09 22:17:10 | WARNING  | 404 on https://skeb.jp/api/users/p_pfp5 (attempt 2/3)
2026-07-09 22:17:11 | INFO     | OK https://skeb.jp/api/users/B11Y18
2026-07-09 22:17:11 | INFO     | Saving at a/skeb/B11Y18-8e9ede.json
2026-07-09 22:17:12 | INFO     | OK https://skeb.jp/api/users/eganagu
2026-07-09 22:17:12 | INFO     | Saving at a/skeb/eganagu-395d5c.json
2026-07-09 22:17:13 | INFO     | OK https://skeb.jp/api/users/Tsuneshima
2026-07-09 22:17:13 | INFO     | Saving at a/skeb/Tsuneshima-f515e2.json
2026-07-09 22:17:14 | INFO     | OK https://skeb.jp/api/users/bw7_bu
2026-07-09 22:17:14 | INFO     | Saving at a/skeb/bw7_bu-352a07.json
2026-07-09 22:17:15 | INFO     | OK https://skeb.jp/api/users/cz34TbycNQ
2026-07-09 22:17:15 | INFO     | Saving at a/skeb/cz34TbycNQ-080292.json
2026-07-09 22:17:16 | WARNING  | 404 on https://skeb.jp/api/users/Uo_oU_us (attempt 1/3)
2026-07-09 22:17:17 | INFO     | OK https://skeb.jp/api/users/isz_28
2026-07-09 22:17:17 | INFO     | Saving at a/skeb/isz_28-323995.json
2026-07-09 22:17:18 | INFO     | OK https://skeb.jp/api/users/hibari_trpg
2026-07-09 22:17:18 | INFO     | Saving at a/skeb/hibari_trpg-ab38e4.json
2026-07-09 22:17:19 | WARNING  | 404 on https://skeb.jp/api/users/m3x3_sk (attempt 1/3)
2026-07-09 22:17:20 | WARNING  | 404 on https://skeb.jp/api/users/fm7hxj (attempt 1/3)
2026-07-09 22:17:21 | INFO     | OK https://skeb.jp/api/users/harukakain
2026-07-09 22:17:21 | INFO     | Saving at a/skeb/harukakain-c1e624.json
2026-07-09 22:17:22 | INFO     | OK https://skeb.jp/api/users/kumanoko_105
2026-07-09 22:17:22 | INFO     | Saving at a/skeb/kumanoko_105-367697.json
2026-07-09 22:17:23 | WARNING  | 404 on https://skeb.jp/api/users/Uo_oU_us (attempt 2/3)
2026-07-09 22:17:24 | INFO     | OK https://skeb.jp/api/users/yelrah_diwfy
2026-07-09 22:17:24 | INFO     | Saving at a/skeb/yelrah_diwfy-4b10f6.json
2026-07-09 22:17:25 | INFO     | OK https://skeb.jp/api/users/8kifu
2026-07-09 22:17:25 | INFO     | Saving at a/skeb/8kifu-fb1f16.json
2026-07-09 22:17:26 | INFO     | OK https://skeb.jp/api/users/cotrrr_0
2026-07-09 22:17:26 | INFO     | Saving at a/skeb/cotrrr_0-1766b7.json
2026-07-09 22:17:27 | WARNING  | 404 on https://skeb.jp/api/users/p_pfp5 (attempt 3/3)
2026-07-09 22:17:28 | WARNING  | 404 on https://skeb.jp/api/users/oshino_Iriss (attempt 1/3)
2026-07-09 22:17:29 | INFO     | OK https://skeb.jp/api/users/PolarisRKK
2026-07-09 22:17:29 | INFO     | Saving at a/skeb/PolarisRKK-edac21.json
2026-07-09 22:17:30 | WARNING  | 404 on https://skeb.jp/api/users/Uo_oU_us (attempt 3/3)
2026-07-09 22:17:31 | WARNING  | 404 on https://skeb.jp/api/users/m3x3_sk (attempt 2/3)
2026-07-09 22:17:32 | INFO     | OK https://skeb.jp/api/users/mc2pf1
2026-07-09 22:17:32 | INFO     | Saving at a/skeb/mc2pf1-a6c82b.json
2026-07-09 22:17:33 | INFO     | OK https://skeb.jp/api/users/suzushiisuzu
2026-07-09 22:17:33 | INFO     | Saving at a/skeb/suzushiisuzu-2dcc2d.json
2026-07-09 22:17:34 | WARNING  | 404 on https://skeb.jp/api/users/kotonesansukida (attempt 1/3)
2026-07-09 22:17:35 | WARNING  | 404 on https://skeb.jp/api/users/mimei_Illust (attempt 1/3)
2026-07-09 22:17:36 | WARNING  | 404 on https://skeb.jp/api/users/m3x3_sk (attempt 3/3)
2026-07-09 22:17:37 | WARNING  | 404 on https://skeb.jp/api/users/fm7hxj (attempt 2/3)
2026-07-09 22:17:38 | INFO     | OK https://skeb.jp/api/users/plploooo66
2026-07-09 22:17:38 | INFO     | Saving at a/skeb/plploooo66-75647e.json
2026-07-09 22:17:39 | INFO     | OK https://skeb.jp/api/users/dream_erg
2026-07-09 22:17:39 | INFO     | Saving at a/skeb/dream_erg-41adde.json
2026-07-09 22:17:40 | INFO     | OK https://skeb.jp/api/users/kswtrpg
2026-07-09 22:17:40 | INFO     | Saving at a/skeb/kswtrpg-21e5cf.json
2026-07-09 22:17:41 | INFO     | OK https://skeb.jp/api/users/Touki_dq10
2026-07-09 22:17:41 | INFO     | Saving at a/skeb/Touki_dq10-6a7884.json
2026-07-09 22:17:42 | INFO     | OK https://skeb.jp/api/users/ibu__06
2026-07-09 22:17:42 | INFO     | Saving at a/skeb/ibu__06-16b68e.json
2026-07-09 22:17:43 | INFO     | OK https://skeb.jp/api/users/ya99ru
2026-07-09 22:17:43 | INFO     | Saving at a/skeb/ya99ru-31b550.json
2026-07-09 22:17:44 | WARNING  | 404 on https://skeb.jp/api/users/fm7hxj (attempt 3/3)
2026-07-09 22:17:45 | INFO     | OK https://skeb.jp/api/users/yumpote
2026-07-09 22:17:45 | INFO     | Saving at a/skeb/yumpote-32b101.json
2026-07-09 22:17:46 | INFO     | OK https://skeb.jp/api/users/juemaiumi
2026-07-09 22:17:46 | INFO     | Saving at a/skeb/juemaiumi-f06e88.json
2026-07-09 22:17:47 | WARNING  | 404 on https://skeb.jp/api/users/oshino_Iriss (attempt 2/3)
2026-07-09 22:17:48 | INFO     | OK https://skeb.jp/api/users/MA_MAN_uo
2026-07-09 22:17:48 | INFO     | Saving at a/skeb/MA_MAN_uo-3a5dc2.json
2026-07-09 22:17:49 | INFO     | OK https://skeb.jp/api/users/DmcNoa
2026-07-09 22:17:49 | INFO     | Saving at a/skeb/DmcNoa-878e07.json
2026-07-09 22:17:50 | WARNING  | 404 on https://skeb.jp/api/users/kotonesansukida (attempt 2/3)
2026-07-09 22:17:51 | INFO     | OK https://skeb.jp/api/users/6lnKchr9
2026-07-09 22:17:51 | INFO     | Saving at a/skeb/6lnKchr9-cf9353.json
2026-07-09 22:17:52 | WARNING  | 404 on https://skeb.jp/api/users/oshino_Iriss (attempt 3/3)
2026-07-09 22:17:53 | INFO     | OK https://skeb.jp/api/users/sirura2525
2026-07-09 22:17:53 | INFO     | Saving at a/skeb/sirura2525-b63667.json
2026-07-09 22:17:54 | WARNING  | 404 on https://skeb.jp/api/users/se3ifinal (attempt 1/3)
2026-07-09 22:17:55 | INFO     | OK https://skeb.jp/api/users/nisi_yuichi
2026-07-09 22:17:55 | INFO     | Saving at a/skeb/nisi_yuichi-c52fb2.json
2026-07-09 22:17:56 | INFO     | OK https://skeb.jp/api/users/hxnxfxd
2026-07-09 22:17:56 | INFO     | Saving at a/skeb/hxnxfxd-229520.json
2026-07-09 22:17:57 | WARNING  | 404 on https://skeb.jp/api/users/kotonesansukida (attempt 3/3)
2026-07-09 22:17:58 | INFO     | OK https://skeb.jp/api/users/sasakamake
2026-07-09 22:17:58 | INFO     | Saving at a/skeb/sasakamake-7c19cd.json
2026-07-09 22:17:59 | INFO     | OK https://skeb.jp/api/users/wkbec
2026-07-09 22:17:59 | INFO     | Saving at a/skeb/wkbec-1737a5.json
2026-07-09 22:18:00 | INFO     | OK https://skeb.jp/api/users/Hozuki57_
2026-07-09 22:18:00 | INFO     | Saving at a/skeb/Hozuki57_-f923de.json
2026-07-09 22:18:01 | INFO     | OK https://skeb.jp/api/users/kakco999
2026-07-09 22:18:01 | INFO     | Saving at a/skeb/kakco999-c73be9.json
2026-07-09 22:18:02 | INFO     | OK https://skeb.jp/api/users/keimo
2026-07-09 22:18:02 | INFO     | Saving at a/skeb/keimo-f3c7bf.json
2026-07-09 22:18:03 | INFO     | OK https://skeb.jp/api/users/AlicePallet
2026-07-09 22:18:03 | INFO     | Saving at a/skeb/AlicePallet-9dcca8.json
2026-07-09 22:18:04 | WARNING  | 404 on https://skeb.jp/api/users/Iam_Ciikawa (attempt 1/3)
2026-07-09 22:18:05 | INFO     | OK https://skeb.jp/api/users/DJYOUKI_ARTIST
2026-07-09 22:18:05 | INFO     | Saving at a/skeb/DJYOUKI_ARTIST-36ca82.json
2026-07-09 22:18:06 | INFO     | OK https://skeb.jp/api/users/Yupel_music
2026-07-09 22:18:06 | INFO     | Saving at a/skeb/Yupel_music-12ef41.json
2026-07-09 22:18:07 | INFO     | OK https://skeb.jp/api/users/YURiKO830
2026-07-09 22:18:07 | INFO     | Saving at a/skeb/YURiKO830-76f73b.json
2026-07-09 22:18:08 | WARNING  | 404 on https://skeb.jp/api/users/Iam_Ciikawa (attempt 2/3)
2026-07-09 22:18:09 | INFO     | OK https://skeb.jp/api/users/gdssh0501
2026-07-09 22:18:09 | INFO     | Saving at a/skeb/gdssh0501-481ad1.json
2026-07-09 22:18:10 | INFO     | OK https://skeb.jp/api/users/spra_sty_
2026-07-09 22:18:10 | INFO     | Saving at a/skeb/spra_sty_-d48ecc.json
2026-07-09 22:18:11 | WARNING  | 404 on https://skeb.jp/api/users/NOm0y0i (attempt 1/3)
2026-07-09 22:18:12 | WARNING  | 404 on https://skeb.jp/api/users/se3ifinal (attempt 2/3)
2026-07-09 22:18:13 | WARNING  | 404 on https://skeb.jp/api/users/Iam_Ciikawa (attempt 3/3)
2026-07-09 22:18:14 | WARNING  | 404 on https://skeb.jp/api/users/NOm0y0i (attempt 2/3)
2026-07-09 22:18:15 | INFO     | OK https://skeb.jp/api/users/confetto5569
2026-07-09 22:18:15 | INFO     | Saving at a/skeb/confetto5569-c3d4c8.json
2026-07-09 22:18:16 | INFO     | OK https://skeb.jp/api/users/kamukam48773212
2026-07-09 22:18:16 | INFO     | Saving at a/skeb/kamukam48773212-8ef633.json
2026-07-09 22:18:17 | WARNING  | 404 on https://skeb.jp/api/users/se3ifinal (attempt 3/3)
2026-07-09 22:18:18 | WARNING  | 404 on https://skeb.jp/api/users/mimei_Illust (attempt 2/3)
2026-07-09 22:18:19 | INFO     | OK https://skeb.jp/api/users/mentaico__
2026-07-09 22:18:19 | INFO     | Saving at a/skeb/mentaico__-a6616a.json
2026-07-09 22:18:20 | INFO     | OK https://skeb.jp/api/users/blue_Mountain22
2026-07-09 22:18:20 | INFO     | Saving at a/skeb/blue_Mountain22-8f1123.json
2026-07-09 22:18:21 | WARNING  | 404 on https://skeb.jp/api/users/NOm0y0i (attempt 3/3)
2026-07-09 22:18:22 | INFO     | OK https://skeb.jp/api/users/gi_mugi_
2026-07-09 22:18:22 | INFO     | Saving at a/skeb/gi_mugi_-192895.json
2026-07-09 22:18:23 | INFO     | OK https://skeb.jp/api/users/shibusawa_k_
2026-07-09 22:18:23 | INFO     | Saving at a/skeb/shibusawa_k_-13ba6c.json
2026-07-09 22:18:24 | INFO     | OK https://skeb.jp/api/users/Tsuba_TRPG
2026-07-09 22:18:24 | INFO     | Saving at a/skeb/Tsuba_TRPG-8af352.json
2026-07-09 22:18:25 | INFO     | OK https://skeb.jp/api/users/youtasan_ura
2026-07-09 22:18:25 | INFO     | Saving at a/skeb/youtasan_ura-8212e7.json
2026-07-09 22:18:26 | INFO     | OK https://skeb.jp/api/users/TokizawaEmi
2026-07-09 22:18:26 | INFO     | Saving at a/skeb/TokizawaEmi-833170.json
2026-07-09 22:18:27 | INFO     | OK https://skeb.jp/api/users/starshop_kani
2026-07-09 22:18:27 | INFO     | Saving at a/skeb/starshop_kani-2d0d22.json
2026-07-09 22:18:28 | WARNING  | 404 on https://skeb.jp/api/users/Axnya (attempt 1/3)
2026-07-09 22:18:29 | INFO     | OK https://skeb.jp/api/users/konpe
2026-07-09 22:18:29 | INFO     | Saving at a/skeb/konpe-4b53e8.json
2026-07-09 22:18:30 | INFO     | OK https://skeb.jp/api/users/amab
2026-07-09 22:18:30 | INFO     | Saving at a/skeb/amab-11c767.json
2026-07-09 22:18:31 | INFO     | OK https://skeb.jp/api/users/3i_k_a
2026-07-09 22:18:31 | INFO     | Saving at a/skeb/3i_k_a-6e0328.json
2026-07-09 22:18:32 | WARNING  | 404 on https://skeb.jp/api/users/Axnya (attempt 2/3)
2026-07-09 22:18:33 | INFO     | OK https://skeb.jp/api/users/kisetsu_an
2026-07-09 22:18:33 | INFO     | Saving at a/skeb/kisetsu_an-7cf246.json
2026-07-09 22:18:34 | INFO     | OK https://skeb.jp/api/users/ryono_ron
2026-07-09 22:18:34 | INFO     | Saving at a/skeb/ryono_ron-77aa11.json
2026-07-09 22:18:35 | INFO     | OK https://skeb.jp/api/users/kuro_eroge
2026-07-09 22:18:35 | INFO     | Saving at a/skeb/kuro_eroge-229757.json
2026-07-09 22:18:36 | INFO     | OK https://skeb.jp/api/users/ryonaryona4545
2026-07-09 22:18:36 | INFO     | Saving at a/skeb/ryonaryona4545-64bee8.json
2026-07-09 22:18:37 | INFO     | OK https://skeb.jp/api/users/Shizuki_Leon
2026-07-09 22:18:37 | INFO     | Saving at a/skeb/Shizuki_Leon-ccb292.json
2026-07-09 22:18:38 | INFO     | OK https://skeb.jp/api/users/Ako0508AAA
2026-07-09 22:18:38 | INFO     | Saving at a/skeb/Ako0508AAA-a91679.json
2026-07-09 22:18:39 | WARNING  | 404 on https://skeb.jp/api/users/77_t2w (attempt 1/3)
2026-07-09 22:18:40 | WARNING  | 404 on https://skeb.jp/api/users/fukafuka_no_inu (attempt 1/3)
2026-07-09 22:18:41 | INFO     | OK https://skeb.jp/api/users/wasme_1031
2026-07-09 22:18:41 | INFO     | Saving at a/skeb/wasme_1031-f3f484.json
2026-07-09 22:18:42 | INFO     | OK https://skeb.jp/api/users/elkcit25
2026-07-09 22:18:42 | INFO     | Saving at a/skeb/elkcit25-7469c3.json
2026-07-09 22:18:43 | INFO     | OK https://skeb.jp/api/users/dekanekochan_sumoa
2026-07-09 22:18:43 | INFO     | Saving at a/skeb/dekanekochan_sumoa-83d845.json
2026-07-09 22:18:44 | WARNING  | 404 on https://skeb.jp/api/users/mimei_Illust (attempt 3/3)
2026-07-09 22:18:45 | WARNING  | 404 on https://skeb.jp/api/users/8oSSUHCnXXz4tBp (attempt 1/3)
2026-07-09 22:18:46 | WARNING  | 404 on https://skeb.jp/api/users/Axnya (attempt 3/3)
2026-07-09 22:18:47 | INFO     | OK https://skeb.jp/api/users/noromanaikimono
2026-07-09 22:18:47 | INFO     | Saving at a/skeb/noromanaikimono-3a05be.json
2026-07-09 22:18:48 | INFO     | OK https://skeb.jp/api/users/i_ra_i_22
2026-07-09 22:18:48 | INFO     | Saving at a/skeb/i_ra_i_22-128b00.json
2026-07-09 22:18:49 | INFO     | OK https://skeb.jp/api/users/fukafukamoofu
2026-07-09 22:18:49 | INFO     | Saving at a/skeb/fukafukamoofu-f7e6c1.json
2026-07-09 22:18:50 | INFO     | OK https://skeb.jp/api/users/tokigoma_kon
2026-07-09 22:18:50 | INFO     | Saving at a/skeb/tokigoma_kon-3f6c0c.json
2026-07-09 22:18:51 | INFO     | OK https://skeb.jp/api/users/kuroinuyouhei
2026-07-09 22:18:51 | INFO     | Saving at a/skeb/kuroinuyouhei-0919b8.json
2026-07-09 22:18:52 | INFO     | OK https://skeb.jp/api/users/GoGoTeeeeenande
2026-07-09 22:18:52 | INFO     | Saving at a/skeb/GoGoTeeeeenande-366927.json
2026-07-09 22:18:53 | WARNING  | 404 on https://skeb.jp/api/users/77_t2w (attempt 2/3)
2026-07-09 22:18:54 | INFO     | OK https://skeb.jp/api/users/Chaos_0401
2026-07-09 22:18:54 | INFO     | Saving at a/skeb/Chaos_0401-13a2a8.json
2026-07-09 22:18:55 | WARNING  | 404 on https://skeb.jp/api/users/8oSSUHCnXXz4tBp (attempt 2/3)
2026-07-09 22:18:56 | INFO     | OK https://skeb.jp/api/users/moumuriy
2026-07-09 22:18:56 | INFO     | Saving at a/skeb/moumuriy-078972.json
2026-07-09 22:18:57 | INFO     | OK https://skeb.jp/api/users/STUDIO_RMB
2026-07-09 22:18:57 | INFO     | Saving at a/skeb/STUDIO_RMB-881bd2.json
2026-07-09 22:18:58 | WARNING  | 404 on https://skeb.jp/api/users/fukafuka_no_inu (attempt 2/3)
2026-07-09 22:18:59 | INFO     | OK https://skeb.jp/api/users/dqx_razuri_18
2026-07-09 22:18:59 | INFO     | Saving at a/skeb/dqx_razuri_18-8dcd5b.json
2026-07-09 22:19:00 | WARNING  | 404 on https://skeb.jp/api/users/77_t2w (attempt 3/3)
2026-07-09 22:19:01 | WARNING  | 404 on https://skeb.jp/api/users/kasha0927 (attempt 1/3)
2026-07-09 22:19:02 | INFO     | OK https://skeb.jp/api/users/aaaaaaarimaaa
2026-07-09 22:19:02 | INFO     | Saving at a/skeb/aaaaaaarimaaa-c8a733.json
2026-07-09 22:19:03 | INFO     | OK https://skeb.jp/api/users/satsuKi1253
2026-07-09 22:19:03 | INFO     | Saving at a/skeb/satsuKi1253-af6e3a.json
2026-07-09 22:19:04 | WARNING  | 404 on https://skeb.jp/api/users/fukafuka_no_inu (attempt 3/3)
2026-07-09 22:19:05 | WARNING  | 404 on https://skeb.jp/api/users/yamin_himamo23 (attempt 1/3)
2026-07-09 22:19:06 | INFO     | OK https://skeb.jp/api/users/AmaoMiyuki
2026-07-09 22:19:06 | INFO     | Saving at a/skeb/AmaoMiyuki-755799.json
2026-07-09 22:19:07 | INFO     | OK https://skeb.jp/api/users/milky_sleep
2026-07-09 22:19:07 | INFO     | Saving at a/skeb/milky_sleep-f5f81a.json
2026-07-09 22:19:08 | INFO     | OK https://skeb.jp/api/users/stttane_cK0
2026-07-09 22:19:08 | INFO     | Saving at a/skeb/stttane_cK0-6e7b40.json
2026-07-09 22:19:09 | WARNING  | 404 on https://skeb.jp/api/users/aki_ra3_ (attempt 1/3)
2026-07-09 22:19:10 | INFO     | OK https://skeb.jp/api/users/kinako3838
2026-07-09 22:19:10 | INFO     | Saving at a/skeb/kinako3838-0b3be8.json
2026-07-09 22:19:11 | INFO     | OK https://skeb.jp/api/users/kuga_desu_yo
2026-07-09 22:19:11 | INFO     | Saving at a/skeb/kuga_desu_yo-1997c1.json
2026-07-09 22:19:12 | INFO     | OK https://skeb.jp/api/users/Lana_No4
2026-07-09 22:19:12 | INFO     | Saving at a/skeb/Lana_No4-ee0f72.json
2026-07-09 22:19:13 | INFO     | OK https://skeb.jp/api/users/toaru_erika_3
2026-07-09 22:19:13 | INFO     | Saving at a/skeb/toaru_erika_3-5d7716.json
2026-07-09 22:19:14 | WARNING  | 404 on https://skeb.jp/api/users/lkjeudnduy44 (attempt 1/3)
2026-07-09 22:19:15 | WARNING  | 404 on https://skeb.jp/api/users/aki_ra3_ (attempt 2/3)
2026-07-09 22:19:16 | INFO     | OK https://skeb.jp/api/users/m_m_matsuoka
2026-07-09 22:19:16 | INFO     | Saving at a/skeb/m_m_matsuoka-2462c3.json
2026-07-09 22:19:17 | WARNING  | 404 on https://skeb.jp/api/users/kagoyama_sns (attempt 1/3)
2026-07-09 22:19:18 | WARNING  | 404 on https://skeb.jp/api/users/EDO__nyan (attempt 1/3)
2026-07-09 22:19:19 | INFO     | OK https://skeb.jp/api/users/simamurarara
2026-07-09 22:19:19 | INFO     | Saving at a/skeb/simamurarara-ab9ea7.json
2026-07-09 22:19:20 | WARNING  | 404 on https://skeb.jp/api/users/kasha0927 (attempt 2/3)
2026-07-09 22:19:21 | INFO     | OK https://skeb.jp/api/users/kapu_0227
2026-07-09 22:19:21 | INFO     | Saving at a/skeb/kapu_0227-ea714c.json
2026-07-09 22:19:22 | WARNING  | 404 on https://skeb.jp/api/users/8oSSUHCnXXz4tBp (attempt 3/3)
2026-07-09 22:19:23 | INFO     | OK https://skeb.jp/api/users/Ravi__ssement
2026-07-09 22:19:23 | INFO     | Saving at a/skeb/Ravi__ssement-ad6079.json
2026-07-09 22:19:24 | WARNING  | 404 on https://skeb.jp/api/users/soraumi2000_50_ (attempt 1/3)
2026-07-09 22:19:25 | INFO     | OK https://skeb.jp/api/users/2gi_AI
2026-07-09 22:19:25 | INFO     | Saving at a/skeb/2gi_AI-86a1a0.json
2026-07-09 22:19:26 | WARNING  | 404 on https://skeb.jp/api/users/kagoyama_sns (attempt 2/3)
2026-07-09 22:19:27 | WARNING  | 404 on https://skeb.jp/api/users/soraumi2000_50_ (attempt 2/3)
2026-07-09 22:19:28 | WARNING  | 404 on https://skeb.jp/api/users/kasha0927 (attempt 3/3)
2026-07-09 22:19:29 | INFO     | OK https://skeb.jp/api/users/amenhotep_jpn
2026-07-09 22:19:29 | INFO     | Saving at a/skeb/amenhotep_jpn-dde440.json
2026-07-09 22:19:30 | INFO     | OK https://skeb.jp/api/users/Umeno_dako
2026-07-09 22:19:30 | INFO     | Saving at a/skeb/Umeno_dako-51636a.json
2026-07-09 22:19:31 | INFO     | OK https://skeb.jp/api/users/mori_ZAKURO6
2026-07-09 22:19:31 | INFO     | Saving at a/skeb/mori_ZAKURO6-1076b2.json
2026-07-09 22:19:32 | WARNING  | 404 on https://skeb.jp/api/users/soraumi2000_50_ (attempt 3/3)
2026-07-09 22:19:33 | INFO     | OK https://skeb.jp/api/users/simoich_
2026-07-09 22:19:33 | INFO     | Saving at a/skeb/simoich_-b0bc17.json
2026-07-09 22:19:34 | INFO     | OK https://skeb.jp/api/users/sports_kyu
2026-07-09 22:19:34 | INFO     | Saving at a/skeb/sports_kyu-66004a.json
2026-07-09 22:19:35 | INFO     | OK https://skeb.jp/api/users/UrarA_31_E
2026-07-09 22:19:35 | INFO     | Saving at a/skeb/UrarA_31_E-416b35.json
2026-07-09 22:19:36 | WARNING  | 404 on https://skeb.jp/api/users/aki_ra3_ (attempt 3/3)
2026-07-09 22:19:37 | INFO     | OK https://skeb.jp/api/users/947t0221
2026-07-09 22:19:37 | INFO     | Saving at a/skeb/947t0221-b42bf6.json
2026-07-09 22:19:38 | WARNING  | 404 on https://skeb.jp/api/users/kokorono_376 (attempt 1/3)
2026-07-09 22:19:39 | WARNING  | 404 on https://skeb.jp/api/users/lkjeudnduy44 (attempt 2/3)
2026-07-09 22:19:40 | WARNING  | 404 on https://skeb.jp/api/users/yamin_himamo23 (attempt 2/3)
2026-07-09 22:19:41 | INFO     | OK https://skeb.jp/api/users/AOI_Miiverse
2026-07-09 22:19:41 | INFO     | Saving at a/skeb/AOI_Miiverse-3e2a30.json
2026-07-09 22:19:42 | WARNING  | 404 on https://skeb.jp/api/users/kokorono_376 (attempt 2/3)
2026-07-09 22:19:43 | INFO     | OK https://skeb.jp/api/users/Yamadori_4556
2026-07-09 22:19:43 | INFO     | Saving at a/skeb/Yamadori_4556-74143b.json
2026-07-09 22:19:44 | INFO     | OK https://skeb.jp/api/users/arakumachikano
2026-07-09 22:19:44 | INFO     | Saving at a/skeb/arakumachikano-2df4b9.json
2026-07-09 22:19:45 | INFO     | OK https://skeb.jp/api/users/sana_dn
2026-07-09 22:19:45 | INFO     | Saving at a/skeb/sana_dn-bc4b19.json
2026-07-09 22:19:46 | WARNING  | 404 on https://skeb.jp/api/users/yamin_himamo23 (attempt 3/3)
2026-07-09 22:19:47 | INFO     | OK https://skeb.jp/api/users/hasegawa
2026-07-09 22:19:47 | INFO     | Saving at a/skeb/hasegawa-ed9c98.json
2026-07-09 22:19:48 | WARNING  | 404 on https://skeb.jp/api/users/Llu_ulg (attempt 1/3)
2026-07-09 22:19:49 | INFO     | OK https://skeb.jp/api/users/Nezumi12_
2026-07-09 22:19:49 | INFO     | Saving at a/skeb/Nezumi12_-072d2a.json
2026-07-09 22:19:50 | INFO     | OK https://skeb.jp/api/users/topo
2026-07-09 22:19:50 | INFO     | Saving at a/skeb/topo-04b9c0.json
2026-07-09 22:19:51 | WARNING  | 404 on https://skeb.jp/api/users/kiNero30901 (attempt 1/3)
2026-07-09 22:19:52 | WARNING  | 404 on https://skeb.jp/api/users/Llu_ulg (attempt 2/3)
2026-07-09 22:19:53 | WARNING  | 404 on https://skeb.jp/api/users/EDO__nyan (attempt 2/3)
2026-07-09 22:19:54 | WARNING  | 404 on https://skeb.jp/api/users/kiNero30901 (attempt 2/3)
2026-07-09 22:19:55 | WARNING  | 404 on https://skeb.jp/api/users/kokorono_376 (attempt 3/3)
2026-07-09 22:19:56 | WARNING  | 404 on https://skeb.jp/api/users/lkjeudnduy44 (attempt 3/3)
2026-07-09 22:19:57 | INFO     | OK https://skeb.jp/api/users/suponnjigomu
2026-07-09 22:19:57 | INFO     | Saving at a/skeb/suponnjigomu-04e412.json
2026-07-09 22:19:58 | INFO     | OK https://skeb.jp/api/users/shirafuji_umi
2026-07-09 22:19:58 | INFO     | Saving at a/skeb/shirafuji_umi-71e760.json
2026-07-09 22:19:59 | WARNING  | 404 on https://skeb.jp/api/users/Llu_ulg (attempt 3/3)
2026-07-09 22:20:00 | INFO     | OK https://skeb.jp/api/users/nasa14bear
2026-07-09 22:20:00 | INFO     | Saving at a/skeb/nasa14bear-635727.json
2026-07-09 22:20:01 | INFO     | OK https://skeb.jp/api/users/Simasimalizard
2026-07-09 22:20:01 | INFO     | Saving at a/skeb/Simasimalizard-4bfde0.json
2026-07-09 22:20:02 | WARNING  | 404 on https://skeb.jp/api/users/kagoyama_sns (attempt 3/3)
2026-07-09 22:20:03 | WARNING  | 404 on https://skeb.jp/api/users/kiNero30901 (attempt 3/3)
2026-07-09 22:20:04 | WARNING  | 404 on https://skeb.jp/api/users/pgpcvDCE9G (attempt 1/3)
2026-07-09 22:20:05 | INFO     | OK https://skeb.jp/api/users/nowa_yukichika
2026-07-09 22:20:05 | INFO     | Saving at a/skeb/nowa_yukichika-d00f63.json
2026-07-09 22:20:06 | INFO     | OK https://skeb.jp/api/users/fujino_ringo
2026-07-09 22:20:06 | INFO     | Saving at a/skeb/fujino_ringo-ea0def.json
2026-07-09 22:20:07 | INFO     | OK https://skeb.jp/api/users/hanatotsukihi
2026-07-09 22:20:07 | INFO     | Saving at a/skeb/hanatotsukihi-5865a7.json
2026-07-09 22:20:08 | WARNING  | 404 on https://skeb.jp/api/users/pgpcvDCE9G (attempt 2/3)
2026-07-09 22:20:09 | INFO     | OK https://skeb.jp/api/users/716MHz
2026-07-09 22:20:09 | INFO     | Saving at a/skeb/716MHz-f5d8eb.json
2026-07-09 22:20:10 | WARNING  | 404 on https://skeb.jp/api/users/meguru_nero (attempt 1/3)
2026-07-09 22:20:11 | INFO     | OK https://skeb.jp/api/users/87nopp
2026-07-09 22:20:11 | INFO     | Saving at a/skeb/87nopp-80b800.json
2026-07-09 22:20:12 | INFO     | OK https://skeb.jp/api/users/akakon4x_yume
2026-07-09 22:20:12 | INFO     | Saving at a/skeb/akakon4x_yume-ee8594.json
2026-07-09 22:20:13 | WARNING  | 404 on https://skeb.jp/api/users/Henzu_23 (attempt 1/3)
2026-07-09 22:20:14 | WARNING  | 404 on https://skeb.jp/api/users/_meruruto_ (attempt 1/3)
2026-07-09 22:20:15 | INFO     | OK https://skeb.jp/api/users/aoma_senpai
2026-07-09 22:20:15 | INFO     | Saving at a/skeb/aoma_senpai-851094.json
2026-07-09 22:20:16 | WARNING  | 404 on https://skeb.jp/api/users/EDO__nyan (attempt 3/3)
2026-07-09 22:20:17 | INFO     | OK https://skeb.jp/api/users/GYORUIe
2026-07-09 22:20:17 | INFO     | Saving at a/skeb/GYORUIe-4f263f.json
2026-07-09 22:20:18 | WARNING  | 404 on https://skeb.jp/api/users/pgpcvDCE9G (attempt 3/3)
2026-07-09 22:20:19 | WARNING  | 404 on https://skeb.jp/api/users/meguru_nero (attempt 2/3)
2026-07-09 22:20:20 | WARNING  | 404 on https://skeb.jp/api/users/Henzu_23 (attempt 2/3)
2026-07-09 22:20:21 | INFO     | OK https://skeb.jp/api/users/kuromasu_work
2026-07-09 22:20:21 | INFO     | Saving at a/skeb/kuromasu_work-48e455.json
2026-07-09 22:20:22 | INFO     | OK https://skeb.jp/api/users/torouke19
2026-07-09 22:20:22 | INFO     | Saving at a/skeb/torouke19-a5fda1.json
2026-07-09 22:20:23 | WARNING  | 404 on https://skeb.jp/api/users/_meruruto_ (attempt 2/3)
2026-07-09 22:20:24 | INFO     | OK https://skeb.jp/api/users/sfaia1120
2026-07-09 22:20:24 | INFO     | Saving at a/skeb/sfaia1120-b29983.json
2026-07-09 22:20:25 | WARNING  | 404 on https://skeb.jp/api/users/Henzu_23 (attempt 3/3)
2026-07-09 22:20:26 | INFO     | OK https://skeb.jp/api/users/xkururi
2026-07-09 22:20:26 | INFO     | Saving at a/skeb/xkururi-b28a0c.json
2026-07-09 22:20:27 | INFO     | OK https://skeb.jp/api/users/suzuyuri1021
2026-07-09 22:20:27 | INFO     | Saving at a/skeb/suzuyuri1021-5644d2.json
2026-07-09 22:20:28 | WARNING  | 404 on https://skeb.jp/api/users/killy810 (attempt 1/3)
2026-07-09 22:20:29 | WARNING  | 404 on https://skeb.jp/api/users/meguru_nero (attempt 3/3)
2026-07-09 22:20:30 | INFO     | OK https://skeb.jp/api/users/Haruto64475558
2026-07-09 22:20:30 | INFO     | Saving at a/skeb/Haruto64475558-02efc6.json
2026-07-09 22:20:31 | INFO     | OK https://skeb.jp/api/users/mmmo___m
2026-07-09 22:20:31 | INFO     | Saving at a/skeb/mmmo___m-2a3f84.json
2026-07-09 22:20:32 | INFO     | OK https://skeb.jp/api/users/aoume0306
2026-07-09 22:20:32 | INFO     | Saving at a/skeb/aoume0306-a74acf.json
2026-07-09 22:20:33 | WARNING  | 404 on https://skeb.jp/api/users/mimamorichan (attempt 1/3)
2026-07-09 22:20:34 | INFO     | OK https://skeb.jp/api/users/tahi_maru777
2026-07-09 22:20:34 | INFO     | Saving at a/skeb/tahi_maru777-c501ad.json
2026-07-09 22:20:35 | INFO     | OK https://skeb.jp/api/users/Lily1011Lily
2026-07-09 22:20:35 | INFO     | Saving at a/skeb/Lily1011Lily-e4e3ad.json
2026-07-09 22:20:36 | INFO     | OK https://skeb.jp/api/users/Rene_XIIdizzy
2026-07-09 22:20:36 | INFO     | Saving at a/skeb/Rene_XIIdizzy-7fa866.json
2026-07-09 22:20:37 | WARNING  | 404 on https://skeb.jp/api/users/mimamorichan (attempt 2/3)
2026-07-09 22:20:38 | INFO     | OK https://skeb.jp/api/users/rio_ori_
2026-07-09 22:20:38 | INFO     | Saving at a/skeb/rio_ori_-e7aa7a.json
2026-07-09 22:20:39 | WARNING  | 404 on https://skeb.jp/api/users/vHoo__ (attempt 1/3)
2026-07-09 22:20:40 | INFO     | OK https://skeb.jp/api/users/hosozao
2026-07-09 22:20:40 | INFO     | Saving at a/skeb/hosozao-be61c6.json
2026-07-09 22:20:41 | WARNING  | 404 on https://skeb.jp/api/users/killy810 (attempt 2/3)
2026-07-09 22:20:42 | INFO     | OK https://skeb.jp/api/users/sat11876851
2026-07-09 22:20:42 | INFO     | Saving at a/skeb/sat11876851-8c4e0f.json
2026-07-09 22:20:43 | WARNING  | 404 on https://skeb.jp/api/users/ghcfujfc1 (attempt 1/3)
2026-07-09 22:20:44 | INFO     | OK https://skeb.jp/api/users/alpha_log3
2026-07-09 22:20:44 | INFO     | Saving at a/skeb/alpha_log3-cea8d3.json
2026-07-09 22:20:45 | INFO     | OK https://skeb.jp/api/users/cosaji_ippai
2026-07-09 22:20:45 | INFO     | Saving at a/skeb/cosaji_ippai-50c577.json
2026-07-09 22:20:46 | WARNING  | 404 on https://skeb.jp/api/users/killy810 (attempt 3/3)
2026-07-09 22:20:47 | WARNING  | 404 on https://skeb.jp/api/users/mimamorichan (attempt 3/3)
2026-07-09 22:20:48 | WARNING  | 404 on https://skeb.jp/api/users/ghcfujfc1 (attempt 2/3)
2026-07-09 22:20:49 | INFO     | OK https://skeb.jp/api/users/arisan_namnam
2026-07-09 22:20:49 | INFO     | Saving at a/skeb/arisan_namnam-e9b1f0.json
2026-07-09 22:20:50 | INFO     | OK https://skeb.jp/api/users/painkiller65536
2026-07-09 22:20:50 | INFO     | Saving at a/skeb/painkiller65536-c02b95.json
2026-07-09 22:20:51 | INFO     | OK https://skeb.jp/api/users/haneiuka_0310
2026-07-09 22:20:51 | INFO     | Saving at a/skeb/haneiuka_0310-0e8c45.json
2026-07-09 22:20:52 | WARNING  | 404 on https://skeb.jp/api/users/nyatta_san (attempt 1/3)
2026-07-09 22:20:53 | INFO     | OK https://skeb.jp/api/users/tetorapo3
2026-07-09 22:20:53 | INFO     | Saving at a/skeb/tetorapo3-935740.json
2026-07-09 22:20:54 | WARNING  | 404 on https://skeb.jp/api/users/ghcfujfc1 (attempt 3/3)
2026-07-09 22:20:55 | WARNING  | 404 on https://skeb.jp/api/users/_meruruto_ (attempt 3/3)
2026-07-09 22:20:56 | WARNING  | 404 on https://skeb.jp/api/users/vHoo__ (attempt 2/3)
2026-07-09 22:20:57 | INFO     | OK https://skeb.jp/api/users/ika_98326
2026-07-09 22:20:57 | INFO     | Saving at a/skeb/ika_98326-3342c6.json
2026-07-09 22:20:58 | INFO     | OK https://skeb.jp/api/users/sanyan_arnval
2026-07-09 22:20:58 | INFO     | Saving at a/skeb/sanyan_arnval-ca2384.json
2026-07-09 22:20:59 | INFO     | OK https://skeb.jp/api/users/hindenburg_iii
2026-07-09 22:20:59 | INFO     | Saving at a/skeb/hindenburg_iii-8e1004.json
2026-07-09 22:21:00 | INFO     | OK https://skeb.jp/api/users/meguruneet
2026-07-09 22:21:00 | INFO     | Saving at a/skeb/meguruneet-238917.json
2026-07-09 22:21:01 | WARNING  | 404 on https://skeb.jp/api/users/nyatta_san (attempt 2/3)
2026-07-09 22:21:02 | WARNING  | 404 on https://skeb.jp/api/users/3hankikan0220 (attempt 1/3)
2026-07-09 22:21:03 | INFO     | OK https://skeb.jp/api/users/sorakaze1081
2026-07-09 22:21:03 | INFO     | Saving at a/skeb/sorakaze1081-72a973.json
2026-07-09 22:21:04 | INFO     | OK https://skeb.jp/api/users/XIFON5001
2026-07-09 22:21:04 | INFO     | Saving at a/skeb/XIFON5001-1aed7f.json
2026-07-09 22:21:05 | INFO     | OK https://skeb.jp/api/users/nae_nae_atrophy
2026-07-09 22:21:05 | INFO     | Saving at a/skeb/nae_nae_atrophy-146c78.json
2026-07-09 22:21:06 | WARNING  | 404 on https://skeb.jp/api/users/nyatta_san (attempt 3/3)
2026-07-09 22:21:07 | WARNING  | 404 on https://skeb.jp/api/users/3hankikan0220 (attempt 2/3)
2026-07-09 22:21:08 | INFO     | OK https://skeb.jp/api/users/bakabutadebu
2026-07-09 22:21:08 | INFO     | Saving at a/skeb/bakabutadebu-6d39c2.json
2026-07-09 22:21:09 | WARNING  | 404 on https://skeb.jp/api/users/Ryuzi_27 (attempt 1/3)
2026-07-09 22:21:10 | WARNING  | 404 on https://skeb.jp/api/users/29Kota2 (attempt 1/3)
2026-07-09 22:21:11 | INFO     | OK https://skeb.jp/api/users/_pa_ssing
2026-07-09 22:21:11 | INFO     | Saving at a/skeb/_pa_ssing-fdc4ab.json
2026-07-09 22:21:12 | INFO     | OK https://skeb.jp/api/users/_Namitax
2026-07-09 22:21:12 | INFO     | Saving at a/skeb/_Namitax-c50d5c.json
2026-07-09 22:21:13 | WARNING  | 404 on https://skeb.jp/api/users/29Kota2 (attempt 2/3)
2026-07-09 22:21:14 | WARNING  | 404 on https://skeb.jp/api/users/Genkyou (attempt 1/3)
2026-07-09 22:21:15 | INFO     | OK https://skeb.jp/api/users/nemu_nemu3333
2026-07-09 22:21:15 | INFO     | Saving at a/skeb/nemu_nemu3333-9d6229.json
2026-07-09 22:21:16 | INFO     | OK https://skeb.jp/api/users/muchi_s_
2026-07-09 22:21:16 | INFO     | Saving at a/skeb/muchi_s_-d3e0ed.json
2026-07-09 22:21:17 | WARNING  | 404 on https://skeb.jp/api/users/3hankikan0220 (attempt 3/3)
2026-07-09 22:21:18 | INFO     | OK https://skeb.jp/api/users/takoyaki_051
2026-07-09 22:21:18 | INFO     | Saving at a/skeb/takoyaki_051-af81b4.json
2026-07-09 22:21:20 | WARNING  | 404 on https://skeb.jp/api/users/vHoo__ (attempt 3/3)
2026-07-09 22:21:20 | INFO     | OK https://skeb.jp/api/users/328px
2026-07-09 22:21:20 | INFO     | Saving at a/skeb/328px-3b3cfd.json
2026-07-09 22:21:21 | WARNING  | 404 on https://skeb.jp/api/users/Ryuzi_27 (attempt 2/3)
2026-07-09 22:21:22 | INFO     | OK https://skeb.jp/api/users/kerupukelp
2026-07-09 22:21:22 | INFO     | Saving at a/skeb/kerupukelp-09be2b.json
2026-07-09 22:21:23 | WARNING  | 404 on https://skeb.jp/api/users/toxizaki (attempt 1/3)
2026-07-09 22:21:24 | INFO     | OK https://skeb.jp/api/users/Mairu_Yosuda
2026-07-09 22:21:24 | INFO     | Saving at a/skeb/Mairu_Yosuda-486328.json
2026-07-09 22:21:25 | INFO     | OK https://skeb.jp/api/users/boku_TRPG
2026-07-09 22:21:25 | INFO     | Saving at a/skeb/boku_TRPG-653153.json
2026-07-09 22:21:26 | INFO     | OK https://skeb.jp/api/users/mikanstand
2026-07-09 22:21:26 | INFO     | Saving at a/skeb/mikanstand-cfab20.json
2026-07-09 22:21:27 | WARNING  | 404 on https://skeb.jp/api/users/toxizaki (attempt 2/3)
2026-07-09 22:21:28 | INFO     | OK https://skeb.jp/api/users/SakuraChihei
2026-07-09 22:21:28 | INFO     | Saving at a/skeb/SakuraChihei-998399.json
2026-07-09 22:21:29 | WARNING  | 404 on https://skeb.jp/api/users/Ryuzi_27 (attempt 3/3)
2026-07-09 22:21:30 | INFO     | OK https://skeb.jp/api/users/suterisu_art
2026-07-09 22:21:30 | INFO     | Saving at a/skeb/suterisu_art-8ae3be.json
2026-07-09 22:21:31 | WARNING  | 404 on https://skeb.jp/api/users/polar_kuma62 (attempt 1/3)
2026-07-09 22:21:32 | INFO     | OK https://skeb.jp/api/users/shioyude2gou
2026-07-09 22:21:32 | INFO     | Saving at a/skeb/shioyude2gou-acfb64.json
2026-07-09 22:21:33 | INFO     | OK https://skeb.jp/api/users/koyanagi38
2026-07-09 22:21:33 | INFO     | Saving at a/skeb/koyanagi38-6192e6.json
2026-07-09 22:21:34 | WARNING  | 404 on https://skeb.jp/api/users/T4k73gqSZ26h5si (attempt 1/3)
2026-07-09 22:21:35 | WARNING  | 404 on https://skeb.jp/api/users/polar_kuma62 (attempt 2/3)
2026-07-09 22:21:36 | WARNING  | 404 on https://skeb.jp/api/users/toxizaki (attempt 3/3)
2026-07-09 22:21:37 | INFO     | OK https://skeb.jp/api/users/nachi_ko
2026-07-09 22:21:37 | INFO     | Saving at a/skeb/nachi_ko-81e703.json
2026-07-09 22:21:38 | WARNING  | 404 on https://skeb.jp/api/users/Genkyou (attempt 2/3)
2026-07-09 22:21:39 | INFO     | OK https://skeb.jp/api/users/sumikko_sumiko
2026-07-09 22:21:39 | INFO     | Saving at a/skeb/sumikko_sumiko-6d2db3.json
2026-07-09 22:21:40 | INFO     | OK https://skeb.jp/api/users/niseota
2026-07-09 22:21:40 | INFO     | Saving at a/skeb/niseota-4fe991.json
2026-07-09 22:21:41 | WARNING  | 404 on https://skeb.jp/api/users/29Kota2 (attempt 3/3)
2026-07-09 22:21:42 | WARNING  | 404 on https://skeb.jp/api/users/sakayama_lazuli (attempt 1/3)
2026-07-09 22:21:43 | WARNING  | 404 on https://skeb.jp/api/users/Genkyou (attempt 3/3)
2026-07-09 22:21:44 | WARNING  | 404 on https://skeb.jp/api/users/polar_kuma62 (attempt 3/3)
2026-07-09 22:21:45 | INFO     | OK https://skeb.jp/api/users/adatsumi
2026-07-09 22:21:45 | INFO     | Saving at a/skeb/adatsumi-2fe919.json
2026-07-09 22:21:46 | INFO     | OK https://skeb.jp/api/users/neko_oudon
2026-07-09 22:21:46 | INFO     | Saving at a/skeb/neko_oudon-bc0afe.json
2026-07-09 22:21:47 | INFO     | OK https://skeb.jp/api/users/CocoroCcr
2026-07-09 22:21:47 | INFO     | Saving at a/skeb/CocoroCcr-5e25e1.json
2026-07-09 22:21:48 | INFO     | OK https://skeb.jp/api/users/wa_tanuki_0
2026-07-09 22:21:48 | INFO     | Saving at a/skeb/wa_tanuki_0-697473.json
2026-07-09 22:21:50 | INFO     | OK https://skeb.jp/api/users/reiela_mizu
2026-07-09 22:21:50 | INFO     | Saving at a/skeb/reiela_mizu-f9a84e.json
2026-07-09 22:21:50 | INFO     | OK https://skeb.jp/api/users/herateckA2
2026-07-09 22:21:50 | INFO     | Saving at a/skeb/herateckA2-8703ee.json
2026-07-09 22:21:51 | WARNING  | 404 on https://skeb.jp/api/users/T4k73gqSZ26h5si (attempt 2/3)
2026-07-09 22:21:52 | WARNING  | 404 on https://skeb.jp/api/users/sakayama_lazuli (attempt 2/3)
2026-07-09 22:21:53 | INFO     | OK https://skeb.jp/api/users/DemigonX
2026-07-09 22:21:53 | INFO     | Saving at a/skeb/DemigonX-ed241e.json
2026-07-09 22:21:55 | WARNING  | 404 on https://skeb.jp/api/users/T4k73gqSZ26h5si (attempt 3/3)
2026-07-09 22:21:56 | WARNING  | 404 on https://skeb.jp/api/users/sakayama_lazuli (attempt 3/3)
2026-07-09 22:21:56 | INFO     |  --- SUMMARY REPORT --- 
  Sources Retreived    : 236
  Profiles Fetched     : 192
  Profile Missing      : 44
  Profile Rate Limited : 0
  Profile Error Others : 0

2026-07-09 22:21:56 | INFO     | Started creating static api data.
2026-07-09 22:22:58 | INFO     | Album index written to a/albums/index.json (349 albums)
