2026-06-29 18:59:19 | INFO     | Initialized Data Store.
2026-06-29 18:59:19 | INFO     | Homepage GET status=429 (attempt 1/3)
2026-06-29 18:59:19 | INFO     | Cookie extracted [request_key=...].
2026-06-29 18:59:19 | INFO     | SkebClient ready (impersonate=chrome120, rate=2.0/s, concurrency=10, max_runtime=4800s)
2026-06-29 19:00:47 | INFO     | Ready to scrape 141557 items
2026-06-29 19:00:50 | INFO     | OK https://skeb.jp/api/users/illphyvn1
2026-06-29 19:00:50 | INFO     | Saving at a/skeb/illphyvn1-b83a2c.json
2026-06-29 19:00:50 | INFO     | OK https://skeb.jp/api/users/6nge9lrCbjfRdbN
2026-06-29 19:00:50 | INFO     | Saving at a/skeb/6nge9lrCbjfRdbN-5bf0ce.json
2026-06-29 19:00:50 | INFO     | OK https://skeb.jp/api/users/mionami417
2026-06-29 19:00:50 | INFO     | Saving at a/skeb/mionami417-fad361.json
2026-06-29 19:00:50 | INFO     | OK https://skeb.jp/api/users/riho__ym
2026-06-29 19:00:50 | INFO     | Saving at a/skeb/riho__ym-3d4dbf.json
2026-06-29 19:00:50 | WARNING  | 404 on https://skeb.jp/api/users/kkk_anemone (attempt 1/3)
2026-06-29 19:00:51 | INFO     | OK https://skeb.jp/api/users/99_manten
2026-06-29 19:00:51 | INFO     | Saving at a/skeb/99_manten-23564f.json
2026-06-29 19:00:51 | INFO     | OK https://skeb.jp/api/users/star_shoki
2026-06-29 19:00:51 | INFO     | Saving at a/skeb/star_shoki-1265fc.json
2026-06-29 19:00:52 | INFO     | OK https://skeb.jp/api/users/koroponsu3
2026-06-29 19:00:52 | INFO     | Saving at a/skeb/koroponsu3-425db8.json
2026-06-29 19:00:52 | INFO     | OK https://skeb.jp/api/users/shiroichigo
2026-06-29 19:00:52 | INFO     | Saving at a/skeb/shiroichigo-f9aae7.json
2026-06-29 19:00:53 | INFO     | OK https://skeb.jp/api/users/nadearabukichi
2026-06-29 19:00:53 | INFO     | Saving at a/skeb/nadearabukichi-0481f2.json
2026-06-29 19:00:53 | INFO     | OK https://skeb.jp/api/users/9kino9
2026-06-29 19:00:53 | INFO     | Saving at a/skeb/9kino9-30e11a.json
2026-06-29 19:00:54 | INFO     | OK https://skeb.jp/api/users/kagei
2026-06-29 19:00:54 | INFO     | Saving at a/skeb/kagei-f5f31a.json
2026-06-29 19:00:54 | WARNING  | 404 on https://skeb.jp/api/users/kkk_anemone (attempt 2/3)
2026-06-29 19:00:55 | INFO     | OK https://skeb.jp/api/users/yajirow
2026-06-29 19:00:55 | INFO     | Saving at a/skeb/yajirow-e6bd90.json
2026-06-29 19:00:55 | INFO     | OK https://skeb.jp/api/users/murmur_20
2026-06-29 19:00:55 | INFO     | Saving at a/skeb/murmur_20-8401df.json
2026-06-29 19:00:56 | INFO     | OK https://skeb.jp/api/users/katori_trpg
2026-06-29 19:00:56 | INFO     | Saving at a/skeb/katori_trpg-86cd4d.json
2026-06-29 19:00:57 | INFO     | OK https://skeb.jp/api/users/mmm_lLlQ
2026-06-29 19:00:57 | INFO     | Saving at a/skeb/mmm_lLlQ-91c8ce.json
2026-06-29 19:00:57 | INFO     | OK https://skeb.jp/api/users/k_yuto28
2026-06-29 19:00:57 | INFO     | Saving at a/skeb/k_yuto28-0fe5ed.json
2026-06-29 19:00:57 | INFO     | OK https://skeb.jp/api/users/yorugaki026
2026-06-29 19:00:57 | INFO     | Saving at a/skeb/yorugaki026-d881f1.json
2026-06-29 19:00:58 | INFO     | OK https://skeb.jp/api/users/tyo_3rin
2026-06-29 19:00:58 | INFO     | Saving at a/skeb/tyo_3rin-99eaa3.json
2026-06-29 19:00:58 | INFO     | OK https://skeb.jp/api/users/Butter_surume
2026-06-29 19:00:58 | INFO     | Saving at a/skeb/Butter_surume-53afa0.json
2026-06-29 19:00:59 | INFO     | OK https://skeb.jp/api/users/FF00FF_ink
2026-06-29 19:00:59 | INFO     | Saving at a/skeb/FF00FF_ink-2d09d0.json
2026-06-29 19:00:59 | INFO     | OK https://skeb.jp/api/users/_lol457
2026-06-29 19:00:59 | INFO     | Saving at a/skeb/_lol457-ae4923.json
2026-06-29 19:01:00 | INFO     | OK https://skeb.jp/api/users/or_yamamoto
2026-06-29 19:01:00 | INFO     | Saving at a/skeb/or_yamamoto-a89024.json
2026-06-29 19:01:01 | INFO     | OK https://skeb.jp/api/users/nzu_chan
2026-06-29 19:01:01 | INFO     | Saving at a/skeb/nzu_chan-bb270c.json
2026-06-29 19:01:01 | INFO     | OK https://skeb.jp/api/users/ntk_88
2026-06-29 19:01:01 | INFO     | Saving at a/skeb/ntk_88-d0724a.json
2026-06-29 19:01:01 | WARNING  | 404 on https://skeb.jp/api/users/kkk_anemone (attempt 3/3)
2026-06-29 19:01:01 | INFO     | Saving at a/skeb/kkk_anemone-4ed871.json
2026-06-29 19:01:02 | INFO     | OK https://skeb.jp/api/users/TAKOsu_222
2026-06-29 19:01:02 | INFO     | Saving at a/skeb/TAKOsu_222-3869d3.json
2026-06-29 19:01:02 | INFO     | OK https://skeb.jp/api/users/00kayano00
2026-06-29 19:01:02 | INFO     | Saving at a/skeb/00kayano00-3afba4.json
2026-06-29 19:01:03 | INFO     | OK https://skeb.jp/api/users/bokosaaamon
2026-06-29 19:01:03 | INFO     | Saving at a/skeb/bokosaaamon-fc8a5e.json
2026-06-29 19:01:03 | INFO     | OK https://skeb.jp/api/users/gyozadani381
2026-06-29 19:01:03 | INFO     | Saving at a/skeb/gyozadani381-a1dd3c.json
2026-06-29 19:01:04 | INFO     | OK https://skeb.jp/api/users/yamai_matomo
2026-06-29 19:01:04 | INFO     | Saving at a/skeb/yamai_matomo-4ee061.json
2026-06-29 19:01:04 | INFO     | OK https://skeb.jp/api/users/poronnrann
2026-06-29 19:01:04 | INFO     | Saving at a/skeb/poronnrann-8c9b25.json
2026-06-29 19:01:05 | INFO     | OK https://skeb.jp/api/users/diru_vrc
2026-06-29 19:01:05 | INFO     | Saving at a/skeb/diru_vrc-29d6e6.json
2026-06-29 19:01:05 | INFO     | OK https://skeb.jp/api/users/yosiaki_ML
2026-06-29 19:01:05 | INFO     | Saving at a/skeb/yosiaki_ML-c29099.json
2026-06-29 19:01:06 | INFO     | OK https://skeb.jp/api/users/3kohao
2026-06-29 19:01:06 | INFO     | Saving at a/skeb/3kohao-100d05.json
2026-06-29 19:01:06 | INFO     | OK https://skeb.jp/api/users/_mero128
2026-06-29 19:01:06 | INFO     | Saving at a/skeb/_mero128-b36ecd.json
2026-06-29 19:01:07 | INFO     | OK https://skeb.jp/api/users/ni_ru_oekaki
2026-06-29 19:01:07 | INFO     | Saving at a/skeb/ni_ru_oekaki-6e3390.json
2026-06-29 19:01:07 | INFO     | OK https://skeb.jp/api/users/10pa2024
2026-06-29 19:01:07 | INFO     | Saving at a/skeb/10pa2024-4cea18.json
2026-06-29 19:01:08 | INFO     | OK https://skeb.jp/api/users/numenumeronia
2026-06-29 19:01:08 | INFO     | Saving at a/skeb/numenumeronia-3e61f1.json
2026-06-29 19:01:08 | INFO     | OK https://skeb.jp/api/users/__oleander_
2026-06-29 19:01:08 | INFO     | Saving at a/skeb/__oleander_-576914.json
2026-06-29 19:01:09 | INFO     | OK https://skeb.jp/api/users/kt_shihal
2026-06-29 19:01:09 | INFO     | Saving at a/skeb/kt_shihal-9e993c.json
2026-06-29 19:01:10 | INFO     | OK https://skeb.jp/api/users/Mion_dolce
2026-06-29 19:01:10 | INFO     | Saving at a/skeb/Mion_dolce-6a486d.json
2026-06-29 19:01:10 | INFO     | OK https://skeb.jp/api/users/yoda_x2
2026-06-29 19:01:10 | INFO     | Saving at a/skeb/yoda_x2-960534.json
2026-06-29 19:01:10 | INFO     | OK https://skeb.jp/api/users/meraminsponge
2026-06-29 19:01:10 | INFO     | Saving at a/skeb/meraminsponge-5b4c9b.json
2026-06-29 19:01:11 | INFO     | OK https://skeb.jp/api/users/askari_bitter
2026-06-29 19:01:11 | INFO     | Saving at a/skeb/askari_bitter-290de0.json
2026-06-29 19:01:11 | INFO     | OK https://skeb.jp/api/users/bitchMikan
2026-06-29 19:01:11 | INFO     | Saving at a/skeb/bitchMikan-808ad5.json
2026-06-29 19:01:12 | INFO     | OK https://skeb.jp/api/users/koara_lunchset
2026-06-29 19:01:12 | INFO     | Saving at a/skeb/koara_lunchset-90ba6c.json
2026-06-29 19:01:12 | INFO     | OK https://skeb.jp/api/users/miusagi_not_miu
2026-06-29 19:01:12 | INFO     | Saving at a/skeb/miusagi_not_miu-d200cf.json
2026-06-29 19:01:13 | INFO     | OK https://skeb.jp/api/users/Tukine_illust_
2026-06-29 19:01:13 | INFO     | Saving at a/skeb/Tukine_illust_-ffc559.json
2026-06-29 19:01:13 | INFO     | OK https://skeb.jp/api/users/YAGI05142629
2026-06-29 19:01:13 | INFO     | Saving at a/skeb/YAGI05142629-cb609b.json
2026-06-29 19:01:14 | INFO     | OK https://skeb.jp/api/users/studio_erum
2026-06-29 19:01:14 | INFO     | Saving at a/skeb/studio_erum-a98206.json
2026-06-29 19:01:15 | INFO     | OK https://skeb.jp/api/users/FailurePSuccess
2026-06-29 19:01:15 | INFO     | Saving at a/skeb/FailurePSuccess-52ac7a.json
2026-06-29 19:01:15 | INFO     | OK https://skeb.jp/api/users/PassiflOra962
2026-06-29 19:01:15 | INFO     | Saving at a/skeb/PassiflOra962-a1555a.json
2026-06-29 19:01:15 | INFO     | OK https://skeb.jp/api/users/piitan2_mokotan
2026-06-29 19:01:15 | INFO     | Saving at a/skeb/piitan2_mokotan-c02ae8.json
2026-06-29 19:01:16 | INFO     | OK https://skeb.jp/api/users/m772k
2026-06-29 19:01:16 | INFO     | Saving at a/skeb/m772k-4b3ce8.json
2026-06-29 19:01:16 | INFO     | OK https://skeb.jp/api/users/caffeinezai
2026-06-29 19:01:16 | INFO     | Saving at a/skeb/caffeinezai-0267cb.json
2026-06-29 19:01:17 | INFO     | OK https://skeb.jp/api/users/nat_728_21
2026-06-29 19:01:17 | INFO     | Saving at a/skeb/nat_728_21-77f740.json
2026-06-29 19:01:17 | INFO     | OK https://skeb.jp/api/users/nonaprev
2026-06-29 19:01:17 | INFO     | Saving at a/skeb/nonaprev-318934.json
2026-06-29 19:01:18 | INFO     | OK https://skeb.jp/api/users/gene0301
2026-06-29 19:01:18 | INFO     | Saving at a/skeb/gene0301-6ac3fd.json
2026-06-29 19:01:18 | INFO     | OK https://skeb.jp/api/users/hm_POYMI
2026-06-29 19:01:18 | INFO     | Saving at a/skeb/hm_POYMI-8ed5d0.json
2026-06-29 19:01:19 | INFO     | OK https://skeb.jp/api/users/harusame039
2026-06-29 19:01:19 | INFO     | Saving at a/skeb/harusame039-ba5a88.json
2026-06-29 19:01:19 | INFO     | OK https://skeb.jp/api/users/calta1123
2026-06-29 19:01:19 | INFO     | Saving at a/skeb/calta1123-14ec8c.json
2026-06-29 19:01:20 | INFO     | OK https://skeb.jp/api/users/yuzuyunodesu
2026-06-29 19:01:20 | INFO     | Saving at a/skeb/yuzuyunodesu-e8acff.json
2026-06-29 19:01:20 | INFO     | OK https://skeb.jp/api/users/tocorrito
2026-06-29 19:01:20 | INFO     | Saving at a/skeb/tocorrito-bd7273.json
2026-06-29 19:01:21 | INFO     | OK https://skeb.jp/api/users/rengyou0325
2026-06-29 19:01:21 | INFO     | Saving at a/skeb/rengyou0325-015e14.json
2026-06-29 19:01:21 | INFO     | OK https://skeb.jp/api/users/aio_cartolaio
2026-06-29 19:01:21 | INFO     | Saving at a/skeb/aio_cartolaio-3f18f4.json
2026-06-29 19:01:22 | INFO     | OK https://skeb.jp/api/users/udonj
2026-06-29 19:01:22 | INFO     | Saving at a/skeb/udonj-89d066.json
2026-06-29 19:01:22 | INFO     | OK https://skeb.jp/api/users/maboroshidenpa
2026-06-29 19:01:22 | INFO     | Saving at a/skeb/maboroshidenpa-512215.json
2026-06-29 19:01:23 | INFO     | OK https://skeb.jp/api/users/saysay_ochingin
2026-06-29 19:01:23 | INFO     | Saving at a/skeb/saysay_ochingin-1d12ef.json
2026-06-29 19:01:23 | INFO     | OK https://skeb.jp/api/users/chabi_0427
2026-06-29 19:01:23 | INFO     | Saving at a/skeb/chabi_0427-bfeb85.json
2026-06-29 19:01:24 | INFO     | OK https://skeb.jp/api/users/_beeeeee4_
2026-06-29 19:01:24 | INFO     | Saving at a/skeb/_beeeeee4_-170c94.json
2026-06-29 19:01:24 | INFO     | OK https://skeb.jp/api/users/yamori
2026-06-29 19:01:24 | INFO     | Saving at a/skeb/yamori-134c7f.json
2026-06-29 19:01:25 | INFO     | OK https://skeb.jp/api/users/Stniclous7v
2026-06-29 19:01:25 | INFO     | Saving at a/skeb/Stniclous7v-140914.json
2026-06-29 19:01:25 | INFO     | OK https://skeb.jp/api/users/sabuakamoa
2026-06-29 19:01:25 | INFO     | Saving at a/skeb/sabuakamoa-1d4a01.json
2026-06-29 19:01:26 | INFO     | OK https://skeb.jp/api/users/regards1127
2026-06-29 19:01:26 | INFO     | Saving at a/skeb/regards1127-8f670a.json
2026-06-29 19:01:26 | INFO     | OK https://skeb.jp/api/users/maramuya
2026-06-29 19:01:26 | INFO     | Saving at a/skeb/maramuya-bf0e8f.json
2026-06-29 19:01:27 | INFO     | OK https://skeb.jp/api/users/yubiga_kiiroi
2026-06-29 19:01:27 | INFO     | Saving at a/skeb/yubiga_kiiroi-e0bc61.json
2026-06-29 19:01:27 | INFO     | OK https://skeb.jp/api/users/yuzumikan_omo
2026-06-29 19:01:27 | INFO     | Saving at a/skeb/yuzumikan_omo-526e7b.json
2026-06-29 19:01:28 | INFO     | OK https://skeb.jp/api/users/___null_o
2026-06-29 19:01:28 | INFO     | Saving at a/skeb/___null_o-0140c8.json
2026-06-29 19:01:28 | INFO     | OK https://skeb.jp/api/users/gobri_comes
2026-06-29 19:01:28 | INFO     | Saving at a/skeb/gobri_comes-367240.json
2026-06-29 19:01:29 | INFO     | OK https://skeb.jp/api/users/kinakomocci518
2026-06-29 19:01:29 | INFO     | Saving at a/skeb/kinakomocci518-3fcfd5.json
2026-06-29 19:01:29 | INFO     | OK https://skeb.jp/api/users/shokusu_mi
2026-06-29 19:01:29 | INFO     | Saving at a/skeb/shokusu_mi-95c4ec.json
2026-06-29 19:01:30 | INFO     | OK https://skeb.jp/api/users/MiraeruMiraeru
2026-06-29 19:01:30 | INFO     | Saving at a/skeb/MiraeruMiraeru-d4ed05.json
2026-06-29 19:01:30 | INFO     | OK https://skeb.jp/api/users/hakkyouzai_BB
2026-06-29 19:01:30 | INFO     | Saving at a/skeb/hakkyouzai_BB-d99388.json
2026-06-29 19:01:31 | INFO     | OK https://skeb.jp/api/users/T494N_
2026-06-29 19:01:31 | INFO     | Saving at a/skeb/T494N_-641604.json
2026-06-29 19:01:32 | INFO     | OK https://skeb.jp/api/users/Donuts_men
2026-06-29 19:01:32 | INFO     | Saving at a/skeb/Donuts_men-ae98b6.json
2026-06-29 19:01:32 | INFO     | OK https://skeb.jp/api/users/wg_suru
2026-06-29 19:01:32 | INFO     | Saving at a/skeb/wg_suru-caafdd.json
2026-06-29 19:01:32 | INFO     | OK https://skeb.jp/api/users/enokoropso2
2026-06-29 19:01:32 | INFO     | Saving at a/skeb/enokoropso2-93f0d5.json
2026-06-29 19:01:33 | INFO     | OK https://skeb.jp/api/users/spk___0115
2026-06-29 19:01:33 | INFO     | Saving at a/skeb/spk___0115-187643.json
2026-06-29 19:01:33 | INFO     | OK https://skeb.jp/api/users/akuto1129
2026-06-29 19:01:33 | INFO     | Saving at a/skeb/akuto1129-3f8f34.json
2026-06-29 19:01:34 | INFO     | OK https://skeb.jp/api/users/purumetal
2026-06-29 19:01:34 | INFO     | Saving at a/skeb/purumetal-ecd9a1.json
2026-06-29 19:01:34 | INFO     | OK https://skeb.jp/api/users/SakakiKaji
2026-06-29 19:01:34 | INFO     | Saving at a/skeb/SakakiKaji-42b69f.json
2026-06-29 19:01:35 | INFO     | OK https://skeb.jp/api/users/ohayouunagi1
2026-06-29 19:01:35 | INFO     | Saving at a/skeb/ohayouunagi1-2d92fc.json
2026-06-29 19:01:35 | INFO     | OK https://skeb.jp/api/users/torisoboro_222
2026-06-29 19:01:35 | INFO     | Saving at a/skeb/torisoboro_222-22d341.json
2026-06-29 19:01:36 | INFO     | OK https://skeb.jp/api/users/kurorualice
2026-06-29 19:01:36 | INFO     | Saving at a/skeb/kurorualice-d38521.json
2026-06-29 19:01:37 | INFO     | OK https://skeb.jp/api/users/uo_sabu_
2026-06-29 19:01:37 | INFO     | Saving at a/skeb/uo_sabu_-ecb4ae.json
2026-06-29 19:01:37 | INFO     | OK https://skeb.jp/api/users/hin_a_meko
2026-06-29 19:01:37 | INFO     | Saving at a/skeb/hin_a_meko-4aaa25.json
2026-06-29 19:01:38 | INFO     | OK https://skeb.jp/api/users/Enoshimadaisuke
2026-06-29 19:01:38 | INFO     | Saving at a/skeb/Enoshimadaisuke-ac656e.json
2026-06-29 19:01:38 | INFO     | OK https://skeb.jp/api/users/jun4kyo
2026-06-29 19:01:38 | INFO     | Saving at a/skeb/jun4kyo-fa3cb6.json
2026-06-29 19:01:38 | INFO     | OK https://skeb.jp/api/users/asamori_
2026-06-29 19:01:38 | INFO     | Saving at a/skeb/asamori_-39675a.json
2026-06-29 19:01:39 | INFO     | OK https://skeb.jp/api/users/9286_ha
2026-06-29 19:01:39 | INFO     | Saving at a/skeb/9286_ha-8814d7.json
2026-06-29 19:01:39 | INFO     | OK https://skeb.jp/api/users/ig61_lon
2026-06-29 19:01:39 | INFO     | Saving at a/skeb/ig61_lon-00c859.json
2026-06-29 19:01:40 | INFO     | OK https://skeb.jp/api/users/im_a5i
2026-06-29 19:01:40 | INFO     | Saving at a/skeb/im_a5i-eeac33.json
2026-06-29 19:01:40 | INFO     | OK https://skeb.jp/api/users/MeganeTorino
2026-06-29 19:01:40 | INFO     | Saving at a/skeb/MeganeTorino-2fbd77.json
2026-06-29 19:01:41 | INFO     | OK https://skeb.jp/api/users/aimo1214
2026-06-29 19:01:41 | INFO     | Saving at a/skeb/aimo1214-e8c7a5.json
2026-06-29 19:01:41 | INFO     | OK https://skeb.jp/api/users/cerauniae
2026-06-29 19:01:41 | INFO     | Saving at a/skeb/cerauniae-303108.json
2026-06-29 19:01:42 | INFO     | OK https://skeb.jp/api/users/komeing1207
2026-06-29 19:01:42 | INFO     | Saving at a/skeb/komeing1207-6bc36a.json
2026-06-29 19:01:43 | INFO     | OK https://skeb.jp/api/users/sabotenmochi
2026-06-29 19:01:43 | INFO     | Saving at a/skeb/sabotenmochi-d4448f.json
2026-06-29 19:01:43 | INFO     | OK https://skeb.jp/api/users/Scaffeine_e
2026-06-29 19:01:43 | INFO     | Saving at a/skeb/Scaffeine_e-5dce8f.json
2026-06-29 19:01:43 | INFO     | OK https://skeb.jp/api/users/Qensun
2026-06-29 19:01:43 | INFO     | Saving at a/skeb/Qensun-2af028.json
2026-06-29 19:01:44 | INFO     | OK https://skeb.jp/api/users/aigistemeraire
2026-06-29 19:01:44 | INFO     | Saving at a/skeb/aigistemeraire-bfbcec.json
2026-06-29 19:01:44 | INFO     | OK https://skeb.jp/api/users/greytarkin
2026-06-29 19:01:44 | INFO     | Saving at a/skeb/greytarkin-f4faf1.json
2026-06-29 19:01:45 | INFO     | OK https://skeb.jp/api/users/Ilith_1714
2026-06-29 19:01:45 | INFO     | Saving at a/skeb/Ilith_1714-6e52fe.json
2026-06-29 19:01:45 | INFO     | OK https://skeb.jp/api/users/hisu_hiso
2026-06-29 19:01:45 | INFO     | Saving at a/skeb/hisu_hiso-049a7c.json
2026-06-29 19:01:46 | INFO     | OK https://skeb.jp/api/users/urooooyoyo
2026-06-29 19:01:46 | INFO     | Saving at a/skeb/urooooyoyo-1a9e1a.json
2026-06-29 19:01:46 | INFO     | OK https://skeb.jp/api/users/AraganeJB
2026-06-29 19:01:46 | INFO     | Saving at a/skeb/AraganeJB-af54cf.json
2026-06-29 19:01:47 | INFO     | OK https://skeb.jp/api/users/him_0824
2026-06-29 19:01:47 | INFO     | Saving at a/skeb/him_0824-2c84bb.json
2026-06-29 19:01:47 | INFO     | OK https://skeb.jp/api/users/riliy_riliy
2026-06-29 19:01:47 | INFO     | Saving at a/skeb/riliy_riliy-8df721.json
2026-06-29 19:01:48 | INFO     | OK https://skeb.jp/api/users/suzukazemenmattv
2026-06-29 19:01:48 | INFO     | Saving at a/skeb/suzukazemenmattv-fedc59.json
2026-06-29 19:01:48 | INFO     | OK https://skeb.jp/api/users/kourainu
2026-06-29 19:01:48 | INFO     | Saving at a/skeb/kourainu-d5c56f.json
2026-06-29 19:01:49 | INFO     | OK https://skeb.jp/api/users/showgun2918
2026-06-29 19:01:49 | INFO     | Saving at a/skeb/showgun2918-3d289b.json
2026-06-29 19:01:49 | INFO     | OK https://skeb.jp/api/users/MUJINA_Note
2026-06-29 19:01:49 | INFO     | Saving at a/skeb/MUJINA_Note-57bffe.json
2026-06-29 19:01:50 | INFO     | OK https://skeb.jp/api/users/89myu_zu
2026-06-29 19:01:50 | INFO     | Saving at a/skeb/89myu_zu-4f6289.json
2026-06-29 19:01:50 | INFO     | OK https://skeb.jp/api/users/miraihouken
2026-06-29 19:01:50 | INFO     | Saving at a/skeb/miraihouken-065c5d.json
2026-06-29 19:01:51 | INFO     | OK https://skeb.jp/api/users/ewokakusakasa
2026-06-29 19:01:51 | INFO     | Saving at a/skeb/ewokakusakasa-ad437f.json
2026-06-29 19:01:51 | INFO     | OK https://skeb.jp/api/users/uramoshit
2026-06-29 19:01:51 | INFO     | Saving at a/skeb/uramoshit-38d72c.json
2026-06-29 19:01:52 | INFO     | OK https://skeb.jp/api/users/kaigan_ria
2026-06-29 19:01:52 | INFO     | Saving at a/skeb/kaigan_ria-1bbede.json
2026-06-29 19:01:52 | INFO     | OK https://skeb.jp/api/users/sonn_er
2026-06-29 19:01:52 | INFO     | Saving at a/skeb/sonn_er-6dcf39.json
2026-06-29 19:01:53 | INFO     | OK https://skeb.jp/api/users/ARISA_omusubi
2026-06-29 19:01:53 | INFO     | Saving at a/skeb/ARISA_omusubi-b2c3f4.json
2026-06-29 19:01:53 | INFO     | OK https://skeb.jp/api/users/AizawaKaren1992
2026-06-29 19:01:53 | INFO     | Saving at a/skeb/AizawaKaren1992-f207c1.json
2026-06-29 19:01:54 | INFO     | OK https://skeb.jp/api/users/TyouchinAnko
2026-06-29 19:01:54 | INFO     | Saving at a/skeb/TyouchinAnko-dc494d.json
2026-06-29 19:01:54 | INFO     | OK https://skeb.jp/api/users/dthesisaraisan
2026-06-29 19:01:54 | INFO     | Saving at a/skeb/dthesisaraisan-807f03.json
2026-06-29 19:01:55 | INFO     | OK https://skeb.jp/api/users/obtish4ld
2026-06-29 19:01:55 | INFO     | Saving at a/skeb/obtish4ld-984ef6.json
2026-06-29 19:01:55 | INFO     | OK https://skeb.jp/api/users/0miyu0
2026-06-29 19:01:55 | INFO     | Saving at a/skeb/0miyu0-2e0308.json
2026-06-29 19:01:56 | INFO     | OK https://skeb.jp/api/users/momo_sakura220
2026-06-29 19:01:56 | INFO     | Saving at a/skeb/momo_sakura220-6986c3.json
2026-06-29 19:01:56 | INFO     | OK https://skeb.jp/api/users/Diga_foxdog
2026-06-29 19:01:56 | INFO     | Saving at a/skeb/Diga_foxdog-955d34.json
2026-06-29 19:01:57 | INFO     | OK https://skeb.jp/api/users/HsY1161220
2026-06-29 19:01:57 | INFO     | Saving at a/skeb/HsY1161220-8cfec0.json
2026-06-29 19:01:57 | INFO     | OK https://skeb.jp/api/users/hiraruka06
2026-06-29 19:01:57 | INFO     | Saving at a/skeb/hiraruka06-c1d687.json
2026-06-29 19:01:58 | INFO     | OK https://skeb.jp/api/users/1chi_rei_co
2026-06-29 19:01:58 | INFO     | Saving at a/skeb/1chi_rei_co-7c03a2.json
2026-06-29 19:01:58 | INFO     | OK https://skeb.jp/api/users/kyo121kanzaki
2026-06-29 19:01:58 | INFO     | Saving at a/skeb/kyo121kanzaki-eb72bb.json
2026-06-29 19:01:59 | INFO     | OK https://skeb.jp/api/users/momi0
2026-06-29 19:01:59 | INFO     | Saving at a/skeb/momi0-795d8d.json
2026-06-29 19:01:59 | INFO     | OK https://skeb.jp/api/users/rururukiruku
2026-06-29 19:01:59 | INFO     | Saving at a/skeb/rururukiruku-b54c80.json
2026-06-29 19:02:00 | INFO     | OK https://skeb.jp/api/users/inumaruuun
2026-06-29 19:02:00 | INFO     | Saving at a/skeb/inumaruuun-874bbb.json
2026-06-29 19:02:00 | INFO     | OK https://skeb.jp/api/users/_banasura_
2026-06-29 19:02:00 | INFO     | Saving at a/skeb/_banasura_-8c2a11.json
2026-06-29 19:02:01 | INFO     | OK https://skeb.jp/api/users/nemui_misfit
2026-06-29 19:02:01 | INFO     | Saving at a/skeb/nemui_misfit-3288c3.json
2026-06-29 19:02:01 | INFO     | OK https://skeb.jp/api/users/juni_hitoeeen
2026-06-29 19:02:01 | INFO     | Saving at a/skeb/juni_hitoeeen-18d862.json
2026-06-29 19:02:02 | INFO     | OK https://skeb.jp/api/users/onituka
2026-06-29 19:02:02 | INFO     | Saving at a/skeb/onituka-1c7a99.json
2026-06-29 19:02:02 | INFO     | OK https://skeb.jp/api/users/basilicok178
2026-06-29 19:02:02 | INFO     | Saving at a/skeb/basilicok178-f4b1f4.json
2026-06-29 19:02:03 | INFO     | OK https://skeb.jp/api/users/js_ute
2026-06-29 19:02:03 | INFO     | Saving at a/skeb/js_ute-227d6d.json
2026-06-29 19:02:03 | INFO     | OK https://skeb.jp/api/users/quay_1020
2026-06-29 19:02:03 | INFO     | Saving at a/skeb/quay_1020-42b850.json
2026-06-29 19:02:04 | WARNING  | 404 on https://skeb.jp/api/users/ap_illust (attempt 1/3)
2026-06-29 19:02:04 | INFO     | OK https://skeb.jp/api/users/siyuu
2026-06-29 19:02:04 | INFO     | Saving at a/skeb/siyuu-42fc86.json
2026-06-29 19:02:05 | INFO     | OK https://skeb.jp/api/users/enokibikoe
2026-06-29 19:02:05 | INFO     | Saving at a/skeb/enokibikoe-e02bda.json
2026-06-29 19:02:05 | INFO     | OK https://skeb.jp/api/users/333_furAI
2026-06-29 19:02:05 | INFO     | Saving at a/skeb/333_furAI-abeb2a.json
2026-06-29 19:02:06 | WARNING  | 404 on https://skeb.jp/api/users/frozenpile (attempt 1/3)
2026-06-29 19:02:06 | INFO     | OK https://skeb.jp/api/users/fullheal_666
2026-06-29 19:02:06 | INFO     | Saving at a/skeb/fullheal_666-6d9162.json
2026-06-29 19:02:07 | INFO     | OK https://skeb.jp/api/users/hebineko0207
2026-06-29 19:02:07 | INFO     | Saving at a/skeb/hebineko0207-93f5fb.json
2026-06-29 19:02:08 | INFO     | OK https://skeb.jp/api/users/TAREmix1028
2026-06-29 19:02:08 | INFO     | Saving at a/skeb/TAREmix1028-cb42ba.json
2026-06-29 19:02:08 | INFO     | OK https://skeb.jp/api/users/to_ni_to0713
2026-06-29 19:02:08 | INFO     | Saving at a/skeb/to_ni_to0713-982af9.json
2026-06-29 19:02:08 | WARNING  | 404 on https://skeb.jp/api/users/frozenpile (attempt 2/3)
2026-06-29 19:02:09 | INFO     | OK https://skeb.jp/api/users/onazalu801
2026-06-29 19:02:09 | INFO     | Saving at a/skeb/onazalu801-772838.json
2026-06-29 19:02:09 | INFO     | OK https://skeb.jp/api/users/HitorinoNight
2026-06-29 19:02:09 | INFO     | Saving at a/skeb/HitorinoNight-8f353d.json
2026-06-29 19:02:10 | INFO     | OK https://skeb.jp/api/users/yowa48coro
2026-06-29 19:02:10 | INFO     | Saving at a/skeb/yowa48coro-263b77.json
2026-06-29 19:02:10 | INFO     | OK https://skeb.jp/api/users/0_vol_vox_0
2026-06-29 19:02:10 | INFO     | Saving at a/skeb/0_vol_vox_0-139470.json
2026-06-29 19:02:11 | INFO     | OK https://skeb.jp/api/users/Hominotsu
2026-06-29 19:02:11 | INFO     | Saving at a/skeb/Hominotsu-f72747.json
2026-06-29 19:02:11 | INFO     | OK https://skeb.jp/api/users/nomnom_known
2026-06-29 19:02:11 | INFO     | Saving at a/skeb/nomnom_known-2a251e.json
2026-06-29 19:02:12 | INFO     | OK https://skeb.jp/api/users/137syou
2026-06-29 19:02:12 | INFO     | Saving at a/skeb/137syou-a5e812.json
2026-06-29 19:02:13 | INFO     | OK https://skeb.jp/api/users/wanohikamemo2
2026-06-29 19:02:13 | INFO     | Saving at a/skeb/wanohikamemo2-19cb23.json
2026-06-29 19:02:13 | INFO     | OK https://skeb.jp/api/users/bakusuisan_
2026-06-29 19:02:13 | INFO     | Saving at a/skeb/bakusuisan_-870b78.json
2026-06-29 19:02:14 | WARNING  | 404 on https://skeb.jp/api/users/ap_illust (attempt 2/3)
2026-06-29 19:02:14 | INFO     | OK https://skeb.jp/api/users/c02_lemon2
2026-06-29 19:02:14 | INFO     | Saving at a/skeb/c02_lemon2-6200fe.json
2026-06-29 19:02:14 | INFO     | OK https://skeb.jp/api/users/aplicot_delta
2026-06-29 19:02:14 | INFO     | Saving at a/skeb/aplicot_delta-b47f00.json
2026-06-29 19:02:15 | WARNING  | 404 on https://skeb.jp/api/users/frozenpile (attempt 3/3)
2026-06-29 19:02:15 | INFO     | Saving at a/skeb/frozenpile-ff2c86.json
2026-06-29 19:02:16 | WARNING  | 404 on https://skeb.jp/api/users/shangtiany31057 (attempt 1/3)
2026-06-29 19:02:16 | INFO     | OK https://skeb.jp/api/users/HitAndRuuun
2026-06-29 19:02:16 | INFO     | Saving at a/skeb/HitAndRuuun-a70ea3.json
2026-06-29 19:02:16 | INFO     | OK https://skeb.jp/api/users/JiLmNo_330
2026-06-29 19:02:16 | INFO     | Saving at a/skeb/JiLmNo_330-ca91a6.json
2026-06-29 19:02:17 | INFO     | OK https://skeb.jp/api/users/0x0Hinq
2026-06-29 19:02:17 | INFO     | Saving at a/skeb/0x0Hinq-cfc7bb.json
2026-06-29 19:02:17 | INFO     | OK https://skeb.jp/api/users/Taruho_Sawarabi
2026-06-29 19:02:17 | INFO     | Saving at a/skeb/Taruho_Sawarabi-ff0079.json
2026-06-29 19:02:18 | INFO     | OK https://skeb.jp/api/users/kibidango0711
2026-06-29 19:02:18 | INFO     | Saving at a/skeb/kibidango0711-248de2.json
2026-06-29 19:02:18 | INFO     | OK https://skeb.jp/api/users/gonzaresusushi
2026-06-29 19:02:18 | INFO     | Saving at a/skeb/gonzaresusushi-9f5e18.json
2026-06-29 19:02:19 | INFO     | OK https://skeb.jp/api/users/jita5max
2026-06-29 19:02:19 | INFO     | Saving at a/skeb/jita5max-2b58fd.json
2026-06-29 19:02:19 | INFO     | OK https://skeb.jp/api/users/Gq3Ee
2026-06-29 19:02:19 | INFO     | Saving at a/skeb/Gq3Ee-b0d35b.json
2026-06-29 19:02:20 | INFO     | OK https://skeb.jp/api/users/ncr_02
2026-06-29 19:02:20 | INFO     | Saving at a/skeb/ncr_02-c0638b.json
2026-06-29 19:02:20 | WARNING  | 404 on https://skeb.jp/api/users/shangtiany31057 (attempt 2/3)
2026-06-29 19:02:21 | INFO     | OK https://skeb.jp/api/users/nanasitya
2026-06-29 19:02:21 | INFO     | Saving at a/skeb/nanasitya-1b6507.json
2026-06-29 19:02:22 | INFO     | OK https://skeb.jp/api/users/tsukisizuku_003
2026-06-29 19:02:22 | INFO     | Saving at a/skeb/tsukisizuku_003-1ee4c2.json
2026-06-29 19:02:22 | INFO     | OK https://skeb.jp/api/users/illustration_98
2026-06-29 19:02:22 | INFO     | Saving at a/skeb/illustration_98-36f2da.json
2026-06-29 19:02:22 | INFO     | OK https://skeb.jp/api/users/oekaki_y_r
2026-06-29 19:02:22 | INFO     | Saving at a/skeb/oekaki_y_r-dc14e7.json
2026-06-29 19:02:23 | WARNING  | 404 on https://skeb.jp/api/users/ap_illust (attempt 3/3)
2026-06-29 19:02:23 | INFO     | Saving at a/skeb/ap_illust-be1e32.json
2026-06-29 19:02:23 | INFO     | OK https://skeb.jp/api/users/VALsong3
2026-06-29 19:02:23 | INFO     | Saving at a/skeb/VALsong3-98d74d.json
2026-06-29 19:02:24 | INFO     | OK https://skeb.jp/api/users/FireSnakes639
2026-06-29 19:02:24 | INFO     | Saving at a/skeb/FireSnakes639-0a5877.json
2026-06-29 19:02:24 | INFO     | OK https://skeb.jp/api/users/2tb8vi
2026-06-29 19:02:24 | INFO     | Saving at a/skeb/2tb8vi-72ff1e.json
2026-06-29 19:02:25 | INFO     | OK https://skeb.jp/api/users/soluno2
2026-06-29 19:02:25 | INFO     | Saving at a/skeb/soluno2-387cec.json
2026-06-29 19:02:25 | INFO     | OK https://skeb.jp/api/users/_KIKURAKU_
2026-06-29 19:02:25 | INFO     | Saving at a/skeb/_KIKURAKU_-c3c282.json
2026-06-29 19:02:26 | INFO     | OK https://skeb.jp/api/users/m_sub_order
2026-06-29 19:02:26 | INFO     | Saving at a/skeb/m_sub_order-481847.json
2026-06-29 19:02:26 | INFO     | OK https://skeb.jp/api/users/parantal
2026-06-29 19:02:26 | INFO     | Saving at a/skeb/parantal-a10381.json
2026-06-29 19:02:27 | INFO     | OK https://skeb.jp/api/users/ayama_nano
2026-06-29 19:02:27 | INFO     | Saving at a/skeb/ayama_nano-a7948f.json
2026-06-29 19:02:28 | WARNING  | 404 on https://skeb.jp/api/users/shangtiany31057 (attempt 3/3)
2026-06-29 19:02:28 | INFO     | Saving at a/skeb/shangtiany31057-d71007.json
2026-06-29 19:02:28 | INFO     | OK https://skeb.jp/api/users/IL_NEINEINEI
2026-06-29 19:02:28 | INFO     | Saving at a/skeb/IL_NEINEINEI-a0d195.json
2026-06-29 19:02:28 | INFO     | OK https://skeb.jp/api/users/Suchineko
2026-06-29 19:02:28 | INFO     | Saving at a/skeb/Suchineko-5d2b0f.json
2026-06-29 19:02:29 | INFO     | OK https://skeb.jp/api/users/rnarurno
2026-06-29 19:02:29 | INFO     | Saving at a/skeb/rnarurno-eb4333.json
2026-06-29 19:02:29 | INFO     | OK https://skeb.jp/api/users/kurofwz
2026-06-29 19:02:29 | INFO     | Saving at a/skeb/kurofwz-448a46.json
2026-06-29 19:02:30 | INFO     | OK https://skeb.jp/api/users/akmc0015
2026-06-29 19:02:30 | INFO     | Saving at a/skeb/akmc0015-83d3d3.json
2026-06-29 19:02:30 | INFO     | OK https://skeb.jp/api/users/702_orange
2026-06-29 19:02:30 | INFO     | Saving at a/skeb/702_orange-1881c4.json
2026-06-29 19:02:31 | INFO     | OK https://skeb.jp/api/users/gP0RoBiDsa
2026-06-29 19:02:31 | INFO     | Saving at a/skeb/gP0RoBiDsa-e5301b.json
2026-06-29 19:02:31 | INFO     | OK https://skeb.jp/api/users/88_AR4Nei__
2026-06-29 19:02:31 | INFO     | Saving at a/skeb/88_AR4Nei__-bf3161.json
2026-06-29 19:02:32 | INFO     | OK https://skeb.jp/api/users/hallupuna
2026-06-29 19:02:32 | INFO     | Saving at a/skeb/hallupuna-d199d2.json
2026-06-29 19:02:32 | INFO     | OK https://skeb.jp/api/users/mowgraph
2026-06-29 19:02:32 | INFO     | Saving at a/skeb/mowgraph-8aae3e.json
2026-06-29 19:02:33 | INFO     | OK https://skeb.jp/api/users/NKuwon
2026-06-29 19:02:33 | INFO     | Saving at a/skeb/NKuwon-974059.json
2026-06-29 19:02:33 | WARNING  | 404 on https://skeb.jp/api/users/yuzu_teti (attempt 1/3)
2026-06-29 19:02:34 | INFO     | OK https://skeb.jp/api/users/susie_illust
2026-06-29 19:02:34 | INFO     | Saving at a/skeb/susie_illust-383ed9.json
2026-06-29 19:02:34 | INFO     | OK https://skeb.jp/api/users/kitsune_1414
2026-06-29 19:02:34 | INFO     | Saving at a/skeb/kitsune_1414-226077.json
2026-06-29 19:02:35 | INFO     | OK https://skeb.jp/api/users/magical0877
2026-06-29 19:02:35 | INFO     | Saving at a/skeb/magical0877-444f39.json
2026-06-29 19:02:35 | INFO     | OK https://skeb.jp/api/users/nyusiku_bbb2
2026-06-29 19:02:35 | INFO     | Saving at a/skeb/nyusiku_bbb2-e9897a.json
2026-06-29 19:02:36 | INFO     | OK https://skeb.jp/api/users/Fumiko_Tanaka_
2026-06-29 19:02:36 | INFO     | Saving at a/skeb/Fumiko_Tanaka_-b9f6ce.json
2026-06-29 19:02:36 | INFO     | OK https://skeb.jp/api/users/mike_tea2
2026-06-29 19:02:36 | INFO     | Saving at a/skeb/mike_tea2-0cc115.json
2026-06-29 19:02:37 | INFO     | OK https://skeb.jp/api/users/tachi_nego
2026-06-29 19:02:37 | INFO     | Saving at a/skeb/tachi_nego-c1aede.json
2026-06-29 19:02:37 | INFO     | OK https://skeb.jp/api/users/yuyupic
2026-06-29 19:02:37 | INFO     | Saving at a/skeb/yuyupic-a5b3de.json
2026-06-29 19:02:38 | WARNING  | 404 on https://skeb.jp/api/users/yuzu_teti (attempt 2/3)
2026-06-29 19:02:38 | INFO     | OK https://skeb.jp/api/users/noki_norstain
2026-06-29 19:02:38 | INFO     | Saving at a/skeb/noki_norstain-fea5db.json
2026-06-29 19:02:39 | INFO     | OK https://skeb.jp/api/users/Chalco_illust
2026-06-29 19:02:39 | INFO     | Saving at a/skeb/Chalco_illust-f93284.json
2026-06-29 19:02:39 | INFO     | OK https://skeb.jp/api/users/suiso_kurage
2026-06-29 19:02:39 | INFO     | Saving at a/skeb/suiso_kurage-f61cc7.json
2026-06-29 19:02:40 | INFO     | OK https://skeb.jp/api/users/ichigocr
2026-06-29 19:02:40 | INFO     | Saving at a/skeb/ichigocr-e8b80a.json
2026-06-29 19:02:40 | INFO     | OK https://skeb.jp/api/users/midukiuta
2026-06-29 19:02:40 | INFO     | Saving at a/skeb/midukiuta-e1c643.json
2026-06-29 19:02:41 | INFO     | OK https://skeb.jp/api/users/KGM_Euphrasia
2026-06-29 19:02:41 | INFO     | Saving at a/skeb/KGM_Euphrasia-9d33ed.json
2026-06-29 19:02:41 | INFO     | OK https://skeb.jp/api/users/jacksjtr
2026-06-29 19:02:41 | INFO     | Saving at a/skeb/jacksjtr-5e21da.json
2026-06-29 19:02:42 | INFO     | OK https://skeb.jp/api/users/peyo_mhyk
2026-06-29 19:02:42 | INFO     | Saving at a/skeb/peyo_mhyk-6a2316.json
2026-06-29 19:02:43 | INFO     | OK https://skeb.jp/api/users/re_Butsu
2026-06-29 19:02:43 | INFO     | Saving at a/skeb/re_Butsu-1e1d46.json
2026-06-29 19:02:43 | WARNING  | 404 on https://skeb.jp/api/users/yuzu_teti (attempt 3/3)
2026-06-29 19:02:43 | INFO     | Saving at a/skeb/yuzu_teti-17ebb4.json
2026-06-29 19:02:43 | INFO     | OK https://skeb.jp/api/users/RiRidrm
2026-06-29 19:02:43 | INFO     | Saving at a/skeb/RiRidrm-0f3257.json
2026-06-29 19:02:44 | INFO     | OK https://skeb.jp/api/users/Asagi_009C9E
2026-06-29 19:02:44 | INFO     | Saving at a/skeb/Asagi_009C9E-0f876a.json
2026-06-29 19:02:45 | INFO     | OK https://skeb.jp/api/users/Ray25252
2026-06-29 19:02:45 | INFO     | Saving at a/skeb/Ray25252-df133f.json
2026-06-29 19:02:45 | INFO     | OK https://skeb.jp/api/users/honey_poppow
2026-06-29 19:02:45 | INFO     | Saving at a/skeb/honey_poppow-7d417f.json
2026-06-29 19:02:45 | INFO     | OK https://skeb.jp/api/users/0408Huwa
2026-06-29 19:02:45 | INFO     | Saving at a/skeb/0408Huwa-b06121.json
2026-06-29 19:02:46 | INFO     | OK https://skeb.jp/api/users/tiritumo_21
2026-06-29 19:02:46 | INFO     | Saving at a/skeb/tiritumo_21-1ee349.json
2026-06-29 19:02:46 | INFO     | OK https://skeb.jp/api/users/4kumauo
2026-06-29 19:02:46 | INFO     | Saving at a/skeb/4kumauo-044bc7.json
2026-06-29 19:02:47 | INFO     | OK https://skeb.jp/api/users/T0tuki_
2026-06-29 19:02:47 | INFO     | Saving at a/skeb/T0tuki_-5ede6d.json
2026-06-29 19:02:47 | INFO     | OK https://skeb.jp/api/users/sajiyadayo
2026-06-29 19:02:47 | INFO     | Saving at a/skeb/sajiyadayo-756f91.json
2026-06-29 19:02:48 | INFO     | OK https://skeb.jp/api/users/kazuma_hk_2525
2026-06-29 19:02:48 | INFO     | Saving at a/skeb/kazuma_hk_2525-8f214b.json
2026-06-29 19:02:48 | INFO     | OK https://skeb.jp/api/users/yama_1612
2026-06-29 19:02:48 | INFO     | Saving at a/skeb/yama_1612-2ca970.json
2026-06-29 19:02:49 | INFO     | OK https://skeb.jp/api/users/787namihira
2026-06-29 19:02:49 | INFO     | Saving at a/skeb/787namihira-530f7b.json
2026-06-29 19:02:49 | INFO     | OK https://skeb.jp/api/users/suzumiya_nuko
2026-06-29 19:02:49 | INFO     | Saving at a/skeb/suzumiya_nuko-55dfac.json
2026-06-29 19:02:50 | INFO     | OK https://skeb.jp/api/users/tkrnlove_hina93
2026-06-29 19:02:50 | INFO     | Saving at a/skeb/tkrnlove_hina93-037a70.json
2026-06-29 19:02:50 | INFO     | OK https://skeb.jp/api/users/LOVERYUI
2026-06-29 19:02:50 | INFO     | Saving at a/skeb/LOVERYUI-5acf65.json
2026-06-29 19:02:51 | INFO     | OK https://skeb.jp/api/users/24udukisora
2026-06-29 19:02:51 | INFO     | Saving at a/skeb/24udukisora-69fda6.json
2026-06-29 19:02:51 | INFO     | OK https://skeb.jp/api/users/sakura_01el
2026-06-29 19:02:51 | INFO     | Saving at a/skeb/sakura_01el-23bf34.json
2026-06-29 19:02:52 | INFO     | OK https://skeb.jp/api/users/lem927
2026-06-29 19:02:52 | INFO     | Saving at a/skeb/lem927-6bae4b.json
2026-06-29 19:02:52 | INFO     | OK https://skeb.jp/api/users/sushidance1
2026-06-29 19:02:52 | INFO     | Saving at a/skeb/sushidance1-b8cf8c.json
2026-06-29 19:02:53 | INFO     | OK https://skeb.jp/api/users/Kimu
2026-06-29 19:02:53 | INFO     | Saving at a/skeb/Kimu-3631df.json
2026-06-29 19:02:53 | INFO     | OK https://skeb.jp/api/users/edenisover
2026-06-29 19:02:53 | INFO     | Saving at a/skeb/edenisover-f8bf05.json
2026-06-29 19:02:54 | INFO     | OK https://skeb.jp/api/users/AoiAkane00pic
2026-06-29 19:02:54 | INFO     | Saving at a/skeb/AoiAkane00pic-a48eb4.json
2026-06-29 19:02:54 | INFO     | OK https://skeb.jp/api/users/yuugiri__hy
2026-06-29 19:02:54 | INFO     | Saving at a/skeb/yuugiri__hy-61d323.json
2026-06-29 19:02:55 | INFO     | OK https://skeb.jp/api/users/Sakinyo
2026-06-29 19:02:55 | INFO     | Saving at a/skeb/Sakinyo-7c5004.json
2026-06-29 19:02:55 | INFO     | OK https://skeb.jp/api/users/hanase_hikari
2026-06-29 19:02:55 | INFO     | Saving at a/skeb/hanase_hikari-7efb9f.json
2026-06-29 19:02:56 | INFO     | OK https://skeb.jp/api/users/SakuMoti_irasut
2026-06-29 19:02:56 | INFO     | Saving at a/skeb/SakuMoti_irasut-e847f3.json
2026-06-29 19:02:57 | INFO     | OK https://skeb.jp/api/users/yukito_tanaka0
2026-06-29 19:02:57 | INFO     | Saving at a/skeb/yukito_tanaka0-6865ee.json
2026-06-29 19:02:57 | INFO     | OK https://skeb.jp/api/users/AKANESEKIRO0502
2026-06-29 19:02:57 | INFO     | Saving at a/skeb/AKANESEKIRO0502-9d1db4.json
2026-06-29 19:02:57 | INFO     | OK https://skeb.jp/api/users/mndrop
2026-06-29 19:02:57 | INFO     | Saving at a/skeb/mndrop-4e68b6.json
2026-06-29 19:02:58 | INFO     | OK https://skeb.jp/api/users/hibicky
2026-06-29 19:02:58 | INFO     | Saving at a/skeb/hibicky-0ded42.json
2026-06-29 19:02:58 | INFO     | OK https://skeb.jp/api/users/ujura_ra
2026-06-29 19:02:58 | INFO     | Saving at a/skeb/ujura_ra-115381.json
2026-06-29 19:02:59 | INFO     | OK https://skeb.jp/api/users/eitz_animation
2026-06-29 19:02:59 | INFO     | Saving at a/skeb/eitz_animation-bf05ad.json
2026-06-29 19:03:00 | INFO     | OK https://skeb.jp/api/users/amekawa_uru
2026-06-29 19:03:00 | INFO     | Saving at a/skeb/amekawa_uru-554e72.json
2026-06-29 19:03:00 | INFO     | OK https://skeb.jp/api/users/Esu__desu
2026-06-29 19:03:00 | INFO     | Saving at a/skeb/Esu__desu-78fe36.json
2026-06-29 19:03:00 | INFO     | OK https://skeb.jp/api/users/mymrkawaii
2026-06-29 19:03:00 | INFO     | Saving at a/skeb/mymrkawaii-0d41c6.json
2026-06-29 19:03:01 | INFO     | OK https://skeb.jp/api/users/happyworld_w
2026-06-29 19:03:01 | INFO     | Saving at a/skeb/happyworld_w-52f5df.json
2026-06-29 19:03:01 | INFO     | OK https://skeb.jp/api/users/aoooo002
2026-06-29 19:03:01 | INFO     | Saving at a/skeb/aoooo002-677624.json
2026-06-29 19:03:02 | INFO     | OK https://skeb.jp/api/users/kazu_rozen
2026-06-29 19:03:02 | INFO     | Saving at a/skeb/kazu_rozen-16b806.json
2026-06-29 19:03:03 | INFO     | OK https://skeb.jp/api/users/atoritti
2026-06-29 19:03:03 | INFO     | Saving at a/skeb/atoritti-fff933.json
2026-06-29 19:03:03 | INFO     | OK https://skeb.jp/api/users/kinokoningen
2026-06-29 19:03:03 | INFO     | Saving at a/skeb/kinokoningen-73066b.json
2026-06-29 19:03:03 | INFO     | OK https://skeb.jp/api/users/syoshomm_
2026-06-29 19:03:03 | INFO     | Saving at a/skeb/syoshomm_-ae5460.json
2026-06-29 19:03:04 | INFO     | OK https://skeb.jp/api/users/nemui_mnm
2026-06-29 19:03:04 | INFO     | Saving at a/skeb/nemui_mnm-457188.json
2026-06-29 19:03:04 | INFO     | OK https://skeb.jp/api/users/Poireau_13
2026-06-29 19:03:04 | INFO     | Saving at a/skeb/Poireau_13-9b37b0.json
2026-06-29 19:03:05 | INFO     | OK https://skeb.jp/api/users/Kani_kama0612
2026-06-29 19:03:05 | INFO     | Saving at a/skeb/Kani_kama0612-ec12a0.json
2026-06-29 19:03:05 | INFO     | OK https://skeb.jp/api/users/trpo_
2026-06-29 19:03:05 | INFO     | Saving at a/skeb/trpo_-75403c.json
2026-06-29 19:03:06 | INFO     | OK https://skeb.jp/api/users/rikitama5000
2026-06-29 19:03:06 | INFO     | Saving at a/skeb/rikitama5000-9b365d.json
2026-06-29 19:03:06 | INFO     | OK https://skeb.jp/api/users/hirutoyoru030
2026-06-29 19:03:06 | INFO     | Saving at a/skeb/hirutoyoru030-76a964.json
2026-06-29 19:03:07 | INFO     | OK https://skeb.jp/api/users/T_xxkko
2026-06-29 19:03:07 | INFO     | Saving at a/skeb/T_xxkko-b96a70.json
2026-06-29 19:03:07 | INFO     | OK https://skeb.jp/api/users/NinIHoshi
2026-06-29 19:03:07 | INFO     | Saving at a/skeb/NinIHoshi-87ef67.json
2026-06-29 19:03:08 | INFO     | OK https://skeb.jp/api/users/Gyautouge
2026-06-29 19:03:08 | INFO     | Saving at a/skeb/Gyautouge-90d4f1.json
2026-06-29 19:03:08 | INFO     | OK https://skeb.jp/api/users/4Kdrive_SIGNAL
2026-06-29 19:03:08 | INFO     | Saving at a/skeb/4Kdrive_SIGNAL-a16e7b.json
2026-06-29 19:03:09 | WARNING  | 404 on https://skeb.jp/api/users/violaep01 (attempt 1/3)
2026-06-29 19:03:10 | INFO     | OK https://skeb.jp/api/users/ll_25ra
2026-06-29 19:03:10 | INFO     | Saving at a/skeb/ll_25ra-ee5a7b.json
2026-06-29 19:03:10 | INFO     | OK https://skeb.jp/api/users/sunshiba417
2026-06-29 19:03:10 | INFO     | Saving at a/skeb/sunshiba417-bbbc83.json
2026-06-29 19:03:11 | INFO     | OK https://skeb.jp/api/users/yuduru_vr
2026-06-29 19:03:11 | INFO     | Saving at a/skeb/yuduru_vr-560473.json
2026-06-29 19:03:11 | INFO     | OK https://skeb.jp/api/users/floweraft_music
2026-06-29 19:03:11 | INFO     | Saving at a/skeb/floweraft_music-6267ea.json
2026-06-29 19:03:11 | INFO     | OK https://skeb.jp/api/users/shi0n_krbn
2026-06-29 19:03:11 | INFO     | Saving at a/skeb/shi0n_krbn-8c63e7.json
2026-06-29 19:03:12 | INFO     | OK https://skeb.jp/api/users/unko1532180
2026-06-29 19:03:12 | INFO     | Saving at a/skeb/unko1532180-ab527f.json
2026-06-29 19:03:12 | INFO     | OK https://skeb.jp/api/users/MEN_cho7
2026-06-29 19:03:12 | INFO     | Saving at a/skeb/MEN_cho7-d5ab9a.json
2026-06-29 19:03:13 | INFO     | OK https://skeb.jp/api/users/Focanupou19889
2026-06-29 19:03:13 | INFO     | Saving at a/skeb/Focanupou19889-3571e5.json
2026-06-29 19:03:13 | INFO     | OK https://skeb.jp/api/users/amagi03
2026-06-29 19:03:13 | INFO     | Saving at a/skeb/amagi03-704c74.json
2026-06-29 19:03:14 | INFO     | OK https://skeb.jp/api/users/omh_san
2026-06-29 19:03:14 | INFO     | Saving at a/skeb/omh_san-85f911.json
2026-06-29 19:03:14 | INFO     | OK https://skeb.jp/api/users/kaninoll_fyra
2026-06-29 19:03:14 | INFO     | Saving at a/skeb/kaninoll_fyra-454dcf.json
2026-06-29 19:03:15 | INFO     | OK https://skeb.jp/api/users/TREE_popopo
2026-06-29 19:03:15 | INFO     | Saving at a/skeb/TREE_popopo-d5c1b2.json
2026-06-29 19:03:16 | WARNING  | 404 on https://skeb.jp/api/users/violaep01 (attempt 2/3)
2026-06-29 19:03:16 | INFO     | OK https://skeb.jp/api/users/coup01jp
2026-06-29 19:03:16 | INFO     | Saving at a/skeb/coup01jp-b01333.json
2026-06-29 19:03:17 | INFO     | OK https://skeb.jp/api/users/moon_of_jupiter
2026-06-29 19:03:17 | INFO     | Saving at a/skeb/moon_of_jupiter-122028.json
2026-06-29 19:03:17 | INFO     | OK https://skeb.jp/api/users/On_niiiiiku130
2026-06-29 19:03:17 | INFO     | Saving at a/skeb/On_niiiiiku130-9aa3b8.json
2026-06-29 19:03:17 | INFO     | OK https://skeb.jp/api/users/shilajila
2026-06-29 19:03:17 | INFO     | Saving at a/skeb/shilajila-90a76c.json
2026-06-29 19:03:18 | INFO     | OK https://skeb.jp/api/users/4gatsu_itsuka
2026-06-29 19:03:18 | INFO     | Saving at a/skeb/4gatsu_itsuka-994069.json
2026-06-29 19:03:18 | INFO     | OK https://skeb.jp/api/users/YuzukiYucha_310
2026-06-29 19:03:18 | INFO     | Saving at a/skeb/YuzukiYucha_310-1cf87b.json
2026-06-29 19:03:19 | INFO     | OK https://skeb.jp/api/users/osora_io
2026-06-29 19:03:19 | INFO     | Saving at a/skeb/osora_io-661fe7.json
2026-06-29 19:03:19 | INFO     | OK https://skeb.jp/api/users/24iro_sketch
2026-06-29 19:03:19 | INFO     | Saving at a/skeb/24iro_sketch-094ce2.json
2026-06-29 19:03:20 | INFO     | OK https://skeb.jp/api/users/shika3neko
2026-06-29 19:03:20 | INFO     | Saving at a/skeb/shika3neko-211ec4.json
2026-06-29 19:03:20 | INFO     | OK https://skeb.jp/api/users/_4ki__0
2026-06-29 19:03:20 | INFO     | Saving at a/skeb/_4ki__0-d811ca.json
2026-06-29 19:03:21 | INFO     | OK https://skeb.jp/api/users/uloruba
2026-06-29 19:03:21 | INFO     | Saving at a/skeb/uloruba-5c8159.json
2026-06-29 19:03:22 | WARNING  | 404 on https://skeb.jp/api/users/violaep01 (attempt 3/3)
2026-06-29 19:03:22 | INFO     | Saving at a/skeb/violaep01-76ed8b.json
2026-06-29 19:03:22 | INFO     | OK https://skeb.jp/api/users/piso0219
2026-06-29 19:03:22 | INFO     | Saving at a/skeb/piso0219-599b48.json
2026-06-29 19:03:22 | INFO     | OK https://skeb.jp/api/users/jumpman25252
2026-06-29 19:03:22 | INFO     | Saving at a/skeb/jumpman25252-11ba8b.json
2026-06-29 19:03:23 | INFO     | OK https://skeb.jp/api/users/cradle_
2026-06-29 19:03:23 | INFO     | Saving at a/skeb/cradle_-6eea31.json
2026-06-29 19:03:23 | INFO     | OK https://skeb.jp/api/users/tonguewasabi
2026-06-29 19:03:23 | INFO     | Saving at a/skeb/tonguewasabi-30eb33.json
2026-06-29 19:03:24 | INFO     | OK https://skeb.jp/api/users/s_r_m_d_
2026-06-29 19:03:24 | INFO     | Saving at a/skeb/s_r_m_d_-9cd1e8.json
2026-06-29 19:03:24 | INFO     | OK https://skeb.jp/api/users/sazaki__0511
2026-06-29 19:03:24 | INFO     | Saving at a/skeb/sazaki__0511-9f0c31.json
2026-06-29 19:03:25 | INFO     | OK https://skeb.jp/api/users/roapo5711
2026-06-29 19:03:25 | INFO     | Saving at a/skeb/roapo5711-764f0f.json
2026-06-29 19:03:25 | INFO     | OK https://skeb.jp/api/users/meiko_a_gogo
2026-06-29 19:03:25 | INFO     | Saving at a/skeb/meiko_a_gogo-9a263f.json
2026-06-29 19:03:26 | INFO     | OK https://skeb.jp/api/users/a_maot0
2026-06-29 19:03:26 | INFO     | Saving at a/skeb/a_maot0-0ea843.json
2026-06-29 19:03:26 | WARNING  | 404 on https://skeb.jp/api/users/kmk_roll (attempt 1/3)
2026-06-29 19:03:27 | INFO     | OK https://skeb.jp/api/users/Ectoria
2026-06-29 19:03:27 | INFO     | Saving at a/skeb/Ectoria-31846e.json
2026-06-29 19:03:27 | INFO     | OK https://skeb.jp/api/users/deepstarhoshimi
2026-06-29 19:03:27 | INFO     | Saving at a/skeb/deepstarhoshimi-b46a3f.json
2026-06-29 19:03:28 | INFO     | OK https://skeb.jp/api/users/ponderogen
2026-06-29 19:03:28 | INFO     | Saving at a/skeb/ponderogen-7689c6.json
2026-06-29 19:03:28 | INFO     | OK https://skeb.jp/api/users/Soa_ll2
2026-06-29 19:03:28 | INFO     | Saving at a/skeb/Soa_ll2-713544.json
2026-06-29 19:03:29 | INFO     | OK https://skeb.jp/api/users/34a_ddno
2026-06-29 19:03:29 | INFO     | Saving at a/skeb/34a_ddno-9ab5c5.json
2026-06-29 19:03:29 | INFO     | OK https://skeb.jp/api/users/76Bird76
2026-06-29 19:03:29 | INFO     | Saving at a/skeb/76Bird76-47d4c8.json
2026-06-29 19:03:30 | INFO     | OK https://skeb.jp/api/users/azumaya33
2026-06-29 19:03:30 | INFO     | Saving at a/skeb/azumaya33-d852c5.json
2026-06-29 19:03:30 | INFO     | OK https://skeb.jp/api/users/jaguchi38
2026-06-29 19:03:30 | INFO     | Saving at a/skeb/jaguchi38-ae0594.json
2026-06-29 19:03:31 | WARNING  | 404 on https://skeb.jp/api/users/kmk_roll (attempt 2/3)
2026-06-29 19:03:31 | INFO     | OK https://skeb.jp/api/users/OSR_00_OSR
2026-06-29 19:03:31 | INFO     | Saving at a/skeb/OSR_00_OSR-3213ad.json
2026-06-29 19:03:32 | INFO     | OK https://skeb.jp/api/users/shigu_ei
2026-06-29 19:03:32 | INFO     | Saving at a/skeb/shigu_ei-62e309.json
2026-06-29 19:03:32 | INFO     | OK https://skeb.jp/api/users/takasmi_ude14
2026-06-29 19:03:32 | INFO     | Saving at a/skeb/takasmi_ude14-f810d0.json
2026-06-29 19:03:33 | INFO     | OK https://skeb.jp/api/users/yvri_08
2026-06-29 19:03:33 | INFO     | Saving at a/skeb/yvri_08-a8e7e5.json
2026-06-29 19:03:33 | INFO     | OK https://skeb.jp/api/users/MUTHUME_ZZZ
2026-06-29 19:03:33 | INFO     | Saving at a/skeb/MUTHUME_ZZZ-96469c.json
2026-06-29 19:03:34 | INFO     | OK https://skeb.jp/api/users/hitodattaniku
2026-06-29 19:03:34 | INFO     | Saving at a/skeb/hitodattaniku-fee372.json
2026-06-29 19:03:35 | INFO     | OK https://skeb.jp/api/users/amato4000
2026-06-29 19:03:35 | INFO     | Saving at a/skeb/amato4000-eba3a2.json
2026-06-29 19:03:35 | INFO     | OK https://skeb.jp/api/users/kesyunuyu
2026-06-29 19:03:35 | INFO     | Saving at a/skeb/kesyunuyu-d6380d.json
2026-06-29 19:03:35 | INFO     | OK https://skeb.jp/api/users/_a_n_o_s_
2026-06-29 19:03:35 | INFO     | Saving at a/skeb/_a_n_o_s_-d843c5.json
2026-06-29 19:03:36 | INFO     | OK https://skeb.jp/api/users/1000_daaaa
2026-06-29 19:03:36 | INFO     | Saving at a/skeb/1000_daaaa-f51f71.json
2026-06-29 19:03:36 | INFO     | OK https://skeb.jp/api/users/mizukisetsu00
2026-06-29 19:03:36 | INFO     | Saving at a/skeb/mizukisetsu00-09e437.json
2026-06-29 19:03:37 | INFO     | OK https://skeb.jp/api/users/miriasab
2026-06-29 19:03:37 | INFO     | Saving at a/skeb/miriasab-66ef41.json
2026-06-29 19:03:37 | INFO     | OK https://skeb.jp/api/users/MisuziK
2026-06-29 19:03:37 | INFO     | Saving at a/skeb/MisuziK-32775d.json
2026-06-29 19:03:38 | INFO     | OK https://skeb.jp/api/users/AtariAkasaki
2026-06-29 19:03:38 | INFO     | Saving at a/skeb/AtariAkasaki-88784d.json
2026-06-29 19:03:39 | WARNING  | 404 on https://skeb.jp/api/users/kmk_roll (attempt 3/3)
2026-06-29 19:03:39 | INFO     | Saving at a/skeb/kmk_roll-073b98.json
2026-06-29 19:03:39 | INFO     | OK https://skeb.jp/api/users/VR_shiro2
2026-06-29 19:03:39 | INFO     | Saving at a/skeb/VR_shiro2-7ab152.json
2026-06-29 19:03:39 | INFO     | OK https://skeb.jp/api/users/nekotoinutoore
2026-06-29 19:03:39 | INFO     | Saving at a/skeb/nekotoinutoore-cd498d.json
2026-06-29 19:03:40 | INFO     | OK https://skeb.jp/api/users/yagimmy
2026-06-29 19:03:40 | INFO     | Saving at a/skeb/yagimmy-c8964c.json
2026-06-29 19:03:41 | INFO     | OK https://skeb.jp/api/users/nemu_haji_
2026-06-29 19:03:41 | INFO     | Saving at a/skeb/nemu_haji_-fbbaca.json
2026-06-29 19:03:41 | INFO     | OK https://skeb.jp/api/users/bodysatis
2026-06-29 19:03:41 | INFO     | Saving at a/skeb/bodysatis-dda30b.json
2026-06-29 19:03:41 | INFO     | OK https://skeb.jp/api/users/choc1130
2026-06-29 19:03:41 | INFO     | Saving at a/skeb/choc1130-da6d43.json
2026-06-29 19:03:42 | INFO     | OK https://skeb.jp/api/users/dbp88044
2026-06-29 19:03:42 | INFO     | Saving at a/skeb/dbp88044-03b837.json
2026-06-29 19:03:42 | INFO     | OK https://skeb.jp/api/users/tsugaru1014
2026-06-29 19:03:42 | INFO     | Saving at a/skeb/tsugaru1014-89e0b3.json
2026-06-29 19:03:43 | INFO     | OK https://skeb.jp/api/users/ero_maru_
2026-06-29 19:03:43 | INFO     | Saving at a/skeb/ero_maru_-a7cbfd.json
2026-06-29 19:03:43 | INFO     | OK https://skeb.jp/api/users/sabakan_illust
2026-06-29 19:03:43 | INFO     | Saving at a/skeb/sabakan_illust-5457c0.json
2026-06-29 19:03:44 | INFO     | OK https://skeb.jp/api/users/husoyama_kano
2026-06-29 19:03:44 | INFO     | Saving at a/skeb/husoyama_kano-ac472f.json
2026-06-29 19:03:44 | INFO     | OK https://skeb.jp/api/users/f_uu4r
2026-06-29 19:03:44 | INFO     | Saving at a/skeb/f_uu4r-c93671.json
2026-06-29 19:03:45 | INFO     | OK https://skeb.jp/api/users/youkoyongou
2026-06-29 19:03:45 | INFO     | Saving at a/skeb/youkoyongou-e7267e.json
2026-06-29 19:03:45 | INFO     | OK https://skeb.jp/api/users/edamame07orisan
2026-06-29 19:03:45 | INFO     | Saving at a/skeb/edamame07orisan-72a9ba.json
2026-06-29 19:03:46 | INFO     | OK https://skeb.jp/api/users/okmt1222
2026-06-29 19:03:46 | INFO     | Saving at a/skeb/okmt1222-5123f5.json
2026-06-29 19:03:46 | INFO     | OK https://skeb.jp/api/users/nikami_20
2026-06-29 19:03:46 | INFO     | Saving at a/skeb/nikami_20-4d72fa.json
2026-06-29 19:03:47 | INFO     | OK https://skeb.jp/api/users/Yukidango0807
2026-06-29 19:03:47 | INFO     | Saving at a/skeb/Yukidango0807-4d2245.json
2026-06-29 19:03:47 | INFO     | OK https://skeb.jp/api/users/Dora_TCP
2026-06-29 19:03:47 | INFO     | Saving at a/skeb/Dora_TCP-acb8b4.json
2026-06-29 19:03:48 | INFO     | OK https://skeb.jp/api/users/_rai_K_
2026-06-29 19:03:48 | INFO     | Saving at a/skeb/_rai_K_-ddb121.json
2026-06-29 19:03:48 | INFO     | OK https://skeb.jp/api/users/komaru_kei
2026-06-29 19:03:48 | INFO     | Saving at a/skeb/komaru_kei-893cc7.json
2026-06-29 19:03:49 | INFO     | OK https://skeb.jp/api/users/zikk_doskebyokai
2026-06-29 19:03:49 | INFO     | Saving at a/skeb/zikk_doskebyokai-0a3c1e.json
2026-06-29 19:03:49 | INFO     | OK https://skeb.jp/api/users/mumei37822
2026-06-29 19:03:49 | INFO     | Saving at a/skeb/mumei37822-408bb7.json
2026-06-29 19:03:50 | INFO     | OK https://skeb.jp/api/users/_smc617
2026-06-29 19:03:50 | INFO     | Saving at a/skeb/_smc617-bff401.json
2026-06-29 19:03:50 | INFO     | OK https://skeb.jp/api/users/prpyuu
2026-06-29 19:03:50 | INFO     | Saving at a/skeb/prpyuu-95472d.json
2026-06-29 19:03:51 | INFO     | OK https://skeb.jp/api/users/Mayumyfave
2026-06-29 19:03:51 | INFO     | Saving at a/skeb/Mayumyfave-ffbdd2.json
2026-06-29 19:03:51 | INFO     | OK https://skeb.jp/api/users/925Kyohei
2026-06-29 19:03:51 | INFO     | Saving at a/skeb/925Kyohei-3649f9.json
2026-06-29 19:03:52 | INFO     | OK https://skeb.jp/api/users/rinne_Elysion
2026-06-29 19:03:52 | INFO     | Saving at a/skeb/rinne_Elysion-fee87a.json
2026-06-29 19:03:52 | INFO     | OK https://skeb.jp/api/users/a_duck91
2026-06-29 19:03:52 | INFO     | Saving at a/skeb/a_duck91-1ee307.json
2026-06-29 19:03:53 | INFO     | OK https://skeb.jp/api/users/kanase_hunaki
2026-06-29 19:03:53 | INFO     | Saving at a/skeb/kanase_hunaki-00de17.json
2026-06-29 19:03:53 | INFO     | OK https://skeb.jp/api/users/laaapie
2026-06-29 19:03:53 | INFO     | Saving at a/skeb/laaapie-cf9899.json
2026-06-29 19:03:54 | INFO     | OK https://skeb.jp/api/users/O_i_a_blue_moon
2026-06-29 19:03:54 | INFO     | Saving at a/skeb/O_i_a_blue_moon-0dbae6.json
2026-06-29 19:03:55 | INFO     | OK https://skeb.jp/api/users/kawanishimaki
2026-06-29 19:03:55 | INFO     | Saving at a/skeb/kawanishimaki-3bdcf4.json
2026-06-29 19:03:55 | INFO     | OK https://skeb.jp/api/users/jadokuageha
2026-06-29 19:03:55 | INFO     | Saving at a/skeb/jadokuageha-1f79b6.json
2026-06-29 19:03:55 | INFO     | OK https://skeb.jp/api/users/natinati_pao
2026-06-29 19:03:55 | INFO     | Saving at a/skeb/natinati_pao-0fd73e.json
2026-06-29 19:03:56 | INFO     | OK https://skeb.jp/api/users/libiD0G
2026-06-29 19:03:56 | INFO     | Saving at a/skeb/libiD0G-c4e0b8.json
2026-06-29 19:03:56 | INFO     | OK https://skeb.jp/api/users/RihaKu_mo
2026-06-29 19:03:56 | INFO     | Saving at a/skeb/RihaKu_mo-807558.json
2026-06-29 19:03:57 | INFO     | OK https://skeb.jp/api/users/k0n_genshin
2026-06-29 19:03:57 | INFO     | Saving at a/skeb/k0n_genshin-0ac455.json
2026-06-29 19:03:57 | INFO     | OK https://skeb.jp/api/users/furemu0210
2026-06-29 19:03:57 | INFO     | Saving at a/skeb/furemu0210-7949ee.json
2026-06-29 19:03:58 | INFO     | OK https://skeb.jp/api/users/kinokomochi14
2026-06-29 19:03:58 | INFO     | Saving at a/skeb/kinokomochi14-51f21c.json
2026-06-29 19:03:58 | INFO     | OK https://skeb.jp/api/users/tethys_1403
2026-06-29 19:03:58 | INFO     | Saving at a/skeb/tethys_1403-3e8f4b.json
2026-06-29 19:03:59 | INFO     | OK https://skeb.jp/api/users/miroku_409
2026-06-29 19:03:59 | INFO     | Saving at a/skeb/miroku_409-ac889a.json
2026-06-29 19:03:59 | INFO     | OK https://skeb.jp/api/users/rat_nkmi
2026-06-29 19:03:59 | INFO     | Saving at a/skeb/rat_nkmi-f21bfd.json
2026-06-29 19:04:00 | INFO     | OK https://skeb.jp/api/users/marsezero
2026-06-29 19:04:00 | INFO     | Saving at a/skeb/marsezero-08a2c4.json
2026-06-29 19:04:00 | INFO     | OK https://skeb.jp/api/users/ZKQxHVPTWd
2026-06-29 19:04:00 | INFO     | Saving at a/skeb/ZKQxHVPTWd-3e2b01.json
2026-06-29 19:04:01 | INFO     | OK https://skeb.jp/api/users/mopmop_art
2026-06-29 19:04:01 | INFO     | Saving at a/skeb/mopmop_art-07747f.json
2026-06-29 19:04:01 | INFO     | OK https://skeb.jp/api/users/okome_taberuyo2
2026-06-29 19:04:01 | INFO     | Saving at a/skeb/okome_taberuyo2-5935f6.json
2026-06-29 19:04:02 | INFO     | OK https://skeb.jp/api/users/gogoma551
2026-06-29 19:04:02 | INFO     | Saving at a/skeb/gogoma551-5a782c.json
2026-06-29 19:04:02 | INFO     | OK https://skeb.jp/api/users/trista_trista2
2026-06-29 19:04:02 | INFO     | Saving at a/skeb/trista_trista2-948fd1.json
2026-06-29 19:04:03 | INFO     | OK https://skeb.jp/api/users/Rize_skeb
2026-06-29 19:04:03 | INFO     | Saving at a/skeb/Rize_skeb-4c5208.json
2026-06-29 19:04:03 | INFO     | OK https://skeb.jp/api/users/poyuruuuuri
2026-06-29 19:04:03 | INFO     | Saving at a/skeb/poyuruuuuri-db4294.json
2026-06-29 19:04:04 | INFO     | OK https://skeb.jp/api/users/Sainounante_Nai
2026-06-29 19:04:04 | INFO     | Saving at a/skeb/Sainounante_Nai-5e3a74.json
2026-06-29 19:04:04 | INFO     | OK https://skeb.jp/api/users/S3sune
2026-06-29 19:04:04 | INFO     | Saving at a/skeb/S3sune-5f6f1d.json
2026-06-29 19:04:05 | INFO     | OK https://skeb.jp/api/users/OuOex
2026-06-29 19:04:05 | INFO     | Saving at a/skeb/OuOex-32e5a6.json
2026-06-29 19:04:05 | INFO     | OK https://skeb.jp/api/users/kotonoha_rimu
2026-06-29 19:04:05 | INFO     | Saving at a/skeb/kotonoha_rimu-286f32.json
2026-06-29 19:04:06 | INFO     | OK https://skeb.jp/api/users/haruomi_er
2026-06-29 19:04:06 | INFO     | Saving at a/skeb/haruomi_er-2480a6.json
2026-06-29 19:04:06 | INFO     | OK https://skeb.jp/api/users/rena_07rin
2026-06-29 19:04:06 | INFO     | Saving at a/skeb/rena_07rin-598e64.json
2026-06-29 19:04:07 | INFO     | OK https://skeb.jp/api/users/0bell73
2026-06-29 19:04:07 | INFO     | Saving at a/skeb/0bell73-55c936.json
2026-06-29 19:04:07 | INFO     | OK https://skeb.jp/api/users/chikuwa_glasses
2026-06-29 19:04:07 | INFO     | Saving at a/skeb/chikuwa_glasses-45e621.json
2026-06-29 19:04:08 | INFO     | OK https://skeb.jp/api/users/SuiShi_chr
2026-06-29 19:04:08 | INFO     | Saving at a/skeb/SuiShi_chr-978684.json
2026-06-29 19:04:08 | INFO     | OK https://skeb.jp/api/users/mitamita284
2026-06-29 19:04:08 | INFO     | Saving at a/skeb/mitamita284-39b3d1.json
2026-06-29 19:04:09 | INFO     | OK https://skeb.jp/api/users/yudoogo
2026-06-29 19:04:09 | INFO     | Saving at a/skeb/yudoogo-cee566.json
2026-06-29 19:04:09 | INFO     | OK https://skeb.jp/api/users/pankoniconico
2026-06-29 19:04:09 | INFO     | Saving at a/skeb/pankoniconico-a152f5.json
2026-06-29 19:04:10 | INFO     | OK https://skeb.jp/api/users/gorooon0402
2026-06-29 19:04:10 | INFO     | Saving at a/skeb/gorooon0402-5ff54b.json
2026-06-29 19:04:10 | INFO     | OK https://skeb.jp/api/users/n753x
2026-06-29 19:04:10 | INFO     | Saving at a/skeb/n753x-db1f66.json
2026-06-29 19:04:11 | INFO     | OK https://skeb.jp/api/users/Fancy110lady
2026-06-29 19:04:11 | INFO     | Saving at a/skeb/Fancy110lady-f4ce01.json
2026-06-29 19:04:11 | INFO     | OK https://skeb.jp/api/users/5_oclock_shiro
2026-06-29 19:04:11 | INFO     | Saving at a/skeb/5_oclock_shiro-6a3fd2.json
2026-06-29 19:04:12 | INFO     | OK https://skeb.jp/api/users/sunonoa_00
2026-06-29 19:04:12 | INFO     | Saving at a/skeb/sunonoa_00-b692b0.json
2026-06-29 19:04:12 | INFO     | OK https://skeb.jp/api/users/haruna_usagi
2026-06-29 19:04:12 | INFO     | Saving at a/skeb/haruna_usagi-945ba8.json
2026-06-29 19:04:13 | INFO     | OK https://skeb.jp/api/users/owowows_illust
2026-06-29 19:04:13 | INFO     | Saving at a/skeb/owowows_illust-8b68ee.json
2026-06-29 19:04:13 | INFO     | OK https://skeb.jp/api/users/F_nono46
2026-06-29 19:04:13 | INFO     | Saving at a/skeb/F_nono46-fbef52.json
2026-06-29 19:04:14 | INFO     | OK https://skeb.jp/api/users/suzuro333
2026-06-29 19:04:14 | INFO     | Saving at a/skeb/suzuro333-4f5ff3.json
2026-06-29 19:04:14 | INFO     | OK https://skeb.jp/api/users/7wIMO6j47O61510
2026-06-29 19:04:14 | INFO     | Saving at a/skeb/7wIMO6j47O61510-cdb9ed.json
2026-06-29 19:04:15 | INFO     | OK https://skeb.jp/api/users/2gumi_zzz
2026-06-29 19:04:15 | INFO     | Saving at a/skeb/2gumi_zzz-0a7cb1.json
2026-06-29 19:04:15 | INFO     | OK https://skeb.jp/api/users/pontanuki
2026-06-29 19:04:15 | INFO     | Saving at a/skeb/pontanuki-bfdfd3.json
2026-06-29 19:04:16 | INFO     | OK https://skeb.jp/api/users/K_shiokara
2026-06-29 19:04:16 | INFO     | Saving at a/skeb/K_shiokara-5b35da.json
2026-06-29 19:04:16 | WARNING  | 404 on https://skeb.jp/api/users/seri_OwO_ (attempt 1/3)
2026-06-29 19:04:17 | INFO     | OK https://skeb.jp/api/users/nikoshion
2026-06-29 19:04:17 | INFO     | Saving at a/skeb/nikoshion-5cfa9e.json
2026-06-29 19:04:17 | INFO     | OK https://skeb.jp/api/users/bells_ta
2026-06-29 19:04:17 | INFO     | Saving at a/skeb/bells_ta-ef30ae.json
2026-06-29 19:04:18 | INFO     | OK https://skeb.jp/api/users/suba012
2026-06-29 19:04:18 | INFO     | Saving at a/skeb/suba012-5c0c29.json
2026-06-29 19:04:19 | INFO     | OK https://skeb.jp/api/users/tinhonpo
2026-06-29 19:04:19 | INFO     | Saving at a/skeb/tinhonpo-fc7385.json
2026-06-29 19:04:19 | INFO     | OK https://skeb.jp/api/users/momi_csk
2026-06-29 19:04:19 | INFO     | Saving at a/skeb/momi_csk-854584.json
2026-06-29 19:04:19 | INFO     | OK https://skeb.jp/api/users/Jaoppai
2026-06-29 19:04:19 | INFO     | Saving at a/skeb/Jaoppai-eb4ea1.json
2026-06-29 19:04:20 | WARNING  | 404 on https://skeb.jp/api/users/seri_OwO_ (attempt 2/3)
2026-06-29 19:04:20 | INFO     | OK https://skeb.jp/api/users/EaSyGoInG_naka
2026-06-29 19:04:20 | INFO     | Saving at a/skeb/EaSyGoInG_naka-7c2ba7.json
2026-06-29 19:04:21 | INFO     | OK https://skeb.jp/api/users/omiz_gnsn
2026-06-29 19:04:21 | INFO     | Saving at a/skeb/omiz_gnsn-c5e1aa.json
2026-06-29 19:04:21 | INFO     | OK https://skeb.jp/api/users/8chi_p0chi
2026-06-29 19:04:21 | INFO     | Saving at a/skeb/8chi_p0chi-15de1a.json
2026-06-29 19:04:22 | INFO     | OK https://skeb.jp/api/users/syukai777
2026-06-29 19:04:22 | INFO     | Saving at a/skeb/syukai777-3b422e.json
2026-06-29 19:04:22 | INFO     | OK https://skeb.jp/api/users/sodasui_vilok
2026-06-29 19:04:22 | INFO     | Saving at a/skeb/sodasui_vilok-5beb2d.json
2026-06-29 19:04:23 | INFO     | OK https://skeb.jp/api/users/awawtugetyann
2026-06-29 19:04:23 | INFO     | Saving at a/skeb/awawtugetyann-086958.json
2026-06-29 19:04:23 | INFO     | OK https://skeb.jp/api/users/lugqp
2026-06-29 19:04:23 | INFO     | Saving at a/skeb/lugqp-7dd03a.json
2026-06-29 19:04:24 | INFO     | OK https://skeb.jp/api/users/noutokeK
2026-06-29 19:04:24 | INFO     | Saving at a/skeb/noutokeK-29cdd6.json
2026-06-29 19:04:25 | INFO     | OK https://skeb.jp/api/users/maporosun
2026-06-29 19:04:25 | INFO     | Saving at a/skeb/maporosun-1cd7ec.json
2026-06-29 19:04:25 | INFO     | OK https://skeb.jp/api/users/aoza_metero
2026-06-29 19:04:25 | INFO     | Saving at a/skeb/aoza_metero-fce183.json
2026-06-29 19:04:26 | INFO     | OK https://skeb.jp/api/users/amenokaori0227
2026-06-29 19:04:26 | INFO     | Saving at a/skeb/amenokaori0227-6714b0.json
2026-06-29 19:04:26 | WARNING  | 404 on https://skeb.jp/api/users/seri_OwO_ (attempt 3/3)
2026-06-29 19:04:26 | INFO     | Saving at a/skeb/seri_OwO_-dee6a0.json
2026-06-29 19:04:26 | WARNING  | 404 on https://skeb.jp/api/users/hayate_1nu (attempt 1/3)
2026-06-29 19:04:27 | INFO     | OK https://skeb.jp/api/users/ru_uru_ur
2026-06-29 19:04:27 | INFO     | Saving at a/skeb/ru_uru_ur-a1ee83.json
2026-06-29 19:04:27 | INFO     | OK https://skeb.jp/api/users/ravukurahuto_2d
2026-06-29 19:04:27 | INFO     | Saving at a/skeb/ravukurahuto_2d-7f406b.json
2026-06-29 19:04:28 | INFO     | OK https://skeb.jp/api/users/Tag_mare
2026-06-29 19:04:28 | INFO     | Saving at a/skeb/Tag_mare-512181.json
2026-06-29 19:04:28 | INFO     | OK https://skeb.jp/api/users/Nata78765105
2026-06-29 19:04:28 | INFO     | Saving at a/skeb/Nata78765105-c25e31.json
2026-06-29 19:04:29 | INFO     | OK https://skeb.jp/api/users/huun_ecchijan
2026-06-29 19:04:29 | INFO     | Saving at a/skeb/huun_ecchijan-820f7a.json
2026-06-29 19:04:29 | WARNING  | 404 on https://skeb.jp/api/users/hayate_1nu (attempt 2/3)
2026-06-29 19:04:30 | INFO     | OK https://skeb.jp/api/users/kasumin_guren
2026-06-29 19:04:30 | INFO     | Saving at a/skeb/kasumin_guren-fea8a2.json
2026-06-29 19:04:30 | INFO     | OK https://skeb.jp/api/users/coroxpiyo
2026-06-29 19:04:30 | INFO     | Saving at a/skeb/coroxpiyo-a6fba6.json
2026-06-29 19:04:31 | INFO     | OK https://skeb.jp/api/users/aoikun0118
2026-06-29 19:04:31 | INFO     | Saving at a/skeb/aoikun0118-553c02.json
2026-06-29 19:04:31 | INFO     | OK https://skeb.jp/api/users/yabeemajide695
2026-06-29 19:04:31 | INFO     | Saving at a/skeb/yabeemajide695-f0f967.json
2026-06-29 19:04:32 | INFO     | OK https://skeb.jp/api/users/marie3561530991
2026-06-29 19:04:32 | INFO     | Saving at a/skeb/marie3561530991-b20456.json
2026-06-29 19:04:32 | INFO     | OK https://skeb.jp/api/users/Koppepan_agp
2026-06-29 19:04:32 | INFO     | Saving at a/skeb/Koppepan_agp-888d53.json
2026-06-29 19:04:33 | INFO     | OK https://skeb.jp/api/users/nkyjkj
2026-06-29 19:04:33 | INFO     | Saving at a/skeb/nkyjkj-43b8ad.json
2026-06-29 19:04:33 | INFO     | OK https://skeb.jp/api/users/islekade
2026-06-29 19:04:33 | INFO     | Saving at a/skeb/islekade-fcc605.json
2026-06-29 19:04:34 | INFO     | OK https://skeb.jp/api/users/SuMomoArt
2026-06-29 19:04:34 | INFO     | Saving at a/skeb/SuMomoArt-d84c77.json
2026-06-29 19:04:34 | INFO     | OK https://skeb.jp/api/users/iwa_evelg
2026-06-29 19:04:34 | INFO     | Saving at a/skeb/iwa_evelg-955f6a.json
2026-06-29 19:04:35 | INFO     | OK https://skeb.jp/api/users/yimtann_illust
2026-06-29 19:04:35 | INFO     | Saving at a/skeb/yimtann_illust-83d4c5.json
2026-06-29 19:04:35 | INFO     | OK https://skeb.jp/api/users/sasaecyan
2026-06-29 19:04:35 | INFO     | Saving at a/skeb/sasaecyan-421011.json
2026-06-29 19:04:36 | WARNING  | 404 on https://skeb.jp/api/users/hayate_1nu (attempt 3/3)
2026-06-29 19:04:36 | INFO     | Saving at a/skeb/hayate_1nu-a4e7d5.json
2026-06-29 19:04:36 | INFO     | OK https://skeb.jp/api/users/nontan_mobusagi
2026-06-29 19:04:36 | INFO     | Saving at a/skeb/nontan_mobusagi-4bd9f0.json
2026-06-29 19:04:37 | INFO     | OK https://skeb.jp/api/users/ufaillustration
2026-06-29 19:04:37 | INFO     | Saving at a/skeb/ufaillustration-6fd0f4.json
2026-06-29 19:04:37 | INFO     | OK https://skeb.jp/api/users/marusenz
2026-06-29 19:04:37 | INFO     | Saving at a/skeb/marusenz-58dd0c.json
2026-06-29 19:04:38 | INFO     | OK https://skeb.jp/api/users/mitanu_ki
2026-06-29 19:04:38 | INFO     | Saving at a/skeb/mitanu_ki-5af1be.json
2026-06-29 19:04:38 | INFO     | OK https://skeb.jp/api/users/Gomen_Kinou
2026-06-29 19:04:38 | INFO     | Saving at a/skeb/Gomen_Kinou-e3a11b.json
2026-06-29 19:04:39 | INFO     | OK https://skeb.jp/api/users/sunnyf6789
2026-06-29 19:04:39 | INFO     | Saving at a/skeb/sunnyf6789-330302.json
2026-06-29 19:04:39 | INFO     | OK https://skeb.jp/api/users/1anone_anone
2026-06-29 19:04:39 | INFO     | Saving at a/skeb/1anone_anone-f0695c.json
2026-06-29 19:04:40 | INFO     | OK https://skeb.jp/api/users/168saniwa
2026-06-29 19:04:40 | INFO     | Saving at a/skeb/168saniwa-565a1e.json
2026-06-29 19:04:40 | INFO     | OK https://skeb.jp/api/users/koto__0626
2026-06-29 19:04:40 | INFO     | Saving at a/skeb/koto__0626-36cab4.json
2026-06-29 19:04:41 | INFO     | OK https://skeb.jp/api/users/mukuro_madoro
2026-06-29 19:04:41 | INFO     | Saving at a/skeb/mukuro_madoro-09791a.json
2026-06-29 19:04:41 | INFO     | OK https://skeb.jp/api/users/mmnmymns2up
2026-06-29 19:04:41 | INFO     | Saving at a/skeb/mmnmymns2up-df845f.json
2026-06-29 19:04:42 | INFO     | OK https://skeb.jp/api/users/yzmogera
2026-06-29 19:04:42 | INFO     | Saving at a/skeb/yzmogera-cf33fc.json
2026-06-29 19:04:42 | INFO     | OK https://skeb.jp/api/users/MikanX123
2026-06-29 19:04:42 | INFO     | Saving at a/skeb/MikanX123-d9e177.json
2026-06-29 19:04:43 | INFO     | OK https://skeb.jp/api/users/1k4Naz
2026-06-29 19:04:43 | INFO     | Saving at a/skeb/1k4Naz-189f8f.json
2026-06-29 19:04:43 | INFO     | OK https://skeb.jp/api/users/kayoh1949jp1
2026-06-29 19:04:43 | INFO     | Saving at a/skeb/kayoh1949jp1-9075e7.json
2026-06-29 19:04:44 | INFO     | OK https://skeb.jp/api/users/fuwa2pinktyan
2026-06-29 19:04:44 | INFO     | Saving at a/skeb/fuwa2pinktyan-1681cc.json
2026-06-29 19:04:44 | INFO     | OK https://skeb.jp/api/users/inabayasuri
2026-06-29 19:04:44 | INFO     | Saving at a/skeb/inabayasuri-b52e1f.json
2026-06-29 19:04:45 | INFO     | OK https://skeb.jp/api/users/i_sai
2026-06-29 19:04:45 | INFO     | Saving at a/skeb/i_sai-0332ac.json
2026-06-29 19:04:45 | INFO     | OK https://skeb.jp/api/users/HUNGRY474796842
2026-06-29 19:04:45 | INFO     | Saving at a/skeb/HUNGRY474796842-eacbb7.json
2026-06-29 19:04:46 | INFO     | OK https://skeb.jp/api/users/_akamero
2026-06-29 19:04:46 | INFO     | Saving at a/skeb/_akamero-c85f56.json
2026-06-29 19:04:46 | INFO     | OK https://skeb.jp/api/users/F99
2026-06-29 19:04:46 | INFO     | Saving at a/skeb/F99-ad6c68.json
2026-06-29 19:04:47 | INFO     | OK https://skeb.jp/api/users/siti_under
2026-06-29 19:04:47 | INFO     | Saving at a/skeb/siti_under-8a96cd.json
2026-06-29 19:04:47 | INFO     | OK https://skeb.jp/api/users/naruhoyo23975
2026-06-29 19:04:47 | INFO     | Saving at a/skeb/naruhoyo23975-1612c5.json
2026-06-29 19:04:48 | INFO     | OK https://skeb.jp/api/users/asu_0ny
2026-06-29 19:04:48 | INFO     | Saving at a/skeb/asu_0ny-12a197.json
2026-06-29 19:04:48 | INFO     | OK https://skeb.jp/api/users/Childrens2370
2026-06-29 19:04:48 | INFO     | Saving at a/skeb/Childrens2370-0db77f.json
2026-06-29 19:04:49 | INFO     | OK https://skeb.jp/api/users/ZOSY_gy
2026-06-29 19:04:49 | INFO     | Saving at a/skeb/ZOSY_gy-954e6d.json
2026-06-29 19:04:49 | INFO     | OK https://skeb.jp/api/users/Suna_tea
2026-06-29 19:04:49 | INFO     | Saving at a/skeb/Suna_tea-39dd55.json
2026-06-29 19:04:50 | WARNING  | 429 on https://skeb.jp/api/users/fukhir (attempt 1/3, rate=1.0/s)
2026-06-29 19:04:50 | INFO     | Backing off 2.2s before retry.
2026-06-29 19:04:56 | WARNING  | 429 on https://skeb.jp/api/users/negoto (attempt 1/3, rate=0.5/s)
2026-06-29 19:04:56 | INFO     | Backing off 2.2s before retry.
2026-06-29 19:04:56 | WARNING  | 429 on https://skeb.jp/api/users/Wi4qMv8 (attempt 1/3, rate=0.3/s)
2026-06-29 19:04:56 | INFO     | Backing off 2.2s before retry.
2026-06-29 19:05:06 | WARNING  | 429 on https://skeb.jp/api/users/JQyh9 (attempt 1/3, rate=0.3/s)
2026-06-29 19:05:06 | INFO     | Backing off 2.1s before retry.
2026-06-29 19:05:06 | WARNING  | 429 on https://skeb.jp/api/users/modaesinisou (attempt 1/3, rate=0.3/s)
2026-06-29 19:05:06 | INFO     | Backing off 2.3s before retry.
2026-06-29 19:05:16 | WARNING  | 429 on https://skeb.jp/api/users/fukhir (attempt 2/3, rate=0.3/s)
2026-06-29 19:05:16 | INFO     | Backing off 3.9s before retry.
2026-06-29 19:05:16 | WARNING  | 429 on https://skeb.jp/api/users/sakura__aki (attempt 1/3, rate=0.3/s)
2026-06-29 19:05:16 | INFO     | Backing off 2.0s before retry.
2026-06-29 19:05:26 | WARNING  | 429 on https://skeb.jp/api/users/modaesinisou (attempt 2/3, rate=0.3/s)
2026-06-29 19:05:26 | INFO     | Backing off 3.8s before retry.
2026-06-29 19:05:26 | WARNING  | 429 on https://skeb.jp/api/users/YUKITOchronicle (attempt 1/3, rate=0.3/s)
2026-06-29 19:05:26 | INFO     | Backing off 2.1s before retry.
2026-06-29 19:05:36 | WARNING  | 429 on https://skeb.jp/api/users/iiliu_u (attempt 1/3, rate=0.3/s)
2026-06-29 19:05:36 | INFO     | Backing off 1.8s before retry.
2026-06-29 19:05:36 | WARNING  | 429 on https://skeb.jp/api/users/sakura__aki (attempt 2/3, rate=0.3/s)
2026-06-29 19:05:36 | INFO     | Backing off 3.7s before retry.
2026-06-29 19:05:46 | WARNING  | 429 on https://skeb.jp/api/users/YUKITOchronicle (attempt 2/3, rate=0.3/s)
2026-06-29 19:05:46 | INFO     | Backing off 3.9s before retry.
2026-06-29 19:05:46 | WARNING  | 429 on https://skeb.jp/api/users/Astel_draw (attempt 1/3, rate=0.3/s)
2026-06-29 19:05:46 | INFO     | Backing off 2.1s before retry.
2026-06-29 19:05:56 | WARNING  | 429 on https://skeb.jp/api/users/tama_hinono (attempt 1/3, rate=0.3/s)
2026-06-29 19:05:56 | INFO     | Backing off 1.9s before retry.
2026-06-29 19:05:56 | WARNING  | 429 on https://skeb.jp/api/users/JQyh9 (attempt 2/3, rate=0.3/s)
2026-06-29 19:05:56 | INFO     | Backing off 4.3s before retry.
2026-06-29 19:06:06 | WARNING  | 429 on https://skeb.jp/api/users/Wi4qMv8 (attempt 2/3, rate=0.3/s)
2026-06-29 19:06:06 | INFO     | Backing off 3.4s before retry.
2026-06-29 19:06:06 | WARNING  | 429 on https://skeb.jp/api/users/sakura__aki (attempt 3/3, rate=0.3/s)
2026-06-29 19:06:16 | WARNING  | 429 on https://skeb.jp/api/users/Astel_draw (attempt 2/3, rate=0.3/s)
2026-06-29 19:06:16 | INFO     | Backing off 4.3s before retry.
2026-06-29 19:06:16 | WARNING  | 429 on https://skeb.jp/api/users/YUKITOchronicle (attempt 3/3, rate=0.3/s)
2026-06-29 19:06:26 | WARNING  | 429 on https://skeb.jp/api/users/negoto (attempt 2/3, rate=0.3/s)
2026-06-29 19:06:26 | INFO     | Backing off 4.1s before retry.
2026-06-29 19:06:26 | WARNING  | 429 on https://skeb.jp/api/users/JQyh9 (attempt 3/3, rate=0.3/s)
2026-06-29 19:06:26 | INFO     | Ending pipeline prematurely
2026-06-29 19:06:26 | INFO     |  --- SUMMARY REPORT --- 
  Sources Retreived    : 141557
  Profiles Fetched     : 456
  Profile Missing      : 9
  Profile Rate Limited : 2
  Profile Error Others : 0

2026-06-29 19:06:26 | INFO     | Started creating static api data.
2026-06-29 19:08:10 | INFO     | Album index written to a/albums/index.json (314 albums)
