2026-09-03 12:50:05 | INFO     | Initialized Data Store.
2026-09-03 12:50:05 | INFO     | Homepage GET status=200 (attempt 1/3)
2026-09-03 12:50:05 | WARNING  | request_key not found in homepage HTML (status=200).
2026-09-03 12:50:05 | INFO     | SkebClient ready (impersonate=chrome120, rate=1.0/s, concurrency=10, max_runtime=10800s)
2026-09-03 12:50:06 | INFO     | Album source: loaded 176 entries from https://raw.githubusercontent.com/Elfiawesome/skeb-archiver/refs/heads/main/bookmark/bookmarks.md (album=bookmarks)
2026-09-03 12:50:06 | INFO     | Ready to scrape 176 items
2026-09-03 12:50:06 | INFO     | OK https://skeb.jp/api/users/rabon_260
2026-09-03 12:50:07 | INFO     | OK https://skeb.jp/api/users/6cIQczpJdB
2026-09-03 12:50:08 | INFO     | OK https://skeb.jp/api/users/u____eu_
2026-09-03 12:50:09 | INFO     | OK https://skeb.jp/api/users/sensuikanpupu
2026-09-03 12:50:10 | INFO     | OK https://skeb.jp/api/users/hechiretuJ
2026-09-03 12:50:11 | INFO     | OK https://skeb.jp/api/users/sakigakeran
2026-09-03 12:50:12 | INFO     | OK https://skeb.jp/api/users/GatqZ
2026-09-03 12:50:13 | WARNING  | 404 on https://skeb.jp/api/users/246pigeon (attempt 1/3)
2026-09-03 12:50:14 | INFO     | OK https://skeb.jp/api/users/myorufu49422
2026-09-03 12:50:15 | INFO     | OK https://skeb.jp/api/users/mpwd20
2026-09-03 12:50:16 | INFO     | OK https://skeb.jp/api/users/jin_iorin
2026-09-03 12:50:17 | INFO     | OK https://skeb.jp/api/users/0IM08Ed6ex99530
2026-09-03 12:50:18 | INFO     | OK https://skeb.jp/api/users/meneneneneneneh
2026-09-03 12:50:19 | INFO     | OK https://skeb.jp/api/users/jajaja_skeb
2026-09-03 12:50:20 | WARNING  | 404 on https://skeb.jp/api/users/246pigeon (attempt 2/3)
2026-09-03 12:50:21 | INFO     | OK https://skeb.jp/api/users/Asamura_illust
2026-09-03 12:50:22 | INFO     | OK https://skeb.jp/api/users/sorabinn_coc
2026-09-03 12:50:23 | INFO     | OK https://skeb.jp/api/users/ryunmerudo2
2026-09-03 12:50:24 | INFO     | OK https://skeb.jp/api/users/yurahoko
2026-09-03 12:50:25 | INFO     | OK https://skeb.jp/api/users/AKSTNacchi
2026-09-03 12:50:26 | WARNING  | 404 on https://skeb.jp/api/users/246pigeon (attempt 3/3)
2026-09-03 12:50:27 | INFO     | OK https://skeb.jp/api/users/Karix2umedesu
2026-09-03 12:50:28 | INFO     | OK https://skeb.jp/api/users/tayoshi_miyako
2026-09-03 12:50:29 | INFO     | OK https://skeb.jp/api/users/Kakasi1004
2026-09-03 12:50:30 | INFO     | OK https://skeb.jp/api/users/tasuku_illust_
2026-09-03 12:50:31 | INFO     | OK https://skeb.jp/api/users/Momongalyu1
2026-09-03 12:50:32 | INFO     | OK https://skeb.jp/api/users/mmmn_jusan
2026-09-03 12:50:33 | INFO     | OK https://skeb.jp/api/users/ShirasuKuretaka
2026-09-03 12:50:34 | INFO     | OK https://skeb.jp/api/users/abcdyubo
2026-09-03 12:50:35 | INFO     | OK https://skeb.jp/api/users/oishiimizu_378
2026-09-03 12:50:36 | INFO     | OK https://skeb.jp/api/users/tt_czm
2026-09-03 12:50:37 | INFO     | OK https://skeb.jp/api/users/Ak___lum
2026-09-03 12:50:38 | INFO     | OK https://skeb.jp/api/users/satanykimori2
2026-09-03 12:50:39 | INFO     | OK https://skeb.jp/api/users/Myo_005
2026-09-03 12:50:40 | INFO     | OK https://skeb.jp/api/users/tora31957618
2026-09-03 12:50:41 | INFO     | OK https://skeb.jp/api/users/ucs_9
2026-09-03 12:50:42 | INFO     | OK https://skeb.jp/api/users/mangazuki97
2026-09-03 12:50:43 | INFO     | OK https://skeb.jp/api/users/homare_appare
2026-09-03 12:50:44 | INFO     | OK https://skeb.jp/api/users/azuma_sanotsuki
2026-09-03 12:50:45 | INFO     | OK https://skeb.jp/api/users/408_zzz
2026-09-03 12:50:46 | INFO     | OK https://skeb.jp/api/users/sunano_p
2026-09-03 12:50:47 | INFO     | OK https://skeb.jp/api/users/momoiruriu37a
2026-09-03 12:50:48 | INFO     | OK https://skeb.jp/api/users/iusn_dethyo
2026-09-03 12:50:49 | INFO     | OK https://skeb.jp/api/users/bota_gi
2026-09-03 12:50:50 | INFO     | OK https://skeb.jp/api/users/yomo0712
2026-09-03 12:50:51 | INFO     | OK https://skeb.jp/api/users/Na_iu12
2026-09-03 12:50:52 | INFO     | OK https://skeb.jp/api/users/nayakakka
2026-09-03 12:50:53 | INFO     | OK https://skeb.jp/api/users/pgkmagm
2026-09-03 12:50:54 | INFO     | OK https://skeb.jp/api/users/HZcnj
2026-09-03 12:50:55 | INFO     | OK https://skeb.jp/api/users/o8o6hinata
2026-09-03 12:50:56 | INFO     | OK https://skeb.jp/api/users/asa_pple
2026-09-03 12:50:57 | INFO     | OK https://skeb.jp/api/users/kyookasyo_28_
2026-09-03 12:50:58 | INFO     | OK https://skeb.jp/api/users/nayucoc
2026-09-03 12:50:59 | INFO     | OK https://skeb.jp/api/users/shiratori_NK
2026-09-03 12:51:00 | WARNING  | 404 on https://skeb.jp/api/users/_meguri_meguru_ (attempt 1/3)
2026-09-03 12:51:01 | INFO     | OK https://skeb.jp/api/users/Nk_2277
2026-09-03 12:51:02 | INFO     | OK https://skeb.jp/api/users/tAIVUD7H57
2026-09-03 12:51:03 | INFO     | OK https://skeb.jp/api/users/Kuroumea_108
2026-09-03 12:51:04 | INFO     | OK https://skeb.jp/api/users/burisyabu1234
2026-09-03 12:51:05 | INFO     | OK https://skeb.jp/api/users/kurat_96
2026-09-03 12:51:06 | INFO     | OK https://skeb.jp/api/users/yorupui
2026-09-03 12:51:07 | INFO     | OK https://skeb.jp/api/users/razzo_2
2026-09-03 12:51:08 | INFO     | OK https://skeb.jp/api/users/ytarohhhh
2026-09-03 12:51:09 | INFO     | OK https://skeb.jp/api/users/mamekawa_kikaku
2026-09-03 12:51:10 | INFO     | OK https://skeb.jp/api/users/rensyu_cho_
2026-09-03 12:51:11 | INFO     | OK https://skeb.jp/api/users/yo__kaichan
2026-09-03 12:51:12 | INFO     | OK https://skeb.jp/api/users/Hang12000
2026-09-03 12:51:13 | INFO     | OK https://skeb.jp/api/users/ktyu_atiu
2026-09-03 12:51:14 | INFO     | OK https://skeb.jp/api/users/jahopotto
2026-09-03 12:51:15 | INFO     | OK https://skeb.jp/api/users/TRPGaoiro
2026-09-03 12:51:16 | INFO     | OK https://skeb.jp/api/users/meimu_MMM
2026-09-03 12:51:17 | INFO     | OK https://skeb.jp/api/users/oroka76
2026-09-03 12:51:18 | INFO     | OK https://skeb.jp/api/users/sun_sad_sun
2026-09-03 12:51:19 | INFO     | OK https://skeb.jp/api/users/mel_umi_gin
2026-09-03 12:51:20 | INFO     | OK https://skeb.jp/api/users/moyucotto
2026-09-03 12:51:21 | INFO     | OK https://skeb.jp/api/users/inonaka_chan
2026-09-03 12:51:22 | INFO     | OK https://skeb.jp/api/users/0525_cosmo
2026-09-03 12:51:23 | INFO     | OK https://skeb.jp/api/users/hanako0055
2026-09-03 12:51:24 | INFO     | OK https://skeb.jp/api/users/tanakazya_nai
2026-09-03 12:51:25 | INFO     | OK https://skeb.jp/api/users/GOmash_kun
2026-09-03 12:51:26 | INFO     | OK https://skeb.jp/api/users/mitumitumi_yama
2026-09-03 12:51:27 | INFO     | OK https://skeb.jp/api/users/ONIGIRI_jm02
2026-09-03 12:51:28 | INFO     | OK https://skeb.jp/api/users/moriya_m
2026-09-03 12:51:29 | INFO     | OK https://skeb.jp/api/users/inukoro15
2026-09-03 12:51:30 | INFO     | OK https://skeb.jp/api/users/kido_402G
2026-09-03 12:51:31 | WARNING  | 404 on https://skeb.jp/api/users/_meguri_meguru_ (attempt 2/3)
2026-09-03 12:51:32 | INFO     | OK https://skeb.jp/api/users/shiFenn1210
2026-09-03 12:51:33 | INFO     | OK https://skeb.jp/api/users/N0__kiddiNG
2026-09-03 12:51:34 | INFO     | OK https://skeb.jp/api/users/tasogaresyunya
2026-09-03 12:51:35 | INFO     | OK https://skeb.jp/api/users/ZINGISUKAN252
2026-09-03 12:51:36 | INFO     | OK https://skeb.jp/api/users/500_500px
2026-09-03 12:51:37 | INFO     | OK https://skeb.jp/api/users/Nanai7
2026-09-03 12:51:38 | INFO     | OK https://skeb.jp/api/users/qyQVKPD46777514
2026-09-03 12:51:39 | INFO     | OK https://skeb.jp/api/users/siratori_kbu
2026-09-03 12:51:40 | INFO     | OK https://skeb.jp/api/users/itsuha70
2026-09-03 12:51:41 | INFO     | OK https://skeb.jp/api/users/8tiya_62
2026-09-03 12:51:42 | INFO     | OK https://skeb.jp/api/users/gnome0310
2026-09-03 12:51:43 | WARNING  | 404 on https://skeb.jp/api/users/_meguri_meguru_ (attempt 3/3)
2026-09-03 12:51:44 | INFO     | OK https://skeb.jp/api/users/EVE_IRST_AK
2026-09-03 12:51:45 | INFO     | OK https://skeb.jp/api/users/chani_531
2026-09-03 12:51:46 | INFO     | OK https://skeb.jp/api/users/denjidaisuki_
2026-09-03 12:51:47 | INFO     | OK https://skeb.jp/api/users/power_medicine
2026-09-03 12:51:48 | INFO     | OK https://skeb.jp/api/users/K_sera92art
2026-09-03 12:51:49 | INFO     | OK https://skeb.jp/api/users/pappapao1
2026-09-03 12:51:50 | INFO     | OK https://skeb.jp/api/users/us72d
2026-09-03 12:51:51 | INFO     | OK https://skeb.jp/api/users/zvCona0517
2026-09-03 12:51:52 | INFO     | OK https://skeb.jp/api/users/L_eeid
2026-09-03 12:51:53 | INFO     | OK https://skeb.jp/api/users/ONE68_0503
2026-09-03 12:51:54 | INFO     | OK https://skeb.jp/api/users/kenomasu_9991
2026-09-03 12:51:55 | INFO     | OK https://skeb.jp/api/users/dog_iinioi
2026-09-03 12:51:56 | INFO     | OK https://skeb.jp/api/users/Matsuba_12_ini
2026-09-03 12:51:57 | INFO     | OK https://skeb.jp/api/users/Rinohou
2026-09-03 12:51:58 | INFO     | OK https://skeb.jp/api/users/ShiragikuGayu
2026-09-03 12:51:59 | INFO     | OK https://skeb.jp/api/users/OC_Kawaigari
2026-09-03 12:52:00 | INFO     | OK https://skeb.jp/api/users/mitei221
2026-09-03 12:52:01 | INFO     | OK https://skeb.jp/api/users/asamiya_0913
2026-09-03 12:52:02 | WARNING  | 404 on https://skeb.jp/api/users/maaaaaaa_am (attempt 1/3)
2026-09-03 12:52:03 | INFO     | OK https://skeb.jp/api/users/5_ice_
2026-09-03 12:52:04 | INFO     | OK https://skeb.jp/api/users/NUMU_1107_1
2026-09-03 12:52:05 | WARNING  | 404 on https://skeb.jp/api/users/maaaaaaa_am (attempt 2/3)
2026-09-03 12:52:06 | INFO     | OK https://skeb.jp/api/users/LQ_liberty
2026-09-03 12:52:07 | INFO     | OK https://skeb.jp/api/users/mineral_666
2026-09-03 12:52:08 | INFO     | OK https://skeb.jp/api/users/taru2_CoC
2026-09-03 12:52:09 | INFO     | OK https://skeb.jp/api/users/umennuro
2026-09-03 12:52:10 | INFO     | OK https://skeb.jp/api/users/uneune_shippo
2026-09-03 12:52:11 | INFO     | OK https://skeb.jp/api/users/moyashi_trpg
2026-09-03 12:52:12 | INFO     | OK https://skeb.jp/api/users/net_stoker3
2026-09-03 12:52:13 | INFO     | OK https://skeb.jp/api/users/konnya9999
2026-09-03 12:52:14 | INFO     | OK https://skeb.jp/api/users/mari_youko
2026-09-03 12:52:15 | INFO     | OK https://skeb.jp/api/users/bbmr_hnkn
2026-09-03 12:52:16 | INFO     | OK https://skeb.jp/api/users/osada_neteru
2026-09-03 12:52:17 | WARNING  | 404 on https://skeb.jp/api/users/sbxu_0076 (attempt 1/3)
2026-09-03 12:52:18 | INFO     | OK https://skeb.jp/api/users/fukaboshi50
2026-09-03 12:52:19 | INFO     | OK https://skeb.jp/api/users/rs26hk
2026-09-03 12:52:20 | INFO     | OK https://skeb.jp/api/users/IV111111
2026-09-03 12:52:21 | INFO     | OK https://skeb.jp/api/users/mizinko_kai
2026-09-03 12:52:22 | INFO     | OK https://skeb.jp/api/users/memai023
2026-09-03 12:52:23 | INFO     | OK https://skeb.jp/api/users/ka07se
2026-09-03 12:52:24 | WARNING  | 404 on https://skeb.jp/api/users/maaaaaaa_am (attempt 3/3)
2026-09-03 12:52:25 | INFO     | OK https://skeb.jp/api/users/hjarta_aim
2026-09-03 12:52:26 | INFO     | OK https://skeb.jp/api/users/subcul_enjoy
2026-09-03 12:52:27 | INFO     | OK https://skeb.jp/api/users/superTRPGgod
2026-09-03 12:52:28 | INFO     | OK https://skeb.jp/api/users/Nei_skeb
2026-09-03 12:52:29 | INFO     | OK https://skeb.jp/api/users/MZHR_ao
2026-09-03 12:52:30 | INFO     | OK https://skeb.jp/api/users/HAILOVE1528
2026-09-03 12:52:31 | INFO     | OK https://skeb.jp/api/users/Masakkiij
2026-09-03 12:52:32 | INFO     | OK https://skeb.jp/api/users/_abeabea_
2026-09-03 12:52:33 | WARNING  | 404 on https://skeb.jp/api/users/sbxu_0076 (attempt 2/3)
2026-09-03 12:52:34 | INFO     | OK https://skeb.jp/api/users/Ozashi193
2026-09-03 12:52:35 | INFO     | OK https://skeb.jp/api/users/nogiTRPG
2026-09-03 12:52:36 | WARNING  | 404 on https://skeb.jp/api/users/RekanTen10 (attempt 1/3)
2026-09-03 12:52:37 | INFO     | OK https://skeb.jp/api/users/kassyokuuuuu
2026-09-03 12:52:38 | INFO     | OK https://skeb.jp/api/users/mehishiba_
2026-09-03 12:52:39 | INFO     | OK https://skeb.jp/api/users/waka2047418
2026-09-03 12:52:40 | INFO     | OK https://skeb.jp/api/users/Kanata_Iku
2026-09-03 12:52:41 | INFO     | OK https://skeb.jp/api/users/Tako8gi
2026-09-03 12:52:42 | INFO     | OK https://skeb.jp/api/users/knosi_114514
2026-09-03 12:52:43 | INFO     | OK https://skeb.jp/api/users/Cheshire_neko
2026-09-03 12:52:44 | INFO     | OK https://skeb.jp/api/users/_mitoku
2026-09-03 12:52:45 | INFO     | OK https://skeb.jp/api/users/tafu1219
2026-09-03 12:52:46 | INFO     | OK https://skeb.jp/api/users/eriko_kajiyama
2026-09-03 12:52:47 | INFO     | OK https://skeb.jp/api/users/Syaya_X
2026-09-03 12:52:48 | INFO     | OK https://skeb.jp/api/users/n_nanasi_
2026-09-03 12:52:49 | INFO     | OK https://skeb.jp/api/users/qiuqiu_shu
2026-09-03 12:52:50 | INFO     | OK https://skeb.jp/api/users/trava_sumi
2026-09-03 12:52:51 | INFO     | OK https://skeb.jp/api/users/nama_zu7
2026-09-03 12:52:52 | INFO     | OK https://skeb.jp/api/users/Nachi6623
2026-09-03 12:52:53 | INFO     | OK https://skeb.jp/api/users/sushiumasugiwww
2026-09-03 12:52:54 | INFO     | OK https://skeb.jp/api/users/pisuran
2026-09-03 12:52:55 | INFO     | OK https://skeb.jp/api/users/12hktaz
2026-09-03 12:52:56 | INFO     | OK https://skeb.jp/api/users/nesharo_na
2026-09-03 12:52:57 | INFO     | OK https://skeb.jp/api/users/chi8kogaki
2026-09-03 12:52:58 | INFO     | OK https://skeb.jp/api/users/simpa_i_NNN
2026-09-03 12:52:59 | INFO     | OK https://skeb.jp/api/users/Eiswand___
2026-09-03 12:53:00 | WARNING  | 404 on https://skeb.jp/api/users/RekanTen10 (attempt 2/3)
2026-09-03 12:53:01 | INFO     | OK https://skeb.jp/api/users/0uri24
2026-09-03 12:53:02 | WARNING  | 404 on https://skeb.jp/api/users/sbxu_0076 (attempt 3/3)
2026-09-03 12:53:03 | INFO     | OK https://skeb.jp/api/users/yua__vv
2026-09-03 12:53:04 | INFO     | OK https://skeb.jp/api/users/R28Sm47
2026-09-03 12:53:05 | INFO     | OK https://skeb.jp/api/users/2ni_0601
2026-09-03 12:53:06 | INFO     | OK https://skeb.jp/api/users/fyten318ra
2026-09-03 12:53:07 | WARNING  | 404 on https://skeb.jp/api/users/RekanTen10 (attempt 3/3)
2026-09-03 12:53:08 | WARNING  | 404 on https://skeb.jp/api/users/wapeu__sanwa (attempt 1/3)
2026-09-03 12:53:09 | INFO     | OK https://skeb.jp/api/users/sgr2894
2026-09-03 12:53:10 | INFO     | OK https://skeb.jp/api/users/hakonotakuya
2026-09-03 12:53:11 | INFO     | OK https://skeb.jp/api/users/litmus_kotonoha
2026-09-03 12:53:12 | WARNING  | 404 on https://skeb.jp/api/users/wapeu__sanwa (attempt 2/3)
2026-09-03 12:53:17 | WARNING  | 404 on https://skeb.jp/api/users/wapeu__sanwa (attempt 3/3)
