2026-09-14 07:48:51 | INFO     | Initialized Data Store.
2026-09-14 07:48:51 | INFO     | Homepage GET status=200 (attempt 1/3)
2026-09-14 07:48:51 | WARNING  | request_key not found in homepage HTML (status=200).
2026-09-14 07:48:51 | INFO     | SkebClient ready (impersonate=chrome120, rate=1.0/s, concurrency=10, max_runtime=10800s)
2026-09-14 07:50:31 | INFO     | Ready to scrape 194 items
2026-09-14 07:50:32 | INFO     | OK https://skeb.jp/api/users/Harbor_35s
2026-09-14 07:50:32 | INFO     | Saving at a/skeb/Harbor_35s-38c076.json
2026-09-14 07:50:32 | WARNING  | 404 on https://skeb.jp/api/users/vHoo__ (attempt 1/3)
2026-09-14 07:50:33 | INFO     | OK https://skeb.jp/api/users/torart_tora
2026-09-14 07:50:33 | INFO     | Saving at a/skeb/torart_tora-8a8299.json
2026-09-14 07:50:34 | INFO     | OK https://skeb.jp/api/users/Tsunagishi100
2026-09-14 07:50:34 | INFO     | Saving at a/skeb/Tsunagishi100-816f90.json
2026-09-14 07:50:35 | INFO     | OK https://skeb.jp/api/users/yuyuyu_ky
2026-09-14 07:50:35 | INFO     | Saving at a/skeb/yuyuyu_ky-bf40ca.json
2026-09-14 07:50:36 | WARNING  | 404 on https://skeb.jp/api/users/vHoo__ (attempt 2/3)
2026-09-14 07:50:37 | INFO     | OK https://skeb.jp/api/users/okinasai404
2026-09-14 07:50:37 | INFO     | Saving at a/skeb/okinasai404-ab91e3.json
2026-09-14 07:50:38 | WARNING  | 404 on https://skeb.jp/api/users/nattamati_ (attempt 1/3)
2026-09-14 07:50:39 | INFO     | OK https://skeb.jp/api/users/Noto_artwork
2026-09-14 07:50:39 | INFO     | Saving at a/skeb/Noto_artwork-31d2c8.json
2026-09-14 07:50:40 | INFO     | OK https://skeb.jp/api/users/gulacossa
2026-09-14 07:50:40 | INFO     | Saving at a/skeb/gulacossa-c5f6ed.json
2026-09-14 07:50:41 | WARNING  | 404 on https://skeb.jp/api/users/p_pfp5 (attempt 1/3)
2026-09-14 07:50:43 | WARNING  | 404 on https://skeb.jp/api/users/vHoo__ (attempt 3/3)
2026-09-14 07:50:43 | INFO     | OK https://skeb.jp/api/users/Tomorrow0604
2026-09-14 07:50:43 | INFO     | Saving at a/skeb/Tomorrow0604-628d1b.json
2026-09-14 07:50:45 | WARNING  | 404 on https://skeb.jp/api/users/nattamati_ (attempt 2/3)
2026-09-14 07:50:45 | INFO     | OK https://skeb.jp/api/users/sumeragiseisuke
2026-09-14 07:50:45 | INFO     | Saving at a/skeb/sumeragiseisuke-62a1a3.json
2026-09-14 07:50:46 | INFO     | OK https://skeb.jp/api/users/illust_hatt
2026-09-14 07:50:46 | INFO     | Saving at a/skeb/illust_hatt-b43382.json
2026-09-14 07:50:47 | INFO     | OK https://skeb.jp/api/users/kitnmkb_dr
2026-09-14 07:50:47 | INFO     | Saving at a/skeb/kitnmkb_dr-d58c49.json
2026-09-14 07:50:48 | INFO     | OK https://skeb.jp/api/users/kira_meru
2026-09-14 07:50:48 | INFO     | Saving at a/skeb/kira_meru-18e907.json
2026-09-14 07:50:49 | INFO     | OK https://skeb.jp/api/users/chawanwan_
2026-09-14 07:50:49 | INFO     | Saving at a/skeb/chawanwan_-ae4992.json
2026-09-14 07:50:50 | WARNING  | 404 on https://skeb.jp/api/users/Iam_Ciikawa (attempt 1/3)
2026-09-14 07:50:51 | INFO     | OK https://skeb.jp/api/users/koyuki12270321
2026-09-14 07:50:51 | INFO     | Saving at a/skeb/koyuki12270321-4a23ed.json
2026-09-14 07:50:52 | INFO     | OK https://skeb.jp/api/users/kyuuri_5656
2026-09-14 07:50:52 | INFO     | Saving at a/skeb/kyuuri_5656-a038c1.json
2026-09-14 07:50:53 | INFO     | OK https://skeb.jp/api/users/nekonek38811165
2026-09-14 07:50:53 | INFO     | Saving at a/skeb/nekonek38811165-5e817a.json
2026-09-14 07:50:54 | INFO     | OK https://skeb.jp/api/users/Gastric_juice_4
2026-09-14 07:50:54 | INFO     | Saving at a/skeb/Gastric_juice_4-b6aab7.json
2026-09-14 07:50:55 | INFO     | OK https://skeb.jp/api/users/senorasii
2026-09-14 07:50:55 | INFO     | Saving at a/skeb/senorasii-157ac4.json
2026-09-14 07:50:56 | WARNING  | 404 on https://skeb.jp/api/users/lkjeudnduy44 (attempt 1/3)
2026-09-14 07:50:57 | INFO     | OK https://skeb.jp/api/users/ruiN0804
2026-09-14 07:50:57 | INFO     | Saving at a/skeb/ruiN0804-0d2585.json
2026-09-14 07:50:58 | INFO     | OK https://skeb.jp/api/users/liner_123
2026-09-14 07:50:58 | INFO     | Saving at a/skeb/liner_123-323042.json
2026-09-14 07:50:59 | WARNING  | 404 on https://skeb.jp/api/users/p_pfp5 (attempt 2/3)
2026-09-14 07:51:00 | INFO     | OK https://skeb.jp/api/users/roroko_momo
2026-09-14 07:51:00 | INFO     | Saving at a/skeb/roroko_momo-0e11fa.json
2026-09-14 07:51:01 | INFO     | OK https://skeb.jp/api/users/pc2wwd
2026-09-14 07:51:01 | INFO     | Saving at a/skeb/pc2wwd-c9ecd7.json
2026-09-14 07:51:03 | WARNING  | 404 on https://skeb.jp/api/users/Iam_Ciikawa (attempt 2/3)
2026-09-14 07:51:04 | WARNING  | 404 on https://skeb.jp/api/users/mimei_Illust (attempt 1/3)
2026-09-14 07:51:04 | WARNING  | 404 on https://skeb.jp/api/users/p_pfp5 (attempt 3/3)
2026-09-14 07:51:05 | INFO     | OK https://skeb.jp/api/users/illu_aya_
2026-09-14 07:51:05 | INFO     | Saving at a/skeb/illu_aya_-88bcea.json
2026-09-14 07:51:06 | WARNING  | 404 on https://skeb.jp/api/users/yamin_himamo23 (attempt 1/3)
2026-09-14 07:51:07 | WARNING  | 404 on https://skeb.jp/api/users/mimei_Illust (attempt 2/3)
2026-09-14 07:51:08 | WARNING  | 404 on https://skeb.jp/api/users/Henzu_23 (attempt 1/3)
2026-09-14 07:51:10 | WARNING  | 404 on https://skeb.jp/api/users/lkjeudnduy44 (attempt 2/3)
2026-09-14 07:51:11 | WARNING  | 404 on https://skeb.jp/api/users/Iam_Ciikawa (attempt 3/3)
2026-09-14 07:51:11 | WARNING  | 404 on https://skeb.jp/api/users/yamin_himamo23 (attempt 2/3)
2026-09-14 07:51:12 | WARNING  | 404 on https://skeb.jp/api/users/Henzu_23 (attempt 2/3)
2026-09-14 07:51:14 | WARNING  | 404 on https://skeb.jp/api/users/mimei_Illust (attempt 3/3)
2026-09-14 07:51:14 | INFO     | OK https://skeb.jp/api/users/nekomanma_tkg
2026-09-14 07:51:14 | INFO     | Saving at a/skeb/nekomanma_tkg-15a979.json
2026-09-14 07:51:16 | INFO     | OK https://skeb.jp/api/users/Mokychi
2026-09-14 07:51:16 | INFO     | Saving at a/skeb/Mokychi-9dc3a1.json
2026-09-14 07:51:17 | WARNING  | 404 on https://skeb.jp/api/users/lkjeudnduy44 (attempt 3/3)
2026-09-14 07:51:18 | WARNING  | 404 on https://skeb.jp/api/users/nattamati_ (attempt 3/3)
2026-09-14 07:51:19 | WARNING  | 404 on https://skeb.jp/api/users/yamin_himamo23 (attempt 3/3)
2026-09-14 07:51:19 | INFO     | OK https://skeb.jp/api/users/musumenuma
2026-09-14 07:51:19 | INFO     | Saving at a/skeb/musumenuma-fd3530.json
2026-09-14 07:51:20 | WARNING  | 404 on https://skeb.jp/api/users/Uo_oU_us (attempt 1/3)
2026-09-14 07:51:21 | INFO     | OK https://skeb.jp/api/users/kayax__x
2026-09-14 07:51:21 | INFO     | Saving at a/skeb/kayax__x-5a6f58.json
2026-09-14 07:51:22 | INFO     | OK https://skeb.jp/api/users/ch0143
2026-09-14 07:51:22 | INFO     | Saving at a/skeb/ch0143-22e933.json
2026-09-14 07:51:23 | WARNING  | 404 on https://skeb.jp/api/users/oshino_Iriss (attempt 1/3)
2026-09-14 07:51:24 | WARNING  | 404 on https://skeb.jp/api/users/Uo_oU_us (attempt 2/3)
2026-09-14 07:51:25 | INFO     | OK https://skeb.jp/api/users/comiching2
2026-09-14 07:51:25 | INFO     | Saving at a/skeb/comiching2-0230bd.json
2026-09-14 07:51:26 | INFO     | OK https://skeb.jp/api/users/hituzibatake
2026-09-14 07:51:26 | INFO     | Saving at a/skeb/hituzibatake-476bf2.json
2026-09-14 07:51:27 | WARNING  | 404 on https://skeb.jp/api/users/oshino_Iriss (attempt 2/3)
2026-09-14 07:51:28 | INFO     | OK https://skeb.jp/api/users/shota_zuki
2026-09-14 07:51:28 | INFO     | Saving at a/skeb/shota_zuki-35207b.json
2026-09-14 07:51:30 | WARNING  | 404 on https://skeb.jp/api/users/Uo_oU_us (attempt 3/3)
2026-09-14 07:51:30 | INFO     | OK https://skeb.jp/api/users/Akaya__222
2026-09-14 07:51:30 | INFO     | Saving at a/skeb/Akaya__222-e7952f.json
2026-09-14 07:51:31 | WARNING  | 404 on https://skeb.jp/api/users/Genkyou (attempt 1/3)
2026-09-14 07:51:32 | INFO     | OK https://skeb.jp/api/users/kazamidori_k
2026-09-14 07:51:32 | INFO     | Saving at a/skeb/kazamidori_k-fd0976.json
2026-09-14 07:51:33 | INFO     | OK https://skeb.jp/api/users/tatune589
2026-09-14 07:51:33 | INFO     | Saving at a/skeb/tatune589-cb79de.json
2026-09-14 07:51:34 | INFO     | OK https://skeb.jp/api/users/fertilizerrrr_
2026-09-14 07:51:34 | INFO     | Saving at a/skeb/fertilizerrrr_-6dfd91.json
2026-09-14 07:51:35 | INFO     | OK https://skeb.jp/api/users/sandra_sscg
2026-09-14 07:51:35 | INFO     | Saving at a/skeb/sandra_sscg-37c822.json
2026-09-14 07:51:36 | INFO     | OK https://skeb.jp/api/users/kizakikigeki727
2026-09-14 07:51:36 | INFO     | Saving at a/skeb/kizakikigeki727-fc9bbd.json
2026-09-14 07:51:37 | INFO     | OK https://skeb.jp/api/users/nakamitsu
2026-09-14 07:51:37 | INFO     | Saving at a/skeb/nakamitsu-f92905.json
2026-09-14 07:51:39 | WARNING  | 404 on https://skeb.jp/api/users/oshino_Iriss (attempt 3/3)
2026-09-14 07:51:39 | WARNING  | 404 on https://skeb.jp/api/users/kiNero30901 (attempt 1/3)
2026-09-14 07:51:40 | INFO     | OK https://skeb.jp/api/users/shizunayu23
2026-09-14 07:51:40 | INFO     | Saving at a/skeb/shizunayu23-e04ca9.json
2026-09-14 07:51:42 | WARNING  | 404 on https://skeb.jp/api/users/Genkyou (attempt 2/3)
2026-09-14 07:51:42 | INFO     | OK https://skeb.jp/api/users/tamasaba_H_T_F
2026-09-14 07:51:42 | INFO     | Saving at a/skeb/tamasaba_H_T_F-94b33a.json
2026-09-14 07:51:43 | WARNING  | 404 on https://skeb.jp/api/users/kiNero30901 (attempt 2/3)
2026-09-14 07:51:44 | INFO     | OK https://skeb.jp/api/users/haipo_23
2026-09-14 07:51:44 | INFO     | Saving at a/skeb/haipo_23-9dc2ed.json
2026-09-14 07:51:45 | INFO     | OK https://skeb.jp/api/users/tottoco__ham
2026-09-14 07:51:45 | INFO     | Saving at a/skeb/tottoco__ham-aa6a11.json
2026-09-14 07:51:46 | INFO     | OK https://skeb.jp/api/users/asatama
2026-09-14 07:51:46 | INFO     | Saving at a/skeb/asatama-56b67a.json
2026-09-14 07:51:48 | WARNING  | 404 on https://skeb.jp/api/users/Genkyou (attempt 3/3)
2026-09-14 07:51:49 | WARNING  | 404 on https://skeb.jp/api/users/Henzu_23 (attempt 3/3)
2026-09-14 07:51:49 | INFO     | OK https://skeb.jp/api/users/utakata_souan
2026-09-14 07:51:49 | INFO     | Saving at a/skeb/utakata_souan-36f1c7.json
2026-09-14 07:51:50 | INFO     | OK https://skeb.jp/api/users/hachiko0085
2026-09-14 07:51:50 | INFO     | Saving at a/skeb/hachiko0085-b8bf8a.json
2026-09-14 07:51:51 | INFO     | OK https://skeb.jp/api/users/unagi_trpg2323
2026-09-14 07:51:51 | INFO     | Saving at a/skeb/unagi_trpg2323-a5fa31.json
2026-09-14 07:51:53 | WARNING  | 404 on https://skeb.jp/api/users/kiNero30901 (attempt 3/3)
2026-09-14 07:51:53 | INFO     | OK https://skeb.jp/api/users/m_murasa
2026-09-14 07:51:53 | INFO     | Saving at a/skeb/m_murasa-c899c7.json
2026-09-14 07:51:54 | WARNING  | 404 on https://skeb.jp/api/users/m3x3_sk (attempt 1/3)
2026-09-14 07:51:55 | WARNING  | 404 on https://skeb.jp/api/users/NOm0y0i (attempt 1/3)
2026-09-14 07:51:56 | INFO     | OK https://skeb.jp/api/users/chinon_3
2026-09-14 07:51:56 | INFO     | Saving at a/skeb/chinon_3-204b7b.json
2026-09-14 07:51:57 | INFO     | OK https://skeb.jp/api/users/dorahidane
2026-09-14 07:51:57 | INFO     | Saving at a/skeb/dorahidane-3f4f9a.json
2026-09-14 07:51:58 | INFO     | OK https://skeb.jp/api/users/fanfanyanyan
2026-09-14 07:51:58 | INFO     | Saving at a/skeb/fanfanyanyan-14ad1f.json
2026-09-14 07:51:59 | INFO     | OK https://skeb.jp/api/users/aizawa_8lemo
2026-09-14 07:51:59 | INFO     | Saving at a/skeb/aizawa_8lemo-fcbed8.json
2026-09-14 07:52:00 | INFO     | OK https://skeb.jp/api/users/numatoohu
2026-09-14 07:52:00 | INFO     | Saving at a/skeb/numatoohu-42f1cd.json
2026-09-14 07:52:01 | WARNING  | 404 on https://skeb.jp/api/users/soraumi2000_50_ (attempt 1/3)
2026-09-14 07:52:03 | WARNING  | 404 on https://skeb.jp/api/users/m3x3_sk (attempt 2/3)
2026-09-14 07:52:03 | INFO     | OK https://skeb.jp/api/users/nomi_mi_
2026-09-14 07:52:03 | INFO     | Saving at a/skeb/nomi_mi_-36c31d.json
2026-09-14 07:52:04 | WARNING  | 404 on https://skeb.jp/api/users/killy810 (attempt 1/3)
2026-09-14 07:52:05 | INFO     | OK https://skeb.jp/api/users/Mashirochan1122
2026-09-14 07:52:05 | INFO     | Saving at a/skeb/Mashirochan1122-013f34.json
2026-09-14 07:52:07 | WARNING  | 404 on https://skeb.jp/api/users/NOm0y0i (attempt 2/3)
2026-09-14 07:52:07 | INFO     | OK https://skeb.jp/api/users/yaksyaci
2026-09-14 07:52:07 | INFO     | Saving at a/skeb/yaksyaci-269473.json
2026-09-14 07:52:09 | WARNING  | 404 on https://skeb.jp/api/users/m3x3_sk (attempt 3/3)
2026-09-14 07:52:09 | INFO     | OK https://skeb.jp/api/users/_nekomamire_
2026-09-14 07:52:09 | INFO     | Saving at a/skeb/_nekomamire_-ca54d3.json
2026-09-14 07:52:11 | WARNING  | 404 on https://skeb.jp/api/users/killy810 (attempt 2/3)
2026-09-14 07:52:11 | WARNING  | 404 on https://skeb.jp/api/users/polar_kuma62 (attempt 1/3)
2026-09-14 07:52:13 | WARNING  | 404 on https://skeb.jp/api/users/NOm0y0i (attempt 3/3)
2026-09-14 07:52:13 | INFO     | OK https://skeb.jp/api/users/mymomismad
2026-09-14 07:52:13 | INFO     | Saving at a/skeb/mymomismad-be2d38.json
2026-09-14 07:52:14 | INFO     | OK https://skeb.jp/api/users/ep1hara
2026-09-14 07:52:14 | INFO     | Saving at a/skeb/ep1hara-a539e4.json
2026-09-14 07:52:15 | WARNING  | 404 on https://skeb.jp/api/users/killy810 (attempt 3/3)
2026-09-14 07:52:16 | WARNING  | 404 on https://skeb.jp/api/users/8oSSUHCnXXz4tBp (attempt 1/3)
2026-09-14 07:52:17 | INFO     | OK https://skeb.jp/api/users/sonnan_gen
2026-09-14 07:52:17 | INFO     | Saving at a/skeb/sonnan_gen-8813f2.json
2026-09-14 07:52:18 | INFO     | OK https://skeb.jp/api/users/YSH7
2026-09-14 07:52:18 | INFO     | Saving at a/skeb/YSH7-a9e75e.json
2026-09-14 07:52:19 | INFO     | OK https://skeb.jp/api/users/kotori_sou
2026-09-14 07:52:19 | INFO     | Saving at a/skeb/kotori_sou-3dc1d3.json
2026-09-14 07:52:20 | WARNING  | 404 on https://skeb.jp/api/users/8oSSUHCnXXz4tBp (attempt 2/3)
2026-09-14 07:52:22 | WARNING  | 404 on https://skeb.jp/api/users/soraumi2000_50_ (attempt 2/3)
2026-09-14 07:52:22 | WARNING  | 404 on https://skeb.jp/api/users/29Kota2 (attempt 1/3)
2026-09-14 07:52:23 | INFO     | OK https://skeb.jp/api/users/m______usagi
2026-09-14 07:52:23 | INFO     | Saving at a/skeb/m______usagi-efa0bd.json
2026-09-14 07:52:24 | WARNING  | 404 on https://skeb.jp/api/users/toxizaki (attempt 1/3)
2026-09-14 07:52:25 | INFO     | OK https://skeb.jp/api/users/V_omega_V
2026-09-14 07:52:25 | INFO     | Saving at a/skeb/V_omega_V-a0baae.json
2026-09-14 07:52:26 | WARNING  | 404 on https://skeb.jp/api/users/29Kota2 (attempt 2/3)
2026-09-14 07:52:28 | INFO     | OK https://skeb.jp/api/users/aoz_buruusu
2026-09-14 07:52:28 | INFO     | Saving at a/skeb/aoz_buruusu-475165.json
2026-09-14 07:52:29 | WARNING  | 404 on https://skeb.jp/api/users/8oSSUHCnXXz4tBp (attempt 3/3)
2026-09-14 07:52:29 | INFO     | OK https://skeb.jp/api/users/highcheese1997
2026-09-14 07:52:29 | INFO     | Saving at a/skeb/highcheese1997-ccea20.json
2026-09-14 07:52:30 | INFO     | OK https://skeb.jp/api/users/chibi_nanoda
2026-09-14 07:52:30 | INFO     | Saving at a/skeb/chibi_nanoda-9b8405.json
2026-09-14 07:52:31 | WARNING  | 404 on https://skeb.jp/api/users/meguru_nero (attempt 1/3)
2026-09-14 07:52:32 | INFO     | OK https://skeb.jp/api/users/apx_porkchop
2026-09-14 07:52:32 | INFO     | Saving at a/skeb/apx_porkchop-4e505a.json
2026-09-14 07:52:34 | WARNING  | 404 on https://skeb.jp/api/users/29Kota2 (attempt 3/3)
2026-09-14 07:52:34 | INFO     | OK https://skeb.jp/api/users/yazawaeito0302
2026-09-14 07:52:34 | INFO     | Saving at a/skeb/yazawaeito0302-737c8f.json
2026-09-14 07:52:35 | WARNING  | 404 on https://skeb.jp/api/users/meguru_nero (attempt 2/3)
2026-09-14 07:52:36 | INFO     | OK https://skeb.jp/api/users/oyazi1089
2026-09-14 07:52:36 | INFO     | Saving at a/skeb/oyazi1089-3b5687.json
2026-09-14 07:52:37 | INFO     | OK https://skeb.jp/api/users/MMilk_WWotaku
2026-09-14 07:52:37 | INFO     | Saving at a/skeb/MMilk_WWotaku-3384ed.json
2026-09-14 07:52:38 | INFO     | OK https://skeb.jp/api/users/muu_mumemo
2026-09-14 07:52:38 | INFO     | Saving at a/skeb/muu_mumemo-dff501.json
2026-09-14 07:52:39 | WARNING  | 404 on https://skeb.jp/api/users/ghcfujfc1 (attempt 1/3)
2026-09-14 07:52:40 | INFO     | OK https://skeb.jp/api/users/tomato_117t
2026-09-14 07:52:40 | INFO     | Saving at a/skeb/tomato_117t-7e6ccd.json
2026-09-14 07:52:41 | INFO     | OK https://skeb.jp/api/users/Genkimaruu
2026-09-14 07:52:41 | INFO     | Saving at a/skeb/Genkimaruu-06eff2.json
2026-09-14 07:52:43 | INFO     | OK https://skeb.jp/api/users/i53172
2026-09-14 07:52:43 | INFO     | Saving at a/skeb/i53172-b4aab3.json
2026-09-14 07:52:43 | WARNING  | 404 on https://skeb.jp/api/users/meguru_nero (attempt 3/3)
2026-09-14 07:52:44 | INFO     | OK https://skeb.jp/api/users/moon448
2026-09-14 07:52:44 | INFO     | Saving at a/skeb/moon448-d15e02.json
2026-09-14 07:52:46 | WARNING  | 404 on https://skeb.jp/api/users/toxizaki (attempt 2/3)
2026-09-14 07:52:46 | INFO     | OK https://skeb.jp/api/users/magokoro_story
2026-09-14 07:52:46 | INFO     | Saving at a/skeb/magokoro_story-abdb86.json
2026-09-14 07:52:48 | WARNING  | 404 on https://skeb.jp/api/users/soraumi2000_50_ (attempt 3/3)
2026-09-14 07:52:48 | INFO     | OK https://skeb.jp/api/users/efefef_R18
2026-09-14 07:52:48 | INFO     | Saving at a/skeb/efefef_R18-496a64.json
2026-09-14 07:52:49 | WARNING  | 404 on https://skeb.jp/api/users/kasha0927 (attempt 1/3)
2026-09-14 07:52:51 | WARNING  | 404 on https://skeb.jp/api/users/ghcfujfc1 (attempt 2/3)
2026-09-14 07:52:51 | INFO     | OK https://skeb.jp/api/users/oznyax
2026-09-14 07:52:51 | INFO     | Saving at a/skeb/oznyax-0fc42d.json
2026-09-14 07:52:52 | WARNING  | 404 on https://skeb.jp/api/users/polar_kuma62 (attempt 2/3)
2026-09-14 07:52:53 | INFO     | OK https://skeb.jp/api/users/Fj_Rng
2026-09-14 07:52:53 | INFO     | Saving at a/skeb/Fj_Rng-dd5ca3.json
2026-09-14 07:52:55 | INFO     | OK https://skeb.jp/api/users/eroiroe
2026-09-14 07:52:55 | INFO     | Saving at a/skeb/eroiroe-be6d51.json
2026-09-14 07:52:55 | INFO     | OK https://skeb.jp/api/users/teitoku1111
2026-09-14 07:52:55 | INFO     | Saving at a/skeb/teitoku1111-6ed70e.json
2026-09-14 07:52:56 | WARNING  | 404 on https://skeb.jp/api/users/kokorono_376 (attempt 1/3)
2026-09-14 07:52:58 | WARNING  | 404 on https://skeb.jp/api/users/ghcfujfc1 (attempt 3/3)
2026-09-14 07:52:59 | WARNING  | 404 on https://skeb.jp/api/users/polar_kuma62 (attempt 3/3)
2026-09-14 07:52:59 | INFO     | OK https://skeb.jp/api/users/CoolCoreChan
2026-09-14 07:52:59 | INFO     | Saving at a/skeb/CoolCoreChan-beb110.json
2026-09-14 07:53:00 | INFO     | OK https://skeb.jp/api/users/Kei__Kei
2026-09-14 07:53:00 | INFO     | Saving at a/skeb/Kei__Kei-39fd55.json
2026-09-14 07:53:02 | WARNING  | 404 on https://skeb.jp/api/users/kasha0927 (attempt 2/3)
2026-09-14 07:53:02 | INFO     | OK https://skeb.jp/api/users/tAn0rn0t
2026-09-14 07:53:02 | INFO     | Saving at a/skeb/tAn0rn0t-12883b.json
2026-09-14 07:53:03 | INFO     | OK https://skeb.jp/api/users/higureichika
2026-09-14 07:53:03 | INFO     | Saving at a/skeb/higureichika-ed669a.json
2026-09-14 07:53:04 | INFO     | OK https://skeb.jp/api/users/upebou_pe
2026-09-14 07:53:04 | INFO     | Saving at a/skeb/upebou_pe-c14ea3.json
2026-09-14 07:53:05 | WARNING  | 404 on https://skeb.jp/api/users/kokorono_376 (attempt 2/3)
2026-09-14 07:53:07 | INFO     | OK https://skeb.jp/api/users/blackasukateach
2026-09-14 07:53:07 | INFO     | Saving at a/skeb/blackasukateach-a4f7b2.json
2026-09-14 07:53:07 | INFO     | OK https://skeb.jp/api/users/inumonoinu
2026-09-14 07:53:07 | INFO     | Saving at a/skeb/inumonoinu-bbd0fd.json
2026-09-14 07:53:08 | WARNING  | 404 on https://skeb.jp/api/users/kasha0927 (attempt 3/3)
2026-09-14 07:53:09 | INFO     | OK https://skeb.jp/api/users/Mememe___ta
2026-09-14 07:53:09 | INFO     | Saving at a/skeb/Mememe___ta-27dc8c.json
2026-09-14 07:53:10 | INFO     | OK https://skeb.jp/api/users/neontetra_023
2026-09-14 07:53:10 | INFO     | Saving at a/skeb/neontetra_023-a68184.json
2026-09-14 07:53:11 | INFO     | OK https://skeb.jp/api/users/tadayuto_928
2026-09-14 07:53:11 | INFO     | Saving at a/skeb/tadayuto_928-628e74.json
2026-09-14 07:53:12 | INFO     | OK https://skeb.jp/api/users/c0m23y7k0
2026-09-14 07:53:12 | INFO     | Saving at a/skeb/c0m23y7k0-8cf442.json
2026-09-14 07:53:13 | INFO     | OK https://skeb.jp/api/users/TarouAmaebi3885
2026-09-14 07:53:13 | INFO     | Saving at a/skeb/TarouAmaebi3885-98b151.json
2026-09-14 07:53:14 | INFO     | OK https://skeb.jp/api/users/dakisima
2026-09-14 07:53:14 | INFO     | Saving at a/skeb/dakisima-ee71e7.json
2026-09-14 07:53:16 | INFO     | OK https://skeb.jp/api/users/IceFox_hyouko
2026-09-14 07:53:16 | INFO     | Saving at a/skeb/IceFox_hyouko-bfe6bb.json
2026-09-14 07:53:16 | INFO     | OK https://skeb.jp/api/users/_kishino
2026-09-14 07:53:16 | INFO     | Saving at a/skeb/_kishino-fab62c.json
2026-09-14 07:53:17 | INFO     | OK https://skeb.jp/api/users/Bambi_game_v
2026-09-14 07:53:17 | INFO     | Saving at a/skeb/Bambi_game_v-f0e99e.json
2026-09-14 07:53:19 | INFO     | OK https://skeb.jp/api/users/EXQ_sasakure_EX
2026-09-14 07:53:19 | INFO     | Saving at a/skeb/EXQ_sasakure_EX-8fdf17.json
2026-09-14 07:53:19 | INFO     | OK https://skeb.jp/api/users/ashinomoto
2026-09-14 07:53:19 | INFO     | Saving at a/skeb/ashinomoto-d02c6b.json
2026-09-14 07:53:20 | INFO     | OK https://skeb.jp/api/users/E1n_an
2026-09-14 07:53:20 | INFO     | Saving at a/skeb/E1n_an-76fdf1.json
2026-09-14 07:53:21 | INFO     | OK https://skeb.jp/api/users/tsuziura_yue
2026-09-14 07:53:21 | INFO     | Saving at a/skeb/tsuziura_yue-b59f9f.json
2026-09-14 07:53:22 | INFO     | OK https://skeb.jp/api/users/nagarappp
2026-09-14 07:53:22 | INFO     | Saving at a/skeb/nagarappp-4e59fc.json
2026-09-14 07:53:23 | INFO     | OK https://skeb.jp/api/users/Lou_Lou0323
2026-09-14 07:53:23 | INFO     | Saving at a/skeb/Lou_Lou0323-92a542.json
2026-09-14 07:53:25 | WARNING  | 404 on https://skeb.jp/api/users/kokorono_376 (attempt 3/3)
2026-09-14 07:53:25 | INFO     | OK https://skeb.jp/api/users/shiwatari_0813
2026-09-14 07:53:25 | INFO     | Saving at a/skeb/shiwatari_0813-d5bdc4.json
2026-09-14 07:53:26 | INFO     | OK https://skeb.jp/api/users/suzunami_illust
2026-09-14 07:53:26 | INFO     | Saving at a/skeb/suzunami_illust-07217c.json
2026-09-14 07:53:27 | INFO     | OK https://skeb.jp/api/users/torutoru3000
2026-09-14 07:53:27 | INFO     | Saving at a/skeb/torutoru3000-12344b.json
2026-09-14 07:53:28 | WARNING  | 404 on https://skeb.jp/api/users/se3ifinal (attempt 1/3)
2026-09-14 07:53:29 | INFO     | OK https://skeb.jp/api/users/BTA_puu
2026-09-14 07:53:29 | INFO     | Saving at a/skeb/BTA_puu-08211e.json
2026-09-14 07:53:31 | INFO     | OK https://skeb.jp/api/users/FULL_CHIYUI
2026-09-14 07:53:31 | INFO     | Saving at a/skeb/FULL_CHIYUI-b5d5c3.json
2026-09-14 07:53:31 | WARNING  | 404 on https://skeb.jp/api/users/T4k73gqSZ26h5si (attempt 1/3)
2026-09-14 07:53:32 | WARNING  | 404 on https://skeb.jp/api/users/se3ifinal (attempt 2/3)
2026-09-14 07:53:33 | INFO     | OK https://skeb.jp/api/users/NANO181
2026-09-14 07:53:33 | INFO     | Saving at a/skeb/NANO181-3aac3b.json
2026-09-14 07:53:34 | INFO     | OK https://skeb.jp/api/users/kurakurama
2026-09-14 07:53:34 | INFO     | Saving at a/skeb/kurakurama-049b75.json
2026-09-14 07:53:35 | WARNING  | 404 on https://skeb.jp/api/users/3hankikan0220 (attempt 1/3)
2026-09-14 07:53:36 | INFO     | OK https://skeb.jp/api/users/hoshi3star
2026-09-14 07:53:36 | INFO     | Saving at a/skeb/hoshi3star-3afff1.json
2026-09-14 07:53:38 | WARNING  | 404 on https://skeb.jp/api/users/T4k73gqSZ26h5si (attempt 2/3)
2026-09-14 07:53:38 | INFO     | OK https://skeb.jp/api/users/DRfi_sh
2026-09-14 07:53:38 | INFO     | Saving at a/skeb/DRfi_sh-389b35.json
2026-09-14 07:53:39 | WARNING  | 404 on https://skeb.jp/api/users/toxizaki (attempt 3/3)
2026-09-14 07:53:40 | INFO     | OK https://skeb.jp/api/users/nugarisu
2026-09-14 07:53:40 | INFO     | Saving at a/skeb/nugarisu-0c65d2.json
2026-09-14 07:53:41 | WARNING  | 404 on https://skeb.jp/api/users/Axnya (attempt 1/3)
2026-09-14 07:53:43 | INFO     | OK https://skeb.jp/api/users/gogopaint
2026-09-14 07:53:43 | INFO     | Saving at a/skeb/gogopaint-7ee916.json
2026-09-14 07:53:44 | INFO     | OK https://skeb.jp/api/users/French_toastman
2026-09-14 07:53:44 | INFO     | Saving at a/skeb/French_toastman-e60278.json
2026-09-14 07:53:44 | INFO     | OK https://skeb.jp/api/users/mochi194745
2026-09-14 07:53:44 | INFO     | Saving at a/skeb/mochi194745-7ce085.json
2026-09-14 07:53:45 | WARNING  | 404 on https://skeb.jp/api/users/_meruruto_ (attempt 1/3)
2026-09-14 07:53:47 | WARNING  | 404 on https://skeb.jp/api/users/se3ifinal (attempt 3/3)
2026-09-14 07:53:47 | INFO     | OK https://skeb.jp/api/users/ea6204380550391
2026-09-14 07:53:47 | INFO     | Saving at a/skeb/ea6204380550391-7887e4.json
2026-09-14 07:53:48 | WARNING  | 404 on https://skeb.jp/api/users/_meruruto_ (attempt 2/3)
2026-09-14 07:53:50 | INFO     | OK https://skeb.jp/api/users/yomura_000
2026-09-14 07:53:50 | INFO     | Saving at a/skeb/yomura_000-b4d7de.json
2026-09-14 07:53:50 | WARNING  | 404 on https://skeb.jp/api/users/kotonesansukida (attempt 1/3)
2026-09-14 07:53:52 | WARNING  | 404 on https://skeb.jp/api/users/Axnya (attempt 2/3)
2026-09-14 07:53:53 | INFO     | OK https://skeb.jp/api/users/823_amine
2026-09-14 07:53:53 | INFO     | Saving at a/skeb/823_amine-84578e.json
2026-09-14 07:53:53 | WARNING  | 404 on https://skeb.jp/api/users/_meruruto_ (attempt 3/3)
2026-09-14 07:53:54 | INFO     | OK https://skeb.jp/api/users/toroiza_star
2026-09-14 07:53:54 | INFO     | Saving at a/skeb/toroiza_star-6d63c5.json
2026-09-14 07:53:55 | INFO     | OK https://skeb.jp/api/users/Towa_x_x_6
2026-09-14 07:53:55 | INFO     | Saving at a/skeb/Towa_x_x_6-eea0b0.json
2026-09-14 07:53:57 | WARNING  | 404 on https://skeb.jp/api/users/T4k73gqSZ26h5si (attempt 3/3)
2026-09-14 07:53:58 | WARNING  | 404 on https://skeb.jp/api/users/Axnya (attempt 3/3)
2026-09-14 07:53:58 | WARNING  | 404 on https://skeb.jp/api/users/kagoyama_sns (attempt 1/3)
2026-09-14 07:53:59 | INFO     | OK https://skeb.jp/api/users/nabekuro
2026-09-14 07:53:59 | INFO     | Saving at a/skeb/nabekuro-e1d723.json
2026-09-14 07:54:01 | WARNING  | 404 on https://skeb.jp/api/users/kotonesansukida (attempt 2/3)
2026-09-14 07:54:01 | INFO     | OK https://skeb.jp/api/users/yamibun1234
2026-09-14 07:54:01 | INFO     | Saving at a/skeb/yamibun1234-9348a7.json
2026-09-14 07:54:03 | INFO     | OK https://skeb.jp/api/users/benz_890
2026-09-14 07:54:03 | INFO     | Saving at a/skeb/benz_890-db5252.json
2026-09-14 07:54:03 | INFO     | OK https://skeb.jp/api/users/karashibushi
2026-09-14 07:54:03 | INFO     | Saving at a/skeb/karashibushi-2c426a.json
2026-09-14 07:54:04 | INFO     | OK https://skeb.jp/api/users/manbo324
2026-09-14 07:54:04 | INFO     | Saving at a/skeb/manbo324-2d79f1.json
2026-09-14 07:54:05 | WARNING  | 404 on https://skeb.jp/api/users/EDO__nyan (attempt 1/3)
2026-09-14 07:54:07 | WARNING  | 404 on https://skeb.jp/api/users/kagoyama_sns (attempt 2/3)
2026-09-14 07:54:08 | INFO     | OK https://skeb.jp/api/users/nempoint
2026-09-14 07:54:08 | INFO     | Saving at a/skeb/nempoint-e2baa0.json
2026-09-14 07:54:09 | INFO     | OK https://skeb.jp/api/users/AYAKUMO
2026-09-14 07:54:09 | INFO     | Saving at a/skeb/AYAKUMO-499ff4.json
2026-09-14 07:54:09 | WARNING  | 404 on https://skeb.jp/api/users/3hankikan0220 (attempt 2/3)
2026-09-14 07:54:10 | INFO     | OK https://skeb.jp/api/users/itsuzoyaNO
2026-09-14 07:54:10 | INFO     | Saving at a/skeb/itsuzoyaNO-9bedfb.json
2026-09-14 07:54:11 | WARNING  | 404 on https://skeb.jp/api/users/mimamorichan (attempt 1/3)
2026-09-14 07:54:13 | INFO     | OK https://skeb.jp/api/users/far_storia
2026-09-14 07:54:13 | INFO     | Saving at a/skeb/far_storia-c2b41a.json
2026-09-14 07:54:13 | INFO     | OK https://skeb.jp/api/users/miryaru1
2026-09-14 07:54:13 | INFO     | Saving at a/skeb/miryaru1-7cefe5.json
2026-09-14 07:54:14 | WARNING  | 404 on https://skeb.jp/api/users/Ryuzi_27 (attempt 1/3)
2026-09-14 07:54:16 | INFO     | OK https://skeb.jp/api/users/pochpoti
2026-09-14 07:54:16 | INFO     | Saving at a/skeb/pochpoti-d1c274.json
2026-09-14 07:54:17 | WARNING  | 404 on https://skeb.jp/api/users/EDO__nyan (attempt 2/3)
2026-09-14 07:54:18 | INFO     | OK https://skeb.jp/api/users/nayoiro7296811
2026-09-14 07:54:18 | INFO     | Saving at a/skeb/nayoiro7296811-afd742.json
2026-09-14 07:54:18 | WARNING  | 404 on https://skeb.jp/api/users/Ryuzi_27 (attempt 2/3)
2026-09-14 07:54:20 | WARNING  | 404 on https://skeb.jp/api/users/3hankikan0220 (attempt 3/3)
2026-09-14 07:54:21 | WARNING  | 404 on https://skeb.jp/api/users/kagoyama_sns (attempt 3/3)
2026-09-14 07:54:21 | WARNING  | 404 on https://skeb.jp/api/users/Geshi_to_ (attempt 1/3)
2026-09-14 07:54:23 | WARNING  | 404 on https://skeb.jp/api/users/EDO__nyan (attempt 3/3)
2026-09-14 07:54:23 | INFO     | OK https://skeb.jp/api/users/STsujinaka
2026-09-14 07:54:23 | INFO     | Saving at a/skeb/STsujinaka-7e1d58.json
2026-09-14 07:54:24 | INFO     | OK https://skeb.jp/api/users/FumiyaPhoenicea
2026-09-14 07:54:24 | INFO     | Saving at a/skeb/FumiyaPhoenicea-5f39da.json
2026-09-14 07:54:26 | WARNING  | 404 on https://skeb.jp/api/users/mimamorichan (attempt 2/3)
2026-09-14 07:54:26 | WARNING  | 404 on https://skeb.jp/api/users/nyatta_san (attempt 1/3)
2026-09-14 07:54:27 | INFO     | OK https://skeb.jp/api/users/kagaribi_f1are
2026-09-14 07:54:27 | INFO     | Saving at a/skeb/kagaribi_f1are-660a2a.json
2026-09-14 07:54:28 | WARNING  | 404 on https://skeb.jp/api/users/Ryuzi_27 (attempt 3/3)
2026-09-14 07:54:30 | INFO     | OK https://skeb.jp/api/users/melt_ozZ
2026-09-14 07:54:30 | INFO     | Saving at a/skeb/melt_ozZ-caa8f1.json
2026-09-14 07:54:30 | WARNING  | 404 on https://skeb.jp/api/users/mimamorichan (attempt 3/3)
2026-09-14 07:54:32 | INFO     | OK https://skeb.jp/api/users/papino_yukimi
2026-09-14 07:54:32 | INFO     | Saving at a/skeb/papino_yukimi-340d0d.json
2026-09-14 07:54:33 | INFO     | OK https://skeb.jp/api/users/tmyl_21
2026-09-14 07:54:33 | INFO     | Saving at a/skeb/tmyl_21-9bc17f.json
2026-09-14 07:54:33 | WARNING  | 404 on https://skeb.jp/api/users/77_t2w (attempt 1/3)
2026-09-14 07:54:35 | INFO     | OK https://skeb.jp/api/users/mat3275
2026-09-14 07:54:35 | INFO     | Saving at a/skeb/mat3275-4795c2.json
2026-09-14 07:54:35 | INFO     | OK https://skeb.jp/api/users/M0Chl_M0Chl_
2026-09-14 07:54:35 | INFO     | Saving at a/skeb/M0Chl_M0Chl_-c6179a.json
2026-09-14 07:54:36 | WARNING  | 404 on https://skeb.jp/api/users/923kaku (attempt 1/3)
2026-09-14 07:54:38 | WARNING  | 404 on https://skeb.jp/api/users/aki_ra3_ (attempt 1/3)
2026-09-14 07:54:38 | WARNING  | 404 on https://skeb.jp/api/users/fm7hxj (attempt 1/3)
2026-09-14 07:54:40 | INFO     | OK https://skeb.jp/api/users/napooo000
2026-09-14 07:54:40 | INFO     | Saving at a/skeb/napooo000-2586e4.json
2026-09-14 07:54:41 | WARNING  | 404 on https://skeb.jp/api/users/kotonesansukida (attempt 3/3)
2026-09-14 07:54:41 | WARNING  | 404 on https://skeb.jp/api/users/aki_ra3_ (attempt 2/3)
2026-09-14 07:54:43 | WARNING  | 404 on https://skeb.jp/api/users/Geshi_to_ (attempt 2/3)
2026-09-14 07:54:43 | INFO     | OK https://skeb.jp/api/users/Marymue_
2026-09-14 07:54:43 | INFO     | Saving at a/skeb/Marymue_-876754.json
2026-09-14 07:54:45 | INFO     | OK https://skeb.jp/api/users/PL0ver358
2026-09-14 07:54:45 | INFO     | Saving at a/skeb/PL0ver358-9f8d42.json
2026-09-14 07:54:46 | WARNING  | 404 on https://skeb.jp/api/users/sakayama_lazuli (attempt 1/3)
2026-09-14 07:54:47 | WARNING  | 404 on https://skeb.jp/api/users/fm7hxj (attempt 2/3)
2026-09-14 07:54:48 | WARNING  | 404 on https://skeb.jp/api/users/fukafuka_no_inu (attempt 1/3)
2026-09-14 07:54:49 | WARNING  | 404 on https://skeb.jp/api/users/aki_ra3_ (attempt 3/3)
2026-09-14 07:54:50 | WARNING  | 404 on https://skeb.jp/api/users/Geshi_to_ (attempt 3/3)
2026-09-14 07:54:51 | WARNING  | 404 on https://skeb.jp/api/users/Llu_ulg (attempt 1/3)
2026-09-14 07:54:52 | WARNING  | 404 on https://skeb.jp/api/users/sakayama_lazuli (attempt 2/3)
2026-09-14 07:54:53 | WARNING  | 404 on https://skeb.jp/api/users/fm7hxj (attempt 3/3)
2026-09-14 07:54:54 | WARNING  | 404 on https://skeb.jp/api/users/77_t2w (attempt 2/3)
2026-09-14 07:54:55 | INFO     | OK https://skeb.jp/api/users/415
2026-09-14 07:54:55 | INFO     | Saving at a/skeb/415-42e7aa.json
2026-09-14 07:54:56 | WARNING  | 404 on https://skeb.jp/api/users/fukafuka_no_inu (attempt 2/3)
2026-09-14 07:54:57 | WARNING  | 404 on https://skeb.jp/api/users/nyatta_san (attempt 2/3)
2026-09-14 07:54:58 | WARNING  | 404 on https://skeb.jp/api/users/scy2222 (attempt 1/3)
2026-09-14 07:54:59 | WARNING  | 404 on https://skeb.jp/api/users/pgpcvDCE9G (attempt 1/3)
2026-09-14 07:55:00 | WARNING  | 404 on https://skeb.jp/api/users/sakayama_lazuli (attempt 3/3)
2026-09-14 07:55:01 | INFO     | OK https://skeb.jp/api/users/Clover2358
2026-09-14 07:55:01 | INFO     | Saving at a/skeb/Clover2358-345518.json
2026-09-14 07:55:02 | WARNING  | 404 on https://skeb.jp/api/users/fukafuka_no_inu (attempt 3/3)
2026-09-14 07:55:03 | WARNING  | 404 on https://skeb.jp/api/users/Llu_ulg (attempt 2/3)
2026-09-14 07:55:04 | WARNING  | 404 on https://skeb.jp/api/users/nyatta_san (attempt 3/3)
2026-09-14 07:55:05 | INFO     | OK https://skeb.jp/api/users/IK_da
2026-09-14 07:55:05 | INFO     | Saving at a/skeb/IK_da-841e46.json
2026-09-14 07:55:06 | INFO     | OK https://skeb.jp/api/users/Okumiya_111111
2026-09-14 07:55:06 | INFO     | Saving at a/skeb/Okumiya_111111-053812.json
2026-09-14 07:55:07 | WARNING  | 404 on https://skeb.jp/api/users/pgpcvDCE9G (attempt 2/3)
2026-09-14 07:55:08 | WARNING  | 404 on https://skeb.jp/api/users/scy2222 (attempt 2/3)
2026-09-14 07:55:09 | WARNING  | 404 on https://skeb.jp/api/users/923kaku (attempt 2/3)
2026-09-14 07:55:10 | WARNING  | 404 on https://skeb.jp/api/users/Llu_ulg (attempt 3/3)
2026-09-14 07:55:11 | WARNING  | 404 on https://skeb.jp/api/users/ronn_irai (attempt 1/3)
2026-09-14 07:55:12 | WARNING  | 404 on https://skeb.jp/api/users/77_t2w (attempt 3/3)
2026-09-14 07:55:12 | WARNING  | 404 on https://skeb.jp/api/users/scy2222 (attempt 3/3)
2026-09-14 07:55:14 | WARNING  | 404 on https://skeb.jp/api/users/pgpcvDCE9G (attempt 3/3)
2026-09-14 07:55:15 | WARNING  | 404 on https://skeb.jp/api/users/923kaku (attempt 3/3)
2026-09-14 07:55:15 | WARNING  | 404 on https://skeb.jp/api/users/ronn_irai (attempt 2/3)
2026-09-14 07:55:21 | WARNING  | 404 on https://skeb.jp/api/users/ronn_irai (attempt 3/3)
2026-09-14 07:55:21 | INFO     |  --- SUMMARY REPORT --- 
  Sources Retreived    : 194
  Profiles Fetched     : 148
  Profile Missing      : 46
  Profile Rate Limited : 0
  Profile Error Others : 0

2026-09-14 07:55:21 | INFO     | Started creating static api data.
2026-09-14 07:57:08 | INFO     | Album index written to a/albums/index.json (508 albums)
