2026-07-01 11:40:25 | INFO     | Initialized Data Store.
2026-07-01 11:40:25 | INFO     | Homepage GET status=429 (attempt 1/3)
2026-07-01 11:40:25 | INFO     | Cookie extracted [request_key=...].
2026-07-01 11:40:25 | INFO     | SkebClient ready (impersonate=chrome120, rate=1.0/s, concurrency=10, max_runtime=4800s)
2026-07-01 11:41:51 | INFO     | Ready to scrape 60 items
2026-07-01 11:41:52 | WARNING  | 404 on https://skeb.jp/api/users/kagoyama_sns (attempt 1/3)
2026-07-01 11:41:53 | INFO     | OK https://skeb.jp/api/users/TORINIKUYA_333_
2026-07-01 11:41:53 | INFO     | Saving at a/skeb/TORINIKUYA_333_-584c25.json
2026-07-01 11:41:54 | WARNING  | 404 on https://skeb.jp/api/users/yamin_himamo23 (attempt 1/3)
2026-07-01 11:41:54 | WARNING  | 404 on https://skeb.jp/api/users/kagoyama_sns (attempt 2/3)
2026-07-01 11:41:56 | WARNING  | 404 on https://skeb.jp/api/users/p_pfp5 (attempt 1/3)
2026-07-01 11:41:57 | WARNING  | 404 on https://skeb.jp/api/users/sakayama_lazuli (attempt 1/3)
2026-07-01 11:41:57 | WARNING  | 404 on https://skeb.jp/api/users/yamin_himamo23 (attempt 2/3)
2026-07-01 11:41:58 | WARNING  | 404 on https://skeb.jp/api/users/p_pfp5 (attempt 2/3)
2026-07-01 11:41:59 | WARNING  | 404 on https://skeb.jp/api/users/sakayama_lazuli (attempt 2/3)
2026-07-01 11:42:01 | WARNING  | 404 on https://skeb.jp/api/users/kagoyama_sns (attempt 3/3)
2026-07-01 11:42:02 | WARNING  | 404 on https://skeb.jp/api/users/pgpcvDCE9G (attempt 1/3)
2026-07-01 11:42:03 | WARNING  | 404 on https://skeb.jp/api/users/yamin_himamo23 (attempt 3/3)
2026-07-01 11:42:04 | WARNING  | 404 on https://skeb.jp/api/users/polar_kuma62 (attempt 1/3)
2026-07-01 11:42:05 | WARNING  | 404 on https://skeb.jp/api/users/sakayama_lazuli (attempt 3/3)
2026-07-01 11:42:06 | INFO     | OK https://skeb.jp/api/users/mochita__888
2026-07-01 11:42:06 | INFO     | Saving at a/skeb/mochita__888-8479b8.json
2026-07-01 11:42:07 | INFO     | OK https://skeb.jp/api/users/Dshinji
2026-07-01 11:42:07 | INFO     | Saving at a/skeb/Dshinji-d05dac.json
2026-07-01 11:42:08 | INFO     | OK https://skeb.jp/api/users/no1_who_sumire
2026-07-01 11:42:08 | INFO     | Saving at a/skeb/no1_who_sumire-a872e9.json
2026-07-01 11:42:09 | WARNING  | 404 on https://skeb.jp/api/users/kokorono_376 (attempt 1/3)
2026-07-01 11:42:10 | WARNING  | 404 on https://skeb.jp/api/users/nyatta_san (attempt 1/3)
2026-07-01 11:42:11 | WARNING  | 404 on https://skeb.jp/api/users/polar_kuma62 (attempt 2/3)
2026-07-01 11:42:11 | WARNING  | 404 on https://skeb.jp/api/users/kokorono_376 (attempt 2/3)
2026-07-01 11:42:12 | WARNING  | 404 on https://skeb.jp/api/users/nyatta_san (attempt 2/3)
2026-07-01 11:42:14 | WARNING  | 404 on https://skeb.jp/api/users/meguru_nero (attempt 1/3)
2026-07-01 11:42:15 | WARNING  | 404 on https://skeb.jp/api/users/aki_ra3_ (attempt 1/3)
2026-07-01 11:42:16 | INFO     | OK https://skeb.jp/api/users/kraan08241
2026-07-01 11:42:16 | INFO     | Saving at a/skeb/kraan08241-93706f.json
2026-07-01 11:42:17 | WARNING  | 404 on https://skeb.jp/api/users/p_pfp5 (attempt 3/3)
2026-07-01 11:42:18 | WARNING  | 404 on https://skeb.jp/api/users/kokorono_376 (attempt 3/3)
2026-07-01 11:42:18 | WARNING  | 404 on https://skeb.jp/api/users/aki_ra3_ (attempt 2/3)
2026-07-01 11:42:20 | INFO     | OK https://skeb.jp/api/users/mocomocooon2
2026-07-01 11:42:20 | INFO     | Saving at a/skeb/mocomocooon2-a4f83e.json
2026-07-01 11:42:21 | WARNING  | 404 on https://skeb.jp/api/users/nyatta_san (attempt 3/3)
2026-07-01 11:42:22 | WARNING  | 404 on https://skeb.jp/api/users/vHoo__ (attempt 1/3)
2026-07-01 11:42:23 | WARNING  | 404 on https://skeb.jp/api/users/3hankikan0220 (attempt 1/3)
2026-07-01 11:42:24 | WARNING  | 404 on https://skeb.jp/api/users/aki_ra3_ (attempt 3/3)
2026-07-01 11:42:25 | WARNING  | 404 on https://skeb.jp/api/users/pgpcvDCE9G (attempt 2/3)
2026-07-01 11:42:25 | WARNING  | 404 on https://skeb.jp/api/users/vHoo__ (attempt 2/3)
2026-07-01 11:42:27 | INFO     | OK https://skeb.jp/api/users/akatuki_illust2
2026-07-01 11:42:27 | INFO     | Saving at a/skeb/akatuki_illust2-bf40e3.json
2026-07-01 11:42:28 | INFO     | OK https://skeb.jp/api/users/yashionagi18
2026-07-01 11:42:28 | INFO     | Saving at a/skeb/yashionagi18-ae54ae.json
2026-07-01 11:42:29 | WARNING  | 404 on https://skeb.jp/api/users/m3x3_sk (attempt 1/3)
2026-07-01 11:42:30 | WARNING  | 404 on https://skeb.jp/api/users/kiNero30901 (attempt 1/3)
2026-07-01 11:42:31 | WARNING  | 404 on https://skeb.jp/api/users/pgpcvDCE9G (attempt 3/3)
2026-07-01 11:42:31 | WARNING  | 404 on https://skeb.jp/api/users/m3x3_sk (attempt 2/3)
2026-07-01 11:42:32 | WARNING  | 404 on https://skeb.jp/api/users/kiNero30901 (attempt 2/3)
2026-07-01 11:42:34 | INFO     | OK https://skeb.jp/api/users/unigratin
2026-07-01 11:42:34 | INFO     | Saving at a/skeb/unigratin-2c09a7.json
2026-07-01 11:42:35 | WARNING  | 404 on https://skeb.jp/api/users/polar_kuma62 (attempt 3/3)
2026-07-01 11:42:36 | WARNING  | 404 on https://skeb.jp/api/users/77_t2w (attempt 1/3)
2026-07-01 11:42:37 | WARNING  | 404 on https://skeb.jp/api/users/29Kota2 (attempt 1/3)
2026-07-01 11:42:38 | WARNING  | 404 on https://skeb.jp/api/users/3hankikan0220 (attempt 2/3)
2026-07-01 11:42:39 | WARNING  | 404 on https://skeb.jp/api/users/NOm0y0i (attempt 1/3)
2026-07-01 11:42:39 | WARNING  | 404 on https://skeb.jp/api/users/77_t2w (attempt 2/3)
2026-07-01 11:42:41 | WARNING  | 404 on https://skeb.jp/api/users/_meruruto_ (attempt 1/3)
2026-07-01 11:42:42 | WARNING  | 404 on https://skeb.jp/api/users/ronn_irai (attempt 1/3)
2026-07-01 11:42:43 | WARNING  | 404 on https://skeb.jp/api/users/vHoo__ (attempt 3/3)
2026-07-01 11:42:43 | WARNING  | 404 on https://skeb.jp/api/users/_meruruto_ (attempt 2/3)
2026-07-01 11:42:44 | WARNING  | 404 on https://skeb.jp/api/users/ronn_irai (attempt 2/3)
2026-07-01 11:42:46 | WARNING  | 404 on https://skeb.jp/api/users/m3x3_sk (attempt 3/3)
2026-07-01 11:42:47 | WARNING  | 404 on https://skeb.jp/api/users/killy810 (attempt 1/3)
2026-07-01 11:42:48 | WARNING  | 404 on https://skeb.jp/api/users/EDO__nyan (attempt 1/3)
2026-07-01 11:42:49 | WARNING  | 404 on https://skeb.jp/api/users/kiNero30901 (attempt 3/3)
2026-07-01 11:42:50 | WARNING  | 404 on https://skeb.jp/api/users/3hankikan0220 (attempt 3/3)
2026-07-01 11:42:51 | WARNING  | 404 on https://skeb.jp/api/users/meguru_nero (attempt 2/3)
2026-07-01 11:42:52 | WARNING  | 404 on https://skeb.jp/api/users/NOm0y0i (attempt 2/3)
2026-07-01 11:42:53 | WARNING  | 404 on https://skeb.jp/api/users/8oSSUHCnXXz4tBp (attempt 1/3)
2026-07-01 11:42:54 | WARNING  | 404 on https://skeb.jp/api/users/EDO__nyan (attempt 2/3)
2026-07-01 11:42:55 | WARNING  | 404 on https://skeb.jp/api/users/_meruruto_ (attempt 3/3)
2026-07-01 11:42:56 | WARNING  | 404 on https://skeb.jp/api/users/77_t2w (attempt 3/3)
2026-07-01 11:42:56 | WARNING  | 404 on https://skeb.jp/api/users/8oSSUHCnXXz4tBp (attempt 2/3)
2026-07-01 11:42:58 | WARNING  | 404 on https://skeb.jp/api/users/ghcfujfc1 (attempt 1/3)
2026-07-01 11:42:59 | INFO     | OK https://skeb.jp/api/users/near_d14
2026-07-01 11:42:59 | INFO     | Saving at a/skeb/near_d14-97d8ac.json
2026-07-01 11:43:00 | WARNING  | 404 on https://skeb.jp/api/users/killy810 (attempt 2/3)
2026-07-01 11:43:01 | WARNING  | 404 on https://skeb.jp/api/users/Genkyou (attempt 1/3)
2026-07-01 11:43:02 | WARNING  | 404 on https://skeb.jp/api/users/ghcfujfc1 (attempt 2/3)
2026-07-01 11:43:03 | WARNING  | 404 on https://skeb.jp/api/users/8oSSUHCnXXz4tBp (attempt 3/3)
2026-07-01 11:43:04 | WARNING  | 404 on https://skeb.jp/api/users/lkjeudnduy44 (attempt 1/3)
2026-07-01 11:43:05 | WARNING  | 404 on https://skeb.jp/api/users/NOm0y0i (attempt 3/3)
2026-07-01 11:43:06 | WARNING  | 404 on https://skeb.jp/api/users/ronn_irai (attempt 3/3)
2026-07-01 11:43:07 | WARNING  | 404 on https://skeb.jp/api/users/killy810 (attempt 3/3)
2026-07-01 11:43:08 | WARNING  | 404 on https://skeb.jp/api/users/meguru_nero (attempt 3/3)
2026-07-01 11:43:09 | WARNING  | 404 on https://skeb.jp/api/users/Uo_oU_us (attempt 1/3)
2026-07-01 11:43:10 | INFO     | OK https://skeb.jp/api/users/cloba_____U
2026-07-01 11:43:10 | INFO     | Saving at a/skeb/cloba_____U-9fac1d.json
2026-07-01 11:43:11 | WARNING  | 404 on https://skeb.jp/api/users/fm7hxj (attempt 1/3)
2026-07-01 11:43:12 | WARNING  | 404 on https://skeb.jp/api/users/Uo_oU_us (attempt 2/3)
2026-07-01 11:43:13 | WARNING  | 404 on https://skeb.jp/api/users/EDO__nyan (attempt 3/3)
2026-07-01 11:43:14 | WARNING  | 404 on https://skeb.jp/api/users/kotonesansukida (attempt 1/3)
2026-07-01 11:43:15 | WARNING  | 404 on https://skeb.jp/api/users/fm7hxj (attempt 2/3)
2026-07-01 11:43:16 | WARNING  | 404 on https://skeb.jp/api/users/ghcfujfc1 (attempt 3/3)
2026-07-01 11:43:17 | WARNING  | 404 on https://skeb.jp/api/users/29Kota2 (attempt 2/3)
2026-07-01 11:43:18 | WARNING  | 404 on https://skeb.jp/api/users/Uo_oU_us (attempt 3/3)
2026-07-01 11:43:19 | INFO     | OK https://skeb.jp/api/users/jiameizm
2026-07-01 11:43:19 | INFO     | Saving at a/skeb/jiameizm-7bc613.json
2026-07-01 11:43:20 | WARNING  | 404 on https://skeb.jp/api/users/lkjeudnduy44 (attempt 2/3)
2026-07-01 11:43:21 | WARNING  | 404 on https://skeb.jp/api/users/fm7hxj (attempt 3/3)
2026-07-01 11:43:22 | WARNING  | 404 on https://skeb.jp/api/users/Iam_Ciikawa (attempt 1/3)
2026-07-01 11:43:23 | WARNING  | 404 on https://skeb.jp/api/users/Genkyou (attempt 2/3)
2026-07-01 11:43:24 | WARNING  | 404 on https://skeb.jp/api/users/Henzu_23 (attempt 1/3)
2026-07-01 11:43:25 | WARNING  | 404 on https://skeb.jp/api/users/lkjeudnduy44 (attempt 3/3)
2026-07-01 11:43:26 | WARNING  | 404 on https://skeb.jp/api/users/29Kota2 (attempt 3/3)
2026-07-01 11:43:27 | WARNING  | 404 on https://skeb.jp/api/users/Axnya (attempt 1/3)
2026-07-01 11:43:28 | WARNING  | 404 on https://skeb.jp/api/users/Henzu_23 (attempt 2/3)
2026-07-01 11:43:29 | WARNING  | 404 on https://skeb.jp/api/users/Genkyou (attempt 3/3)
2026-07-01 11:43:30 | WARNING  | 404 on https://skeb.jp/api/users/fukafuka_no_inu (attempt 1/3)
2026-07-01 11:43:31 | WARNING  | 404 on https://skeb.jp/api/users/T4k73gqSZ26h5si (attempt 1/3)
2026-07-01 11:43:32 | WARNING  | 404 on https://skeb.jp/api/users/kotonesansukida (attempt 2/3)
2026-07-01 11:43:33 | WARNING  | 404 on https://skeb.jp/api/users/Henzu_23 (attempt 3/3)
2026-07-01 11:43:34 | WARNING  | 404 on https://skeb.jp/api/users/T4k73gqSZ26h5si (attempt 2/3)
2026-07-01 11:43:35 | WARNING  | 404 on https://skeb.jp/api/users/oshino_Iriss (attempt 1/3)
2026-07-01 11:43:36 | WARNING  | 404 on https://skeb.jp/api/users/fukafuka_no_inu (attempt 2/3)
2026-07-01 11:43:37 | WARNING  | 404 on https://skeb.jp/api/users/se3ifinal (attempt 1/3)
2026-07-01 11:43:38 | WARNING  | 404 on https://skeb.jp/api/users/kotonesansukida (attempt 3/3)
2026-07-01 11:43:39 | WARNING  | 404 on https://skeb.jp/api/users/oshino_Iriss (attempt 2/3)
2026-07-01 11:43:40 | WARNING  | 404 on https://skeb.jp/api/users/mimamorichan (attempt 1/3)
2026-07-01 11:43:41 | WARNING  | 404 on https://skeb.jp/api/users/se3ifinal (attempt 2/3)
2026-07-01 11:43:42 | WARNING  | 404 on https://skeb.jp/api/users/fukafuka_no_inu (attempt 3/3)
2026-07-01 11:43:43 | WARNING  | 404 on https://skeb.jp/api/users/Iam_Ciikawa (attempt 2/3)
2026-07-01 11:43:44 | WARNING  | 404 on https://skeb.jp/api/users/923kaku (attempt 1/3)
2026-07-01 11:43:45 | WARNING  | 404 on https://skeb.jp/api/users/oshino_Iriss (attempt 3/3)
2026-07-01 11:43:46 | INFO     | OK https://skeb.jp/api/users/illust_paru
2026-07-01 11:43:46 | INFO     | Saving at a/skeb/illust_paru-2bdd66.json
2026-07-01 11:43:47 | WARNING  | 404 on https://skeb.jp/api/users/se3ifinal (attempt 3/3)
2026-07-01 11:43:48 | WARNING  | 404 on https://skeb.jp/api/users/kasha0927 (attempt 1/3)
2026-07-01 11:43:49 | INFO     | OK https://skeb.jp/api/users/_TMo_5
2026-07-01 11:43:49 | INFO     | Saving at a/skeb/_TMo_5-f0d8f9.json
2026-07-01 11:43:50 | WARNING  | 404 on https://skeb.jp/api/users/923kaku (attempt 2/3)
2026-07-01 11:43:51 | WARNING  | 404 on https://skeb.jp/api/users/Ryuzi_27 (attempt 1/3)
2026-07-01 11:43:52 | WARNING  | 404 on https://skeb.jp/api/users/mimamorichan (attempt 2/3)
2026-07-01 11:43:53 | WARNING  | 404 on https://skeb.jp/api/users/kasha0927 (attempt 2/3)
2026-07-01 11:43:54 | WARNING  | 404 on https://skeb.jp/api/users/Iam_Ciikawa (attempt 3/3)
2026-07-01 11:43:55 | WARNING  | 404 on https://skeb.jp/api/users/Ryuzi_27 (attempt 2/3)
2026-07-01 11:43:56 | WARNING  | 404 on https://skeb.jp/api/users/923kaku (attempt 3/3)
2026-07-01 11:43:57 | WARNING  | 404 on https://skeb.jp/api/users/Axnya (attempt 2/3)
2026-07-01 11:43:58 | WARNING  | 404 on https://skeb.jp/api/users/mimamorichan (attempt 3/3)
2026-07-01 11:43:59 | WARNING  | 404 on https://skeb.jp/api/users/soraumi2000_50_ (attempt 1/3)
2026-07-01 11:44:00 | WARNING  | 404 on https://skeb.jp/api/users/Ryuzi_27 (attempt 3/3)
2026-07-01 11:44:01 | WARNING  | 404 on https://skeb.jp/api/users/T4k73gqSZ26h5si (attempt 3/3)
2026-07-01 11:44:02 | WARNING  | 404 on https://skeb.jp/api/users/Axnya (attempt 3/3)
2026-07-01 11:44:03 | WARNING  | 404 on https://skeb.jp/api/users/Llu_ulg (attempt 1/3)
2026-07-01 11:44:04 | WARNING  | 404 on https://skeb.jp/api/users/soraumi2000_50_ (attempt 2/3)
2026-07-01 11:44:05 | INFO     | OK https://skeb.jp/api/users/arkw_NN
2026-07-01 11:44:05 | INFO     | Saving at a/skeb/arkw_NN-daaeff.json
2026-07-01 11:44:06 | WARNING  | 404 on https://skeb.jp/api/users/Geshi_to_ (attempt 1/3)
2026-07-01 11:44:07 | WARNING  | 404 on https://skeb.jp/api/users/toxizaki (attempt 1/3)
2026-07-01 11:44:08 | WARNING  | 404 on https://skeb.jp/api/users/kasha0927 (attempt 3/3)
2026-07-01 11:44:09 | WARNING  | 404 on https://skeb.jp/api/users/soraumi2000_50_ (attempt 3/3)
2026-07-01 11:44:10 | WARNING  | 404 on https://skeb.jp/api/users/Geshi_to_ (attempt 2/3)
2026-07-01 11:44:11 | WARNING  | 404 on https://skeb.jp/api/users/Llu_ulg (attempt 2/3)
2026-07-01 11:44:12 | INFO     | OK https://skeb.jp/api/users/rivers_23
2026-07-01 11:44:12 | INFO     | Saving at a/skeb/rivers_23-cd44f2.json
2026-07-01 11:44:13 | WARNING  | 404 on https://skeb.jp/api/users/toxizaki (attempt 2/3)
2026-07-01 11:44:14 | WARNING  | 404 on https://skeb.jp/api/users/mimei_Illust (attempt 1/3)
2026-07-01 11:44:15 | WARNING  | 404 on https://skeb.jp/api/users/Geshi_to_ (attempt 3/3)
2026-07-01 11:44:16 | WARNING  | 404 on https://skeb.jp/api/users/Llu_ulg (attempt 3/3)
2026-07-01 11:44:17 | WARNING  | 404 on https://skeb.jp/api/users/mimei_Illust (attempt 2/3)
2026-07-01 11:44:18 | WARNING  | 404 on https://skeb.jp/api/users/toxizaki (attempt 3/3)
2026-07-01 11:44:22 | WARNING  | 404 on https://skeb.jp/api/users/mimei_Illust (attempt 3/3)
2026-07-01 11:44:22 | INFO     |  --- SUMMARY REPORT --- 
  Sources Retreived    : 60
  Profiles Fetched     : 16
  Profile Missing      : 44
  Profile Rate Limited : 0
  Profile Error Others : 0

2026-07-01 11:44:22 | INFO     | Started creating static api data.
2026-07-01 11:45:26 | INFO     | Album index written to a/albums/index.json (322 albums)
