2026-07-31 18:16:21 | INFO     | Initialized Data Store.
2026-07-31 18:16:21 | INFO     | Homepage GET status=429 (attempt 1/3)
2026-07-31 18:16:21 | INFO     | Cookie extracted [request_key=...].
2026-07-31 18:16:21 | INFO     | SkebClient ready (impersonate=chrome120, rate=1.0/s, concurrency=10, max_runtime=10800s)
2026-07-31 18:18:07 | INFO     | Ready to scrape 87 items
2026-07-31 18:18:07 | WARNING  | 404 on https://skeb.jp/api/users/3hankikan0220 (attempt 1/3)
2026-07-31 18:18:09 | INFO     | OK https://skeb.jp/api/users/rabi_usagi0723
2026-07-31 18:18:09 | INFO     | Saving at a/skeb/rabi_usagi0723-9875cf.json
2026-07-31 18:18:10 | INFO     | OK https://skeb.jp/api/users/tsuboko1003
2026-07-31 18:18:10 | INFO     | Saving at a/skeb/tsuboko1003-53fe7b.json
2026-07-31 18:18:11 | WARNING  | 404 on https://skeb.jp/api/users/p_pfp5 (attempt 1/3)
2026-07-31 18:18:11 | INFO     | OK https://skeb.jp/api/users/sui1174567
2026-07-31 18:18:11 | INFO     | Saving at a/skeb/sui1174567-ef1489.json
2026-07-31 18:18:12 | WARNING  | 404 on https://skeb.jp/api/users/_meruruto_ (attempt 1/3)
2026-07-31 18:18:14 | INFO     | OK https://skeb.jp/api/users/mono_xne
2026-07-31 18:18:14 | INFO     | Saving at a/skeb/mono_xne-9e2cf5.json
2026-07-31 18:18:14 | WARNING  | 404 on https://skeb.jp/api/users/p_pfp5 (attempt 2/3)
2026-07-31 18:18:16 | WARNING  | 404 on https://skeb.jp/api/users/meguru_nero (attempt 1/3)
2026-07-31 18:18:16 | INFO     | OK https://skeb.jp/api/users/runamoon
2026-07-31 18:18:16 | INFO     | Saving at a/skeb/runamoon-e22d5c.json
2026-07-31 18:18:18 | WARNING  | 404 on https://skeb.jp/api/users/Llu_ulg (attempt 1/3)
2026-07-31 18:18:18 | WARNING  | 404 on https://skeb.jp/api/users/kokorono_376 (attempt 1/3)
2026-07-31 18:18:19 | WARNING  | 404 on https://skeb.jp/api/users/meguru_nero (attempt 2/3)
2026-07-31 18:18:21 | WARNING  | 404 on https://skeb.jp/api/users/3hankikan0220 (attempt 2/3)
2026-07-31 18:18:21 | INFO     | OK https://skeb.jp/api/users/kkkemono14
2026-07-31 18:18:21 | INFO     | Saving at a/skeb/kkkemono14-f6d74d.json
2026-07-31 18:18:23 | WARNING  | 404 on https://skeb.jp/api/users/p_pfp5 (attempt 3/3)
2026-07-31 18:18:23 | INFO     | OK https://skeb.jp/api/users/kirotomotomo
2026-07-31 18:18:23 | INFO     | Saving at a/skeb/kirotomotomo-82b668.json
2026-07-31 18:18:25 | WARNING  | 404 on https://skeb.jp/api/users/kokorono_376 (attempt 2/3)
2026-07-31 18:18:25 | INFO     | OK https://skeb.jp/api/users/_meura
2026-07-31 18:18:25 | INFO     | Saving at a/skeb/_meura-789bf5.json
2026-07-31 18:18:27 | WARNING  | 404 on https://skeb.jp/api/users/3hankikan0220 (attempt 3/3)
2026-07-31 18:18:27 | WARNING  | 404 on https://skeb.jp/api/users/923kaku (attempt 1/3)
2026-07-31 18:18:29 | WARNING  | 404 on https://skeb.jp/api/users/meguru_nero (attempt 3/3)
2026-07-31 18:18:30 | WARNING  | 404 on https://skeb.jp/api/users/T4k73gqSZ26h5si (attempt 1/3)
2026-07-31 18:18:31 | WARNING  | 404 on https://skeb.jp/api/users/Llu_ulg (attempt 2/3)
2026-07-31 18:18:31 | WARNING  | 404 on https://skeb.jp/api/users/923kaku (attempt 2/3)
2026-07-31 18:18:32 | INFO     | OK https://skeb.jp/api/users/Suamazuki121
2026-07-31 18:18:32 | INFO     | Saving at a/skeb/Suamazuki121-f30eef.json
2026-07-31 18:18:34 | WARNING  | 404 on https://skeb.jp/api/users/kokorono_376 (attempt 3/3)
2026-07-31 18:18:35 | WARNING  | 404 on https://skeb.jp/api/users/_meruruto_ (attempt 2/3)
2026-07-31 18:18:36 | WARNING  | 404 on https://skeb.jp/api/users/T4k73gqSZ26h5si (attempt 2/3)
2026-07-31 18:18:37 | WARNING  | 404 on https://skeb.jp/api/users/Llu_ulg (attempt 3/3)
2026-07-31 18:18:38 | WARNING  | 404 on https://skeb.jp/api/users/923kaku (attempt 3/3)
2026-07-31 18:18:38 | WARNING  | 404 on https://skeb.jp/api/users/killy810 (attempt 1/3)
2026-07-31 18:18:40 | INFO     | OK https://skeb.jp/api/users/momonhashi
2026-07-31 18:18:40 | INFO     | Saving at a/skeb/momonhashi-0c062b.json
2026-07-31 18:18:41 | WARNING  | 404 on https://skeb.jp/api/users/_meruruto_ (attempt 3/3)
2026-07-31 18:18:42 | WARNING  | 404 on https://skeb.jp/api/users/T4k73gqSZ26h5si (attempt 3/3)
2026-07-31 18:18:43 | INFO     | OK https://skeb.jp/api/users/ZERO_JAGER
2026-07-31 18:18:43 | INFO     | Saving at a/skeb/ZERO_JAGER-03c2c8.json
2026-07-31 18:18:43 | INFO     | OK https://skeb.jp/api/users/gawa_kawa0320
2026-07-31 18:18:43 | INFO     | Saving at a/skeb/gawa_kawa0320-d3377e.json
2026-07-31 18:18:44 | WARNING  | 404 on https://skeb.jp/api/users/29Kota2 (attempt 1/3)
2026-07-31 18:18:45 | WARNING  | 404 on https://skeb.jp/api/users/Uo_oU_us (attempt 1/3)
2026-07-31 18:18:46 | WARNING  | 404 on https://skeb.jp/api/users/fukafuka_no_inu (attempt 1/3)
2026-07-31 18:18:47 | WARNING  | 404 on https://skeb.jp/api/users/29Kota2 (attempt 2/3)
2026-07-31 18:18:49 | INFO     | OK https://skeb.jp/api/users/omo_kisui
2026-07-31 18:18:49 | INFO     | Saving at a/skeb/omo_kisui-91a011.json
2026-07-31 18:18:50 | WARNING  | 404 on https://skeb.jp/api/users/killy810 (attempt 2/3)
2026-07-31 18:18:51 | INFO     | OK https://skeb.jp/api/users/tekona_ac
2026-07-31 18:18:51 | INFO     | Saving at a/skeb/tekona_ac-cc7201.json
2026-07-31 18:18:51 | WARNING  | 404 on https://skeb.jp/api/users/Genkyou (attempt 1/3)
2026-07-31 18:18:53 | WARNING  | 404 on https://skeb.jp/api/users/fukafuka_no_inu (attempt 2/3)
2026-07-31 18:18:54 | WARNING  | 404 on https://skeb.jp/api/users/29Kota2 (attempt 3/3)
2026-07-31 18:18:55 | INFO     | OK https://skeb.jp/api/users/z_iiqq
2026-07-31 18:18:55 | INFO     | Saving at a/skeb/z_iiqq-2fcbd8.json
2026-07-31 18:18:55 | WARNING  | 404 on https://skeb.jp/api/users/fm7hxj (attempt 1/3)
2026-07-31 18:18:56 | INFO     | OK https://skeb.jp/api/users/illust_ta_mi_co
2026-07-31 18:18:56 | INFO     | Saving at a/skeb/illust_ta_mi_co-c42012.json
2026-07-31 18:18:57 | WARNING  | 404 on https://skeb.jp/api/users/Ryuzi_27 (attempt 1/3)
2026-07-31 18:18:59 | WARNING  | 404 on https://skeb.jp/api/users/scy2222 (attempt 1/3)
2026-07-31 18:19:00 | WARNING  | 404 on https://skeb.jp/api/users/killy810 (attempt 3/3)
2026-07-31 18:19:01 | WARNING  | 404 on https://skeb.jp/api/users/Uo_oU_us (attempt 2/3)
2026-07-31 18:19:01 | WARNING  | 404 on https://skeb.jp/api/users/oshino_Iriss (attempt 1/3)
2026-07-31 18:19:02 | WARNING  | 404 on https://skeb.jp/api/users/scy2222 (attempt 2/3)
2026-07-31 18:19:04 | WARNING  | 404 on https://skeb.jp/api/users/Ryuzi_27 (attempt 2/3)
2026-07-31 18:19:04 | WARNING  | 404 on https://skeb.jp/api/users/oshino_Iriss (attempt 2/3)
2026-07-31 18:19:05 | WARNING  | 404 on https://skeb.jp/api/users/Genkyou (attempt 2/3)
2026-07-31 18:19:06 | INFO     | OK https://skeb.jp/api/users/tuthigael
2026-07-31 18:19:06 | INFO     | Saving at a/skeb/tuthigael-ff2c07.json
2026-07-31 18:19:08 | WARNING  | 404 on https://skeb.jp/api/users/scy2222 (attempt 3/3)
2026-07-31 18:19:09 | WARNING  | 404 on https://skeb.jp/api/users/kagoyama_sns (attempt 1/3)
2026-07-31 18:19:10 | WARNING  | 404 on https://skeb.jp/api/users/ghcfujfc1 (attempt 1/3)
2026-07-31 18:19:11 | WARNING  | 404 on https://skeb.jp/api/users/oshino_Iriss (attempt 3/3)
2026-07-31 18:19:12 | WARNING  | 404 on https://skeb.jp/api/users/Genkyou (attempt 3/3)
2026-07-31 18:19:13 | WARNING  | 404 on https://skeb.jp/api/users/m3x3_sk (attempt 1/3)
2026-07-31 18:19:14 | WARNING  | 404 on https://skeb.jp/api/users/fukafuka_no_inu (attempt 3/3)
2026-07-31 18:19:15 | WARNING  | 404 on https://skeb.jp/api/users/Uo_oU_us (attempt 3/3)
2026-07-31 18:19:16 | WARNING  | 404 on https://skeb.jp/api/users/ghcfujfc1 (attempt 2/3)
2026-07-31 18:19:17 | WARNING  | 404 on https://skeb.jp/api/users/aki_ra3_ (attempt 1/3)
2026-07-31 18:19:18 | INFO     | OK https://skeb.jp/api/users/uoooooebfry
2026-07-31 18:19:18 | INFO     | Saving at a/skeb/uoooooebfry-74964e.json
2026-07-31 18:19:18 | WARNING  | 404 on https://skeb.jp/api/users/soraumi2000_50_ (attempt 1/3)
2026-07-31 18:19:20 | INFO     | OK https://skeb.jp/api/users/Shimofumi
2026-07-31 18:19:20 | INFO     | Saving at a/skeb/Shimofumi-c8e0f1.json
2026-07-31 18:19:21 | WARNING  | 404 on https://skeb.jp/api/users/Ryuzi_27 (attempt 3/3)
2026-07-31 18:19:21 | INFO     | OK https://skeb.jp/api/users/rubyt_llb
2026-07-31 18:19:21 | INFO     | Saving at a/skeb/rubyt_llb-3c0c77.json
2026-07-31 18:19:22 | WARNING  | 404 on https://skeb.jp/api/users/nattamati_ (attempt 1/3)
2026-07-31 18:19:23 | INFO     | OK https://skeb.jp/api/users/riru_sfmd
2026-07-31 18:19:23 | INFO     | Saving at a/skeb/riru_sfmd-d8863b.json
2026-07-31 18:19:25 | WARNING  | 404 on https://skeb.jp/api/users/soraumi2000_50_ (attempt 2/3)
2026-07-31 18:19:26 | WARNING  | 404 on https://skeb.jp/api/users/m3x3_sk (attempt 2/3)
2026-07-31 18:19:27 | INFO     | OK https://skeb.jp/api/users/canal00
2026-07-31 18:19:27 | INFO     | Saving at a/skeb/canal00-ce6c6a.json
2026-07-31 18:19:28 | WARNING  | 404 on https://skeb.jp/api/users/ghcfujfc1 (attempt 3/3)
2026-07-31 18:19:29 | WARNING  | 404 on https://skeb.jp/api/users/fm7hxj (attempt 2/3)
2026-07-31 18:19:29 | WARNING  | 404 on https://skeb.jp/api/users/soraumi2000_50_ (attempt 3/3)
2026-07-31 18:19:30 | WARNING  | 404 on https://skeb.jp/api/users/Henzu_23 (attempt 1/3)
2026-07-31 18:19:32 | WARNING  | 404 on https://skeb.jp/api/users/aki_ra3_ (attempt 2/3)
2026-07-31 18:19:33 | WARNING  | 404 on https://skeb.jp/api/users/m3x3_sk (attempt 3/3)
2026-07-31 18:19:33 | WARNING  | 404 on https://skeb.jp/api/users/Henzu_23 (attempt 2/3)
2026-07-31 18:19:34 | WARNING  | 404 on https://skeb.jp/api/users/yamin_himamo23 (attempt 1/3)
2026-07-31 18:19:36 | INFO     | OK https://skeb.jp/api/users/MoRE_design
2026-07-31 18:19:36 | INFO     | Saving at a/skeb/MoRE_design-01c5f9.json
2026-07-31 18:19:37 | WARNING  | 404 on https://skeb.jp/api/users/kagoyama_sns (attempt 2/3)
2026-07-31 18:19:37 | WARNING  | 404 on https://skeb.jp/api/users/yamin_himamo23 (attempt 2/3)
2026-07-31 18:19:39 | WARNING  | 404 on https://skeb.jp/api/users/aki_ra3_ (attempt 3/3)
2026-07-31 18:19:39 | WARNING  | 404 on https://skeb.jp/api/users/sakayama_lazuli (attempt 1/3)
2026-07-31 18:19:41 | INFO     | OK https://skeb.jp/api/users/u123456789000000
2026-07-31 18:19:41 | INFO     | Saving at a/skeb/u123456789000000-812988.json
2026-07-31 18:19:41 | WARNING  | 404 on https://skeb.jp/api/users/kagoyama_sns (attempt 3/3)
2026-07-31 18:19:42 | WARNING  | 404 on https://skeb.jp/api/users/8oSSUHCnXXz4tBp (attempt 1/3)
2026-07-31 18:19:44 | WARNING  | 404 on https://skeb.jp/api/users/fm7hxj (attempt 3/3)
2026-07-31 18:19:44 | WARNING  | 404 on https://skeb.jp/api/users/sakayama_lazuli (attempt 2/3)
2026-07-31 18:19:46 | WARNING  | 404 on https://skeb.jp/api/users/nattamati_ (attempt 2/3)
2026-07-31 18:19:46 | WARNING  | 404 on https://skeb.jp/api/users/8oSSUHCnXXz4tBp (attempt 2/3)
2026-07-31 18:19:47 | WARNING  | 404 on https://skeb.jp/api/users/ronn_irai (attempt 1/3)
2026-07-31 18:19:49 | WARNING  | 404 on https://skeb.jp/api/users/yamin_himamo23 (attempt 3/3)
2026-07-31 18:19:49 | INFO     | OK https://skeb.jp/api/users/hosidukiutugiho
2026-07-31 18:19:49 | INFO     | Saving at a/skeb/hosidukiutugiho-13cec7.json
2026-07-31 18:19:50 | WARNING  | 404 on https://skeb.jp/api/users/mimamorichan (attempt 1/3)
2026-07-31 18:19:52 | INFO     | OK https://skeb.jp/api/users/kahkahcompose
2026-07-31 18:19:52 | INFO     | Saving at a/skeb/kahkahcompose-064d5d.json
2026-07-31 18:19:52 | WARNING  | 404 on https://skeb.jp/api/users/ronn_irai (attempt 2/3)
2026-07-31 18:19:53 | WARNING  | 404 on https://skeb.jp/api/users/Iam_Ciikawa (attempt 1/3)
2026-07-31 18:19:54 | WARNING  | 404 on https://skeb.jp/api/users/mimamorichan (attempt 2/3)
2026-07-31 18:19:56 | INFO     | OK https://skeb.jp/api/users/miikicat
2026-07-31 18:19:56 | INFO     | Saving at a/skeb/miikicat-6dd2c0.json
2026-07-31 18:19:57 | INFO     | OK https://skeb.jp/api/users/T7OZOPrBuq
2026-07-31 18:19:57 | INFO     | Saving at a/skeb/T7OZOPrBuq-05cbdd.json
2026-07-31 18:19:57 | WARNING  | 404 on https://skeb.jp/api/users/Iam_Ciikawa (attempt 2/3)
2026-07-31 18:19:59 | INFO     | OK https://skeb.jp/api/users/ariKKKino
2026-07-31 18:19:59 | INFO     | Saving at a/skeb/ariKKKino-668016.json
2026-07-31 18:20:00 | WARNING  | 404 on https://skeb.jp/api/users/nyatta_san (attempt 1/3)
2026-07-31 18:20:01 | WARNING  | 404 on https://skeb.jp/api/users/sakayama_lazuli (attempt 3/3)
2026-07-31 18:20:02 | WARNING  | 404 on https://skeb.jp/api/users/ronn_irai (attempt 3/3)
2026-07-31 18:20:03 | INFO     | OK https://skeb.jp/api/users/Ruri_Lapis_0326
2026-07-31 18:20:03 | INFO     | Saving at a/skeb/Ruri_Lapis_0326-137f4c.json
2026-07-31 18:20:03 | WARNING  | 404 on https://skeb.jp/api/users/nyatta_san (attempt 2/3)
2026-07-31 18:20:04 | WARNING  | 404 on https://skeb.jp/api/users/se3ifinal (attempt 1/3)
2026-07-31 18:20:05 | WARNING  | 404 on https://skeb.jp/api/users/kasha0927 (attempt 1/3)
2026-07-31 18:20:07 | WARNING  | 404 on https://skeb.jp/api/users/mimamorichan (attempt 3/3)
2026-07-31 18:20:08 | WARNING  | 404 on https://skeb.jp/api/users/Henzu_23 (attempt 3/3)
2026-07-31 18:20:08 | WARNING  | 404 on https://skeb.jp/api/users/toxizaki (attempt 1/3)
2026-07-31 18:20:09 | WARNING  | 404 on https://skeb.jp/api/users/polar_kuma62 (attempt 1/3)
2026-07-31 18:20:10 | WARNING  | 404 on https://skeb.jp/api/users/nyatta_san (attempt 3/3)
2026-07-31 18:20:11 | WARNING  | 404 on https://skeb.jp/api/users/toxizaki (attempt 2/3)
2026-07-31 18:20:13 | WARNING  | 404 on https://skeb.jp/api/users/se3ifinal (attempt 2/3)
2026-07-31 18:20:13 | WARNING  | 404 on https://skeb.jp/api/users/polar_kuma62 (attempt 2/3)
2026-07-31 18:20:15 | WARNING  | 404 on https://skeb.jp/api/users/Iam_Ciikawa (attempt 3/3)
2026-07-31 18:20:16 | INFO     | OK https://skeb.jp/api/users/KUutaro1032
2026-07-31 18:20:16 | INFO     | Saving at a/skeb/KUutaro1032-cf3566.json
2026-07-31 18:20:16 | WARNING  | 404 on https://skeb.jp/api/users/mimei_Illust (attempt 1/3)
2026-07-31 18:20:17 | WARNING  | 404 on https://skeb.jp/api/users/8oSSUHCnXXz4tBp (attempt 3/3)
2026-07-31 18:20:19 | WARNING  | 404 on https://skeb.jp/api/users/polar_kuma62 (attempt 3/3)
2026-07-31 18:20:19 | WARNING  | 404 on https://skeb.jp/api/users/NOm0y0i (attempt 1/3)
2026-07-31 18:20:21 | WARNING  | 404 on https://skeb.jp/api/users/77_t2w (attempt 1/3)
2026-07-31 18:20:21 | INFO     | OK https://skeb.jp/api/users/ripuo_rankp
2026-07-31 18:20:21 | INFO     | Saving at a/skeb/ripuo_rankp-6c25fa.json
2026-07-31 18:20:22 | WARNING  | 404 on https://skeb.jp/api/users/NOm0y0i (attempt 2/3)
2026-07-31 18:20:23 | INFO     | OK https://skeb.jp/api/users/yasuham_
2026-07-31 18:20:23 | INFO     | Saving at a/skeb/yasuham_-e671fe.json
2026-07-31 18:20:24 | INFO     | OK https://skeb.jp/api/users/tananata_na
2026-07-31 18:20:24 | INFO     | Saving at a/skeb/tananata_na-889398.json
2026-07-31 18:20:25 | WARNING  | 404 on https://skeb.jp/api/users/vHoo__ (attempt 1/3)
2026-07-31 18:20:26 | WARNING  | 404 on https://skeb.jp/api/users/EDO__nyan (attempt 1/3)
2026-07-31 18:20:28 | WARNING  | 404 on https://skeb.jp/api/users/NOm0y0i (attempt 3/3)
2026-07-31 18:20:29 | WARNING  | 404 on https://skeb.jp/api/users/nattamati_ (attempt 3/3)
2026-07-31 18:20:30 | WARNING  | 404 on https://skeb.jp/api/users/mimei_Illust (attempt 2/3)
2026-07-31 18:20:31 | INFO     | OK https://skeb.jp/api/users/afinypawebdm
2026-07-31 18:20:31 | INFO     | Saving at a/skeb/afinypawebdm-0a2bc9.json
2026-07-31 18:20:32 | WARNING  | 404 on https://skeb.jp/api/users/se3ifinal (attempt 3/3)
2026-07-31 18:20:33 | WARNING  | 404 on https://skeb.jp/api/users/vHoo__ (attempt 2/3)
2026-07-31 18:20:34 | WARNING  | 404 on https://skeb.jp/api/users/77_t2w (attempt 2/3)
2026-07-31 18:20:35 | WARNING  | 404 on https://skeb.jp/api/users/toxizaki (attempt 3/3)
2026-07-31 18:20:36 | WARNING  | 404 on https://skeb.jp/api/users/mimei_Illust (attempt 3/3)
2026-07-31 18:20:36 | WARNING  | 404 on https://skeb.jp/api/users/Geshi_to_ (attempt 1/3)
2026-07-31 18:20:38 | INFO     | OK https://skeb.jp/api/users/xo_hin
2026-07-31 18:20:38 | INFO     | Saving at a/skeb/xo_hin-558831.json
2026-07-31 18:20:39 | WARNING  | 404 on https://skeb.jp/api/users/vHoo__ (attempt 3/3)
2026-07-31 18:20:40 | WARNING  | 404 on https://skeb.jp/api/users/77_t2w (attempt 3/3)
2026-07-31 18:20:40 | WARNING  | 404 on https://skeb.jp/api/users/Geshi_to_ (attempt 2/3)
2026-07-31 18:20:41 | WARNING  | 404 on https://skeb.jp/api/users/kiNero30901 (attempt 1/3)
2026-07-31 18:20:43 | WARNING  | 404 on https://skeb.jp/api/users/pgpcvDCE9G (attempt 1/3)
2026-07-31 18:20:44 | INFO     | OK https://skeb.jp/api/users/nise_pasta
2026-07-31 18:20:44 | INFO     | Saving at a/skeb/nise_pasta-67ba1a.json
2026-07-31 18:20:45 | INFO     | OK https://skeb.jp/api/users/yayo2040
2026-07-31 18:20:45 | INFO     | Saving at a/skeb/yayo2040-d2c9e4.json
2026-07-31 18:20:45 | WARNING  | 404 on https://skeb.jp/api/users/kiNero30901 (attempt 2/3)
2026-07-31 18:20:46 | WARNING  | 404 on https://skeb.jp/api/users/pgpcvDCE9G (attempt 2/3)
2026-07-31 18:20:48 | INFO     | OK https://skeb.jp/api/users/kuzira_ramune_
2026-07-31 18:20:48 | INFO     | Saving at a/skeb/kuzira_ramune_-26f84c.json
2026-07-31 18:20:49 | WARNING  | 404 on https://skeb.jp/api/users/kotonesansukida (attempt 1/3)
2026-07-31 18:20:50 | INFO     | OK https://skeb.jp/api/users/Ol6l2c
2026-07-31 18:20:50 | INFO     | Saving at a/skeb/Ol6l2c-ad6dbe.json
2026-07-31 18:20:51 | WARNING  | 404 on https://skeb.jp/api/users/Geshi_to_ (attempt 3/3)
2026-07-31 18:20:51 | WARNING  | 404 on https://skeb.jp/api/users/lkjeudnduy44 (attempt 1/3)
2026-07-31 18:20:52 | WARNING  | 404 on https://skeb.jp/api/users/pgpcvDCE9G (attempt 3/3)
2026-07-31 18:20:54 | WARNING  | 404 on https://skeb.jp/api/users/kiNero30901 (attempt 3/3)
2026-07-31 18:20:55 | WARNING  | 404 on https://skeb.jp/api/users/kotonesansukida (attempt 2/3)
2026-07-31 18:20:55 | WARNING  | 404 on https://skeb.jp/api/users/lkjeudnduy44 (attempt 2/3)
2026-07-31 18:20:57 | INFO     | OK https://skeb.jp/api/users/toumi_nono
2026-07-31 18:20:57 | INFO     | Saving at a/skeb/toumi_nono-2f8d24.json
2026-07-31 18:20:57 | WARNING  | 404 on https://skeb.jp/api/users/Axnya (attempt 1/3)
2026-07-31 18:20:59 | WARNING  | 404 on https://skeb.jp/api/users/kasha0927 (attempt 2/3)
2026-07-31 18:21:00 | WARNING  | 404 on https://skeb.jp/api/users/EDO__nyan (attempt 2/3)
2026-07-31 18:21:00 | WARNING  | 404 on https://skeb.jp/api/users/Axnya (attempt 2/3)
2026-07-31 18:21:02 | WARNING  | 404 on https://skeb.jp/api/users/lkjeudnduy44 (attempt 3/3)
2026-07-31 18:21:03 | WARNING  | 404 on https://skeb.jp/api/users/kotonesansukida (attempt 3/3)
2026-07-31 18:21:03 | WARNING  | 404 on https://skeb.jp/api/users/kasha0927 (attempt 3/3)
2026-07-31 18:21:04 | WARNING  | 404 on https://skeb.jp/api/users/EDO__nyan (attempt 3/3)
2026-07-31 18:21:06 | WARNING  | 404 on https://skeb.jp/api/users/Axnya (attempt 3/3)
2026-07-31 18:21:06 | INFO     |  --- SUMMARY REPORT --- 
  Sources Retreived    : 87
  Profiles Fetched     : 41
  Profile Missing      : 46
  Profile Rate Limited : 0
  Profile Error Others : 0

2026-07-31 18:21:06 | INFO     | Started creating static api data.
2026-07-31 18:22:58 | INFO     | Album index written to a/albums/index.json (403 albums)
