2026-07-03 17:11:14 | INFO     | Initialized Data Store.
2026-07-03 17:11:14 | INFO     | Homepage GET status=429 (attempt 1/3)
2026-07-03 17:11:14 | INFO     | Cookie extracted [request_key=...].
2026-07-03 17:11:14 | INFO     | SkebClient ready (impersonate=chrome120, rate=1.0/s, concurrency=10, max_runtime=4800s)
2026-07-03 17:12:46 | INFO     | Ready to scrape 384 items
2026-07-03 17:12:46 | INFO     | OK https://skeb.jp/api/users/MarinFirstName
2026-07-03 17:12:46 | INFO     | Saving at a/skeb/MarinFirstName-36e550.json
2026-07-03 17:12:47 | INFO     | OK https://skeb.jp/api/users/kotorisia
2026-07-03 17:12:47 | INFO     | Saving at a/skeb/kotorisia-f3160b.json
2026-07-03 17:12:49 | WARNING  | 404 on https://skeb.jp/api/users/Axnya (attempt 1/3)
2026-07-03 17:12:49 | INFO     | OK https://skeb.jp/api/users/rokujun67
2026-07-03 17:12:49 | INFO     | Saving at a/skeb/rokujun67-03420f.json
2026-07-03 17:12:50 | INFO     | OK https://skeb.jp/api/users/neurin1018
2026-07-03 17:12:50 | INFO     | Saving at a/skeb/neurin1018-5839e7.json
2026-07-03 17:12:51 | INFO     | OK https://skeb.jp/api/users/i7_mnmn
2026-07-03 17:12:51 | INFO     | Saving at a/skeb/i7_mnmn-a16634.json
2026-07-03 17:12:52 | WARNING  | 404 on https://skeb.jp/api/users/Axnya (attempt 2/3)
2026-07-03 17:12:54 | WARNING  | 404 on https://skeb.jp/api/users/ghcfujfc1 (attempt 1/3)
2026-07-03 17:12:54 | INFO     | OK https://skeb.jp/api/users/mirikkko
2026-07-03 17:12:54 | INFO     | Saving at a/skeb/mirikkko-836d37.json
2026-07-03 17:12:55 | INFO     | OK https://skeb.jp/api/users/PYU224
2026-07-03 17:12:55 | INFO     | Saving at a/skeb/PYU224-bb5e41.json
2026-07-03 17:12:56 | INFO     | OK https://skeb.jp/api/users/agehaart39
2026-07-03 17:12:56 | INFO     | Saving at a/skeb/agehaart39-3bea35.json
2026-07-03 17:12:57 | INFO     | OK https://skeb.jp/api/users/erumagu
2026-07-03 17:12:57 | INFO     | Saving at a/skeb/erumagu-00449b.json
2026-07-03 17:12:58 | WARNING  | 404 on https://skeb.jp/api/users/Axnya (attempt 3/3)
2026-07-03 17:12:59 | INFO     | OK https://skeb.jp/api/users/_monomo__
2026-07-03 17:12:59 | INFO     | Saving at a/skeb/_monomo__-c4fdbd.json
2026-07-03 17:13:00 | INFO     | OK https://skeb.jp/api/users/yomai5t
2026-07-03 17:13:00 | INFO     | Saving at a/skeb/yomai5t-47edb1.json
2026-07-03 17:13:01 | WARNING  | 404 on https://skeb.jp/api/users/m3x3_sk (attempt 1/3)
2026-07-03 17:13:02 | INFO     | OK https://skeb.jp/api/users/sora_kkp_game
2026-07-03 17:13:02 | INFO     | Saving at a/skeb/sora_kkp_game-8bf913.json
2026-07-03 17:13:03 | INFO     | OK https://skeb.jp/api/users/uniuiq
2026-07-03 17:13:03 | INFO     | Saving at a/skeb/uniuiq-4ba3c5.json
2026-07-03 17:13:04 | INFO     | OK https://skeb.jp/api/users/MistEXE9999
2026-07-03 17:13:04 | INFO     | Saving at a/skeb/MistEXE9999-83d0a9.json
2026-07-03 17:13:05 | INFO     | OK https://skeb.jp/api/users/Touka_hanagiri
2026-07-03 17:13:05 | INFO     | Saving at a/skeb/Touka_hanagiri-446767.json
2026-07-03 17:13:06 | INFO     | OK https://skeb.jp/api/users/HarunomiHaru
2026-07-03 17:13:06 | INFO     | Saving at a/skeb/HarunomiHaru-d7d9e1.json
2026-07-03 17:13:07 | INFO     | OK https://skeb.jp/api/users/AreTete_Vtuber
2026-07-03 17:13:07 | INFO     | Saving at a/skeb/AreTete_Vtuber-7b40f5.json
2026-07-03 17:13:08 | INFO     | OK https://skeb.jp/api/users/ichimu133
2026-07-03 17:13:08 | INFO     | Saving at a/skeb/ichimu133-f8d65c.json
2026-07-03 17:13:10 | WARNING  | 404 on https://skeb.jp/api/users/m3x3_sk (attempt 2/3)
2026-07-03 17:13:11 | INFO     | OK https://skeb.jp/api/users/arcarc_t
2026-07-03 17:13:11 | INFO     | Saving at a/skeb/arcarc_t-e55bf3.json
2026-07-03 17:13:11 | INFO     | OK https://skeb.jp/api/users/y_syunosuke
2026-07-03 17:13:11 | INFO     | Saving at a/skeb/y_syunosuke-52f484.json
2026-07-03 17:13:12 | INFO     | OK https://skeb.jp/api/users/cmpollyanna
2026-07-03 17:13:12 | INFO     | Saving at a/skeb/cmpollyanna-3e78c9.json
2026-07-03 17:13:14 | INFO     | OK https://skeb.jp/api/users/hagiko15
2026-07-03 17:13:14 | INFO     | Saving at a/skeb/hagiko15-aa237d.json
2026-07-03 17:13:15 | INFO     | OK https://skeb.jp/api/users/mome00
2026-07-03 17:13:15 | INFO     | Saving at a/skeb/mome00-5859c4.json
2026-07-03 17:13:15 | INFO     | OK https://skeb.jp/api/users/kou_mgmg
2026-07-03 17:13:15 | INFO     | Saving at a/skeb/kou_mgmg-3f206a.json
2026-07-03 17:13:16 | INFO     | OK https://skeb.jp/api/users/flatfis48779026
2026-07-03 17:13:16 | INFO     | Saving at a/skeb/flatfis48779026-ce9312.json
2026-07-03 17:13:17 | INFO     | OK https://skeb.jp/api/users/oomura129
2026-07-03 17:13:17 | INFO     | Saving at a/skeb/oomura129-26259d.json
2026-07-03 17:13:18 | INFO     | OK https://skeb.jp/api/users/myutxpia
2026-07-03 17:13:18 | INFO     | Saving at a/skeb/myutxpia-5984a6.json
2026-07-03 17:13:19 | INFO     | OK https://skeb.jp/api/users/ebisi918
2026-07-03 17:13:19 | INFO     | Saving at a/skeb/ebisi918-b8f333.json
2026-07-03 17:13:21 | INFO     | OK https://skeb.jp/api/users/huhen_0424
2026-07-03 17:13:21 | INFO     | Saving at a/skeb/huhen_0424-2f3700.json
2026-07-03 17:13:21 | INFO     | OK https://skeb.jp/api/users/inushima0
2026-07-03 17:13:21 | INFO     | Saving at a/skeb/inushima0-c2da5e.json
2026-07-03 17:13:22 | INFO     | OK https://skeb.jp/api/users/rinshi62
2026-07-03 17:13:22 | INFO     | Saving at a/skeb/rinshi62-40aef7.json
2026-07-03 17:13:23 | INFO     | OK https://skeb.jp/api/users/Tukimikaede6
2026-07-03 17:13:23 | INFO     | Saving at a/skeb/Tukimikaede6-8575c5.json
2026-07-03 17:13:25 | INFO     | OK https://skeb.jp/api/users/Iida_Oekaki
2026-07-03 17:13:25 | INFO     | Saving at a/skeb/Iida_Oekaki-d7b642.json
2026-07-03 17:13:25 | INFO     | OK https://skeb.jp/api/users/VTuber_Coops
2026-07-03 17:13:25 | INFO     | Saving at a/skeb/VTuber_Coops-3d84a9.json
2026-07-03 17:13:26 | INFO     | OK https://skeb.jp/api/users/Dancer_SACHIKO
2026-07-03 17:13:26 | INFO     | Saving at a/skeb/Dancer_SACHIKO-c7448a.json
2026-07-03 17:13:28 | INFO     | OK https://skeb.jp/api/users/Lullme3193
2026-07-03 17:13:28 | INFO     | Saving at a/skeb/Lullme3193-dfb9ed.json
2026-07-03 17:13:29 | INFO     | OK https://skeb.jp/api/users/potetya000
2026-07-03 17:13:29 | INFO     | Saving at a/skeb/potetya000-2af644.json
2026-07-03 17:13:29 | INFO     | OK https://skeb.jp/api/users/qiubenyouxi
2026-07-03 17:13:29 | INFO     | Saving at a/skeb/qiubenyouxi-b977f4.json
2026-07-03 17:13:30 | INFO     | OK https://skeb.jp/api/users/BlueSky_BlSK
2026-07-03 17:13:30 | INFO     | Saving at a/skeb/BlueSky_BlSK-d819d3.json
2026-07-03 17:13:31 | INFO     | OK https://skeb.jp/api/users/assault_ribbon
2026-07-03 17:13:31 | INFO     | Saving at a/skeb/assault_ribbon-714cd7.json
2026-07-03 17:13:32 | INFO     | OK https://skeb.jp/api/users/Lety84133743
2026-07-03 17:13:32 | INFO     | Saving at a/skeb/Lety84133743-cb4f64.json
2026-07-03 17:13:33 | INFO     | OK https://skeb.jp/api/users/achi_achi
2026-07-03 17:13:33 | INFO     | Saving at a/skeb/achi_achi-25919a.json
2026-07-03 17:13:35 | WARNING  | 404 on https://skeb.jp/api/users/m3x3_sk (attempt 3/3)
2026-07-03 17:13:35 | INFO     | OK https://skeb.jp/api/users/10_nmtm
2026-07-03 17:13:35 | INFO     | Saving at a/skeb/10_nmtm-117216.json
2026-07-03 17:13:36 | INFO     | OK https://skeb.jp/api/users/watakko1209
2026-07-03 17:13:36 | INFO     | Saving at a/skeb/watakko1209-c8a7bc.json
2026-07-03 17:13:37 | INFO     | OK https://skeb.jp/api/users/inferior_ity
2026-07-03 17:13:37 | INFO     | Saving at a/skeb/inferior_ity-ff83d2.json
2026-07-03 17:13:38 | INFO     | OK https://skeb.jp/api/users/Argentum_01
2026-07-03 17:13:38 | INFO     | Saving at a/skeb/Argentum_01-f74c4b.json
2026-07-03 17:13:40 | WARNING  | 404 on https://skeb.jp/api/users/Geshi_to_ (attempt 1/3)
2026-07-03 17:13:40 | INFO     | OK https://skeb.jp/api/users/TabaioTa
2026-07-03 17:13:40 | INFO     | Saving at a/skeb/TabaioTa-bf079f.json
2026-07-03 17:13:41 | INFO     | OK https://skeb.jp/api/users/bukky78075404
2026-07-03 17:13:41 | INFO     | Saving at a/skeb/bukky78075404-d407ae.json
2026-07-03 17:13:42 | INFO     | OK https://skeb.jp/api/users/MitoraKira
2026-07-03 17:13:42 | INFO     | Saving at a/skeb/MitoraKira-2e48b6.json
2026-07-03 17:13:43 | INFO     | OK https://skeb.jp/api/users/Nagi_Sakurato
2026-07-03 17:13:43 | INFO     | Saving at a/skeb/Nagi_Sakurato-1de087.json
2026-07-03 17:13:45 | INFO     | OK https://skeb.jp/api/users/j2a4c4k
2026-07-03 17:13:45 | INFO     | Saving at a/skeb/j2a4c4k-75c2e2.json
2026-07-03 17:13:45 | INFO     | OK https://skeb.jp/api/users/Kanja88Mitsuki
2026-07-03 17:13:45 | INFO     | Saving at a/skeb/Kanja88Mitsuki-1713b2.json
2026-07-03 17:13:46 | INFO     | OK https://skeb.jp/api/users/cruel696pain
2026-07-03 17:13:46 | INFO     | Saving at a/skeb/cruel696pain-5fc8a4.json
2026-07-03 17:13:48 | INFO     | OK https://skeb.jp/api/users/metallens800
2026-07-03 17:13:48 | INFO     | Saving at a/skeb/metallens800-a860d5.json
2026-07-03 17:13:48 | INFO     | OK https://skeb.jp/api/users/nyame_nyan15
2026-07-03 17:13:48 | INFO     | Saving at a/skeb/nyame_nyan15-c9f060.json
2026-07-03 17:13:50 | INFO     | OK https://skeb.jp/api/users/HirumachiHiro
2026-07-03 17:13:50 | INFO     | Saving at a/skeb/HirumachiHiro-7bf018.json
2026-07-03 17:13:51 | INFO     | OK https://skeb.jp/api/users/473Y3110w5
2026-07-03 17:13:51 | INFO     | Saving at a/skeb/473Y3110w5-efd450.json
2026-07-03 17:13:51 | INFO     | OK https://skeb.jp/api/users/asui
2026-07-03 17:13:51 | INFO     | Saving at a/skeb/asui-e6cbda.json
2026-07-03 17:13:53 | WARNING  | 404 on https://skeb.jp/api/users/ghcfujfc1 (attempt 2/3)
2026-07-03 17:13:53 | INFO     | OK https://skeb.jp/api/users/ex_3baibu0513
2026-07-03 17:13:53 | INFO     | Saving at a/skeb/ex_3baibu0513-fec634.json
2026-07-03 17:13:54 | INFO     | OK https://skeb.jp/api/users/KIRLIIS
2026-07-03 17:13:54 | INFO     | Saving at a/skeb/KIRLIIS-8046fa.json
2026-07-03 17:13:55 | INFO     | OK https://skeb.jp/api/users/circlehachi
2026-07-03 17:13:55 | INFO     | Saving at a/skeb/circlehachi-5d985b.json
2026-07-03 17:13:57 | WARNING  | 404 on https://skeb.jp/api/users/Geshi_to_ (attempt 2/3)
2026-07-03 17:13:57 | WARNING  | 404 on https://skeb.jp/api/users/ghcfujfc1 (attempt 3/3)
2026-07-03 17:13:58 | INFO     | OK https://skeb.jp/api/users/RL22963339
2026-07-03 17:13:58 | INFO     | Saving at a/skeb/RL22963339-2c8a40.json
2026-07-03 17:13:59 | INFO     | OK https://skeb.jp/api/users/NYAPOTA55
2026-07-03 17:13:59 | INFO     | Saving at a/skeb/NYAPOTA55-1e7dbe.json
2026-07-03 17:14:00 | INFO     | OK https://skeb.jp/api/users/Est_42_hope
2026-07-03 17:14:00 | INFO     | Saving at a/skeb/Est_42_hope-5ab2b2.json
2026-07-03 17:14:01 | WARNING  | 404 on https://skeb.jp/api/users/Geshi_to_ (attempt 3/3)
2026-07-03 17:14:02 | INFO     | OK https://skeb.jp/api/users/410348
2026-07-03 17:14:02 | INFO     | Saving at a/skeb/410348-7d2268.json
2026-07-03 17:14:03 | INFO     | OK https://skeb.jp/api/users/0943_su
2026-07-03 17:14:03 | INFO     | Saving at a/skeb/0943_su-299cc3.json
2026-07-03 17:14:04 | INFO     | OK https://skeb.jp/api/users/EgOgLeyni
2026-07-03 17:14:04 | INFO     | Saving at a/skeb/EgOgLeyni-b00f02.json
2026-07-03 17:14:05 | INFO     | OK https://skeb.jp/api/users/hime_shirousagi
2026-07-03 17:14:05 | INFO     | Saving at a/skeb/hime_shirousagi-d337b7.json
2026-07-03 17:14:07 | INFO     | OK https://skeb.jp/api/users/egirada45
2026-07-03 17:14:07 | INFO     | Saving at a/skeb/egirada45-9e7d93.json
2026-07-03 17:14:07 | INFO     | OK https://skeb.jp/api/users/dobunoawa
2026-07-03 17:14:07 | INFO     | Saving at a/skeb/dobunoawa-99f10c.json
2026-07-03 17:14:08 | INFO     | OK https://skeb.jp/api/users/oo_gif
2026-07-03 17:14:08 | INFO     | Saving at a/skeb/oo_gif-71c7b5.json
2026-07-03 17:14:09 | INFO     | OK https://skeb.jp/api/users/yug00007
2026-07-03 17:14:09 | INFO     | Saving at a/skeb/yug00007-7e2bfd.json
2026-07-03 17:14:10 | WARNING  | 404 on https://skeb.jp/api/users/kasha0927 (attempt 1/3)
2026-07-03 17:14:11 | INFO     | OK https://skeb.jp/api/users/ripperu5785
2026-07-03 17:14:11 | INFO     | Saving at a/skeb/ripperu5785-036dcb.json
2026-07-03 17:14:12 | INFO     | OK https://skeb.jp/api/users/mstg17
2026-07-03 17:14:12 | INFO     | Saving at a/skeb/mstg17-facd52.json
2026-07-03 17:14:14 | INFO     | OK https://skeb.jp/api/users/moz_el
2026-07-03 17:14:14 | INFO     | Saving at a/skeb/moz_el-ae99d1.json
2026-07-03 17:14:14 | INFO     | OK https://skeb.jp/api/users/natsuk1tom
2026-07-03 17:14:14 | INFO     | Saving at a/skeb/natsuk1tom-fb5d61.json
2026-07-03 17:14:15 | INFO     | OK https://skeb.jp/api/users/k_t_6ea
2026-07-03 17:14:15 | INFO     | Saving at a/skeb/k_t_6ea-dbc7fe.json
2026-07-03 17:14:16 | INFO     | OK https://skeb.jp/api/users/ikio_neko22
2026-07-03 17:14:16 | INFO     | Saving at a/skeb/ikio_neko22-b59cc7.json
2026-07-03 17:14:17 | INFO     | OK https://skeb.jp/api/users/takumiso666
2026-07-03 17:14:17 | INFO     | Saving at a/skeb/takumiso666-f63a57.json
2026-07-03 17:14:18 | INFO     | OK https://skeb.jp/api/users/oa_axxo
2026-07-03 17:14:18 | INFO     | Saving at a/skeb/oa_axxo-20927b.json
2026-07-03 17:14:19 | WARNING  | 404 on https://skeb.jp/api/users/polar_kuma62 (attempt 1/3)
2026-07-03 17:14:20 | WARNING  | 404 on https://skeb.jp/api/users/EDO__nyan (attempt 1/3)
2026-07-03 17:14:21 | WARNING  | 404 on https://skeb.jp/api/users/kotonesansukida (attempt 1/3)
2026-07-03 17:14:22 | INFO     | OK https://skeb.jp/api/users/satota229
2026-07-03 17:14:22 | INFO     | Saving at a/skeb/satota229-b13cef.json
2026-07-03 17:14:23 | WARNING  | 404 on https://skeb.jp/api/users/polar_kuma62 (attempt 2/3)
2026-07-03 17:14:25 | INFO     | OK https://skeb.jp/api/users/StealaKuchibiru
2026-07-03 17:14:25 | INFO     | Saving at a/skeb/StealaKuchibiru-b57c5e.json
2026-07-03 17:14:25 | INFO     | OK https://skeb.jp/api/users/amameame404
2026-07-03 17:14:25 | INFO     | Saving at a/skeb/amameame404-25ec7c.json
2026-07-03 17:14:26 | WARNING  | 404 on https://skeb.jp/api/users/EDO__nyan (attempt 2/3)
2026-07-03 17:14:27 | INFO     | OK https://skeb.jp/api/users/le_le_lettuce
2026-07-03 17:14:27 | INFO     | Saving at a/skeb/le_le_lettuce-d52add.json
2026-07-03 17:14:29 | WARNING  | 404 on https://skeb.jp/api/users/polar_kuma62 (attempt 3/3)
2026-07-03 17:14:29 | INFO     | OK https://skeb.jp/api/users/minamisuke
2026-07-03 17:14:29 | INFO     | Saving at a/skeb/minamisuke-e5bede.json
2026-07-03 17:14:30 | INFO     | OK https://skeb.jp/api/users/Arltnium
2026-07-03 17:14:30 | INFO     | Saving at a/skeb/Arltnium-6a05b0.json
2026-07-03 17:14:32 | INFO     | OK https://skeb.jp/api/users/shiromuku02
2026-07-03 17:14:32 | INFO     | Saving at a/skeb/shiromuku02-c12047.json
2026-07-03 17:14:33 | WARNING  | 404 on https://skeb.jp/api/users/EDO__nyan (attempt 3/3)
2026-07-03 17:14:33 | INFO     | OK https://skeb.jp/api/users/ngs_mhr
2026-07-03 17:14:33 | INFO     | Saving at a/skeb/ngs_mhr-737e87.json
2026-07-03 17:14:34 | INFO     | OK https://skeb.jp/api/users/B9vJGoXKtI
2026-07-03 17:14:34 | INFO     | Saving at a/skeb/B9vJGoXKtI-62c4fe.json
2026-07-03 17:14:36 | INFO     | OK https://skeb.jp/api/users/gekiumachups
2026-07-03 17:14:36 | INFO     | Saving at a/skeb/gekiumachups-09fc0c.json
2026-07-03 17:14:36 | INFO     | OK https://skeb.jp/api/users/gerous_TRPG
2026-07-03 17:14:36 | INFO     | Saving at a/skeb/gerous_TRPG-7ab2eb.json
2026-07-03 17:14:37 | INFO     | OK https://skeb.jp/api/users/maguroSamm
2026-07-03 17:14:37 | INFO     | Saving at a/skeb/maguroSamm-5f6ff8.json
2026-07-03 17:14:38 | INFO     | OK https://skeb.jp/api/users/rorikkodaisuki_
2026-07-03 17:14:38 | INFO     | Saving at a/skeb/rorikkodaisuki_-87736b.json
2026-07-03 17:14:39 | INFO     | OK https://skeb.jp/api/users/DJ_DAI
2026-07-03 17:14:39 | INFO     | Saving at a/skeb/DJ_DAI-356cab.json
2026-07-03 17:14:40 | INFO     | OK https://skeb.jp/api/users/736e64
2026-07-03 17:14:40 | INFO     | Saving at a/skeb/736e64-d1a31e.json
2026-07-03 17:14:41 | INFO     | OK https://skeb.jp/api/users/oon_on12
2026-07-03 17:14:41 | INFO     | Saving at a/skeb/oon_on12-032c56.json
2026-07-03 17:14:42 | INFO     | OK https://skeb.jp/api/users/hayashi_gump
2026-07-03 17:14:42 | INFO     | Saving at a/skeb/hayashi_gump-825130.json
2026-07-03 17:14:43 | WARNING  | 404 on https://skeb.jp/api/users/mimei_Illust (attempt 1/3)
2026-07-03 17:14:44 | WARNING  | 404 on https://skeb.jp/api/users/kasha0927 (attempt 2/3)
2026-07-03 17:14:46 | INFO     | OK https://skeb.jp/api/users/ochaumee
2026-07-03 17:14:46 | INFO     | Saving at a/skeb/ochaumee-8f7ba5.json
2026-07-03 17:14:46 | INFO     | OK https://skeb.jp/api/users/iv_xxx3
2026-07-03 17:14:46 | INFO     | Saving at a/skeb/iv_xxx3-b05db3.json
2026-07-03 17:14:47 | INFO     | OK https://skeb.jp/api/users/shiro2_2
2026-07-03 17:14:47 | INFO     | Saving at a/skeb/shiro2_2-d29ad3.json
2026-07-03 17:14:48 | INFO     | OK https://skeb.jp/api/users/TheMinamiSun
2026-07-03 17:14:48 | INFO     | Saving at a/skeb/TheMinamiSun-1517ca.json
2026-07-03 17:14:49 | WARNING  | 404 on https://skeb.jp/api/users/kasha0927 (attempt 3/3)
2026-07-03 17:14:50 | INFO     | OK https://skeb.jp/api/users/saltkenzen
2026-07-03 17:14:50 | INFO     | Saving at a/skeb/saltkenzen-e8b9fc.json
2026-07-03 17:14:51 | WARNING  | 404 on https://skeb.jp/api/users/killy810 (attempt 1/3)
2026-07-03 17:14:53 | WARNING  | 404 on https://skeb.jp/api/users/mimei_Illust (attempt 2/3)
2026-07-03 17:14:53 | INFO     | OK https://skeb.jp/api/users/kumasan_Bpepper
2026-07-03 17:14:53 | INFO     | Saving at a/skeb/kumasan_Bpepper-b99b19.json
2026-07-03 17:14:55 | WARNING  | 404 on https://skeb.jp/api/users/kotonesansukida (attempt 2/3)
2026-07-03 17:14:55 | WARNING  | 404 on https://skeb.jp/api/users/killy810 (attempt 2/3)
2026-07-03 17:14:56 | INFO     | OK https://skeb.jp/api/users/MoViViRa119964
2026-07-03 17:14:56 | INFO     | Saving at a/skeb/MoViViRa119964-dfaf22.json
2026-07-03 17:14:57 | INFO     | OK https://skeb.jp/api/users/illust_mmm
2026-07-03 17:14:57 | INFO     | Saving at a/skeb/illust_mmm-c84dee.json
2026-07-03 17:14:58 | INFO     | OK https://skeb.jp/api/users/A00_SUSY
2026-07-03 17:14:58 | INFO     | Saving at a/skeb/A00_SUSY-652753.json
2026-07-03 17:14:59 | INFO     | OK https://skeb.jp/api/users/Yu10ri_Ha2ri
2026-07-03 17:14:59 | INFO     | Saving at a/skeb/Yu10ri_Ha2ri-fca4a9.json
2026-07-03 17:15:00 | WARNING  | 404 on https://skeb.jp/api/users/pgpcvDCE9G (attempt 1/3)
2026-07-03 17:15:01 | WARNING  | 404 on https://skeb.jp/api/users/Ryuzi_27 (attempt 1/3)
2026-07-03 17:15:02 | INFO     | OK https://skeb.jp/api/users/Mahiru_M0
2026-07-03 17:15:02 | INFO     | Saving at a/skeb/Mahiru_M0-63a514.json
2026-07-03 17:15:03 | INFO     | OK https://skeb.jp/api/users/LiExliA__
2026-07-03 17:15:03 | INFO     | Saving at a/skeb/LiExliA__-602e50.json
2026-07-03 17:15:04 | WARNING  | 404 on https://skeb.jp/api/users/Ryuzi_27 (attempt 2/3)
2026-07-03 17:15:05 | INFO     | OK https://skeb.jp/api/users/tulllle6
2026-07-03 17:15:05 | INFO     | Saving at a/skeb/tulllle6-5b1c81.json
2026-07-03 17:15:06 | WARNING  | 404 on https://skeb.jp/api/users/oshino_Iriss (attempt 1/3)
2026-07-03 17:15:08 | WARNING  | 404 on https://skeb.jp/api/users/kotonesansukida (attempt 3/3)
2026-07-03 17:15:09 | WARNING  | 404 on https://skeb.jp/api/users/pgpcvDCE9G (attempt 2/3)
2026-07-03 17:15:10 | WARNING  | 404 on https://skeb.jp/api/users/Ryuzi_27 (attempt 3/3)
2026-07-03 17:15:10 | WARNING  | 404 on https://skeb.jp/api/users/oshino_Iriss (attempt 2/3)
2026-07-03 17:15:11 | INFO     | OK https://skeb.jp/api/users/kousyanomado
2026-07-03 17:15:11 | INFO     | Saving at a/skeb/kousyanomado-454f11.json
2026-07-03 17:15:12 | INFO     | OK https://skeb.jp/api/users/4ceNull
2026-07-03 17:15:12 | INFO     | Saving at a/skeb/4ceNull-c4645d.json
2026-07-03 17:15:13 | WARNING  | 404 on https://skeb.jp/api/users/Genkyou (attempt 1/3)
2026-07-03 17:15:15 | WARNING  | 404 on https://skeb.jp/api/users/pgpcvDCE9G (attempt 3/3)
2026-07-03 17:15:15 | INFO     | OK https://skeb.jp/api/users/namu_illust
2026-07-03 17:15:15 | INFO     | Saving at a/skeb/namu_illust-b5b1d5.json
2026-07-03 17:15:16 | INFO     | OK https://skeb.jp/api/users/dsDlSchPEW
2026-07-03 17:15:16 | INFO     | Saving at a/skeb/dsDlSchPEW-75e580.json
2026-07-03 17:15:17 | INFO     | OK https://skeb.jp/api/users/Suumtm
2026-07-03 17:15:17 | INFO     | Saving at a/skeb/Suumtm-8cdd8c.json
2026-07-03 17:15:18 | WARNING  | 404 on https://skeb.jp/api/users/oshino_Iriss (attempt 3/3)
2026-07-03 17:15:19 | INFO     | OK https://skeb.jp/api/users/kuromir18
2026-07-03 17:15:19 | INFO     | Saving at a/skeb/kuromir18-99fab8.json
2026-07-03 17:15:20 | WARNING  | 404 on https://skeb.jp/api/users/aki_ra3_ (attempt 1/3)
2026-07-03 17:15:21 | INFO     | OK https://skeb.jp/api/users/so_saku_rkrk
2026-07-03 17:15:21 | INFO     | Saving at a/skeb/so_saku_rkrk-bfc797.json
2026-07-03 17:15:23 | WARNING  | 404 on https://skeb.jp/api/users/mimei_Illust (attempt 3/3)
2026-07-03 17:15:24 | INFO     | OK https://skeb.jp/api/users/kunon909
2026-07-03 17:15:24 | INFO     | Saving at a/skeb/kunon909-ab57d9.json
2026-07-03 17:15:24 | INFO     | OK https://skeb.jp/api/users/jankushonu
2026-07-03 17:15:24 | INFO     | Saving at a/skeb/jankushonu-929149.json
2026-07-03 17:15:26 | WARNING  | 404 on https://skeb.jp/api/users/killy810 (attempt 3/3)
2026-07-03 17:15:27 | INFO     | OK https://skeb.jp/api/users/ksrgiing
2026-07-03 17:15:27 | INFO     | Saving at a/skeb/ksrgiing-9cb9a7.json
2026-07-03 17:15:27 | INFO     | OK https://skeb.jp/api/users/rei_adelina
2026-07-03 17:15:27 | INFO     | Saving at a/skeb/rei_adelina-a24fbb.json
2026-07-03 17:15:28 | INFO     | OK https://skeb.jp/api/users/py5d
2026-07-03 17:15:28 | INFO     | Saving at a/skeb/py5d-399ea6.json
2026-07-03 17:15:30 | INFO     | OK https://skeb.jp/api/users/kumisyo_
2026-07-03 17:15:30 | INFO     | Saving at a/skeb/kumisyo_-6554af.json
2026-07-03 17:15:30 | WARNING  | 404 on https://skeb.jp/api/users/29Kota2 (attempt 1/3)
2026-07-03 17:15:32 | INFO     | OK https://skeb.jp/api/users/yamiyo_0115
2026-07-03 17:15:32 | INFO     | Saving at a/skeb/yamiyo_0115-d6bf3d.json
2026-07-03 17:15:32 | INFO     | OK https://skeb.jp/api/users/me_shiro_rice
2026-07-03 17:15:32 | INFO     | Saving at a/skeb/me_shiro_rice-00bb23.json
2026-07-03 17:15:33 | INFO     | OK https://skeb.jp/api/users/momosiro
2026-07-03 17:15:33 | INFO     | Saving at a/skeb/momosiro-2b569c.json
2026-07-03 17:15:34 | INFO     | OK https://skeb.jp/api/users/citrus__0103
2026-07-03 17:15:34 | INFO     | Saving at a/skeb/citrus__0103-a71d90.json
2026-07-03 17:15:35 | INFO     | OK https://skeb.jp/api/users/kino_ac_1018
2026-07-03 17:15:35 | INFO     | Saving at a/skeb/kino_ac_1018-66cc94.json
2026-07-03 17:15:36 | INFO     | OK https://skeb.jp/api/users/ashidaka_gm
2026-07-03 17:15:36 | INFO     | Saving at a/skeb/ashidaka_gm-4b9717.json
2026-07-03 17:15:37 | INFO     | OK https://skeb.jp/api/users/Tsukune_mogu2
2026-07-03 17:15:37 | INFO     | Saving at a/skeb/Tsukune_mogu2-cbf853.json
2026-07-03 17:15:38 | WARNING  | 404 on https://skeb.jp/api/users/_meruruto_ (attempt 1/3)
2026-07-03 17:15:39 | INFO     | OK https://skeb.jp/api/users/zu_u_un
2026-07-03 17:15:39 | INFO     | Saving at a/skeb/zu_u_un-626db3.json
2026-07-03 17:15:41 | WARNING  | 404 on https://skeb.jp/api/users/Genkyou (attempt 2/3)
2026-07-03 17:15:41 | WARNING  | 404 on https://skeb.jp/api/users/_meruruto_ (attempt 2/3)
2026-07-03 17:15:43 | WARNING  | 404 on https://skeb.jp/api/users/aki_ra3_ (attempt 2/3)
2026-07-03 17:15:44 | INFO     | OK https://skeb.jp/api/users/nonono_kobo
2026-07-03 17:15:44 | INFO     | Saving at a/skeb/nonono_kobo-9f7cc8.json
2026-07-03 17:15:44 | WARNING  | 404 on https://skeb.jp/api/users/Iam_Ciikawa (attempt 1/3)
2026-07-03 17:15:45 | INFO     | OK https://skeb.jp/api/users/dkr
2026-07-03 17:15:45 | INFO     | Saving at a/skeb/dkr-0320b7.json
2026-07-03 17:15:47 | WARNING  | 404 on https://skeb.jp/api/users/_meruruto_ (attempt 3/3)
2026-07-03 17:15:47 | WARNING  | 404 on https://skeb.jp/api/users/aki_ra3_ (attempt 3/3)
2026-07-03 17:15:49 | WARNING  | 404 on https://skeb.jp/api/users/29Kota2 (attempt 2/3)
2026-07-03 17:15:49 | INFO     | OK https://skeb.jp/api/users/morupi_
2026-07-03 17:15:49 | INFO     | Saving at a/skeb/morupi_-85572c.json
2026-07-03 17:15:50 | INFO     | OK https://skeb.jp/api/users/goon___sk
2026-07-03 17:15:50 | INFO     | Saving at a/skeb/goon___sk-a8546e.json
2026-07-03 17:15:51 | INFO     | OK https://skeb.jp/api/users/R0L48
2026-07-03 17:15:51 | INFO     | Saving at a/skeb/R0L48-f0c867.json
2026-07-03 17:15:52 | INFO     | OK https://skeb.jp/api/users/hsd0j
2026-07-03 17:15:52 | INFO     | Saving at a/skeb/hsd0j-68ebc8.json
2026-07-03 17:15:53 | INFO     | OK https://skeb.jp/api/users/cocoa_penpen
2026-07-03 17:15:53 | INFO     | Saving at a/skeb/cocoa_penpen-7caa99.json
2026-07-03 17:15:55 | INFO     | OK https://skeb.jp/api/users/kurenai_krn
2026-07-03 17:15:55 | INFO     | Saving at a/skeb/kurenai_krn-b93e10.json
2026-07-03 17:15:56 | WARNING  | 404 on https://skeb.jp/api/users/29Kota2 (attempt 3/3)
2026-07-03 17:15:56 | WARNING  | 404 on https://skeb.jp/api/users/Iam_Ciikawa (attempt 2/3)
2026-07-03 17:15:57 | INFO     | OK https://skeb.jp/api/users/zyunizyunia
2026-07-03 17:15:57 | INFO     | Saving at a/skeb/zyunizyunia-bcf849.json
2026-07-03 17:15:58 | WARNING  | 404 on https://skeb.jp/api/users/923kaku (attempt 1/3)
2026-07-03 17:15:59 | INFO     | OK https://skeb.jp/api/users/pclove20216
2026-07-03 17:15:59 | INFO     | Saving at a/skeb/pclove20216-50670f.json
2026-07-03 17:16:00 | INFO     | OK https://skeb.jp/api/users/AyameChiyo_
2026-07-03 17:16:00 | INFO     | Saving at a/skeb/AyameChiyo_-c511c6.json
2026-07-03 17:16:02 | WARNING  | 404 on https://skeb.jp/api/users/Genkyou (attempt 3/3)
2026-07-03 17:16:02 | WARNING  | 404 on https://skeb.jp/api/users/923kaku (attempt 2/3)
2026-07-03 17:16:04 | INFO     | OK https://skeb.jp/api/users/ch75974087
2026-07-03 17:16:04 | INFO     | Saving at a/skeb/ch75974087-910796.json
2026-07-03 17:16:04 | INFO     | OK https://skeb.jp/api/users/lemongoooo
2026-07-03 17:16:04 | INFO     | Saving at a/skeb/lemongoooo-e71f8c.json
2026-07-03 17:16:05 | INFO     | OK https://skeb.jp/api/users/Sonosaki
2026-07-03 17:16:05 | INFO     | Saving at a/skeb/Sonosaki-26d691.json
2026-07-03 17:16:06 | INFO     | OK https://skeb.jp/api/users/Feizi017
2026-07-03 17:16:06 | INFO     | Saving at a/skeb/Feizi017-7d1a47.json
2026-07-03 17:16:08 | WARNING  | 404 on https://skeb.jp/api/users/Iam_Ciikawa (attempt 3/3)
2026-07-03 17:16:08 | INFO     | OK https://skeb.jp/api/users/Ribennta0A0
2026-07-03 17:16:08 | INFO     | Saving at a/skeb/Ribennta0A0-9f7ae6.json
2026-07-03 17:16:09 | INFO     | OK https://skeb.jp/api/users/maririnsoleil
2026-07-03 17:16:09 | INFO     | Saving at a/skeb/maririnsoleil-10f008.json
2026-07-03 17:16:10 | INFO     | OK https://skeb.jp/api/users/shokushuQ
2026-07-03 17:16:10 | INFO     | Saving at a/skeb/shokushuQ-43d11d.json
2026-07-03 17:16:11 | INFO     | OK https://skeb.jp/api/users/knr_0008
2026-07-03 17:16:11 | INFO     | Saving at a/skeb/knr_0008-d112a5.json
2026-07-03 17:16:13 | WARNING  | 404 on https://skeb.jp/api/users/923kaku (attempt 3/3)
2026-07-03 17:16:13 | INFO     | OK https://skeb.jp/api/users/rai_lei9614
2026-07-03 17:16:13 | INFO     | Saving at a/skeb/rai_lei9614-51403a.json
2026-07-03 17:16:14 | INFO     | OK https://skeb.jp/api/users/lala_cherry_
2026-07-03 17:16:14 | INFO     | Saving at a/skeb/lala_cherry_-a9f328.json
2026-07-03 17:16:15 | WARNING  | 404 on https://skeb.jp/api/users/kiNero30901 (attempt 1/3)
2026-07-03 17:16:16 | INFO     | OK https://skeb.jp/api/users/OL_maruuuu
2026-07-03 17:16:16 | INFO     | Saving at a/skeb/OL_maruuuu-0dd519.json
2026-07-03 17:16:17 | INFO     | OK https://skeb.jp/api/users/giminakkr
2026-07-03 17:16:17 | INFO     | Saving at a/skeb/giminakkr-77f9ee.json
2026-07-03 17:16:18 | INFO     | OK https://skeb.jp/api/users/2gA_v2Final
2026-07-03 17:16:18 | INFO     | Saving at a/skeb/2gA_v2Final-786bef.json
2026-07-03 17:16:20 | INFO     | OK https://skeb.jp/api/users/mitsugi_000
2026-07-03 17:16:20 | INFO     | Saving at a/skeb/mitsugi_000-8dda1f.json
2026-07-03 17:16:21 | INFO     | OK https://skeb.jp/api/users/ameneko_06
2026-07-03 17:16:21 | INFO     | Saving at a/skeb/ameneko_06-1efba9.json
2026-07-03 17:16:21 | INFO     | OK https://skeb.jp/api/users/7h7Ey
2026-07-03 17:16:21 | INFO     | Saving at a/skeb/7h7Ey-2d093d.json
2026-07-03 17:16:22 | INFO     | OK https://skeb.jp/api/users/bellsugart
2026-07-03 17:16:22 | INFO     | Saving at a/skeb/bellsugart-7c3553.json
2026-07-03 17:16:24 | INFO     | OK https://skeb.jp/api/users/Hagihara_T2
2026-07-03 17:16:24 | INFO     | Saving at a/skeb/Hagihara_T2-5a5589.json
2026-07-03 17:16:25 | INFO     | OK https://skeb.jp/api/users/Thebest_onecup
2026-07-03 17:16:25 | INFO     | Saving at a/skeb/Thebest_onecup-5d8c8c.json
2026-07-03 17:16:26 | INFO     | OK https://skeb.jp/api/users/miso_OP
2026-07-03 17:16:26 | INFO     | Saving at a/skeb/miso_OP-e71ba4.json
2026-07-03 17:16:26 | INFO     | OK https://skeb.jp/api/users/atorie88
2026-07-03 17:16:26 | INFO     | Saving at a/skeb/atorie88-92a2d5.json
2026-07-03 17:16:28 | INFO     | OK https://skeb.jp/api/users/vol__vol2
2026-07-03 17:16:28 | INFO     | Saving at a/skeb/vol__vol2-12d78c.json
2026-07-03 17:16:28 | INFO     | OK https://skeb.jp/api/users/okmeria
2026-07-03 17:16:28 | INFO     | Saving at a/skeb/okmeria-e81bf8.json
2026-07-03 17:16:29 | INFO     | OK https://skeb.jp/api/users/AKC99p_kv
2026-07-03 17:16:29 | INFO     | Saving at a/skeb/AKC99p_kv-fac468.json
2026-07-03 17:16:31 | INFO     | OK https://skeb.jp/api/users/moyuru_aaaa
2026-07-03 17:16:31 | INFO     | Saving at a/skeb/moyuru_aaaa-dbc727.json
2026-07-03 17:16:32 | WARNING  | 404 on https://skeb.jp/api/users/kiNero30901 (attempt 2/3)
2026-07-03 17:16:32 | INFO     | OK https://skeb.jp/api/users/snowcat_1015
2026-07-03 17:16:32 | INFO     | Saving at a/skeb/snowcat_1015-4836d7.json
2026-07-03 17:16:33 | INFO     | OK https://skeb.jp/api/users/mame_tanee
2026-07-03 17:16:33 | INFO     | Saving at a/skeb/mame_tanee-dd3692.json
2026-07-03 17:16:35 | INFO     | OK https://skeb.jp/api/users/mofutom
2026-07-03 17:16:35 | INFO     | Saving at a/skeb/mofutom-b7b307.json
2026-07-03 17:16:35 | INFO     | OK https://skeb.jp/api/users/karito_14
2026-07-03 17:16:35 | INFO     | Saving at a/skeb/karito_14-d9cf10.json
2026-07-03 17:16:36 | INFO     | OK https://skeb.jp/api/users/sjkk_wks
2026-07-03 17:16:36 | INFO     | Saving at a/skeb/sjkk_wks-cee166.json
2026-07-03 17:16:37 | INFO     | OK https://skeb.jp/api/users/reona
2026-07-03 17:16:37 | INFO     | Saving at a/skeb/reona-6bd87c.json
2026-07-03 17:16:39 | INFO     | OK https://skeb.jp/api/users/tanu_TNT
2026-07-03 17:16:39 | INFO     | Saving at a/skeb/tanu_TNT-c09edd.json
2026-07-03 17:16:39 | INFO     | OK https://skeb.jp/api/users/kabe_000_k
2026-07-03 17:16:39 | INFO     | Saving at a/skeb/kabe_000_k-68c351.json
2026-07-03 17:16:41 | INFO     | OK https://skeb.jp/api/users/yadokaria
2026-07-03 17:16:41 | INFO     | Saving at a/skeb/yadokaria-900b72.json
2026-07-03 17:16:41 | INFO     | OK https://skeb.jp/api/users/ouseneco
2026-07-03 17:16:41 | INFO     | Saving at a/skeb/ouseneco-476e29.json
2026-07-03 17:16:43 | INFO     | OK https://skeb.jp/api/users/ink2828seikat
2026-07-03 17:16:43 | INFO     | Saving at a/skeb/ink2828seikat-869d34.json
2026-07-03 17:16:43 | WARNING  | 404 on https://skeb.jp/api/users/kagoyama_sns (attempt 1/3)
2026-07-03 17:16:45 | INFO     | OK https://skeb.jp/api/users/cattleya0715
2026-07-03 17:16:45 | INFO     | Saving at a/skeb/cattleya0715-71aee4.json
2026-07-03 17:16:46 | INFO     | OK https://skeb.jp/api/users/MALI_B_coke
2026-07-03 17:16:46 | INFO     | Saving at a/skeb/MALI_B_coke-68e71e.json
2026-07-03 17:16:47 | INFO     | OK https://skeb.jp/api/users/Kita_sushi
2026-07-03 17:16:47 | INFO     | Saving at a/skeb/Kita_sushi-d9d902.json
2026-07-03 17:16:48 | INFO     | OK https://skeb.jp/api/users/Lithium_R_18
2026-07-03 17:16:48 | INFO     | Saving at a/skeb/Lithium_R_18-8b2502.json
2026-07-03 17:16:48 | INFO     | OK https://skeb.jp/api/users/Kay_aota
2026-07-03 17:16:48 | INFO     | Saving at a/skeb/Kay_aota-00aab0.json
2026-07-03 17:16:50 | INFO     | OK https://skeb.jp/api/users/Mikann_yuyuyu
2026-07-03 17:16:50 | INFO     | Saving at a/skeb/Mikann_yuyuyu-1e7cc5.json
2026-07-03 17:16:50 | WARNING  | 404 on https://skeb.jp/api/users/mimamorichan (attempt 1/3)
2026-07-03 17:16:51 | INFO     | OK https://skeb.jp/api/users/jindo_o426
2026-07-03 17:16:51 | INFO     | Saving at a/skeb/jindo_o426-5c9b3b.json
2026-07-03 17:16:53 | WARNING  | 404 on https://skeb.jp/api/users/kagoyama_sns (attempt 2/3)
2026-07-03 17:16:54 | INFO     | OK https://skeb.jp/api/users/fuwake_fake
2026-07-03 17:16:54 | INFO     | Saving at a/skeb/fuwake_fake-8bf276.json
2026-07-03 17:16:54 | WARNING  | 404 on https://skeb.jp/api/users/kokorono_376 (attempt 1/3)
2026-07-03 17:16:56 | INFO     | OK https://skeb.jp/api/users/sakuya4869
2026-07-03 17:16:56 | INFO     | Saving at a/skeb/sakuya4869-a417d5.json
2026-07-03 17:16:57 | WARNING  | 404 on https://skeb.jp/api/users/mimamorichan (attempt 2/3)
2026-07-03 17:16:58 | INFO     | OK https://skeb.jp/api/users/snowclole
2026-07-03 17:16:58 | INFO     | Saving at a/skeb/snowclole-099f94.json
2026-07-03 17:16:59 | INFO     | OK https://skeb.jp/api/users/Rui_mkmk
2026-07-03 17:16:59 | INFO     | Saving at a/skeb/Rui_mkmk-f35061.json
2026-07-03 17:17:00 | INFO     | OK https://skeb.jp/api/users/EN_OO7
2026-07-03 17:17:00 | INFO     | Saving at a/skeb/EN_OO7-f9da9f.json
2026-07-03 17:17:01 | INFO     | OK https://skeb.jp/api/users/MN13Mizuha
2026-07-03 17:17:01 | INFO     | Saving at a/skeb/MN13Mizuha-c53260.json
2026-07-03 17:17:02 | WARNING  | 404 on https://skeb.jp/api/users/kagoyama_sns (attempt 3/3)
2026-07-03 17:17:03 | INFO     | OK https://skeb.jp/api/users/ich_rok
2026-07-03 17:17:03 | INFO     | Saving at a/skeb/ich_rok-e80f83.json
2026-07-03 17:17:04 | INFO     | OK https://skeb.jp/api/users/YKsatonaka
2026-07-03 17:17:04 | INFO     | Saving at a/skeb/YKsatonaka-2cff1b.json
2026-07-03 17:17:04 | WARNING  | 404 on https://skeb.jp/api/users/lkjeudnduy44 (attempt 1/3)
2026-07-03 17:17:06 | INFO     | OK https://skeb.jp/api/users/redoronikus
2026-07-03 17:17:06 | INFO     | Saving at a/skeb/redoronikus-ab7a88.json
2026-07-03 17:17:07 | INFO     | OK https://skeb.jp/api/users/hiiragi_yuel
2026-07-03 17:17:07 | INFO     | Saving at a/skeb/hiiragi_yuel-4a043d.json
2026-07-03 17:17:08 | WARNING  | 404 on https://skeb.jp/api/users/kiNero30901 (attempt 3/3)
2026-07-03 17:17:09 | INFO     | OK https://skeb.jp/api/users/__0t0y
2026-07-03 17:17:09 | INFO     | Saving at a/skeb/__0t0y-49713c.json
2026-07-03 17:17:09 | INFO     | OK https://skeb.jp/api/users/mashe_lll
2026-07-03 17:17:09 | INFO     | Saving at a/skeb/mashe_lll-caeade.json
2026-07-03 17:17:11 | INFO     | OK https://skeb.jp/api/users/ungaa_tokido
2026-07-03 17:17:11 | INFO     | Saving at a/skeb/ungaa_tokido-c819ba.json
2026-07-03 17:17:12 | INFO     | OK https://skeb.jp/api/users/atanonata
2026-07-03 17:17:12 | INFO     | Saving at a/skeb/atanonata-0c34d8.json
2026-07-03 17:17:13 | INFO     | OK https://skeb.jp/api/users/mizu_nizi
2026-07-03 17:17:13 | INFO     | Saving at a/skeb/mizu_nizi-560d7e.json
2026-07-03 17:17:14 | INFO     | OK https://skeb.jp/api/users/ichininoxia
2026-07-03 17:17:14 | INFO     | Saving at a/skeb/ichininoxia-95e436.json
2026-07-03 17:17:15 | INFO     | OK https://skeb.jp/api/users/soen_chi_ko
2026-07-03 17:17:15 | INFO     | Saving at a/skeb/soen_chi_ko-dfcc9b.json
2026-07-03 17:17:16 | INFO     | OK https://skeb.jp/api/users/_nijimideta
2026-07-03 17:17:16 | INFO     | Saving at a/skeb/_nijimideta-852a5b.json
2026-07-03 17:17:16 | WARNING  | 404 on https://skeb.jp/api/users/meguru_nero (attempt 1/3)
2026-07-03 17:17:18 | WARNING  | 404 on https://skeb.jp/api/users/lkjeudnduy44 (attempt 2/3)
2026-07-03 17:17:19 | INFO     | OK https://skeb.jp/api/users/yoneda
2026-07-03 17:17:19 | INFO     | Saving at a/skeb/yoneda-2749f1.json
2026-07-03 17:17:19 | WARNING  | 404 on https://skeb.jp/api/users/meguru_nero (attempt 2/3)
2026-07-03 17:17:21 | INFO     | OK https://skeb.jp/api/users/row_name_
2026-07-03 17:17:21 | INFO     | Saving at a/skeb/row_name_-55a199.json
2026-07-03 17:17:22 | INFO     | OK https://skeb.jp/api/users/kZ4djKUZLh
2026-07-03 17:17:22 | INFO     | Saving at a/skeb/kZ4djKUZLh-896cfb.json
2026-07-03 17:17:23 | INFO     | OK https://skeb.jp/api/users/wakalove08131
2026-07-03 17:17:23 | INFO     | Saving at a/skeb/wakalove08131-c04b59.json
2026-07-03 17:17:24 | WARNING  | 404 on https://skeb.jp/api/users/lkjeudnduy44 (attempt 3/3)
2026-07-03 17:17:25 | INFO     | OK https://skeb.jp/api/users/Nishi_Kouichiro
2026-07-03 17:17:25 | INFO     | Saving at a/skeb/Nishi_Kouichiro-a46d9a.json
2026-07-03 17:17:26 | INFO     | OK https://skeb.jp/api/users/kousetsu_sumomo
2026-07-03 17:17:26 | INFO     | Saving at a/skeb/kousetsu_sumomo-afa85e.json
2026-07-03 17:17:27 | INFO     | OK https://skeb.jp/api/users/Meripon_jade
2026-07-03 17:17:27 | INFO     | Saving at a/skeb/Meripon_jade-8f20af.json
2026-07-03 17:17:28 | INFO     | OK https://skeb.jp/api/users/kokon_karee
2026-07-03 17:17:28 | INFO     | Saving at a/skeb/kokon_karee-5617fd.json
2026-07-03 17:17:29 | INFO     | OK https://skeb.jp/api/users/kk1JCKlOEeiPLZD
2026-07-03 17:17:29 | INFO     | Saving at a/skeb/kk1JCKlOEeiPLZD-d7b586.json
2026-07-03 17:17:30 | WARNING  | 404 on https://skeb.jp/api/users/mimamorichan (attempt 3/3)
2026-07-03 17:17:31 | WARNING  | 404 on https://skeb.jp/api/users/kokorono_376 (attempt 2/3)
2026-07-03 17:17:32 | INFO     | OK https://skeb.jp/api/users/Wani_wani8282
2026-07-03 17:17:32 | INFO     | Saving at a/skeb/Wani_wani8282-415d97.json
2026-07-03 17:17:33 | INFO     | OK https://skeb.jp/api/users/haejima
2026-07-03 17:17:33 | INFO     | Saving at a/skeb/haejima-056dcd.json
2026-07-03 17:17:34 | INFO     | OK https://skeb.jp/api/users/86u5o_
2026-07-03 17:17:34 | INFO     | Saving at a/skeb/86u5o_-152e42.json
2026-07-03 17:17:35 | INFO     | OK https://skeb.jp/api/users/hiyokomonburan
2026-07-03 17:17:35 | INFO     | Saving at a/skeb/hiyokomonburan-ea63a8.json
2026-07-03 17:17:36 | INFO     | OK https://skeb.jp/api/users/Ar3d4S1sAr4s
2026-07-03 17:17:36 | INFO     | Saving at a/skeb/Ar3d4S1sAr4s-eaed37.json
2026-07-03 17:17:37 | WARNING  | 404 on https://skeb.jp/api/users/3hankikan0220 (attempt 1/3)
2026-07-03 17:17:38 | WARNING  | 404 on https://skeb.jp/api/users/meguru_nero (attempt 3/3)
2026-07-03 17:17:39 | INFO     | OK https://skeb.jp/api/users/HSI_DROPKICK
2026-07-03 17:17:39 | INFO     | Saving at a/skeb/HSI_DROPKICK-bf6b97.json
2026-07-03 17:17:40 | INFO     | OK https://skeb.jp/api/users/nekokon_DiD
2026-07-03 17:17:40 | INFO     | Saving at a/skeb/nekokon_DiD-3f592f.json
2026-07-03 17:17:41 | INFO     | OK https://skeb.jp/api/users/etohitoha
2026-07-03 17:17:41 | INFO     | Saving at a/skeb/etohitoha-a33e06.json
2026-07-03 17:17:42 | INFO     | OK https://skeb.jp/api/users/kinoakira
2026-07-03 17:17:42 | INFO     | Saving at a/skeb/kinoakira-e337b5.json
2026-07-03 17:17:43 | INFO     | OK https://skeb.jp/api/users/horin2509_sub
2026-07-03 17:17:43 | INFO     | Saving at a/skeb/horin2509_sub-f55d8a.json
2026-07-03 17:17:44 | INFO     | OK https://skeb.jp/api/users/yamatomoti
2026-07-03 17:17:44 | INFO     | Saving at a/skeb/yamatomoti-76ed55.json
2026-07-03 17:17:45 | WARNING  | 404 on https://skeb.jp/api/users/kokorono_376 (attempt 3/3)
2026-07-03 17:17:46 | INFO     | OK https://skeb.jp/api/users/azuki_umasugi
2026-07-03 17:17:46 | INFO     | Saving at a/skeb/azuki_umasugi-c36e9c.json
2026-07-03 17:17:47 | INFO     | OK https://skeb.jp/api/users/um_yoppy
2026-07-03 17:17:47 | INFO     | Saving at a/skeb/um_yoppy-92e15b.json
2026-07-03 17:17:48 | INFO     | OK https://skeb.jp/api/users/yaruki_510
2026-07-03 17:17:48 | INFO     | Saving at a/skeb/yaruki_510-6dec22.json
2026-07-03 17:17:49 | WARNING  | 404 on https://skeb.jp/api/users/vHoo__ (attempt 1/3)
2026-07-03 17:17:50 | INFO     | OK https://skeb.jp/api/users/kesee365
2026-07-03 17:17:50 | INFO     | Saving at a/skeb/kesee365-988ee7.json
2026-07-03 17:17:51 | INFO     | OK https://skeb.jp/api/users/inari_game
2026-07-03 17:17:51 | INFO     | Saving at a/skeb/inari_game-950ec5.json
2026-07-03 17:17:52 | INFO     | OK https://skeb.jp/api/users/Umituki_Wanowo
2026-07-03 17:17:52 | INFO     | Saving at a/skeb/Umituki_Wanowo-3e614c.json
2026-07-03 17:17:53 | WARNING  | 404 on https://skeb.jp/api/users/fm7hxj (attempt 1/3)
2026-07-03 17:17:54 | INFO     | OK https://skeb.jp/api/users/9_cl56
2026-07-03 17:17:54 | INFO     | Saving at a/skeb/9_cl56-fd83ed.json
2026-07-03 17:17:55 | INFO     | OK https://skeb.jp/api/users/asariririririr
2026-07-03 17:17:55 | INFO     | Saving at a/skeb/asariririririr-ea2f51.json
2026-07-03 17:17:56 | INFO     | OK https://skeb.jp/api/users/hanada564
2026-07-03 17:17:56 | INFO     | Saving at a/skeb/hanada564-929985.json
2026-07-03 17:17:57 | INFO     | OK https://skeb.jp/api/users/harutaniman
2026-07-03 17:17:57 | INFO     | Saving at a/skeb/harutaniman-0cc0d8.json
2026-07-03 17:17:57 | WARNING  | 404 on https://skeb.jp/api/users/fm7hxj (attempt 2/3)
2026-07-03 17:17:59 | WARNING  | 404 on https://skeb.jp/api/users/3hankikan0220 (attempt 2/3)
2026-07-03 17:18:00 | INFO     | OK https://skeb.jp/api/users/usuisirayuki
2026-07-03 17:18:00 | INFO     | Saving at a/skeb/usuisirayuki-39eb08.json
2026-07-03 17:18:01 | INFO     | OK https://skeb.jp/api/users/ageage_kaza
2026-07-03 17:18:01 | INFO     | Saving at a/skeb/ageage_kaza-c8ab89.json
2026-07-03 17:18:02 | INFO     | OK https://skeb.jp/api/users/yottlow
2026-07-03 17:18:02 | INFO     | Saving at a/skeb/yottlow-aaf32b.json
2026-07-03 17:18:03 | INFO     | OK https://skeb.jp/api/users/tapisaki
2026-07-03 17:18:03 | INFO     | Saving at a/skeb/tapisaki-479078.json
2026-07-03 17:18:04 | INFO     | OK https://skeb.jp/api/users/coyori_motoyui
2026-07-03 17:18:04 | INFO     | Saving at a/skeb/coyori_motoyui-4e92dd.json
2026-07-03 17:18:05 | WARNING  | 404 on https://skeb.jp/api/users/3hankikan0220 (attempt 3/3)
2026-07-03 17:18:05 | INFO     | OK https://skeb.jp/api/users/kanoko_02s
2026-07-03 17:18:05 | INFO     | Saving at a/skeb/kanoko_02s-8d73ce.json
2026-07-03 17:18:07 | INFO     | OK https://skeb.jp/api/users/yoruu2a
2026-07-03 17:18:07 | INFO     | Saving at a/skeb/yoruu2a-c27216.json
2026-07-03 17:18:08 | INFO     | OK https://skeb.jp/api/users/_____cart
2026-07-03 17:18:08 | INFO     | Saving at a/skeb/_____cart-99d917.json
2026-07-03 17:18:09 | INFO     | OK https://skeb.jp/api/users/nekona_92
2026-07-03 17:18:09 | INFO     | Saving at a/skeb/nekona_92-705ffd.json
2026-07-03 17:18:10 | WARNING  | 404 on https://skeb.jp/api/users/fm7hxj (attempt 3/3)
2026-07-03 17:18:11 | INFO     | OK https://skeb.jp/api/users/2yalq
2026-07-03 17:18:11 | INFO     | Saving at a/skeb/2yalq-5aaa1f.json
2026-07-03 17:18:12 | INFO     | OK https://skeb.jp/api/users/yunomi00
2026-07-03 17:18:12 | INFO     | Saving at a/skeb/yunomi00-4b7a87.json
2026-07-03 17:18:13 | INFO     | OK https://skeb.jp/api/users/ukaya20132017
2026-07-03 17:18:13 | INFO     | Saving at a/skeb/ukaya20132017-550d55.json
2026-07-03 17:18:14 | INFO     | OK https://skeb.jp/api/users/SakanaUoFish
2026-07-03 17:18:14 | INFO     | Saving at a/skeb/SakanaUoFish-7a77ba.json
2026-07-03 17:18:15 | WARNING  | 404 on https://skeb.jp/api/users/fukafuka_no_inu (attempt 1/3)
2026-07-03 17:18:16 | WARNING  | 404 on https://skeb.jp/api/users/8oSSUHCnXXz4tBp (attempt 1/3)
2026-07-03 17:18:17 | INFO     | OK https://skeb.jp/api/users/mokunekoko
2026-07-03 17:18:17 | INFO     | Saving at a/skeb/mokunekoko-488ed8.json
2026-07-03 17:18:18 | WARNING  | 404 on https://skeb.jp/api/users/Henzu_23 (attempt 1/3)
2026-07-03 17:18:18 | WARNING  | 404 on https://skeb.jp/api/users/fukafuka_no_inu (attempt 2/3)
2026-07-03 17:18:20 | INFO     | OK https://skeb.jp/api/users/rasen1000ra
2026-07-03 17:18:20 | INFO     | Saving at a/skeb/rasen1000ra-dfe146.json
2026-07-03 17:18:21 | INFO     | OK https://skeb.jp/api/users/_Limuru
2026-07-03 17:18:21 | INFO     | Saving at a/skeb/_Limuru-07a05d.json
2026-07-03 17:18:22 | INFO     | OK https://skeb.jp/api/users/bathing_at_16
2026-07-03 17:18:22 | INFO     | Saving at a/skeb/bathing_at_16-0d7783.json
2026-07-03 17:18:22 | INFO     | OK https://skeb.jp/api/users/tkigsk
2026-07-03 17:18:22 | INFO     | Saving at a/skeb/tkigsk-ae650d.json
2026-07-03 17:18:24 | WARNING  | 404 on https://skeb.jp/api/users/Henzu_23 (attempt 2/3)
2026-07-03 17:18:25 | WARNING  | 404 on https://skeb.jp/api/users/fukafuka_no_inu (attempt 3/3)
2026-07-03 17:18:26 | INFO     | OK https://skeb.jp/api/users/hinkou_H
2026-07-03 17:18:26 | INFO     | Saving at a/skeb/hinkou_H-fc7af6.json
2026-07-03 17:18:27 | INFO     | OK https://skeb.jp/api/users/remonkajiri
2026-07-03 17:18:27 | INFO     | Saving at a/skeb/remonkajiri-aa3fc3.json
2026-07-03 17:18:28 | WARNING  | 404 on https://skeb.jp/api/users/vHoo__ (attempt 2/3)
2026-07-03 17:18:29 | WARNING  | 404 on https://skeb.jp/api/users/ronn_irai (attempt 1/3)
2026-07-03 17:18:30 | INFO     | OK https://skeb.jp/api/users/Vbekko
2026-07-03 17:18:30 | INFO     | Saving at a/skeb/Vbekko-a0a71a.json
2026-07-03 17:18:31 | WARNING  | 404 on https://skeb.jp/api/users/Henzu_23 (attempt 3/3)
2026-07-03 17:18:32 | WARNING  | 404 on https://skeb.jp/api/users/p_pfp5 (attempt 1/3)
2026-07-03 17:18:33 | INFO     | OK https://skeb.jp/api/users/PondeMikan__
2026-07-03 17:18:33 | INFO     | Saving at a/skeb/PondeMikan__-3388ae.json
2026-07-03 17:18:34 | INFO     | OK https://skeb.jp/api/users/macsJUM
2026-07-03 17:18:34 | INFO     | Saving at a/skeb/macsJUM-10e75c.json
2026-07-03 17:18:35 | INFO     | OK https://skeb.jp/api/users/siro_s_k_r
2026-07-03 17:18:35 | INFO     | Saving at a/skeb/siro_s_k_r-48a11d.json
2026-07-03 17:18:36 | WARNING  | 404 on https://skeb.jp/api/users/vHoo__ (attempt 3/3)
2026-07-03 17:18:37 | INFO     | OK https://skeb.jp/api/users/nekotsuki
2026-07-03 17:18:37 | INFO     | Saving at a/skeb/nekotsuki-937b35.json
2026-07-03 17:18:38 | INFO     | OK https://skeb.jp/api/users/satoutrap
2026-07-03 17:18:38 | INFO     | Saving at a/skeb/satoutrap-af27af.json
2026-07-03 17:18:39 | INFO     | OK https://skeb.jp/api/users/natsumikan_jell
2026-07-03 17:18:39 | INFO     | Saving at a/skeb/natsumikan_jell-4808da.json
2026-07-03 17:18:40 | INFO     | OK https://skeb.jp/api/users/My_t_s_kn
2026-07-03 17:18:40 | INFO     | Saving at a/skeb/My_t_s_kn-c81995.json
2026-07-03 17:18:41 | INFO     | OK https://skeb.jp/api/users/Aunn_13
2026-07-03 17:18:41 | INFO     | Saving at a/skeb/Aunn_13-3b0a71.json
2026-07-03 17:18:42 | WARNING  | 404 on https://skeb.jp/api/users/p_pfp5 (attempt 2/3)
2026-07-03 17:18:43 | INFO     | OK https://skeb.jp/api/users/n0x17
2026-07-03 17:18:43 | INFO     | Saving at a/skeb/n0x17-4d1efd.json
2026-07-03 17:18:44 | INFO     | OK https://skeb.jp/api/users/heiseichan_24
2026-07-03 17:18:44 | INFO     | Saving at a/skeb/heiseichan_24-1ebd14.json
2026-07-03 17:18:45 | WARNING  | 404 on https://skeb.jp/api/users/8oSSUHCnXXz4tBp (attempt 2/3)
2026-07-03 17:18:46 | INFO     | OK https://skeb.jp/api/users/silverial
2026-07-03 17:18:46 | INFO     | Saving at a/skeb/silverial-35094c.json
2026-07-03 17:18:47 | INFO     | OK https://skeb.jp/api/users/TOTOmiya_pachi
2026-07-03 17:18:47 | INFO     | Saving at a/skeb/TOTOmiya_pachi-2a6c73.json
2026-07-03 17:18:48 | INFO     | OK https://skeb.jp/api/users/koc087
2026-07-03 17:18:48 | INFO     | Saving at a/skeb/koc087-1deb63.json
2026-07-03 17:18:49 | WARNING  | 404 on https://skeb.jp/api/users/ronn_irai (attempt 2/3)
2026-07-03 17:18:50 | INFO     | OK https://skeb.jp/api/users/srkb_8
2026-07-03 17:18:50 | INFO     | Saving at a/skeb/srkb_8-5403e7.json
2026-07-03 17:18:51 | WARNING  | 404 on https://skeb.jp/api/users/8oSSUHCnXXz4tBp (attempt 3/3)
2026-07-03 17:18:52 | INFO     | OK https://skeb.jp/api/users/arama0u0
2026-07-03 17:18:52 | INFO     | Saving at a/skeb/arama0u0-636198.json
2026-07-03 17:18:53 | INFO     | OK https://skeb.jp/api/users/Sami86638476
2026-07-03 17:18:53 | INFO     | Saving at a/skeb/Sami86638476-a74154.json
2026-07-03 17:18:54 | INFO     | OK https://skeb.jp/api/users/kouyama_ritsu
2026-07-03 17:18:54 | INFO     | Saving at a/skeb/kouyama_ritsu-2499c1.json
2026-07-03 17:18:55 | WARNING  | 404 on https://skeb.jp/api/users/p_pfp5 (attempt 3/3)
2026-07-03 17:18:56 | INFO     | OK https://skeb.jp/api/users/shumai_mai
2026-07-03 17:18:56 | INFO     | Saving at a/skeb/shumai_mai-65a679.json
2026-07-03 17:18:57 | INFO     | OK https://skeb.jp/api/users/mkmk__999
2026-07-03 17:18:57 | INFO     | Saving at a/skeb/mkmk__999-4bba04.json
2026-07-03 17:18:58 | WARNING  | 404 on https://skeb.jp/api/users/ronn_irai (attempt 3/3)
2026-07-03 17:18:59 | INFO     | OK https://skeb.jp/api/users/Aiueokakiku
2026-07-03 17:18:59 | INFO     | Saving at a/skeb/Aiueokakiku-9559c1.json
2026-07-03 17:19:00 | INFO     | OK https://skeb.jp/api/users/Feestiva1
2026-07-03 17:19:00 | INFO     | Saving at a/skeb/Feestiva1-dcd2f9.json
2026-07-03 17:19:01 | INFO     | OK https://skeb.jp/api/users/ku_oh
2026-07-03 17:19:01 | INFO     | Saving at a/skeb/ku_oh-a12c81.json
2026-07-03 17:19:02 | INFO     | OK https://skeb.jp/api/users/inu_uni__
2026-07-03 17:19:02 | INFO     | Saving at a/skeb/inu_uni__-3182fb.json
2026-07-03 17:19:03 | INFO     | OK https://skeb.jp/api/users/k_arasum_i
2026-07-03 17:19:03 | INFO     | Saving at a/skeb/k_arasum_i-fc35bc.json
2026-07-03 17:19:04 | INFO     | OK https://skeb.jp/api/users/kemoobake2
2026-07-03 17:19:04 | INFO     | Saving at a/skeb/kemoobake2-317924.json
2026-07-03 17:19:05 | INFO     | OK https://skeb.jp/api/users/nukozuke252k
2026-07-03 17:19:05 | INFO     | Saving at a/skeb/nukozuke252k-f59986.json
2026-07-03 17:19:06 | INFO     | OK https://skeb.jp/api/users/396_o0
2026-07-03 17:19:06 | INFO     | Saving at a/skeb/396_o0-1de885.json
2026-07-03 17:19:07 | WARNING  | 404 on https://skeb.jp/api/users/NOm0y0i (attempt 1/3)
2026-07-03 17:19:08 | WARNING  | 404 on https://skeb.jp/api/users/soraumi2000_50_ (attempt 1/3)
2026-07-03 17:19:09 | INFO     | OK https://skeb.jp/api/users/rime_syure
2026-07-03 17:19:09 | INFO     | Saving at a/skeb/rime_syure-efa6e6.json
2026-07-03 17:19:10 | INFO     | OK https://skeb.jp/api/users/yoyu_n
2026-07-03 17:19:10 | INFO     | Saving at a/skeb/yoyu_n-f7133e.json
2026-07-03 17:19:10 | WARNING  | 404 on https://skeb.jp/api/users/NOm0y0i (attempt 2/3)
2026-07-03 17:19:12 | WARNING  | 404 on https://skeb.jp/api/users/se3ifinal (attempt 1/3)
2026-07-03 17:19:13 | INFO     | OK https://skeb.jp/api/users/udk_00
2026-07-03 17:19:13 | INFO     | Saving at a/skeb/udk_00-ab84ba.json
2026-07-03 17:19:14 | INFO     | OK https://skeb.jp/api/users/oktt_a
2026-07-03 17:19:14 | INFO     | Saving at a/skeb/oktt_a-530b9f.json
2026-07-03 17:19:15 | INFO     | OK https://skeb.jp/api/users/skrin10
2026-07-03 17:19:15 | INFO     | Saving at a/skeb/skrin10-fbce15.json
2026-07-03 17:19:15 | WARNING  | 404 on https://skeb.jp/api/users/se3ifinal (attempt 2/3)
2026-07-03 17:19:17 | INFO     | OK https://skeb.jp/api/users/to14go6
2026-07-03 17:19:17 | INFO     | Saving at a/skeb/to14go6-fe762b.json
2026-07-03 17:19:18 | WARNING  | 404 on https://skeb.jp/api/users/NOm0y0i (attempt 3/3)
2026-07-03 17:19:19 | INFO     | OK https://skeb.jp/api/users/cha2_kamimaru
2026-07-03 17:19:19 | INFO     | Saving at a/skeb/cha2_kamimaru-c639b4.json
2026-07-03 17:19:20 | INFO     | OK https://skeb.jp/api/users/_narikawa_
2026-07-03 17:19:20 | INFO     | Saving at a/skeb/_narikawa_-161f04.json
2026-07-03 17:19:21 | INFO     | OK https://skeb.jp/api/users/jupiter_moku44
2026-07-03 17:19:21 | INFO     | Saving at a/skeb/jupiter_moku44-562efb.json
2026-07-03 17:19:22 | INFO     | OK https://skeb.jp/api/users/studio_lid
2026-07-03 17:19:22 | INFO     | Saving at a/skeb/studio_lid-958ec8.json
2026-07-03 17:19:23 | INFO     | OK https://skeb.jp/api/users/NW10ri
2026-07-03 17:19:23 | INFO     | Saving at a/skeb/NW10ri-c39e93.json
2026-07-03 17:19:24 | WARNING  | 404 on https://skeb.jp/api/users/soraumi2000_50_ (attempt 2/3)
2026-07-03 17:19:25 | INFO     | OK https://skeb.jp/api/users/azmn_SAN
2026-07-03 17:19:25 | INFO     | Saving at a/skeb/azmn_SAN-783fea.json
2026-07-03 17:19:26 | INFO     | OK https://skeb.jp/api/users/Yochibit
2026-07-03 17:19:26 | INFO     | Saving at a/skeb/Yochibit-0d31c9.json
2026-07-03 17:19:27 | WARNING  | 404 on https://skeb.jp/api/users/toxizaki (attempt 1/3)
2026-07-03 17:19:28 | INFO     | OK https://skeb.jp/api/users/neco__x3
2026-07-03 17:19:28 | INFO     | Saving at a/skeb/neco__x3-c32fa2.json
2026-07-03 17:19:28 | WARNING  | 404 on https://skeb.jp/api/users/soraumi2000_50_ (attempt 3/3)
2026-07-03 17:19:30 | INFO     | OK https://skeb.jp/api/users/AKLL_TK
2026-07-03 17:19:30 | INFO     | Saving at a/skeb/AKLL_TK-60c89a.json
2026-07-03 17:19:31 | INFO     | OK https://skeb.jp/api/users/960marumaru
2026-07-03 17:19:31 | INFO     | Saving at a/skeb/960marumaru-77f6fe.json
2026-07-03 17:19:32 | WARNING  | 404 on https://skeb.jp/api/users/nyatta_san (attempt 1/3)
2026-07-03 17:19:33 | INFO     | OK https://skeb.jp/api/users/tyomu_101
2026-07-03 17:19:33 | INFO     | Saving at a/skeb/tyomu_101-c36f0a.json
2026-07-03 17:19:34 | WARNING  | 404 on https://skeb.jp/api/users/se3ifinal (attempt 3/3)
2026-07-03 17:19:35 | INFO     | OK https://skeb.jp/api/users/Nanakorobi_Dice
2026-07-03 17:19:35 | INFO     | Saving at a/skeb/Nanakorobi_Dice-9f80e4.json
2026-07-03 17:19:35 | WARNING  | 404 on https://skeb.jp/api/users/nyatta_san (attempt 2/3)
2026-07-03 17:19:37 | INFO     | OK https://skeb.jp/api/users/_eb000
2026-07-03 17:19:37 | INFO     | Saving at a/skeb/_eb000-c0c589.json
2026-07-03 17:19:38 | INFO     | OK https://skeb.jp/api/users/muriemon0911
2026-07-03 17:19:38 | INFO     | Saving at a/skeb/muriemon0911-7018e4.json
2026-07-03 17:19:39 | INFO     | OK https://skeb.jp/api/users/ekakidayo_
2026-07-03 17:19:39 | INFO     | Saving at a/skeb/ekakidayo_-ad5eed.json
2026-07-03 17:19:40 | INFO     | OK https://skeb.jp/api/users/Aomi_illust
2026-07-03 17:19:40 | INFO     | Saving at a/skeb/Aomi_illust-91f5be.json
2026-07-03 17:19:41 | INFO     | OK https://skeb.jp/api/users/hn_kansokujyo
2026-07-03 17:19:41 | INFO     | Saving at a/skeb/hn_kansokujyo-16c3ca.json
2026-07-03 17:19:42 | INFO     | OK https://skeb.jp/api/users/sakamine_P
2026-07-03 17:19:42 | INFO     | Saving at a/skeb/sakamine_P-8b675a.json
2026-07-03 17:19:43 | INFO     | OK https://skeb.jp/api/users/wogiosan
2026-07-03 17:19:43 | INFO     | Saving at a/skeb/wogiosan-be175b.json
2026-07-03 17:19:44 | WARNING  | 404 on https://skeb.jp/api/users/toxizaki (attempt 2/3)
2026-07-03 17:19:45 | INFO     | OK https://skeb.jp/api/users/ila_crtr
2026-07-03 17:19:45 | INFO     | Saving at a/skeb/ila_crtr-6221d5.json
2026-07-03 17:19:46 | INFO     | OK https://skeb.jp/api/users/mashiron_33
2026-07-03 17:19:46 | INFO     | Saving at a/skeb/mashiron_33-d8aab9.json
2026-07-03 17:19:47 | INFO     | OK https://skeb.jp/api/users/6joma_kbys
2026-07-03 17:19:47 | INFO     | Saving at a/skeb/6joma_kbys-ef46e8.json
2026-07-03 17:19:48 | INFO     | OK https://skeb.jp/api/users/KUJIRABA
2026-07-03 17:19:48 | INFO     | Saving at a/skeb/KUJIRABA-5b57ee.json
2026-07-03 17:19:49 | INFO     | OK https://skeb.jp/api/users/mizumi_is_ok_
2026-07-03 17:19:49 | INFO     | Saving at a/skeb/mizumi_is_ok_-9b04d3.json
2026-07-03 17:19:50 | INFO     | OK https://skeb.jp/api/users/SazanamiChannel
2026-07-03 17:19:50 | INFO     | Saving at a/skeb/SazanamiChannel-16e381.json
2026-07-03 17:19:51 | WARNING  | 404 on https://skeb.jp/api/users/nyatta_san (attempt 3/3)
2026-07-03 17:19:52 | INFO     | OK https://skeb.jp/api/users/nemuru_pata
2026-07-03 17:19:52 | INFO     | Saving at a/skeb/nemuru_pata-44b003.json
2026-07-03 17:19:53 | INFO     | OK https://skeb.jp/api/users/janome_4138
2026-07-03 17:19:53 | INFO     | Saving at a/skeb/janome_4138-0bf267.json
2026-07-03 17:19:54 | INFO     | OK https://skeb.jp/api/users/puipuntan
2026-07-03 17:19:54 | INFO     | Saving at a/skeb/puipuntan-a6c0a6.json
2026-07-03 17:19:55 | INFO     | OK https://skeb.jp/api/users/arigataki_k
2026-07-03 17:19:55 | INFO     | Saving at a/skeb/arigataki_k-6dd03f.json
2026-07-03 17:19:56 | INFO     | OK https://skeb.jp/api/users/ArrMvi
2026-07-03 17:19:56 | INFO     | Saving at a/skeb/ArrMvi-759e17.json
2026-07-03 17:19:57 | INFO     | OK https://skeb.jp/api/users/ozyo1221
2026-07-03 17:19:57 | INFO     | Saving at a/skeb/ozyo1221-b25937.json
2026-07-03 17:19:58 | INFO     | OK https://skeb.jp/api/users/sabowao3
2026-07-03 17:19:58 | INFO     | Saving at a/skeb/sabowao3-aa2d04.json
2026-07-03 17:19:59 | WARNING  | 404 on https://skeb.jp/api/users/Llu_ulg (attempt 1/3)
2026-07-03 17:20:00 | INFO     | OK https://skeb.jp/api/users/Valletta___
2026-07-03 17:20:00 | INFO     | Saving at a/skeb/Valletta___-e5738b.json
2026-07-03 17:20:01 | INFO     | OK https://skeb.jp/api/users/Am__1192__02
2026-07-03 17:20:01 | INFO     | Saving at a/skeb/Am__1192__02-34b8a8.json
2026-07-03 17:20:02 | WARNING  | 404 on https://skeb.jp/api/users/yamin_himamo23 (attempt 1/3)
2026-07-03 17:20:03 | INFO     | OK https://skeb.jp/api/users/SonodaEco
2026-07-03 17:20:03 | INFO     | Saving at a/skeb/SonodaEco-bc46ff.json
2026-07-03 17:20:04 | WARNING  | 404 on https://skeb.jp/api/users/T4k73gqSZ26h5si (attempt 1/3)
2026-07-03 17:20:05 | WARNING  | 404 on https://skeb.jp/api/users/77_t2w (attempt 1/3)
2026-07-03 17:20:06 | WARNING  | 404 on https://skeb.jp/api/users/Uo_oU_us (attempt 1/3)
2026-07-03 17:20:07 | WARNING  | 404 on https://skeb.jp/api/users/T4k73gqSZ26h5si (attempt 2/3)
2026-07-03 17:20:08 | INFO     | OK https://skeb.jp/api/users/YuTia_drops
2026-07-03 17:20:08 | INFO     | Saving at a/skeb/YuTia_drops-354072.json
2026-07-03 17:20:09 | WARNING  | 404 on https://skeb.jp/api/users/77_t2w (attempt 2/3)
2026-07-03 17:20:10 | WARNING  | 404 on https://skeb.jp/api/users/Llu_ulg (attempt 2/3)
2026-07-03 17:20:11 | INFO     | OK https://skeb.jp/api/users/nyanko5118
2026-07-03 17:20:11 | INFO     | Saving at a/skeb/nyanko5118-6cac32.json
2026-07-03 17:20:12 | INFO     | OK https://skeb.jp/api/users/kumackpanic
2026-07-03 17:20:12 | INFO     | Saving at a/skeb/kumackpanic-8f39e4.json
2026-07-03 17:20:13 | WARNING  | 404 on https://skeb.jp/api/users/T4k73gqSZ26h5si (attempt 3/3)
2026-07-03 17:20:14 | INFO     | OK https://skeb.jp/api/users/sameRR_ir
2026-07-03 17:20:14 | INFO     | Saving at a/skeb/sameRR_ir-6588cd.json
2026-07-03 17:20:15 | WARNING  | 404 on https://skeb.jp/api/users/yamin_himamo23 (attempt 2/3)
2026-07-03 17:20:16 | INFO     | OK https://skeb.jp/api/users/Tiba_21
2026-07-03 17:20:16 | INFO     | Saving at a/skeb/Tiba_21-a1d1bd.json
2026-07-03 17:20:17 | INFO     | OK https://skeb.jp/api/users/ma_mu_CHAN_
2026-07-03 17:20:17 | INFO     | Saving at a/skeb/ma_mu_CHAN_-afac27.json
2026-07-03 17:20:18 | WARNING  | 404 on https://skeb.jp/api/users/Uo_oU_us (attempt 2/3)
2026-07-03 17:20:19 | INFO     | OK https://skeb.jp/api/users/sorairo_robot
2026-07-03 17:20:19 | INFO     | Saving at a/skeb/sorairo_robot-04351c.json
2026-07-03 17:20:20 | WARNING  | 404 on https://skeb.jp/api/users/Llu_ulg (attempt 3/3)
2026-07-03 17:20:21 | WARNING  | 404 on https://skeb.jp/api/users/yamin_himamo23 (attempt 3/3)
2026-07-03 17:20:22 | WARNING  | 404 on https://skeb.jp/api/users/toxizaki (attempt 3/3)
2026-07-03 17:20:23 | INFO     | OK https://skeb.jp/api/users/yamytaisa
2026-07-03 17:20:23 | INFO     | Saving at a/skeb/yamytaisa-a6e119.json
2026-07-03 17:20:24 | INFO     | OK https://skeb.jp/api/users/Chocolat_Vtuber
2026-07-03 17:20:24 | INFO     | Saving at a/skeb/Chocolat_Vtuber-7031a4.json
2026-07-03 17:20:25 | WARNING  | 404 on https://skeb.jp/api/users/sakayama_lazuli (attempt 1/3)
2026-07-03 17:20:26 | INFO     | OK https://skeb.jp/api/users/inui_komachi
2026-07-03 17:20:26 | INFO     | Saving at a/skeb/inui_komachi-8749ad.json
2026-07-03 17:20:27 | INFO     | OK https://skeb.jp/api/users/daidaramochi
2026-07-03 17:20:27 | INFO     | Saving at a/skeb/daidaramochi-8fe96e.json
2026-07-03 17:20:28 | WARNING  | 404 on https://skeb.jp/api/users/sakayama_lazuli (attempt 2/3)
2026-07-03 17:20:29 | INFO     | OK https://skeb.jp/api/users/hand5196DF
2026-07-03 17:20:29 | INFO     | Saving at a/skeb/hand5196DF-bb2c4e.json
2026-07-03 17:20:30 | WARNING  | 404 on https://skeb.jp/api/users/Uo_oU_us (attempt 3/3)
2026-07-03 17:20:31 | WARNING  | 404 on https://skeb.jp/api/users/77_t2w (attempt 3/3)
2026-07-03 17:20:32 | INFO     | OK https://skeb.jp/api/users/kikurage4646
2026-07-03 17:20:32 | INFO     | Saving at a/skeb/kikurage4646-068889.json
2026-07-03 17:20:33 | INFO     | OK https://skeb.jp/api/users/pikatayorikome
2026-07-03 17:20:33 | INFO     | Saving at a/skeb/pikatayorikome-2438a4.json
2026-07-03 17:20:34 | WARNING  | 404 on https://skeb.jp/api/users/sakayama_lazuli (attempt 3/3)
2026-07-03 17:20:35 | INFO     | OK https://skeb.jp/api/users/hakuun
2026-07-03 17:20:35 | INFO     | Saving at a/skeb/hakuun-83ac5c.json
2026-07-03 17:20:36 | INFO     | OK https://skeb.jp/api/users/fightersmars
2026-07-03 17:20:36 | INFO     | Saving at a/skeb/fightersmars-7f92b2.json
2026-07-03 17:20:37 | INFO     | OK https://skeb.jp/api/users/FBTEQtkLlO182NS
2026-07-03 17:20:37 | INFO     | Saving at a/skeb/FBTEQtkLlO182NS-5eb497.json
2026-07-03 17:20:38 | INFO     | OK https://skeb.jp/api/users/TYUMA_TEPPOU
2026-07-03 17:20:38 | INFO     | Saving at a/skeb/TYUMA_TEPPOU-38e5ec.json
2026-07-03 17:20:38 | INFO     |  --- SUMMARY REPORT --- 
  Sources Retreived    : 384
  Profiles Fetched     : 340
  Profile Missing      : 44
  Profile Rate Limited : 0
  Profile Error Others : 0

2026-07-03 17:20:38 | INFO     | Started creating static api data.
2026-07-03 17:22:28 | INFO     | Album index written to a/albums/index.json (334 albums)
