2026-06-29 16:26:05 | INFO     | Initialized Data Store.
2026-06-29 16:26:06 | INFO     | Homepage GET status=429 (attempt 1/3)
2026-06-29 16:26:06 | INFO     | Cookie extracted [request_key=...].
2026-06-29 16:26:06 | INFO     | SkebClient ready (impersonate=chrome120, rate=1.0/s, concurrency=10, max_runtime=4800s)
2026-06-29 16:27:31 | INFO     | Ready to scrape 111 items
2026-06-29 16:27:31 | WARNING  | 404 on https://skeb.jp/api/users/ronn_irai (attempt 1/3)
2026-06-29 16:27:32 | WARNING  | 404 on https://skeb.jp/api/users/pgpcvDCE9G (attempt 1/3)
2026-06-29 16:27:33 | INFO     | OK https://skeb.jp/api/users/yui_panda09
2026-06-29 16:27:33 | INFO     | Saving at a/skeb/yui_panda09-db73d4.json
2026-06-29 16:27:34 | WARNING  | 404 on https://skeb.jp/api/users/923kaku (attempt 1/3)
2026-06-29 16:27:35 | INFO     | OK https://skeb.jp/api/users/namiminora
2026-06-29 16:27:35 | INFO     | Saving at a/skeb/namiminora-97b252.json
2026-06-29 16:27:36 | WARNING  | 404 on https://skeb.jp/api/users/pgpcvDCE9G (attempt 2/3)
2026-06-29 16:27:37 | WARNING  | 404 on https://skeb.jp/api/users/EDO__nyan (attempt 1/3)
2026-06-29 16:27:38 | WARNING  | 404 on https://skeb.jp/api/users/kagoyama_sns (attempt 1/3)
2026-06-29 16:27:39 | INFO     | OK https://skeb.jp/api/users/akimoto1315
2026-06-29 16:27:39 | INFO     | Saving at a/skeb/akimoto1315-e859eb.json
2026-06-29 16:27:40 | WARNING  | 404 on https://skeb.jp/api/users/EDO__nyan (attempt 2/3)
2026-06-29 16:27:41 | INFO     | OK https://skeb.jp/api/users/0411pzero
2026-06-29 16:27:41 | INFO     | Saving at a/skeb/0411pzero-8b0b21.json
2026-06-29 16:27:42 | WARNING  | 404 on https://skeb.jp/api/users/ghcfujfc1 (attempt 1/3)
2026-06-29 16:27:43 | INFO     | OK https://skeb.jp/api/users/KntSmf
2026-06-29 16:27:43 | INFO     | Saving at a/skeb/KntSmf-d7468b.json
2026-06-29 16:27:44 | WARNING  | 404 on https://skeb.jp/api/users/pgpcvDCE9G (attempt 3/3)
2026-06-29 16:27:45 | WARNING  | 404 on https://skeb.jp/api/users/EDO__nyan (attempt 3/3)
2026-06-29 16:27:46 | INFO     | OK https://skeb.jp/api/users/kaikoika1126
2026-06-29 16:27:46 | INFO     | Saving at a/skeb/kaikoika1126-5184ef.json
2026-06-29 16:27:47 | WARNING  | 404 on https://skeb.jp/api/users/ronn_irai (attempt 2/3)
2026-06-29 16:27:48 | INFO     | OK https://skeb.jp/api/users/nikko5
2026-06-29 16:27:48 | INFO     | Saving at a/skeb/nikko5-e9c944.json
2026-06-29 16:27:49 | WARNING  | 404 on https://skeb.jp/api/users/toxizaki (attempt 1/3)
2026-06-29 16:27:50 | INFO     | OK https://skeb.jp/api/users/H_Natsu_kaze_
2026-06-29 16:27:50 | INFO     | Saving at a/skeb/H_Natsu_kaze_-aa0196.json
2026-06-29 16:27:51 | WARNING  | 404 on https://skeb.jp/api/users/923kaku (attempt 2/3)
2026-06-29 16:27:52 | WARNING  | 404 on https://skeb.jp/api/users/ghcfujfc1 (attempt 2/3)
2026-06-29 16:27:53 | WARNING  | 404 on https://skeb.jp/api/users/ronn_irai (attempt 3/3)
2026-06-29 16:27:54 | WARNING  | 404 on https://skeb.jp/api/users/kagoyama_sns (attempt 2/3)
2026-06-29 16:27:55 | INFO     | OK https://skeb.jp/api/users/Lit_o76o
2026-06-29 16:27:55 | INFO     | Saving at a/skeb/Lit_o76o-6f9cfc.json
2026-06-29 16:27:56 | INFO     | OK https://skeb.jp/api/users/amamorichannu
2026-06-29 16:27:56 | INFO     | Saving at a/skeb/amamorichannu-a67751.json
2026-06-29 16:27:57 | WARNING  | 404 on https://skeb.jp/api/users/ghcfujfc1 (attempt 3/3)
2026-06-29 16:27:58 | INFO     | OK https://skeb.jp/api/users/sawana____2
2026-06-29 16:27:58 | INFO     | Saving at a/skeb/sawana____2-9f99e1.json
2026-06-29 16:27:59 | INFO     | OK https://skeb.jp/api/users/oekakakisuru
2026-06-29 16:27:59 | INFO     | Saving at a/skeb/oekakakisuru-515efe.json
2026-06-29 16:28:00 | WARNING  | 404 on https://skeb.jp/api/users/923kaku (attempt 3/3)
2026-06-29 16:28:01 | WARNING  | 404 on https://skeb.jp/api/users/Axnya (attempt 1/3)
2026-06-29 16:28:02 | INFO     | OK https://skeb.jp/api/users/sssndsss
2026-06-29 16:28:02 | INFO     | Saving at a/skeb/sssndsss-b8fa77.json
2026-06-29 16:28:03 | WARNING  | 404 on https://skeb.jp/api/users/toxizaki (attempt 2/3)
2026-06-29 16:28:04 | WARNING  | 404 on https://skeb.jp/api/users/fukafuka_no_inu (attempt 1/3)
2026-06-29 16:28:05 | WARNING  | 404 on https://skeb.jp/api/users/Axnya (attempt 2/3)
2026-06-29 16:28:06 | INFO     | OK https://skeb.jp/api/users/l_c_g_y
2026-06-29 16:28:06 | INFO     | Saving at a/skeb/l_c_g_y-e7105f.json
2026-06-29 16:28:07 | INFO     | OK https://skeb.jp/api/users/oekakinoore
2026-06-29 16:28:07 | INFO     | Saving at a/skeb/oekakinoore-64f7fa.json
2026-06-29 16:28:08 | WARNING  | 404 on https://skeb.jp/api/users/fukafuka_no_inu (attempt 2/3)
2026-06-29 16:28:09 | WARNING  | 404 on https://skeb.jp/api/users/toxizaki (attempt 3/3)
2026-06-29 16:28:10 | INFO     | OK https://skeb.jp/api/users/wanko_rori
2026-06-29 16:28:10 | INFO     | Saving at a/skeb/wanko_rori-81cadf.json
2026-06-29 16:28:11 | WARNING  | 404 on https://skeb.jp/api/users/Axnya (attempt 3/3)
2026-06-29 16:28:12 | INFO     | OK https://skeb.jp/api/users/kuzu_tya
2026-06-29 16:28:12 | INFO     | Saving at a/skeb/kuzu_tya-7e020b.json
2026-06-29 16:28:13 | WARNING  | 404 on https://skeb.jp/api/users/fukafuka_no_inu (attempt 3/3)
2026-06-29 16:28:14 | WARNING  | 404 on https://skeb.jp/api/users/29Kota2 (attempt 1/3)
2026-06-29 16:28:15 | INFO     | OK https://skeb.jp/api/users/OwAekxR8Hl
2026-06-29 16:28:15 | INFO     | Saving at a/skeb/OwAekxR8Hl-2ef913.json
2026-06-29 16:28:16 | INFO     | OK https://skeb.jp/api/users/suzuki_tamaki_3
2026-06-29 16:28:16 | INFO     | Saving at a/skeb/suzuki_tamaki_3-ba6f6e.json
2026-06-29 16:28:17 | WARNING  | 404 on https://skeb.jp/api/users/29Kota2 (attempt 2/3)
2026-06-29 16:28:18 | INFO     | OK https://skeb.jp/api/users/YzFxpi
2026-06-29 16:28:18 | INFO     | Saving at a/skeb/YzFxpi-f37bfc.json
2026-06-29 16:28:19 | WARNING  | 404 on https://skeb.jp/api/users/meguru_nero (attempt 1/3)
2026-06-29 16:28:20 | INFO     | OK https://skeb.jp/api/users/AMIRIARI78
2026-06-29 16:28:20 | INFO     | Saving at a/skeb/AMIRIARI78-902a47.json
2026-06-29 16:28:21 | INFO     | OK https://skeb.jp/api/users/fukono_
2026-06-29 16:28:21 | INFO     | Saving at a/skeb/fukono_-939ffe.json
2026-06-29 16:28:22 | INFO     | OK https://skeb.jp/api/users/youshi416
2026-06-29 16:28:22 | INFO     | Saving at a/skeb/youshi416-395031.json
2026-06-29 16:28:23 | WARNING  | 404 on https://skeb.jp/api/users/meguru_nero (attempt 2/3)
2026-06-29 16:28:24 | WARNING  | 404 on https://skeb.jp/api/users/polar_kuma62 (attempt 1/3)
2026-06-29 16:28:25 | WARNING  | 404 on https://skeb.jp/api/users/Geshi_to_ (attempt 1/3)
2026-06-29 16:28:26 | WARNING  | 404 on https://skeb.jp/api/users/29Kota2 (attempt 3/3)
2026-06-29 16:28:27 | INFO     | OK https://skeb.jp/api/users/torutori
2026-06-29 16:28:27 | INFO     | Saving at a/skeb/torutori-c3c6a7.json
2026-06-29 16:28:28 | WARNING  | 404 on https://skeb.jp/api/users/meguru_nero (attempt 3/3)
2026-06-29 16:28:29 | WARNING  | 404 on https://skeb.jp/api/users/sakayama_lazuli (attempt 1/3)
2026-06-29 16:28:30 | INFO     | OK https://skeb.jp/api/users/Whiterabbit_55
2026-06-29 16:28:30 | INFO     | Saving at a/skeb/Whiterabbit_55-5f6380.json
2026-06-29 16:28:31 | WARNING  | 404 on https://skeb.jp/api/users/Geshi_to_ (attempt 2/3)
2026-06-29 16:28:32 | WARNING  | 404 on https://skeb.jp/api/users/3hankikan0220 (attempt 1/3)
2026-06-29 16:28:33 | WARNING  | 404 on https://skeb.jp/api/users/sakayama_lazuli (attempt 2/3)
2026-06-29 16:28:34 | INFO     | OK https://skeb.jp/api/users/gizzen2001
2026-06-29 16:28:34 | INFO     | Saving at a/skeb/gizzen2001-2a110f.json
2026-06-29 16:28:35 | INFO     | OK https://skeb.jp/api/users/majikichi915
2026-06-29 16:28:35 | INFO     | Saving at a/skeb/majikichi915-8a0c85.json
2026-06-29 16:28:36 | WARNING  | 404 on https://skeb.jp/api/users/m3x3_sk (attempt 1/3)
2026-06-29 16:28:37 | WARNING  | 404 on https://skeb.jp/api/users/yamin_himamo23 (attempt 1/3)
2026-06-29 16:28:38 | INFO     | OK https://skeb.jp/api/users/pompeii0_
2026-06-29 16:28:38 | INFO     | Saving at a/skeb/pompeii0_-14270f.json
2026-06-29 16:28:39 | WARNING  | 404 on https://skeb.jp/api/users/sakayama_lazuli (attempt 3/3)
2026-06-29 16:28:40 | WARNING  | 404 on https://skeb.jp/api/users/Geshi_to_ (attempt 3/3)
2026-06-29 16:28:41 | WARNING  | 404 on https://skeb.jp/api/users/fm7hxj (attempt 1/3)
2026-06-29 16:28:42 | WARNING  | 404 on https://skeb.jp/api/users/soraumi2000_50_ (attempt 1/3)
2026-06-29 16:28:43 | WARNING  | 404 on https://skeb.jp/api/users/polar_kuma62 (attempt 2/3)
2026-06-29 16:28:44 | WARNING  | 404 on https://skeb.jp/api/users/fm7hxj (attempt 2/3)
2026-06-29 16:28:45 | INFO     | OK https://skeb.jp/api/users/ITOUIZUCHI
2026-06-29 16:28:45 | INFO     | Saving at a/skeb/ITOUIZUCHI-bde885.json
2026-06-29 16:28:46 | WARNING  | 404 on https://skeb.jp/api/users/soraumi2000_50_ (attempt 2/3)
2026-06-29 16:28:47 | WARNING  | 404 on https://skeb.jp/api/users/yamin_himamo23 (attempt 2/3)
2026-06-29 16:28:48 | INFO     | OK https://skeb.jp/api/users/keyaki_hotate
2026-06-29 16:28:48 | INFO     | Saving at a/skeb/keyaki_hotate-37cc30.json
2026-06-29 16:28:49 | WARNING  | 404 on https://skeb.jp/api/users/polar_kuma62 (attempt 3/3)
2026-06-29 16:28:50 | WARNING  | 404 on https://skeb.jp/api/users/p_pfp5 (attempt 1/3)
2026-06-29 16:28:51 | WARNING  | 404 on https://skeb.jp/api/users/8oSSUHCnXXz4tBp (attempt 1/3)
2026-06-29 16:28:52 | WARNING  | 404 on https://skeb.jp/api/users/nyatta_san (attempt 1/3)
2026-06-29 16:28:53 | INFO     | OK https://skeb.jp/api/users/iro_aw
2026-06-29 16:28:53 | INFO     | Saving at a/skeb/iro_aw-614670.json
2026-06-29 16:28:54 | WARNING  | 404 on https://skeb.jp/api/users/p_pfp5 (attempt 2/3)
2026-06-29 16:28:55 | WARNING  | 404 on https://skeb.jp/api/users/8oSSUHCnXXz4tBp (attempt 2/3)
2026-06-29 16:28:56 | WARNING  | 404 on https://skeb.jp/api/users/nyatta_san (attempt 2/3)
2026-06-29 16:28:57 | WARNING  | 404 on https://skeb.jp/api/users/m3x3_sk (attempt 2/3)
2026-06-29 16:28:58 | WARNING  | 404 on https://skeb.jp/api/users/fm7hxj (attempt 3/3)
2026-06-29 16:28:59 | WARNING  | 404 on https://skeb.jp/api/users/kagoyama_sns (attempt 3/3)
2026-06-29 16:29:00 | INFO     | OK https://skeb.jp/api/users/K___san___
2026-06-29 16:29:00 | INFO     | Saving at a/skeb/K___san___-660a16.json
2026-06-29 16:29:01 | WARNING  | 404 on https://skeb.jp/api/users/8oSSUHCnXXz4tBp (attempt 3/3)
2026-06-29 16:29:02 | WARNING  | 404 on https://skeb.jp/api/users/3hankikan0220 (attempt 2/3)
2026-06-29 16:29:03 | WARNING  | 404 on https://skeb.jp/api/users/Uo_oU_us (attempt 1/3)
2026-06-29 16:29:04 | WARNING  | 404 on https://skeb.jp/api/users/vHoo__ (attempt 1/3)
2026-06-29 16:29:05 | WARNING  | 404 on https://skeb.jp/api/users/nyatta_san (attempt 3/3)
2026-06-29 16:29:06 | WARNING  | 404 on https://skeb.jp/api/users/p_pfp5 (attempt 3/3)
2026-06-29 16:29:07 | WARNING  | 404 on https://skeb.jp/api/users/3hankikan0220 (attempt 3/3)
2026-06-29 16:29:08 | WARNING  | 404 on https://skeb.jp/api/users/yamin_himamo23 (attempt 3/3)
2026-06-29 16:29:09 | WARNING  | 404 on https://skeb.jp/api/users/lkjeudnduy44 (attempt 1/3)
2026-06-29 16:29:10 | INFO     | OK https://skeb.jp/api/users/amaetenshi
2026-06-29 16:29:10 | INFO     | Saving at a/skeb/amaetenshi-7030fd.json
2026-06-29 16:29:11 | WARNING  | 404 on https://skeb.jp/api/users/vHoo__ (attempt 2/3)
2026-06-29 16:29:12 | WARNING  | 404 on https://skeb.jp/api/users/lkjeudnduy44 (attempt 2/3)
2026-06-29 16:29:13 | WARNING  | 404 on https://skeb.jp/api/users/Uo_oU_us (attempt 2/3)
2026-06-29 16:29:14 | WARNING  | 404 on https://skeb.jp/api/users/m3x3_sk (attempt 3/3)
2026-06-29 16:29:15 | INFO     | OK https://skeb.jp/api/users/Chor_o0
2026-06-29 16:29:15 | INFO     | Saving at a/skeb/Chor_o0-4978cf.json
2026-06-29 16:29:16 | INFO     | OK https://skeb.jp/api/users/yamamori_gyoza
2026-06-29 16:29:16 | INFO     | Saving at a/skeb/yamamori_gyoza-774ae2.json
2026-06-29 16:29:17 | WARNING  | 404 on https://skeb.jp/api/users/Iam_Ciikawa (attempt 1/3)
2026-06-29 16:29:18 | INFO     | OK https://skeb.jp/api/users/saku_39suu2
2026-06-29 16:29:18 | INFO     | Saving at a/skeb/saku_39suu2-95f7a9.json
2026-06-29 16:29:19 | WARNING  | 404 on https://skeb.jp/api/users/soraumi2000_50_ (attempt 3/3)
2026-06-29 16:29:20 | INFO     | OK https://skeb.jp/api/users/kawasa_ki29
2026-06-29 16:29:20 | INFO     | Saving at a/skeb/kawasa_ki29-e324ea.json
2026-06-29 16:29:21 | WARNING  | 404 on https://skeb.jp/api/users/Iam_Ciikawa (attempt 2/3)
2026-06-29 16:29:22 | INFO     | OK https://skeb.jp/api/users/AraiAkatuki
2026-06-29 16:29:22 | INFO     | Saving at a/skeb/AraiAkatuki-0348dc.json
2026-06-29 16:29:23 | WARNING  | 404 on https://skeb.jp/api/users/lkjeudnduy44 (attempt 3/3)
2026-06-29 16:29:24 | WARNING  | 404 on https://skeb.jp/api/users/mimei_Illust (attempt 1/3)
2026-06-29 16:29:25 | WARNING  | 404 on https://skeb.jp/api/users/Uo_oU_us (attempt 3/3)
2026-06-29 16:29:26 | WARNING  | 404 on https://skeb.jp/api/users/mimamorichan (attempt 1/3)
2026-06-29 16:29:27 | WARNING  | 404 on https://skeb.jp/api/users/77_t2w (attempt 1/3)
2026-06-29 16:29:28 | WARNING  | 404 on https://skeb.jp/api/users/Iam_Ciikawa (attempt 3/3)
2026-06-29 16:29:29 | WARNING  | 404 on https://skeb.jp/api/users/mimamorichan (attempt 2/3)
2026-06-29 16:29:30 | INFO     | OK https://skeb.jp/api/users/setoaihara
2026-06-29 16:29:30 | INFO     | Saving at a/skeb/setoaihara-519153.json
2026-06-29 16:29:31 | WARNING  | 404 on https://skeb.jp/api/users/77_t2w (attempt 2/3)
2026-06-29 16:29:32 | WARNING  | 404 on https://skeb.jp/api/users/se3ifinal (attempt 1/3)
2026-06-29 16:29:33 | WARNING  | 404 on https://skeb.jp/api/users/mimei_Illust (attempt 2/3)
2026-06-29 16:29:34 | INFO     | OK https://skeb.jp/api/users/HHtakamiya
2026-06-29 16:29:34 | INFO     | Saving at a/skeb/HHtakamiya-a95d5c.json
2026-06-29 16:29:35 | WARNING  | 404 on https://skeb.jp/api/users/mimamorichan (attempt 3/3)
2026-06-29 16:29:36 | WARNING  | 404 on https://skeb.jp/api/users/vHoo__ (attempt 3/3)
2026-06-29 16:29:37 | WARNING  | 404 on https://skeb.jp/api/users/se3ifinal (attempt 2/3)
2026-06-29 16:29:38 | WARNING  | 404 on https://skeb.jp/api/users/77_t2w (attempt 3/3)
2026-06-29 16:29:39 | WARNING  | 404 on https://skeb.jp/api/users/mimei_Illust (attempt 3/3)
2026-06-29 16:29:40 | INFO     | OK https://skeb.jp/api/users/KK_shion
2026-06-29 16:29:40 | INFO     | Saving at a/skeb/KK_shion-c195f2.json
2026-06-29 16:29:41 | WARNING  | 404 on https://skeb.jp/api/users/Genkyou (attempt 1/3)
2026-06-29 16:29:42 | WARNING  | 404 on https://skeb.jp/api/users/se3ifinal (attempt 3/3)
2026-06-29 16:29:43 | INFO     | OK https://skeb.jp/api/users/RIRUUUU329
2026-06-29 16:29:43 | INFO     | Saving at a/skeb/RIRUUUU329-df770f.json
2026-06-29 16:29:44 | INFO     | OK https://skeb.jp/api/users/tdmn
2026-06-29 16:29:44 | INFO     | Saving at a/skeb/tdmn-393334.json
2026-06-29 16:29:45 | WARNING  | 404 on https://skeb.jp/api/users/Genkyou (attempt 2/3)
2026-06-29 16:29:46 | INFO     | OK https://skeb.jp/api/users/hoshiokou
2026-06-29 16:29:46 | INFO     | Saving at a/skeb/hoshiokou-97f285.json
2026-06-29 16:29:47 | WARNING  | 404 on https://skeb.jp/api/users/_meruruto_ (attempt 1/3)
2026-06-29 16:29:48 | INFO     | OK https://skeb.jp/api/users/sakasannel
2026-06-29 16:29:48 | INFO     | Saving at a/skeb/sakasannel-8551ad.json
2026-06-29 16:29:49 | WARNING  | 404 on https://skeb.jp/api/users/aki_ra3_ (attempt 1/3)
2026-06-29 16:29:50 | WARNING  | 404 on https://skeb.jp/api/users/Genkyou (attempt 3/3)
2026-06-29 16:29:51 | WARNING  | 404 on https://skeb.jp/api/users/_meruruto_ (attempt 2/3)
2026-06-29 16:29:52 | WARNING  | 404 on https://skeb.jp/api/users/kasha0927 (attempt 1/3)
2026-06-29 16:29:53 | WARNING  | 404 on https://skeb.jp/api/users/Henzu_23 (attempt 1/3)
2026-06-29 16:29:54 | INFO     | OK https://skeb.jp/api/users/Lana_Green_V
2026-06-29 16:29:54 | INFO     | Saving at a/skeb/Lana_Green_V-520d8f.json
2026-06-29 16:29:55 | WARNING  | 404 on https://skeb.jp/api/users/Llu_ulg (attempt 1/3)
2026-06-29 16:29:56 | WARNING  | 404 on https://skeb.jp/api/users/_meruruto_ (attempt 3/3)
2026-06-29 16:29:57 | INFO     | OK https://skeb.jp/api/users/k_5676
2026-06-29 16:29:57 | INFO     | Saving at a/skeb/k_5676-f35c20.json
2026-06-29 16:29:58 | WARNING  | 404 on https://skeb.jp/api/users/NOm0y0i (attempt 1/3)
2026-06-29 16:29:59 | WARNING  | 404 on https://skeb.jp/api/users/Henzu_23 (attempt 2/3)
2026-06-29 16:30:00 | WARNING  | 404 on https://skeb.jp/api/users/kasha0927 (attempt 2/3)
2026-06-29 16:30:01 | WARNING  | 404 on https://skeb.jp/api/users/aki_ra3_ (attempt 2/3)
2026-06-29 16:30:02 | INFO     | OK https://skeb.jp/api/users/higasino_gohan
2026-06-29 16:30:02 | INFO     | Saving at a/skeb/higasino_gohan-db64f3.json
2026-06-29 16:30:03 | WARNING  | 404 on https://skeb.jp/api/users/NOm0y0i (attempt 2/3)
2026-06-29 16:30:04 | INFO     | OK https://skeb.jp/api/users/march_vliver
2026-06-29 16:30:04 | INFO     | Saving at a/skeb/march_vliver-8c9bb2.json
2026-06-29 16:30:05 | INFO     | OK https://skeb.jp/api/users/tane__33
2026-06-29 16:30:05 | INFO     | Saving at a/skeb/tane__33-8a1418.json
2026-06-29 16:30:06 | INFO     | OK https://skeb.jp/api/users/koma_every
2026-06-29 16:30:06 | INFO     | Saving at a/skeb/koma_every-e715e4.json
2026-06-29 16:30:07 | INFO     | OK https://skeb.jp/api/users/omakase_tomato
2026-06-29 16:30:07 | INFO     | Saving at a/skeb/omakase_tomato-92522d.json
2026-06-29 16:30:08 | WARNING  | 404 on https://skeb.jp/api/users/Ryuzi_27 (attempt 1/3)
2026-06-29 16:30:09 | INFO     | OK https://skeb.jp/api/users/nam11__m
2026-06-29 16:30:09 | INFO     | Saving at a/skeb/nam11__m-81c9c8.json
2026-06-29 16:30:10 | WARNING  | 404 on https://skeb.jp/api/users/kasha0927 (attempt 3/3)
2026-06-29 16:30:11 | INFO     | OK https://skeb.jp/api/users/LmsG_MFA
2026-06-29 16:30:11 | INFO     | Saving at a/skeb/LmsG_MFA-2e45aa.json
2026-06-29 16:30:12 | WARNING  | 404 on https://skeb.jp/api/users/oshino_Iriss (attempt 1/3)
2026-06-29 16:30:13 | WARNING  | 404 on https://skeb.jp/api/users/aki_ra3_ (attempt 3/3)
2026-06-29 16:30:14 | INFO     | OK https://skeb.jp/api/users/hebihebihebi
2026-06-29 16:30:14 | INFO     | Saving at a/skeb/hebihebihebi-668263.json
2026-06-29 16:30:15 | WARNING  | 404 on https://skeb.jp/api/users/Henzu_23 (attempt 3/3)
2026-06-29 16:30:16 | WARNING  | 404 on https://skeb.jp/api/users/oshino_Iriss (attempt 2/3)
2026-06-29 16:30:17 | INFO     | OK https://skeb.jp/api/users/Lack_1127
2026-06-29 16:30:17 | INFO     | Saving at a/skeb/Lack_1127-4d1ba0.json
2026-06-29 16:30:18 | INFO     | OK https://skeb.jp/api/users/TAKA12034313
2026-06-29 16:30:18 | INFO     | Saving at a/skeb/TAKA12034313-aaadcc.json
2026-06-29 16:30:19 | WARNING  | 404 on https://skeb.jp/api/users/kokorono_376 (attempt 1/3)
2026-06-29 16:30:20 | INFO     | OK https://skeb.jp/api/users/at_illust_
2026-06-29 16:30:20 | INFO     | Saving at a/skeb/at_illust_-290b4b.json
2026-06-29 16:30:21 | INFO     | OK https://skeb.jp/api/users/yoppy_paint
2026-06-29 16:30:21 | INFO     | Saving at a/skeb/yoppy_paint-a13aed.json
2026-06-29 16:30:22 | WARNING  | 404 on https://skeb.jp/api/users/kotonesansukida (attempt 1/3)
2026-06-29 16:30:23 | INFO     | OK https://skeb.jp/api/users/Ange_4A6
2026-06-29 16:30:23 | INFO     | Saving at a/skeb/Ange_4A6-f776f3.json
2026-06-29 16:30:24 | WARNING  | 404 on https://skeb.jp/api/users/oshino_Iriss (attempt 3/3)
2026-06-29 16:30:25 | INFO     | OK https://skeb.jp/api/users/Tera_Hakoniwa
2026-06-29 16:30:25 | INFO     | Saving at a/skeb/Tera_Hakoniwa-d3876d.json
2026-06-29 16:30:26 | WARNING  | 404 on https://skeb.jp/api/users/kotonesansukida (attempt 2/3)
2026-06-29 16:30:27 | INFO     | OK https://skeb.jp/api/users/c4777_
2026-06-29 16:30:27 | INFO     | Saving at a/skeb/c4777_-2fc29a.json
2026-06-29 16:30:28 | INFO     | OK https://skeb.jp/api/users/Jirisu3
2026-06-29 16:30:28 | INFO     | Saving at a/skeb/Jirisu3-ccfb51.json
2026-06-29 16:30:29 | WARNING  | 404 on https://skeb.jp/api/users/killy810 (attempt 1/3)
2026-06-29 16:30:30 | INFO     | OK https://skeb.jp/api/users/nizocchi
2026-06-29 16:30:30 | INFO     | Saving at a/skeb/nizocchi-fc15ef.json
2026-06-29 16:30:31 | WARNING  | 404 on https://skeb.jp/api/users/T4k73gqSZ26h5si (attempt 1/3)
2026-06-29 16:30:32 | WARNING  | 404 on https://skeb.jp/api/users/kotonesansukida (attempt 3/3)
2026-06-29 16:30:33 | WARNING  | 404 on https://skeb.jp/api/users/Llu_ulg (attempt 2/3)
2026-06-29 16:30:34 | INFO     | OK https://skeb.jp/api/users/st_conbine
2026-06-29 16:30:34 | INFO     | Saving at a/skeb/st_conbine-68b111.json
2026-06-29 16:30:35 | WARNING  | 404 on https://skeb.jp/api/users/T4k73gqSZ26h5si (attempt 2/3)
2026-06-29 16:30:36 | WARNING  | 404 on https://skeb.jp/api/users/NOm0y0i (attempt 3/3)
2026-06-29 16:30:37 | WARNING  | 404 on https://skeb.jp/api/users/killy810 (attempt 2/3)
2026-06-29 16:30:38 | INFO     | OK https://skeb.jp/api/users/waresainari
2026-06-29 16:30:38 | INFO     | Saving at a/skeb/waresainari-92eaec.json
2026-06-29 16:30:39 | WARNING  | 404 on https://skeb.jp/api/users/Llu_ulg (attempt 3/3)
2026-06-29 16:30:40 | WARNING  | 404 on https://skeb.jp/api/users/Ryuzi_27 (attempt 2/3)
2026-06-29 16:30:41 | WARNING  | 404 on https://skeb.jp/api/users/T4k73gqSZ26h5si (attempt 3/3)
2026-06-29 16:30:42 | WARNING  | 404 on https://skeb.jp/api/users/kokorono_376 (attempt 2/3)
2026-06-29 16:30:43 | WARNING  | 404 on https://skeb.jp/api/users/killy810 (attempt 3/3)
2026-06-29 16:30:44 | WARNING  | 404 on https://skeb.jp/api/users/kiNero30901 (attempt 1/3)
2026-06-29 16:30:45 | INFO     | OK https://skeb.jp/api/users/amakawa_ten
2026-06-29 16:30:45 | INFO     | Saving at a/skeb/amakawa_ten-0e73cc.json
2026-06-29 16:30:46 | WARNING  | 404 on https://skeb.jp/api/users/Ryuzi_27 (attempt 3/3)
2026-06-29 16:30:47 | WARNING  | 404 on https://skeb.jp/api/users/kokorono_376 (attempt 3/3)
2026-06-29 16:30:48 | WARNING  | 404 on https://skeb.jp/api/users/kiNero30901 (attempt 2/3)
2026-06-29 16:30:52 | WARNING  | 404 on https://skeb.jp/api/users/kiNero30901 (attempt 3/3)
2026-06-29 16:30:52 | INFO     |  --- SUMMARY REPORT --- 
  Sources Retreived    : 111
  Profiles Fetched     : 67
  Profile Missing      : 44
  Profile Rate Limited : 0
  Profile Error Others : 0

2026-06-29 16:30:52 | INFO     | Started creating static api data.
2026-06-29 16:32:20 | INFO     | Album index written to a/albums/index.json (309 albums)
