2026-09-18 08:22:40 | INFO     | Initialized Data Store.
2026-09-18 08:22:40 | INFO     | Homepage GET status=200 (attempt 1/3)
2026-09-18 08:22:40 | WARNING  | request_key not found in homepage HTML (status=200).
2026-09-18 08:22:40 | INFO     | SkebClient ready (impersonate=chrome120, rate=1.0/s, concurrency=10, max_runtime=10800s)
2026-09-18 08:24:04 | INFO     | Ready to scrape 102 items
2026-09-18 08:24:04 | INFO     | OK https://skeb.jp/api/users/miko_ouka
2026-09-18 08:24:04 | INFO     | Saving at a/skeb/miko_ouka-231ab3.json
2026-09-18 08:24:05 | WARNING  | 404 on https://skeb.jp/api/users/Iam_Ciikawa (attempt 1/3)
2026-09-18 08:24:06 | INFO     | OK https://skeb.jp/api/users/macaron_c
2026-09-18 08:24:06 | INFO     | Saving at a/skeb/macaron_c-eb99ba.json
2026-09-18 08:24:07 | INFO     | OK https://skeb.jp/api/users/taimeshi0141
2026-09-18 08:24:07 | INFO     | Saving at a/skeb/taimeshi0141-a81e96.json
2026-09-18 08:24:08 | INFO     | OK https://skeb.jp/api/users/yumenotou
2026-09-18 08:24:08 | INFO     | Saving at a/skeb/yumenotou-96fcee.json
2026-09-18 08:24:09 | INFO     | OK https://skeb.jp/api/users/1n0se_saayu
2026-09-18 08:24:09 | INFO     | Saving at a/skeb/1n0se_saayu-538329.json
2026-09-18 08:24:10 | INFO     | OK https://skeb.jp/api/users/mochi_noya
2026-09-18 08:24:10 | INFO     | Saving at a/skeb/mochi_noya-0df3ea.json
2026-09-18 08:24:11 | WARNING  | 404 on https://skeb.jp/api/users/Iam_Ciikawa (attempt 2/3)
2026-09-18 08:24:12 | WARNING  | 404 on https://skeb.jp/api/users/fukafuka_no_inu (attempt 1/3)
2026-09-18 08:24:13 | INFO     | OK https://skeb.jp/api/users/downpourseji
2026-09-18 08:24:13 | INFO     | Saving at a/skeb/downpourseji-53a2a1.json
2026-09-18 08:24:14 | INFO     | OK https://skeb.jp/api/users/keruto
2026-09-18 08:24:14 | INFO     | Saving at a/skeb/keruto-3d782b.json
2026-09-18 08:24:15 | WARNING  | 404 on https://skeb.jp/api/users/meguru_nero (attempt 1/3)
2026-09-18 08:24:16 | WARNING  | 404 on https://skeb.jp/api/users/sakayama_lazuli (attempt 1/3)
2026-09-18 08:24:17 | WARNING  | 404 on https://skeb.jp/api/users/mimei_Illust (attempt 1/3)
2026-09-18 08:24:18 | WARNING  | 404 on https://skeb.jp/api/users/polar_kuma62 (attempt 1/3)
2026-09-18 08:24:19 | WARNING  | 404 on https://skeb.jp/api/users/EDO__nyan (attempt 1/3)
2026-09-18 08:24:20 | WARNING  | 404 on https://skeb.jp/api/users/meguru_nero (attempt 2/3)
2026-09-18 08:24:21 | INFO     | OK https://skeb.jp/api/users/_hamumao
2026-09-18 08:24:21 | INFO     | Saving at a/skeb/_hamumao-022139.json
2026-09-18 08:24:22 | WARNING  | 404 on https://skeb.jp/api/users/polar_kuma62 (attempt 2/3)
2026-09-18 08:24:23 | WARNING  | 404 on https://skeb.jp/api/users/Iam_Ciikawa (attempt 3/3)
2026-09-18 08:24:24 | WARNING  | 404 on https://skeb.jp/api/users/mimei_Illust (attempt 2/3)
2026-09-18 08:24:25 | INFO     | OK https://skeb.jp/api/users/meatball_kun
2026-09-18 08:24:25 | INFO     | Saving at a/skeb/meatball_kun-9ae65a.json
2026-09-18 08:24:26 | WARNING  | 404 on https://skeb.jp/api/users/EDO__nyan (attempt 2/3)
2026-09-18 08:24:27 | WARNING  | 404 on https://skeb.jp/api/users/polar_kuma62 (attempt 3/3)
2026-09-18 08:24:28 | INFO     | OK https://skeb.jp/api/users/rotekito_max
2026-09-18 08:24:28 | INFO     | Saving at a/skeb/rotekito_max-727b0c.json
2026-09-18 08:24:29 | WARNING  | 404 on https://skeb.jp/api/users/kasha0927 (attempt 1/3)
2026-09-18 08:24:30 | WARNING  | 404 on https://skeb.jp/api/users/sakayama_lazuli (attempt 2/3)
2026-09-18 08:24:31 | WARNING  | 404 on https://skeb.jp/api/users/meguru_nero (attempt 3/3)
2026-09-18 08:24:32 | WARNING  | 404 on https://skeb.jp/api/users/fukafuka_no_inu (attempt 2/3)
2026-09-18 08:24:33 | WARNING  | 404 on https://skeb.jp/api/users/kasha0927 (attempt 2/3)
2026-09-18 08:24:34 | WARNING  | 404 on https://skeb.jp/api/users/EDO__nyan (attempt 3/3)
2026-09-18 08:24:35 | WARNING  | 404 on https://skeb.jp/api/users/sakayama_lazuli (attempt 3/3)
2026-09-18 08:24:36 | WARNING  | 404 on https://skeb.jp/api/users/mimei_Illust (attempt 3/3)
2026-09-18 08:24:37 | INFO     | OK https://skeb.jp/api/users/lbari_1
2026-09-18 08:24:37 | INFO     | Saving at a/skeb/lbari_1-a78712.json
2026-09-18 08:24:38 | INFO     | OK https://skeb.jp/api/users/karasu_ruku
2026-09-18 08:24:38 | INFO     | Saving at a/skeb/karasu_ruku-3338e7.json
2026-09-18 08:24:39 | WARNING  | 404 on https://skeb.jp/api/users/p_pfp5 (attempt 1/3)
2026-09-18 08:24:40 | INFO     | OK https://skeb.jp/api/users/raikoupurin
2026-09-18 08:24:40 | INFO     | Saving at a/skeb/raikoupurin-c0170d.json
2026-09-18 08:24:41 | WARNING  | 404 on https://skeb.jp/api/users/pgpcvDCE9G (attempt 1/3)
2026-09-18 08:24:42 | INFO     | OK https://skeb.jp/api/users/BFymmt
2026-09-18 08:24:42 | INFO     | Saving at a/skeb/BFymmt-705d93.json
2026-09-18 08:24:43 | WARNING  | 404 on https://skeb.jp/api/users/p_pfp5 (attempt 2/3)
2026-09-18 08:24:44 | INFO     | OK https://skeb.jp/api/users/0a2chan
2026-09-18 08:24:44 | INFO     | Saving at a/skeb/0a2chan-bde30d.json
2026-09-18 08:24:45 | WARNING  | 404 on https://skeb.jp/api/users/vHoo__ (attempt 1/3)
2026-09-18 08:24:46 | WARNING  | 404 on https://skeb.jp/api/users/Axnya (attempt 1/3)
2026-09-18 08:24:47 | WARNING  | 404 on https://skeb.jp/api/users/fukafuka_no_inu (attempt 3/3)
2026-09-18 08:24:48 | WARNING  | 404 on https://skeb.jp/api/users/pgpcvDCE9G (attempt 2/3)
2026-09-18 08:24:49 | WARNING  | 404 on https://skeb.jp/api/users/vHoo__ (attempt 2/3)
2026-09-18 08:24:50 | WARNING  | 404 on https://skeb.jp/api/users/Axnya (attempt 2/3)
2026-09-18 08:24:51 | WARNING  | 404 on https://skeb.jp/api/users/p_pfp5 (attempt 3/3)
2026-09-18 08:24:52 | WARNING  | 404 on https://skeb.jp/api/users/kasha0927 (attempt 3/3)
2026-09-18 08:24:53 | WARNING  | 404 on https://skeb.jp/api/users/lkjeudnduy44 (attempt 1/3)
2026-09-18 08:24:54 | WARNING  | 404 on https://skeb.jp/api/users/vHoo__ (attempt 3/3)
2026-09-18 08:24:55 | INFO     | OK https://skeb.jp/api/users/21Z12
2026-09-18 08:24:55 | INFO     | Saving at a/skeb/21Z12-ce84ce.json
2026-09-18 08:24:56 | WARNING  | 404 on https://skeb.jp/api/users/T4k73gqSZ26h5si (attempt 1/3)
2026-09-18 08:24:57 | INFO     | OK https://skeb.jp/api/users/RenKuromaru
2026-09-18 08:24:57 | INFO     | Saving at a/skeb/RenKuromaru-ea6783.json
2026-09-18 08:24:58 | WARNING  | 404 on https://skeb.jp/api/users/pgpcvDCE9G (attempt 3/3)
2026-09-18 08:24:59 | WARNING  | 404 on https://skeb.jp/api/users/mimamorichan (attempt 1/3)
2026-09-18 08:25:00 | INFO     | OK https://skeb.jp/api/users/kononn
2026-09-18 08:25:00 | INFO     | Saving at a/skeb/kononn-eb6832.json
2026-09-18 08:25:01 | WARNING  | 404 on https://skeb.jp/api/users/Genkyou (attempt 1/3)
2026-09-18 08:25:02 | WARNING  | 404 on https://skeb.jp/api/users/ghcfujfc1 (attempt 1/3)
2026-09-18 08:25:03 | WARNING  | 404 on https://skeb.jp/api/users/mimamorichan (attempt 2/3)
2026-09-18 08:25:04 | INFO     | OK https://skeb.jp/api/users/Symmez
2026-09-18 08:25:04 | INFO     | Saving at a/skeb/Symmez-f756a2.json
2026-09-18 08:25:05 | WARNING  | 404 on https://skeb.jp/api/users/Genkyou (attempt 2/3)
2026-09-18 08:25:06 | WARNING  | 404 on https://skeb.jp/api/users/se3ifinal (attempt 1/3)
2026-09-18 08:25:07 | WARNING  | 404 on https://skeb.jp/api/users/Axnya (attempt 3/3)
2026-09-18 08:25:08 | WARNING  | 404 on https://skeb.jp/api/users/T4k73gqSZ26h5si (attempt 2/3)
2026-09-18 08:25:09 | WARNING  | 404 on https://skeb.jp/api/users/lkjeudnduy44 (attempt 2/3)
2026-09-18 08:25:10 | WARNING  | 404 on https://skeb.jp/api/users/Genkyou (attempt 3/3)
2026-09-18 08:25:11 | WARNING  | 404 on https://skeb.jp/api/users/8oSSUHCnXXz4tBp (attempt 1/3)
2026-09-18 08:25:12 | WARNING  | 404 on https://skeb.jp/api/users/kokorono_376 (attempt 1/3)
2026-09-18 08:25:13 | WARNING  | 404 on https://skeb.jp/api/users/923kaku (attempt 1/3)
2026-09-18 08:25:14 | WARNING  | 404 on https://skeb.jp/api/users/ghcfujfc1 (attempt 2/3)
2026-09-18 08:25:15 | WARNING  | 404 on https://skeb.jp/api/users/kokorono_376 (attempt 2/3)
2026-09-18 08:25:16 | WARNING  | 404 on https://skeb.jp/api/users/se3ifinal (attempt 2/3)
2026-09-18 08:25:17 | WARNING  | 404 on https://skeb.jp/api/users/8oSSUHCnXXz4tBp (attempt 2/3)
2026-09-18 08:25:18 | INFO     | OK https://skeb.jp/api/users/Irietta_A_01
2026-09-18 08:25:18 | INFO     | Saving at a/skeb/Irietta_A_01-eb2ebf.json
2026-09-18 08:25:19 | WARNING  | 404 on https://skeb.jp/api/users/923kaku (attempt 2/3)
2026-09-18 08:25:20 | INFO     | OK https://skeb.jp/api/users/akoko_pyonpyoro
2026-09-18 08:25:20 | INFO     | Saving at a/skeb/akoko_pyonpyoro-9eee08.json
2026-09-18 08:25:21 | WARNING  | 404 on https://skeb.jp/api/users/se3ifinal (attempt 3/3)
2026-09-18 08:25:22 | WARNING  | 404 on https://skeb.jp/api/users/mimamorichan (attempt 3/3)
2026-09-18 08:25:23 | WARNING  | 404 on https://skeb.jp/api/users/8oSSUHCnXXz4tBp (attempt 3/3)
2026-09-18 08:25:24 | INFO     | OK https://skeb.jp/api/users/mimickmura
2026-09-18 08:25:24 | INFO     | Saving at a/skeb/mimickmura-1d7bea.json
2026-09-18 08:25:25 | WARNING  | 404 on https://skeb.jp/api/users/aki_ra3_ (attempt 1/3)
2026-09-18 08:25:26 | INFO     | OK https://skeb.jp/api/users/aota_sora_ekaki
2026-09-18 08:25:26 | INFO     | Saving at a/skeb/aota_sora_ekaki-acdc6f.json
2026-09-18 08:25:27 | INFO     | OK https://skeb.jp/api/users/_s_Akr_
2026-09-18 08:25:27 | INFO     | Saving at a/skeb/_s_Akr_-0afc6c.json
2026-09-18 08:25:28 | WARNING  | 404 on https://skeb.jp/api/users/soraumi2000_50_ (attempt 1/3)
2026-09-18 08:25:29 | WARNING  | 404 on https://skeb.jp/api/users/ghcfujfc1 (attempt 3/3)
2026-09-18 08:25:30 | WARNING  | 404 on https://skeb.jp/api/users/lkjeudnduy44 (attempt 3/3)
2026-09-18 08:25:31 | INFO     | OK https://skeb.jp/api/users/ganju013
2026-09-18 08:25:31 | INFO     | Saving at a/skeb/ganju013-5fea2b.json
2026-09-18 08:25:32 | WARNING  | 404 on https://skeb.jp/api/users/aki_ra3_ (attempt 2/3)
2026-09-18 08:25:33 | WARNING  | 404 on https://skeb.jp/api/users/soraumi2000_50_ (attempt 2/3)
2026-09-18 08:25:34 | WARNING  | 404 on https://skeb.jp/api/users/kokorono_376 (attempt 3/3)
2026-09-18 08:25:35 | INFO     | OK https://skeb.jp/api/users/yukio_omochi
2026-09-18 08:25:35 | INFO     | Saving at a/skeb/yukio_omochi-a44674.json
2026-09-18 08:25:36 | INFO     | OK https://skeb.jp/api/users/onorikyu
2026-09-18 08:25:36 | INFO     | Saving at a/skeb/onorikyu-fe3638.json
2026-09-18 08:25:37 | WARNING  | 404 on https://skeb.jp/api/users/T4k73gqSZ26h5si (attempt 3/3)
2026-09-18 08:25:38 | WARNING  | 404 on https://skeb.jp/api/users/soraumi2000_50_ (attempt 3/3)
2026-09-18 08:25:39 | INFO     | OK https://skeb.jp/api/users/Haizuka_Isao
2026-09-18 08:25:39 | INFO     | Saving at a/skeb/Haizuka_Isao-91eeaa.json
2026-09-18 08:25:40 | INFO     | OK https://skeb.jp/api/users/OFLY
2026-09-18 08:25:40 | INFO     | Saving at a/skeb/OFLY-7a5c7d.json
2026-09-18 08:25:41 | INFO     | OK https://skeb.jp/api/users/howa_cha
2026-09-18 08:25:41 | INFO     | Saving at a/skeb/howa_cha-bf76c0.json
2026-09-18 08:25:42 | INFO     | OK https://skeb.jp/api/users/puku2_113
2026-09-18 08:25:42 | INFO     | Saving at a/skeb/puku2_113-0f726b.json
2026-09-18 08:25:43 | INFO     | OK https://skeb.jp/api/users/zenranran
2026-09-18 08:25:43 | INFO     | Saving at a/skeb/zenranran-77bc95.json
2026-09-18 08:25:44 | INFO     | OK https://skeb.jp/api/users/honyakoninnjinn
2026-09-18 08:25:44 | INFO     | Saving at a/skeb/honyakoninnjinn-873ac8.json
2026-09-18 08:25:45 | WARNING  | 404 on https://skeb.jp/api/users/aki_ra3_ (attempt 3/3)
2026-09-18 08:25:46 | WARNING  | 404 on https://skeb.jp/api/users/kotonesansukida (attempt 1/3)
2026-09-18 08:25:47 | INFO     | OK https://skeb.jp/api/users/Roku6_i
2026-09-18 08:25:47 | INFO     | Saving at a/skeb/Roku6_i-8654c5.json
2026-09-18 08:25:48 | WARNING  | 404 on https://skeb.jp/api/users/m3x3_sk (attempt 1/3)
2026-09-18 08:25:49 | INFO     | OK https://skeb.jp/api/users/mochafushigi
2026-09-18 08:25:49 | INFO     | Saving at a/skeb/mochafushigi-7538ae.json
2026-09-18 08:25:50 | WARNING  | 404 on https://skeb.jp/api/users/kotonesansukida (attempt 2/3)
2026-09-18 08:25:51 | WARNING  | 404 on https://skeb.jp/api/users/77_t2w (attempt 1/3)
2026-09-18 08:25:52 | WARNING  | 404 on https://skeb.jp/api/users/m3x3_sk (attempt 2/3)
2026-09-18 08:25:53 | WARNING  | 404 on https://skeb.jp/api/users/ronn_irai (attempt 1/3)
2026-09-18 08:25:54 | WARNING  | 404 on https://skeb.jp/api/users/77_t2w (attempt 2/3)
2026-09-18 08:25:55 | WARNING  | 404 on https://skeb.jp/api/users/_meruruto_ (attempt 1/3)
2026-09-18 08:25:56 | WARNING  | 404 on https://skeb.jp/api/users/ronn_irai (attempt 2/3)
2026-09-18 08:25:57 | WARNING  | 404 on https://skeb.jp/api/users/kotonesansukida (attempt 3/3)
2026-09-18 08:25:58 | WARNING  | 404 on https://skeb.jp/api/users/_meruruto_ (attempt 2/3)
2026-09-18 08:25:59 | WARNING  | 404 on https://skeb.jp/api/users/29Kota2 (attempt 1/3)
2026-09-18 08:26:00 | WARNING  | 404 on https://skeb.jp/api/users/77_t2w (attempt 3/3)
2026-09-18 08:26:01 | WARNING  | 404 on https://skeb.jp/api/users/NOm0y0i (attempt 1/3)
2026-09-18 08:26:02 | INFO     | OK https://skeb.jp/api/users/sebekusukisuki
2026-09-18 08:26:02 | INFO     | Saving at a/skeb/sebekusukisuki-243ad0.json
2026-09-18 08:26:03 | INFO     | OK https://skeb.jp/api/users/ligales
2026-09-18 08:26:03 | INFO     | Saving at a/skeb/ligales-faf95d.json
2026-09-18 08:26:04 | INFO     | OK https://skeb.jp/api/users/hiziki_R
2026-09-18 08:26:04 | INFO     | Saving at a/skeb/hiziki_R-80977e.json
2026-09-18 08:26:05 | WARNING  | 404 on https://skeb.jp/api/users/_meruruto_ (attempt 3/3)
2026-09-18 08:26:06 | INFO     | OK https://skeb.jp/api/users/moonsea55555
2026-09-18 08:26:06 | INFO     | Saving at a/skeb/moonsea55555-297f81.json
2026-09-18 08:26:07 | WARNING  | 404 on https://skeb.jp/api/users/ronn_irai (attempt 3/3)
2026-09-18 08:26:08 | INFO     | OK https://skeb.jp/api/users/mad_ara0711
2026-09-18 08:26:08 | INFO     | Saving at a/skeb/mad_ara0711-bfeb53.json
2026-09-18 08:26:09 | WARNING  | 404 on https://skeb.jp/api/users/29Kota2 (attempt 2/3)
2026-09-18 08:26:10 | INFO     | OK https://skeb.jp/api/users/atogawamuraev
2026-09-18 08:26:10 | INFO     | Saving at a/skeb/atogawamuraev-dde23e.json
2026-09-18 08:26:11 | WARNING  | 404 on https://skeb.jp/api/users/scy2222 (attempt 1/3)
2026-09-18 08:26:12 | WARNING  | 404 on https://skeb.jp/api/users/m3x3_sk (attempt 3/3)
2026-09-18 08:26:13 | INFO     | OK https://skeb.jp/api/users/pixivkurosuke
2026-09-18 08:26:13 | INFO     | Saving at a/skeb/pixivkurosuke-78dc8a.json
2026-09-18 08:26:14 | WARNING  | 404 on https://skeb.jp/api/users/NOm0y0i (attempt 2/3)
2026-09-18 08:26:15 | INFO     | OK https://skeb.jp/api/users/tsuyoshi_a_
2026-09-18 08:26:15 | INFO     | Saving at a/skeb/tsuyoshi_a_-47220a.json
2026-09-18 08:26:16 | WARNING  | 404 on https://skeb.jp/api/users/scy2222 (attempt 2/3)
2026-09-18 08:26:17 | WARNING  | 404 on https://skeb.jp/api/users/29Kota2 (attempt 3/3)
2026-09-18 08:26:18 | WARNING  | 404 on https://skeb.jp/api/users/Llu_ulg (attempt 1/3)
2026-09-18 08:26:19 | INFO     | OK https://skeb.jp/api/users/____hinatano
2026-09-18 08:26:19 | INFO     | Saving at a/skeb/____hinatano-eb3cc9.json
2026-09-18 08:26:20 | INFO     | OK https://skeb.jp/api/users/Fnu_ta5
2026-09-18 08:26:20 | INFO     | Saving at a/skeb/Fnu_ta5-554da7.json
2026-09-18 08:26:21 | WARNING  | 404 on https://skeb.jp/api/users/Ryuzi_27 (attempt 1/3)
2026-09-18 08:26:22 | WARNING  | 404 on https://skeb.jp/api/users/923kaku (attempt 3/3)
2026-09-18 08:26:23 | INFO     | OK https://skeb.jp/api/users/cottcan
2026-09-18 08:26:23 | INFO     | Saving at a/skeb/cottcan-003eee.json
2026-09-18 08:26:24 | WARNING  | 404 on https://skeb.jp/api/users/scy2222 (attempt 3/3)
2026-09-18 08:26:25 | INFO     | OK https://skeb.jp/api/users/C_o_C__July
2026-09-18 08:26:25 | INFO     | Saving at a/skeb/C_o_C__July-a1155d.json
2026-09-18 08:26:26 | WARNING  | 404 on https://skeb.jp/api/users/3hankikan0220 (attempt 1/3)
2026-09-18 08:26:27 | WARNING  | 404 on https://skeb.jp/api/users/fm7hxj (attempt 1/3)
2026-09-18 08:26:28 | INFO     | OK https://skeb.jp/api/users/no_734
2026-09-18 08:26:28 | INFO     | Saving at a/skeb/no_734-36ffd3.json
2026-09-18 08:26:29 | WARNING  | 404 on https://skeb.jp/api/users/toxizaki (attempt 1/3)
2026-09-18 08:26:30 | WARNING  | 404 on https://skeb.jp/api/users/kagoyama_sns (attempt 1/3)
2026-09-18 08:26:31 | WARNING  | 404 on https://skeb.jp/api/users/nyatta_san (attempt 1/3)
2026-09-18 08:26:32 | WARNING  | 404 on https://skeb.jp/api/users/kiNero30901 (attempt 1/3)
2026-09-18 08:26:33 | WARNING  | 404 on https://skeb.jp/api/users/toxizaki (attempt 2/3)
2026-09-18 08:26:34 | WARNING  | 404 on https://skeb.jp/api/users/NOm0y0i (attempt 3/3)
2026-09-18 08:26:35 | INFO     | OK https://skeb.jp/api/users/Fuki_siki
2026-09-18 08:26:35 | INFO     | Saving at a/skeb/Fuki_siki-67b6ad.json
2026-09-18 08:26:36 | WARNING  | 404 on https://skeb.jp/api/users/3hankikan0220 (attempt 2/3)
2026-09-18 08:26:37 | WARNING  | 404 on https://skeb.jp/api/users/Llu_ulg (attempt 2/3)
2026-09-18 08:26:38 | WARNING  | 404 on https://skeb.jp/api/users/Geshi_to_ (attempt 1/3)
2026-09-18 08:26:39 | WARNING  | 404 on https://skeb.jp/api/users/Ryuzi_27 (attempt 2/3)
2026-09-18 08:26:40 | WARNING  | 404 on https://skeb.jp/api/users/kagoyama_sns (attempt 2/3)
2026-09-18 08:26:41 | WARNING  | 404 on https://skeb.jp/api/users/toxizaki (attempt 3/3)
2026-09-18 08:26:42 | WARNING  | 404 on https://skeb.jp/api/users/Geshi_to_ (attempt 2/3)
2026-09-18 08:26:43 | WARNING  | 404 on https://skeb.jp/api/users/Uo_oU_us (attempt 1/3)
2026-09-18 08:26:44 | WARNING  | 404 on https://skeb.jp/api/users/Llu_ulg (attempt 3/3)
2026-09-18 08:26:45 | WARNING  | 404 on https://skeb.jp/api/users/Ryuzi_27 (attempt 3/3)
2026-09-18 08:26:46 | WARNING  | 404 on https://skeb.jp/api/users/kagoyama_sns (attempt 3/3)
2026-09-18 08:26:47 | WARNING  | 404 on https://skeb.jp/api/users/nyatta_san (attempt 2/3)
2026-09-18 08:26:48 | INFO     | OK https://skeb.jp/api/users/daed_a_lus_
2026-09-18 08:26:48 | INFO     | Saving at a/skeb/daed_a_lus_-378b04.json
2026-09-18 08:26:49 | WARNING  | 404 on https://skeb.jp/api/users/nattamati_ (attempt 1/3)
2026-09-18 08:26:50 | WARNING  | 404 on https://skeb.jp/api/users/Uo_oU_us (attempt 2/3)
2026-09-18 08:26:51 | INFO     | OK https://skeb.jp/api/users/trpg_hg
2026-09-18 08:26:51 | INFO     | Saving at a/skeb/trpg_hg-4b93ef.json
2026-09-18 08:26:52 | INFO     | OK https://skeb.jp/api/users/MAIGOnoUFO
2026-09-18 08:26:52 | INFO     | Saving at a/skeb/MAIGOnoUFO-28c12e.json
2026-09-18 08:26:53 | WARNING  | 404 on https://skeb.jp/api/users/yamin_himamo23 (attempt 1/3)
2026-09-18 08:26:54 | WARNING  | 404 on https://skeb.jp/api/users/Geshi_to_ (attempt 3/3)
2026-09-18 08:26:55 | WARNING  | 404 on https://skeb.jp/api/users/Henzu_23 (attempt 1/3)
2026-09-18 08:26:56 | WARNING  | 404 on https://skeb.jp/api/users/killy810 (attempt 1/3)
2026-09-18 08:26:57 | WARNING  | 404 on https://skeb.jp/api/users/kiNero30901 (attempt 2/3)
2026-09-18 08:26:58 | INFO     | OK https://skeb.jp/api/users/Goto_kira
2026-09-18 08:26:58 | INFO     | Saving at a/skeb/Goto_kira-166cf7.json
2026-09-18 08:26:59 | WARNING  | 404 on https://skeb.jp/api/users/nattamati_ (attempt 2/3)
2026-09-18 08:27:00 | WARNING  | 404 on https://skeb.jp/api/users/fm7hxj (attempt 2/3)
2026-09-18 08:27:01 | WARNING  | 404 on https://skeb.jp/api/users/nyatta_san (attempt 3/3)
2026-09-18 08:27:02 | INFO     | OK https://skeb.jp/api/users/liku_0495
2026-09-18 08:27:02 | INFO     | Saving at a/skeb/liku_0495-5e3f83.json
2026-09-18 08:27:03 | WARNING  | 404 on https://skeb.jp/api/users/Uo_oU_us (attempt 3/3)
2026-09-18 08:27:04 | INFO     | OK https://skeb.jp/api/users/hakoniwa666nkm
2026-09-18 08:27:04 | INFO     | Saving at a/skeb/hakoniwa666nkm-d99926.json
2026-09-18 08:27:05 | WARNING  | 404 on https://skeb.jp/api/users/oshino_Iriss (attempt 1/3)
2026-09-18 08:27:06 | WARNING  | 404 on https://skeb.jp/api/users/nattamati_ (attempt 3/3)
2026-09-18 08:27:07 | WARNING  | 404 on https://skeb.jp/api/users/kiNero30901 (attempt 3/3)
2026-09-18 08:27:08 | WARNING  | 404 on https://skeb.jp/api/users/Henzu_23 (attempt 2/3)
2026-09-18 08:27:09 | WARNING  | 404 on https://skeb.jp/api/users/oshino_Iriss (attempt 2/3)
2026-09-18 08:27:10 | WARNING  | 404 on https://skeb.jp/api/users/fm7hxj (attempt 3/3)
2026-09-18 08:27:11 | WARNING  | 404 on https://skeb.jp/api/users/3hankikan0220 (attempt 3/3)
2026-09-18 08:27:12 | WARNING  | 404 on https://skeb.jp/api/users/yamin_himamo23 (attempt 2/3)
2026-09-18 08:27:13 | WARNING  | 404 on https://skeb.jp/api/users/killy810 (attempt 2/3)
2026-09-18 08:27:14 | WARNING  | 404 on https://skeb.jp/api/users/oshino_Iriss (attempt 3/3)
2026-09-18 08:27:15 | WARNING  | 404 on https://skeb.jp/api/users/Henzu_23 (attempt 3/3)
2026-09-18 08:27:16 | WARNING  | 404 on https://skeb.jp/api/users/yamin_himamo23 (attempt 3/3)
2026-09-18 08:27:17 | WARNING  | 404 on https://skeb.jp/api/users/killy810 (attempt 3/3)
2026-09-18 08:27:17 | INFO     |  --- SUMMARY REPORT --- 
  Sources Retreived    : 102
  Profiles Fetched     : 56
  Profile Missing      : 46
  Profile Rate Limited : 0
  Profile Error Others : 0

2026-09-18 08:27:17 | INFO     | Started creating static api data.
2026-09-18 08:28:25 | INFO     | Album index written to a/albums/index.json (521 albums)
