2026-08-09 15:43:12 | INFO     | Initialized Data Store.
2026-08-09 15:43:12 | INFO     | Homepage GET status=200 (attempt 1/3)
2026-08-09 15:43:12 | WARNING  | request_key not found in homepage HTML (status=200).
2026-08-09 15:43:12 | INFO     | SkebClient ready (impersonate=chrome120, rate=1.0/s, concurrency=10, max_runtime=10800s)
2026-08-09 15:44:56 | INFO     | Ready to scrape 135 items
2026-08-09 15:44:57 | INFO     | OK https://skeb.jp/api/users/kuu_illustrator
2026-08-09 15:44:57 | INFO     | Saving at a/skeb/kuu_illustrator-d104ab.json
2026-08-09 15:44:58 | INFO     | OK https://skeb.jp/api/users/s_j_r_72
2026-08-09 15:44:58 | INFO     | Saving at a/skeb/s_j_r_72-fd89ae.json
2026-08-09 15:44:58 | WARNING  | 404 on https://skeb.jp/api/users/se3ifinal (attempt 1/3)
2026-08-09 15:44:59 | WARNING  | 404 on https://skeb.jp/api/users/NOm0y0i (attempt 1/3)
2026-08-09 15:45:01 | INFO     | OK https://skeb.jp/api/users/U_NOchi
2026-08-09 15:45:01 | INFO     | Saving at a/skeb/U_NOchi-53103b.json
2026-08-09 15:45:02 | INFO     | OK https://skeb.jp/api/users/kkurumi_illust
2026-08-09 15:45:02 | INFO     | Saving at a/skeb/kkurumi_illust-59d1e2.json
2026-08-09 15:45:02 | WARNING  | 404 on https://skeb.jp/api/users/polar_kuma62 (attempt 1/3)
2026-08-09 15:45:03 | WARNING  | 404 on https://skeb.jp/api/users/NOm0y0i (attempt 2/3)
2026-08-09 15:45:05 | WARNING  | 404 on https://skeb.jp/api/users/fm7hxj (attempt 1/3)
2026-08-09 15:45:05 | WARNING  | 404 on https://skeb.jp/api/users/vHoo__ (attempt 1/3)
2026-08-09 15:45:06 | WARNING  | 404 on https://skeb.jp/api/users/polar_kuma62 (attempt 2/3)
2026-08-09 15:45:07 | WARNING  | 404 on https://skeb.jp/api/users/fm7hxj (attempt 2/3)
2026-08-09 15:45:09 | INFO     | OK https://skeb.jp/api/users/shiban_Go31
2026-08-09 15:45:09 | INFO     | Saving at a/skeb/shiban_Go31-fc7fdf.json
2026-08-09 15:45:10 | WARNING  | 404 on https://skeb.jp/api/users/se3ifinal (attempt 2/3)
2026-08-09 15:45:11 | INFO     | OK https://skeb.jp/api/users/emoigyoza
2026-08-09 15:45:11 | INFO     | Saving at a/skeb/emoigyoza-be2ae1.json
2026-08-09 15:45:12 | WARNING  | 404 on https://skeb.jp/api/users/NOm0y0i (attempt 3/3)
2026-08-09 15:45:13 | WARNING  | 404 on https://skeb.jp/api/users/nyatta_san (attempt 1/3)
2026-08-09 15:45:14 | INFO     | OK https://skeb.jp/api/users/ewokakumaru
2026-08-09 15:45:14 | INFO     | Saving at a/skeb/ewokakumaru-fdb46e.json
2026-08-09 15:45:15 | WARNING  | 404 on https://skeb.jp/api/users/fm7hxj (attempt 3/3)
2026-08-09 15:45:15 | WARNING  | 404 on https://skeb.jp/api/users/nyatta_san (attempt 2/3)
2026-08-09 15:45:17 | INFO     | OK https://skeb.jp/api/users/ri_arisukirin
2026-08-09 15:45:17 | INFO     | Saving at a/skeb/ri_arisukirin-714eb6.json
2026-08-09 15:45:18 | INFO     | OK https://skeb.jp/api/users/scapehope_neo
2026-08-09 15:45:18 | INFO     | Saving at a/skeb/scapehope_neo-e9defd.json
2026-08-09 15:45:19 | INFO     | OK https://skeb.jp/api/users/sho_mixmaximum
2026-08-09 15:45:19 | INFO     | Saving at a/skeb/sho_mixmaximum-5d1aab.json
2026-08-09 15:45:20 | WARNING  | 404 on https://skeb.jp/api/users/killy810 (attempt 1/3)
2026-08-09 15:45:21 | INFO     | OK https://skeb.jp/api/users/yamyam_yogurt
2026-08-09 15:45:21 | INFO     | Saving at a/skeb/yamyam_yogurt-f01c5c.json
2026-08-09 15:45:22 | WARNING  | 404 on https://skeb.jp/api/users/polar_kuma62 (attempt 3/3)
2026-08-09 15:45:22 | WARNING  | 404 on https://skeb.jp/api/users/killy810 (attempt 2/3)
2026-08-09 15:45:24 | INFO     | OK https://skeb.jp/api/users/kotokotone_9966
2026-08-09 15:45:24 | INFO     | Saving at a/skeb/kotokotone_9966-f780b5.json
2026-08-09 15:45:25 | INFO     | OK https://skeb.jp/api/users/URU_saai
2026-08-09 15:45:25 | INFO     | Saving at a/skeb/URU_saai-5cb3f3.json
2026-08-09 15:45:26 | INFO     | OK https://skeb.jp/api/users/keikokakeno
2026-08-09 15:45:26 | INFO     | Saving at a/skeb/keikokakeno-ee7ba4.json
2026-08-09 15:45:27 | INFO     | OK https://skeb.jp/api/users/tetopetesone
2026-08-09 15:45:27 | INFO     | Saving at a/skeb/tetopetesone-d9b71a.json
2026-08-09 15:45:28 | WARNING  | 404 on https://skeb.jp/api/users/8oSSUHCnXXz4tBp (attempt 1/3)
2026-08-09 15:45:29 | WARNING  | 404 on https://skeb.jp/api/users/killy810 (attempt 3/3)
2026-08-09 15:45:30 | WARNING  | 404 on https://skeb.jp/api/users/Iam_Ciikawa (attempt 1/3)
2026-08-09 15:45:31 | WARNING  | 404 on https://skeb.jp/api/users/vHoo__ (attempt 2/3)
2026-08-09 15:45:32 | WARNING  | 404 on https://skeb.jp/api/users/se3ifinal (attempt 3/3)
2026-08-09 15:45:33 | INFO     | OK https://skeb.jp/api/users/yknk_tabetaro
2026-08-09 15:45:33 | INFO     | Saving at a/skeb/yknk_tabetaro-5c937a.json
2026-08-09 15:45:33 | WARNING  | 404 on https://skeb.jp/api/users/Iam_Ciikawa (attempt 2/3)
2026-08-09 15:45:35 | WARNING  | 404 on https://skeb.jp/api/users/yamin_himamo23 (attempt 1/3)
2026-08-09 15:45:35 | WARNING  | 404 on https://skeb.jp/api/users/vHoo__ (attempt 3/3)
2026-08-09 15:45:37 | INFO     | OK https://skeb.jp/api/users/takotakoone
2026-08-09 15:45:37 | INFO     | Saving at a/skeb/takotakoone-6834d6.json
2026-08-09 15:45:38 | WARNING  | 404 on https://skeb.jp/api/users/nyatta_san (attempt 3/3)
2026-08-09 15:45:38 | WARNING  | 404 on https://skeb.jp/api/users/yamin_himamo23 (attempt 2/3)
2026-08-09 15:45:40 | INFO     | OK https://skeb.jp/api/users/0umi_tiger
2026-08-09 15:45:40 | INFO     | Saving at a/skeb/0umi_tiger-e22f4c.json
2026-08-09 15:45:41 | INFO     | OK https://skeb.jp/api/users/kanna_t_t
2026-08-09 15:45:41 | INFO     | Saving at a/skeb/kanna_t_t-3e560c.json
2026-08-09 15:45:42 | WARNING  | 404 on https://skeb.jp/api/users/8oSSUHCnXXz4tBp (attempt 2/3)
2026-08-09 15:45:43 | INFO     | OK https://skeb.jp/api/users/kanabunnnn
2026-08-09 15:45:43 | INFO     | Saving at a/skeb/kanabunnnn-5ea767.json
2026-08-09 15:45:44 | WARNING  | 404 on https://skeb.jp/api/users/Geshi_to_ (attempt 1/3)
2026-08-09 15:45:45 | INFO     | OK https://skeb.jp/api/users/crow0260
2026-08-09 15:45:45 | INFO     | Saving at a/skeb/crow0260-9cd8d1.json
2026-08-09 15:45:46 | WARNING  | 404 on https://skeb.jp/api/users/ghcfujfc1 (attempt 1/3)
2026-08-09 15:45:47 | WARNING  | 404 on https://skeb.jp/api/users/Axnya (attempt 1/3)
2026-08-09 15:45:48 | WARNING  | 404 on https://skeb.jp/api/users/8oSSUHCnXXz4tBp (attempt 3/3)
2026-08-09 15:45:49 | WARNING  | 404 on https://skeb.jp/api/users/yamin_himamo23 (attempt 3/3)
2026-08-09 15:45:49 | WARNING  | 404 on https://skeb.jp/api/users/ghcfujfc1 (attempt 2/3)
2026-08-09 15:45:50 | WARNING  | 404 on https://skeb.jp/api/users/Axnya (attempt 2/3)
2026-08-09 15:45:52 | INFO     | OK https://skeb.jp/api/users/_tamuotamu
2026-08-09 15:45:52 | INFO     | Saving at a/skeb/_tamuotamu-0f2567.json
2026-08-09 15:45:53 | INFO     | OK https://skeb.jp/api/users/pnxuq
2026-08-09 15:45:53 | INFO     | Saving at a/skeb/pnxuq-eae1eb.json
2026-08-09 15:45:54 | WARNING  | 404 on https://skeb.jp/api/users/nattamati_ (attempt 1/3)
2026-08-09 15:45:55 | INFO     | OK https://skeb.jp/api/users/kurannchelly
2026-08-09 15:45:55 | INFO     | Saving at a/skeb/kurannchelly-33b62c.json
2026-08-09 15:45:56 | WARNING  | 404 on https://skeb.jp/api/users/pgpcvDCE9G (attempt 1/3)
2026-08-09 15:45:57 | INFO     | OK https://skeb.jp/api/users/c389815
2026-08-09 15:45:57 | INFO     | Saving at a/skeb/c389815-59877d.json
2026-08-09 15:45:58 | WARNING  | 404 on https://skeb.jp/api/users/Geshi_to_ (attempt 2/3)
2026-08-09 15:45:58 | WARNING  | 404 on https://skeb.jp/api/users/pgpcvDCE9G (attempt 2/3)
2026-08-09 15:46:00 | INFO     | OK https://skeb.jp/api/users/32Mk_ll
2026-08-09 15:46:00 | INFO     | Saving at a/skeb/32Mk_ll-791119.json
2026-08-09 15:46:01 | WARNING  | 404 on https://skeb.jp/api/users/Henzu_23 (attempt 1/3)
2026-08-09 15:46:02 | INFO     | OK https://skeb.jp/api/users/Yomimafun
2026-08-09 15:46:02 | INFO     | Saving at a/skeb/Yomimafun-94668d.json
2026-08-09 15:46:03 | WARNING  | 404 on https://skeb.jp/api/users/soraumi2000_50_ (attempt 1/3)
2026-08-09 15:46:04 | INFO     | OK https://skeb.jp/api/users/Tfeirin
2026-08-09 15:46:04 | INFO     | Saving at a/skeb/Tfeirin-7bde2b.json
2026-08-09 15:46:05 | INFO     | OK https://skeb.jp/api/users/pympess
2026-08-09 15:46:05 | INFO     | Saving at a/skeb/pympess-b9c199.json
2026-08-09 15:46:06 | WARNING  | 404 on https://skeb.jp/api/users/pgpcvDCE9G (attempt 3/3)
2026-08-09 15:46:07 | WARNING  | 404 on https://skeb.jp/api/users/nattamati_ (attempt 2/3)
2026-08-09 15:46:08 | INFO     | OK https://skeb.jp/api/users/kakerunibai
2026-08-09 15:46:08 | INFO     | Saving at a/skeb/kakerunibai-07ba84.json
2026-08-09 15:46:09 | INFO     | OK https://skeb.jp/api/users/momen_tamu
2026-08-09 15:46:09 | INFO     | Saving at a/skeb/momen_tamu-50e151.json
2026-08-09 15:46:10 | WARNING  | 404 on https://skeb.jp/api/users/lkjeudnduy44 (attempt 1/3)
2026-08-09 15:46:11 | INFO     | OK https://skeb.jp/api/users/SakumaTouka
2026-08-09 15:46:11 | INFO     | Saving at a/skeb/SakumaTouka-a69000.json
2026-08-09 15:46:12 | WARNING  | 404 on https://skeb.jp/api/users/Henzu_23 (attempt 2/3)
2026-08-09 15:46:13 | WARNING  | 404 on https://skeb.jp/api/users/nattamati_ (attempt 3/3)
2026-08-09 15:46:14 | WARNING  | 404 on https://skeb.jp/api/users/Geshi_to_ (attempt 3/3)
2026-08-09 15:46:15 | WARNING  | 404 on https://skeb.jp/api/users/Axnya (attempt 3/3)
2026-08-09 15:46:16 | WARNING  | 404 on https://skeb.jp/api/users/lkjeudnduy44 (attempt 2/3)
2026-08-09 15:46:17 | INFO     | OK https://skeb.jp/api/users/monakaa
2026-08-09 15:46:17 | INFO     | Saving at a/skeb/monakaa-5a744d.json
2026-08-09 15:46:18 | WARNING  | 404 on https://skeb.jp/api/users/ghcfujfc1 (attempt 3/3)
2026-08-09 15:46:19 | INFO     | OK https://skeb.jp/api/users/s_nofr
2026-08-09 15:46:19 | INFO     | Saving at a/skeb/s_nofr-ff6d79.json
2026-08-09 15:46:20 | INFO     | OK https://skeb.jp/api/users/madaragi926
2026-08-09 15:46:20 | INFO     | Saving at a/skeb/madaragi926-b4c449.json
2026-08-09 15:46:21 | WARNING  | 404 on https://skeb.jp/api/users/soraumi2000_50_ (attempt 2/3)
2026-08-09 15:46:22 | WARNING  | 404 on https://skeb.jp/api/users/meguru_nero (attempt 1/3)
2026-08-09 15:46:23 | INFO     | OK https://skeb.jp/api/users/kazuhaa1
2026-08-09 15:46:23 | INFO     | Saving at a/skeb/kazuhaa1-cb7584.json
2026-08-09 15:46:24 | INFO     | OK https://skeb.jp/api/users/syokolatie
2026-08-09 15:46:24 | INFO     | Saving at a/skeb/syokolatie-bfb67a.json
2026-08-09 15:46:25 | INFO     | OK https://skeb.jp/api/users/nisui57
2026-08-09 15:46:25 | INFO     | Saving at a/skeb/nisui57-8c51b2.json
2026-08-09 15:46:25 | WARNING  | 404 on https://skeb.jp/api/users/meguru_nero (attempt 2/3)
2026-08-09 15:46:27 | WARNING  | 404 on https://skeb.jp/api/users/soraumi2000_50_ (attempt 3/3)
2026-08-09 15:46:28 | INFO     | OK https://skeb.jp/api/users/urasuzi_cat
2026-08-09 15:46:28 | INFO     | Saving at a/skeb/urasuzi_cat-0a10cf.json
2026-08-09 15:46:29 | WARNING  | 404 on https://skeb.jp/api/users/29Kota2 (attempt 1/3)
2026-08-09 15:46:30 | WARNING  | 404 on https://skeb.jp/api/users/3hankikan0220 (attempt 1/3)
2026-08-09 15:46:31 | INFO     | OK https://skeb.jp/api/users/yanagi_too
2026-08-09 15:46:31 | INFO     | Saving at a/skeb/yanagi_too-1c2298.json
2026-08-09 15:46:32 | WARNING  | 404 on https://skeb.jp/api/users/meguru_nero (attempt 3/3)
2026-08-09 15:46:33 | WARNING  | 404 on https://skeb.jp/api/users/lkjeudnduy44 (attempt 3/3)
2026-08-09 15:46:34 | WARNING  | 404 on https://skeb.jp/api/users/Henzu_23 (attempt 3/3)
2026-08-09 15:46:35 | INFO     | OK https://skeb.jp/api/users/maitenn03
2026-08-09 15:46:35 | INFO     | Saving at a/skeb/maitenn03-7f8b06.json
2026-08-09 15:46:36 | INFO     | OK https://skeb.jp/api/users/MAKAIRO
2026-08-09 15:46:36 | INFO     | Saving at a/skeb/MAKAIRO-25bd45.json
2026-08-09 15:46:37 | INFO     | OK https://skeb.jp/api/users/sippoku_sui
2026-08-09 15:46:37 | INFO     | Saving at a/skeb/sippoku_sui-6cd92c.json
2026-08-09 15:46:38 | WARNING  | 404 on https://skeb.jp/api/users/3hankikan0220 (attempt 2/3)
2026-08-09 15:46:39 | INFO     | OK https://skeb.jp/api/users/mknyaga163
2026-08-09 15:46:39 | INFO     | Saving at a/skeb/mknyaga163-999e79.json
2026-08-09 15:46:40 | WARNING  | 404 on https://skeb.jp/api/users/Iam_Ciikawa (attempt 3/3)
2026-08-09 15:46:41 | INFO     | OK https://skeb.jp/api/users/Tetsuo1432085
2026-08-09 15:46:41 | INFO     | Saving at a/skeb/Tetsuo1432085-e1c896.json
2026-08-09 15:46:42 | INFO     | OK https://skeb.jp/api/users/fweruzu
2026-08-09 15:46:42 | INFO     | Saving at a/skeb/fweruzu-0a7c6a.json
2026-08-09 15:46:43 | WARNING  | 404 on https://skeb.jp/api/users/EDO__nyan (attempt 1/3)
2026-08-09 15:46:44 | INFO     | OK https://skeb.jp/api/users/keraji_
2026-08-09 15:46:44 | INFO     | Saving at a/skeb/keraji_-0f8bc1.json
2026-08-09 15:46:45 | INFO     | OK https://skeb.jp/api/users/michuta1457
2026-08-09 15:46:45 | INFO     | Saving at a/skeb/michuta1457-98ddc2.json
2026-08-09 15:46:45 | WARNING  | 404 on https://skeb.jp/api/users/EDO__nyan (attempt 2/3)
2026-08-09 15:46:47 | INFO     | OK https://skeb.jp/api/users/ixiuru417
2026-08-09 15:46:47 | INFO     | Saving at a/skeb/ixiuru417-7cc134.json
2026-08-09 15:46:48 | WARNING  | 404 on https://skeb.jp/api/users/29Kota2 (attempt 2/3)
2026-08-09 15:46:49 | INFO     | OK https://skeb.jp/api/users/jusanban
2026-08-09 15:46:49 | INFO     | Saving at a/skeb/jusanban-d32084.json
2026-08-09 15:46:50 | WARNING  | 404 on https://skeb.jp/api/users/p_pfp5 (attempt 1/3)
2026-08-09 15:46:51 | WARNING  | 404 on https://skeb.jp/api/users/EDO__nyan (attempt 3/3)
2026-08-09 15:46:52 | INFO     | OK https://skeb.jp/api/users/toritaku
2026-08-09 15:46:52 | INFO     | Saving at a/skeb/toritaku-69c4a2.json
2026-08-09 15:46:53 | WARNING  | 404 on https://skeb.jp/api/users/p_pfp5 (attempt 2/3)
2026-08-09 15:46:54 | INFO     | OK https://skeb.jp/api/users/mirumiru0716
2026-08-09 15:46:54 | INFO     | Saving at a/skeb/mirumiru0716-d7e906.json
2026-08-09 15:46:55 | WARNING  | 404 on https://skeb.jp/api/users/scy2222 (attempt 1/3)
2026-08-09 15:46:56 | INFO     | OK https://skeb.jp/api/users/yoshinoyama110
2026-08-09 15:46:56 | INFO     | Saving at a/skeb/yoshinoyama110-8f2c2f.json
2026-08-09 15:46:57 | WARNING  | 404 on https://skeb.jp/api/users/29Kota2 (attempt 3/3)
2026-08-09 15:46:58 | WARNING  | 404 on https://skeb.jp/api/users/sakayama_lazuli (attempt 1/3)
2026-08-09 15:46:59 | WARNING  | 404 on https://skeb.jp/api/users/scy2222 (attempt 2/3)
2026-08-09 15:47:00 | INFO     | OK https://skeb.jp/api/users/san5ro
2026-08-09 15:47:00 | INFO     | Saving at a/skeb/san5ro-667589.json
2026-08-09 15:47:01 | WARNING  | 404 on https://skeb.jp/api/users/sakayama_lazuli (attempt 2/3)
2026-08-09 15:47:02 | INFO     | OK https://skeb.jp/api/users/gajimarokbt
2026-08-09 15:47:02 | INFO     | Saving at a/skeb/gajimarokbt-6e7b9a.json
2026-08-09 15:47:03 | INFO     | OK https://skeb.jp/api/users/jamOBASAN_yotu
2026-08-09 15:47:03 | INFO     | Saving at a/skeb/jamOBASAN_yotu-c11106.json
2026-08-09 15:47:04 | WARNING  | 404 on https://skeb.jp/api/users/ronn_irai (attempt 1/3)
2026-08-09 15:47:05 | WARNING  | 404 on https://skeb.jp/api/users/p_pfp5 (attempt 3/3)
2026-08-09 15:47:06 | WARNING  | 404 on https://skeb.jp/api/users/sakayama_lazuli (attempt 3/3)
2026-08-09 15:47:07 | INFO     | OK https://skeb.jp/api/users/samya_aku
2026-08-09 15:47:07 | INFO     | Saving at a/skeb/samya_aku-b09184.json
2026-08-09 15:47:08 | INFO     | OK https://skeb.jp/api/users/suminiimasu
2026-08-09 15:47:08 | INFO     | Saving at a/skeb/suminiimasu-0b0b09.json
2026-08-09 15:47:09 | INFO     | OK https://skeb.jp/api/users/CocotteSpoon
2026-08-09 15:47:09 | INFO     | Saving at a/skeb/CocotteSpoon-4ab3af.json
2026-08-09 15:47:10 | INFO     | OK https://skeb.jp/api/users/matsukin66
2026-08-09 15:47:10 | INFO     | Saving at a/skeb/matsukin66-6a7f1f.json
2026-08-09 15:47:11 | WARNING  | 404 on https://skeb.jp/api/users/scy2222 (attempt 3/3)
2026-08-09 15:47:12 | WARNING  | 404 on https://skeb.jp/api/users/kotonesansukida (attempt 1/3)
2026-08-09 15:47:13 | WARNING  | 404 on https://skeb.jp/api/users/ronn_irai (attempt 2/3)
2026-08-09 15:47:14 | INFO     | OK https://skeb.jp/api/users/kemuxi
2026-08-09 15:47:14 | INFO     | Saving at a/skeb/kemuxi-f09154.json
2026-08-09 15:47:15 | WARNING  | 404 on https://skeb.jp/api/users/kotonesansukida (attempt 2/3)
2026-08-09 15:47:16 | INFO     | OK https://skeb.jp/api/users/Ukiki_zzz36
2026-08-09 15:47:16 | INFO     | Saving at a/skeb/Ukiki_zzz36-f52647.json
2026-08-09 15:47:17 | WARNING  | 404 on https://skeb.jp/api/users/kagoyama_sns (attempt 1/3)
2026-08-09 15:47:18 | INFO     | OK https://skeb.jp/api/users/cp_325
2026-08-09 15:47:18 | INFO     | Saving at a/skeb/cp_325-cc95c3.json
2026-08-09 15:47:19 | WARNING  | 404 on https://skeb.jp/api/users/ronn_irai (attempt 3/3)
2026-08-09 15:47:20 | INFO     | OK https://skeb.jp/api/users/hanaichi_5
2026-08-09 15:47:20 | INFO     | Saving at a/skeb/hanaichi_5-76f96a.json
2026-08-09 15:47:21 | WARNING  | 404 on https://skeb.jp/api/users/3hankikan0220 (attempt 3/3)
2026-08-09 15:47:22 | WARNING  | 404 on https://skeb.jp/api/users/fukafuka_no_inu (attempt 1/3)
2026-08-09 15:47:23 | WARNING  | 404 on https://skeb.jp/api/users/kotonesansukida (attempt 3/3)
2026-08-09 15:47:24 | INFO     | OK https://skeb.jp/api/users/8_48_o
2026-08-09 15:47:24 | INFO     | Saving at a/skeb/8_48_o-6dd372.json
2026-08-09 15:47:25 | WARNING  | 404 on https://skeb.jp/api/users/mimamorichan (attempt 1/3)
2026-08-09 15:47:26 | WARNING  | 404 on https://skeb.jp/api/users/fukafuka_no_inu (attempt 2/3)
2026-08-09 15:47:27 | INFO     | OK https://skeb.jp/api/users/Rakko_002
2026-08-09 15:47:27 | INFO     | Saving at a/skeb/Rakko_002-e1c440.json
2026-08-09 15:47:28 | INFO     | OK https://skeb.jp/api/users/Kbnk327
2026-08-09 15:47:28 | INFO     | Saving at a/skeb/Kbnk327-82bafb.json
2026-08-09 15:47:29 | INFO     | OK https://skeb.jp/api/users/irai_ore
2026-08-09 15:47:29 | INFO     | Saving at a/skeb/irai_ore-a84bb5.json
2026-08-09 15:47:30 | INFO     | OK https://skeb.jp/api/users/AKN_Wolfy_097
2026-08-09 15:47:30 | INFO     | Saving at a/skeb/AKN_Wolfy_097-9bcb84.json
2026-08-09 15:47:31 | WARNING  | 404 on https://skeb.jp/api/users/m3x3_sk (attempt 1/3)
2026-08-09 15:47:32 | WARNING  | 404 on https://skeb.jp/api/users/fukafuka_no_inu (attempt 3/3)
2026-08-09 15:47:33 | INFO     | OK https://skeb.jp/api/users/tamane_g
2026-08-09 15:47:33 | INFO     | Saving at a/skeb/tamane_g-03bb2a.json
2026-08-09 15:47:34 | WARNING  | 404 on https://skeb.jp/api/users/m3x3_sk (attempt 2/3)
2026-08-09 15:47:35 | WARNING  | 404 on https://skeb.jp/api/users/T4k73gqSZ26h5si (attempt 1/3)
2026-08-09 15:47:36 | WARNING  | 404 on https://skeb.jp/api/users/kiNero30901 (attempt 1/3)
2026-08-09 15:47:37 | WARNING  | 404 on https://skeb.jp/api/users/kagoyama_sns (attempt 2/3)
2026-08-09 15:47:38 | WARNING  | 404 on https://skeb.jp/api/users/Ryuzi_27 (attempt 1/3)
2026-08-09 15:47:39 | WARNING  | 404 on https://skeb.jp/api/users/m3x3_sk (attempt 3/3)
2026-08-09 15:47:40 | WARNING  | 404 on https://skeb.jp/api/users/kiNero30901 (attempt 2/3)
2026-08-09 15:47:41 | INFO     | OK https://skeb.jp/api/users/hibikurorekishi
2026-08-09 15:47:41 | INFO     | Saving at a/skeb/hibikurorekishi-8a42b9.json
2026-08-09 15:47:42 | WARNING  | 404 on https://skeb.jp/api/users/mimamorichan (attempt 2/3)
2026-08-09 15:47:43 | INFO     | OK https://skeb.jp/api/users/konataragi
2026-08-09 15:47:43 | INFO     | Saving at a/skeb/konataragi-2b714f.json
2026-08-09 15:47:44 | WARNING  | 404 on https://skeb.jp/api/users/kagoyama_sns (attempt 3/3)
2026-08-09 15:47:45 | WARNING  | 404 on https://skeb.jp/api/users/T4k73gqSZ26h5si (attempt 2/3)
2026-08-09 15:47:46 | INFO     | OK https://skeb.jp/api/users/itsuwa0815
2026-08-09 15:47:46 | INFO     | Saving at a/skeb/itsuwa0815-b0832f.json
2026-08-09 15:47:47 | WARNING  | 404 on https://skeb.jp/api/users/mimamorichan (attempt 3/3)
2026-08-09 15:47:48 | WARNING  | 404 on https://skeb.jp/api/users/toxizaki (attempt 1/3)
2026-08-09 15:47:49 | INFO     | OK https://skeb.jp/api/users/neru2in
2026-08-09 15:47:49 | INFO     | Saving at a/skeb/neru2in-7d978e.json
2026-08-09 15:47:50 | INFO     | OK https://skeb.jp/api/users/niako731
2026-08-09 15:47:50 | INFO     | Saving at a/skeb/niako731-2adf1d.json
2026-08-09 15:47:51 | WARNING  | 404 on https://skeb.jp/api/users/toxizaki (attempt 2/3)
2026-08-09 15:47:52 | INFO     | OK https://skeb.jp/api/users/minazumi_souka
2026-08-09 15:47:52 | INFO     | Saving at a/skeb/minazumi_souka-cfc947.json
2026-08-09 15:47:53 | WARNING  | 404 on https://skeb.jp/api/users/Ryuzi_27 (attempt 2/3)
2026-08-09 15:47:54 | WARNING  | 404 on https://skeb.jp/api/users/T4k73gqSZ26h5si (attempt 3/3)
2026-08-09 15:47:55 | INFO     | OK https://skeb.jp/api/users/Ninoude0401
2026-08-09 15:47:55 | INFO     | Saving at a/skeb/Ninoude0401-73b0df.json
2026-08-09 15:47:56 | INFO     | OK https://skeb.jp/api/users/ishinisuruzo01
2026-08-09 15:47:56 | INFO     | Saving at a/skeb/ishinisuruzo01-10121d.json
2026-08-09 15:47:57 | WARNING  | 404 on https://skeb.jp/api/users/kokorono_376 (attempt 1/3)
2026-08-09 15:47:58 | WARNING  | 404 on https://skeb.jp/api/users/kiNero30901 (attempt 3/3)
2026-08-09 15:47:59 | INFO     | OK https://skeb.jp/api/users/yu_hodou
2026-08-09 15:47:59 | INFO     | Saving at a/skeb/yu_hodou-927f15.json
2026-08-09 15:48:00 | WARNING  | 404 on https://skeb.jp/api/users/kokorono_376 (attempt 2/3)
2026-08-09 15:48:01 | INFO     | OK https://skeb.jp/api/users/veno_kurosuke
2026-08-09 15:48:01 | INFO     | Saving at a/skeb/veno_kurosuke-459c84.json
2026-08-09 15:48:02 | WARNING  | 404 on https://skeb.jp/api/users/Genkyou (attempt 1/3)
2026-08-09 15:48:03 | WARNING  | 404 on https://skeb.jp/api/users/kasha0927 (attempt 1/3)
2026-08-09 15:48:04 | INFO     | OK https://skeb.jp/api/users/AAAAroMa_6
2026-08-09 15:48:04 | INFO     | Saving at a/skeb/AAAAroMa_6-cd6a5f.json
2026-08-09 15:48:05 | WARNING  | 404 on https://skeb.jp/api/users/kokorono_376 (attempt 3/3)
2026-08-09 15:48:06 | WARNING  | 404 on https://skeb.jp/api/users/toxizaki (attempt 3/3)
2026-08-09 15:48:07 | WARNING  | 404 on https://skeb.jp/api/users/Ryuzi_27 (attempt 3/3)
2026-08-09 15:48:08 | INFO     | OK https://skeb.jp/api/users/46bluedeza
2026-08-09 15:48:08 | INFO     | Saving at a/skeb/46bluedeza-c12d75.json
2026-08-09 15:48:09 | WARNING  | 404 on https://skeb.jp/api/users/aki_ra3_ (attempt 1/3)
2026-08-09 15:48:10 | WARNING  | 404 on https://skeb.jp/api/users/Genkyou (attempt 2/3)
2026-08-09 15:48:11 | WARNING  | 404 on https://skeb.jp/api/users/923kaku (attempt 1/3)
2026-08-09 15:48:12 | INFO     | OK https://skeb.jp/api/users/Tori_tukuruMV
2026-08-09 15:48:12 | INFO     | Saving at a/skeb/Tori_tukuruMV-8f3c7d.json
2026-08-09 15:48:13 | INFO     | OK https://skeb.jp/api/users/mayama0137
2026-08-09 15:48:13 | INFO     | Saving at a/skeb/mayama0137-fa9924.json
2026-08-09 15:48:14 | WARNING  | 404 on https://skeb.jp/api/users/923kaku (attempt 2/3)
2026-08-09 15:48:15 | WARNING  | 404 on https://skeb.jp/api/users/Uo_oU_us (attempt 1/3)
2026-08-09 15:48:16 | WARNING  | 404 on https://skeb.jp/api/users/Llu_ulg (attempt 1/3)
2026-08-09 15:48:17 | WARNING  | 404 on https://skeb.jp/api/users/77_t2w (attempt 1/3)
2026-08-09 15:48:18 | WARNING  | 404 on https://skeb.jp/api/users/kasha0927 (attempt 2/3)
2026-08-09 15:48:19 | WARNING  | 404 on https://skeb.jp/api/users/mimei_Illust (attempt 1/3)
2026-08-09 15:48:20 | WARNING  | 404 on https://skeb.jp/api/users/923kaku (attempt 3/3)
2026-08-09 15:48:21 | WARNING  | 404 on https://skeb.jp/api/users/aki_ra3_ (attempt 2/3)
2026-08-09 15:48:22 | INFO     | OK https://skeb.jp/api/users/usagikurumi777
2026-08-09 15:48:22 | INFO     | Saving at a/skeb/usagikurumi777-e31fd5.json
2026-08-09 15:48:23 | WARNING  | 404 on https://skeb.jp/api/users/77_t2w (attempt 2/3)
2026-08-09 15:48:24 | WARNING  | 404 on https://skeb.jp/api/users/oshino_Iriss (attempt 1/3)
2026-08-09 15:48:25 | WARNING  | 404 on https://skeb.jp/api/users/kasha0927 (attempt 3/3)
2026-08-09 15:48:26 | INFO     | OK https://skeb.jp/api/users/LIoxoLI_zz
2026-08-09 15:48:26 | INFO     | Saving at a/skeb/LIoxoLI_zz-45b8e8.json
2026-08-09 15:48:27 | INFO     | OK https://skeb.jp/api/users/Ashitaba_s
2026-08-09 15:48:27 | INFO     | Saving at a/skeb/Ashitaba_s-602209.json
2026-08-09 15:48:28 | INFO     | OK https://skeb.jp/api/users/TRPG_Nta
2026-08-09 15:48:28 | INFO     | Saving at a/skeb/TRPG_Nta-fc1a00.json
2026-08-09 15:48:29 | WARNING  | 404 on https://skeb.jp/api/users/mimei_Illust (attempt 2/3)
2026-08-09 15:48:30 | WARNING  | 404 on https://skeb.jp/api/users/77_t2w (attempt 3/3)
2026-08-09 15:48:31 | WARNING  | 404 on https://skeb.jp/api/users/Uo_oU_us (attempt 2/3)
2026-08-09 15:48:32 | WARNING  | 404 on https://skeb.jp/api/users/Llu_ulg (attempt 2/3)
2026-08-09 15:48:33 | WARNING  | 404 on https://skeb.jp/api/users/_meruruto_ (attempt 1/3)
2026-08-09 15:48:34 | INFO     | OK https://skeb.jp/api/users/Kurukku_2525
2026-08-09 15:48:34 | INFO     | Saving at a/skeb/Kurukku_2525-8e6c0b.json
2026-08-09 15:48:35 | WARNING  | 404 on https://skeb.jp/api/users/aki_ra3_ (attempt 3/3)
2026-08-09 15:48:36 | WARNING  | 404 on https://skeb.jp/api/users/mimei_Illust (attempt 3/3)
2026-08-09 15:48:37 | WARNING  | 404 on https://skeb.jp/api/users/Uo_oU_us (attempt 3/3)
2026-08-09 15:48:38 | WARNING  | 404 on https://skeb.jp/api/users/Llu_ulg (attempt 3/3)
2026-08-09 15:48:39 | WARNING  | 404 on https://skeb.jp/api/users/_meruruto_ (attempt 2/3)
2026-08-09 15:48:40 | WARNING  | 404 on https://skeb.jp/api/users/oshino_Iriss (attempt 2/3)
2026-08-09 15:48:41 | WARNING  | 404 on https://skeb.jp/api/users/Genkyou (attempt 3/3)
2026-08-09 15:48:42 | WARNING  | 404 on https://skeb.jp/api/users/_meruruto_ (attempt 3/3)
2026-08-09 15:48:44 | WARNING  | 404 on https://skeb.jp/api/users/oshino_Iriss (attempt 3/3)
2026-08-09 15:48:44 | INFO     |  --- SUMMARY REPORT --- 
  Sources Retreived    : 135
  Profiles Fetched     : 89
  Profile Missing      : 46
  Profile Rate Limited : 0
  Profile Error Others : 0

2026-08-09 15:48:44 | INFO     | Started creating static api data.
2026-08-09 15:50:28 | INFO     | Album index written to a/albums/index.json (428 albums)
