2026-07-30 16:58:02 | INFO     | Initialized Data Store.
2026-07-30 16:58:02 | INFO     | Homepage GET status=429 (attempt 1/3)
2026-07-30 16:58:02 | INFO     | Cookie extracted [request_key=...].
2026-07-30 16:58:02 | INFO     | SkebClient ready (impersonate=chrome120, rate=1.0/s, concurrency=10, max_runtime=10800s)
2026-07-30 16:59:52 | INFO     | Ready to scrape 65 items
2026-07-30 16:59:52 | WARNING  | 404 on https://skeb.jp/api/users/T4k73gqSZ26h5si (attempt 1/3)
2026-07-30 16:59:53 | WARNING  | 404 on https://skeb.jp/api/users/3hankikan0220 (attempt 1/3)
2026-07-30 16:59:54 | WARNING  | 404 on https://skeb.jp/api/users/aki_ra3_ (attempt 1/3)
2026-07-30 16:59:55 | WARNING  | 404 on https://skeb.jp/api/users/77_t2w (attempt 1/3)
2026-07-30 16:59:56 | WARNING  | 404 on https://skeb.jp/api/users/T4k73gqSZ26h5si (attempt 2/3)
2026-07-30 16:59:57 | INFO     | OK https://skeb.jp/api/users/misakiakira
2026-07-30 16:59:57 | INFO     | Saving at a/skeb/misakiakira-543a13.json
2026-07-30 16:59:58 | WARNING  | 404 on https://skeb.jp/api/users/3hankikan0220 (attempt 2/3)
2026-07-30 16:59:59 | WARNING  | 404 on https://skeb.jp/api/users/soraumi2000_50_ (attempt 1/3)
2026-07-30 17:00:00 | WARNING  | 404 on https://skeb.jp/api/users/8oSSUHCnXXz4tBp (attempt 1/3)
2026-07-30 17:00:02 | WARNING  | 404 on https://skeb.jp/api/users/T4k73gqSZ26h5si (attempt 3/3)
2026-07-30 17:00:03 | WARNING  | 404 on https://skeb.jp/api/users/77_t2w (attempt 2/3)
2026-07-30 17:00:03 | WARNING  | 404 on https://skeb.jp/api/users/mimamorichan (attempt 1/3)
2026-07-30 17:00:04 | WARNING  | 404 on https://skeb.jp/api/users/NOm0y0i (attempt 1/3)
2026-07-30 17:00:05 | WARNING  | 404 on https://skeb.jp/api/users/3hankikan0220 (attempt 3/3)
2026-07-30 17:00:06 | INFO     | OK https://skeb.jp/api/users/furutori714
2026-07-30 17:00:06 | INFO     | Saving at a/skeb/furutori714-0cc1b3.json
2026-07-30 17:00:07 | WARNING  | 404 on https://skeb.jp/api/users/_meruruto_ (attempt 1/3)
2026-07-30 17:00:08 | WARNING  | 404 on https://skeb.jp/api/users/NOm0y0i (attempt 2/3)
2026-07-30 17:00:10 | WARNING  | 404 on https://skeb.jp/api/users/77_t2w (attempt 3/3)
2026-07-30 17:00:10 | WARNING  | 404 on https://skeb.jp/api/users/aki_ra3_ (attempt 2/3)
2026-07-30 17:00:11 | WARNING  | 404 on https://skeb.jp/api/users/Uo_oU_us (attempt 1/3)
2026-07-30 17:00:13 | WARNING  | 404 on https://skeb.jp/api/users/soraumi2000_50_ (attempt 2/3)
2026-07-30 17:00:13 | WARNING  | 404 on https://skeb.jp/api/users/Henzu_23 (attempt 1/3)
2026-07-30 17:00:14 | WARNING  | 404 on https://skeb.jp/api/users/NOm0y0i (attempt 3/3)
2026-07-30 17:00:15 | WARNING  | 404 on https://skeb.jp/api/users/Uo_oU_us (attempt 2/3)
2026-07-30 17:00:16 | WARNING  | 404 on https://skeb.jp/api/users/Henzu_23 (attempt 2/3)
2026-07-30 17:00:17 | WARNING  | 404 on https://skeb.jp/api/users/killy810 (attempt 1/3)
2026-07-30 17:00:19 | WARNING  | 404 on https://skeb.jp/api/users/soraumi2000_50_ (attempt 3/3)
2026-07-30 17:00:20 | WARNING  | 404 on https://skeb.jp/api/users/mimamorichan (attempt 2/3)
2026-07-30 17:00:20 | WARNING  | 404 on https://skeb.jp/api/users/Iam_Ciikawa (attempt 1/3)
2026-07-30 17:00:21 | WARNING  | 404 on https://skeb.jp/api/users/killy810 (attempt 2/3)
2026-07-30 17:00:23 | WARNING  | 404 on https://skeb.jp/api/users/Henzu_23 (attempt 3/3)
2026-07-30 17:00:24 | WARNING  | 404 on https://skeb.jp/api/users/aki_ra3_ (attempt 3/3)
2026-07-30 17:00:24 | WARNING  | 404 on https://skeb.jp/api/users/pgpcvDCE9G (attempt 1/3)
2026-07-30 17:00:26 | WARNING  | 404 on https://skeb.jp/api/users/Uo_oU_us (attempt 3/3)
2026-07-30 17:00:27 | WARNING  | 404 on https://skeb.jp/api/users/Iam_Ciikawa (attempt 2/3)
2026-07-30 17:00:27 | WARNING  | 404 on https://skeb.jp/api/users/pgpcvDCE9G (attempt 2/3)
2026-07-30 17:00:28 | INFO     | OK https://skeb.jp/api/users/EXQN7lcdwyElYHJ
2026-07-30 17:00:28 | INFO     | Saving at a/skeb/EXQN7lcdwyElYHJ-1315ca.json
2026-07-30 17:00:29 | WARNING  | 404 on https://skeb.jp/api/users/mimamorichan (attempt 3/3)
2026-07-30 17:00:30 | INFO     | OK https://skeb.jp/api/users/syugerel
2026-07-30 17:00:30 | INFO     | Saving at a/skeb/syugerel-d6c1ff.json
2026-07-30 17:00:31 | INFO     | OK https://skeb.jp/api/users/sin_gurei
2026-07-30 17:00:31 | INFO     | Saving at a/skeb/sin_gurei-a0907d.json
2026-07-30 17:00:33 | WARNING  | 404 on https://skeb.jp/api/users/Iam_Ciikawa (attempt 3/3)
2026-07-30 17:00:34 | WARNING  | 404 on https://skeb.jp/api/users/killy810 (attempt 3/3)
2026-07-30 17:00:34 | WARNING  | 404 on https://skeb.jp/api/users/pgpcvDCE9G (attempt 3/3)
2026-07-30 17:00:35 | WARNING  | 404 on https://skeb.jp/api/users/m3x3_sk (attempt 1/3)
2026-07-30 17:00:36 | INFO     | OK https://skeb.jp/api/users/Hanimaru2012
2026-07-30 17:00:36 | INFO     | Saving at a/skeb/Hanimaru2012-682350.json
2026-07-30 17:00:37 | WARNING  | 404 on https://skeb.jp/api/users/meguru_nero (attempt 1/3)
2026-07-30 17:00:38 | WARNING  | 404 on https://skeb.jp/api/users/ronn_irai (attempt 1/3)
2026-07-30 17:00:39 | WARNING  | 404 on https://skeb.jp/api/users/m3x3_sk (attempt 2/3)
2026-07-30 17:00:40 | WARNING  | 404 on https://skeb.jp/api/users/fm7hxj (attempt 1/3)
2026-07-30 17:00:41 | WARNING  | 404 on https://skeb.jp/api/users/meguru_nero (attempt 2/3)
2026-07-30 17:00:42 | WARNING  | 404 on https://skeb.jp/api/users/ronn_irai (attempt 2/3)
2026-07-30 17:00:43 | WARNING  | 404 on https://skeb.jp/api/users/fm7hxj (attempt 2/3)
2026-07-30 17:00:44 | WARNING  | 404 on https://skeb.jp/api/users/8oSSUHCnXXz4tBp (attempt 2/3)
2026-07-30 17:00:45 | WARNING  | 404 on https://skeb.jp/api/users/vHoo__ (attempt 1/3)
2026-07-30 17:00:46 | WARNING  | 404 on https://skeb.jp/api/users/_meruruto_ (attempt 2/3)
2026-07-30 17:00:48 | WARNING  | 404 on https://skeb.jp/api/users/meguru_nero (attempt 3/3)
2026-07-30 17:00:49 | WARNING  | 404 on https://skeb.jp/api/users/fm7hxj (attempt 3/3)
2026-07-30 17:00:49 | INFO     | OK https://skeb.jp/api/users/oden12476
2026-07-30 17:00:49 | INFO     | Saving at a/skeb/oden12476-840c93.json
2026-07-30 17:00:50 | WARNING  | 404 on https://skeb.jp/api/users/ronn_irai (attempt 3/3)
2026-07-30 17:00:51 | WARNING  | 404 on https://skeb.jp/api/users/kiNero30901 (attempt 1/3)
2026-07-30 17:00:52 | WARNING  | 404 on https://skeb.jp/api/users/EDO__nyan (attempt 1/3)
2026-07-30 17:00:53 | WARNING  | 404 on https://skeb.jp/api/users/p_pfp5 (attempt 1/3)
2026-07-30 17:00:54 | WARNING  | 404 on https://skeb.jp/api/users/_meruruto_ (attempt 3/3)
2026-07-30 17:00:56 | WARNING  | 404 on https://skeb.jp/api/users/m3x3_sk (attempt 3/3)
2026-07-30 17:00:56 | WARNING  | 404 on https://skeb.jp/api/users/kagoyama_sns (attempt 1/3)
2026-07-30 17:00:58 | WARNING  | 404 on https://skeb.jp/api/users/kiNero30901 (attempt 2/3)
2026-07-30 17:00:58 | WARNING  | 404 on https://skeb.jp/api/users/se3ifinal (attempt 1/3)
2026-07-30 17:01:00 | WARNING  | 404 on https://skeb.jp/api/users/8oSSUHCnXXz4tBp (attempt 3/3)
2026-07-30 17:01:00 | WARNING  | 404 on https://skeb.jp/api/users/EDO__nyan (attempt 2/3)
2026-07-30 17:01:01 | WARNING  | 404 on https://skeb.jp/api/users/toxizaki (attempt 1/3)
2026-07-30 17:01:02 | WARNING  | 404 on https://skeb.jp/api/users/Llu_ulg (attempt 1/3)
2026-07-30 17:01:04 | WARNING  | 404 on https://skeb.jp/api/users/kiNero30901 (attempt 3/3)
2026-07-30 17:01:05 | WARNING  | 404 on https://skeb.jp/api/users/kagoyama_sns (attempt 2/3)
2026-07-30 17:01:05 | WARNING  | 404 on https://skeb.jp/api/users/toxizaki (attempt 2/3)
2026-07-30 17:01:06 | WARNING  | 404 on https://skeb.jp/api/users/se3ifinal (attempt 2/3)
2026-07-30 17:01:07 | WARNING  | 404 on https://skeb.jp/api/users/EDO__nyan (attempt 3/3)
2026-07-30 17:01:09 | WARNING  | 404 on https://skeb.jp/api/users/vHoo__ (attempt 2/3)
2026-07-30 17:01:09 | WARNING  | 404 on https://skeb.jp/api/users/Axnya (attempt 1/3)
2026-07-30 17:01:11 | WARNING  | 404 on https://skeb.jp/api/users/kagoyama_sns (attempt 3/3)
2026-07-30 17:01:12 | WARNING  | 404 on https://skeb.jp/api/users/Llu_ulg (attempt 2/3)
2026-07-30 17:01:12 | INFO     | OK https://skeb.jp/api/users/Ciel_midoran
2026-07-30 17:01:12 | INFO     | Saving at a/skeb/Ciel_midoran-6412e6.json
2026-07-30 17:01:14 | WARNING  | 404 on https://skeb.jp/api/users/toxizaki (attempt 3/3)
2026-07-30 17:01:14 | WARNING  | 404 on https://skeb.jp/api/users/Geshi_to_ (attempt 1/3)
2026-07-30 17:01:16 | WARNING  | 404 on https://skeb.jp/api/users/Axnya (attempt 2/3)
2026-07-30 17:01:17 | WARNING  | 404 on https://skeb.jp/api/users/p_pfp5 (attempt 2/3)
2026-07-30 17:01:18 | WARNING  | 404 on https://skeb.jp/api/users/se3ifinal (attempt 3/3)
2026-07-30 17:01:18 | WARNING  | 404 on https://skeb.jp/api/users/Geshi_to_ (attempt 2/3)
2026-07-30 17:01:19 | WARNING  | 404 on https://skeb.jp/api/users/mimei_Illust (attempt 1/3)
2026-07-30 17:01:20 | WARNING  | 404 on https://skeb.jp/api/users/lkjeudnduy44 (attempt 1/3)
2026-07-30 17:01:22 | WARNING  | 404 on https://skeb.jp/api/users/Axnya (attempt 3/3)
2026-07-30 17:01:22 | WARNING  | 404 on https://skeb.jp/api/users/Llu_ulg (attempt 3/3)
2026-07-30 17:01:23 | WARNING  | 404 on https://skeb.jp/api/users/ghcfujfc1 (attempt 1/3)
2026-07-30 17:01:24 | WARNING  | 404 on https://skeb.jp/api/users/fukafuka_no_inu (attempt 1/3)
2026-07-30 17:01:25 | WARNING  | 404 on https://skeb.jp/api/users/923kaku (attempt 1/3)
2026-07-30 17:01:27 | INFO     | OK https://skeb.jp/api/users/Balsamic
2026-07-30 17:01:27 | INFO     | Saving at a/skeb/Balsamic-d37441.json
2026-07-30 17:01:27 | WARNING  | 404 on https://skeb.jp/api/users/ghcfujfc1 (attempt 2/3)
2026-07-30 17:01:28 | WARNING  | 404 on https://skeb.jp/api/users/mimei_Illust (attempt 2/3)
2026-07-30 17:01:29 | WARNING  | 404 on https://skeb.jp/api/users/923kaku (attempt 2/3)
2026-07-30 17:01:31 | WARNING  | 404 on https://skeb.jp/api/users/fukafuka_no_inu (attempt 2/3)
2026-07-30 17:01:32 | WARNING  | 404 on https://skeb.jp/api/users/vHoo__ (attempt 3/3)
2026-07-30 17:01:32 | WARNING  | 404 on https://skeb.jp/api/users/nyatta_san (attempt 1/3)
2026-07-30 17:01:33 | WARNING  | 404 on https://skeb.jp/api/users/mimei_Illust (attempt 3/3)
2026-07-30 17:01:34 | WARNING  | 404 on https://skeb.jp/api/users/lkjeudnduy44 (attempt 2/3)
2026-07-30 17:01:35 | INFO     | OK https://skeb.jp/api/users/nepi0720
2026-07-30 17:01:35 | INFO     | Saving at a/skeb/nepi0720-052045.json
2026-07-30 17:01:37 | WARNING  | 404 on https://skeb.jp/api/users/p_pfp5 (attempt 3/3)
2026-07-30 17:01:37 | INFO     | OK https://skeb.jp/api/users/wokamiya
2026-07-30 17:01:37 | INFO     | Saving at a/skeb/wokamiya-d36b3d.json
2026-07-30 17:01:38 | WARNING  | 404 on https://skeb.jp/api/users/Geshi_to_ (attempt 3/3)
2026-07-30 17:01:39 | WARNING  | 404 on https://skeb.jp/api/users/lkjeudnduy44 (attempt 3/3)
2026-07-30 17:01:40 | WARNING  | 404 on https://skeb.jp/api/users/Genkyou (attempt 1/3)
2026-07-30 17:01:41 | INFO     | OK https://skeb.jp/api/users/RI3233280242848
2026-07-30 17:01:41 | INFO     | Saving at a/skeb/RI3233280242848-a9aadb.json
2026-07-30 17:01:42 | WARNING  | 404 on https://skeb.jp/api/users/oshino_Iriss (attempt 1/3)
2026-07-30 17:01:43 | WARNING  | 404 on https://skeb.jp/api/users/29Kota2 (attempt 1/3)
2026-07-30 17:01:45 | WARNING  | 404 on https://skeb.jp/api/users/923kaku (attempt 3/3)
2026-07-30 17:01:45 | WARNING  | 404 on https://skeb.jp/api/users/kasha0927 (attempt 1/3)
2026-07-30 17:01:47 | WARNING  | 404 on https://skeb.jp/api/users/Genkyou (attempt 2/3)
2026-07-30 17:01:48 | WARNING  | 404 on https://skeb.jp/api/users/ghcfujfc1 (attempt 3/3)
2026-07-30 17:01:49 | WARNING  | 404 on https://skeb.jp/api/users/fukafuka_no_inu (attempt 3/3)
2026-07-30 17:01:49 | WARNING  | 404 on https://skeb.jp/api/users/nyatta_san (attempt 2/3)
2026-07-30 17:01:50 | WARNING  | 404 on https://skeb.jp/api/users/kokorono_376 (attempt 1/3)
2026-07-30 17:01:52 | WARNING  | 404 on https://skeb.jp/api/users/29Kota2 (attempt 2/3)
2026-07-30 17:01:53 | WARNING  | 404 on https://skeb.jp/api/users/oshino_Iriss (attempt 2/3)
2026-07-30 17:01:53 | WARNING  | 404 on https://skeb.jp/api/users/kokorono_376 (attempt 2/3)
2026-07-30 17:01:55 | INFO     | OK https://skeb.jp/api/users/usgysn
2026-07-30 17:01:55 | INFO     | Saving at a/skeb/usgysn-258314.json
2026-07-30 17:01:55 | WARNING  | 404 on https://skeb.jp/api/users/Ryuzi_27 (attempt 1/3)
2026-07-30 17:01:57 | WARNING  | 404 on https://skeb.jp/api/users/kasha0927 (attempt 2/3)
2026-07-30 17:01:57 | WARNING  | 404 on https://skeb.jp/api/users/kotonesansukida (attempt 1/3)
2026-07-30 17:01:58 | WARNING  | 404 on https://skeb.jp/api/users/Genkyou (attempt 3/3)
2026-07-30 17:01:59 | WARNING  | 404 on https://skeb.jp/api/users/Ryuzi_27 (attempt 2/3)
2026-07-30 17:02:00 | INFO     | OK https://skeb.jp/api/users/kakukill1
2026-07-30 17:02:00 | INFO     | Saving at a/skeb/kakukill1-363c85.json
2026-07-30 17:02:01 | WARNING  | 404 on https://skeb.jp/api/users/kasha0927 (attempt 3/3)
2026-07-30 17:02:03 | WARNING  | 404 on https://skeb.jp/api/users/oshino_Iriss (attempt 3/3)
2026-07-30 17:02:03 | INFO     | OK https://skeb.jp/api/users/studiocha
2026-07-30 17:02:03 | INFO     | Saving at a/skeb/studiocha-a65f70.json
2026-07-30 17:02:04 | WARNING  | 404 on https://skeb.jp/api/users/sakayama_lazuli (attempt 1/3)
2026-07-30 17:02:06 | INFO     | OK https://skeb.jp/api/users/tonataro1999
2026-07-30 17:02:06 | INFO     | Saving at a/skeb/tonataro1999-73a80a.json
2026-07-30 17:02:06 | WARNING  | 404 on https://skeb.jp/api/users/polar_kuma62 (attempt 1/3)
2026-07-30 17:02:07 | WARNING  | 404 on https://skeb.jp/api/users/yamin_himamo23 (attempt 1/3)
2026-07-30 17:02:08 | WARNING  | 404 on https://skeb.jp/api/users/scy2222 (attempt 1/3)
2026-07-30 17:02:10 | WARNING  | 404 on https://skeb.jp/api/users/Ryuzi_27 (attempt 3/3)
2026-07-30 17:02:10 | WARNING  | 404 on https://skeb.jp/api/users/polar_kuma62 (attempt 2/3)
2026-07-30 17:02:11 | WARNING  | 404 on https://skeb.jp/api/users/yamin_himamo23 (attempt 2/3)
2026-07-30 17:02:12 | WARNING  | 404 on https://skeb.jp/api/users/nattamati_ (attempt 1/3)
2026-07-30 17:02:14 | INFO     | OK https://skeb.jp/api/users/sino_u1
2026-07-30 17:02:14 | INFO     | Saving at a/skeb/sino_u1-d20bde.json
2026-07-30 17:02:15 | WARNING  | 404 on https://skeb.jp/api/users/kotonesansukida (attempt 2/3)
2026-07-30 17:02:15 | WARNING  | 404 on https://skeb.jp/api/users/scy2222 (attempt 2/3)
2026-07-30 17:02:16 | WARNING  | 404 on https://skeb.jp/api/users/polar_kuma62 (attempt 3/3)
2026-07-30 17:02:17 | WARNING  | 404 on https://skeb.jp/api/users/nyatta_san (attempt 3/3)
2026-07-30 17:02:19 | INFO     | OK https://skeb.jp/api/users/209_00
2026-07-30 17:02:19 | INFO     | Saving at a/skeb/209_00-51cfe9.json
2026-07-30 17:02:20 | WARNING  | 404 on https://skeb.jp/api/users/sakayama_lazuli (attempt 2/3)
2026-07-30 17:02:20 | WARNING  | 404 on https://skeb.jp/api/users/scy2222 (attempt 3/3)
2026-07-30 17:02:21 | WARNING  | 404 on https://skeb.jp/api/users/yamin_himamo23 (attempt 3/3)
2026-07-30 17:02:23 | WARNING  | 404 on https://skeb.jp/api/users/kokorono_376 (attempt 3/3)
2026-07-30 17:02:23 | WARNING  | 404 on https://skeb.jp/api/users/nattamati_ (attempt 2/3)
2026-07-30 17:02:25 | INFO     | OK https://skeb.jp/api/users/inosira
2026-07-30 17:02:25 | INFO     | Saving at a/skeb/inosira-5c3edd.json
2026-07-30 17:02:26 | WARNING  | 404 on https://skeb.jp/api/users/sakayama_lazuli (attempt 3/3)
2026-07-30 17:02:26 | WARNING  | 404 on https://skeb.jp/api/users/kotonesansukida (attempt 3/3)
2026-07-30 17:02:27 | WARNING  | 404 on https://skeb.jp/api/users/nattamati_ (attempt 3/3)
2026-07-30 17:02:28 | WARNING  | 404 on https://skeb.jp/api/users/29Kota2 (attempt 3/3)
2026-07-30 17:02:28 | INFO     |  --- SUMMARY REPORT --- 
  Sources Retreived    : 65
  Profiles Fetched     : 19
  Profile Missing      : 46
  Profile Rate Limited : 0
  Profile Error Others : 0

2026-07-30 17:02:28 | INFO     | Started creating static api data.
2026-07-30 17:04:12 | INFO     | Album index written to a/albums/index.json (400 albums)
