2026-07-12 00:53:03 | INFO     | Initialized Data Store.
2026-07-12 00:53:03 | INFO     | Homepage GET status=429 (attempt 1/3)
2026-07-12 00:53:03 | INFO     | Cookie extracted [request_key=...].
2026-07-12 00:53:03 | INFO     | SkebClient ready (impersonate=chrome120, rate=1.0/s, concurrency=10, max_runtime=39600s)
2026-07-12 00:54:03 | INFO     | Ready to scrape 515 items
2026-07-12 00:54:04 | INFO     | OK https://skeb.jp/api/users/V_karin_0724
2026-07-12 00:54:04 | INFO     | Saving at archive\skeb\V_karin_0724-cafe34.json
2026-07-12 00:54:04 | INFO     | OK https://skeb.jp/api/users/Otogi_Nato
2026-07-12 00:54:04 | INFO     | Saving at archive\skeb\Otogi_Nato-bb5509.json
2026-07-12 00:54:05 | WARNING  | 404 on https://skeb.jp/api/users/m3x3_sk (attempt 1/3)
2026-07-12 00:54:07 | INFO     | OK https://skeb.jp/api/users/thegu_chi
2026-07-12 00:54:07 | INFO     | Saving at archive\skeb\thegu_chi-2578d7.json
2026-07-12 00:54:08 | INFO     | OK https://skeb.jp/api/users/syokumura
2026-07-12 00:54:08 | INFO     | Saving at archive\skeb\syokumura-d5c7ce.json
2026-07-12 00:54:09 | INFO     | OK https://skeb.jp/api/users/mike_illust
2026-07-12 00:54:09 | INFO     | Saving at archive\skeb\mike_illust-a904b5.json
2026-07-12 00:54:10 | INFO     | OK https://skeb.jp/api/users/okometaitoite_
2026-07-12 00:54:10 | INFO     | Saving at archive\skeb\okometaitoite_-fb30c8.json
2026-07-12 00:54:11 | INFO     | OK https://skeb.jp/api/users/less_mother
2026-07-12 00:54:11 | INFO     | Saving at archive\skeb\less_mother-73beb2.json
2026-07-12 00:54:12 | INFO     | OK https://skeb.jp/api/users/ron_wadatumi
2026-07-12 00:54:12 | INFO     | Saving at archive\skeb\ron_wadatumi-0d9136.json
2026-07-12 00:54:13 | INFO     | OK https://skeb.jp/api/users/N3mkN08Vb2l34IK
2026-07-12 00:54:13 | INFO     | Saving at archive\skeb\N3mkN08Vb2l34IK-ca27c3.json
2026-07-12 00:54:14 | INFO     | OK https://skeb.jp/api/users/kamiseshi
2026-07-12 00:54:14 | INFO     | Saving at archive\skeb\kamiseshi-f45a66.json
2026-07-12 00:54:15 | INFO     | OK https://skeb.jp/api/users/kurumian_kurumi
2026-07-12 00:54:15 | INFO     | Saving at archive\skeb\kurumian_kurumi-e43b62.json
2026-07-12 00:54:16 | INFO     | OK https://skeb.jp/api/users/inochigoigoi
2026-07-12 00:54:16 | INFO     | Saving at archive\skeb\inochigoigoi-11a156.json
2026-07-12 00:54:17 | INFO     | OK https://skeb.jp/api/users/kurasake
2026-07-12 00:54:17 | INFO     | Saving at archive\skeb\kurasake-d64a46.json
2026-07-12 00:54:18 | INFO     | OK https://skeb.jp/api/users/ta_me_ba
2026-07-12 00:54:18 | INFO     | Saving at archive\skeb\ta_me_ba-d704c5.json
2026-07-12 00:54:19 | WARNING  | 404 on https://skeb.jp/api/users/soraumi2000_50_ (attempt 1/3)
2026-07-12 00:54:20 | INFO     | OK https://skeb.jp/api/users/h4ss4ku
2026-07-12 00:54:20 | INFO     | Saving at archive\skeb\h4ss4ku-31b460.json
2026-07-12 00:54:21 | INFO     | OK https://skeb.jp/api/users/bnd5k2g
2026-07-12 00:54:21 | INFO     | Saving at archive\skeb\bnd5k2g-b072bf.json
2026-07-12 00:54:22 | WARNING  | 404 on https://skeb.jp/api/users/soraumi2000_50_ (attempt 2/3)
2026-07-12 00:54:23 | WARNING  | 404 on https://skeb.jp/api/users/m3x3_sk (attempt 2/3)
2026-07-12 00:54:24 | WARNING  | 404 on https://skeb.jp/api/users/8oSSUHCnXXz4tBp (attempt 1/3)
2026-07-12 00:54:25 | WARNING  | 404 on https://skeb.jp/api/users/mimei_Illust (attempt 1/3)
2026-07-12 00:54:26 | INFO     | OK https://skeb.jp/api/users/zurikishi
2026-07-12 00:54:26 | INFO     | Saving at archive\skeb\zurikishi-d876d1.json
2026-07-12 00:54:27 | INFO     | OK https://skeb.jp/api/users/BlVae82HAtah2AG
2026-07-12 00:54:27 | INFO     | Saving at archive\skeb\BlVae82HAtah2AG-9e8548.json
2026-07-12 00:54:28 | WARNING  | 404 on https://skeb.jp/api/users/mimei_Illust (attempt 2/3)
2026-07-12 00:54:29 | WARNING  | 404 on https://skeb.jp/api/users/ghcfujfc1 (attempt 1/3)
2026-07-12 00:54:30 | INFO     | OK https://skeb.jp/api/users/m_r_m019
2026-07-12 00:54:30 | INFO     | Saving at archive\skeb\m_r_m019-cf8783.json
2026-07-12 00:54:31 | INFO     | OK https://skeb.jp/api/users/tanato7010
2026-07-12 00:54:31 | INFO     | Saving at archive\skeb\tanato7010-b0d063.json
2026-07-12 00:54:32 | INFO     | OK https://skeb.jp/api/users/hako28garden
2026-07-12 00:54:32 | INFO     | Saving at archive\skeb\hako28garden-63188a.json
2026-07-12 00:54:33 | WARNING  | 404 on https://skeb.jp/api/users/ghcfujfc1 (attempt 2/3)
2026-07-12 00:54:34 | INFO     | OK https://skeb.jp/api/users/yashigAras
2026-07-12 00:54:34 | INFO     | Saving at archive\skeb\yashigAras-b3e3f3.json
2026-07-12 00:54:35 | WARNING  | 404 on https://skeb.jp/api/users/soraumi2000_50_ (attempt 3/3)
2026-07-12 00:54:36 | WARNING  | 404 on https://skeb.jp/api/users/8oSSUHCnXXz4tBp (attempt 2/3)
2026-07-12 00:54:37 | INFO     | OK https://skeb.jp/api/users/super_yarawa
2026-07-12 00:54:37 | INFO     | Saving at archive\skeb\super_yarawa-d4d791.json
2026-07-12 00:54:38 | INFO     | OK https://skeb.jp/api/users/razuberiumeee
2026-07-12 00:54:38 | INFO     | Saving at archive\skeb\razuberiumeee-a84211.json
2026-07-12 00:54:39 | INFO     | OK https://skeb.jp/api/users/Nomika_nico
2026-07-12 00:54:39 | INFO     | Saving at archive\skeb\Nomika_nico-db363e.json
2026-07-12 00:54:40 | INFO     | OK https://skeb.jp/api/users/haruozi_428
2026-07-12 00:54:40 | INFO     | Saving at archive\skeb\haruozi_428-d00ef0.json
2026-07-12 00:54:41 | WARNING  | 404 on https://skeb.jp/api/users/ghcfujfc1 (attempt 3/3)
2026-07-12 00:54:42 | INFO     | OK https://skeb.jp/api/users/0_0_n0_n
2026-07-12 00:54:42 | INFO     | Saving at archive\skeb\0_0_n0_n-ceaaf9.json
2026-07-12 00:54:43 | WARNING  | 404 on https://skeb.jp/api/users/m3x3_sk (attempt 3/3)
2026-07-12 00:54:44 | INFO     | OK https://skeb.jp/api/users/muki_medusa
2026-07-12 00:54:44 | INFO     | Saving at archive\skeb\muki_medusa-549a86.json
2026-07-12 00:54:45 | WARNING  | 404 on https://skeb.jp/api/users/mimei_Illust (attempt 3/3)
2026-07-12 00:54:46 | WARNING  | 404 on https://skeb.jp/api/users/8oSSUHCnXXz4tBp (attempt 3/3)
2026-07-12 00:54:47 | INFO     | OK https://skeb.jp/api/users/Sirotakasun
2026-07-12 00:54:47 | INFO     | Saving at archive\skeb\Sirotakasun-7a0789.json
2026-07-12 00:54:48 | INFO     | OK https://skeb.jp/api/users/altezza_c
2026-07-12 00:54:48 | INFO     | Saving at archive\skeb\altezza_c-505465.json
2026-07-12 00:54:49 | INFO     | OK https://skeb.jp/api/users/analogzatsue
2026-07-12 00:54:49 | INFO     | Saving at archive\skeb\analogzatsue-4d02ad.json
2026-07-12 00:54:50 | INFO     | OK https://skeb.jp/api/users/imashiro1116
2026-07-12 00:54:50 | INFO     | Saving at archive\skeb\imashiro1116-5a0d67.json
2026-07-12 00:54:51 | INFO     | OK https://skeb.jp/api/users/hebiimetal
2026-07-12 00:54:51 | INFO     | Saving at archive\skeb\hebiimetal-2c7b28.json
2026-07-12 00:54:52 | INFO     | OK https://skeb.jp/api/users/kurohagiryo
2026-07-12 00:54:52 | INFO     | Saving at archive\skeb\kurohagiryo-b1c88d.json
2026-07-12 00:54:53 | INFO     | OK https://skeb.jp/api/users/HaruM1A1
2026-07-12 00:54:53 | INFO     | Saving at archive\skeb\HaruM1A1-bd4c2a.json
2026-07-12 00:54:54 | INFO     | OK https://skeb.jp/api/users/shimamamato
2026-07-12 00:54:54 | INFO     | Saving at archive\skeb\shimamamato-f70020.json
2026-07-12 00:54:55 | INFO     | OK https://skeb.jp/api/users/Am_b__2
2026-07-12 00:54:55 | INFO     | Saving at archive\skeb\Am_b__2-61733c.json
2026-07-12 00:54:56 | INFO     | OK https://skeb.jp/api/users/chuuken_hachiko
2026-07-12 00:54:56 | INFO     | Saving at archive\skeb\chuuken_hachiko-626779.json
2026-07-12 00:54:57 | INFO     | OK https://skeb.jp/api/users/95_mana
2026-07-12 00:54:57 | INFO     | Saving at archive\skeb\95_mana-8625ab.json
2026-07-12 00:54:58 | INFO     | OK https://skeb.jp/api/users/Shikatuno_tokei
2026-07-12 00:54:58 | INFO     | Saving at archive\skeb\Shikatuno_tokei-937683.json
2026-07-12 00:54:59 | INFO     | OK https://skeb.jp/api/users/kusunoki221
2026-07-12 00:54:59 | INFO     | Saving at archive\skeb\kusunoki221-0d48ca.json
2026-07-12 00:55:00 | INFO     | OK https://skeb.jp/api/users/094327_
2026-07-12 00:55:00 | INFO     | Saving at archive\skeb\094327_-56e88e.json
2026-07-12 00:55:01 | INFO     | OK https://skeb.jp/api/users/isonobombom
2026-07-12 00:55:01 | INFO     | Saving at archive\skeb\isonobombom-076adb.json
2026-07-12 00:55:02 | INFO     | OK https://skeb.jp/api/users/aohoshisana
2026-07-12 00:55:02 | INFO     | Saving at archive\skeb\aohoshisana-14c67a.json
2026-07-12 00:55:03 | INFO     | OK https://skeb.jp/api/users/asagiri0523
2026-07-12 00:55:03 | INFO     | Saving at archive\skeb\asagiri0523-f1b3f9.json
2026-07-12 00:55:04 | INFO     | OK https://skeb.jp/api/users/hmmnhmmnhmmn
2026-07-12 00:55:04 | INFO     | Saving at archive\skeb\hmmnhmmnhmmn-f64b1f.json
2026-07-12 00:55:05 | INFO     | OK https://skeb.jp/api/users/spicaboy
2026-07-12 00:55:05 | INFO     | Saving at archive\skeb\spicaboy-010ef4.json
2026-07-12 00:55:06 | INFO     | OK https://skeb.jp/api/users/Luteee_66
2026-07-12 00:55:06 | INFO     | Saving at archive\skeb\Luteee_66-b05f9b.json
2026-07-12 00:55:07 | INFO     | OK https://skeb.jp/api/users/fuatohiru
2026-07-12 00:55:07 | INFO     | Saving at archive\skeb\fuatohiru-0e5d0f.json
2026-07-12 00:55:08 | INFO     | OK https://skeb.jp/api/users/noraneko_miikun
2026-07-12 00:55:08 | INFO     | Saving at archive\skeb\noraneko_miikun-9b31ab.json
2026-07-12 00:55:09 | INFO     | OK https://skeb.jp/api/users/kohakutou_090
2026-07-12 00:55:09 | INFO     | Saving at archive\skeb\kohakutou_090-8bae1a.json
2026-07-12 00:55:10 | INFO     | OK https://skeb.jp/api/users/saiyu00
2026-07-12 00:55:10 | INFO     | Saving at archive\skeb\saiyu00-8bf584.json
2026-07-12 00:55:11 | INFO     | OK https://skeb.jp/api/users/____sora_
2026-07-12 00:55:11 | INFO     | Saving at archive\skeb\____sora_-90e0d2.json
2026-07-12 00:55:12 | INFO     | OK https://skeb.jp/api/users/grgrtrpg14
2026-07-12 00:55:12 | INFO     | Saving at archive\skeb\grgrtrpg14-26dccf.json
2026-07-12 00:55:13 | INFO     | OK https://skeb.jp/api/users/hakumai_33
2026-07-12 00:55:13 | INFO     | Saving at archive\skeb\hakumai_33-288a16.json
2026-07-12 00:55:14 | INFO     | OK https://skeb.jp/api/users/hareyamaharezou
2026-07-12 00:55:14 | INFO     | Saving at archive\skeb\hareyamaharezou-21eade.json
2026-07-12 00:55:15 | INFO     | OK https://skeb.jp/api/users/kaku_2neko_2
2026-07-12 00:55:15 | INFO     | Saving at archive\skeb\kaku_2neko_2-a5d911.json
2026-07-12 00:55:16 | INFO     | OK https://skeb.jp/api/users/amenohachi
2026-07-12 00:55:16 | INFO     | Saving at archive\skeb\amenohachi-ed06ae.json
2026-07-12 00:55:17 | INFO     | OK https://skeb.jp/api/users/R_einn__
2026-07-12 00:55:17 | INFO     | Saving at archive\skeb\R_einn__-17f8fc.json
2026-07-12 00:55:18 | INFO     | OK https://skeb.jp/api/users/AMEGUMIPPR
2026-07-12 00:55:18 | INFO     | Saving at archive\skeb\AMEGUMIPPR-a7fcb5.json
2026-07-12 00:55:19 | INFO     | OK https://skeb.jp/api/users/usaging893
2026-07-12 00:55:19 | INFO     | Saving at archive\skeb\usaging893-9b5f36.json
2026-07-12 00:55:20 | INFO     | OK https://skeb.jp/api/users/JRcgsmm4leRTRsq
2026-07-12 00:55:20 | INFO     | Saving at archive\skeb\JRcgsmm4leRTRsq-69e1b5.json
2026-07-12 00:55:21 | INFO     | OK https://skeb.jp/api/users/ssk_sasasa
2026-07-12 00:55:21 | INFO     | Saving at archive\skeb\ssk_sasasa-d8e0fb.json
2026-07-12 00:55:22 | INFO     | OK https://skeb.jp/api/users/Zen0sVU8ZU
2026-07-12 00:55:22 | INFO     | Saving at archive\skeb\Zen0sVU8ZU-fa84be.json
2026-07-12 00:55:23 | INFO     | OK https://skeb.jp/api/users/inoti_kurumaebi
2026-07-12 00:55:23 | INFO     | Saving at archive\skeb\inoti_kurumaebi-55e84f.json
2026-07-12 00:55:24 | INFO     | OK https://skeb.jp/api/users/z0_gk
2026-07-12 00:55:24 | INFO     | Saving at archive\skeb\z0_gk-867a75.json
2026-07-12 00:55:25 | INFO     | OK https://skeb.jp/api/users/kaburi_mon
2026-07-12 00:55:25 | INFO     | Saving at archive\skeb\kaburi_mon-fa2466.json
2026-07-12 00:55:26 | INFO     | OK https://skeb.jp/api/users/ohp92
2026-07-12 00:55:26 | INFO     | Saving at archive\skeb\ohp92-d86cd7.json
2026-07-12 00:55:27 | INFO     | OK https://skeb.jp/api/users/NatukiTatukawa
2026-07-12 00:55:27 | INFO     | Saving at archive\skeb\NatukiTatukawa-d8c598.json
2026-07-12 00:55:28 | INFO     | OK https://skeb.jp/api/users/nekun602
2026-07-12 00:55:28 | INFO     | Saving at archive\skeb\nekun602-426191.json
2026-07-12 00:55:29 | INFO     | OK https://skeb.jp/api/users/SMOFUMOU
2026-07-12 00:55:29 | INFO     | Saving at archive\skeb\SMOFUMOU-32cd95.json
2026-07-12 00:55:30 | INFO     | OK https://skeb.jp/api/users/koashi39
2026-07-12 00:55:30 | INFO     | Saving at archive\skeb\koashi39-05db58.json
2026-07-12 00:55:31 | WARNING  | 404 on https://skeb.jp/api/users/p_pfp5 (attempt 1/3)
2026-07-12 00:55:32 | INFO     | OK https://skeb.jp/api/users/yowaimeee
2026-07-12 00:55:32 | INFO     | Saving at archive\skeb\yowaimeee-ca50f2.json
2026-07-12 00:55:33 | INFO     | OK https://skeb.jp/api/users/kusunoki_nawate
2026-07-12 00:55:33 | INFO     | Saving at archive\skeb\kusunoki_nawate-b58daf.json
2026-07-12 00:55:34 | INFO     | OK https://skeb.jp/api/users/_8_7_8_9_
2026-07-12 00:55:34 | INFO     | Saving at archive\skeb\_8_7_8_9_-f276ca.json
2026-07-12 00:55:35 | INFO     | OK https://skeb.jp/api/users/rryyuukkaa
2026-07-12 00:55:35 | INFO     | Saving at archive\skeb\rryyuukkaa-d71278.json
2026-07-12 00:55:36 | INFO     | OK https://skeb.jp/api/users/debityan_mihane
2026-07-12 00:55:36 | INFO     | Saving at archive\skeb\debityan_mihane-29139a.json
2026-07-12 00:55:37 | INFO     | OK https://skeb.jp/api/users/aindigo0617
2026-07-12 00:55:37 | INFO     | Saving at archive\skeb\aindigo0617-60bbb7.json
2026-07-12 00:55:38 | WARNING  | 404 on https://skeb.jp/api/users/77_t2w (attempt 1/3)
2026-07-12 00:55:39 | INFO     | OK https://skeb.jp/api/users/_ChonToMaru_
2026-07-12 00:55:39 | INFO     | Saving at archive\skeb\_ChonToMaru_-641d7c.json
2026-07-12 00:55:40 | INFO     | OK https://skeb.jp/api/users/Bee_2210
2026-07-12 00:55:40 | INFO     | Saving at archive\skeb\Bee_2210-ecc341.json
2026-07-12 00:55:41 | WARNING  | 404 on https://skeb.jp/api/users/yamin_himamo23 (attempt 1/3)
2026-07-12 00:55:42 | INFO     | OK https://skeb.jp/api/users/ge_Re_ge
2026-07-12 00:55:42 | INFO     | Saving at archive\skeb\ge_Re_ge-24ecc8.json
2026-07-12 00:55:43 | WARNING  | 404 on https://skeb.jp/api/users/killy810 (attempt 1/3)
2026-07-12 00:55:44 | WARNING  | 404 on https://skeb.jp/api/users/yamin_himamo23 (attempt 2/3)
2026-07-12 00:55:45 | WARNING  | 404 on https://skeb.jp/api/users/77_t2w (attempt 2/3)
2026-07-12 00:55:46 | INFO     | OK https://skeb.jp/api/users/ri_ru_
2026-07-12 00:55:46 | INFO     | Saving at archive\skeb\ri_ru_-14e2b4.json
2026-07-12 00:55:47 | INFO     | OK https://skeb.jp/api/users/HermiaOdette
2026-07-12 00:55:47 | INFO     | Saving at archive\skeb\HermiaOdette-ef4e82.json
2026-07-12 00:55:48 | INFO     | OK https://skeb.jp/api/users/kotaro_ohkami
2026-07-12 00:55:48 | INFO     | Saving at archive\skeb\kotaro_ohkami-30cf26.json
2026-07-12 00:55:49 | WARNING  | 404 on https://skeb.jp/api/users/killy810 (attempt 2/3)
2026-07-12 00:55:50 | WARNING  | 404 on https://skeb.jp/api/users/yamin_himamo23 (attempt 3/3)
2026-07-12 00:55:51 | WARNING  | 404 on https://skeb.jp/api/users/77_t2w (attempt 3/3)
2026-07-12 00:55:52 | INFO     | OK https://skeb.jp/api/users/penguin_877
2026-07-12 00:55:52 | INFO     | Saving at archive\skeb\penguin_877-0930e8.json
2026-07-12 00:55:53 | INFO     | OK https://skeb.jp/api/users/Ysanaen
2026-07-12 00:55:53 | INFO     | Saving at archive\skeb\Ysanaen-b16c40.json
2026-07-12 00:55:54 | INFO     | OK https://skeb.jp/api/users/4lnnng
2026-07-12 00:55:54 | INFO     | Saving at archive\skeb\4lnnng-2fd506.json
2026-07-12 00:55:55 | INFO     | OK https://skeb.jp/api/users/B_Jasmine_2
2026-07-12 00:55:55 | INFO     | Saving at archive\skeb\B_Jasmine_2-427391.json
2026-07-12 00:55:56 | INFO     | OK https://skeb.jp/api/users/Nept0ne
2026-07-12 00:55:56 | INFO     | Saving at archive\skeb\Nept0ne-9e1ebe.json
2026-07-12 00:55:57 | INFO     | OK https://skeb.jp/api/users/uyuyu0ul
2026-07-12 00:55:57 | INFO     | Saving at archive\skeb\uyuyu0ul-7d1489.json
2026-07-12 00:55:58 | INFO     | OK https://skeb.jp/api/users/massironatora
2026-07-12 00:55:58 | INFO     | Saving at archive\skeb\massironatora-7769e0.json
2026-07-12 00:55:59 | WARNING  | 404 on https://skeb.jp/api/users/polar_kuma62 (attempt 1/3)
2026-07-12 00:56:00 | INFO     | OK https://skeb.jp/api/users/yu_bksr
2026-07-12 00:56:00 | INFO     | Saving at archive\skeb\yu_bksr-0c8a1c.json
2026-07-12 00:56:01 | INFO     | OK https://skeb.jp/api/users/oekakiiku
2026-07-12 00:56:01 | INFO     | Saving at archive\skeb\oekakiiku-065aa9.json
2026-07-12 00:56:02 | WARNING  | 404 on https://skeb.jp/api/users/polar_kuma62 (attempt 2/3)
2026-07-12 00:56:03 | INFO     | OK https://skeb.jp/api/users/yanokake
2026-07-12 00:56:03 | INFO     | Saving at archive\skeb\yanokake-adb93c.json
2026-07-12 00:56:04 | INFO     | OK https://skeb.jp/api/users/nn_silver
2026-07-12 00:56:04 | INFO     | Saving at archive\skeb\nn_silver-f636b8.json
2026-07-12 00:56:05 | INFO     | OK https://skeb.jp/api/users/ama_tsuno7103
2026-07-12 00:56:05 | INFO     | Saving at archive\skeb\ama_tsuno7103-81a7fe.json
2026-07-12 00:56:06 | INFO     | OK https://skeb.jp/api/users/hachikusotarou
2026-07-12 00:56:06 | INFO     | Saving at archive\skeb\hachikusotarou-3d3792.json
2026-07-12 00:56:07 | INFO     | OK https://skeb.jp/api/users/usagizoku
2026-07-12 00:56:07 | INFO     | Saving at archive\skeb\usagizoku-dd2b67.json
2026-07-12 00:56:08 | INFO     | OK https://skeb.jp/api/users/ciel4072
2026-07-12 00:56:08 | INFO     | Saving at archive\skeb\ciel4072-ffcc2f.json
2026-07-12 00:56:09 | WARNING  | 404 on https://skeb.jp/api/users/pgpcvDCE9G (attempt 1/3)
2026-07-12 00:56:10 | INFO     | OK https://skeb.jp/api/users/yuna_117117
2026-07-12 00:56:10 | INFO     | Saving at archive\skeb\yuna_117117-87cfe3.json
2026-07-12 00:56:11 | INFO     | OK https://skeb.jp/api/users/jairout26
2026-07-12 00:56:11 | INFO     | Saving at archive\skeb\jairout26-c971d6.json
2026-07-12 00:56:12 | WARNING  | 404 on https://skeb.jp/api/users/pgpcvDCE9G (attempt 2/3)
2026-07-12 00:56:13 | INFO     | OK https://skeb.jp/api/users/tyamame589
2026-07-12 00:56:13 | INFO     | Saving at archive\skeb\tyamame589-0eea23.json
2026-07-12 00:56:15 | INFO     | OK https://skeb.jp/api/users/s__ibane
2026-07-12 00:56:15 | INFO     | Saving at archive\skeb\s__ibane-683b1c.json
2026-07-12 00:56:15 | INFO     | OK https://skeb.jp/api/users/1uv2me
2026-07-12 00:56:15 | INFO     | Saving at archive\skeb\1uv2me-d0d53e.json
2026-07-12 00:56:16 | WARNING  | 404 on https://skeb.jp/api/users/polar_kuma62 (attempt 3/3)
2026-07-12 00:56:18 | INFO     | OK https://skeb.jp/api/users/high_berry_
2026-07-12 00:56:18 | INFO     | Saving at archive\skeb\high_berry_-00ec99.json
2026-07-12 00:56:19 | INFO     | OK https://skeb.jp/api/users/inu5ya
2026-07-12 00:56:19 | INFO     | Saving at archive\skeb\inu5ya-7ec635.json
2026-07-12 00:56:20 | INFO     | OK https://skeb.jp/api/users/kyuimuni
2026-07-12 00:56:20 | INFO     | Saving at archive\skeb\kyuimuni-c31168.json
2026-07-12 00:56:21 | INFO     | OK https://skeb.jp/api/users/shina_stain
2026-07-12 00:56:21 | INFO     | Saving at archive\skeb\shina_stain-964a2b.json
2026-07-12 00:56:22 | WARNING  | 404 on https://skeb.jp/api/users/pgpcvDCE9G (attempt 3/3)
2026-07-12 00:56:23 | INFO     | OK https://skeb.jp/api/users/341tt_hjk
2026-07-12 00:56:23 | INFO     | Saving at archive\skeb\341tt_hjk-0a3ea1.json
2026-07-12 00:56:24 | WARNING  | 404 on https://skeb.jp/api/users/Uo_oU_us (attempt 1/3)
2026-07-12 00:56:25 | INFO     | OK https://skeb.jp/api/users/pi__iman
2026-07-12 00:56:25 | INFO     | Saving at archive\skeb\pi__iman-aa2435.json
2026-07-12 00:56:26 | INFO     | OK https://skeb.jp/api/users/yutaka_satoru
2026-07-12 00:56:26 | INFO     | Saving at archive\skeb\yutaka_satoru-2ae08f.json
2026-07-12 00:56:27 | WARNING  | 404 on https://skeb.jp/api/users/killy810 (attempt 3/3)
2026-07-12 00:56:28 | WARNING  | 404 on https://skeb.jp/api/users/923kaku (attempt 1/3)
2026-07-12 00:56:29 | INFO     | OK https://skeb.jp/api/users/na_491
2026-07-12 00:56:29 | INFO     | Saving at archive\skeb\na_491-469fa7.json
2026-07-12 00:56:30 | WARNING  | 404 on https://skeb.jp/api/users/Uo_oU_us (attempt 2/3)
2026-07-12 00:56:31 | INFO     | OK https://skeb.jp/api/users/shiro_koba
2026-07-12 00:56:31 | INFO     | Saving at archive\skeb\shiro_koba-f56088.json
2026-07-12 00:56:32 | WARNING  | 404 on https://skeb.jp/api/users/oshino_Iriss (attempt 1/3)
2026-07-12 00:56:33 | WARNING  | 404 on https://skeb.jp/api/users/923kaku (attempt 2/3)
2026-07-12 00:56:34 | INFO     | OK https://skeb.jp/api/users/emuefu
2026-07-12 00:56:34 | INFO     | Saving at archive\skeb\emuefu-f40510.json
2026-07-12 00:56:35 | INFO     | OK https://skeb.jp/api/users/Eribuchi
2026-07-12 00:56:35 | INFO     | Saving at archive\skeb\Eribuchi-862281.json
2026-07-12 00:56:36 | WARNING  | 404 on https://skeb.jp/api/users/p_pfp5 (attempt 2/3)
2026-07-12 00:56:37 | WARNING  | 404 on https://skeb.jp/api/users/923kaku (attempt 3/3)
2026-07-12 00:56:38 | INFO     | OK https://skeb.jp/api/users/fudune_331
2026-07-12 00:56:38 | INFO     | Saving at archive\skeb\fudune_331-f0bb97.json
2026-07-12 00:56:39 | WARNING  | 404 on https://skeb.jp/api/users/meguru_nero (attempt 1/3)
2026-07-12 00:56:40 | INFO     | OK https://skeb.jp/api/users/SentaroNao
2026-07-12 00:56:40 | INFO     | Saving at archive\skeb\SentaroNao-552713.json
2026-07-12 00:56:41 | WARNING  | 404 on https://skeb.jp/api/users/p_pfp5 (attempt 3/3)
2026-07-12 00:56:42 | WARNING  | 404 on https://skeb.jp/api/users/oshino_Iriss (attempt 2/3)
2026-07-12 00:56:43 | WARNING  | 404 on https://skeb.jp/api/users/Uo_oU_us (attempt 3/3)
2026-07-12 00:56:44 | WARNING  | 404 on https://skeb.jp/api/users/meguru_nero (attempt 2/3)
2026-07-12 00:56:45 | INFO     | OK https://skeb.jp/api/users/mwr_ym23
2026-07-12 00:56:45 | INFO     | Saving at archive\skeb\mwr_ym23-77b46e.json
2026-07-12 00:56:46 | INFO     | OK https://skeb.jp/api/users/type_rey1110
2026-07-12 00:56:46 | INFO     | Saving at archive\skeb\type_rey1110-ebcc43.json
2026-07-12 00:56:47 | INFO     | OK https://skeb.jp/api/users/KOKO_V_creative
2026-07-12 00:56:47 | INFO     | Saving at archive\skeb\KOKO_V_creative-52a561.json
2026-07-12 00:56:48 | INFO     | OK https://skeb.jp/api/users/re_sszi
2026-07-12 00:56:48 | INFO     | Saving at archive\skeb\re_sszi-632989.json
2026-07-12 00:56:49 | INFO     | OK https://skeb.jp/api/users/tenshinrour
2026-07-12 00:56:49 | INFO     | Saving at archive\skeb\tenshinrour-854033.json
2026-07-12 00:56:50 | INFO     | OK https://skeb.jp/api/users/Amane_Koyoru
2026-07-12 00:56:50 | INFO     | Saving at archive\skeb\Amane_Koyoru-294b3a.json
2026-07-12 00:56:51 | INFO     | OK https://skeb.jp/api/users/ANNO_ans_
2026-07-12 00:56:51 | INFO     | Saving at archive\skeb\ANNO_ans_-39e8a7.json
2026-07-12 00:56:52 | INFO     | OK https://skeb.jp/api/users/QXi5l
2026-07-12 00:56:52 | INFO     | Saving at archive\skeb\QXi5l-ecf423.json
2026-07-12 00:56:53 | INFO     | OK https://skeb.jp/api/users/tyousinnkunn
2026-07-12 00:56:53 | INFO     | Saving at archive\skeb\tyousinnkunn-49bb64.json
2026-07-12 00:56:54 | INFO     | OK https://skeb.jp/api/users/yukoasami1
2026-07-12 00:56:54 | INFO     | Saving at archive\skeb\yukoasami1-0511d3.json
2026-07-12 00:56:55 | INFO     | OK https://skeb.jp/api/users/shinonome_aun
2026-07-12 00:56:55 | INFO     | Saving at archive\skeb\shinonome_aun-3445cd.json
2026-07-12 00:56:56 | INFO     | OK https://skeb.jp/api/users/TatunokoShien00
2026-07-12 00:56:56 | INFO     | Saving at archive\skeb\TatunokoShien00-029709.json
2026-07-12 00:56:57 | INFO     | OK https://skeb.jp/api/users/syoko_sugi
2026-07-12 00:56:57 | INFO     | Saving at archive\skeb\syoko_sugi-cea03d.json
2026-07-12 00:56:58 | INFO     | OK https://skeb.jp/api/users/oe_bjs
2026-07-12 00:56:58 | INFO     | Saving at archive\skeb\oe_bjs-e81939.json
2026-07-12 00:56:59 | WARNING  | 404 on https://skeb.jp/api/users/oshino_Iriss (attempt 3/3)
2026-07-12 00:57:00 | INFO     | OK https://skeb.jp/api/users/sh_marionnette
2026-07-12 00:57:00 | INFO     | Saving at archive\skeb\sh_marionnette-86f439.json
2026-07-12 00:57:01 | INFO     | OK https://skeb.jp/api/users/yoshimitsu_09
2026-07-12 00:57:01 | INFO     | Saving at archive\skeb\yoshimitsu_09-167b15.json
2026-07-12 00:57:02 | INFO     | OK https://skeb.jp/api/users/to37_1037
2026-07-12 00:57:02 | INFO     | Saving at archive\skeb\to37_1037-701af5.json
2026-07-12 00:57:03 | INFO     | OK https://skeb.jp/api/users/zti_krm
2026-07-12 00:57:03 | INFO     | Saving at archive\skeb\zti_krm-9faf69.json
2026-07-12 00:57:04 | INFO     | OK https://skeb.jp/api/users/ms11ro
2026-07-12 00:57:04 | INFO     | Saving at archive\skeb\ms11ro-f1540d.json
2026-07-12 00:57:05 | INFO     | OK https://skeb.jp/api/users/Thinotyama
2026-07-12 00:57:05 | INFO     | Saving at archive\skeb\Thinotyama-cd7fd4.json
2026-07-12 00:57:06 | WARNING  | 404 on https://skeb.jp/api/users/aki_ra3_ (attempt 1/3)
2026-07-12 00:57:07 | INFO     | OK https://skeb.jp/api/users/Uonoichi
2026-07-12 00:57:07 | INFO     | Saving at archive\skeb\Uonoichi-3bbba4.json
2026-07-12 00:57:08 | INFO     | OK https://skeb.jp/api/users/pBibvxtFGM
2026-07-12 00:57:08 | INFO     | Saving at archive\skeb\pBibvxtFGM-a5ae94.json
2026-07-12 00:57:09 | WARNING  | 404 on https://skeb.jp/api/users/aki_ra3_ (attempt 2/3)
2026-07-12 00:57:10 | INFO     | OK https://skeb.jp/api/users/tamasozaihaifua
2026-07-12 00:57:10 | INFO     | Saving at archive\skeb\tamasozaihaifua-e1ccc4.json
2026-07-12 00:57:11 | INFO     | OK https://skeb.jp/api/users/snm_acheron_d
2026-07-12 00:57:11 | INFO     | Saving at archive\skeb\snm_acheron_d-6f91d0.json
2026-07-12 00:57:12 | INFO     | OK https://skeb.jp/api/users/yorururu_00
2026-07-12 00:57:12 | INFO     | Saving at archive\skeb\yorururu_00-c922b3.json
2026-07-12 00:57:13 | INFO     | OK https://skeb.jp/api/users/hachi_wawawa
2026-07-12 00:57:13 | INFO     | Saving at archive\skeb\hachi_wawawa-603c8d.json
2026-07-12 00:57:14 | INFO     | OK https://skeb.jp/api/users/torinanvan
2026-07-12 00:57:14 | INFO     | Saving at archive\skeb\torinanvan-9cf764.json
2026-07-12 00:57:15 | WARNING  | 404 on https://skeb.jp/api/users/toxizaki (attempt 1/3)
2026-07-12 00:57:16 | INFO     | OK https://skeb.jp/api/users/tonyu_to_okara
2026-07-12 00:57:16 | INFO     | Saving at archive\skeb\tonyu_to_okara-6eacd5.json
2026-07-12 00:57:17 | INFO     | OK https://skeb.jp/api/users/Hatoka_ra5
2026-07-12 00:57:17 | INFO     | Saving at archive\skeb\Hatoka_ra5-0a601f.json
2026-07-12 00:57:18 | WARNING  | 404 on https://skeb.jp/api/users/toxizaki (attempt 2/3)
2026-07-12 00:57:19 | INFO     | OK https://skeb.jp/api/users/shortpenne
2026-07-12 00:57:19 | INFO     | Saving at archive\skeb\shortpenne-3e2fb7.json
2026-07-12 00:57:20 | INFO     | OK https://skeb.jp/api/users/LinMisaki56
2026-07-12 00:57:20 | INFO     | Saving at archive\skeb\LinMisaki56-b29ce9.json
2026-07-12 00:57:21 | INFO     | OK https://skeb.jp/api/users/Redmomi
2026-07-12 00:57:21 | INFO     | Saving at archive\skeb\Redmomi-96a620.json
2026-07-12 00:57:22 | WARNING  | 404 on https://skeb.jp/api/users/meguru_nero (attempt 3/3)
2026-07-12 00:57:23 | INFO     | OK https://skeb.jp/api/users/kiyoapps
2026-07-12 00:57:23 | INFO     | Saving at archive\skeb\kiyoapps-c77a77.json
2026-07-12 00:57:24 | INFO     | OK https://skeb.jp/api/users/kanata
2026-07-12 00:57:24 | INFO     | Saving at archive\skeb\kanata-00794a.json
2026-07-12 00:57:25 | WARNING  | 404 on https://skeb.jp/api/users/kokorono_376 (attempt 1/3)
2026-07-12 00:57:26 | INFO     | OK https://skeb.jp/api/users/Mizuna_ruua04
2026-07-12 00:57:26 | INFO     | Saving at archive\skeb\Mizuna_ruua04-11ba07.json
2026-07-12 00:57:27 | INFO     | OK https://skeb.jp/api/users/dnf_oz
2026-07-12 00:57:27 | INFO     | Saving at archive\skeb\dnf_oz-00b19f.json
2026-07-12 00:57:28 | INFO     | OK https://skeb.jp/api/users/annninannmari
2026-07-12 00:57:28 | INFO     | Saving at archive\skeb\annninannmari-e371eb.json
2026-07-12 00:57:29 | INFO     | OK https://skeb.jp/api/users/Mizusawa_Illust
2026-07-12 00:57:29 | INFO     | Saving at archive\skeb\Mizusawa_Illust-e19b07.json
2026-07-12 00:57:30 | INFO     | OK https://skeb.jp/api/users/mTsuruta
2026-07-12 00:57:30 | INFO     | Saving at archive\skeb\mTsuruta-1c7a7e.json
2026-07-12 00:57:31 | INFO     | OK https://skeb.jp/api/users/nyamu0424
2026-07-12 00:57:31 | INFO     | Saving at archive\skeb\nyamu0424-cef76c.json
2026-07-12 00:57:32 | INFO     | OK https://skeb.jp/api/users/nolc_00
2026-07-12 00:57:32 | INFO     | Saving at archive\skeb\nolc_00-75da5e.json
2026-07-12 00:57:33 | INFO     | OK https://skeb.jp/api/users/uniniminn
2026-07-12 00:57:33 | INFO     | Saving at archive\skeb\uniniminn-265010.json
2026-07-12 00:57:34 | INFO     | OK https://skeb.jp/api/users/m4r0chan_
2026-07-12 00:57:34 | INFO     | Saving at archive\skeb\m4r0chan_-4c0a83.json
2026-07-12 00:57:35 | INFO     | OK https://skeb.jp/api/users/Layla_1341
2026-07-12 00:57:35 | INFO     | Saving at archive\skeb\Layla_1341-f26687.json
2026-07-12 00:57:36 | INFO     | OK https://skeb.jp/api/users/Vxu_3e
2026-07-12 00:57:36 | INFO     | Saving at archive\skeb\Vxu_3e-b4da95.json
2026-07-12 00:57:37 | WARNING  | 404 on https://skeb.jp/api/users/aki_ra3_ (attempt 3/3)
2026-07-12 00:57:38 | INFO     | OK https://skeb.jp/api/users/____tanaka3
2026-07-12 00:57:38 | INFO     | Saving at archive\skeb\____tanaka3-79a087.json
2026-07-12 00:57:39 | INFO     | OK https://skeb.jp/api/users/Koito_shimpak
2026-07-12 00:57:39 | INFO     | Saving at archive\skeb\Koito_shimpak-8b6b17.json
2026-07-12 00:57:40 | INFO     | OK https://skeb.jp/api/users/56Ntjr2
2026-07-12 00:57:40 | INFO     | Saving at archive\skeb\56Ntjr2-0a861d.json
2026-07-12 00:57:41 | INFO     | OK https://skeb.jp/api/users/mizuiro8_nanase
2026-07-12 00:57:41 | INFO     | Saving at archive\skeb\mizuiro8_nanase-295fde.json
2026-07-12 00:57:42 | INFO     | OK https://skeb.jp/api/users/uu_gassy
2026-07-12 00:57:42 | INFO     | Saving at archive\skeb\uu_gassy-464b7e.json
2026-07-12 00:57:43 | INFO     | OK https://skeb.jp/api/users/ni_221
2026-07-12 00:57:43 | INFO     | Saving at archive\skeb\ni_221-fafe5d.json
2026-07-12 00:57:44 | INFO     | OK https://skeb.jp/api/users/kayan_n
2026-07-12 00:57:44 | INFO     | Saving at archive\skeb\kayan_n-495958.json
2026-07-12 00:57:45 | INFO     | OK https://skeb.jp/api/users/SmOc_O
2026-07-12 00:57:45 | INFO     | Saving at archive\skeb\SmOc_O-11fee4.json
2026-07-12 00:57:46 | INFO     | OK https://skeb.jp/api/users/vegetablesensha
2026-07-12 00:57:46 | INFO     | Saving at archive\skeb\vegetablesensha-8f2429.json
2026-07-12 00:57:47 | INFO     | OK https://skeb.jp/api/users/luck555kort
2026-07-12 00:57:47 | INFO     | Saving at archive\skeb\luck555kort-70054b.json
2026-07-12 00:57:48 | WARNING  | 404 on https://skeb.jp/api/users/Llu_ulg (attempt 1/3)
2026-07-12 00:57:49 | INFO     | OK https://skeb.jp/api/users/iyomichi143
2026-07-12 00:57:49 | INFO     | Saving at archive\skeb\iyomichi143-9bc7d6.json
2026-07-12 00:57:50 | INFO     | OK https://skeb.jp/api/users/INASHI_DDkong
2026-07-12 00:57:50 | INFO     | Saving at archive\skeb\INASHI_DDkong-32e3c8.json
2026-07-12 00:57:51 | INFO     | OK https://skeb.jp/api/users/ichimatsunyannk
2026-07-12 00:57:51 | INFO     | Saving at archive\skeb\ichimatsunyannk-bb176d.json
2026-07-12 00:57:52 | INFO     | OK https://skeb.jp/api/users/kainazombie
2026-07-12 00:57:52 | INFO     | Saving at archive\skeb\kainazombie-2dbd9c.json
2026-07-12 00:57:53 | INFO     | OK https://skeb.jp/api/users/yuriyotu
2026-07-12 00:57:53 | INFO     | Saving at archive\skeb\yuriyotu-472c57.json
2026-07-12 00:57:54 | INFO     | OK https://skeb.jp/api/users/_natsumori
2026-07-12 00:57:54 | INFO     | Saving at archive\skeb\_natsumori-709df6.json
2026-07-12 00:57:55 | WARNING  | 404 on https://skeb.jp/api/users/toxizaki (attempt 3/3)
2026-07-12 00:57:56 | INFO     | OK https://skeb.jp/api/users/ginogi_S
2026-07-12 00:57:56 | INFO     | Saving at archive\skeb\ginogi_S-bd2662.json
2026-07-12 00:57:57 | INFO     | OK https://skeb.jp/api/users/svoasa0811
2026-07-12 00:57:57 | INFO     | Saving at archive\skeb\svoasa0811-7ffd11.json
2026-07-12 00:57:59 | INFO     | OK https://skeb.jp/api/users/hernia108
2026-07-12 00:57:59 | INFO     | Saving at archive\skeb\hernia108-21a5e6.json
2026-07-12 00:57:59 | INFO     | OK https://skeb.jp/api/users/ito_ittoito277
2026-07-12 00:57:59 | INFO     | Saving at archive\skeb\ito_ittoito277-75d1db.json
2026-07-12 00:58:01 | INFO     | OK https://skeb.jp/api/users/Kanon38461976
2026-07-12 00:58:01 | INFO     | Saving at archive\skeb\Kanon38461976-ce608c.json
2026-07-12 00:58:02 | WARNING  | 404 on https://skeb.jp/api/users/kokorono_376 (attempt 2/3)
2026-07-12 00:58:03 | WARNING  | 404 on https://skeb.jp/api/users/mimamorichan (attempt 1/3)
2026-07-12 00:58:04 | INFO     | OK https://skeb.jp/api/users/__UoHoU__TAMAGO
2026-07-12 00:58:04 | INFO     | Saving at archive\skeb\__UoHoU__TAMAGO-ac7e03.json
2026-07-12 00:58:05 | INFO     | OK https://skeb.jp/api/users/natsuki_myhr
2026-07-12 00:58:05 | INFO     | Saving at archive\skeb\natsuki_myhr-6e9c80.json
2026-07-12 00:58:05 | WARNING  | 404 on https://skeb.jp/api/users/kokorono_376 (attempt 3/3)
2026-07-12 00:58:07 | INFO     | OK https://skeb.jp/api/users/sekuto
2026-07-12 00:58:07 | INFO     | Saving at archive\skeb\sekuto-9a9d8f.json
2026-07-12 00:58:07 | WARNING  | 404 on https://skeb.jp/api/users/mimamorichan (attempt 2/3)
2026-07-12 00:58:09 | INFO     | OK https://skeb.jp/api/users/km_s_z_n
2026-07-12 00:58:09 | INFO     | Saving at archive\skeb\km_s_z_n-033b8d.json
2026-07-12 00:58:10 | INFO     | OK https://skeb.jp/api/users/e_to_ha_
2026-07-12 00:58:10 | INFO     | Saving at archive\skeb\e_to_ha_-8f23cb.json
2026-07-12 00:58:11 | INFO     | OK https://skeb.jp/api/users/Hope60852245
2026-07-12 00:58:11 | INFO     | Saving at archive\skeb\Hope60852245-656da8.json
2026-07-12 00:58:12 | INFO     | OK https://skeb.jp/api/users/ssz_s_s
2026-07-12 00:58:12 | INFO     | Saving at archive\skeb\ssz_s_s-40efe4.json
2026-07-12 00:58:13 | INFO     | OK https://skeb.jp/api/users/myo_kou
2026-07-12 00:58:13 | INFO     | Saving at archive\skeb\myo_kou-487203.json
2026-07-12 00:58:14 | WARNING  | 404 on https://skeb.jp/api/users/g33kst (attempt 1/3)
2026-07-12 00:58:15 | WARNING  | 404 on https://skeb.jp/api/users/mimamorichan (attempt 3/3)
2026-07-12 00:58:16 | INFO     | OK https://skeb.jp/api/users/mixiumixiu77
2026-07-12 00:58:16 | INFO     | Saving at archive\skeb\mixiumixiu77-066537.json
2026-07-12 00:58:17 | WARNING  | 404 on https://skeb.jp/api/users/Llu_ulg (attempt 2/3)
2026-07-12 00:58:18 | INFO     | OK https://skeb.jp/api/users/eharamiori
2026-07-12 00:58:18 | INFO     | Saving at archive\skeb\eharamiori-ef5feb.json
2026-07-12 00:58:19 | INFO     | OK https://skeb.jp/api/users/mado1919
2026-07-12 00:58:19 | INFO     | Saving at archive\skeb\mado1919-9db392.json
2026-07-12 00:58:20 | INFO     | OK https://skeb.jp/api/users/destroyillust
2026-07-12 00:58:20 | INFO     | Saving at archive\skeb\destroyillust-eccba4.json
2026-07-12 00:58:21 | INFO     | OK https://skeb.jp/api/users/p_elle_
2026-07-12 00:58:21 | INFO     | Saving at archive\skeb\p_elle_-54d146.json
2026-07-12 00:58:22 | WARNING  | 404 on https://skeb.jp/api/users/T4k73gqSZ26h5si (attempt 1/3)
2026-07-12 00:58:23 | INFO     | OK https://skeb.jp/api/users/AKiRA_15a
2026-07-12 00:58:23 | INFO     | Saving at archive\skeb\AKiRA_15a-f1096d.json
2026-07-12 00:58:24 | INFO     | OK https://skeb.jp/api/users/sagyobeya
2026-07-12 00:58:24 | INFO     | Saving at archive\skeb\sagyobeya-2fa611.json
2026-07-12 00:58:25 | INFO     | OK https://skeb.jp/api/users/Mikke_27
2026-07-12 00:58:25 | INFO     | Saving at archive\skeb\Mikke_27-a81385.json
2026-07-12 00:58:26 | INFO     | OK https://skeb.jp/api/users/Emmahrh1
2026-07-12 00:58:26 | INFO     | Saving at archive\skeb\Emmahrh1-3999b4.json
2026-07-12 00:58:27 | INFO     | OK https://skeb.jp/api/users/kassa_tunacat
2026-07-12 00:58:27 | INFO     | Saving at archive\skeb\kassa_tunacat-f6cb74.json
2026-07-12 00:58:28 | WARNING  | 404 on https://skeb.jp/api/users/T4k73gqSZ26h5si (attempt 2/3)
2026-07-12 00:58:29 | INFO     | OK https://skeb.jp/api/users/haruki_yune
2026-07-12 00:58:29 | INFO     | Saving at archive\skeb\haruki_yune-9d7804.json
2026-07-12 00:58:30 | WARNING  | 404 on https://skeb.jp/api/users/Llu_ulg (attempt 3/3)
2026-07-12 00:58:31 | WARNING  | 404 on https://skeb.jp/api/users/g33kst (attempt 2/3)
2026-07-12 00:58:32 | INFO     | OK https://skeb.jp/api/users/hacoxox
2026-07-12 00:58:32 | INFO     | Saving at archive\skeb\hacoxox-0ed832.json
2026-07-12 00:58:33 | INFO     | OK https://skeb.jp/api/users/komugi_nakami
2026-07-12 00:58:33 | INFO     | Saving at archive\skeb\komugi_nakami-f237dd.json
2026-07-12 00:58:34 | INFO     | OK https://skeb.jp/api/users/inami_haruka
2026-07-12 00:58:34 | INFO     | Saving at archive\skeb\inami_haruka-9917c6.json
2026-07-12 00:58:35 | WARNING  | 404 on https://skeb.jp/api/users/g33kst (attempt 3/3)
2026-07-12 00:58:36 | INFO     | OK https://skeb.jp/api/users/nemurukoZ
2026-07-12 00:58:36 | INFO     | Saving at archive\skeb\nemurukoZ-a0105b.json
2026-07-12 00:58:37 | WARNING  | 404 on https://skeb.jp/api/users/kagoyama_sns (attempt 1/3)
2026-07-12 00:58:38 | INFO     | OK https://skeb.jp/api/users/ArudennKazefuku
2026-07-12 00:58:38 | INFO     | Saving at archive\skeb\ArudennKazefuku-1e2cc1.json
2026-07-12 00:58:39 | INFO     | OK https://skeb.jp/api/users/amakaze_lower
2026-07-12 00:58:39 | INFO     | Saving at archive\skeb\amakaze_lower-ffdfc5.json
2026-07-12 00:58:40 | WARNING  | 404 on https://skeb.jp/api/users/kagoyama_sns (attempt 2/3)
2026-07-12 00:58:41 | WARNING  | 404 on https://skeb.jp/api/users/sakayama_lazuli (attempt 1/3)
2026-07-12 00:58:42 | INFO     | OK https://skeb.jp/api/users/Sui_Mizusame
2026-07-12 00:58:42 | INFO     | Saving at archive\skeb\Sui_Mizusame-9c7f16.json
2026-07-12 00:58:43 | INFO     | OK https://skeb.jp/api/users/Hatomiya01
2026-07-12 00:58:43 | INFO     | Saving at archive\skeb\Hatomiya01-16955a.json
2026-07-12 00:58:44 | INFO     | OK https://skeb.jp/api/users/Hr_cts4
2026-07-12 00:58:44 | INFO     | Saving at archive\skeb\Hr_cts4-964903.json
2026-07-12 00:58:45 | INFO     | OK https://skeb.jp/api/users/ebimama2525
2026-07-12 00:58:45 | INFO     | Saving at archive\skeb\ebimama2525-85f061.json
2026-07-12 00:58:46 | INFO     | OK https://skeb.jp/api/users/_mizukikurumi
2026-07-12 00:58:46 | INFO     | Saving at archive\skeb\_mizukikurumi-64ae1e.json
2026-07-12 00:58:47 | INFO     | OK https://skeb.jp/api/users/OtosuYukari
2026-07-12 00:58:47 | INFO     | Saving at archive\skeb\OtosuYukari-dec4c5.json
2026-07-12 00:58:48 | INFO     | OK https://skeb.jp/api/users/mizunikkou
2026-07-12 00:58:48 | INFO     | Saving at archive\skeb\mizunikkou-7ae052.json
2026-07-12 00:58:49 | INFO     | OK https://skeb.jp/api/users/momoUoxoUmomo
2026-07-12 00:58:49 | INFO     | Saving at archive\skeb\momoUoxoUmomo-b6a478.json
2026-07-12 00:58:50 | INFO     | OK https://skeb.jp/api/users/kazuishi_robou
2026-07-12 00:58:50 | INFO     | Saving at archive\skeb\kazuishi_robou-c4c122.json
2026-07-12 00:58:51 | INFO     | OK https://skeb.jp/api/users/Sizzle_qaws
2026-07-12 00:58:51 | INFO     | Saving at archive\skeb\Sizzle_qaws-ad5614.json
2026-07-12 00:58:52 | WARNING  | 404 on https://skeb.jp/api/users/kagoyama_sns (attempt 3/3)
2026-07-12 00:58:53 | INFO     | OK https://skeb.jp/api/users/huyichun_
2026-07-12 00:58:53 | INFO     | Saving at archive\skeb\huyichun_-2f8c81.json
2026-07-12 00:58:54 | INFO     | OK https://skeb.jp/api/users/simatyoko_yu
2026-07-12 00:58:54 | INFO     | Saving at archive\skeb\simatyoko_yu-6d0f2e.json
2026-07-12 00:58:55 | INFO     | OK https://skeb.jp/api/users/zikomanking
2026-07-12 00:58:55 | INFO     | Saving at archive\skeb\zikomanking-c1a57b.json
2026-07-12 00:58:56 | WARNING  | 404 on https://skeb.jp/api/users/T4k73gqSZ26h5si (attempt 3/3)
2026-07-12 00:58:57 | INFO     | OK https://skeb.jp/api/users/mh4ribon
2026-07-12 00:58:57 | INFO     | Saving at archive\skeb\mh4ribon-fce939.json
2026-07-12 00:58:58 | INFO     | OK https://skeb.jp/api/users/tomoru_c1
2026-07-12 00:58:58 | INFO     | Saving at archive\skeb\tomoru_c1-f2dd9b.json
2026-07-12 00:58:59 | INFO     | OK https://skeb.jp/api/users/coolskeleton076
2026-07-12 00:58:59 | INFO     | Saving at archive\skeb\coolskeleton076-c2f3a0.json
2026-07-12 00:59:00 | INFO     | OK https://skeb.jp/api/users/1canfixher
2026-07-12 00:59:00 | INFO     | Saving at archive\skeb\1canfixher-5d81c5.json
2026-07-12 00:59:01 | INFO     | OK https://skeb.jp/api/users/Hal_Lily
2026-07-12 00:59:01 | INFO     | Saving at archive\skeb\Hal_Lily-da7819.json
2026-07-12 00:59:02 | INFO     | OK https://skeb.jp/api/users/c_0ic
2026-07-12 00:59:02 | INFO     | Saving at archive\skeb\c_0ic-0efffb.json
2026-07-12 00:59:03 | INFO     | OK https://skeb.jp/api/users/yvsqzrv
2026-07-12 00:59:03 | INFO     | Saving at archive\skeb\yvsqzrv-345514.json
2026-07-12 00:59:04 | WARNING  | 404 on https://skeb.jp/api/users/Axnya (attempt 1/3)
2026-07-12 00:59:05 | INFO     | OK https://skeb.jp/api/users/YukiAmeno
2026-07-12 00:59:05 | INFO     | Saving at archive\skeb\YukiAmeno-462dbb.json
2026-07-12 00:59:06 | INFO     | OK https://skeb.jp/api/users/rokume666
2026-07-12 00:59:06 | INFO     | Saving at archive\skeb\rokume666-4ca29b.json
2026-07-12 00:59:07 | INFO     | OK https://skeb.jp/api/users/tororo3ro
2026-07-12 00:59:07 | INFO     | Saving at archive\skeb\tororo3ro-1735e4.json
2026-07-12 00:59:08 | INFO     | OK https://skeb.jp/api/users/falken44
2026-07-12 00:59:08 | INFO     | Saving at archive\skeb\falken44-d0e8f8.json
2026-07-12 00:59:09 | WARNING  | 404 on https://skeb.jp/api/users/Axnya (attempt 2/3)
2026-07-12 00:59:10 | INFO     | OK https://skeb.jp/api/users/ukart1127
2026-07-12 00:59:10 | INFO     | Saving at archive\skeb\ukart1127-afa789.json
2026-07-12 00:59:11 | INFO     | OK https://skeb.jp/api/users/hap772
2026-07-12 00:59:11 | INFO     | Saving at archive\skeb\hap772-5a8e96.json
2026-07-12 00:59:12 | INFO     | OK https://skeb.jp/api/users/takigi_maki
2026-07-12 00:59:12 | INFO     | Saving at archive\skeb\takigi_maki-9be8ac.json
2026-07-12 00:59:13 | INFO     | OK https://skeb.jp/api/users/somagi_92
2026-07-12 00:59:13 | INFO     | Saving at archive\skeb\somagi_92-8468ea.json
2026-07-12 00:59:14 | INFO     | OK https://skeb.jp/api/users/hanadoki_13
2026-07-12 00:59:14 | INFO     | Saving at archive\skeb\hanadoki_13-b9cc7d.json
2026-07-12 00:59:15 | WARNING  | 404 on https://skeb.jp/api/users/Axnya (attempt 3/3)
2026-07-12 00:59:16 | INFO     | OK https://skeb.jp/api/users/laircat_sosaku
2026-07-12 00:59:16 | INFO     | Saving at archive\skeb\laircat_sosaku-0721d4.json
2026-07-12 00:59:17 | INFO     | OK https://skeb.jp/api/users/mesomeso_crc
2026-07-12 00:59:17 | INFO     | Saving at archive\skeb\mesomeso_crc-aab68e.json
2026-07-12 00:59:18 | INFO     | OK https://skeb.jp/api/users/high_huni2
2026-07-12 00:59:18 | INFO     | Saving at archive\skeb\high_huni2-ad28b8.json
2026-07-12 00:59:19 | WARNING  | 404 on https://skeb.jp/api/users/sakayama_lazuli (attempt 2/3)
2026-07-12 00:59:20 | INFO     | OK https://skeb.jp/api/users/kurotamanao_v
2026-07-12 00:59:20 | INFO     | Saving at archive\skeb\kurotamanao_v-bc8402.json
2026-07-12 00:59:21 | INFO     | OK https://skeb.jp/api/users/9_muuuuuuu
2026-07-12 00:59:21 | INFO     | Saving at archive\skeb\9_muuuuuuu-09d67b.json
2026-07-12 00:59:22 | INFO     | OK https://skeb.jp/api/users/aiueko2828
2026-07-12 00:59:22 | INFO     | Saving at archive\skeb\aiueko2828-835b20.json
2026-07-12 00:59:23 | INFO     | OK https://skeb.jp/api/users/Taka_B_Sya
2026-07-12 00:59:23 | INFO     | Saving at archive\skeb\Taka_B_Sya-60bdde.json
2026-07-12 00:59:24 | INFO     | OK https://skeb.jp/api/users/vi_21g
2026-07-12 00:59:24 | INFO     | Saving at archive\skeb\vi_21g-10ec7f.json
2026-07-12 00:59:25 | INFO     | OK https://skeb.jp/api/users/Mia__ruri
2026-07-12 00:59:25 | INFO     | Saving at archive\skeb\Mia__ruri-30fba8.json
2026-07-12 00:59:27 | WARNING  | 404 on https://skeb.jp/api/users/sakayama_lazuli (attempt 3/3)
2026-07-12 00:59:27 | INFO     | OK https://skeb.jp/api/users/hamugebo369
2026-07-12 00:59:27 | INFO     | Saving at archive\skeb\hamugebo369-543e22.json
2026-07-12 00:59:28 | INFO     | OK https://skeb.jp/api/users/000_uya
2026-07-12 00:59:28 | INFO     | Saving at archive\skeb\000_uya-6a74bb.json
2026-07-12 00:59:29 | INFO     | OK https://skeb.jp/api/users/akira__world
2026-07-12 00:59:29 | INFO     | Saving at archive\skeb\akira__world-df46c2.json
2026-07-12 00:59:30 | INFO     | OK https://skeb.jp/api/users/AzumasterFuyoh
2026-07-12 00:59:30 | INFO     | Saving at archive\skeb\AzumasterFuyoh-3880cb.json
2026-07-12 00:59:31 | INFO     | OK https://skeb.jp/api/users/ihp_pp
2026-07-12 00:59:31 | INFO     | Saving at archive\skeb\ihp_pp-bbc483.json
2026-07-12 00:59:32 | INFO     | OK https://skeb.jp/api/users/mizitter
2026-07-12 00:59:32 | INFO     | Saving at archive\skeb\mizitter-4cf779.json
2026-07-12 00:59:34 | INFO     | OK https://skeb.jp/api/users/numamu
2026-07-12 00:59:34 | INFO     | Saving at archive\skeb\numamu-9a8596.json
2026-07-12 00:59:35 | INFO     | OK https://skeb.jp/api/users/suO_snw
2026-07-12 00:59:35 | INFO     | Saving at archive\skeb\suO_snw-363ed0.json
2026-07-12 00:59:36 | INFO     | OK https://skeb.jp/api/users/sakurada_tuki
2026-07-12 00:59:36 | INFO     | Saving at archive\skeb\sakurada_tuki-b4c111.json
2026-07-12 00:59:37 | INFO     | OK https://skeb.jp/api/users/R_apollo_san
2026-07-12 00:59:37 | INFO     | Saving at archive\skeb\R_apollo_san-ccf6df.json
2026-07-12 00:59:38 | INFO     | OK https://skeb.jp/api/users/monoelegy
2026-07-12 00:59:38 | INFO     | Saving at archive\skeb\monoelegy-97bd69.json
2026-07-12 00:59:39 | INFO     | OK https://skeb.jp/api/users/WAKU_240
2026-07-12 00:59:39 | INFO     | Saving at archive\skeb\WAKU_240-9c7367.json
2026-07-12 00:59:40 | INFO     | OK https://skeb.jp/api/users/kimikage_jimina
2026-07-12 00:59:40 | INFO     | Saving at archive\skeb\kimikage_jimina-31b517.json
2026-07-12 00:59:41 | INFO     | OK https://skeb.jp/api/users/yuzuki91660370
2026-07-12 00:59:41 | INFO     | Saving at archive\skeb\yuzuki91660370-c98724.json
2026-07-12 00:59:41 | WARNING  | 404 on https://skeb.jp/api/users/se3ifinal (attempt 1/3)
2026-07-12 00:59:43 | INFO     | OK https://skeb.jp/api/users/citenomena
2026-07-12 00:59:43 | INFO     | Saving at archive\skeb\citenomena-bdb6b3.json
2026-07-12 00:59:44 | INFO     | OK https://skeb.jp/api/users/D_e3a4
2026-07-12 00:59:44 | INFO     | Saving at archive\skeb\D_e3a4-cce731.json
2026-07-12 00:59:45 | INFO     | OK https://skeb.jp/api/users/ron85479953
2026-07-12 00:59:45 | INFO     | Saving at archive\skeb\ron85479953-d518b4.json
2026-07-12 00:59:46 | INFO     | OK https://skeb.jp/api/users/broccolix999
2026-07-12 00:59:46 | INFO     | Saving at archive\skeb\broccolix999-69e4aa.json
2026-07-12 00:59:47 | INFO     | OK https://skeb.jp/api/users/sakakibengoshi
2026-07-12 00:59:47 | INFO     | Saving at archive\skeb\sakakibengoshi-2f63cb.json
2026-07-12 00:59:48 | INFO     | OK https://skeb.jp/api/users/keichi1223
2026-07-12 00:59:48 | INFO     | Saving at archive\skeb\keichi1223-bf6558.json
2026-07-12 00:59:49 | WARNING  | 404 on https://skeb.jp/api/users/se3ifinal (attempt 2/3)
2026-07-12 00:59:50 | INFO     | OK https://skeb.jp/api/users/hamii_1317
2026-07-12 00:59:50 | INFO     | Saving at archive\skeb\hamii_1317-afb684.json
2026-07-12 00:59:51 | INFO     | OK https://skeb.jp/api/users/yaimeiya
2026-07-12 00:59:51 | INFO     | Saving at archive\skeb\yaimeiya-45e443.json
2026-07-12 00:59:52 | INFO     | OK https://skeb.jp/api/users/udn775
2026-07-12 00:59:52 | INFO     | Saving at archive\skeb\udn775-9e5964.json
2026-07-12 00:59:53 | INFO     | OK https://skeb.jp/api/users/minus131
2026-07-12 00:59:53 | INFO     | Saving at archive\skeb\minus131-cb0ede.json
2026-07-12 00:59:54 | INFO     | OK https://skeb.jp/api/users/Ham_noia
2026-07-12 00:59:54 | INFO     | Saving at archive\skeb\Ham_noia-fc78f2.json
2026-07-12 00:59:55 | INFO     | OK https://skeb.jp/api/users/Ritomasudawayo
2026-07-12 00:59:55 | INFO     | Saving at archive\skeb\Ritomasudawayo-fbbb04.json
2026-07-12 00:59:56 | INFO     | OK https://skeb.jp/api/users/hakuowo_123
2026-07-12 00:59:56 | INFO     | Saving at archive\skeb\hakuowo_123-bb3722.json
2026-07-12 00:59:57 | INFO     | OK https://skeb.jp/api/users/usabarashi_lpc
2026-07-12 00:59:57 | INFO     | Saving at archive\skeb\usabarashi_lpc-f951c3.json
2026-07-12 00:59:58 | INFO     | OK https://skeb.jp/api/users/delta_nonbiri
2026-07-12 00:59:58 | INFO     | Saving at archive\skeb\delta_nonbiri-982f5d.json
2026-07-12 00:59:59 | INFO     | OK https://skeb.jp/api/users/Wonder
2026-07-12 00:59:59 | INFO     | Saving at archive\skeb\Wonder-905b58.json
2026-07-12 01:00:00 | INFO     | OK https://skeb.jp/api/users/kero_azuma_
2026-07-12 01:00:00 | INFO     | Saving at archive\skeb\kero_azuma_-408e04.json
2026-07-12 01:00:01 | WARNING  | 404 on https://skeb.jp/api/users/lkjeudnduy44 (attempt 1/3)
2026-07-12 01:00:02 | INFO     | OK https://skeb.jp/api/users/koware_chau
2026-07-12 01:00:02 | INFO     | Saving at archive\skeb\koware_chau-92b79e.json
2026-07-12 01:00:03 | WARNING  | 404 on https://skeb.jp/api/users/se3ifinal (attempt 3/3)
2026-07-12 01:00:04 | WARNING  | 404 on https://skeb.jp/api/users/lkjeudnduy44 (attempt 2/3)
2026-07-12 01:00:05 | INFO     | OK https://skeb.jp/api/users/c23h29n3o
2026-07-12 01:00:05 | INFO     | Saving at archive\skeb\c23h29n3o-61de20.json
2026-07-12 01:00:06 | INFO     | OK https://skeb.jp/api/users/ano_soreha
2026-07-12 01:00:06 | INFO     | Saving at archive\skeb\ano_soreha-d6c265.json
2026-07-12 01:00:07 | INFO     | OK https://skeb.jp/api/users/MN15923674
2026-07-12 01:00:07 | INFO     | Saving at archive\skeb\MN15923674-fe673f.json
2026-07-12 01:00:08 | INFO     | OK https://skeb.jp/api/users/reni_maar
2026-07-12 01:00:08 | INFO     | Saving at archive\skeb\reni_maar-75e43d.json
2026-07-12 01:00:09 | INFO     | OK https://skeb.jp/api/users/loupwolf_dzn
2026-07-12 01:00:09 | INFO     | Saving at archive\skeb\loupwolf_dzn-b01c00.json
2026-07-12 01:00:10 | INFO     | OK https://skeb.jp/api/users/gotosey
2026-07-12 01:00:10 | INFO     | Saving at archive\skeb\gotosey-8cfec6.json
2026-07-12 01:00:11 | INFO     | OK https://skeb.jp/api/users/hamuland_hayu86
2026-07-12 01:00:11 | INFO     | Saving at archive\skeb\hamuland_hayu86-99e463.json
2026-07-12 01:00:12 | INFO     | OK https://skeb.jp/api/users/katabiratobari
2026-07-12 01:00:12 | INFO     | Saving at archive\skeb\katabiratobari-4fc2a6.json
2026-07-12 01:00:13 | INFO     | OK https://skeb.jp/api/users/Moscowmule_VR
2026-07-12 01:00:13 | INFO     | Saving at archive\skeb\Moscowmule_VR-d7e09c.json
2026-07-12 01:00:14 | INFO     | OK https://skeb.jp/api/users/nagaiyuki094
2026-07-12 01:00:14 | INFO     | Saving at archive\skeb\nagaiyuki094-e3f91f.json
2026-07-12 01:00:15 | INFO     | OK https://skeb.jp/api/users/koko_324
2026-07-12 01:00:15 | INFO     | Saving at archive\skeb\koko_324-976dd0.json
2026-07-12 01:00:16 | INFO     | OK https://skeb.jp/api/users/pa_yapa
2026-07-12 01:00:16 | INFO     | Saving at archive\skeb\pa_yapa-47bdfd.json
2026-07-12 01:00:17 | INFO     | OK https://skeb.jp/api/users/kishi_yyy
2026-07-12 01:00:17 | INFO     | Saving at archive\skeb\kishi_yyy-056334.json
2026-07-12 01:00:18 | WARNING  | 404 on https://skeb.jp/api/users/Genkyou (attempt 1/3)
2026-07-12 01:00:19 | INFO     | OK https://skeb.jp/api/users/popico_VT
2026-07-12 01:00:19 | INFO     | Saving at archive\skeb\popico_VT-ec57b0.json
2026-07-12 01:00:20 | INFO     | OK https://skeb.jp/api/users/kon_n16
2026-07-12 01:00:20 | INFO     | Saving at archive\skeb\kon_n16-b2d03d.json
2026-07-12 01:00:21 | INFO     | OK https://skeb.jp/api/users/r_yarimizu
2026-07-12 01:00:21 | INFO     | Saving at archive\skeb\r_yarimizu-25387d.json
2026-07-12 01:00:22 | WARNING  | 404 on https://skeb.jp/api/users/_meruruto_ (attempt 1/3)
2026-07-12 01:00:23 | INFO     | OK https://skeb.jp/api/users/tuyuta64
2026-07-12 01:00:23 | INFO     | Saving at archive\skeb\tuyuta64-4afb31.json
2026-07-12 01:00:24 | INFO     | OK https://skeb.jp/api/users/paluppe
2026-07-12 01:00:24 | INFO     | Saving at archive\skeb\paluppe-0ec8ce.json
2026-07-12 01:00:25 | WARNING  | 404 on https://skeb.jp/api/users/ronn_irai (attempt 1/3)
2026-07-12 01:00:26 | WARNING  | 404 on https://skeb.jp/api/users/lkjeudnduy44 (attempt 3/3)
2026-07-12 01:00:27 | WARNING  | 404 on https://skeb.jp/api/users/_meruruto_ (attempt 2/3)
2026-07-12 01:00:28 | INFO     | OK https://skeb.jp/api/users/tomocha0324
2026-07-12 01:00:28 | INFO     | Saving at archive\skeb\tomocha0324-e8da9a.json
2026-07-12 01:00:29 | INFO     | OK https://skeb.jp/api/users/PaktcylSNTgQPIw
2026-07-12 01:00:29 | INFO     | Saving at archive\skeb\PaktcylSNTgQPIw-d9325b.json
2026-07-12 01:00:30 | INFO     | OK https://skeb.jp/api/users/rrin_en
2026-07-12 01:00:30 | INFO     | Saving at archive\skeb\rrin_en-4b7f5c.json
2026-07-12 01:00:31 | INFO     | OK https://skeb.jp/api/users/mumichan_tp
2026-07-12 01:00:31 | INFO     | Saving at archive\skeb\mumichan_tp-e0ae78.json
2026-07-12 01:00:32 | INFO     | OK https://skeb.jp/api/users/t8fla
2026-07-12 01:00:32 | INFO     | Saving at archive\skeb\t8fla-6689e0.json
2026-07-12 01:00:33 | INFO     | OK https://skeb.jp/api/users/AkaneMachiyama
2026-07-12 01:00:33 | INFO     | Saving at archive\skeb\AkaneMachiyama-d4b4fd.json
2026-07-12 01:00:34 | WARNING  | 404 on https://skeb.jp/api/users/ronn_irai (attempt 2/3)
2026-07-12 01:00:35 | INFO     | OK https://skeb.jp/api/users/shima24h
2026-07-12 01:00:35 | INFO     | Saving at archive\skeb\shima24h-27a1f1.json
2026-07-12 01:00:36 | INFO     | OK https://skeb.jp/api/users/huzurina_suruba
2026-07-12 01:00:36 | INFO     | Saving at archive\skeb\huzurina_suruba-d7004d.json
2026-07-12 01:00:37 | INFO     | OK https://skeb.jp/api/users/shikon_083139
2026-07-12 01:00:37 | INFO     | Saving at archive\skeb\shikon_083139-3462ba.json
2026-07-12 01:00:38 | INFO     | OK https://skeb.jp/api/users/Iiris888
2026-07-12 01:00:38 | INFO     | Saving at archive\skeb\Iiris888-7cc392.json
2026-07-12 01:00:39 | INFO     | OK https://skeb.jp/api/users/idolyamero
2026-07-12 01:00:39 | INFO     | Saving at archive\skeb\idolyamero-173d81.json
2026-07-12 01:00:40 | INFO     | OK https://skeb.jp/api/users/gotouhaukeru
2026-07-12 01:00:40 | INFO     | Saving at archive\skeb\gotouhaukeru-9e0221.json
2026-07-12 01:00:41 | INFO     | OK https://skeb.jp/api/users/hoshida0802
2026-07-12 01:00:41 | INFO     | Saving at archive\skeb\hoshida0802-e140cd.json
2026-07-12 01:00:42 | INFO     | OK https://skeb.jp/api/users/Naraku_illust
2026-07-12 01:00:42 | INFO     | Saving at archive\skeb\Naraku_illust-940393.json
2026-07-12 01:00:43 | INFO     | OK https://skeb.jp/api/users/bataore
2026-07-12 01:00:43 | INFO     | Saving at archive\skeb\bataore-9bef2e.json
2026-07-12 01:00:44 | WARNING  | 404 on https://skeb.jp/api/users/_meruruto_ (attempt 3/3)
2026-07-12 01:00:45 | INFO     | OK https://skeb.jp/api/users/kurainy3
2026-07-12 01:00:45 | INFO     | Saving at archive\skeb\kurainy3-2571d9.json
2026-07-12 01:00:46 | INFO     | OK https://skeb.jp/api/users/risu_shiro1
2026-07-12 01:00:46 | INFO     | Saving at archive\skeb\risu_shiro1-3a9dd7.json
2026-07-12 01:00:47 | WARNING  | 404 on https://skeb.jp/api/users/EDO__nyan (attempt 1/3)
2026-07-12 01:00:48 | INFO     | OK https://skeb.jp/api/users/yana_azsk
2026-07-12 01:00:48 | INFO     | Saving at archive\skeb\yana_azsk-7b8b5c.json
2026-07-12 01:00:49 | INFO     | OK https://skeb.jp/api/users/VirtualAkuRyou
2026-07-12 01:00:49 | INFO     | Saving at archive\skeb\VirtualAkuRyou-51d703.json
2026-07-12 01:00:50 | WARNING  | 404 on https://skeb.jp/api/users/kasha0927 (attempt 1/3)
2026-07-12 01:00:51 | WARNING  | 404 on https://skeb.jp/api/users/Genkyou (attempt 2/3)
2026-07-12 01:00:52 | INFO     | OK https://skeb.jp/api/users/mii_hanasaka
2026-07-12 01:00:52 | INFO     | Saving at archive\skeb\mii_hanasaka-b17024.json
2026-07-12 01:00:53 | INFO     | OK https://skeb.jp/api/users/misokatsuoden
2026-07-12 01:00:53 | INFO     | Saving at archive\skeb\misokatsuoden-79a494.json
2026-07-12 01:00:54 | WARNING  | 404 on https://skeb.jp/api/users/EDO__nyan (attempt 2/3)
2026-07-12 01:00:55 | WARNING  | 404 on https://skeb.jp/api/users/kasha0927 (attempt 2/3)
2026-07-12 01:00:56 | INFO     | OK https://skeb.jp/api/users/MALTA
2026-07-12 01:00:56 | INFO     | Saving at archive\skeb\MALTA-41fb54.json
2026-07-12 01:00:57 | INFO     | OK https://skeb.jp/api/users/cold_ohiya
2026-07-12 01:00:57 | INFO     | Saving at archive\skeb\cold_ohiya-74b04f.json
2026-07-12 01:00:58 | INFO     | OK https://skeb.jp/api/users/Terence_Badrich
2026-07-12 01:00:58 | INFO     | Saving at archive\skeb\Terence_Badrich-dd1bee.json
2026-07-12 01:00:59 | INFO     | OK https://skeb.jp/api/users/vannin168
2026-07-12 01:00:59 | INFO     | Saving at archive\skeb\vannin168-ab653f.json
2026-07-12 01:01:00 | INFO     | OK https://skeb.jp/api/users/shiromikimi598
2026-07-12 01:01:00 | INFO     | Saving at archive\skeb\shiromikimi598-875070.json
2026-07-12 01:01:01 | INFO     | OK https://skeb.jp/api/users/Rioagree
2026-07-12 01:01:01 | INFO     | Saving at archive\skeb\Rioagree-d258ad.json
2026-07-12 01:01:02 | INFO     | OK https://skeb.jp/api/users/Holmesheaven___
2026-07-12 01:01:02 | INFO     | Saving at archive\skeb\Holmesheaven___-f472a0.json
2026-07-12 01:01:03 | INFO     | OK https://skeb.jp/api/users/masaka_37
2026-07-12 01:01:03 | INFO     | Saving at archive\skeb\masaka_37-ad918e.json
2026-07-12 01:01:04 | WARNING  | 404 on https://skeb.jp/api/users/ronn_irai (attempt 3/3)
2026-07-12 01:01:05 | INFO     | OK https://skeb.jp/api/users/old_TORA
2026-07-12 01:01:05 | INFO     | Saving at archive\skeb\old_TORA-cc8020.json
2026-07-12 01:01:06 | WARNING  | 404 on https://skeb.jp/api/users/kasha0927 (attempt 3/3)
2026-07-12 01:01:07 | WARNING  | 404 on https://skeb.jp/api/users/EDO__nyan (attempt 3/3)
2026-07-12 01:01:08 | INFO     | OK https://skeb.jp/api/users/Sabitsuki_Neon
2026-07-12 01:01:08 | INFO     | Saving at archive\skeb\Sabitsuki_Neon-4c12e0.json
2026-07-12 01:01:09 | WARNING  | 404 on https://skeb.jp/api/users/Genkyou (attempt 3/3)
2026-07-12 01:01:10 | INFO     | OK https://skeb.jp/api/users/74kcal
2026-07-12 01:01:10 | INFO     | Saving at archive\skeb\74kcal-09b56c.json
2026-07-12 01:01:11 | INFO     | OK https://skeb.jp/api/users/bender_318
2026-07-12 01:01:11 | INFO     | Saving at archive\skeb\bender_318-097b48.json
2026-07-12 01:01:12 | INFO     | OK https://skeb.jp/api/users/PunisheR_Draws
2026-07-12 01:01:12 | INFO     | Saving at archive\skeb\PunisheR_Draws-8e3447.json
2026-07-12 01:01:13 | INFO     | OK https://skeb.jp/api/users/Natsuyura_
2026-07-12 01:01:13 | INFO     | Saving at archive\skeb\Natsuyura_-3fd9ef.json
2026-07-12 01:01:14 | WARNING  | 404 on https://skeb.jp/api/users/kiNero30901 (attempt 1/3)
2026-07-12 01:01:15 | INFO     | OK https://skeb.jp/api/users/ryou521
2026-07-12 01:01:15 | INFO     | Saving at archive\skeb\ryou521-9f96d4.json
2026-07-12 01:01:16 | INFO     | OK https://skeb.jp/api/users/nade00727
2026-07-12 01:01:16 | INFO     | Saving at archive\skeb\nade00727-f26aad.json
2026-07-12 01:01:17 | INFO     | OK https://skeb.jp/api/users/mojamojajomo
2026-07-12 01:01:17 | INFO     | Saving at archive\skeb\mojamojajomo-ad431c.json
2026-07-12 01:01:18 | INFO     | OK https://skeb.jp/api/users/ku_neruru_o0
2026-07-12 01:01:18 | INFO     | Saving at archive\skeb\ku_neruru_o0-c168ed.json
2026-07-12 01:01:19 | INFO     | OK https://skeb.jp/api/users/oftnmogmog
2026-07-12 01:01:19 | INFO     | Saving at archive\skeb\oftnmogmog-1963bd.json
2026-07-12 01:01:20 | INFO     | OK https://skeb.jp/api/users/kureha_azmy
2026-07-12 01:01:20 | INFO     | Saving at archive\skeb\kureha_azmy-f88f15.json
2026-07-12 01:01:21 | INFO     | OK https://skeb.jp/api/users/yu_nizi_
2026-07-12 01:01:21 | INFO     | Saving at archive\skeb\yu_nizi_-e43cf1.json
2026-07-12 01:01:22 | INFO     | OK https://skeb.jp/api/users/nj_syu4
2026-07-12 01:01:22 | INFO     | Saving at archive\skeb\nj_syu4-6d1167.json
2026-07-12 01:01:23 | INFO     | OK https://skeb.jp/api/users/potyamaaaaaa
2026-07-12 01:01:23 | INFO     | Saving at archive\skeb\potyamaaaaaa-c02161.json
2026-07-12 01:01:24 | INFO     | OK https://skeb.jp/api/users/pixelflag
2026-07-12 01:01:24 | INFO     | Saving at archive\skeb\pixelflag-fa5225.json
2026-07-12 01:01:26 | INFO     | OK https://skeb.jp/api/users/_Mokkan_
2026-07-12 01:01:26 | INFO     | Saving at archive\skeb\_Mokkan_-b946e0.json
2026-07-12 01:01:26 | INFO     | OK https://skeb.jp/api/users/ysp
2026-07-12 01:01:26 | INFO     | Saving at archive\skeb\ysp-09831b.json
2026-07-12 01:01:27 | INFO     | OK https://skeb.jp/api/users/2utumi_FJ
2026-07-12 01:01:27 | INFO     | Saving at archive\skeb\2utumi_FJ-9bcc7a.json
2026-07-12 01:01:29 | INFO     | OK https://skeb.jp/api/users/swtr_
2026-07-12 01:01:29 | INFO     | Saving at archive\skeb\swtr_-608fde.json
2026-07-12 01:01:30 | INFO     | OK https://skeb.jp/api/users/settattatta
2026-07-12 01:01:30 | INFO     | Saving at archive\skeb\settattatta-35481c.json
2026-07-12 01:01:31 | INFO     | OK https://skeb.jp/api/users/ebifly
2026-07-12 01:01:31 | INFO     | Saving at archive\skeb\ebifly-46bf21.json
2026-07-12 01:01:32 | INFO     | OK https://skeb.jp/api/users/garyoku_kureyoo
2026-07-12 01:01:32 | INFO     | Saving at archive\skeb\garyoku_kureyoo-bc3b9c.json
2026-07-12 01:01:33 | INFO     | OK https://skeb.jp/api/users/hyi_ku0217
2026-07-12 01:01:33 | INFO     | Saving at archive\skeb\hyi_ku0217-75e657.json
2026-07-12 01:01:34 | INFO     | OK https://skeb.jp/api/users/slimecat_2002
2026-07-12 01:01:34 | INFO     | Saving at archive\skeb\slimecat_2002-1f295c.json
2026-07-12 01:01:35 | INFO     | OK https://skeb.jp/api/users/siro78847047
2026-07-12 01:01:35 | INFO     | Saving at archive\skeb\siro78847047-16830d.json
2026-07-12 01:01:36 | INFO     | OK https://skeb.jp/api/users/sakasaka224
2026-07-12 01:01:36 | INFO     | Saving at archive\skeb\sakasaka224-9ba7b3.json
2026-07-12 01:01:37 | INFO     | OK https://skeb.jp/api/users/kurotweet_
2026-07-12 01:01:37 | INFO     | Saving at archive\skeb\kurotweet_-d7d5cf.json
2026-07-12 01:01:38 | INFO     | OK https://skeb.jp/api/users/suzukakenR18
2026-07-12 01:01:38 | INFO     | Saving at archive\skeb\suzukakenR18-732b3d.json
2026-07-12 01:01:39 | INFO     | OK https://skeb.jp/api/users/kikunizi9
2026-07-12 01:01:39 | INFO     | Saving at archive\skeb\kikunizi9-f88b90.json
2026-07-12 01:01:40 | WARNING  | 404 on https://skeb.jp/api/users/Iam_Ciikawa (attempt 1/3)
2026-07-12 01:01:41 | INFO     | OK https://skeb.jp/api/users/25shima470t
2026-07-12 01:01:41 | INFO     | Saving at archive\skeb\25shima470t-34191f.json
2026-07-12 01:01:42 | WARNING  | 404 on https://skeb.jp/api/users/Ryuzi_27 (attempt 1/3)
2026-07-12 01:01:43 | WARNING  | 404 on https://skeb.jp/api/users/Geshi_to_ (attempt 1/3)
2026-07-12 01:01:44 | INFO     | OK https://skeb.jp/api/users/missaaxel20
2026-07-12 01:01:44 | INFO     | Saving at archive\skeb\missaaxel20-c0ddcc.json
2026-07-12 01:01:45 | INFO     | OK https://skeb.jp/api/users/larugo23
2026-07-12 01:01:45 | INFO     | Saving at archive\skeb\larugo23-6f152e.json
2026-07-12 01:01:46 | WARNING  | 404 on https://skeb.jp/api/users/kiNero30901 (attempt 2/3)
2026-07-12 01:01:47 | INFO     | OK https://skeb.jp/api/users/Bari_xin
2026-07-12 01:01:47 | INFO     | Saving at archive\skeb\Bari_xin-99d557.json
2026-07-12 01:01:48 | INFO     | OK https://skeb.jp/api/users/kakukakuzai
2026-07-12 01:01:48 | INFO     | Saving at archive\skeb\kakukakuzai-e756e6.json
2026-07-12 01:01:49 | WARNING  | 404 on https://skeb.jp/api/users/Iam_Ciikawa (attempt 2/3)
2026-07-12 01:01:50 | INFO     | OK https://skeb.jp/api/users/roborou_gigas
2026-07-12 01:01:50 | INFO     | Saving at archive\skeb\roborou_gigas-29b003.json
2026-07-12 01:01:51 | WARNING  | 404 on https://skeb.jp/api/users/Geshi_to_ (attempt 2/3)
2026-07-12 01:01:52 | INFO     | OK https://skeb.jp/api/users/asako_shibutani
2026-07-12 01:01:52 | INFO     | Saving at archive\skeb\asako_shibutani-84e0e3.json
2026-07-12 01:01:53 | INFO     | OK https://skeb.jp/api/users/remoparu
2026-07-12 01:01:53 | INFO     | Saving at archive\skeb\remoparu-5ac07a.json
2026-07-12 01:01:54 | WARNING  | 404 on https://skeb.jp/api/users/Ryuzi_27 (attempt 2/3)
2026-07-12 01:01:55 | INFO     | OK https://skeb.jp/api/users/isetta
2026-07-12 01:01:55 | INFO     | Saving at archive\skeb\isetta-661d1f.json
2026-07-12 01:01:56 | INFO     | OK https://skeb.jp/api/users/RukikiRuki_V
2026-07-12 01:01:56 | INFO     | Saving at archive\skeb\RukikiRuki_V-cb0724.json
2026-07-12 01:01:57 | INFO     | OK https://skeb.jp/api/users/TokihaKonbu
2026-07-12 01:01:57 | INFO     | Saving at archive\skeb\TokihaKonbu-3eeb70.json
2026-07-12 01:01:58 | WARNING  | 404 on https://skeb.jp/api/users/Ryuzi_27 (attempt 3/3)
2026-07-12 01:01:59 | INFO     | OK https://skeb.jp/api/users/inassa
2026-07-12 01:01:59 | INFO     | Saving at archive\skeb\inassa-46dc23.json
2026-07-12 01:02:00 | INFO     | OK https://skeb.jp/api/users/Kenn913
2026-07-12 01:02:00 | INFO     | Saving at archive\skeb\Kenn913-7c8618.json
2026-07-12 01:02:01 | INFO     | OK https://skeb.jp/api/users/yum
2026-07-12 01:02:01 | INFO     | Saving at archive\skeb\yum-1de0b4.json
2026-07-12 01:02:02 | INFO     | OK https://skeb.jp/api/users/Ary_zath
2026-07-12 01:02:02 | INFO     | Saving at archive\skeb\Ary_zath-ef8c8e.json
2026-07-12 01:02:03 | INFO     | OK https://skeb.jp/api/users/ryunx2
2026-07-12 01:02:03 | INFO     | Saving at archive\skeb\ryunx2-963506.json
2026-07-12 01:02:04 | INFO     | OK https://skeb.jp/api/users/tsubaki_panse
2026-07-12 01:02:04 | INFO     | Saving at archive\skeb\tsubaki_panse-ae422b.json
2026-07-12 01:02:05 | INFO     | OK https://skeb.jp/api/users/fUyU401634082
2026-07-12 01:02:05 | INFO     | Saving at archive\skeb\fUyU401634082-41e8e9.json
2026-07-12 01:02:06 | INFO     | OK https://skeb.jp/api/users/silent_NK
2026-07-12 01:02:06 | INFO     | Saving at archive\skeb\silent_NK-af52b7.json
2026-07-12 01:02:07 | INFO     | OK https://skeb.jp/api/users/Omochi169_K
2026-07-12 01:02:07 | INFO     | Saving at archive\skeb\Omochi169_K-e03597.json
2026-07-12 01:02:08 | WARNING  | 404 on https://skeb.jp/api/users/vHoo__ (attempt 1/3)
2026-07-12 01:02:09 | INFO     | OK https://skeb.jp/api/users/TheMidnight
2026-07-12 01:02:09 | INFO     | Saving at archive\skeb\TheMidnight-1be7ae.json
2026-07-12 01:02:10 | INFO     | OK https://skeb.jp/api/users/kide_arsa
2026-07-12 01:02:10 | INFO     | Saving at archive\skeb\kide_arsa-6d6957.json
2026-07-12 01:02:11 | WARNING  | 404 on https://skeb.jp/api/users/vHoo__ (attempt 2/3)
2026-07-12 01:02:12 | WARNING  | 404 on https://skeb.jp/api/users/kiNero30901 (attempt 3/3)
2026-07-12 01:02:13 | WARNING  | 404 on https://skeb.jp/api/users/Iam_Ciikawa (attempt 3/3)
2026-07-12 01:02:14 | INFO     | OK https://skeb.jp/api/users/watakamo
2026-07-12 01:02:14 | INFO     | Saving at archive\skeb\watakamo-af51a7.json
2026-07-12 01:02:15 | INFO     | OK https://skeb.jp/api/users/wingofneko
2026-07-12 01:02:15 | INFO     | Saving at archive\skeb\wingofneko-801bf2.json
2026-07-12 01:02:16 | WARNING  | 404 on https://skeb.jp/api/users/Geshi_to_ (attempt 3/3)
2026-07-12 01:02:17 | INFO     | OK https://skeb.jp/api/users/re_cikap
2026-07-12 01:02:17 | INFO     | Saving at archive\skeb\re_cikap-21dd46.json
2026-07-12 01:02:18 | INFO     | OK https://skeb.jp/api/users/_dairiseki
2026-07-12 01:02:18 | INFO     | Saving at archive\skeb\_dairiseki-4914b7.json
2026-07-12 01:02:19 | INFO     | OK https://skeb.jp/api/users/9mr9o
2026-07-12 01:02:19 | INFO     | Saving at archive\skeb\9mr9o-985b1f.json
2026-07-12 01:02:20 | WARNING  | 404 on https://skeb.jp/api/users/vHoo__ (attempt 3/3)
2026-07-12 01:02:21 | INFO     | OK https://skeb.jp/api/users/ymgceit
2026-07-12 01:02:21 | INFO     | Saving at archive\skeb\ymgceit-52135d.json
2026-07-12 01:02:22 | INFO     | OK https://skeb.jp/api/users/sei01128
2026-07-12 01:02:22 | INFO     | Saving at archive\skeb\sei01128-1ef22c.json
2026-07-12 01:02:23 | INFO     | OK https://skeb.jp/api/users/__miska
2026-07-12 01:02:23 | INFO     | Saving at archive\skeb\__miska-4b4021.json
2026-07-12 01:02:24 | INFO     | OK https://skeb.jp/api/users/shioto_toru
2026-07-12 01:02:24 | INFO     | Saving at archive\skeb\shioto_toru-9201a8.json
2026-07-12 01:02:25 | INFO     | OK https://skeb.jp/api/users/Lazuli_Lapis_V
2026-07-12 01:02:25 | INFO     | Saving at archive\skeb\Lazuli_Lapis_V-be69fa.json
2026-07-12 01:02:26 | INFO     | OK https://skeb.jp/api/users/shino_bel
2026-07-12 01:02:26 | INFO     | Saving at archive\skeb\shino_bel-b250a0.json
2026-07-12 01:02:27 | INFO     | OK https://skeb.jp/api/users/papihu25
2026-07-12 01:02:27 | INFO     | Saving at archive\skeb\papihu25-4a2be3.json
2026-07-12 01:02:28 | INFO     | OK https://skeb.jp/api/users/haruarare_on07
2026-07-12 01:02:28 | INFO     | Saving at archive\skeb\haruarare_on07-7444ef.json
2026-07-12 01:02:29 | INFO     | OK https://skeb.jp/api/users/itomeworld1103
2026-07-12 01:02:29 | INFO     | Saving at archive\skeb\itomeworld1103-122321.json
2026-07-12 01:02:30 | INFO     | OK https://skeb.jp/api/users/kinuginuno_humi
2026-07-12 01:02:30 | INFO     | Saving at archive\skeb\kinuginuno_humi-a7c4c9.json
2026-07-12 01:02:31 | INFO     | OK https://skeb.jp/api/users/hiIkiiiiii
2026-07-12 01:02:31 | INFO     | Saving at archive\skeb\hiIkiiiiii-4365a1.json
2026-07-12 01:02:32 | WARNING  | 404 on https://skeb.jp/api/users/Henzu_23 (attempt 1/3)
2026-07-12 01:02:33 | INFO     | OK https://skeb.jp/api/users/s_no_
2026-07-12 01:02:33 | INFO     | Saving at archive\skeb\s_no_-9ac94a.json
2026-07-12 01:02:34 | INFO     | OK https://skeb.jp/api/users/4040lmn
2026-07-12 01:02:34 | INFO     | Saving at archive\skeb\4040lmn-f5491a.json
2026-07-12 01:02:35 | INFO     | OK https://skeb.jp/api/users/illlust_suu
2026-07-12 01:02:35 | INFO     | Saving at archive\skeb\illlust_suu-09e713.json
2026-07-12 01:02:36 | INFO     | OK https://skeb.jp/api/users/oyazineko
2026-07-12 01:02:36 | INFO     | Saving at archive\skeb\oyazineko-a1bcd0.json
2026-07-12 01:02:37 | INFO     | OK https://skeb.jp/api/users/mitarai_404
2026-07-12 01:02:37 | INFO     | Saving at archive\skeb\mitarai_404-3945a0.json
2026-07-12 01:02:38 | INFO     | OK https://skeb.jp/api/users/shioh33
2026-07-12 01:02:38 | INFO     | Saving at archive\skeb\shioh33-15166e.json
2026-07-12 01:02:39 | INFO     | OK https://skeb.jp/api/users/hoshi_nui
2026-07-12 01:02:39 | INFO     | Saving at archive\skeb\hoshi_nui-07e9e9.json
2026-07-12 01:02:40 | INFO     | OK https://skeb.jp/api/users/pis_cco
2026-07-12 01:02:40 | INFO     | Saving at archive\skeb\pis_cco-d695de.json
2026-07-12 01:02:41 | INFO     | OK https://skeb.jp/api/users/nidonerukodayo
2026-07-12 01:02:41 | INFO     | Saving at archive\skeb\nidonerukodayo-b824ba.json
2026-07-12 01:02:42 | INFO     | OK https://skeb.jp/api/users/YukiTama2020
2026-07-12 01:02:42 | INFO     | Saving at archive\skeb\YukiTama2020-174370.json
2026-07-12 01:02:43 | WARNING  | 404 on https://skeb.jp/api/users/Henzu_23 (attempt 2/3)
2026-07-12 01:02:44 | INFO     | OK https://skeb.jp/api/users/rahutaro_
2026-07-12 01:02:44 | INFO     | Saving at archive\skeb\rahutaro_-2454a1.json
2026-07-12 01:02:45 | INFO     | OK https://skeb.jp/api/users/taigi_akira
2026-07-12 01:02:45 | INFO     | Saving at archive\skeb\taigi_akira-1e672a.json
2026-07-12 01:02:46 | INFO     | OK https://skeb.jp/api/users/ushiomom
2026-07-12 01:02:46 | INFO     | Saving at archive\skeb\ushiomom-b18b4a.json
2026-07-12 01:02:47 | INFO     | OK https://skeb.jp/api/users/utaro9
2026-07-12 01:02:47 | INFO     | Saving at archive\skeb\utaro9-e53e78.json
2026-07-12 01:02:48 | INFO     | OK https://skeb.jp/api/users/yazawa
2026-07-12 01:02:48 | INFO     | Saving at archive\skeb\yazawa-c88486.json
2026-07-12 01:02:49 | INFO     | OK https://skeb.jp/api/users/berry_chama
2026-07-12 01:02:49 | INFO     | Saving at archive\skeb\berry_chama-2c7584.json
2026-07-12 01:02:50 | INFO     | OK https://skeb.jp/api/users/kin_noriri
2026-07-12 01:02:50 | INFO     | Saving at archive\skeb\kin_noriri-72a954.json
2026-07-12 01:02:51 | INFO     | OK https://skeb.jp/api/users/suzusaka_777
2026-07-12 01:02:51 | INFO     | Saving at archive\skeb\suzusaka_777-8d17e5.json
2026-07-12 01:02:52 | INFO     | OK https://skeb.jp/api/users/kagarii911
2026-07-12 01:02:52 | INFO     | Saving at archive\skeb\kagarii911-5836f6.json
2026-07-12 01:02:53 | WARNING  | 404 on https://skeb.jp/api/users/nyatta_san (attempt 1/3)
2026-07-12 01:02:54 | INFO     | OK https://skeb.jp/api/users/Razi
2026-07-12 01:02:54 | INFO     | Saving at archive\skeb\Razi-b2bc40.json
2026-07-12 01:02:55 | WARNING  | 404 on https://skeb.jp/api/users/Henzu_23 (attempt 3/3)
2026-07-12 01:02:56 | INFO     | OK https://skeb.jp/api/users/rion_sousaku
2026-07-12 01:02:56 | INFO     | Saving at archive\skeb\rion_sousaku-548ab2.json
2026-07-12 01:02:57 | INFO     | OK https://skeb.jp/api/users/bon_nautilus
2026-07-12 01:02:57 | INFO     | Saving at archive\skeb\bon_nautilus-b313b8.json
2026-07-12 01:02:58 | INFO     | OK https://skeb.jp/api/users/warabiVR
2026-07-12 01:02:58 | INFO     | Saving at archive\skeb\warabiVR-e5d5b5.json
2026-07-12 01:02:59 | INFO     | OK https://skeb.jp/api/users/Aspeg77
2026-07-12 01:02:59 | INFO     | Saving at archive\skeb\Aspeg77-fa3e0e.json
2026-07-12 01:03:00 | INFO     | OK https://skeb.jp/api/users/ciaochaco
2026-07-12 01:03:00 | INFO     | Saving at archive\skeb\ciaochaco-9d5e9e.json
2026-07-12 01:03:01 | INFO     | OK https://skeb.jp/api/users/Liddy_anon
2026-07-12 01:03:01 | INFO     | Saving at archive\skeb\Liddy_anon-65fcb4.json
2026-07-12 01:03:02 | WARNING  | 404 on https://skeb.jp/api/users/nyatta_san (attempt 2/3)
2026-07-12 01:03:03 | INFO     | OK https://skeb.jp/api/users/tokiseharu
2026-07-12 01:03:03 | INFO     | Saving at archive\skeb\tokiseharu-c40ac7.json
2026-07-12 01:03:04 | INFO     | OK https://skeb.jp/api/users/p0la_r12gen
2026-07-12 01:03:04 | INFO     | Saving at archive\skeb\p0la_r12gen-eca924.json
2026-07-12 01:03:05 | INFO     | OK https://skeb.jp/api/users/hatonosuke5
2026-07-12 01:03:05 | INFO     | Saving at archive\skeb\hatonosuke5-83b40c.json
2026-07-12 01:03:06 | INFO     | OK https://skeb.jp/api/users/geroamai100
2026-07-12 01:03:06 | INFO     | Saving at archive\skeb\geroamai100-3f530e.json
2026-07-12 01:03:07 | WARNING  | 404 on https://skeb.jp/api/users/nyatta_san (attempt 3/3)
2026-07-12 01:03:08 | WARNING  | 404 on https://skeb.jp/api/users/fm7hxj (attempt 1/3)
2026-07-12 01:03:10 | INFO     | OK https://skeb.jp/api/users/akamiso0608
2026-07-12 01:03:10 | INFO     | Saving at archive\skeb\akamiso0608-2502bb.json
2026-07-12 01:03:10 | INFO     | OK https://skeb.jp/api/users/ssimo_rg1
2026-07-12 01:03:10 | INFO     | Saving at archive\skeb\ssimo_rg1-aee8fa.json
2026-07-12 01:03:11 | WARNING  | 404 on https://skeb.jp/api/users/NOm0y0i (attempt 1/3)
2026-07-12 01:03:12 | INFO     | OK https://skeb.jp/api/users/owr_exe
2026-07-12 01:03:12 | INFO     | Saving at archive\skeb\owr_exe-d2da28.json
2026-07-12 01:03:13 | INFO     | OK https://skeb.jp/api/users/sawawa_zawawa
2026-07-12 01:03:13 | INFO     | Saving at archive\skeb\sawawa_zawawa-74ed24.json
2026-07-12 01:03:14 | WARNING  | 404 on https://skeb.jp/api/users/fukafuka_no_inu (attempt 1/3)
2026-07-12 01:03:16 | INFO     | OK https://skeb.jp/api/users/Laru_A0
2026-07-12 01:03:16 | INFO     | Saving at archive\skeb\Laru_A0-2533eb.json
2026-07-12 01:03:17 | INFO     | OK https://skeb.jp/api/users/gomeifuku
2026-07-12 01:03:17 | INFO     | Saving at archive\skeb\gomeifuku-a587aa.json
2026-07-12 01:03:17 | WARNING  | 404 on https://skeb.jp/api/users/NOm0y0i (attempt 2/3)
2026-07-12 01:03:18 | WARNING  | 404 on https://skeb.jp/api/users/kotonesansukida (attempt 1/3)
2026-07-12 01:03:20 | INFO     | OK https://skeb.jp/api/users/nova_natsu02
2026-07-12 01:03:20 | INFO     | Saving at archive\skeb\nova_natsu02-c2e128.json
2026-07-12 01:03:21 | INFO     | OK https://skeb.jp/api/users/TukudaniKounago
2026-07-12 01:03:21 | INFO     | Saving at archive\skeb\TukudaniKounago-6235dd.json
2026-07-12 01:03:22 | INFO     | OK https://skeb.jp/api/users/nullken
2026-07-12 01:03:22 | INFO     | Saving at archive\skeb\nullken-6615c5.json
2026-07-12 01:03:22 | WARNING  | 404 on https://skeb.jp/api/users/NOm0y0i (attempt 3/3)
2026-07-12 01:03:24 | INFO     | OK https://skeb.jp/api/users/xxx_nuuuun
2026-07-12 01:03:24 | INFO     | Saving at archive\skeb\xxx_nuuuun-e56b3f.json
2026-07-12 01:03:25 | INFO     | OK https://skeb.jp/api/users/ru_3525
2026-07-12 01:03:25 | INFO     | Saving at archive\skeb\ru_3525-9bf913.json
2026-07-12 01:03:26 | INFO     | OK https://skeb.jp/api/users/tanapiyo_Sketch
2026-07-12 01:03:26 | INFO     | Saving at archive\skeb\tanapiyo_Sketch-5585fd.json
2026-07-12 01:03:27 | INFO     | OK https://skeb.jp/api/users/sukeki41111
2026-07-12 01:03:27 | INFO     | Saving at archive\skeb\sukeki41111-d82fde.json
2026-07-12 01:03:28 | INFO     | OK https://skeb.jp/api/users/JpegLovemusic
2026-07-12 01:03:28 | INFO     | Saving at archive\skeb\JpegLovemusic-e48284.json
2026-07-12 01:03:29 | INFO     | OK https://skeb.jp/api/users/L_zre0
2026-07-12 01:03:29 | INFO     | Saving at archive\skeb\L_zre0-196a27.json
2026-07-12 01:03:30 | INFO     | OK https://skeb.jp/api/users/mochipampam
2026-07-12 01:03:30 | INFO     | Saving at archive\skeb\mochipampam-9d6ede.json
2026-07-12 01:03:31 | INFO     | OK https://skeb.jp/api/users/Nya_Boom
2026-07-12 01:03:31 | INFO     | Saving at archive\skeb\Nya_Boom-a2c36d.json
2026-07-12 01:03:32 | INFO     | OK https://skeb.jp/api/users/asobinikitahito
2026-07-12 01:03:32 | INFO     | Saving at archive\skeb\asobinikitahito-67eb5f.json
2026-07-12 01:03:33 | INFO     | OK https://skeb.jp/api/users/kirari_create
2026-07-12 01:03:33 | INFO     | Saving at archive\skeb\kirari_create-7a539f.json
2026-07-12 01:03:34 | INFO     | OK https://skeb.jp/api/users/mzmstr514
2026-07-12 01:03:34 | INFO     | Saving at archive\skeb\mzmstr514-c1252f.json
2026-07-12 01:03:35 | INFO     | OK https://skeb.jp/api/users/nanasechiyoko
2026-07-12 01:03:35 | INFO     | Saving at archive\skeb\nanasechiyoko-fae60b.json
2026-07-12 01:03:36 | WARNING  | 404 on https://skeb.jp/api/users/fm7hxj (attempt 2/3)
2026-07-12 01:03:37 | INFO     | OK https://skeb.jp/api/users/Ichiho_339
2026-07-12 01:03:37 | INFO     | Saving at archive\skeb\Ichiho_339-75f5a0.json
2026-07-12 01:03:38 | INFO     | OK https://skeb.jp/api/users/se1_ba1_
2026-07-12 01:03:38 | INFO     | Saving at archive\skeb\se1_ba1_-e0345e.json
2026-07-12 01:03:39 | INFO     | OK https://skeb.jp/api/users/SIIN
2026-07-12 01:03:39 | INFO     | Saving at archive\skeb\SIIN-bdfc91.json
2026-07-12 01:03:40 | WARNING  | 404 on https://skeb.jp/api/users/kotonesansukida (attempt 2/3)
2026-07-12 01:03:41 | WARNING  | 404 on https://skeb.jp/api/users/fm7hxj (attempt 3/3)
2026-07-12 01:03:42 | WARNING  | 404 on https://skeb.jp/api/users/29Kota2 (attempt 1/3)
2026-07-12 01:03:43 | WARNING  | 404 on https://skeb.jp/api/users/fukafuka_no_inu (attempt 2/3)
2026-07-12 01:03:44 | INFO     | OK https://skeb.jp/api/users/karugamo315
2026-07-12 01:03:44 | INFO     | Saving at archive\skeb\karugamo315-6bdad1.json
2026-07-12 01:03:45 | INFO     | OK https://skeb.jp/api/users/Ayaba_Pupu
2026-07-12 01:03:45 | INFO     | Saving at archive\skeb\Ayaba_Pupu-d690a8.json
2026-07-12 01:03:46 | INFO     | OK https://skeb.jp/api/users/zyerudo
2026-07-12 01:03:46 | INFO     | Saving at archive\skeb\zyerudo-471b45.json
2026-07-12 01:03:47 | WARNING  | 404 on https://skeb.jp/api/users/29Kota2 (attempt 2/3)
2026-07-12 01:03:48 | WARNING  | 404 on https://skeb.jp/api/users/kotonesansukida (attempt 3/3)
2026-07-12 01:03:49 | INFO     | OK https://skeb.jp/api/users/IchikaHizumi
2026-07-12 01:03:49 | INFO     | Saving at archive\skeb\IchikaHizumi-1cf889.json
2026-07-12 01:03:50 | INFO     | OK https://skeb.jp/api/users/tanakya_sss
2026-07-12 01:03:50 | INFO     | Saving at archive\skeb\tanakya_sss-34edc5.json
2026-07-12 01:03:51 | INFO     | OK https://skeb.jp/api/users/migeru690
2026-07-12 01:03:51 | INFO     | Saving at archive\skeb\migeru690-929822.json
2026-07-12 01:03:52 | INFO     | OK https://skeb.jp/api/users/ika
2026-07-12 01:03:52 | INFO     | Saving at archive\skeb\ika-7965c8.json
2026-07-12 01:03:53 | INFO     | OK https://skeb.jp/api/users/XjujN
2026-07-12 01:03:53 | INFO     | Saving at archive\skeb\XjujN-6e375f.json
2026-07-12 01:03:54 | INFO     | OK https://skeb.jp/api/users/kaburagi
2026-07-12 01:03:54 | INFO     | Saving at archive\skeb\kaburagi-e3768a.json
2026-07-12 01:03:55 | WARNING  | 404 on https://skeb.jp/api/users/29Kota2 (attempt 3/3)
2026-07-12 01:03:56 | INFO     | OK https://skeb.jp/api/users/tarakoyana
2026-07-12 01:03:56 | INFO     | Saving at archive\skeb\tarakoyana-7f6490.json
2026-07-12 01:03:57 | INFO     | OK https://skeb.jp/api/users/nininga_game
2026-07-12 01:03:57 | INFO     | Saving at archive\skeb\nininga_game-a28da5.json
2026-07-12 01:03:58 | INFO     | OK https://skeb.jp/api/users/Akiratozka
2026-07-12 01:03:58 | INFO     | Saving at archive\skeb\Akiratozka-0ab524.json
2026-07-12 01:03:59 | INFO     | OK https://skeb.jp/api/users/GIN_583
2026-07-12 01:03:59 | INFO     | Saving at archive\skeb\GIN_583-042723.json
2026-07-12 01:04:00 | INFO     | OK https://skeb.jp/api/users/kirisaki
2026-07-12 01:04:00 | INFO     | Saving at archive\skeb\kirisaki-dad8b6.json
2026-07-12 01:04:01 | INFO     | OK https://skeb.jp/api/users/yuuki_arato
2026-07-12 01:04:01 | INFO     | Saving at archive\skeb\yuuki_arato-6b992e.json
2026-07-12 01:04:02 | INFO     | OK https://skeb.jp/api/users/miso_impact
2026-07-12 01:04:02 | INFO     | Saving at archive\skeb\miso_impact-d6a49b.json
2026-07-12 01:04:03 | INFO     | OK https://skeb.jp/api/users/kikuzaki_
2026-07-12 01:04:03 | INFO     | Saving at archive\skeb\kikuzaki_-e254f7.json
2026-07-12 01:04:04 | WARNING  | 404 on https://skeb.jp/api/users/3hankikan0220 (attempt 1/3)
2026-07-12 01:04:05 | INFO     | OK https://skeb.jp/api/users/crowley_youtube
2026-07-12 01:04:05 | INFO     | Saving at archive\skeb\crowley_youtube-5240de.json
2026-07-12 01:04:06 | WARNING  | 404 on https://skeb.jp/api/users/fukafuka_no_inu (attempt 3/3)
2026-07-12 01:04:07 | INFO     | OK https://skeb.jp/api/users/DAharararar
2026-07-12 01:04:07 | INFO     | Saving at archive\skeb\DAharararar-8fecd8.json
2026-07-12 01:04:08 | INFO     | OK https://skeb.jp/api/users/_lunarstrain
2026-07-12 01:04:08 | INFO     | Saving at archive\skeb\_lunarstrain-ea1a52.json
2026-07-12 01:04:09 | INFO     | OK https://skeb.jp/api/users/sincooosyukyo
2026-07-12 01:04:09 | INFO     | Saving at archive\skeb\sincooosyukyo-f0aef2.json
2026-07-12 01:04:10 | INFO     | OK https://skeb.jp/api/users/kajiki00
2026-07-12 01:04:10 | INFO     | Saving at archive\skeb\kajiki00-0d81df.json
2026-07-12 01:04:11 | WARNING  | 404 on https://skeb.jp/api/users/3hankikan0220 (attempt 2/3)
2026-07-12 01:04:12 | INFO     | OK https://skeb.jp/api/users/hapoa1113
2026-07-12 01:04:12 | INFO     | Saving at archive\skeb\hapoa1113-741af2.json
2026-07-12 01:04:14 | WARNING  | 404 on https://skeb.jp/api/users/3hankikan0220 (attempt 3/3)
2026-07-12 01:04:14 | INFO     |  --- SUMMARY REPORT --- 
  Sources Retreived    : 515
  Profiles Fetched     : 470
  Profile Missing      : 45
  Profile Rate Limited : 0
  Profile Error Others : 0

2026-07-12 01:04:14 | INFO     | Started creating static api data.
2026-07-12 01:05:30 | INFO     | Album index written to archive\albums\index.json (354 albums)
