2026-08-01 13:35:30 | INFO     | Initialized Data Store.
2026-08-01 13:35:30 | INFO     | Homepage GET status=429 (attempt 1/3)
2026-08-01 13:35:30 | INFO     | Cookie extracted [request_key=...].
2026-08-01 13:35:30 | INFO     | SkebClient ready (impersonate=chrome120, rate=1.0/s, concurrency=10, max_runtime=10800s)
2026-08-01 13:37:13 | INFO     | Ready to scrape 77 items
2026-08-01 13:37:13 | INFO     | OK https://skeb.jp/api/users/BagoBago123
2026-08-01 13:37:13 | INFO     | Saving at a/skeb/BagoBago123-5b5463.json
2026-08-01 13:37:14 | WARNING  | 404 on https://skeb.jp/api/users/toxizaki (attempt 1/3)
2026-08-01 13:37:15 | INFO     | OK https://skeb.jp/api/users/iMAKOOO5
2026-08-01 13:37:15 | INFO     | Saving at a/skeb/iMAKOOO5-c3f0c6.json
2026-08-01 13:37:16 | INFO     | OK https://skeb.jp/api/users/yamanju_173
2026-08-01 13:37:16 | INFO     | Saving at a/skeb/yamanju_173-c12484.json
2026-08-01 13:37:17 | WARNING  | 404 on https://skeb.jp/api/users/meguru_nero (attempt 1/3)
2026-08-01 13:37:18 | INFO     | OK https://skeb.jp/api/users/torori_toro
2026-08-01 13:37:18 | INFO     | Saving at a/skeb/torori_toro-9d987c.json
2026-08-01 13:37:19 | WARNING  | 404 on https://skeb.jp/api/users/mimei_Illust (attempt 1/3)
2026-08-01 13:37:20 | WARNING  | 404 on https://skeb.jp/api/users/meguru_nero (attempt 2/3)
2026-08-01 13:37:21 | WARNING  | 404 on https://skeb.jp/api/users/toxizaki (attempt 2/3)
2026-08-01 13:37:22 | INFO     | OK https://skeb.jp/api/users/62siki
2026-08-01 13:37:22 | INFO     | Saving at a/skeb/62siki-cabbdf.json
2026-08-01 13:37:23 | WARNING  | 404 on https://skeb.jp/api/users/mimei_Illust (attempt 2/3)
2026-08-01 13:37:24 | WARNING  | 404 on https://skeb.jp/api/users/Llu_ulg (attempt 1/3)
2026-08-01 13:37:25 | WARNING  | 404 on https://skeb.jp/api/users/meguru_nero (attempt 3/3)
2026-08-01 13:37:26 | WARNING  | 404 on https://skeb.jp/api/users/T4k73gqSZ26h5si (attempt 1/3)
2026-08-01 13:37:27 | INFO     | OK https://skeb.jp/api/users/a_a_a_aism
2026-08-01 13:37:27 | INFO     | Saving at a/skeb/a_a_a_aism-97fe00.json
2026-08-01 13:37:28 | WARNING  | 404 on https://skeb.jp/api/users/Llu_ulg (attempt 2/3)
2026-08-01 13:37:29 | WARNING  | 404 on https://skeb.jp/api/users/mamovoy2 (attempt 1/3)
2026-08-01 13:37:30 | WARNING  | 404 on https://skeb.jp/api/users/T4k73gqSZ26h5si (attempt 2/3)
2026-08-01 13:37:31 | INFO     | OK https://skeb.jp/api/users/HisameTsukinoya
2026-08-01 13:37:31 | INFO     | Saving at a/skeb/HisameTsukinoya-3fcaf4.json
2026-08-01 13:37:32 | WARNING  | 404 on https://skeb.jp/api/users/toxizaki (attempt 3/3)
2026-08-01 13:37:33 | WARNING  | 404 on https://skeb.jp/api/users/Henzu_23 (attempt 1/3)
2026-08-01 13:37:34 | WARNING  | 404 on https://skeb.jp/api/users/pgpcvDCE9G (attempt 1/3)
2026-08-01 13:37:35 | WARNING  | 404 on https://skeb.jp/api/users/T4k73gqSZ26h5si (attempt 3/3)
2026-08-01 13:37:36 | INFO     | OK https://skeb.jp/api/users/maccha_k_
2026-08-01 13:37:36 | INFO     | Saving at a/skeb/maccha_k_-afe51f.json
2026-08-01 13:37:37 | WARNING  | 404 on https://skeb.jp/api/users/pgpcvDCE9G (attempt 2/3)
2026-08-01 13:37:38 | WARNING  | 404 on https://skeb.jp/api/users/EDO__nyan (attempt 1/3)
2026-08-01 13:37:39 | WARNING  | 404 on https://skeb.jp/api/users/Henzu_23 (attempt 2/3)
2026-08-01 13:37:40 | WARNING  | 404 on https://skeb.jp/api/users/Llu_ulg (attempt 3/3)
2026-08-01 13:37:41 | WARNING  | 404 on https://skeb.jp/api/users/aki_ra3_ (attempt 1/3)
2026-08-01 13:37:42 | WARNING  | 404 on https://skeb.jp/api/users/sakayama_lazuli (attempt 1/3)
2026-08-01 13:37:43 | WARNING  | 404 on https://skeb.jp/api/users/mimei_Illust (attempt 3/3)
2026-08-01 13:37:44 | WARNING  | 404 on https://skeb.jp/api/users/mimamorichan (attempt 1/3)
2026-08-01 13:37:45 | WARNING  | 404 on https://skeb.jp/api/users/aki_ra3_ (attempt 2/3)
2026-08-01 13:37:46 | WARNING  | 404 on https://skeb.jp/api/users/sakayama_lazuli (attempt 2/3)
2026-08-01 13:37:47 | INFO     | OK https://skeb.jp/api/users/Locked_senju
2026-08-01 13:37:47 | INFO     | Saving at a/skeb/Locked_senju-abb277.json
2026-08-01 13:37:48 | WARNING  | 404 on https://skeb.jp/api/users/mimamorichan (attempt 2/3)
2026-08-01 13:37:49 | INFO     | OK https://skeb.jp/api/users/RAU_RAU_dayo
2026-08-01 13:37:49 | INFO     | Saving at a/skeb/RAU_RAU_dayo-3c24a4.json
2026-08-01 13:37:50 | WARNING  | 404 on https://skeb.jp/api/users/aki_ra3_ (attempt 3/3)
2026-08-01 13:37:51 | WARNING  | 404 on https://skeb.jp/api/users/EDO__nyan (attempt 2/3)
2026-08-01 13:37:52 | INFO     | OK https://skeb.jp/api/users/HSKR_aito
2026-08-01 13:37:52 | INFO     | Saving at a/skeb/HSKR_aito-27837d.json
2026-08-01 13:37:53 | WARNING  | 404 on https://skeb.jp/api/users/mimamorichan (attempt 3/3)
2026-08-01 13:37:54 | WARNING  | 404 on https://skeb.jp/api/users/Uo_oU_us (attempt 1/3)
2026-08-01 13:37:55 | WARNING  | 404 on https://skeb.jp/api/users/ghcfujfc1 (attempt 1/3)
2026-08-01 13:37:56 | WARNING  | 404 on https://skeb.jp/api/users/mamovoy2 (attempt 2/3)
2026-08-01 13:37:57 | WARNING  | 404 on https://skeb.jp/api/users/Henzu_23 (attempt 3/3)
2026-08-01 13:37:58 | WARNING  | 404 on https://skeb.jp/api/users/Uo_oU_us (attempt 2/3)
2026-08-01 13:37:59 | INFO     | OK https://skeb.jp/api/users/sakukana_voice
2026-08-01 13:37:59 | INFO     | Saving at a/skeb/sakukana_voice-e3862f.json
2026-08-01 13:38:00 | WARNING  | 404 on https://skeb.jp/api/users/kotonesansukida (attempt 1/3)
2026-08-01 13:38:01 | WARNING  | 404 on https://skeb.jp/api/users/mamovoy2 (attempt 3/3)
2026-08-01 13:38:02 | WARNING  | 404 on https://skeb.jp/api/users/pgpcvDCE9G (attempt 3/3)
2026-08-01 13:38:03 | WARNING  | 404 on https://skeb.jp/api/users/Geshi_to_ (attempt 1/3)
2026-08-01 13:38:04 | WARNING  | 404 on https://skeb.jp/api/users/Uo_oU_us (attempt 3/3)
2026-08-01 13:38:05 | WARNING  | 404 on https://skeb.jp/api/users/ghcfujfc1 (attempt 2/3)
2026-08-01 13:38:06 | INFO     | OK https://skeb.jp/api/users/nqzlc_
2026-08-01 13:38:06 | INFO     | Saving at a/skeb/nqzlc_-391d83.json
2026-08-01 13:38:07 | WARNING  | 404 on https://skeb.jp/api/users/EDO__nyan (attempt 3/3)
2026-08-01 13:38:08 | WARNING  | 404 on https://skeb.jp/api/users/kotonesansukida (attempt 2/3)
2026-08-01 13:38:09 | INFO     | OK https://skeb.jp/api/users/nagi0ichinose
2026-08-01 13:38:09 | INFO     | Saving at a/skeb/nagi0ichinose-ff416b.json
2026-08-01 13:38:10 | WARNING  | 404 on https://skeb.jp/api/users/77_t2w (attempt 1/3)
2026-08-01 13:38:11 | INFO     | OK https://skeb.jp/api/users/310amuuu
2026-08-01 13:38:11 | INFO     | Saving at a/skeb/310amuuu-b5bdfe.json
2026-08-01 13:38:12 | WARNING  | 404 on https://skeb.jp/api/users/kasha0927 (attempt 1/3)
2026-08-01 13:38:13 | WARNING  | 404 on https://skeb.jp/api/users/ghcfujfc1 (attempt 3/3)
2026-08-01 13:38:14 | WARNING  | 404 on https://skeb.jp/api/users/kotonesansukida (attempt 3/3)
2026-08-01 13:38:15 | WARNING  | 404 on https://skeb.jp/api/users/sakayama_lazuli (attempt 3/3)
2026-08-01 13:38:16 | INFO     | OK https://skeb.jp/api/users/Yukishiro_Shiki
2026-08-01 13:38:16 | INFO     | Saving at a/skeb/Yukishiro_Shiki-e32314.json
2026-08-01 13:38:17 | WARNING  | 404 on https://skeb.jp/api/users/Geshi_to_ (attempt 2/3)
2026-08-01 13:38:18 | WARNING  | 404 on https://skeb.jp/api/users/77_t2w (attempt 2/3)
2026-08-01 13:38:19 | WARNING  | 404 on https://skeb.jp/api/users/NOm0y0i (attempt 1/3)
2026-08-01 13:38:20 | WARNING  | 404 on https://skeb.jp/api/users/m3x3_sk (attempt 1/3)
2026-08-01 13:38:21 | WARNING  | 404 on https://skeb.jp/api/users/oshino_Iriss (attempt 1/3)
2026-08-01 13:38:22 | WARNING  | 404 on https://skeb.jp/api/users/kasha0927 (attempt 2/3)
2026-08-01 13:38:23 | WARNING  | 404 on https://skeb.jp/api/users/NOm0y0i (attempt 2/3)
2026-08-01 13:38:24 | WARNING  | 404 on https://skeb.jp/api/users/77_t2w (attempt 3/3)
2026-08-01 13:38:25 | WARNING  | 404 on https://skeb.jp/api/users/oshino_Iriss (attempt 2/3)
2026-08-01 13:38:26 | WARNING  | 404 on https://skeb.jp/api/users/fukafuka_no_inu (attempt 1/3)
2026-08-01 13:38:27 | INFO     | OK https://skeb.jp/api/users/hagurumaS45C
2026-08-01 13:38:27 | INFO     | Saving at a/skeb/hagurumaS45C-a99b02.json
2026-08-01 13:38:28 | WARNING  | 404 on https://skeb.jp/api/users/kasha0927 (attempt 3/3)
2026-08-01 13:38:29 | WARNING  | 404 on https://skeb.jp/api/users/NOm0y0i (attempt 3/3)
2026-08-01 13:38:30 | WARNING  | 404 on https://skeb.jp/api/users/fukafuka_no_inu (attempt 2/3)
2026-08-01 13:38:31 | INFO     | OK https://skeb.jp/api/users/C23H29N3O
2026-08-01 13:38:31 | INFO     | Saving at a/skeb/C23H29N3O-f862d2.json
2026-08-01 13:38:32 | WARNING  | 404 on https://skeb.jp/api/users/oshino_Iriss (attempt 3/3)
2026-08-01 13:38:33 | WARNING  | 404 on https://skeb.jp/api/users/lkjeudnduy44 (attempt 1/3)
2026-08-01 13:38:34 | INFO     | OK https://skeb.jp/api/users/sotemaru_oekk
2026-08-01 13:38:34 | INFO     | Saving at a/skeb/sotemaru_oekk-f2b13e.json
2026-08-01 13:38:35 | WARNING  | 404 on https://skeb.jp/api/users/p_pfp5 (attempt 1/3)
2026-08-01 13:38:36 | WARNING  | 404 on https://skeb.jp/api/users/29Kota2 (attempt 1/3)
2026-08-01 13:38:37 | WARNING  | 404 on https://skeb.jp/api/users/lkjeudnduy44 (attempt 2/3)
2026-08-01 13:38:38 | WARNING  | 404 on https://skeb.jp/api/users/Axnya (attempt 1/3)
2026-08-01 13:38:39 | WARNING  | 404 on https://skeb.jp/api/users/fukafuka_no_inu (attempt 3/3)
2026-08-01 13:38:40 | WARNING  | 404 on https://skeb.jp/api/users/29Kota2 (attempt 2/3)
2026-08-01 13:38:41 | WARNING  | 404 on https://skeb.jp/api/users/fm7hxj (attempt 1/3)
2026-08-01 13:38:42 | WARNING  | 404 on https://skeb.jp/api/users/Axnya (attempt 2/3)
2026-08-01 13:38:43 | WARNING  | 404 on https://skeb.jp/api/users/lkjeudnduy44 (attempt 3/3)
2026-08-01 13:38:44 | WARNING  | 404 on https://skeb.jp/api/users/Ryuzi_27 (attempt 1/3)
2026-08-01 13:38:45 | WARNING  | 404 on https://skeb.jp/api/users/fm7hxj (attempt 2/3)
2026-08-01 13:38:46 | WARNING  | 404 on https://skeb.jp/api/users/29Kota2 (attempt 3/3)
2026-08-01 13:38:47 | INFO     | OK https://skeb.jp/api/users/_Remil_
2026-08-01 13:38:47 | INFO     | Saving at a/skeb/_Remil_-84842c.json
2026-08-01 13:38:48 | INFO     | OK https://skeb.jp/api/users/kanta07260
2026-08-01 13:38:48 | INFO     | Saving at a/skeb/kanta07260-2d1505.json
2026-08-01 13:38:49 | WARNING  | 404 on https://skeb.jp/api/users/Iam_Ciikawa (attempt 1/3)
2026-08-01 13:38:50 | WARNING  | 404 on https://skeb.jp/api/users/Axnya (attempt 3/3)
2026-08-01 13:38:51 | INFO     | OK https://skeb.jp/api/users/aklon_
2026-08-01 13:38:51 | INFO     | Saving at a/skeb/aklon_-5bd961.json
2026-08-01 13:38:52 | INFO     | OK https://skeb.jp/api/users/YanaseBonds
2026-08-01 13:38:52 | INFO     | Saving at a/skeb/YanaseBonds-3ed1ee.json
2026-08-01 13:38:53 | WARNING  | 404 on https://skeb.jp/api/users/Iam_Ciikawa (attempt 2/3)
2026-08-01 13:38:54 | WARNING  | 404 on https://skeb.jp/api/users/nattamati_ (attempt 1/3)
2026-08-01 13:38:55 | WARNING  | 404 on https://skeb.jp/api/users/nyatta_san (attempt 1/3)
2026-08-01 13:38:56 | INFO     | OK https://skeb.jp/api/users/Miyamiya_twi
2026-08-01 13:38:56 | INFO     | Saving at a/skeb/Miyamiya_twi-5274f4.json
2026-08-01 13:38:57 | WARNING  | 404 on https://skeb.jp/api/users/m3x3_sk (attempt 2/3)
2026-08-01 13:38:58 | WARNING  | 404 on https://skeb.jp/api/users/nattamati_ (attempt 2/3)
2026-08-01 13:38:59 | WARNING  | 404 on https://skeb.jp/api/users/Iam_Ciikawa (attempt 3/3)
2026-08-01 13:39:00 | WARNING  | 404 on https://skeb.jp/api/users/se3ifinal (attempt 1/3)
2026-08-01 13:39:01 | INFO     | OK https://skeb.jp/api/users/lm009aetkliM
2026-08-01 13:39:01 | INFO     | Saving at a/skeb/lm009aetkliM-7c6b91.json
2026-08-01 13:39:02 | WARNING  | 404 on https://skeb.jp/api/users/Geshi_to_ (attempt 3/3)
2026-08-01 13:39:03 | WARNING  | 404 on https://skeb.jp/api/users/nattamati_ (attempt 3/3)
2026-08-01 13:39:04 | WARNING  | 404 on https://skeb.jp/api/users/nyatta_san (attempt 2/3)
2026-08-01 13:39:05 | WARNING  | 404 on https://skeb.jp/api/users/scy2222 (attempt 1/3)
2026-08-01 13:39:06 | WARNING  | 404 on https://skeb.jp/api/users/p_pfp5 (attempt 2/3)
2026-08-01 13:39:07 | WARNING  | 404 on https://skeb.jp/api/users/fm7hxj (attempt 3/3)
2026-08-01 13:39:08 | WARNING  | 404 on https://skeb.jp/api/users/m3x3_sk (attempt 3/3)
2026-08-01 13:39:09 | INFO     | OK https://skeb.jp/api/users/tsgr_93
2026-08-01 13:39:09 | INFO     | Saving at a/skeb/tsgr_93-58f217.json
2026-08-01 13:39:10 | WARNING  | 404 on https://skeb.jp/api/users/Genkyou (attempt 1/3)
2026-08-01 13:39:11 | WARNING  | 404 on https://skeb.jp/api/users/3hankikan0220 (attempt 1/3)
2026-08-01 13:39:12 | WARNING  | 404 on https://skeb.jp/api/users/scy2222 (attempt 2/3)
2026-08-01 13:39:13 | WARNING  | 404 on https://skeb.jp/api/users/Genkyou (attempt 2/3)
2026-08-01 13:39:14 | WARNING  | 404 on https://skeb.jp/api/users/p_pfp5 (attempt 3/3)
2026-08-01 13:39:15 | WARNING  | 404 on https://skeb.jp/api/users/3hankikan0220 (attempt 2/3)
2026-08-01 13:39:16 | WARNING  | 404 on https://skeb.jp/api/users/kokorono_376 (attempt 1/3)
2026-08-01 13:39:17 | WARNING  | 404 on https://skeb.jp/api/users/8oSSUHCnXXz4tBp (attempt 1/3)
2026-08-01 13:39:18 | WARNING  | 404 on https://skeb.jp/api/users/soraumi2000_50_ (attempt 1/3)
2026-08-01 13:39:19 | WARNING  | 404 on https://skeb.jp/api/users/Genkyou (attempt 3/3)
2026-08-01 13:39:20 | WARNING  | 404 on https://skeb.jp/api/users/scy2222 (attempt 3/3)
2026-08-01 13:39:21 | INFO     | OK https://skeb.jp/api/users/okaya_t
2026-08-01 13:39:21 | INFO     | Saving at a/skeb/okaya_t-089914.json
2026-08-01 13:39:22 | WARNING  | 404 on https://skeb.jp/api/users/nyatta_san (attempt 3/3)
2026-08-01 13:39:23 | INFO     | OK https://skeb.jp/api/users/zansa_nest9
2026-08-01 13:39:23 | INFO     | Saving at a/skeb/zansa_nest9-9bc82f.json
2026-08-01 13:39:24 | WARNING  | 404 on https://skeb.jp/api/users/kiNero30901 (attempt 1/3)
2026-08-01 13:39:25 | WARNING  | 404 on https://skeb.jp/api/users/se3ifinal (attempt 2/3)
2026-08-01 13:39:26 | WARNING  | 404 on https://skeb.jp/api/users/3hankikan0220 (attempt 3/3)
2026-08-01 13:39:27 | WARNING  | 404 on https://skeb.jp/api/users/_meruruto_ (attempt 1/3)
2026-08-01 13:39:28 | WARNING  | 404 on https://skeb.jp/api/users/kiNero30901 (attempt 2/3)
2026-08-01 13:39:29 | WARNING  | 404 on https://skeb.jp/api/users/killy810 (attempt 1/3)
2026-08-01 13:39:30 | INFO     | OK https://skeb.jp/api/users/mad_ca_enraiten
2026-08-01 13:39:30 | INFO     | Saving at a/skeb/mad_ca_enraiten-4ceba2.json
2026-08-01 13:39:31 | WARNING  | 404 on https://skeb.jp/api/users/kokorono_376 (attempt 2/3)
2026-08-01 13:39:32 | WARNING  | 404 on https://skeb.jp/api/users/Ryuzi_27 (attempt 2/3)
2026-08-01 13:39:33 | WARNING  | 404 on https://skeb.jp/api/users/se3ifinal (attempt 3/3)
2026-08-01 13:39:34 | WARNING  | 404 on https://skeb.jp/api/users/soraumi2000_50_ (attempt 2/3)
2026-08-01 13:39:35 | WARNING  | 404 on https://skeb.jp/api/users/_meruruto_ (attempt 2/3)
2026-08-01 13:39:36 | WARNING  | 404 on https://skeb.jp/api/users/polar_kuma62 (attempt 1/3)
2026-08-01 13:39:37 | WARNING  | 404 on https://skeb.jp/api/users/kiNero30901 (attempt 3/3)
2026-08-01 13:39:38 | WARNING  | 404 on https://skeb.jp/api/users/kokorono_376 (attempt 3/3)
2026-08-01 13:39:39 | WARNING  | 404 on https://skeb.jp/api/users/kagoyama_sns (attempt 1/3)
2026-08-01 13:39:40 | WARNING  | 404 on https://skeb.jp/api/users/killy810 (attempt 2/3)
2026-08-01 13:39:41 | WARNING  | 404 on https://skeb.jp/api/users/polar_kuma62 (attempt 2/3)
2026-08-01 13:39:42 | WARNING  | 404 on https://skeb.jp/api/users/vHoo__ (attempt 1/3)
2026-08-01 13:39:43 | WARNING  | 404 on https://skeb.jp/api/users/kagoyama_sns (attempt 2/3)
2026-08-01 13:39:44 | WARNING  | 404 on https://skeb.jp/api/users/923kaku (attempt 1/3)
2026-08-01 13:39:45 | WARNING  | 404 on https://skeb.jp/api/users/killy810 (attempt 3/3)
2026-08-01 13:39:46 | WARNING  | 404 on https://skeb.jp/api/users/polar_kuma62 (attempt 3/3)
2026-08-01 13:39:47 | INFO     | OK https://skeb.jp/api/users/nan_tekota
2026-08-01 13:39:47 | INFO     | Saving at a/skeb/nan_tekota-339cb1.json
2026-08-01 13:39:48 | WARNING  | 404 on https://skeb.jp/api/users/vHoo__ (attempt 2/3)
2026-08-01 13:39:49 | WARNING  | 404 on https://skeb.jp/api/users/_meruruto_ (attempt 3/3)
2026-08-01 13:39:50 | WARNING  | 404 on https://skeb.jp/api/users/yamin_himamo23 (attempt 1/3)
2026-08-01 13:39:51 | WARNING  | 404 on https://skeb.jp/api/users/kagoyama_sns (attempt 3/3)
2026-08-01 13:39:52 | WARNING  | 404 on https://skeb.jp/api/users/soraumi2000_50_ (attempt 3/3)
2026-08-01 13:39:53 | WARNING  | 404 on https://skeb.jp/api/users/923kaku (attempt 2/3)
2026-08-01 13:39:54 | WARNING  | 404 on https://skeb.jp/api/users/vHoo__ (attempt 3/3)
2026-08-01 13:39:55 | WARNING  | 404 on https://skeb.jp/api/users/ronn_irai (attempt 1/3)
2026-08-01 13:39:56 | WARNING  | 404 on https://skeb.jp/api/users/yamin_himamo23 (attempt 2/3)
2026-08-01 13:39:57 | WARNING  | 404 on https://skeb.jp/api/users/8oSSUHCnXXz4tBp (attempt 2/3)
2026-08-01 13:39:58 | WARNING  | 404 on https://skeb.jp/api/users/Ryuzi_27 (attempt 3/3)
2026-08-01 13:39:59 | WARNING  | 404 on https://skeb.jp/api/users/ronn_irai (attempt 2/3)
2026-08-01 13:40:00 | WARNING  | 404 on https://skeb.jp/api/users/923kaku (attempt 3/3)
2026-08-01 13:40:01 | WARNING  | 404 on https://skeb.jp/api/users/yamin_himamo23 (attempt 3/3)
2026-08-01 13:40:03 | WARNING  | 404 on https://skeb.jp/api/users/8oSSUHCnXXz4tBp (attempt 3/3)
2026-08-01 13:40:04 | WARNING  | 404 on https://skeb.jp/api/users/ronn_irai (attempt 3/3)
2026-08-01 13:40:04 | INFO     |  --- SUMMARY REPORT --- 
  Sources Retreived    : 77
  Profiles Fetched     : 30
  Profile Missing      : 47
  Profile Rate Limited : 0
  Profile Error Others : 0

2026-08-01 13:40:04 | INFO     | Started creating static api data.
2026-08-01 13:41:38 | INFO     | Album index written to a/albums/index.json (407 albums)
