2026-06-28 21:49:31 | INFO     | Initialized Data Store.
2026-06-28 21:49:31 | INFO     | Homepage GET status=429 (attempt 1/3)
2026-06-28 21:49:31 | INFO     | Cookie extracted [request_key=...].
2026-06-28 21:49:31 | INFO     | SkebClient ready (impersonate=chrome120, rate=3.0/s, concurrency=10)
2026-06-28 21:49:31 | INFO     | Pagination start: type='works' genre='art'.
2026-06-28 21:49:31 | INFO     | OK https://skeb.jp/api/works?sort=date&genre=art&offset=180&limit=90
2026-06-28 21:49:31 | INFO     | OK https://skeb.jp/api/works?sort=date&genre=art&offset=0&limit=90
2026-06-28 21:49:31 | INFO     | OK https://skeb.jp/api/works?sort=date&genre=art&offset=90&limit=90
2026-06-28 21:49:32 | INFO     | OK https://skeb.jp/api/works?sort=date&genre=art&offset=630&limit=90
2026-06-28 21:49:32 | INFO     | OK https://skeb.jp/api/works?sort=date&genre=art&offset=270&limit=90
2026-06-28 21:49:32 | INFO     | OK https://skeb.jp/api/works?sort=date&genre=art&offset=450&limit=90
2026-06-28 21:49:33 | INFO     | OK https://skeb.jp/api/works?sort=date&genre=art&offset=720&limit=90
2026-06-28 21:49:33 | INFO     | OK https://skeb.jp/api/works?sort=date&genre=art&offset=810&limit=90
2026-06-28 21:49:33 | INFO     | OK https://skeb.jp/api/works?sort=date&genre=art&offset=360&limit=90
2026-06-28 21:49:34 | INFO     | OK https://skeb.jp/api/works?sort=date&genre=art&offset=540&limit=90
2026-06-28 21:49:34 | INFO     | OK https://skeb.jp/api/works?sort=date&genre=art&offset=1530&limit=90
2026-06-28 21:49:34 | INFO     | OK https://skeb.jp/api/works?sort=date&genre=art&offset=1710&limit=90
2026-06-28 21:49:35 | INFO     | OK https://skeb.jp/api/works?sort=date&genre=art&offset=1170&limit=90
2026-06-28 21:49:35 | INFO     | OK https://skeb.jp/api/works?sort=date&genre=art&offset=1080&limit=90
2026-06-28 21:49:35 | INFO     | OK https://skeb.jp/api/works?sort=date&genre=art&offset=1260&limit=90
2026-06-28 21:49:36 | INFO     | OK https://skeb.jp/api/works?sort=date&genre=art&offset=1620&limit=90
2026-06-28 21:49:36 | INFO     | OK https://skeb.jp/api/works?sort=date&genre=art&offset=990&limit=90
2026-06-28 21:49:36 | INFO     | OK https://skeb.jp/api/works?sort=date&genre=art&offset=900&limit=90
2026-06-28 21:49:37 | INFO     | OK https://skeb.jp/api/works?sort=date&genre=art&offset=1440&limit=90
2026-06-28 21:49:37 | INFO     | OK https://skeb.jp/api/works?sort=date&genre=art&offset=1350&limit=90
2026-06-28 21:49:37 | INFO     | OK https://skeb.jp/api/works?sort=date&genre=art&offset=2520&limit=90
2026-06-28 21:49:38 | INFO     | OK https://skeb.jp/api/works?sort=date&genre=art&offset=1800&limit=90
2026-06-28 21:49:38 | INFO     | OK https://skeb.jp/api/works?sort=date&genre=art&offset=2160&limit=90
2026-06-28 21:49:38 | INFO     | OK https://skeb.jp/api/works?sort=date&genre=art&offset=2610&limit=90
2026-06-28 21:49:39 | INFO     | OK https://skeb.jp/api/works?sort=date&genre=art&offset=2340&limit=90
2026-06-28 21:49:39 | INFO     | OK https://skeb.jp/api/works?sort=date&genre=art&offset=2070&limit=90
2026-06-28 21:49:39 | INFO     | OK https://skeb.jp/api/works?sort=date&genre=art&offset=2250&limit=90
2026-06-28 21:49:40 | INFO     | OK https://skeb.jp/api/works?sort=date&genre=art&offset=1980&limit=90
2026-06-28 21:49:40 | INFO     | OK https://skeb.jp/api/works?sort=date&genre=art&offset=1890&limit=90
2026-06-28 21:49:40 | INFO     | OK https://skeb.jp/api/works?sort=date&genre=art&offset=2430&limit=90
2026-06-28 21:49:41 | INFO     | OK https://skeb.jp/api/works?sort=date&genre=art&offset=3240&limit=90
2026-06-28 21:49:41 | INFO     | OK https://skeb.jp/api/works?sort=date&genre=art&offset=2970&limit=90
2026-06-28 21:49:41 | INFO     | OK https://skeb.jp/api/works?sort=date&genre=art&offset=3420&limit=90
2026-06-28 21:49:42 | INFO     | OK https://skeb.jp/api/works?sort=date&genre=art&offset=2700&limit=90
2026-06-28 21:49:42 | INFO     | OK https://skeb.jp/api/works?sort=date&genre=art&offset=3060&limit=90
2026-06-28 21:49:42 | INFO     | OK https://skeb.jp/api/works?sort=date&genre=art&offset=2790&limit=90
2026-06-28 21:49:43 | INFO     | OK https://skeb.jp/api/works?sort=date&genre=art&offset=3510&limit=90
2026-06-28 21:49:43 | INFO     | OK https://skeb.jp/api/works?sort=date&genre=art&offset=2880&limit=90
2026-06-28 21:49:43 | INFO     | OK https://skeb.jp/api/works?sort=date&genre=art&offset=3330&limit=90
2026-06-28 21:49:44 | INFO     | OK https://skeb.jp/api/works?sort=date&genre=art&offset=3150&limit=90
2026-06-28 21:49:44 | INFO     | OK https://skeb.jp/api/works?sort=date&genre=art&offset=4320&limit=90
2026-06-28 21:49:44 | INFO     | OK https://skeb.jp/api/works?sort=date&genre=art&offset=3600&limit=90
2026-06-28 21:49:44 | INFO     | OK https://skeb.jp/api/works?sort=date&genre=art&offset=4410&limit=90
2026-06-28 21:49:45 | INFO     | OK https://skeb.jp/api/works?sort=date&genre=art&offset=3870&limit=90
2026-06-28 21:49:45 | INFO     | OK https://skeb.jp/api/works?sort=date&genre=art&offset=4140&limit=90
2026-06-28 21:49:45 | INFO     | OK https://skeb.jp/api/works?sort=date&genre=art&offset=4230&limit=90
2026-06-28 21:49:46 | INFO     | OK https://skeb.jp/api/works?sort=date&genre=art&offset=3780&limit=90
2026-06-28 21:49:46 | INFO     | OK https://skeb.jp/api/works?sort=date&genre=art&offset=3960&limit=90
2026-06-28 21:49:46 | INFO     | OK https://skeb.jp/api/works?sort=date&genre=art&offset=4050&limit=90
2026-06-28 21:49:47 | INFO     | OK https://skeb.jp/api/works?sort=date&genre=art&offset=3690&limit=90
2026-06-28 21:49:47 | INFO     | Empty page (consecutive=1)
2026-06-28 21:49:47 | INFO     | Empty page (consecutive=2)
2026-06-28 21:49:47 | INFO     | End of pagination (2 empty pages).
2026-06-28 21:49:47 | INFO     | Pagination done: 4000 items for 'works'.
2026-06-28 21:49:47 | INFO     | Pagination start: type='users' genre='art'.
2026-06-28 21:49:47 | INFO     | OK https://skeb.jp/api/users?sort=date&genre=art&offset=720&limit=90
2026-06-28 21:49:47 | INFO     | OK https://skeb.jp/api/users?sort=date&genre=art&offset=180&limit=90
2026-06-28 21:49:48 | INFO     | OK https://skeb.jp/api/users?sort=date&genre=art&offset=270&limit=90
2026-06-28 21:49:48 | INFO     | OK https://skeb.jp/api/users?sort=date&genre=art&offset=450&limit=90
2026-06-28 21:49:48 | INFO     | OK https://skeb.jp/api/users?sort=date&genre=art&offset=540&limit=90
2026-06-28 21:49:49 | INFO     | OK https://skeb.jp/api/users?sort=date&genre=art&offset=0&limit=90
2026-06-28 21:49:49 | INFO     | OK https://skeb.jp/api/users?sort=date&genre=art&offset=630&limit=90
2026-06-28 21:49:49 | INFO     | OK https://skeb.jp/api/users?sort=date&genre=art&offset=360&limit=90
2026-06-28 21:49:50 | INFO     | OK https://skeb.jp/api/users?sort=date&genre=art&offset=810&limit=90
2026-06-28 21:49:50 | INFO     | OK https://skeb.jp/api/users?sort=date&genre=art&offset=90&limit=90
2026-06-28 21:49:50 | INFO     | Empty page (consecutive=1)
2026-06-28 21:49:50 | INFO     | Empty page (consecutive=2)
2026-06-28 21:49:50 | INFO     | End of pagination (2 empty pages).
2026-06-28 21:49:50 | INFO     | Pagination done: 400 items for 'users'.
2026-06-28 21:49:50 | INFO     | Ready to scrape 3528 items
2026-06-28 21:49:51 | INFO     | OK https://skeb.jp/api/users/kuromaru_e
2026-06-28 21:49:51 | INFO     | Saving at a/skeb/kuromaru_e-aedab2.json
2026-06-28 21:49:51 | INFO     | OK https://skeb.jp/api/users/akihira1234
2026-06-28 21:49:51 | INFO     | Saving at a/skeb/akihira1234-ad73b7.json
2026-06-28 21:49:51 | INFO     | OK https://skeb.jp/api/users/inuharikomama
2026-06-28 21:49:51 | INFO     | Saving at a/skeb/inuharikomama-edbb72.json
2026-06-28 21:49:51 | INFO     | OK https://skeb.jp/api/users/madoromi_usaco
2026-06-28 21:49:51 | INFO     | Saving at a/skeb/madoromi_usaco-610ee3.json
2026-06-28 21:49:52 | INFO     | OK https://skeb.jp/api/users/saz_rn1
2026-06-28 21:49:52 | INFO     | Saving at a/skeb/saz_rn1-aec5ac.json
2026-06-28 21:49:52 | INFO     | OK https://skeb.jp/api/users/sanzuitarou
2026-06-28 21:49:52 | INFO     | Saving at a/skeb/sanzuitarou-e4acd9.json
2026-06-28 21:49:52 | INFO     | OK https://skeb.jp/api/users/PDCyuya
2026-06-28 21:49:52 | INFO     | Saving at a/skeb/PDCyuya-63d1aa.json
2026-06-28 21:49:53 | INFO     | OK https://skeb.jp/api/users/soba_tita
2026-06-28 21:49:53 | INFO     | Saving at a/skeb/soba_tita-9b90bd.json
2026-06-28 21:49:53 | INFO     | OK https://skeb.jp/api/users/PogNeg2
2026-06-28 21:49:53 | INFO     | Saving at a/skeb/PogNeg2-6ade25.json
2026-06-28 21:49:54 | INFO     | OK https://skeb.jp/api/users/r51633060
2026-06-28 21:49:54 | INFO     | Saving at a/skeb/r51633060-1bd1ea.json
2026-06-28 21:49:54 | INFO     | OK https://skeb.jp/api/users/akino0105
2026-06-28 21:49:54 | INFO     | Saving at a/skeb/akino0105-2de9a6.json
2026-06-28 21:49:54 | INFO     | OK https://skeb.jp/api/users/skeb_k4
2026-06-28 21:49:54 | INFO     | Saving at a/skeb/skeb_k4-4892e0.json
2026-06-28 21:49:54 | INFO     | OK https://skeb.jp/api/users/CHATAR0
2026-06-28 21:49:54 | INFO     | Saving at a/skeb/CHATAR0-043d0a.json
2026-06-28 21:49:55 | INFO     | OK https://skeb.jp/api/users/aikawa_arika
2026-06-28 21:49:55 | INFO     | Saving at a/skeb/aikawa_arika-e278dc.json
2026-06-28 21:49:55 | INFO     | OK https://skeb.jp/api/users/Okuri_bon
2026-06-28 21:49:55 | INFO     | Saving at a/skeb/Okuri_bon-4c2307.json
2026-06-28 21:49:56 | INFO     | OK https://skeb.jp/api/users/Rinderoooooon
2026-06-28 21:49:56 | INFO     | Saving at a/skeb/Rinderoooooon-1a5c8d.json
2026-06-28 21:49:56 | INFO     | OK https://skeb.jp/api/users/c4ZcZ0nuYePBS34
2026-06-28 21:49:56 | INFO     | Saving at a/skeb/c4ZcZ0nuYePBS34-498399.json
2026-06-28 21:49:56 | INFO     | OK https://skeb.jp/api/users/wingrush
2026-06-28 21:49:56 | INFO     | Saving at a/skeb/wingrush-9d238f.json
2026-06-28 21:49:56 | INFO     | OK https://skeb.jp/api/users/Selala_hades
2026-06-28 21:49:56 | INFO     | Saving at a/skeb/Selala_hades-8916f5.json
2026-06-28 21:49:57 | INFO     | OK https://skeb.jp/api/users/tori_buta_ushi_
2026-06-28 21:49:57 | INFO     | Saving at a/skeb/tori_buta_ushi_-a3b9f4.json
2026-06-28 21:49:57 | INFO     | OK https://skeb.jp/api/users/Tamago_
2026-06-28 21:49:57 | INFO     | Saving at a/skeb/Tamago_-6b9406.json
2026-06-28 21:49:58 | INFO     | OK https://skeb.jp/api/users/nohito_nohito
2026-06-28 21:49:58 | INFO     | Saving at a/skeb/nohito_nohito-772c18.json
2026-06-28 21:49:58 | INFO     | OK https://skeb.jp/api/users/maskmaya1
2026-06-28 21:49:58 | INFO     | Saving at a/skeb/maskmaya1-e0e58e.json
2026-06-28 21:49:58 | INFO     | OK https://skeb.jp/api/users/ida_shigeranai
2026-06-28 21:49:58 | INFO     | Saving at a/skeb/ida_shigeranai-6d799a.json
2026-06-28 21:49:58 | INFO     | OK https://skeb.jp/api/users/KoazaKaname
2026-06-28 21:49:58 | INFO     | Saving at a/skeb/KoazaKaname-d46954.json
2026-06-28 21:49:59 | INFO     | OK https://skeb.jp/api/users/lumnett
2026-06-28 21:49:59 | INFO     | Saving at a/skeb/lumnett-2ab689.json
2026-06-28 21:49:59 | INFO     | OK https://skeb.jp/api/users/15coro_aaa
2026-06-28 21:49:59 | INFO     | Saving at a/skeb/15coro_aaa-8a5436.json
2026-06-28 21:50:00 | INFO     | OK https://skeb.jp/api/users/pp_kousei
2026-06-28 21:50:00 | INFO     | Saving at a/skeb/pp_kousei-02ca31.json
2026-06-28 21:50:00 | INFO     | OK https://skeb.jp/api/users/FFuqe
2026-06-28 21:50:00 | INFO     | Saving at a/skeb/FFuqe-bf8db5.json
2026-06-28 21:50:00 | INFO     | OK https://skeb.jp/api/users/amabierakutomini
2026-06-28 21:50:00 | INFO     | Saving at a/skeb/amabierakutomini-cd4b1c.json
2026-06-28 21:50:00 | INFO     | OK https://skeb.jp/api/users/Hirayotume0503
2026-06-28 21:50:00 | INFO     | Saving at a/skeb/Hirayotume0503-2b395b.json
2026-06-28 21:50:01 | INFO     | OK https://skeb.jp/api/users/echiki_Y
2026-06-28 21:50:01 | INFO     | Saving at a/skeb/echiki_Y-6985d5.json
2026-06-28 21:50:01 | INFO     | OK https://skeb.jp/api/users/KoikuchiTsuyu
2026-06-28 21:50:01 | INFO     | Saving at a/skeb/KoikuchiTsuyu-0e2dca.json
2026-06-28 21:50:02 | INFO     | OK https://skeb.jp/api/users/mikumana_pnk2
2026-06-28 21:50:02 | INFO     | Saving at a/skeb/mikumana_pnk2-e8dfc4.json
2026-06-28 21:50:02 | INFO     | OK https://skeb.jp/api/users/Sk9k2YOxmrYrixW
2026-06-28 21:50:02 | INFO     | Saving at a/skeb/Sk9k2YOxmrYrixW-288cab.json
2026-06-28 21:50:02 | INFO     | OK https://skeb.jp/api/users/c5buf
2026-06-28 21:50:02 | INFO     | Saving at a/skeb/c5buf-a4eb02.json
2026-06-28 21:50:02 | INFO     | OK https://skeb.jp/api/users/Hitotsugi_01
2026-06-28 21:50:02 | INFO     | Saving at a/skeb/Hitotsugi_01-071a19.json
2026-06-28 21:50:03 | INFO     | OK https://skeb.jp/api/users/totoco
2026-06-28 21:50:03 | INFO     | Saving at a/skeb/totoco-3917b7.json
2026-06-28 21:50:03 | INFO     | OK https://skeb.jp/api/users/milkleopard
2026-06-28 21:50:03 | INFO     | Saving at a/skeb/milkleopard-5efc96.json
2026-06-28 21:50:04 | INFO     | OK https://skeb.jp/api/users/ruasousaku
2026-06-28 21:50:04 | INFO     | Saving at a/skeb/ruasousaku-96f282.json
2026-06-28 21:50:04 | INFO     | OK https://skeb.jp/api/users/nshima000
2026-06-28 21:50:04 | INFO     | Saving at a/skeb/nshima000-3bb623.json
2026-06-28 21:50:04 | INFO     | OK https://skeb.jp/api/users/nekochan_kawai1
2026-06-28 21:50:04 | INFO     | Saving at a/skeb/nekochan_kawai1-a2247b.json
2026-06-28 21:50:04 | INFO     | OK https://skeb.jp/api/users/ken_akai__
2026-06-28 21:50:04 | INFO     | Saving at a/skeb/ken_akai__-6be156.json
2026-06-28 21:50:05 | INFO     | OK https://skeb.jp/api/users/500_500px
2026-06-28 21:50:05 | INFO     | Saving at a/skeb/500_500px-4706a3.json
2026-06-28 21:50:05 | INFO     | OK https://skeb.jp/api/users/mikenko2n5
2026-06-28 21:50:05 | INFO     | Saving at a/skeb/mikenko2n5-06b80b.json
2026-06-28 21:50:06 | INFO     | OK https://skeb.jp/api/users/000000yoko
2026-06-28 21:50:06 | INFO     | Saving at a/skeb/000000yoko-7c4f49.json
2026-06-28 21:50:06 | INFO     | OK https://skeb.jp/api/users/hituki_ruon
2026-06-28 21:50:06 | INFO     | Saving at a/skeb/hituki_ruon-12b16f.json
2026-06-28 21:50:06 | INFO     | OK https://skeb.jp/api/users/ohmochi_q0w0p_
2026-06-28 21:50:06 | INFO     | Saving at a/skeb/ohmochi_q0w0p_-a53daa.json
2026-06-28 21:50:06 | INFO     | OK https://skeb.jp/api/users/fuwaaa6
2026-06-28 21:50:06 | INFO     | Saving at a/skeb/fuwaaa6-226847.json
2026-06-28 21:50:07 | INFO     | OK https://skeb.jp/api/users/Kaikanaaaaa
2026-06-28 21:50:07 | INFO     | Saving at a/skeb/Kaikanaaaaa-5153bd.json
2026-06-28 21:50:07 | INFO     | OK https://skeb.jp/api/users/yukadraw0302
2026-06-28 21:50:07 | INFO     | Saving at a/skeb/yukadraw0302-c49265.json
2026-06-28 21:50:08 | INFO     | OK https://skeb.jp/api/users/0804ysk_
2026-06-28 21:50:08 | INFO     | Saving at a/skeb/0804ysk_-9c466a.json
2026-06-28 21:50:08 | INFO     | OK https://skeb.jp/api/users/ginchokobanana
2026-06-28 21:50:08 | INFO     | Saving at a/skeb/ginchokobanana-456bbe.json
2026-06-28 21:50:08 | INFO     | OK https://skeb.jp/api/users/ch1Raura_e
2026-06-28 21:50:08 | INFO     | Saving at a/skeb/ch1Raura_e-210d21.json
2026-06-28 21:50:09 | INFO     | OK https://skeb.jp/api/users/DIDumesita
2026-06-28 21:50:09 | INFO     | Saving at a/skeb/DIDumesita-0643ff.json
2026-06-28 21:50:09 | INFO     | OK https://skeb.jp/api/users/mafuyu_gogo
2026-06-28 21:50:09 | INFO     | Saving at a/skeb/mafuyu_gogo-552291.json
2026-06-28 21:50:09 | INFO     | OK https://skeb.jp/api/users/oonmnmooO
2026-06-28 21:50:09 | INFO     | Saving at a/skeb/oonmnmooO-bc3b58.json
2026-06-28 21:50:10 | INFO     | OK https://skeb.jp/api/users/XI_Oshir1
2026-06-28 21:50:10 | INFO     | Saving at a/skeb/XI_Oshir1-3068f8.json
2026-06-28 21:50:10 | INFO     | OK https://skeb.jp/api/users/dx770bpp
2026-06-28 21:50:10 | INFO     | Saving at a/skeb/dx770bpp-23a3a8.json
2026-06-28 21:50:10 | INFO     | OK https://skeb.jp/api/users/ne_konsuki
2026-06-28 21:50:10 | INFO     | Saving at a/skeb/ne_konsuki-97d91d.json
2026-06-28 21:50:10 | INFO     | OK https://skeb.jp/api/users/ruko12_ruko
2026-06-28 21:50:10 | INFO     | Saving at a/skeb/ruko12_ruko-29510f.json
2026-06-28 21:50:11 | INFO     | OK https://skeb.jp/api/users/scskarm
2026-06-28 21:50:11 | INFO     | Saving at a/skeb/scskarm-517d49.json
2026-06-28 21:50:11 | INFO     | OK https://skeb.jp/api/users/parking_taisi
2026-06-28 21:50:11 | INFO     | Saving at a/skeb/parking_taisi-041652.json
2026-06-28 21:50:11 | INFO     | OK https://skeb.jp/api/users/haku_xxxx
2026-06-28 21:50:11 | INFO     | Saving at a/skeb/haku_xxxx-5b7c9c.json
2026-06-28 21:50:12 | INFO     | OK https://skeb.jp/api/users/seiraiA
2026-06-28 21:50:12 | INFO     | Saving at a/skeb/seiraiA-0676e1.json
2026-06-28 21:50:12 | INFO     | OK https://skeb.jp/api/users/_emu24
2026-06-28 21:50:12 | INFO     | Saving at a/skeb/_emu24-c1ea26.json
2026-06-28 21:50:13 | INFO     | OK https://skeb.jp/api/users/freely2327
2026-06-28 21:50:13 | INFO     | Saving at a/skeb/freely2327-50c346.json
2026-06-28 21:50:13 | INFO     | OK https://skeb.jp/api/users/popopopopo623sk
2026-06-28 21:50:13 | INFO     | Saving at a/skeb/popopopopo623sk-a73402.json
2026-06-28 21:50:13 | INFO     | OK https://skeb.jp/api/users/crow_3434
2026-06-28 21:50:13 | INFO     | Saving at a/skeb/crow_3434-61059b.json
2026-06-28 21:50:13 | INFO     | OK https://skeb.jp/api/users/ame_akira00
2026-06-28 21:50:13 | INFO     | Saving at a/skeb/ame_akira00-b7458d.json
2026-06-28 21:50:14 | INFO     | OK https://skeb.jp/api/users/Ureyyyyy_
2026-06-28 21:50:14 | INFO     | Saving at a/skeb/Ureyyyyy_-563f18.json
2026-06-28 21:50:14 | INFO     | OK https://skeb.jp/api/users/miroku_mosman
2026-06-28 21:50:14 | INFO     | Saving at a/skeb/miroku_mosman-0a25b4.json
2026-06-28 21:50:15 | INFO     | OK https://skeb.jp/api/users/BLUEspice69
2026-06-28 21:50:15 | INFO     | Saving at a/skeb/BLUEspice69-306b4c.json
2026-06-28 21:50:15 | INFO     | OK https://skeb.jp/api/users/kiTa29man
2026-06-28 21:50:15 | INFO     | Saving at a/skeb/kiTa29man-9fc0b0.json
2026-06-28 21:50:15 | INFO     | OK https://skeb.jp/api/users/menmenmennma
2026-06-28 21:50:15 | INFO     | Saving at a/skeb/menmenmennma-feb945.json
2026-06-28 21:50:15 | INFO     | OK https://skeb.jp/api/users/enokorogusa64
2026-06-28 21:50:15 | INFO     | Saving at a/skeb/enokorogusa64-bc4752.json
2026-06-28 21:50:16 | INFO     | OK https://skeb.jp/api/users/adana_na_da
2026-06-28 21:50:16 | INFO     | Saving at a/skeb/adana_na_da-be36ce.json
2026-06-28 21:50:16 | INFO     | OK https://skeb.jp/api/users/fpWGFNrixm35508
2026-06-28 21:50:16 | INFO     | Saving at a/skeb/fpWGFNrixm35508-00e23a.json
2026-06-28 21:50:16 | INFO     | OK https://skeb.jp/api/users/ruka____illust
2026-06-28 21:50:16 | INFO     | Saving at a/skeb/ruka____illust-ef5b37.json
2026-06-28 21:50:17 | INFO     | OK https://skeb.jp/api/users/sunflower_skeb
2026-06-28 21:50:17 | INFO     | Saving at a/skeb/sunflower_skeb-bd4ced.json
2026-06-28 21:50:17 | INFO     | OK https://skeb.jp/api/users/nonokuro_no96
2026-06-28 21:50:17 | INFO     | Saving at a/skeb/nonokuro_no96-7a28b4.json
2026-06-28 21:50:17 | INFO     | OK https://skeb.jp/api/users/Hidens1025
2026-06-28 21:50:17 | INFO     | Saving at a/skeb/Hidens1025-85f244.json
2026-06-28 21:50:18 | INFO     | OK https://skeb.jp/api/users/wdtm_39
2026-06-28 21:50:18 | INFO     | Saving at a/skeb/wdtm_39-942739.json
2026-06-28 21:50:18 | INFO     | OK https://skeb.jp/api/users/tokiha_chan
2026-06-28 21:50:18 | INFO     | Saving at a/skeb/tokiha_chan-9a4955.json
2026-06-28 21:50:18 | INFO     | OK https://skeb.jp/api/users/denpaneon
2026-06-28 21:50:18 | INFO     | Saving at a/skeb/denpaneon-1b93d7.json
2026-06-28 21:50:19 | INFO     | OK https://skeb.jp/api/users/Su__0_0__ILLUST
2026-06-28 21:50:19 | INFO     | Saving at a/skeb/Su__0_0__ILLUST-daeeb2.json
2026-06-28 21:50:19 | INFO     | OK https://skeb.jp/api/users/Akasha
2026-06-28 21:50:19 | INFO     | Saving at a/skeb/Akasha-c7c4a3.json
2026-06-28 21:50:20 | INFO     | OK https://skeb.jp/api/users/LandSuzume
2026-06-28 21:50:20 | INFO     | Saving at a/skeb/LandSuzume-6dfb64.json
2026-06-28 21:50:20 | INFO     | OK https://skeb.jp/api/users/ioTa_af1600
2026-06-28 21:50:20 | INFO     | Saving at a/skeb/ioTa_af1600-a79ae7.json
2026-06-28 21:50:20 | INFO     | OK https://skeb.jp/api/users/kapi32
2026-06-28 21:50:20 | INFO     | Saving at a/skeb/kapi32-f3c098.json
2026-06-28 21:50:21 | INFO     | OK https://skeb.jp/api/users/ojsn00
2026-06-28 21:50:21 | INFO     | Saving at a/skeb/ojsn00-b88045.json
2026-06-28 21:50:21 | INFO     | OK https://skeb.jp/api/users/pot_pourri_mttn
2026-06-28 21:50:21 | INFO     | Saving at a/skeb/pot_pourri_mttn-4ce60c.json
2026-06-28 21:50:21 | INFO     | OK https://skeb.jp/api/users/nmnmpngr
2026-06-28 21:50:21 | INFO     | Saving at a/skeb/nmnmpngr-6ebc0e.json
2026-06-28 21:50:22 | INFO     | OK https://skeb.jp/api/users/akaKUMA_pao
2026-06-28 21:50:22 | INFO     | Saving at a/skeb/akaKUMA_pao-54ec21.json
2026-06-28 21:50:22 | INFO     | OK https://skeb.jp/api/users/szk_0117
2026-06-28 21:50:22 | INFO     | Saving at a/skeb/szk_0117-5756ff.json
2026-06-28 21:50:22 | INFO     | OK https://skeb.jp/api/users/38_____miya
2026-06-28 21:50:22 | INFO     | Saving at a/skeb/38_____miya-b1ec42.json
2026-06-28 21:50:23 | INFO     | OK https://skeb.jp/api/users/amata_amada08
2026-06-28 21:50:23 | INFO     | Saving at a/skeb/amata_amada08-58ba44.json
2026-06-28 21:50:23 | INFO     | OK https://skeb.jp/api/users/3_tamari
2026-06-28 21:50:23 | INFO     | Saving at a/skeb/3_tamari-58c656.json
2026-06-28 21:50:23 | INFO     | OK https://skeb.jp/api/users/_yaigi
2026-06-28 21:50:23 | INFO     | Saving at a/skeb/_yaigi-2061b9.json
2026-06-28 21:50:24 | INFO     | OK https://skeb.jp/api/users/ooo_____1i
2026-06-28 21:50:24 | INFO     | Saving at a/skeb/ooo_____1i-a533c2.json
2026-06-28 21:50:24 | INFO     | OK https://skeb.jp/api/users/Man015s
2026-06-28 21:50:24 | INFO     | Saving at a/skeb/Man015s-99eca1.json
2026-06-28 21:50:24 | INFO     | OK https://skeb.jp/api/users/suyosuyo
2026-06-28 21:50:24 | INFO     | Saving at a/skeb/suyosuyo-03eff5.json
2026-06-28 21:50:25 | INFO     | OK https://skeb.jp/api/users/r_ws2l
2026-06-28 21:50:25 | INFO     | Saving at a/skeb/r_ws2l-021d03.json
2026-06-28 21:50:25 | INFO     | OK https://skeb.jp/api/users/_pasya_
2026-06-28 21:50:25 | INFO     | Saving at a/skeb/_pasya_-d7c9d0.json
2026-06-28 21:50:25 | INFO     | OK https://skeb.jp/api/users/inabakun00
2026-06-28 21:50:25 | INFO     | Saving at a/skeb/inabakun00-5ada98.json
2026-06-28 21:50:25 | INFO     | OK https://skeb.jp/api/users/inunisub
2026-06-28 21:50:25 | INFO     | Saving at a/skeb/inunisub-d66b9c.json
2026-06-28 21:50:26 | INFO     | OK https://skeb.jp/api/users/9HQvGaoAcT
2026-06-28 21:50:26 | INFO     | Saving at a/skeb/9HQvGaoAcT-e13c11.json
2026-06-28 21:50:26 | INFO     | OK https://skeb.jp/api/users/kotarou83
2026-06-28 21:50:26 | INFO     | Saving at a/skeb/kotarou83-2dd37d.json
2026-06-28 21:50:27 | INFO     | OK https://skeb.jp/api/users/h_totri
2026-06-28 21:50:27 | INFO     | Saving at a/skeb/h_totri-747df0.json
2026-06-28 21:50:27 | INFO     | OK https://skeb.jp/api/users/tsuya2dokin
2026-06-28 21:50:27 | INFO     | Saving at a/skeb/tsuya2dokin-5f9d59.json
2026-06-28 21:50:27 | INFO     | OK https://skeb.jp/api/users/Tnm_ilu
2026-06-28 21:50:27 | INFO     | Saving at a/skeb/Tnm_ilu-a0bc93.json
2026-06-28 21:50:27 | INFO     | OK https://skeb.jp/api/users/cnn6ms
2026-06-28 21:50:27 | INFO     | Saving at a/skeb/cnn6ms-6e9197.json
2026-06-28 21:50:28 | INFO     | OK https://skeb.jp/api/users/mrng29
2026-06-28 21:50:28 | INFO     | Saving at a/skeb/mrng29-79005d.json
2026-06-28 21:50:28 | INFO     | OK https://skeb.jp/api/users/sanuki_uudon3
2026-06-28 21:50:28 | INFO     | Saving at a/skeb/sanuki_uudon3-6e3e64.json
2026-06-28 21:50:29 | INFO     | OK https://skeb.jp/api/users/Ktm_huna
2026-06-28 21:50:29 | INFO     | Saving at a/skeb/Ktm_huna-e38308.json
2026-06-28 21:50:29 | INFO     | OK https://skeb.jp/api/users/piece_blue1
2026-06-28 21:50:29 | INFO     | Saving at a/skeb/piece_blue1-d5c0d2.json
2026-06-28 21:50:29 | INFO     | OK https://skeb.jp/api/users/TRNnmnm4
2026-06-28 21:50:29 | INFO     | Saving at a/skeb/TRNnmnm4-fdae2a.json
2026-06-28 21:50:29 | INFO     | OK https://skeb.jp/api/users/manimoni_000
2026-06-28 21:50:29 | INFO     | Saving at a/skeb/manimoni_000-41d837.json
2026-06-28 21:50:30 | INFO     | OK https://skeb.jp/api/users/tsumugi1025
2026-06-28 21:50:30 | INFO     | Saving at a/skeb/tsumugi1025-c449b0.json
2026-06-28 21:50:30 | INFO     | OK https://skeb.jp/api/users/azatarou_h
2026-06-28 21:50:30 | INFO     | Saving at a/skeb/azatarou_h-79f0b3.json
2026-06-28 21:50:31 | INFO     | OK https://skeb.jp/api/users/Indigo_Blue_anp
2026-06-28 21:50:31 | INFO     | Saving at a/skeb/Indigo_Blue_anp-702fb2.json
2026-06-28 21:50:31 | INFO     | OK https://skeb.jp/api/users/zonbiumareta
2026-06-28 21:50:31 | INFO     | Saving at a/skeb/zonbiumareta-5d2169.json
2026-06-28 21:50:31 | INFO     | OK https://skeb.jp/api/users/soreineXX
2026-06-28 21:50:31 | INFO     | Saving at a/skeb/soreineXX-a9fc7d.json
2026-06-28 21:50:31 | INFO     | OK https://skeb.jp/api/users/kujiraaaaa_trpg
2026-06-28 21:50:31 | INFO     | Saving at a/skeb/kujiraaaaa_trpg-be8603.json
2026-06-28 21:50:32 | INFO     | OK https://skeb.jp/api/users/ryophilia
2026-06-28 21:50:32 | INFO     | Saving at a/skeb/ryophilia-0a19dc.json
2026-06-28 21:50:32 | INFO     | OK https://skeb.jp/api/users/waku_x_sei
2026-06-28 21:50:32 | INFO     | Saving at a/skeb/waku_x_sei-5507d4.json
2026-06-28 21:50:33 | INFO     | OK https://skeb.jp/api/users/fujii_shino
2026-06-28 21:50:33 | INFO     | Saving at a/skeb/fujii_shino-5b70bb.json
2026-06-28 21:50:33 | INFO     | OK https://skeb.jp/api/users/tenma_TM
2026-06-28 21:50:33 | INFO     | Saving at a/skeb/tenma_TM-7cf632.json
2026-06-28 21:50:33 | INFO     | OK https://skeb.jp/api/users/MotokichiSsk
2026-06-28 21:50:33 | INFO     | Saving at a/skeb/MotokichiSsk-537599.json
2026-06-28 21:50:34 | INFO     | OK https://skeb.jp/api/users/YMZva8MBa163317
2026-06-28 21:50:34 | INFO     | Saving at a/skeb/YMZva8MBa163317-ee4fcb.json
2026-06-28 21:50:34 | INFO     | OK https://skeb.jp/api/users/kou_hiyoyo
2026-06-28 21:50:34 | INFO     | Saving at a/skeb/kou_hiyoyo-997fb9.json
2026-06-28 21:50:34 | INFO     | OK https://skeb.jp/api/users/Terre_luna
2026-06-28 21:50:34 | INFO     | Saving at a/skeb/Terre_luna-99a70a.json
2026-06-28 21:50:35 | INFO     | OK https://skeb.jp/api/users/INO_BOOP
2026-06-28 21:50:35 | INFO     | Saving at a/skeb/INO_BOOP-d436f1.json
2026-06-28 21:50:35 | INFO     | OK https://skeb.jp/api/users/beni_carnelian
2026-06-28 21:50:35 | INFO     | Saving at a/skeb/beni_carnelian-703c89.json
2026-06-28 21:50:35 | INFO     | OK https://skeb.jp/api/users/ppp_caf
2026-06-28 21:50:35 | INFO     | Saving at a/skeb/ppp_caf-3ee286.json
2026-06-28 21:50:35 | INFO     | OK https://skeb.jp/api/users/dorojidesu
2026-06-28 21:50:35 | INFO     | Saving at a/skeb/dorojidesu-7fcec0.json
2026-06-28 21:50:36 | INFO     | OK https://skeb.jp/api/users/takeoutservice
2026-06-28 21:50:36 | INFO     | Saving at a/skeb/takeoutservice-deef50.json
2026-06-28 21:50:36 | INFO     | OK https://skeb.jp/api/users/Awozaka7mak
2026-06-28 21:50:36 | INFO     | Saving at a/skeb/Awozaka7mak-f80eb8.json
2026-06-28 21:50:36 | INFO     | OK https://skeb.jp/api/users/kyokounohit0
2026-06-28 21:50:36 | INFO     | Saving at a/skeb/kyokounohit0-154bce.json
2026-06-28 21:50:37 | INFO     | OK https://skeb.jp/api/users/graveyardwaltz
2026-06-28 21:50:37 | INFO     | Saving at a/skeb/graveyardwaltz-b639b5.json
2026-06-28 21:50:37 | INFO     | OK https://skeb.jp/api/users/mame02550912
2026-06-28 21:50:37 | INFO     | Saving at a/skeb/mame02550912-0b260f.json
2026-06-28 21:50:38 | INFO     | OK https://skeb.jp/api/users/niropple
2026-06-28 21:50:38 | INFO     | Saving at a/skeb/niropple-2ee7d3.json
2026-06-28 21:50:38 | INFO     | OK https://skeb.jp/api/users/xxoxx_01a
2026-06-28 21:50:38 | INFO     | Saving at a/skeb/xxoxx_01a-d8dbd1.json
2026-06-28 21:50:38 | INFO     | OK https://skeb.jp/api/users/69Gqs4gaai
2026-06-28 21:50:38 | INFO     | Saving at a/skeb/69Gqs4gaai-eac24f.json
2026-06-28 21:50:38 | INFO     | OK https://skeb.jp/api/users/radqr__
2026-06-28 21:50:38 | INFO     | Saving at a/skeb/radqr__-01255a.json
2026-06-28 21:50:39 | INFO     | OK https://skeb.jp/api/users/aradamawakka2
2026-06-28 21:50:39 | INFO     | Saving at a/skeb/aradamawakka2-06ca46.json
2026-06-28 21:50:39 | INFO     | OK https://skeb.jp/api/users/cheesemgmg7
2026-06-28 21:50:39 | INFO     | Saving at a/skeb/cheesemgmg7-704402.json
2026-06-28 21:50:40 | INFO     | OK https://skeb.jp/api/users/omrff14
2026-06-28 21:50:40 | INFO     | Saving at a/skeb/omrff14-5125cd.json
2026-06-28 21:50:40 | INFO     | OK https://skeb.jp/api/users/MAGURO_SOS
2026-06-28 21:50:40 | INFO     | Saving at a/skeb/MAGURO_SOS-d6bcdd.json
2026-06-28 21:50:40 | INFO     | OK https://skeb.jp/api/users/hamcheesesand
2026-06-28 21:50:40 | INFO     | Saving at a/skeb/hamcheesesand-c03bc3.json
2026-06-28 21:50:40 | INFO     | OK https://skeb.jp/api/users/nhnh_xa
2026-06-28 21:50:40 | INFO     | Saving at a/skeb/nhnh_xa-5a9754.json
2026-06-28 21:50:41 | INFO     | OK https://skeb.jp/api/users/HALType0
2026-06-28 21:50:41 | INFO     | Saving at a/skeb/HALType0-65f848.json
2026-06-28 21:50:41 | INFO     | OK https://skeb.jp/api/users/Hc_kanrinin
2026-06-28 21:50:41 | INFO     | Saving at a/skeb/Hc_kanrinin-565c64.json
2026-06-28 21:50:41 | INFO     | OK https://skeb.jp/api/users/jirou_tohyama
2026-06-28 21:50:41 | INFO     | Saving at a/skeb/jirou_tohyama-6a8498.json
2026-06-28 21:50:42 | INFO     | OK https://skeb.jp/api/users/funino_art
2026-06-28 21:50:42 | INFO     | Saving at a/skeb/funino_art-7ee653.json
2026-06-28 21:50:42 | INFO     | OK https://skeb.jp/api/users/ma_sakasama
2026-06-28 21:50:42 | INFO     | Saving at a/skeb/ma_sakasama-ed7d5b.json
2026-06-28 21:50:43 | INFO     | OK https://skeb.jp/api/users/himeyamayuri
2026-06-28 21:50:43 | INFO     | Saving at a/skeb/himeyamayuri-709aec.json
2026-06-28 21:50:43 | INFO     | OK https://skeb.jp/api/users/k_imsk
2026-06-28 21:50:43 | INFO     | Saving at a/skeb/k_imsk-18e9d7.json
2026-06-28 21:50:43 | INFO     | OK https://skeb.jp/api/users/teradaochiko
2026-06-28 21:50:43 | INFO     | Saving at a/skeb/teradaochiko-73ab54.json
2026-06-28 21:50:43 | INFO     | OK https://skeb.jp/api/users/Erika_Chocobo
2026-06-28 21:50:43 | INFO     | Saving at a/skeb/Erika_Chocobo-8fe74a.json
2026-06-28 21:50:44 | INFO     | OK https://skeb.jp/api/users/suya__0x0
2026-06-28 21:50:44 | INFO     | Saving at a/skeb/suya__0x0-6f7e4d.json
2026-06-28 21:50:44 | INFO     | OK https://skeb.jp/api/users/nao901
2026-06-28 21:50:44 | INFO     | Saving at a/skeb/nao901-ecf326.json
2026-06-28 21:50:44 | INFO     | OK https://skeb.jp/api/users/madomore4649
2026-06-28 21:50:44 | INFO     | Saving at a/skeb/madomore4649-80eb46.json
2026-06-28 21:50:45 | INFO     | OK https://skeb.jp/api/users/milk_yumemi
2026-06-28 21:50:45 | INFO     | Saving at a/skeb/milk_yumemi-6a8238.json
2026-06-28 21:50:45 | INFO     | OK https://skeb.jp/api/users/radeon126
2026-06-28 21:50:45 | INFO     | Saving at a/skeb/radeon126-053809.json
2026-06-28 21:50:46 | INFO     | OK https://skeb.jp/api/users/owuipot
2026-06-28 21:50:46 | INFO     | Saving at a/skeb/owuipot-6e95ef.json
2026-06-28 21:50:46 | INFO     | OK https://skeb.jp/api/users/Hrtl_Season2
2026-06-28 21:50:46 | INFO     | Saving at a/skeb/Hrtl_Season2-072122.json
2026-06-28 21:50:46 | INFO     | OK https://skeb.jp/api/users/ponchi_89
2026-06-28 21:50:46 | INFO     | Saving at a/skeb/ponchi_89-f514a4.json
2026-06-28 21:50:47 | INFO     | OK https://skeb.jp/api/users/jnbrsk
2026-06-28 21:50:47 | INFO     | Saving at a/skeb/jnbrsk-7c4c6a.json
2026-06-28 21:50:47 | INFO     | OK https://skeb.jp/api/users/yururi_meow
2026-06-28 21:50:47 | INFO     | Saving at a/skeb/yururi_meow-0c455f.json
2026-06-28 21:50:47 | INFO     | OK https://skeb.jp/api/users/yurui_usagi7
2026-06-28 21:50:47 | INFO     | Saving at a/skeb/yurui_usagi7-6174df.json
2026-06-28 21:50:47 | INFO     | OK https://skeb.jp/api/users/ABS17
2026-06-28 21:50:47 | INFO     | Saving at a/skeb/ABS17-4dfd6b.json
2026-06-28 21:50:48 | INFO     | OK https://skeb.jp/api/users/gittangittan_r
2026-06-28 21:50:48 | INFO     | Saving at a/skeb/gittangittan_r-ed29c4.json
2026-06-28 21:50:48 | INFO     | OK https://skeb.jp/api/users/k4Lgyx
2026-06-28 21:50:48 | INFO     | Saving at a/skeb/k4Lgyx-84fdda.json
2026-06-28 21:50:48 | INFO     | OK https://skeb.jp/api/users/xwx___4
2026-06-28 21:50:48 | INFO     | Saving at a/skeb/xwx___4-e8ee17.json
2026-06-28 21:50:49 | INFO     | OK https://skeb.jp/api/users/SuirenKayou
2026-06-28 21:50:49 | INFO     | Saving at a/skeb/SuirenKayou-004544.json
2026-06-28 21:50:49 | INFO     | OK https://skeb.jp/api/users/yng_hoti
2026-06-28 21:50:49 | INFO     | Saving at a/skeb/yng_hoti-6c4133.json
2026-06-28 21:50:50 | INFO     | OK https://skeb.jp/api/users/yurio070905
2026-06-28 21:50:50 | INFO     | Saving at a/skeb/yurio070905-29c4c8.json
2026-06-28 21:50:50 | INFO     | OK https://skeb.jp/api/users/nak613trpg
2026-06-28 21:50:50 | INFO     | Saving at a/skeb/nak613trpg-a86580.json
2026-06-28 21:50:50 | INFO     | OK https://skeb.jp/api/users/motimonaka3
2026-06-28 21:50:50 | INFO     | Saving at a/skeb/motimonaka3-227bb8.json
2026-06-28 21:50:50 | INFO     | OK https://skeb.jp/api/users/Ikayaki0202
2026-06-28 21:50:50 | INFO     | Saving at a/skeb/Ikayaki0202-38712c.json
2026-06-28 21:50:51 | INFO     | OK https://skeb.jp/api/users/inasa_orange
2026-06-28 21:50:51 | INFO     | Saving at a/skeb/inasa_orange-361a0a.json
2026-06-28 21:50:51 | INFO     | OK https://skeb.jp/api/users/mashiro032
2026-06-28 21:50:51 | INFO     | Saving at a/skeb/mashiro032-0642f1.json
2026-06-28 21:50:51 | INFO     | OK https://skeb.jp/api/users/xan
2026-06-28 21:50:51 | INFO     | Saving at a/skeb/xan-057a64.json
2026-06-28 21:50:52 | INFO     | OK https://skeb.jp/api/users/uma_no_suke
2026-06-28 21:50:52 | INFO     | Saving at a/skeb/uma_no_suke-e40227.json
2026-06-28 21:50:52 | INFO     | OK https://skeb.jp/api/users/takemii00
2026-06-28 21:50:52 | INFO     | Saving at a/skeb/takemii00-4cb8cd.json
2026-06-28 21:50:52 | INFO     | OK https://skeb.jp/api/users/M0McwgMwek4095
2026-06-28 21:50:52 | INFO     | Saving at a/skeb/M0McwgMwek4095-e672f5.json
2026-06-28 21:50:53 | INFO     | OK https://skeb.jp/api/users/___obj_
2026-06-28 21:50:53 | INFO     | Saving at a/skeb/___obj_-f5837a.json
2026-06-28 21:50:53 | INFO     | OK https://skeb.jp/api/users/Kin0_OZ
2026-06-28 21:50:53 | INFO     | Saving at a/skeb/Kin0_OZ-42c826.json
2026-06-28 21:50:54 | INFO     | OK https://skeb.jp/api/users/terumi_illust
2026-06-28 21:50:54 | INFO     | Saving at a/skeb/terumi_illust-15600f.json
2026-06-28 21:50:54 | INFO     | OK https://skeb.jp/api/users/li__96w4
2026-06-28 21:50:54 | INFO     | Saving at a/skeb/li__96w4-de48b3.json
2026-06-28 21:50:54 | INFO     | OK https://skeb.jp/api/users/usahana101
2026-06-28 21:50:54 | INFO     | Saving at a/skeb/usahana101-dbd7e0.json
2026-06-28 21:50:54 | INFO     | OK https://skeb.jp/api/users/Ray___S
2026-06-28 21:50:54 | INFO     | Saving at a/skeb/Ray___S-04390d.json
2026-06-28 21:50:55 | INFO     | OK https://skeb.jp/api/users/runnto_o
2026-06-28 21:50:55 | INFO     | Saving at a/skeb/runnto_o-d657cb.json
2026-06-28 21:50:55 | INFO     | OK https://skeb.jp/api/users/e3A_eg
2026-06-28 21:50:55 | INFO     | Saving at a/skeb/e3A_eg-79fd0d.json
2026-06-28 21:50:55 | INFO     | OK https://skeb.jp/api/users/kuma_skeb
2026-06-28 21:50:55 | INFO     | Saving at a/skeb/kuma_skeb-5c18a3.json
2026-06-28 21:50:56 | INFO     | OK https://skeb.jp/api/users/9qtan
2026-06-28 21:50:56 | INFO     | Saving at a/skeb/9qtan-c90747.json
2026-06-28 21:50:56 | INFO     | OK https://skeb.jp/api/users/shoya_introvert
2026-06-28 21:50:56 | INFO     | Saving at a/skeb/shoya_introvert-1a59ca.json
2026-06-28 21:50:56 | INFO     | OK https://skeb.jp/api/users/hoja1214
2026-06-28 21:50:56 | INFO     | Saving at a/skeb/hoja1214-17f9c4.json
2026-06-28 21:50:57 | INFO     | OK https://skeb.jp/api/users/zjeuk
2026-06-28 21:50:57 | INFO     | Saving at a/skeb/zjeuk-ba1e80.json
2026-06-28 21:50:57 | INFO     | OK https://skeb.jp/api/users/kemo_desk
2026-06-28 21:50:57 | INFO     | Saving at a/skeb/kemo_desk-e00277.json
2026-06-28 21:50:58 | INFO     | OK https://skeb.jp/api/users/mashiro_v_046
2026-06-28 21:50:58 | INFO     | Saving at a/skeb/mashiro_v_046-8e7ebe.json
2026-06-28 21:50:58 | INFO     | OK https://skeb.jp/api/users/kuzumochi800
2026-06-28 21:50:58 | INFO     | Saving at a/skeb/kuzumochi800-2fafc1.json
2026-06-28 21:50:58 | INFO     | OK https://skeb.jp/api/users/MIYAGI_Suetsugu
2026-06-28 21:50:58 | INFO     | Saving at a/skeb/MIYAGI_Suetsugu-d40634.json
2026-06-28 21:50:59 | INFO     | OK https://skeb.jp/api/users/N32661099
2026-06-28 21:50:59 | INFO     | Saving at a/skeb/N32661099-7dc7f7.json
2026-06-28 21:50:59 | INFO     | OK https://skeb.jp/api/users/tomee07
2026-06-28 21:50:59 | INFO     | Saving at a/skeb/tomee07-bea3ff.json
2026-06-28 21:50:59 | INFO     | OK https://skeb.jp/api/users/yukiiro_najimi
2026-06-28 21:50:59 | INFO     | Saving at a/skeb/yukiiro_najimi-897324.json
2026-06-28 21:50:59 | INFO     | OK https://skeb.jp/api/users/ooo_0926
2026-06-28 21:50:59 | INFO     | Saving at a/skeb/ooo_0926-4f97ee.json
2026-06-28 21:51:00 | INFO     | OK https://skeb.jp/api/users/KAWAIRUKA_ko
2026-06-28 21:51:00 | INFO     | Saving at a/skeb/KAWAIRUKA_ko-ffcad9.json
2026-06-28 21:51:00 | INFO     | OK https://skeb.jp/api/users/054Karaage
2026-06-28 21:51:00 | INFO     | Saving at a/skeb/054Karaage-f00349.json
2026-06-28 21:51:00 | INFO     | OK https://skeb.jp/api/users/sssureaaa25
2026-06-28 21:51:00 | INFO     | Saving at a/skeb/sssureaaa25-581148.json
2026-06-28 21:51:01 | INFO     | OK https://skeb.jp/api/users/SS1_mztmr
2026-06-28 21:51:01 | INFO     | Saving at a/skeb/SS1_mztmr-49f88f.json
2026-06-28 21:51:01 | INFO     | OK https://skeb.jp/api/users/cdr_111
2026-06-28 21:51:01 | INFO     | Saving at a/skeb/cdr_111-4f4927.json
2026-06-28 21:51:02 | INFO     | OK https://skeb.jp/api/users/rrr97_
2026-06-28 21:51:02 | INFO     | Saving at a/skeb/rrr97_-fbf469.json
2026-06-28 21:51:02 | INFO     | OK https://skeb.jp/api/users/BANAMONS
2026-06-28 21:51:02 | INFO     | Saving at a/skeb/BANAMONS-caeb57.json
2026-06-28 21:51:02 | INFO     | OK https://skeb.jp/api/users/tuffy_0317
2026-06-28 21:51:02 | INFO     | Saving at a/skeb/tuffy_0317-f34e66.json
2026-06-28 21:51:03 | INFO     | OK https://skeb.jp/api/users/tihagura
2026-06-28 21:51:03 | INFO     | Saving at a/skeb/tihagura-d4f2ff.json
2026-06-28 21:51:03 | INFO     | OK https://skeb.jp/api/users/misoDaifuku_
2026-06-28 21:51:03 | INFO     | Saving at a/skeb/misoDaifuku_-78f31f.json
2026-06-28 21:51:03 | INFO     | OK https://skeb.jp/api/users/obk084
2026-06-28 21:51:03 | INFO     | Saving at a/skeb/obk084-93eace.json
2026-06-28 21:51:03 | INFO     | OK https://skeb.jp/api/users/ROOM_Kinoko
2026-06-28 21:51:03 | INFO     | Saving at a/skeb/ROOM_Kinoko-fbc8ef.json
2026-06-28 21:51:04 | INFO     | OK https://skeb.jp/api/users/yne_nenene
2026-06-28 21:51:04 | INFO     | Saving at a/skeb/yne_nenene-bc44da.json
2026-06-28 21:51:04 | INFO     | OK https://skeb.jp/api/users/ME7db
2026-06-28 21:51:04 | INFO     | Saving at a/skeb/ME7db-294287.json
2026-06-28 21:51:04 | INFO     | OK https://skeb.jp/api/users/w178
2026-06-28 21:51:04 | INFO     | Saving at a/skeb/w178-6049c8.json
2026-06-28 21:51:05 | INFO     | OK https://skeb.jp/api/users/rekka_uran
2026-06-28 21:51:05 | INFO     | Saving at a/skeb/rekka_uran-ff1884.json
2026-06-28 21:51:05 | INFO     | OK https://skeb.jp/api/users/babu_2_
2026-06-28 21:51:05 | INFO     | Saving at a/skeb/babu_2_-a9f464.json
2026-06-28 21:51:06 | INFO     | OK https://skeb.jp/api/users/RSN_07
2026-06-28 21:51:06 | INFO     | Saving at a/skeb/RSN_07-30a32d.json
2026-06-28 21:51:06 | INFO     | OK https://skeb.jp/api/users/guchamoko
2026-06-28 21:51:06 | INFO     | Saving at a/skeb/guchamoko-f91c7b.json
2026-06-28 21:51:06 | INFO     | OK https://skeb.jp/api/users/snswakaran
2026-06-28 21:51:06 | INFO     | Saving at a/skeb/snswakaran-8a31fa.json
2026-06-28 21:51:06 | INFO     | OK https://skeb.jp/api/users/magesiba
2026-06-28 21:51:06 | INFO     | Saving at a/skeb/magesiba-bb1b00.json
2026-06-28 21:51:07 | INFO     | OK https://skeb.jp/api/users/wamosukeda
2026-06-28 21:51:07 | INFO     | Saving at a/skeb/wamosukeda-751cae.json
2026-06-28 21:51:07 | INFO     | OK https://skeb.jp/api/users/chi2104ya
2026-06-28 21:51:07 | INFO     | Saving at a/skeb/chi2104ya-431fb0.json
2026-06-28 21:51:07 | INFO     | OK https://skeb.jp/api/users/mobufundoshi_sentai
2026-06-28 21:51:07 | INFO     | Saving at a/skeb/mobufundoshi_sentai-a56eb2.json
2026-06-28 21:51:08 | INFO     | OK https://skeb.jp/api/users/onigiri_nn
2026-06-28 21:51:08 | INFO     | Saving at a/skeb/onigiri_nn-1ab300.json
2026-06-28 21:51:08 | INFO     | OK https://skeb.jp/api/users/htkM4ri
2026-06-28 21:51:08 | INFO     | Saving at a/skeb/htkM4ri-70e9fc.json
2026-06-28 21:51:08 | INFO     | OK https://skeb.jp/api/users/suzrai63
2026-06-28 21:51:08 | INFO     | Saving at a/skeb/suzrai63-2d4699.json
2026-06-28 21:51:09 | INFO     | OK https://skeb.jp/api/users/egg2xx
2026-06-28 21:51:09 | INFO     | Saving at a/skeb/egg2xx-f6e423.json
2026-06-28 21:51:09 | INFO     | OK https://skeb.jp/api/users/Amz20200415
2026-06-28 21:51:09 | INFO     | Saving at a/skeb/Amz20200415-d240d3.json
2026-06-28 21:51:09 | INFO     | OK https://skeb.jp/api/users/vigne_5716
2026-06-28 21:51:09 | INFO     | Saving at a/skeb/vigne_5716-462b39.json
2026-06-28 21:51:10 | INFO     | OK https://skeb.jp/api/users/rirumarusan
2026-06-28 21:51:10 | INFO     | Saving at a/skeb/rirumarusan-5e08af.json
2026-06-28 21:51:10 | INFO     | OK https://skeb.jp/api/users/DOBERhwh
2026-06-28 21:51:10 | INFO     | Saving at a/skeb/DOBERhwh-71e1d8.json
2026-06-28 21:51:10 | INFO     | OK https://skeb.jp/api/users/Ankh_ll
2026-06-28 21:51:10 | INFO     | Saving at a/skeb/Ankh_ll-d64d4b.json
2026-06-28 21:51:11 | INFO     | OK https://skeb.jp/api/users/E1000_ginga
2026-06-28 21:51:11 | INFO     | Saving at a/skeb/E1000_ginga-1854e6.json
2026-06-28 21:51:11 | INFO     | OK https://skeb.jp/api/users/Jaga334
2026-06-28 21:51:11 | INFO     | Saving at a/skeb/Jaga334-e769df.json
2026-06-28 21:51:11 | INFO     | OK https://skeb.jp/api/users/itamesisan
2026-06-28 21:51:11 | INFO     | Saving at a/skeb/itamesisan-629131.json
2026-06-28 21:51:12 | INFO     | OK https://skeb.jp/api/users/hyne_hyokey2
2026-06-28 21:51:12 | INFO     | Saving at a/skeb/hyne_hyokey2-4b1e82.json
2026-06-28 21:51:12 | INFO     | OK https://skeb.jp/api/users/chanoria
2026-06-28 21:51:12 | INFO     | Saving at a/skeb/chanoria-cc66c9.json
2026-06-28 21:51:13 | INFO     | OK https://skeb.jp/api/users/68ta_
2026-06-28 21:51:13 | INFO     | Saving at a/skeb/68ta_-8c91b2.json
2026-06-28 21:51:13 | INFO     | OK https://skeb.jp/api/users/yuuzma53
2026-06-28 21:51:13 | INFO     | Saving at a/skeb/yuuzma53-3e2d67.json
2026-06-28 21:51:13 | INFO     | OK https://skeb.jp/api/users/yma_umi
2026-06-28 21:51:13 | INFO     | Saving at a/skeb/yma_umi-c5fa99.json
2026-06-28 21:51:14 | INFO     | OK https://skeb.jp/api/users/walking155
2026-06-28 21:51:14 | INFO     | Saving at a/skeb/walking155-336cc3.json
2026-06-28 21:51:14 | INFO     | OK https://skeb.jp/api/users/up_isd
2026-06-28 21:51:14 | INFO     | Saving at a/skeb/up_isd-20cd8c.json
2026-06-28 21:51:14 | INFO     | OK https://skeb.jp/api/users/hanemikakko
2026-06-28 21:51:14 | INFO     | Saving at a/skeb/hanemikakko-5ceaac.json
2026-06-28 21:51:15 | INFO     | OK https://skeb.jp/api/users/NU_TRPG123
2026-06-28 21:51:15 | INFO     | Saving at a/skeb/NU_TRPG123-3046b6.json
2026-06-28 21:51:15 | INFO     | OK https://skeb.jp/api/users/sonao
2026-06-28 21:51:15 | INFO     | Saving at a/skeb/sonao-100dd7.json
2026-06-28 21:51:15 | INFO     | OK https://skeb.jp/api/users/Ytori_3939
2026-06-28 21:51:15 | INFO     | Saving at a/skeb/Ytori_3939-76c828.json
2026-06-28 21:51:16 | INFO     | OK https://skeb.jp/api/users/45tanutanu
2026-06-28 21:51:16 | INFO     | Saving at a/skeb/45tanutanu-e31965.json
2026-06-28 21:51:16 | INFO     | OK https://skeb.jp/api/users/_nano_nase
2026-06-28 21:51:16 | INFO     | Saving at a/skeb/_nano_nase-076319.json
2026-06-28 21:51:16 | INFO     | OK https://skeb.jp/api/users/etc_rasusu
2026-06-28 21:51:16 | INFO     | Saving at a/skeb/etc_rasusu-b7c8b8.json
2026-06-28 21:51:17 | INFO     | OK https://skeb.jp/api/users/SHI_baF1
2026-06-28 21:51:17 | INFO     | Saving at a/skeb/SHI_baF1-9f23e3.json
2026-06-28 21:51:17 | INFO     | OK https://skeb.jp/api/users/takahashimyojin
2026-06-28 21:51:17 | INFO     | Saving at a/skeb/takahashimyojin-dd0852.json
2026-06-28 21:51:17 | INFO     | OK https://skeb.jp/api/users/sudi_63
2026-06-28 21:51:17 | INFO     | Saving at a/skeb/sudi_63-588cba.json
2026-06-28 21:51:17 | INFO     | OK https://skeb.jp/api/users/okoge_16
2026-06-28 21:51:17 | INFO     | Saving at a/skeb/okoge_16-13ed84.json
2026-06-28 21:51:18 | INFO     | OK https://skeb.jp/api/users/iyofika
2026-06-28 21:51:18 | INFO     | Saving at a/skeb/iyofika-b72401.json
2026-06-28 21:51:18 | INFO     | OK https://skeb.jp/api/users/GAMI
2026-06-28 21:51:18 | INFO     | Saving at a/skeb/GAMI-bbc657.json
2026-06-28 21:51:19 | INFO     | OK https://skeb.jp/api/users/n_______n___n_n
2026-06-28 21:51:19 | INFO     | Saving at a/skeb/n_______n___n_n-c24a49.json
2026-06-28 21:51:19 | INFO     | OK https://skeb.jp/api/users/273bomb
2026-06-28 21:51:19 | INFO     | Saving at a/skeb/273bomb-e2fc1d.json
2026-06-28 21:51:19 | INFO     | OK https://skeb.jp/api/users/norisukexxxy
2026-06-28 21:51:19 | INFO     | Saving at a/skeb/norisukexxxy-294929.json
2026-06-28 21:51:20 | INFO     | OK https://skeb.jp/api/users/MY73159148
2026-06-28 21:51:20 | INFO     | Saving at a/skeb/MY73159148-ad4bd1.json
2026-06-28 21:51:20 | INFO     | OK https://skeb.jp/api/users/UMUGA_YASUSI
2026-06-28 21:51:20 | INFO     | Saving at a/skeb/UMUGA_YASUSI-c490c6.json
2026-06-28 21:51:20 | INFO     | OK https://skeb.jp/api/users/peru_5503
2026-06-28 21:51:20 | INFO     | Saving at a/skeb/peru_5503-3fe7de.json
2026-06-28 21:51:20 | INFO     | OK https://skeb.jp/api/users/sakurabyobyo
2026-06-28 21:51:20 | INFO     | Saving at a/skeb/sakurabyobyo-25d0c4.json
2026-06-28 21:51:21 | INFO     | OK https://skeb.jp/api/users/pp3S_
2026-06-28 21:51:21 | INFO     | Saving at a/skeb/pp3S_-d76432.json
2026-06-28 21:51:21 | INFO     | OK https://skeb.jp/api/users/ROM_taku
2026-06-28 21:51:21 | INFO     | Saving at a/skeb/ROM_taku-4e431a.json
2026-06-28 21:51:21 | INFO     | OK https://skeb.jp/api/users/Kota_2kx_
2026-06-28 21:51:21 | INFO     | Saving at a/skeb/Kota_2kx_-53ba0d.json
2026-06-28 21:51:22 | INFO     | OK https://skeb.jp/api/users/Tooouuuurrr
2026-06-28 21:51:22 | INFO     | Saving at a/skeb/Tooouuuurrr-44fc04.json
2026-06-28 21:51:22 | INFO     | OK https://skeb.jp/api/users/mucchiri
2026-06-28 21:51:22 | INFO     | Saving at a/skeb/mucchiri-53e8d7.json
2026-06-28 21:51:23 | INFO     | OK https://skeb.jp/api/users/vxdrq
2026-06-28 21:51:23 | INFO     | Saving at a/skeb/vxdrq-26e01d.json
2026-06-28 21:51:23 | INFO     | OK https://skeb.jp/api/users/pafehotttter
2026-06-28 21:51:23 | INFO     | Saving at a/skeb/pafehotttter-8f1d20.json
2026-06-28 21:51:23 | INFO     | OK https://skeb.jp/api/users/Arukari2006
2026-06-28 21:51:23 | INFO     | Saving at a/skeb/Arukari2006-059251.json
2026-06-28 21:51:24 | INFO     | OK https://skeb.jp/api/users/eykyu0
2026-06-28 21:51:24 | INFO     | Saving at a/skeb/eykyu0-622723.json
2026-06-28 21:51:24 | INFO     | OK https://skeb.jp/api/users/aisaredogtoneko
2026-06-28 21:51:24 | INFO     | Saving at a/skeb/aisaredogtoneko-d639dd.json
2026-06-28 21:51:24 | INFO     | OK https://skeb.jp/api/users/kirach_Y
2026-06-28 21:51:24 | INFO     | Saving at a/skeb/kirach_Y-0377e2.json
2026-06-28 21:51:25 | INFO     | OK https://skeb.jp/api/users/tsuminobeyo
2026-06-28 21:51:25 | INFO     | Saving at a/skeb/tsuminobeyo-5064ad.json
2026-06-28 21:51:25 | INFO     | OK https://skeb.jp/api/users/aeaea_k
2026-06-28 21:51:25 | INFO     | Saving at a/skeb/aeaea_k-5e3c57.json
2026-06-28 21:51:25 | INFO     | OK https://skeb.jp/api/users/oioikakeruoi
2026-06-28 21:51:25 | INFO     | Saving at a/skeb/oioikakeruoi-965539.json
2026-06-28 21:51:26 | INFO     | OK https://skeb.jp/api/users/siro90414
2026-06-28 21:51:26 | INFO     | Saving at a/skeb/siro90414-bea938.json
2026-06-28 21:51:26 | INFO     | OK https://skeb.jp/api/users/su___kuu
2026-06-28 21:51:26 | INFO     | Saving at a/skeb/su___kuu-45b6ab.json
2026-06-28 21:51:26 | INFO     | OK https://skeb.jp/api/users/IzumiTouka
2026-06-28 21:51:26 | INFO     | Saving at a/skeb/IzumiTouka-65de27.json
2026-06-28 21:51:27 | INFO     | OK https://skeb.jp/api/users/intncitsRM
2026-06-28 21:51:27 | INFO     | Saving at a/skeb/intncitsRM-8f9594.json
2026-06-28 21:51:27 | INFO     | OK https://skeb.jp/api/users/necoma_2
2026-06-28 21:51:27 | INFO     | Saving at a/skeb/necoma_2-b368d3.json
2026-06-28 21:51:27 | INFO     | OK https://skeb.jp/api/users/yugemonyu
2026-06-28 21:51:27 | INFO     | Saving at a/skeb/yugemonyu-1ca158.json
2026-06-28 21:51:28 | INFO     | OK https://skeb.jp/api/users/NomChan_V2
2026-06-28 21:51:28 | INFO     | Saving at a/skeb/NomChan_V2-45d560.json
2026-06-28 21:51:28 | INFO     | OK https://skeb.jp/api/users/usaebibi
2026-06-28 21:51:28 | INFO     | Saving at a/skeb/usaebibi-1ebc9f.json
2026-06-28 21:51:28 | INFO     | OK https://skeb.jp/api/users/mamemaru09
2026-06-28 21:51:28 | INFO     | Saving at a/skeb/mamemaru09-82ff18.json
2026-06-28 21:51:28 | INFO     | OK https://skeb.jp/api/users/kanai23831347
2026-06-28 21:51:28 | INFO     | Saving at a/skeb/kanai23831347-3451f9.json
2026-06-28 21:51:29 | INFO     | OK https://skeb.jp/api/users/takami5go
2026-06-28 21:51:29 | INFO     | Saving at a/skeb/takami5go-145ca1.json
2026-06-28 21:51:29 | INFO     | OK https://skeb.jp/api/users/_ko_oketi5
2026-06-28 21:51:29 | INFO     | Saving at a/skeb/_ko_oketi5-d027eb.json
2026-06-28 21:51:30 | INFO     | OK https://skeb.jp/api/users/junko_inusub
2026-06-28 21:51:30 | INFO     | Saving at a/skeb/junko_inusub-03be29.json
2026-06-28 21:51:30 | INFO     | OK https://skeb.jp/api/users/0l_saburo
2026-06-28 21:51:30 | INFO     | Saving at a/skeb/0l_saburo-c2adbb.json
2026-06-28 21:51:30 | INFO     | OK https://skeb.jp/api/users/pikobi222
2026-06-28 21:51:30 | INFO     | Saving at a/skeb/pikobi222-eda0a5.json
2026-06-28 21:51:31 | INFO     | OK https://skeb.jp/api/users/Ehoooo_Mangan
2026-06-28 21:51:31 | INFO     | Saving at a/skeb/Ehoooo_Mangan-b38ac9.json
2026-06-28 21:51:31 | INFO     | OK https://skeb.jp/api/users/milkarma810
2026-06-28 21:51:31 | INFO     | Saving at a/skeb/milkarma810-60415a.json
2026-06-28 21:51:31 | INFO     | OK https://skeb.jp/api/users/tanabatman
2026-06-28 21:51:31 | INFO     | Saving at a/skeb/tanabatman-3099f8.json
2026-06-28 21:51:31 | INFO     | OK https://skeb.jp/api/users/rent1275
2026-06-28 21:51:31 | INFO     | Saving at a/skeb/rent1275-3b6e9a.json
2026-06-28 21:51:32 | INFO     | OK https://skeb.jp/api/users/Lato61993_skeb
2026-06-28 21:51:32 | INFO     | Saving at a/skeb/Lato61993_skeb-9f870c.json
2026-06-28 21:51:32 | INFO     | OK https://skeb.jp/api/users/666_nekokiti
2026-06-28 21:51:32 | INFO     | Saving at a/skeb/666_nekokiti-9277a1.json
2026-06-28 21:51:32 | INFO     | OK https://skeb.jp/api/users/abchica_u
2026-06-28 21:51:32 | INFO     | Saving at a/skeb/abchica_u-e7be15.json
2026-06-28 21:51:33 | INFO     | OK https://skeb.jp/api/users/shiromaru_tm
2026-06-28 21:51:33 | INFO     | Saving at a/skeb/shiromaru_tm-afcd5e.json
2026-06-28 21:51:33 | INFO     | OK https://skeb.jp/api/users/sknc1291
2026-06-28 21:51:33 | INFO     | Saving at a/skeb/sknc1291-4fc7ad.json
2026-06-28 21:51:33 | INFO     | OK https://skeb.jp/api/users/p_kogitune
2026-06-28 21:51:33 | INFO     | Saving at a/skeb/p_kogitune-d8226c.json
2026-06-28 21:51:34 | INFO     | OK https://skeb.jp/api/users/haigamai88
2026-06-28 21:51:34 | INFO     | Saving at a/skeb/haigamai88-a1fcb4.json
2026-06-28 21:51:34 | INFO     | OK https://skeb.jp/api/users/zaffiro03
2026-06-28 21:51:34 | INFO     | Saving at a/skeb/zaffiro03-f4be8a.json
2026-06-28 21:51:34 | INFO     | OK https://skeb.jp/api/users/sai_31_56
2026-06-28 21:51:34 | INFO     | Saving at a/skeb/sai_31_56-582cdb.json
2026-06-28 21:51:35 | INFO     | OK https://skeb.jp/api/users/nnmbpx
2026-06-28 21:51:35 | INFO     | Saving at a/skeb/nnmbpx-c6869f.json
2026-06-28 21:51:35 | INFO     | OK https://skeb.jp/api/users/Yu_yake5yaKe
2026-06-28 21:51:35 | INFO     | Saving at a/skeb/Yu_yake5yaKe-fb130f.json
2026-06-28 21:51:35 | INFO     | OK https://skeb.jp/api/users/AraiRacu
2026-06-28 21:51:35 | INFO     | Saving at a/skeb/AraiRacu-672c87.json
2026-06-28 21:51:36 | INFO     | OK https://skeb.jp/api/users/whiteautumnsiki
2026-06-28 21:51:36 | INFO     | Saving at a/skeb/whiteautumnsiki-fe9eb4.json
2026-06-28 21:51:36 | INFO     | OK https://skeb.jp/api/users/Tel_el_Amarna4
2026-06-28 21:51:36 | INFO     | Saving at a/skeb/Tel_el_Amarna4-0c3017.json
2026-06-28 21:51:36 | INFO     | OK https://skeb.jp/api/users/germination5_cr
2026-06-28 21:51:36 | INFO     | Saving at a/skeb/germination5_cr-b0d89e.json
2026-06-28 21:51:37 | INFO     | OK https://skeb.jp/api/users/hukigen_night
2026-06-28 21:51:37 | INFO     | Saving at a/skeb/hukigen_night-f2b6a1.json
2026-06-28 21:51:37 | INFO     | OK https://skeb.jp/api/users/pome_nanoda
2026-06-28 21:51:37 | INFO     | Saving at a/skeb/pome_nanoda-bee46e.json
2026-06-28 21:51:37 | INFO     | OK https://skeb.jp/api/users/MiyabinNovel
2026-06-28 21:51:37 | INFO     | Saving at a/skeb/MiyabinNovel-eb114d.json
2026-06-28 21:51:38 | INFO     | OK https://skeb.jp/api/users/inomemo
2026-06-28 21:51:38 | INFO     | Saving at a/skeb/inomemo-a3a59e.json
2026-06-28 21:51:38 | INFO     | OK https://skeb.jp/api/users/ngkttwmrvvg
2026-06-28 21:51:38 | INFO     | Saving at a/skeb/ngkttwmrvvg-c1d835.json
2026-06-28 21:51:38 | INFO     | OK https://skeb.jp/api/users/NISHIURA_HIMARI
2026-06-28 21:51:38 | INFO     | Saving at a/skeb/NISHIURA_HIMARI-a57af2.json
2026-06-28 21:51:39 | INFO     | OK https://skeb.jp/api/users/namaatatakai
2026-06-28 21:51:39 | INFO     | Saving at a/skeb/namaatatakai-11ee6b.json
2026-06-28 21:51:39 | INFO     | OK https://skeb.jp/api/users/9ataa__
2026-06-28 21:51:39 | INFO     | Saving at a/skeb/9ataa__-c034c6.json
2026-06-28 21:51:40 | INFO     | OK https://skeb.jp/api/users/yoru_skeb
2026-06-28 21:51:40 | INFO     | Saving at a/skeb/yoru_skeb-78ba8e.json
2026-06-28 21:51:40 | INFO     | OK https://skeb.jp/api/users/2525_Lynn
2026-06-28 21:51:40 | INFO     | Saving at a/skeb/2525_Lynn-4eb456.json
2026-06-28 21:51:40 | INFO     | OK https://skeb.jp/api/users/_Neyrpg
2026-06-28 21:51:40 | INFO     | Saving at a/skeb/_Neyrpg-6b7b4c.json
2026-06-28 21:51:40 | INFO     | OK https://skeb.jp/api/users/r_ingo
2026-06-28 21:51:40 | INFO     | Saving at a/skeb/r_ingo-e855e0.json
2026-06-28 21:51:41 | INFO     | OK https://skeb.jp/api/users/yakob_labo
2026-06-28 21:51:41 | INFO     | Saving at a/skeb/yakob_labo-7a660b.json
2026-06-28 21:51:41 | INFO     | OK https://skeb.jp/api/users/onyaruga0683
2026-06-28 21:51:41 | INFO     | Saving at a/skeb/onyaruga0683-5b69b5.json
2026-06-28 21:51:42 | INFO     | OK https://skeb.jp/api/users/rulerurururu
2026-06-28 21:51:42 | INFO     | Saving at a/skeb/rulerurururu-31fddd.json
2026-06-28 21:51:42 | INFO     | OK https://skeb.jp/api/users/FiveseveN
2026-06-28 21:51:42 | INFO     | Saving at a/skeb/FiveseveN-775230.json
2026-06-28 21:51:42 | INFO     | OK https://skeb.jp/api/users/mu_u_jin
2026-06-28 21:51:42 | INFO     | Saving at a/skeb/mu_u_jin-0d6595.json
2026-06-28 21:51:42 | INFO     | OK https://skeb.jp/api/users/Sawaaaara
2026-06-28 21:51:42 | INFO     | Saving at a/skeb/Sawaaaara-124f0e.json
2026-06-28 21:51:43 | INFO     | OK https://skeb.jp/api/users/huyou_saba
2026-06-28 21:51:43 | INFO     | Saving at a/skeb/huyou_saba-5fedef.json
2026-06-28 21:51:43 | INFO     | OK https://skeb.jp/api/users/noname__da
2026-06-28 21:51:43 | INFO     | Saving at a/skeb/noname__da-7a1bf8.json
2026-06-28 21:51:44 | INFO     | OK https://skeb.jp/api/users/Rune891
2026-06-28 21:51:44 | INFO     | Saving at a/skeb/Rune891-78fbfc.json
2026-06-28 21:51:44 | INFO     | OK https://skeb.jp/api/users/shutenndouji1
2026-06-28 21:51:44 | INFO     | Saving at a/skeb/shutenndouji1-d55487.json
2026-06-28 21:51:44 | INFO     | OK https://skeb.jp/api/users/Shuresyure1234
2026-06-28 21:51:44 | INFO     | Saving at a/skeb/Shuresyure1234-54e8a4.json
2026-06-28 21:51:44 | INFO     | OK https://skeb.jp/api/users/kaitenta1
2026-06-28 21:51:44 | INFO     | Saving at a/skeb/kaitenta1-3d6547.json
2026-06-28 21:51:45 | INFO     | OK https://skeb.jp/api/users/hana__222
2026-06-28 21:51:45 | INFO     | Saving at a/skeb/hana__222-e8a908.json
2026-06-28 21:51:45 | INFO     | OK https://skeb.jp/api/users/inaduki1
2026-06-28 21:51:45 | INFO     | Saving at a/skeb/inaduki1-1a35be.json
2026-06-28 21:51:46 | INFO     | OK https://skeb.jp/api/users/motiCHIKUWA
2026-06-28 21:51:46 | INFO     | Saving at a/skeb/motiCHIKUWA-9118a8.json
2026-06-28 21:51:46 | INFO     | OK https://skeb.jp/api/users/finusgloria
2026-06-28 21:51:46 | INFO     | Saving at a/skeb/finusgloria-704d47.json
2026-06-28 21:51:46 | INFO     | OK https://skeb.jp/api/users/nounaizayaku
2026-06-28 21:51:46 | INFO     | Saving at a/skeb/nounaizayaku-e7733e.json
2026-06-28 21:51:47 | INFO     | OK https://skeb.jp/api/users/kiwamekiwa
2026-06-28 21:51:47 | INFO     | Saving at a/skeb/kiwamekiwa-14d7d9.json
2026-06-28 21:51:47 | INFO     | OK https://skeb.jp/api/users/shikibetsuko
2026-06-28 21:51:47 | INFO     | Saving at a/skeb/shikibetsuko-556c5d.json
2026-06-28 21:51:47 | INFO     | OK https://skeb.jp/api/users/ocaz_rhp299_
2026-06-28 21:51:47 | INFO     | Saving at a/skeb/ocaz_rhp299_-f89760.json
2026-06-28 21:51:47 | INFO     | OK https://skeb.jp/api/users/tukisita_momiji
2026-06-28 21:51:47 | INFO     | Saving at a/skeb/tukisita_momiji-a796dd.json
2026-06-28 21:51:48 | INFO     | OK https://skeb.jp/api/users/hasutomofu
2026-06-28 21:51:48 | INFO     | Saving at a/skeb/hasutomofu-9344d1.json
2026-06-28 21:51:48 | INFO     | OK https://skeb.jp/api/users/sui_hi_sf
2026-06-28 21:51:48 | INFO     | Saving at a/skeb/sui_hi_sf-f68538.json
2026-06-28 21:51:48 | INFO     | OK https://skeb.jp/api/users/oyonya
2026-06-28 21:51:48 | INFO     | Saving at a/skeb/oyonya-da1d43.json
2026-06-28 21:51:49 | INFO     | OK https://skeb.jp/api/users/nsnrk_
2026-06-28 21:51:49 | INFO     | Saving at a/skeb/nsnrk_-6424f6.json
2026-06-28 21:51:49 | INFO     | OK https://skeb.jp/api/users/mochi_maison
2026-06-28 21:51:49 | INFO     | Saving at a/skeb/mochi_maison-fbb2cc.json
2026-06-28 21:51:49 | INFO     | OK https://skeb.jp/api/users/kurage_chan0401
2026-06-28 21:51:49 | INFO     | Saving at a/skeb/kurage_chan0401-4a5ac5.json
2026-06-28 21:51:50 | INFO     | OK https://skeb.jp/api/users/kamaboko903
2026-06-28 21:51:50 | INFO     | Saving at a/skeb/kamaboko903-5d046a.json
2026-06-28 21:51:50 | INFO     | OK https://skeb.jp/api/users/AVAter_13
2026-06-28 21:51:50 | INFO     | Saving at a/skeb/AVAter_13-3a275d.json
2026-06-28 21:51:51 | INFO     | OK https://skeb.jp/api/users/ippai_ippai
2026-06-28 21:51:51 | INFO     | Saving at a/skeb/ippai_ippai-f62f7e.json
2026-06-28 21:51:51 | INFO     | OK https://skeb.jp/api/users/awaawa__0
2026-06-28 21:51:51 | INFO     | Saving at a/skeb/awaawa__0-926c6e.json
2026-06-28 21:51:51 | INFO     | OK https://skeb.jp/api/users/SaikusaHinoru
2026-06-28 21:51:51 | INFO     | Saving at a/skeb/SaikusaHinoru-da8bbe.json
2026-06-28 21:51:51 | INFO     | OK https://skeb.jp/api/users/mugiyounicoS2
2026-06-28 21:51:51 | INFO     | Saving at a/skeb/mugiyounicoS2-b52790.json
2026-06-28 21:51:52 | INFO     | OK https://skeb.jp/api/users/0721Kin29n
2026-06-28 21:51:52 | INFO     | Saving at a/skeb/0721Kin29n-58b324.json
2026-06-28 21:51:52 | INFO     | OK https://skeb.jp/api/users/sinnpeikamo
2026-06-28 21:51:52 | INFO     | Saving at a/skeb/sinnpeikamo-f779bf.json
2026-06-28 21:51:53 | INFO     | OK https://skeb.jp/api/users/eneko_666
2026-06-28 21:51:53 | INFO     | Saving at a/skeb/eneko_666-ec51e1.json
2026-06-28 21:51:53 | INFO     | OK https://skeb.jp/api/users/Ii1s_o
2026-06-28 21:51:53 | INFO     | Saving at a/skeb/Ii1s_o-b5df0e.json
2026-06-28 21:51:53 | INFO     | OK https://skeb.jp/api/users/sio_kakeruhito
2026-06-28 21:51:53 | INFO     | Saving at a/skeb/sio_kakeruhito-a4dd16.json
2026-06-28 21:51:54 | INFO     | OK https://skeb.jp/api/users/leoleoleonard
2026-06-28 21:51:54 | INFO     | Saving at a/skeb/leoleoleonard-4329cc.json
2026-06-28 21:51:54 | INFO     | OK https://skeb.jp/api/users/aktrp9
2026-06-28 21:51:54 | INFO     | Saving at a/skeb/aktrp9-2b1e8c.json
2026-06-28 21:51:54 | INFO     | OK https://skeb.jp/api/users/mchonsub
2026-06-28 21:51:54 | INFO     | Saving at a/skeb/mchonsub-fbbc25.json
2026-06-28 21:51:55 | INFO     | OK https://skeb.jp/api/users/Krm94xxx
2026-06-28 21:51:55 | INFO     | Saving at a/skeb/Krm94xxx-727e83.json
2026-06-28 21:51:55 | INFO     | OK https://skeb.jp/api/users/hushigi10
2026-06-28 21:51:55 | INFO     | Saving at a/skeb/hushigi10-17aab9.json
2026-06-28 21:51:55 | INFO     | OK https://skeb.jp/api/users/NUKUNUKU_A
2026-06-28 21:51:55 | INFO     | Saving at a/skeb/NUKUNUKU_A-dd81fb.json
2026-06-28 21:51:55 | INFO     | OK https://skeb.jp/api/users/LostVamrose
2026-06-28 21:51:55 | INFO     | Saving at a/skeb/LostVamrose-578d03.json
2026-06-28 21:51:56 | INFO     | OK https://skeb.jp/api/users/Kitasato0810
2026-06-28 21:51:56 | INFO     | Saving at a/skeb/Kitasato0810-e899e9.json
2026-06-28 21:51:56 | INFO     | OK https://skeb.jp/api/users/anninzZ
2026-06-28 21:51:56 | INFO     | Saving at a/skeb/anninzZ-3dd47d.json
2026-06-28 21:51:57 | INFO     | OK https://skeb.jp/api/users/nintoku619
2026-06-28 21:51:57 | INFO     | Saving at a/skeb/nintoku619-f08d5e.json
2026-06-28 21:51:57 | INFO     | OK https://skeb.jp/api/users/75RYrNYp9rtngjo
2026-06-28 21:51:57 | INFO     | Saving at a/skeb/75RYrNYp9rtngjo-69dfee.json
2026-06-28 21:51:57 | INFO     | OK https://skeb.jp/api/users/Phastbyte
2026-06-28 21:51:57 | INFO     | Saving at a/skeb/Phastbyte-bcfe0a.json
2026-06-28 21:51:57 | INFO     | OK https://skeb.jp/api/users/renznyanya
2026-06-28 21:51:57 | INFO     | Saving at a/skeb/renznyanya-3ca26a.json
2026-06-28 21:51:58 | INFO     | OK https://skeb.jp/api/users/x_nnmen_xp
2026-06-28 21:51:58 | INFO     | Saving at a/skeb/x_nnmen_xp-cb7e8c.json
2026-06-28 21:51:58 | INFO     | OK https://skeb.jp/api/users/Popo_BearChan
2026-06-28 21:51:58 | INFO     | Saving at a/skeb/Popo_BearChan-9cf34b.json
2026-06-28 21:51:59 | INFO     | OK https://skeb.jp/api/users/nojimanonojiko
2026-06-28 21:51:59 | INFO     | Saving at a/skeb/nojimanonojiko-f0790b.json
2026-06-28 21:51:59 | INFO     | OK https://skeb.jp/api/users/nnwnoirox3
2026-06-28 21:51:59 | INFO     | Saving at a/skeb/nnwnoirox3-af6914.json
2026-06-28 21:51:59 | INFO     | OK https://skeb.jp/api/users/Mwah_chan
2026-06-28 21:51:59 | INFO     | Saving at a/skeb/Mwah_chan-87b6ea.json
2026-06-28 21:52:00 | INFO     | OK https://skeb.jp/api/users/pao__lily
2026-06-28 21:52:00 | INFO     | Saving at a/skeb/pao__lily-255064.json
2026-06-28 21:52:00 | INFO     | OK https://skeb.jp/api/users/konekone_aneki
2026-06-28 21:52:00 | INFO     | Saving at a/skeb/konekone_aneki-060bec.json
2026-06-28 21:52:00 | INFO     | OK https://skeb.jp/api/users/enokitake258
2026-06-28 21:52:00 | INFO     | Saving at a/skeb/enokitake258-94b728.json
2026-06-28 21:52:01 | INFO     | OK https://skeb.jp/api/users/ranse237
2026-06-28 21:52:01 | INFO     | Saving at a/skeb/ranse237-372dc5.json
2026-06-28 21:52:01 | INFO     | OK https://skeb.jp/api/users/kachiu144
2026-06-28 21:52:01 | INFO     | Saving at a/skeb/kachiu144-c6860e.json
2026-06-28 21:52:01 | INFO     | OK https://skeb.jp/api/users/kawaii_55x
2026-06-28 21:52:01 | INFO     | Saving at a/skeb/kawaii_55x-60cd80.json
2026-06-28 21:52:02 | INFO     | OK https://skeb.jp/api/users/matukituneAtto
2026-06-28 21:52:02 | INFO     | Saving at a/skeb/matukituneAtto-0c1af4.json
2026-06-28 21:52:02 | INFO     | OK https://skeb.jp/api/users/l_o_a_f_
2026-06-28 21:52:02 | INFO     | Saving at a/skeb/l_o_a_f_-0f31f2.json
2026-06-28 21:52:02 | INFO     | OK https://skeb.jp/api/users/t7ahi
2026-06-28 21:52:02 | INFO     | Saving at a/skeb/t7ahi-dbc850.json
2026-06-28 21:52:03 | INFO     | OK https://skeb.jp/api/users/QB_dayoo
2026-06-28 21:52:03 | INFO     | Saving at a/skeb/QB_dayoo-125a3b.json
2026-06-28 21:52:03 | INFO     | OK https://skeb.jp/api/users/u_uchaaan
2026-06-28 21:52:03 | INFO     | Saving at a/skeb/u_uchaaan-457183.json
2026-06-28 21:52:03 | INFO     | OK https://skeb.jp/api/users/hi4kodesu
2026-06-28 21:52:03 | INFO     | Saving at a/skeb/hi4kodesu-0b4f49.json
2026-06-28 21:52:04 | INFO     | OK https://skeb.jp/api/users/hanpen_marumaru
2026-06-28 21:52:04 | INFO     | Saving at a/skeb/hanpen_marumaru-13bcca.json
2026-06-28 21:52:04 | INFO     | OK https://skeb.jp/api/users/szk_cell
2026-06-28 21:52:04 | INFO     | Saving at a/skeb/szk_cell-b93dc3.json
2026-06-28 21:52:04 | INFO     | OK https://skeb.jp/api/users/chimidoroid
2026-06-28 21:52:04 | INFO     | Saving at a/skeb/chimidoroid-c8f95a.json
2026-06-28 21:52:04 | INFO     | OK https://skeb.jp/api/users/yanndere_daiso
2026-06-28 21:52:04 | INFO     | Saving at a/skeb/yanndere_daiso-ab01aa.json
2026-06-28 21:52:05 | INFO     | OK https://skeb.jp/api/users/abzdrba
2026-06-28 21:52:05 | INFO     | Saving at a/skeb/abzdrba-7d6668.json
2026-06-28 21:52:05 | INFO     | OK https://skeb.jp/api/users/0721Mikoko
2026-06-28 21:52:05 | INFO     | Saving at a/skeb/0721Mikoko-b820d0.json
2026-06-28 21:52:06 | INFO     | OK https://skeb.jp/api/users/Sjtih9hMzX
2026-06-28 21:52:06 | INFO     | Saving at a/skeb/Sjtih9hMzX-17eeb3.json
2026-06-28 21:52:06 | INFO     | OK https://skeb.jp/api/users/fl_to1
2026-06-28 21:52:06 | INFO     | Saving at a/skeb/fl_to1-1cc825.json
2026-06-28 21:52:06 | INFO     | OK https://skeb.jp/api/users/__teasan__
2026-06-28 21:52:06 | INFO     | Saving at a/skeb/__teasan__-ebe698.json
2026-06-28 21:52:07 | INFO     | OK https://skeb.jp/api/users/marebosi
2026-06-28 21:52:07 | INFO     | Saving at a/skeb/marebosi-cad9fb.json
2026-06-28 21:52:07 | INFO     | OK https://skeb.jp/api/users/iro_iro_iroo
2026-06-28 21:52:07 | INFO     | Saving at a/skeb/iro_iro_iroo-69654d.json
2026-06-28 21:52:07 | INFO     | OK https://skeb.jp/api/users/zimasanda2
2026-06-28 21:52:07 | INFO     | Saving at a/skeb/zimasanda2-699d9d.json
2026-06-28 21:52:08 | INFO     | OK https://skeb.jp/api/users/16mei
2026-06-28 21:52:08 | INFO     | Saving at a/skeb/16mei-42035e.json
2026-06-28 21:52:08 | INFO     | OK https://skeb.jp/api/users/Nakasago35
2026-06-28 21:52:08 | INFO     | Saving at a/skeb/Nakasago35-a4c3ec.json
2026-06-28 21:52:08 | INFO     | OK https://skeb.jp/api/users/X3rIMpiGxXMFRWO
2026-06-28 21:52:08 | INFO     | Saving at a/skeb/X3rIMpiGxXMFRWO-c688a6.json
2026-06-28 21:52:09 | INFO     | OK https://skeb.jp/api/users/ebihara__m
2026-06-28 21:52:09 | INFO     | Saving at a/skeb/ebihara__m-f9412b.json
2026-06-28 21:52:09 | INFO     | OK https://skeb.jp/api/users/mocanooo
2026-06-28 21:52:09 | INFO     | Saving at a/skeb/mocanooo-266c2c.json
2026-06-28 21:52:09 | INFO     | OK https://skeb.jp/api/users/REKu_1010
2026-06-28 21:52:09 | INFO     | Saving at a/skeb/REKu_1010-8ed934.json
2026-06-28 21:52:09 | INFO     | OK https://skeb.jp/api/users/irodori_drawpic
2026-06-28 21:52:09 | INFO     | Saving at a/skeb/irodori_drawpic-536b12.json
2026-06-28 21:52:10 | INFO     | OK https://skeb.jp/api/users/kesokeso_keso
2026-06-28 21:52:10 | INFO     | Saving at a/skeb/kesokeso_keso-430d1a.json
2026-06-28 21:52:10 | INFO     | OK https://skeb.jp/api/users/nnidotxx
2026-06-28 21:52:10 | INFO     | Saving at a/skeb/nnidotxx-b8af28.json
2026-06-28 21:52:11 | INFO     | OK https://skeb.jp/api/users/korondekoron26
2026-06-28 21:52:11 | INFO     | Saving at a/skeb/korondekoron26-139287.json
2026-06-28 21:52:11 | INFO     | OK https://skeb.jp/api/users/hiirosii_pants
2026-06-28 21:52:11 | INFO     | Saving at a/skeb/hiirosii_pants-c264d7.json
2026-06-28 21:52:11 | INFO     | OK https://skeb.jp/api/users/5910D0G
2026-06-28 21:52:11 | INFO     | Saving at a/skeb/5910D0G-85886d.json
2026-06-28 21:52:11 | INFO     | OK https://skeb.jp/api/users/hoshimi220
2026-06-28 21:52:11 | INFO     | Saving at a/skeb/hoshimi220-436e76.json
2026-06-28 21:52:12 | INFO     | OK https://skeb.jp/api/users/motigome_0130
2026-06-28 21:52:12 | INFO     | Saving at a/skeb/motigome_0130-608289.json
2026-06-28 21:52:12 | INFO     | OK https://skeb.jp/api/users/47shina47
2026-06-28 21:52:12 | INFO     | Saving at a/skeb/47shina47-510b8f.json
2026-06-28 21:52:13 | INFO     | OK https://skeb.jp/api/users/ACT47182186
2026-06-28 21:52:13 | INFO     | Saving at a/skeb/ACT47182186-896fb1.json
2026-06-28 21:52:13 | INFO     | OK https://skeb.jp/api/users/lulu_akituki
2026-06-28 21:52:13 | INFO     | Saving at a/skeb/lulu_akituki-60c122.json
2026-06-28 21:52:13 | INFO     | OK https://skeb.jp/api/users/koto_san96
2026-06-28 21:52:13 | INFO     | Saving at a/skeb/koto_san96-02c01b.json
2026-06-28 21:52:13 | INFO     | OK https://skeb.jp/api/users/rinrinnarase
2026-06-28 21:52:13 | INFO     | Saving at a/skeb/rinrinnarase-91b242.json
2026-06-28 21:52:14 | INFO     | OK https://skeb.jp/api/users/meke77842928
2026-06-28 21:52:14 | INFO     | Saving at a/skeb/meke77842928-47b9b1.json
2026-06-28 21:52:14 | INFO     | OK https://skeb.jp/api/users/KIBADORI_Rue
2026-06-28 21:52:14 | INFO     | Saving at a/skeb/KIBADORI_Rue-6cda70.json
2026-06-28 21:52:14 | INFO     | OK https://skeb.jp/api/users/KotoriMuro770
2026-06-28 21:52:14 | INFO     | Saving at a/skeb/KotoriMuro770-f18844.json
2026-06-28 21:52:15 | INFO     | OK https://skeb.jp/api/users/Nyatoruhu
2026-06-28 21:52:15 | INFO     | Saving at a/skeb/Nyatoruhu-2e6ee1.json
2026-06-28 21:52:15 | INFO     | OK https://skeb.jp/api/users/0maari0
2026-06-28 21:52:15 | INFO     | Saving at a/skeb/0maari0-acf2d8.json
2026-06-28 21:52:16 | INFO     | OK https://skeb.jp/api/users/250t
2026-06-28 21:52:16 | INFO     | Saving at a/skeb/250t-d39145.json
2026-06-28 21:52:16 | INFO     | OK https://skeb.jp/api/users/calicchio23
2026-06-28 21:52:16 | INFO     | Saving at a/skeb/calicchio23-801992.json
2026-06-28 21:52:16 | INFO     | OK https://skeb.jp/api/users/ZoZ_3307
2026-06-28 21:52:16 | INFO     | Saving at a/skeb/ZoZ_3307-5c0c22.json
2026-06-28 21:52:16 | INFO     | OK https://skeb.jp/api/users/nyohehe924
2026-06-28 21:52:16 | INFO     | Saving at a/skeb/nyohehe924-8cd390.json
2026-06-28 21:52:17 | INFO     | OK https://skeb.jp/api/users/toshima19699496
2026-06-28 21:52:17 | INFO     | Saving at a/skeb/toshima19699496-08bac0.json
2026-06-28 21:52:17 | INFO     | OK https://skeb.jp/api/users/yyy
2026-06-28 21:52:17 | INFO     | Saving at a/skeb/yyy-f0a405.json
2026-06-28 21:52:18 | INFO     | OK https://skeb.jp/api/users/gi4_xz
2026-06-28 21:52:18 | INFO     | Saving at a/skeb/gi4_xz-a51e42.json
2026-06-28 21:52:18 | INFO     | OK https://skeb.jp/api/users/rawell1963
2026-06-28 21:52:18 | INFO     | Saving at a/skeb/rawell1963-eae87e.json
2026-06-28 21:52:18 | INFO     | OK https://skeb.jp/api/users/ARNUSI
2026-06-28 21:52:18 | INFO     | Saving at a/skeb/ARNUSI-2e3fe6.json
2026-06-28 21:52:18 | INFO     | OK https://skeb.jp/api/users/V0_ID11
2026-06-28 21:52:19 | INFO     | Saving at a/skeb/V0_ID11-37855f.json
2026-06-28 21:52:19 | INFO     | OK https://skeb.jp/api/users/B_drops10
2026-06-28 21:52:19 | INFO     | Saving at a/skeb/B_drops10-f19fe0.json
2026-06-28 21:52:19 | INFO     | OK https://skeb.jp/api/users/Boku_jou
2026-06-28 21:52:19 | INFO     | Saving at a/skeb/Boku_jou-9118ac.json
2026-06-28 21:52:20 | INFO     | OK https://skeb.jp/api/users/cc0mn
2026-06-28 21:52:20 | INFO     | Saving at a/skeb/cc0mn-272951.json
2026-06-28 21:52:20 | INFO     | OK https://skeb.jp/api/users/hknk_029
2026-06-28 21:52:20 | INFO     | Saving at a/skeb/hknk_029-5a72b3.json
2026-06-28 21:52:20 | INFO     | OK https://skeb.jp/api/users/krei_ss_
2026-06-28 21:52:20 | INFO     | Saving at a/skeb/krei_ss_-e120ac.json
2026-06-28 21:52:20 | INFO     | OK https://skeb.jp/api/users/tropicalkuma
2026-06-28 21:52:20 | INFO     | Saving at a/skeb/tropicalkuma-d602c2.json
2026-06-28 21:52:21 | INFO     | OK https://skeb.jp/api/users/JuiceboxPixel
2026-06-28 21:52:21 | INFO     | Saving at a/skeb/JuiceboxPixel-5ea0a1.json
2026-06-28 21:52:21 | INFO     | OK https://skeb.jp/api/users/minabe_6711
2026-06-28 21:52:21 | INFO     | Saving at a/skeb/minabe_6711-220591.json
2026-06-28 21:52:21 | INFO     | OK https://skeb.jp/api/users/Peroperokun3
2026-06-28 21:52:21 | INFO     | Saving at a/skeb/Peroperokun3-6061c3.json
2026-06-28 21:52:22 | INFO     | OK https://skeb.jp/api/users/shoukyoi
2026-06-28 21:52:22 | INFO     | Saving at a/skeb/shoukyoi-932887.json
2026-06-28 21:52:22 | INFO     | OK https://skeb.jp/api/users/wrb_7777
2026-06-28 21:52:22 | INFO     | Saving at a/skeb/wrb_7777-33d776.json
2026-06-28 21:52:22 | INFO     | OK https://skeb.jp/api/users/_negau_
2026-06-28 21:52:22 | INFO     | Saving at a/skeb/_negau_-8d52e6.json
2026-06-28 21:52:23 | INFO     | OK https://skeb.jp/api/users/MayYuuDay
2026-06-28 21:52:23 | INFO     | Saving at a/skeb/MayYuuDay-1345a8.json
2026-06-28 21:52:23 | INFO     | OK https://skeb.jp/api/users/gupmihoniumu
2026-06-28 21:52:23 | INFO     | Saving at a/skeb/gupmihoniumu-58b413.json
2026-06-28 21:52:24 | INFO     | OK https://skeb.jp/api/users/RAKU_JIN
2026-06-28 21:52:24 | INFO     | Saving at a/skeb/RAKU_JIN-4c33ae.json
2026-06-28 21:52:24 | INFO     | OK https://skeb.jp/api/users/howa___4
2026-06-28 21:52:24 | INFO     | Saving at a/skeb/howa___4-4324a0.json
2026-06-28 21:52:24 | INFO     | OK https://skeb.jp/api/users/nogamitch3
2026-06-28 21:52:24 | INFO     | Saving at a/skeb/nogamitch3-3bab09.json
2026-06-28 21:52:25 | INFO     | OK https://skeb.jp/api/users/westmaison1
2026-06-28 21:52:25 | INFO     | Saving at a/skeb/westmaison1-ef96b5.json
2026-06-28 21:52:25 | INFO     | OK https://skeb.jp/api/users/zicbx
2026-06-28 21:52:25 | INFO     | Saving at a/skeb/zicbx-8174b4.json
2026-06-28 21:52:25 | INFO     | OK https://skeb.jp/api/users/hamelon310
2026-06-28 21:52:25 | INFO     | Saving at a/skeb/hamelon310-d25e72.json
2026-06-28 21:52:26 | INFO     | OK https://skeb.jp/api/users/inposamu
2026-06-28 21:52:26 | INFO     | Saving at a/skeb/inposamu-020a88.json
2026-06-28 21:52:26 | INFO     | OK https://skeb.jp/api/users/_uc15
2026-06-28 21:52:26 | INFO     | Saving at a/skeb/_uc15-7360fa.json
2026-06-28 21:52:26 | INFO     | OK https://skeb.jp/api/users/simanokoB
2026-06-28 21:52:26 | INFO     | Saving at a/skeb/simanokoB-977cb7.json
2026-06-28 21:52:26 | INFO     | OK https://skeb.jp/api/users/sowasowart
2026-06-28 21:52:26 | INFO     | Saving at a/skeb/sowasowart-a5f459.json
2026-06-28 21:52:27 | INFO     | OK https://skeb.jp/api/users/ttaeelll
2026-06-28 21:52:27 | INFO     | Saving at a/skeb/ttaeelll-75a435.json
2026-06-28 21:52:27 | INFO     | OK https://skeb.jp/api/users/milytandane
2026-06-28 21:52:27 | INFO     | Saving at a/skeb/milytandane-e57ebb.json
2026-06-28 21:52:27 | INFO     | OK https://skeb.jp/api/users/e08312828
2026-06-28 21:52:27 | INFO     | Saving at a/skeb/e08312828-62ad95.json
2026-06-28 21:52:28 | INFO     | OK https://skeb.jp/api/users/Patek_007
2026-06-28 21:52:28 | INFO     | Saving at a/skeb/Patek_007-5f4dd5.json
2026-06-28 21:52:28 | INFO     | OK https://skeb.jp/api/users/nekonekoa386
2026-06-28 21:52:28 | INFO     | Saving at a/skeb/nekonekoa386-007897.json
2026-06-28 21:52:29 | INFO     | OK https://skeb.jp/api/users/inthe459
2026-06-28 21:52:29 | INFO     | Saving at a/skeb/inthe459-e33dc1.json
2026-06-28 21:52:29 | INFO     | OK https://skeb.jp/api/users/monagura
2026-06-28 21:52:29 | INFO     | Saving at a/skeb/monagura-e1875c.json
2026-06-28 21:52:29 | INFO     | OK https://skeb.jp/api/users/I_was_a_B
2026-06-28 21:52:29 | INFO     | Saving at a/skeb/I_was_a_B-1b24a9.json
2026-06-28 21:52:29 | INFO     | OK https://skeb.jp/api/users/suzuno3110
2026-06-28 21:52:29 | INFO     | Saving at a/skeb/suzuno3110-1059df.json
2026-06-28 21:52:30 | INFO     | OK https://skeb.jp/api/users/Neriedor
2026-06-28 21:52:30 | INFO     | Saving at a/skeb/Neriedor-1f662e.json
2026-06-28 21:52:30 | INFO     | OK https://skeb.jp/api/users/_shake_onigiri
2026-06-28 21:52:30 | INFO     | Saving at a/skeb/_shake_onigiri-cf4b24.json
2026-06-28 21:52:30 | INFO     | OK https://skeb.jp/api/users/Ritsuki_Shimabu
2026-06-28 21:52:30 | INFO     | Saving at a/skeb/Ritsuki_Shimabu-ef7865.json
2026-06-28 21:52:31 | INFO     | OK https://skeb.jp/api/users/dermar_gg
2026-06-28 21:52:31 | INFO     | Saving at a/skeb/dermar_gg-93649d.json
2026-06-28 21:52:31 | INFO     | OK https://skeb.jp/api/users/1Oll_8
2026-06-28 21:52:31 | INFO     | Saving at a/skeb/1Oll_8-d590f8.json
2026-06-28 21:52:31 | INFO     | OK https://skeb.jp/api/users/ikachangenemaHH
2026-06-28 21:52:31 | INFO     | Saving at a/skeb/ikachangenemaHH-e11f98.json
2026-06-28 21:52:32 | INFO     | OK https://skeb.jp/api/users/rnsesernnuma
2026-06-28 21:52:32 | INFO     | Saving at a/skeb/rnsesernnuma-bf756f.json
2026-06-28 21:52:32 | INFO     | OK https://skeb.jp/api/users/Cra4ura
2026-06-28 21:52:32 | INFO     | Saving at a/skeb/Cra4ura-60ee8d.json
2026-06-28 21:52:33 | INFO     | OK https://skeb.jp/api/users/shintyoi2
2026-06-28 21:52:33 | INFO     | Saving at a/skeb/shintyoi2-4b1a7e.json
2026-06-28 21:52:33 | INFO     | OK https://skeb.jp/api/users/Nekoma_Shion
2026-06-28 21:52:33 | INFO     | Saving at a/skeb/Nekoma_Shion-f67e21.json
2026-06-28 21:52:33 | INFO     | OK https://skeb.jp/api/users/ka_i_xx
2026-06-28 21:52:33 | INFO     | Saving at a/skeb/ka_i_xx-b567f4.json
2026-06-28 21:52:34 | INFO     | OK https://skeb.jp/api/users/ggggsor
2026-06-28 21:52:34 | INFO     | Saving at a/skeb/ggggsor-16a820.json
2026-06-28 21:52:34 | INFO     | OK https://skeb.jp/api/users/Nyanzoo___
2026-06-28 21:52:34 | INFO     | Saving at a/skeb/Nyanzoo___-139de3.json
2026-06-28 21:52:34 | INFO     | OK https://skeb.jp/api/users/simasimaopantu
2026-06-28 21:52:34 | INFO     | Saving at a/skeb/simasimaopantu-ed3e1b.json
2026-06-28 21:52:34 | INFO     | OK https://skeb.jp/api/users/YUKIworks2024
2026-06-28 21:52:34 | INFO     | Saving at a/skeb/YUKIworks2024-b4ef95.json
2026-06-28 21:52:35 | INFO     | OK https://skeb.jp/api/users/epicure_no12
2026-06-28 21:52:35 | INFO     | Saving at a/skeb/epicure_no12-583ab2.json
2026-06-28 21:52:35 | INFO     | OK https://skeb.jp/api/users/kome_illust
2026-06-28 21:52:35 | INFO     | Saving at a/skeb/kome_illust-5e9c28.json
2026-06-28 21:52:35 | INFO     | OK https://skeb.jp/api/users/LUWANQO
2026-06-28 21:52:35 | INFO     | Saving at a/skeb/LUWANQO-a69f48.json
2026-06-28 21:52:36 | INFO     | OK https://skeb.jp/api/users/_berrytrt
2026-06-28 21:52:36 | INFO     | Saving at a/skeb/_berrytrt-8fb715.json
2026-06-28 21:52:36 | INFO     | OK https://skeb.jp/api/users/akiha99
2026-06-28 21:52:36 | INFO     | Saving at a/skeb/akiha99-71a7b3.json
2026-06-28 21:52:37 | INFO     | OK https://skeb.jp/api/users/BlytheCd
2026-06-28 21:52:37 | INFO     | Saving at a/skeb/BlytheCd-6aaa48.json
2026-06-28 21:52:37 | INFO     | OK https://skeb.jp/api/users/piyotarou28
2026-06-28 21:52:37 | INFO     | Saving at a/skeb/piyotarou28-9c7091.json
2026-06-28 21:52:37 | INFO     | OK https://skeb.jp/api/users/cowocz
2026-06-28 21:52:37 | INFO     | Saving at a/skeb/cowocz-9298e4.json
2026-06-28 21:52:38 | INFO     | OK https://skeb.jp/api/users/EgoMixer
2026-06-28 21:52:38 | INFO     | Saving at a/skeb/EgoMixer-cdf74b.json
2026-06-28 21:52:38 | INFO     | OK https://skeb.jp/api/users/muchinkicorp
2026-06-28 21:52:38 | INFO     | Saving at a/skeb/muchinkicorp-e4619b.json
2026-06-28 21:52:38 | INFO     | OK https://skeb.jp/api/users/fre_ssssss
2026-06-28 21:52:38 | INFO     | Saving at a/skeb/fre_ssssss-72a743.json
2026-06-28 21:52:38 | INFO     | OK https://skeb.jp/api/users/yasasisa_hosii
2026-06-28 21:52:38 | INFO     | Saving at a/skeb/yasasisa_hosii-2cdf19.json
2026-06-28 21:52:39 | INFO     | OK https://skeb.jp/api/users/hamidemachi
2026-06-28 21:52:39 | INFO     | Saving at a/skeb/hamidemachi-e10fe2.json
2026-06-28 21:52:39 | INFO     | OK https://skeb.jp/api/users/nekochatto
2026-06-28 21:52:39 | INFO     | Saving at a/skeb/nekochatto-881e10.json
2026-06-28 21:52:40 | INFO     | OK https://skeb.jp/api/users/libertasgenesis
2026-06-28 21:52:40 | INFO     | Saving at a/skeb/libertasgenesis-ef7f8a.json
2026-06-28 21:52:40 | INFO     | OK https://skeb.jp/api/users/Akasaki_2130
2026-06-28 21:52:40 | INFO     | Saving at a/skeb/Akasaki_2130-786589.json
2026-06-28 21:52:40 | INFO     | OK https://skeb.jp/api/users/29jyu_umami
2026-06-28 21:52:40 | INFO     | Saving at a/skeb/29jyu_umami-33ebde.json
2026-06-28 21:52:41 | INFO     | OK https://skeb.jp/api/users/EV_shiro
2026-06-28 21:52:41 | INFO     | Saving at a/skeb/EV_shiro-e948cd.json
2026-06-28 21:52:41 | INFO     | OK https://skeb.jp/api/users/Cr24_960
2026-06-28 21:52:41 | INFO     | Saving at a/skeb/Cr24_960-524779.json
2026-06-28 21:52:41 | INFO     | OK https://skeb.jp/api/users/tokikosann_koko
2026-06-28 21:52:41 | INFO     | Saving at a/skeb/tokikosann_koko-957733.json
2026-06-28 21:52:41 | INFO     | OK https://skeb.jp/api/users/nisaeca_69
2026-06-28 21:52:41 | INFO     | Saving at a/skeb/nisaeca_69-1f829d.json
2026-06-28 21:52:42 | INFO     | OK https://skeb.jp/api/users/enotarou1008
2026-06-28 21:52:42 | INFO     | Saving at a/skeb/enotarou1008-908cd0.json
2026-06-28 21:52:42 | INFO     | OK https://skeb.jp/api/users/choco_pic_ton
2026-06-28 21:52:42 | INFO     | Saving at a/skeb/choco_pic_ton-3bafd3.json
2026-06-28 21:52:42 | INFO     | OK https://skeb.jp/api/users/posya975
2026-06-28 21:52:42 | INFO     | Saving at a/skeb/posya975-1f83b4.json
2026-06-28 21:52:43 | INFO     | OK https://skeb.jp/api/users/MaruiUsausagi
2026-06-28 21:52:43 | INFO     | Saving at a/skeb/MaruiUsausagi-83f695.json
2026-06-28 21:52:43 | INFO     | OK https://skeb.jp/api/users/mrn_srsr
2026-06-28 21:52:43 | INFO     | Saving at a/skeb/mrn_srsr-efb4f9.json
2026-06-28 21:52:44 | INFO     | OK https://skeb.jp/api/users/LaCeys_ES
2026-06-28 21:52:44 | INFO     | Saving at a/skeb/LaCeys_ES-07a00e.json
2026-06-28 21:52:44 | INFO     | OK https://skeb.jp/api/users/l8Oluv_star
2026-06-28 21:52:44 | INFO     | Saving at a/skeb/l8Oluv_star-95fb50.json
2026-06-28 21:52:44 | INFO     | OK https://skeb.jp/api/users/suu_wo6751
2026-06-28 21:52:44 | INFO     | Saving at a/skeb/suu_wo6751-bb9704.json
2026-06-28 21:52:45 | INFO     | OK https://skeb.jp/api/users/Acine_to
2026-06-28 21:52:45 | INFO     | Saving at a/skeb/Acine_to-909cb8.json
2026-06-28 21:52:45 | INFO     | OK https://skeb.jp/api/users/X___Xww
2026-06-28 21:52:45 | INFO     | Saving at a/skeb/X___Xww-269afa.json
2026-06-28 21:52:45 | INFO     | OK https://skeb.jp/api/users/shibori0221
2026-06-28 21:52:45 | INFO     | Saving at a/skeb/shibori0221-f57eb7.json
2026-06-28 21:52:45 | INFO     | OK https://skeb.jp/api/users/okumuramoco
2026-06-28 21:52:45 | INFO     | Saving at a/skeb/okumuramoco-6aef13.json
2026-06-28 21:52:46 | INFO     | OK https://skeb.jp/api/users/Cater_Cats
2026-06-28 21:52:46 | INFO     | Saving at a/skeb/Cater_Cats-332184.json
2026-06-28 21:52:46 | INFO     | OK https://skeb.jp/api/users/proto_setaron
2026-06-28 21:52:46 | INFO     | Saving at a/skeb/proto_setaron-25d40a.json
2026-06-28 21:52:47 | INFO     | OK https://skeb.jp/api/users/deburi
2026-06-28 21:52:47 | INFO     | Saving at a/skeb/deburi-43050c.json
2026-06-28 21:52:47 | INFO     | OK https://skeb.jp/api/users/wayon514
2026-06-28 21:52:47 | INFO     | Saving at a/skeb/wayon514-efcb00.json
2026-06-28 21:52:47 | INFO     | OK https://skeb.jp/api/users/ahiru_tokotoko
2026-06-28 21:52:47 | INFO     | Saving at a/skeb/ahiru_tokotoko-21afce.json
2026-06-28 21:52:47 | INFO     | OK https://skeb.jp/api/users/mikage0495
2026-06-28 21:52:47 | INFO     | Saving at a/skeb/mikage0495-1ddc26.json
2026-06-28 21:52:48 | INFO     | OK https://skeb.jp/api/users/Ransu_33
2026-06-28 21:52:48 | INFO     | Saving at a/skeb/Ransu_33-f61c19.json
2026-06-28 21:52:48 | INFO     | OK https://skeb.jp/api/users/monookimon
2026-06-28 21:52:48 | INFO     | Saving at a/skeb/monookimon-360088.json
2026-06-28 21:52:49 | INFO     | OK https://skeb.jp/api/users/maromaru_1010
2026-06-28 21:52:49 | INFO     | Saving at a/skeb/maromaru_1010-a8f345.json
2026-06-28 21:52:49 | INFO     | OK https://skeb.jp/api/users/nashinokinoi
2026-06-28 21:52:49 | INFO     | Saving at a/skeb/nashinokinoi-037954.json
2026-06-28 21:52:49 | INFO     | OK https://skeb.jp/api/users/kk_o626
2026-06-28 21:52:49 | INFO     | Saving at a/skeb/kk_o626-486856.json
2026-06-28 21:52:49 | INFO     | OK https://skeb.jp/api/users/uni_verse0324
2026-06-28 21:52:49 | INFO     | Saving at a/skeb/uni_verse0324-deee31.json
2026-06-28 21:52:50 | INFO     | OK https://skeb.jp/api/users/pm9e5QWzMk
2026-06-28 21:52:50 | INFO     | Saving at a/skeb/pm9e5QWzMk-bffc7f.json
2026-06-28 21:52:50 | INFO     | OK https://skeb.jp/api/users/yabaihamu
2026-06-28 21:52:50 | INFO     | Saving at a/skeb/yabaihamu-3341d4.json
2026-06-28 21:52:51 | INFO     | OK https://skeb.jp/api/users/mechillow
2026-06-28 21:52:51 | INFO     | Saving at a/skeb/mechillow-813c88.json
2026-06-28 21:52:51 | INFO     | OK https://skeb.jp/api/users/yukine88759
2026-06-28 21:52:51 | INFO     | Saving at a/skeb/yukine88759-ed1d79.json
2026-06-28 21:52:51 | INFO     | OK https://skeb.jp/api/users/2co8pi
2026-06-28 21:52:51 | INFO     | Saving at a/skeb/2co8pi-fd9216.json
2026-06-28 21:52:51 | INFO     | OK https://skeb.jp/api/users/k_szk
2026-06-28 21:52:51 | INFO     | Saving at a/skeb/k_szk-1ef540.json
2026-06-28 21:52:52 | INFO     | OK https://skeb.jp/api/users/Z17708147
2026-06-28 21:52:52 | INFO     | Saving at a/skeb/Z17708147-f6cd2b.json
2026-06-28 21:52:52 | INFO     | OK https://skeb.jp/api/users/Redkingtaraba
2026-06-28 21:52:52 | INFO     | Saving at a/skeb/Redkingtaraba-4e3887.json
2026-06-28 21:52:52 | INFO     | OK https://skeb.jp/api/users/ItRyr0
2026-06-28 21:52:52 | INFO     | Saving at a/skeb/ItRyr0-bbde35.json
2026-06-28 21:52:53 | INFO     | OK https://skeb.jp/api/users/MakinoYukine
2026-06-28 21:52:53 | INFO     | Saving at a/skeb/MakinoYukine-2253d3.json
2026-06-28 21:52:53 | INFO     | OK https://skeb.jp/api/users/wonderworldwood
2026-06-28 21:52:53 | INFO     | Saving at a/skeb/wonderworldwood-fd0101.json
2026-06-28 21:52:54 | INFO     | OK https://skeb.jp/api/users/nukomu_UwU
2026-06-28 21:52:54 | INFO     | Saving at a/skeb/nukomu_UwU-8b2871.json
2026-06-28 21:52:54 | INFO     | OK https://skeb.jp/api/users/minakamin90
2026-06-28 21:52:54 | INFO     | Saving at a/skeb/minakamin90-68c558.json
2026-06-28 21:52:54 | INFO     | OK https://skeb.jp/api/users/lloyua
2026-06-28 21:52:54 | INFO     | Saving at a/skeb/lloyua-5fd922.json
2026-06-28 21:52:54 | INFO     | OK https://skeb.jp/api/users/Tomo_Eokaiteru
2026-06-28 21:52:54 | INFO     | Saving at a/skeb/Tomo_Eokaiteru-d93270.json
2026-06-28 21:52:55 | INFO     | OK https://skeb.jp/api/users/m_w_cat
2026-06-28 21:52:55 | INFO     | Saving at a/skeb/m_w_cat-c126f9.json
2026-06-28 21:52:55 | INFO     | OK https://skeb.jp/api/users/paka_168
2026-06-28 21:52:55 | INFO     | Saving at a/skeb/paka_168-fc041a.json
2026-06-28 21:52:56 | INFO     | OK https://skeb.jp/api/users/rotasqqfv
2026-06-28 21:52:56 | INFO     | Saving at a/skeb/rotasqqfv-45a0d7.json
2026-06-28 21:52:56 | INFO     | OK https://skeb.jp/api/users/tsfL0017
2026-06-28 21:52:56 | INFO     | Saving at a/skeb/tsfL0017-efb4d1.json
2026-06-28 21:52:56 | INFO     | OK https://skeb.jp/api/users/nasuuni
2026-06-28 21:52:56 | INFO     | Saving at a/skeb/nasuuni-a032d6.json
2026-06-28 21:52:56 | INFO     | OK https://skeb.jp/api/users/mutousugar
2026-06-28 21:52:56 | INFO     | Saving at a/skeb/mutousugar-db05e3.json
2026-06-28 21:52:57 | INFO     | OK https://skeb.jp/api/users/zebra_vz
2026-06-28 21:52:57 | INFO     | Saving at a/skeb/zebra_vz-ea89b8.json
2026-06-28 21:52:57 | INFO     | OK https://skeb.jp/api/users/yzrfry
2026-06-28 21:52:57 | INFO     | Saving at a/skeb/yzrfry-d23443.json
2026-06-28 21:52:58 | INFO     | OK https://skeb.jp/api/users/kotee_kotee5
2026-06-28 21:52:58 | INFO     | Saving at a/skeb/kotee_kotee5-8a30c0.json
2026-06-28 21:52:58 | INFO     | OK https://skeb.jp/api/users/tatsuminorensyu
2026-06-28 21:52:58 | INFO     | Saving at a/skeb/tatsuminorensyu-f753f6.json
2026-06-28 21:52:58 | INFO     | OK https://skeb.jp/api/users/Yamaharu_san
2026-06-28 21:52:58 | INFO     | Saving at a/skeb/Yamaharu_san-e11cb3.json
2026-06-28 21:52:58 | INFO     | OK https://skeb.jp/api/users/mo2222mon
2026-06-28 21:52:58 | INFO     | Saving at a/skeb/mo2222mon-0626f6.json
2026-06-28 21:52:59 | INFO     | OK https://skeb.jp/api/users/shoreen0504
2026-06-28 21:52:59 | INFO     | Saving at a/skeb/shoreen0504-54f2be.json
2026-06-28 21:52:59 | INFO     | OK https://skeb.jp/api/users/takako25252525
2026-06-28 21:52:59 | INFO     | Saving at a/skeb/takako25252525-e1b68b.json
2026-06-28 21:52:59 | INFO     | OK https://skeb.jp/api/users/london_222
2026-06-28 21:52:59 | INFO     | Saving at a/skeb/london_222-b88003.json
2026-06-28 21:53:00 | INFO     | OK https://skeb.jp/api/users/libre1907
2026-06-28 21:53:00 | INFO     | Saving at a/skeb/libre1907-bdf7d2.json
2026-06-28 21:53:00 | INFO     | OK https://skeb.jp/api/users/nigakattana_
2026-06-28 21:53:00 | INFO     | Saving at a/skeb/nigakattana_-3ce21a.json
2026-06-28 21:53:01 | INFO     | OK https://skeb.jp/api/users/sugahideo_mk2
2026-06-28 21:53:01 | INFO     | Saving at a/skeb/sugahideo_mk2-b7d70f.json
2026-06-28 21:53:01 | INFO     | OK https://skeb.jp/api/users/homitopomi176
2026-06-28 21:53:01 | INFO     | Saving at a/skeb/homitopomi176-b7c002.json
2026-06-28 21:53:01 | INFO     | OK https://skeb.jp/api/users/EEEKAKU_TOFU
2026-06-28 21:53:01 | INFO     | Saving at a/skeb/EEEKAKU_TOFU-5309f9.json
2026-06-28 21:53:01 | INFO     | OK https://skeb.jp/api/users/KANALEMO_chan
2026-06-28 21:53:01 | INFO     | Saving at a/skeb/KANALEMO_chan-d829c9.json
2026-06-28 21:53:02 | INFO     | OK https://skeb.jp/api/users/hinata_habi_ss
2026-06-28 21:53:02 | INFO     | Saving at a/skeb/hinata_habi_ss-cb087b.json
2026-06-28 21:53:02 | INFO     | OK https://skeb.jp/api/users/Miya_xxx_38
2026-06-28 21:53:02 | INFO     | Saving at a/skeb/Miya_xxx_38-7199e9.json
2026-06-28 21:53:03 | INFO     | OK https://skeb.jp/api/users/mach_ogihara
2026-06-28 21:53:03 | INFO     | Saving at a/skeb/mach_ogihara-e3f87c.json
2026-06-28 21:53:03 | INFO     | OK https://skeb.jp/api/users/mmmow__
2026-06-28 21:53:03 | INFO     | Saving at a/skeb/mmmow__-40b2ed.json
2026-06-28 21:53:03 | INFO     | OK https://skeb.jp/api/users/sarier413
2026-06-28 21:53:03 | INFO     | Saving at a/skeb/sarier413-a3cb9d.json
2026-06-28 21:53:03 | INFO     | OK https://skeb.jp/api/users/10021002kk
2026-06-28 21:53:03 | INFO     | Saving at a/skeb/10021002kk-7da6ca.json
2026-06-28 21:53:04 | INFO     | OK https://skeb.jp/api/users/Yammie
2026-06-28 21:53:04 | INFO     | Saving at a/skeb/Yammie-143533.json
2026-06-28 21:53:04 | INFO     | OK https://skeb.jp/api/users/motu32gou
2026-06-28 21:53:04 | INFO     | Saving at a/skeb/motu32gou-9c4980.json
2026-06-28 21:53:04 | INFO     | OK https://skeb.jp/api/users/otaku_yane
2026-06-28 21:53:04 | INFO     | Saving at a/skeb/otaku_yane-20db5b.json
2026-06-28 21:53:05 | INFO     | OK https://skeb.jp/api/users/amaaaaaaa__sk
2026-06-28 21:53:05 | INFO     | Saving at a/skeb/amaaaaaaa__sk-3ec26d.json
2026-06-28 21:53:05 | INFO     | OK https://skeb.jp/api/users/name_omoitukan2
2026-06-28 21:53:05 | INFO     | Saving at a/skeb/name_omoitukan2-3c4719.json
2026-06-28 21:53:05 | INFO     | OK https://skeb.jp/api/users/gossmm10ws
2026-06-28 21:53:05 | INFO     | Saving at a/skeb/gossmm10ws-8708b9.json
2026-06-28 21:53:06 | INFO     | OK https://skeb.jp/api/users/tonnkatuman
2026-06-28 21:53:06 | INFO     | Saving at a/skeb/tonnkatuman-a9b1ae.json
2026-06-28 21:53:06 | INFO     | OK https://skeb.jp/api/users/emokakimasu
2026-06-28 21:53:06 | INFO     | Saving at a/skeb/emokakimasu-d657b7.json
2026-06-28 21:53:06 | INFO     | OK https://skeb.jp/api/users/berukuto_47
2026-06-28 21:53:06 | INFO     | Saving at a/skeb/berukuto_47-695bbf.json
2026-06-28 21:53:07 | INFO     | OK https://skeb.jp/api/users/Zepitaph
2026-06-28 21:53:07 | INFO     | Saving at a/skeb/Zepitaph-2ffc89.json
2026-06-28 21:53:07 | INFO     | OK https://skeb.jp/api/users/melry_main
2026-06-28 21:53:07 | INFO     | Saving at a/skeb/melry_main-f49a61.json
2026-06-28 21:53:08 | INFO     | OK https://skeb.jp/api/users/heiti__shiki
2026-06-28 21:53:08 | INFO     | Saving at a/skeb/heiti__shiki-19de55.json
2026-06-28 21:53:08 | INFO     | OK https://skeb.jp/api/users/pummeluff39
2026-06-28 21:53:08 | INFO     | Saving at a/skeb/pummeluff39-8f2621.json
2026-06-28 21:53:08 | INFO     | OK https://skeb.jp/api/users/rkrkym
2026-06-28 21:53:08 | INFO     | Saving at a/skeb/rkrkym-685672.json
2026-06-28 21:53:09 | INFO     | OK https://skeb.jp/api/users/today_robi
2026-06-28 21:53:09 | INFO     | Saving at a/skeb/today_robi-662cc4.json
2026-06-28 21:53:09 | INFO     | OK https://skeb.jp/api/users/purinithiXX
2026-06-28 21:53:09 | INFO     | Saving at a/skeb/purinithiXX-442197.json
2026-06-28 21:53:09 | INFO     | OK https://skeb.jp/api/users/e42804
2026-06-28 21:53:09 | INFO     | Saving at a/skeb/e42804-f531a3.json
2026-06-28 21:53:09 | INFO     | OK https://skeb.jp/api/users/sochin_douji
2026-06-28 21:53:09 | INFO     | Saving at a/skeb/sochin_douji-1373d5.json
2026-06-28 21:53:10 | INFO     | OK https://skeb.jp/api/users/egissi_
2026-06-28 21:53:10 | INFO     | Saving at a/skeb/egissi_-eba135.json
2026-06-28 21:53:10 | WARNING  | 429 on https://skeb.jp/api/users/mirageyou (attempt 1/3, rate=1.5/s)
2026-06-28 21:53:10 | INFO     | Backing off 1.8s before retry.
2026-06-28 21:53:16 | WARNING  | 429 on https://skeb.jp/api/users/nanabako_7 (attempt 1/3, rate=0.8/s)
2026-06-28 21:53:16 | INFO     | Backing off 1.9s before retry.
2026-06-28 22:18:12 | INFO     |  --- SUMMARY REPORT --- 
  Sources Retreived    : 3528
  Profiles Fetched     : 599
  Profile Missing      : 0
  Profile Rate Limited : 0
  Profile Error Others : 0

2026-06-28 22:18:12 | INFO     | Started creating static api data.
2026-06-28 22:20:59 | INFO     | Album index written to a/albums/index.json (304 albums)
