2026-08-24 02:01:27 | INFO     | Initialized Data Store.
2026-08-24 02:01:27 | INFO     | Homepage GET status=200 (attempt 1/3)
2026-08-24 02:01:27 | WARNING  | request_key not found in homepage HTML (status=200).
2026-08-24 02:01:27 | INFO     | SkebClient ready (impersonate=chrome120, rate=1.0/s, concurrency=10, max_runtime=10800s)
2026-08-24 02:03:08 | INFO     | Ready to scrape 89 items
2026-08-24 02:03:08 | WARNING  | 404 on https://skeb.jp/api/users/m3x3_sk (attempt 1/3)
2026-08-24 02:03:09 | WARNING  | 404 on https://skeb.jp/api/users/kasha0927 (attempt 1/3)
2026-08-24 02:03:10 | INFO     | OK https://skeb.jp/api/users/pppzett
2026-08-24 02:03:10 | INFO     | Saving at a/skeb/pppzett-35cd4d.json
2026-08-24 02:03:11 | WARNING  | 404 on https://skeb.jp/api/users/m3x3_sk (attempt 2/3)
2026-08-24 02:03:12 | WARNING  | 404 on https://skeb.jp/api/users/nattamati_ (attempt 1/3)
2026-08-24 02:03:13 | WARNING  | 404 on https://skeb.jp/api/users/soraumi2000_50_ (attempt 1/3)
2026-08-24 02:03:14 | INFO     | OK https://skeb.jp/api/users/sorry_i_am_weak
2026-08-24 02:03:14 | INFO     | Saving at a/skeb/sorry_i_am_weak-1919b8.json
2026-08-24 02:03:15 | WARNING  | 404 on https://skeb.jp/api/users/nattamati_ (attempt 2/3)
2026-08-24 02:03:16 | WARNING  | 404 on https://skeb.jp/api/users/aki_ra3_ (attempt 1/3)
2026-08-24 02:03:17 | WARNING  | 404 on https://skeb.jp/api/users/m3x3_sk (attempt 3/3)
2026-08-24 02:03:18 | INFO     | OK https://skeb.jp/api/users/K_a_t_y_11
2026-08-24 02:03:18 | INFO     | Saving at a/skeb/K_a_t_y_11-70ad5e.json
2026-08-24 02:03:19 | INFO     | OK https://skeb.jp/api/users/donpafuzita
2026-08-24 02:03:19 | INFO     | Saving at a/skeb/donpafuzita-b7017d.json
2026-08-24 02:03:20 | WARNING  | 404 on https://skeb.jp/api/users/nattamati_ (attempt 3/3)
2026-08-24 02:03:21 | INFO     | OK https://skeb.jp/api/users/whyborn_YB
2026-08-24 02:03:21 | INFO     | Saving at a/skeb/whyborn_YB-5c3983.json
2026-08-24 02:03:22 | WARNING  | 404 on https://skeb.jp/api/users/se3ifinal (attempt 1/3)
2026-08-24 02:03:23 | WARNING  | 404 on https://skeb.jp/api/users/soraumi2000_50_ (attempt 2/3)
2026-08-24 02:03:24 | WARNING  | 404 on https://skeb.jp/api/users/aki_ra3_ (attempt 2/3)
2026-08-24 02:03:25 | INFO     | OK https://skeb.jp/api/users/chokecho
2026-08-24 02:03:25 | INFO     | Saving at a/skeb/chokecho-25fdf4.json
2026-08-24 02:03:26 | INFO     | OK https://skeb.jp/api/users/taka_studio_
2026-08-24 02:03:26 | INFO     | Saving at a/skeb/taka_studio_-01cb00.json
2026-08-24 02:03:27 | INFO     | OK https://skeb.jp/api/users/nimozimonimoni
2026-08-24 02:03:27 | INFO     | Saving at a/skeb/nimozimonimoni-1677db.json
2026-08-24 02:03:28 | WARNING  | 404 on https://skeb.jp/api/users/kasha0927 (attempt 2/3)
2026-08-24 02:03:29 | WARNING  | 404 on https://skeb.jp/api/users/soraumi2000_50_ (attempt 3/3)
2026-08-24 02:03:30 | WARNING  | 404 on https://skeb.jp/api/users/aki_ra3_ (attempt 3/3)
2026-08-24 02:03:31 | WARNING  | 404 on https://skeb.jp/api/users/fukafuka_no_inu (attempt 1/3)
2026-08-24 02:03:32 | INFO     | OK https://skeb.jp/api/users/nukarumi0310
2026-08-24 02:03:32 | INFO     | Saving at a/skeb/nukarumi0310-66b563.json
2026-08-24 02:03:33 | WARNING  | 404 on https://skeb.jp/api/users/77_t2w (attempt 1/3)
2026-08-24 02:03:34 | WARNING  | 404 on https://skeb.jp/api/users/fukafuka_no_inu (attempt 2/3)
2026-08-24 02:03:35 | INFO     | OK https://skeb.jp/api/users/Laika___3
2026-08-24 02:03:35 | INFO     | Saving at a/skeb/Laika___3-9850f8.json
2026-08-24 02:03:36 | WARNING  | 404 on https://skeb.jp/api/users/se3ifinal (attempt 2/3)
2026-08-24 02:03:37 | WARNING  | 404 on https://skeb.jp/api/users/EDO__nyan (attempt 1/3)
2026-08-24 02:03:38 | WARNING  | 404 on https://skeb.jp/api/users/77_t2w (attempt 2/3)
2026-08-24 02:03:39 | INFO     | OK https://skeb.jp/api/users/sleep_zzz
2026-08-24 02:03:39 | INFO     | Saving at a/skeb/sleep_zzz-01ec6c.json
2026-08-24 02:03:40 | INFO     | OK https://skeb.jp/api/users/mrll8_
2026-08-24 02:03:40 | INFO     | Saving at a/skeb/mrll8_-aeeb5d.json
2026-08-24 02:03:41 | WARNING  | 404 on https://skeb.jp/api/users/EDO__nyan (attempt 2/3)
2026-08-24 02:03:42 | WARNING  | 404 on https://skeb.jp/api/users/killy810 (attempt 1/3)
2026-08-24 02:03:43 | WARNING  | 404 on https://skeb.jp/api/users/Ryuzi_27 (attempt 1/3)
2026-08-24 02:03:44 | WARNING  | 404 on https://skeb.jp/api/users/se3ifinal (attempt 3/3)
2026-08-24 02:03:45 | WARNING  | 404 on https://skeb.jp/api/users/ronn_irai (attempt 1/3)
2026-08-24 02:03:46 | WARNING  | 404 on https://skeb.jp/api/users/EDO__nyan (attempt 3/3)
2026-08-24 02:03:47 | WARNING  | 404 on https://skeb.jp/api/users/Ryuzi_27 (attempt 2/3)
2026-08-24 02:03:48 | WARNING  | 404 on https://skeb.jp/api/users/ronn_irai (attempt 2/3)
2026-08-24 02:03:49 | WARNING  | 404 on https://skeb.jp/api/users/77_t2w (attempt 3/3)
2026-08-24 02:03:50 | INFO     | OK https://skeb.jp/api/users/uowsaoussi
2026-08-24 02:03:50 | INFO     | Saving at a/skeb/uowsaoussi-7e9758.json
2026-08-24 02:03:51 | INFO     | OK https://skeb.jp/api/users/massgres
2026-08-24 02:03:51 | INFO     | Saving at a/skeb/massgres-a43aff.json
2026-08-24 02:03:52 | INFO     | OK https://skeb.jp/api/users/shichishino
2026-08-24 02:03:52 | INFO     | Saving at a/skeb/shichishino-a799ac.json
2026-08-24 02:03:53 | WARNING  | 404 on https://skeb.jp/api/users/Ryuzi_27 (attempt 3/3)
2026-08-24 02:03:54 | WARNING  | 404 on https://skeb.jp/api/users/killy810 (attempt 2/3)
2026-08-24 02:03:55 | WARNING  | 404 on https://skeb.jp/api/users/_meruruto_ (attempt 1/3)
2026-08-24 02:03:56 | WARNING  | 404 on https://skeb.jp/api/users/ronn_irai (attempt 3/3)
2026-08-24 02:03:57 | WARNING  | 404 on https://skeb.jp/api/users/mimamorichan (attempt 1/3)
2026-08-24 02:03:58 | WARNING  | 404 on https://skeb.jp/api/users/_meruruto_ (attempt 2/3)
2026-08-24 02:03:59 | INFO     | OK https://skeb.jp/api/users/m_k_k_m_O
2026-08-24 02:03:59 | INFO     | Saving at a/skeb/m_k_k_m_O-7bbbd9.json
2026-08-24 02:04:00 | WARNING  | 404 on https://skeb.jp/api/users/kasha0927 (attempt 3/3)
2026-08-24 02:04:01 | WARNING  | 404 on https://skeb.jp/api/users/mimamorichan (attempt 2/3)
2026-08-24 02:04:02 | INFO     | OK https://skeb.jp/api/users/SakuraVfairy
2026-08-24 02:04:02 | INFO     | Saving at a/skeb/SakuraVfairy-09dd3d.json
2026-08-24 02:04:03 | WARNING  | 404 on https://skeb.jp/api/users/Llu_ulg (attempt 1/3)
2026-08-24 02:04:04 | WARNING  | 404 on https://skeb.jp/api/users/_meruruto_ (attempt 3/3)
2026-08-24 02:04:05 | WARNING  | 404 on https://skeb.jp/api/users/NOm0y0i (attempt 1/3)
2026-08-24 02:04:06 | INFO     | OK https://skeb.jp/api/users/_moeks
2026-08-24 02:04:06 | INFO     | Saving at a/skeb/_moeks-4f5803.json
2026-08-24 02:04:07 | WARNING  | 404 on https://skeb.jp/api/users/T4k73gqSZ26h5si (attempt 1/3)
2026-08-24 02:04:08 | INFO     | OK https://skeb.jp/api/users/_ponunu
2026-08-24 02:04:08 | INFO     | Saving at a/skeb/_ponunu-fdee2a.json
2026-08-24 02:04:09 | WARNING  | 404 on https://skeb.jp/api/users/fukafuka_no_inu (attempt 3/3)
2026-08-24 02:04:10 | WARNING  | 404 on https://skeb.jp/api/users/killy810 (attempt 3/3)
2026-08-24 02:04:11 | WARNING  | 404 on https://skeb.jp/api/users/NOm0y0i (attempt 2/3)
2026-08-24 02:04:12 | INFO     | OK https://skeb.jp/api/users/syouranpe
2026-08-24 02:04:12 | INFO     | Saving at a/skeb/syouranpe-677b1c.json
2026-08-24 02:04:13 | WARNING  | 404 on https://skeb.jp/api/users/nyatta_san (attempt 1/3)
2026-08-24 02:04:14 | WARNING  | 404 on https://skeb.jp/api/users/Henzu_23 (attempt 1/3)
2026-08-24 02:04:15 | WARNING  | 404 on https://skeb.jp/api/users/T4k73gqSZ26h5si (attempt 2/3)
2026-08-24 02:04:16 | WARNING  | 404 on https://skeb.jp/api/users/Llu_ulg (attempt 2/3)
2026-08-24 02:04:17 | WARNING  | 404 on https://skeb.jp/api/users/NOm0y0i (attempt 3/3)
2026-08-24 02:04:18 | WARNING  | 404 on https://skeb.jp/api/users/sakayama_lazuli (attempt 1/3)
2026-08-24 02:04:19 | WARNING  | 404 on https://skeb.jp/api/users/Uo_oU_us (attempt 1/3)
2026-08-24 02:04:20 | WARNING  | 404 on https://skeb.jp/api/users/Henzu_23 (attempt 2/3)
2026-08-24 02:04:21 | WARNING  | 404 on https://skeb.jp/api/users/nyatta_san (attempt 2/3)
2026-08-24 02:04:22 | WARNING  | 404 on https://skeb.jp/api/users/T4k73gqSZ26h5si (attempt 3/3)
2026-08-24 02:04:23 | INFO     | OK https://skeb.jp/api/users/asahi_561
2026-08-24 02:04:23 | INFO     | Saving at a/skeb/asahi_561-c8f100.json
2026-08-24 02:04:24 | WARNING  | 404 on https://skeb.jp/api/users/p_pfp5 (attempt 1/3)
2026-08-24 02:04:25 | WARNING  | 404 on https://skeb.jp/api/users/Uo_oU_us (attempt 2/3)
2026-08-24 02:04:26 | WARNING  | 404 on https://skeb.jp/api/users/mimamorichan (attempt 3/3)
2026-08-24 02:04:27 | WARNING  | 404 on https://skeb.jp/api/users/Henzu_23 (attempt 3/3)
2026-08-24 02:04:28 | WARNING  | 404 on https://skeb.jp/api/users/p_pfp5 (attempt 2/3)
2026-08-24 02:04:29 | WARNING  | 404 on https://skeb.jp/api/users/meguru_nero (attempt 1/3)
2026-08-24 02:04:30 | WARNING  | 404 on https://skeb.jp/api/users/Llu_ulg (attempt 3/3)
2026-08-24 02:04:31 | WARNING  | 404 on https://skeb.jp/api/users/sakayama_lazuli (attempt 2/3)
2026-08-24 02:04:32 | INFO     | OK https://skeb.jp/api/users/motomotonohaka
2026-08-24 02:04:32 | INFO     | Saving at a/skeb/motomotonohaka-cf92f2.json
2026-08-24 02:04:33 | WARNING  | 404 on https://skeb.jp/api/users/meguru_nero (attempt 2/3)
2026-08-24 02:04:34 | WARNING  | 404 on https://skeb.jp/api/users/Uo_oU_us (attempt 3/3)
2026-08-24 02:04:35 | WARNING  | 404 on https://skeb.jp/api/users/nyatta_san (attempt 3/3)
2026-08-24 02:04:36 | WARNING  | 404 on https://skeb.jp/api/users/p_pfp5 (attempt 3/3)
2026-08-24 02:04:37 | WARNING  | 404 on https://skeb.jp/api/users/sakayama_lazuli (attempt 3/3)
2026-08-24 02:04:38 | WARNING  | 404 on https://skeb.jp/api/users/Axnya (attempt 1/3)
2026-08-24 02:04:39 | INFO     | OK https://skeb.jp/api/users/machiyue
2026-08-24 02:04:39 | INFO     | Saving at a/skeb/machiyue-1f0841.json
2026-08-24 02:04:40 | WARNING  | 404 on https://skeb.jp/api/users/meguru_nero (attempt 3/3)
2026-08-24 02:04:41 | INFO     | OK https://skeb.jp/api/users/chuoo00
2026-08-24 02:04:41 | INFO     | Saving at a/skeb/chuoo00-377f91.json
2026-08-24 02:04:42 | WARNING  | 404 on https://skeb.jp/api/users/Axnya (attempt 2/3)
2026-08-24 02:04:43 | WARNING  | 404 on https://skeb.jp/api/users/Genkyou (attempt 1/3)
2026-08-24 02:04:44 | WARNING  | 404 on https://skeb.jp/api/users/Iam_Ciikawa (attempt 1/3)
2026-08-24 02:04:45 | WARNING  | 404 on https://skeb.jp/api/users/3hankikan0220 (attempt 1/3)
2026-08-24 02:04:46 | INFO     | OK https://skeb.jp/api/users/meixaillust
2026-08-24 02:04:46 | INFO     | Saving at a/skeb/meixaillust-6fb6b2.json
2026-08-24 02:04:47 | INFO     | OK https://skeb.jp/api/users/kuroda_akimi
2026-08-24 02:04:47 | INFO     | Saving at a/skeb/kuroda_akimi-3bd973.json
2026-08-24 02:04:48 | WARNING  | 404 on https://skeb.jp/api/users/Iam_Ciikawa (attempt 2/3)
2026-08-24 02:04:49 | WARNING  | 404 on https://skeb.jp/api/users/3hankikan0220 (attempt 2/3)
2026-08-24 02:04:50 | INFO     | OK https://skeb.jp/api/users/aono_pi
2026-08-24 02:04:50 | INFO     | Saving at a/skeb/aono_pi-716492.json
2026-08-24 02:04:51 | WARNING  | 404 on https://skeb.jp/api/users/Genkyou (attempt 2/3)
2026-08-24 02:04:52 | INFO     | OK https://skeb.jp/api/users/nvkka
2026-08-24 02:04:52 | INFO     | Saving at a/skeb/nvkka-c317f7.json
2026-08-24 02:04:53 | WARNING  | 404 on https://skeb.jp/api/users/kokorono_376 (attempt 1/3)
2026-08-24 02:04:54 | WARNING  | 404 on https://skeb.jp/api/users/3hankikan0220 (attempt 3/3)
2026-08-24 02:04:55 | WARNING  | 404 on https://skeb.jp/api/users/pgpcvDCE9G (attempt 1/3)
2026-08-24 02:04:56 | WARNING  | 404 on https://skeb.jp/api/users/lkjeudnduy44 (attempt 1/3)
2026-08-24 02:04:57 | WARNING  | 404 on https://skeb.jp/api/users/Axnya (attempt 3/3)
2026-08-24 02:04:58 | WARNING  | 404 on https://skeb.jp/api/users/923kaku (attempt 1/3)
2026-08-24 02:04:59 | WARNING  | 404 on https://skeb.jp/api/users/kokorono_376 (attempt 2/3)
2026-08-24 02:05:00 | WARNING  | 404 on https://skeb.jp/api/users/Genkyou (attempt 3/3)
2026-08-24 02:05:01 | WARNING  | 404 on https://skeb.jp/api/users/923kaku (attempt 2/3)
2026-08-24 02:05:02 | WARNING  | 404 on https://skeb.jp/api/users/lkjeudnduy44 (attempt 2/3)
2026-08-24 02:05:03 | WARNING  | 404 on https://skeb.jp/api/users/pgpcvDCE9G (attempt 2/3)
2026-08-24 02:05:04 | WARNING  | 404 on https://skeb.jp/api/users/polar_kuma62 (attempt 1/3)
2026-08-24 02:05:05 | WARNING  | 404 on https://skeb.jp/api/users/scy2222 (attempt 1/3)
2026-08-24 02:05:06 | WARNING  | 404 on https://skeb.jp/api/users/923kaku (attempt 3/3)
2026-08-24 02:05:07 | WARNING  | 404 on https://skeb.jp/api/users/kokorono_376 (attempt 3/3)
2026-08-24 02:05:08 | WARNING  | 404 on https://skeb.jp/api/users/lkjeudnduy44 (attempt 3/3)
2026-08-24 02:05:09 | WARNING  | 404 on https://skeb.jp/api/users/polar_kuma62 (attempt 2/3)
2026-08-24 02:05:10 | INFO     | OK https://skeb.jp/api/users/memento_321
2026-08-24 02:05:10 | INFO     | Saving at a/skeb/memento_321-967b40.json
2026-08-24 02:05:11 | INFO     | OK https://skeb.jp/api/users/kumoi_0312
2026-08-24 02:05:11 | INFO     | Saving at a/skeb/kumoi_0312-613ae4.json
2026-08-24 02:05:12 | INFO     | OK https://skeb.jp/api/users/yusa_popon
2026-08-24 02:05:12 | INFO     | Saving at a/skeb/yusa_popon-0c39a8.json
2026-08-24 02:05:13 | WARNING  | 404 on https://skeb.jp/api/users/ghcfujfc1 (attempt 1/3)
2026-08-24 02:05:14 | WARNING  | 404 on https://skeb.jp/api/users/vHoo__ (attempt 1/3)
2026-08-24 02:05:15 | WARNING  | 404 on https://skeb.jp/api/users/kotonesansukida (attempt 1/3)
2026-08-24 02:05:16 | WARNING  | 404 on https://skeb.jp/api/users/polar_kuma62 (attempt 3/3)
2026-08-24 02:05:17 | WARNING  | 404 on https://skeb.jp/api/users/vHoo__ (attempt 2/3)
2026-08-24 02:05:18 | INFO     | OK https://skeb.jp/api/users/Hachimaru49
2026-08-24 02:05:18 | INFO     | Saving at a/skeb/Hachimaru49-3fb927.json
2026-08-24 02:05:19 | WARNING  | 404 on https://skeb.jp/api/users/kotonesansukida (attempt 2/3)
2026-08-24 02:05:20 | WARNING  | 404 on https://skeb.jp/api/users/pgpcvDCE9G (attempt 3/3)
2026-08-24 02:05:21 | INFO     | OK https://skeb.jp/api/users/00TAMAE00
2026-08-24 02:05:21 | INFO     | Saving at a/skeb/00TAMAE00-7d77a7.json
2026-08-24 02:05:22 | WARNING  | 404 on https://skeb.jp/api/users/ghcfujfc1 (attempt 2/3)
2026-08-24 02:05:23 | WARNING  | 404 on https://skeb.jp/api/users/vHoo__ (attempt 3/3)
2026-08-24 02:05:24 | WARNING  | 404 on https://skeb.jp/api/users/Geshi_to_ (attempt 1/3)
2026-08-24 02:05:25 | WARNING  | 404 on https://skeb.jp/api/users/kotonesansukida (attempt 3/3)
2026-08-24 02:05:26 | INFO     | OK https://skeb.jp/api/users/Yakan_sosaku
2026-08-24 02:05:26 | INFO     | Saving at a/skeb/Yakan_sosaku-2feed4.json
2026-08-24 02:05:27 | WARNING  | 404 on https://skeb.jp/api/users/ghcfujfc1 (attempt 3/3)
2026-08-24 02:05:28 | WARNING  | 404 on https://skeb.jp/api/users/scy2222 (attempt 2/3)
2026-08-24 02:05:29 | WARNING  | 404 on https://skeb.jp/api/users/toxizaki (attempt 1/3)
2026-08-24 02:05:30 | WARNING  | 404 on https://skeb.jp/api/users/Geshi_to_ (attempt 2/3)
2026-08-24 02:05:31 | INFO     | OK https://skeb.jp/api/users/madhisan
2026-08-24 02:05:31 | INFO     | Saving at a/skeb/madhisan-01d346.json
2026-08-24 02:05:32 | INFO     | OK https://skeb.jp/api/users/myan1025
2026-08-24 02:05:32 | INFO     | Saving at a/skeb/myan1025-ec0a86.json
2026-08-24 02:05:33 | WARNING  | 404 on https://skeb.jp/api/users/yamin_himamo23 (attempt 1/3)
2026-08-24 02:05:34 | WARNING  | 404 on https://skeb.jp/api/users/mimei_Illust (attempt 1/3)
2026-08-24 02:05:35 | WARNING  | 404 on https://skeb.jp/api/users/8oSSUHCnXXz4tBp (attempt 1/3)
2026-08-24 02:05:36 | INFO     | OK https://skeb.jp/api/users/Miharu_Ano
2026-08-24 02:05:36 | INFO     | Saving at a/skeb/Miharu_Ano-a24b41.json
2026-08-24 02:05:37 | WARNING  | 404 on https://skeb.jp/api/users/yamin_himamo23 (attempt 2/3)
2026-08-24 02:05:38 | WARNING  | 404 on https://skeb.jp/api/users/mimei_Illust (attempt 2/3)
2026-08-24 02:05:39 | WARNING  | 404 on https://skeb.jp/api/users/kiNero30901 (attempt 1/3)
2026-08-24 02:05:40 | WARNING  | 404 on https://skeb.jp/api/users/scy2222 (attempt 3/3)
2026-08-24 02:05:41 | WARNING  | 404 on https://skeb.jp/api/users/8oSSUHCnXXz4tBp (attempt 2/3)
2026-08-24 02:05:42 | WARNING  | 404 on https://skeb.jp/api/users/yamin_himamo23 (attempt 3/3)
2026-08-24 02:05:43 | INFO     | OK https://skeb.jp/api/users/ngb_app
2026-08-24 02:05:43 | INFO     | Saving at a/skeb/ngb_app-466341.json
2026-08-24 02:05:44 | WARNING  | 404 on https://skeb.jp/api/users/Iam_Ciikawa (attempt 3/3)
2026-08-24 02:05:45 | WARNING  | 404 on https://skeb.jp/api/users/toxizaki (attempt 2/3)
2026-08-24 02:05:46 | INFO     | OK https://skeb.jp/api/users/tsudura_amane
2026-08-24 02:05:46 | INFO     | Saving at a/skeb/tsudura_amane-d00f8c.json
2026-08-24 02:05:47 | WARNING  | 404 on https://skeb.jp/api/users/29Kota2 (attempt 1/3)
2026-08-24 02:05:48 | INFO     | OK https://skeb.jp/api/users/mobhey
2026-08-24 02:05:48 | INFO     | Saving at a/skeb/mobhey-b0c0bf.json
2026-08-24 02:05:49 | INFO     | OK https://skeb.jp/api/users/domoipettiero
2026-08-24 02:05:49 | INFO     | Saving at a/skeb/domoipettiero-65b54c.json
2026-08-24 02:05:50 | INFO     | OK https://skeb.jp/api/users/tomarin_5ryo
2026-08-24 02:05:50 | INFO     | Saving at a/skeb/tomarin_5ryo-fa3d1f.json
2026-08-24 02:05:51 | WARNING  | 404 on https://skeb.jp/api/users/29Kota2 (attempt 2/3)
2026-08-24 02:05:52 | WARNING  | 404 on https://skeb.jp/api/users/mimei_Illust (attempt 3/3)
2026-08-24 02:05:53 | WARNING  | 404 on https://skeb.jp/api/users/Geshi_to_ (attempt 3/3)
2026-08-24 02:05:54 | INFO     | OK https://skeb.jp/api/users/megunusan
2026-08-24 02:05:54 | INFO     | Saving at a/skeb/megunusan-a0ed47.json
2026-08-24 02:05:55 | WARNING  | 404 on https://skeb.jp/api/users/kagoyama_sns (attempt 1/3)
2026-08-24 02:05:56 | WARNING  | 404 on https://skeb.jp/api/users/29Kota2 (attempt 3/3)
2026-08-24 02:05:57 | WARNING  | 404 on https://skeb.jp/api/users/toxizaki (attempt 3/3)
2026-08-24 02:05:58 | WARNING  | 404 on https://skeb.jp/api/users/kiNero30901 (attempt 2/3)
2026-08-24 02:05:59 | WARNING  | 404 on https://skeb.jp/api/users/kagoyama_sns (attempt 2/3)
2026-08-24 02:06:00 | WARNING  | 404 on https://skeb.jp/api/users/8oSSUHCnXXz4tBp (attempt 3/3)
2026-08-24 02:06:01 | WARNING  | 404 on https://skeb.jp/api/users/oshino_Iriss (attempt 1/3)
2026-08-24 02:06:02 | WARNING  | 404 on https://skeb.jp/api/users/fm7hxj (attempt 1/3)
2026-08-24 02:06:03 | WARNING  | 404 on https://skeb.jp/api/users/kiNero30901 (attempt 3/3)
2026-08-24 02:06:04 | WARNING  | 404 on https://skeb.jp/api/users/kagoyama_sns (attempt 3/3)
2026-08-24 02:06:05 | WARNING  | 404 on https://skeb.jp/api/users/oshino_Iriss (attempt 2/3)
2026-08-24 02:06:06 | WARNING  | 404 on https://skeb.jp/api/users/fm7hxj (attempt 2/3)
2026-08-24 02:06:09 | WARNING  | 404 on https://skeb.jp/api/users/oshino_Iriss (attempt 3/3)
2026-08-24 02:06:10 | WARNING  | 404 on https://skeb.jp/api/users/fm7hxj (attempt 3/3)
2026-08-24 02:06:10 | INFO     |  --- SUMMARY REPORT --- 
  Sources Retreived    : 89
  Profiles Fetched     : 43
  Profile Missing      : 46
  Profile Rate Limited : 0
  Profile Error Others : 0

2026-08-24 02:06:10 | INFO     | Started creating static api data.
2026-08-24 02:07:46 | INFO     | Album index written to a/albums/index.json (449 albums)
