2026-07-28 17:24:12 | INFO     | Initialized Data Store.
2026-07-28 17:24:12 | INFO     | Homepage GET status=429 (attempt 1/3)
2026-07-28 17:24:12 | INFO     | Cookie extracted [request_key=...].
2026-07-28 17:24:12 | INFO     | SkebClient ready (impersonate=chrome120, rate=1.0/s, concurrency=10, max_runtime=10800s)
2026-07-28 17:25:50 | INFO     | Ready to scrape 124 items
2026-07-28 17:25:50 | INFO     | OK https://skeb.jp/api/users/grgm4545
2026-07-28 17:25:50 | INFO     | Saving at a/skeb/grgm4545-c01a33.json
2026-07-28 17:25:51 | INFO     | OK https://skeb.jp/api/users/Lotus2134_12
2026-07-28 17:25:51 | INFO     | Saving at a/skeb/Lotus2134_12-4729f4.json
2026-07-28 17:25:52 | INFO     | OK https://skeb.jp/api/users/tora723_natsumi
2026-07-28 17:25:52 | INFO     | Saving at a/skeb/tora723_natsumi-b04d52.json
2026-07-28 17:25:53 | INFO     | OK https://skeb.jp/api/users/koumama123
2026-07-28 17:25:53 | INFO     | Saving at a/skeb/koumama123-5853ad.json
2026-07-28 17:25:54 | INFO     | OK https://skeb.jp/api/users/knfcms
2026-07-28 17:25:54 | INFO     | Saving at a/skeb/knfcms-1d8435.json
2026-07-28 17:25:55 | INFO     | OK https://skeb.jp/api/users/lets_go_dustbox
2026-07-28 17:25:55 | INFO     | Saving at a/skeb/lets_go_dustbox-dcce7a.json
2026-07-28 17:25:57 | INFO     | OK https://skeb.jp/api/users/himeusa_erika
2026-07-28 17:25:57 | INFO     | Saving at a/skeb/himeusa_erika-cc9285.json
2026-07-28 17:25:58 | WARNING  | 404 on https://skeb.jp/api/users/p_pfp5 (attempt 1/3)
2026-07-28 17:25:58 | INFO     | OK https://skeb.jp/api/users/anata1301
2026-07-28 17:25:58 | INFO     | Saving at a/skeb/anata1301-b0cdb9.json
2026-07-28 17:25:59 | WARNING  | 404 on https://skeb.jp/api/users/vHoo__ (attempt 1/3)
2026-07-28 17:26:00 | INFO     | OK https://skeb.jp/api/users/iruru726
2026-07-28 17:26:00 | INFO     | Saving at a/skeb/iruru726-1e8ed4.json
2026-07-28 17:26:01 | WARNING  | 404 on https://skeb.jp/api/users/p_pfp5 (attempt 2/3)
2026-07-28 17:26:02 | WARNING  | 404 on https://skeb.jp/api/users/ghcfujfc1 (attempt 1/3)
2026-07-28 17:26:03 | INFO     | OK https://skeb.jp/api/users/miagolare_xxx2u
2026-07-28 17:26:03 | INFO     | Saving at a/skeb/miagolare_xxx2u-3b4849.json
2026-07-28 17:26:04 | INFO     | OK https://skeb.jp/api/users/youkanyr
2026-07-28 17:26:04 | INFO     | Saving at a/skeb/youkanyr-de2ed8.json
2026-07-28 17:26:06 | WARNING  | 404 on https://skeb.jp/api/users/nattamati_ (attempt 1/3)
2026-07-28 17:26:06 | WARNING  | 404 on https://skeb.jp/api/users/ghcfujfc1 (attempt 2/3)
2026-07-28 17:26:07 | INFO     | OK https://skeb.jp/api/users/hikami_bell
2026-07-28 17:26:07 | INFO     | Saving at a/skeb/hikami_bell-fc0ced.json
2026-07-28 17:26:09 | WARNING  | 404 on https://skeb.jp/api/users/3hankikan0220 (attempt 1/3)
2026-07-28 17:26:09 | WARNING  | 404 on https://skeb.jp/api/users/nattamati_ (attempt 2/3)
2026-07-28 17:26:11 | WARNING  | 404 on https://skeb.jp/api/users/p_pfp5 (attempt 3/3)
2026-07-28 17:26:11 | INFO     | OK https://skeb.jp/api/users/fuyu_takahashi
2026-07-28 17:26:11 | INFO     | Saving at a/skeb/fuyu_takahashi-85d647.json
2026-07-28 17:26:12 | WARNING  | 404 on https://skeb.jp/api/users/3hankikan0220 (attempt 2/3)
2026-07-28 17:26:13 | WARNING  | 404 on https://skeb.jp/api/users/T4k73gqSZ26h5si (attempt 1/3)
2026-07-28 17:26:15 | WARNING  | 404 on https://skeb.jp/api/users/nattamati_ (attempt 3/3)
2026-07-28 17:26:16 | INFO     | OK https://skeb.jp/api/users/hakurouHawk
2026-07-28 17:26:16 | INFO     | Saving at a/skeb/hakurouHawk-f59fd5.json
2026-07-28 17:26:17 | WARNING  | 404 on https://skeb.jp/api/users/ghcfujfc1 (attempt 3/3)
2026-07-28 17:26:18 | WARNING  | 404 on https://skeb.jp/api/users/3hankikan0220 (attempt 3/3)
2026-07-28 17:26:18 | INFO     | OK https://skeb.jp/api/users/nagi8akr
2026-07-28 17:26:18 | INFO     | Saving at a/skeb/nagi8akr-4d2409.json
2026-07-28 17:26:19 | INFO     | OK https://skeb.jp/api/users/papiko_6262
2026-07-28 17:26:19 | INFO     | Saving at a/skeb/papiko_6262-6aac30.json
2026-07-28 17:26:21 | WARNING  | 404 on https://skeb.jp/api/users/vHoo__ (attempt 2/3)
2026-07-28 17:26:22 | WARNING  | 404 on https://skeb.jp/api/users/Uo_oU_us (attempt 1/3)
2026-07-28 17:26:23 | WARNING  | 404 on https://skeb.jp/api/users/T4k73gqSZ26h5si (attempt 2/3)
2026-07-28 17:26:23 | WARNING  | 404 on https://skeb.jp/api/users/Llu_ulg (attempt 1/3)
2026-07-28 17:26:24 | INFO     | OK https://skeb.jp/api/users/inariju_tsukasa
2026-07-28 17:26:24 | INFO     | Saving at a/skeb/inariju_tsukasa-957ff2.json
2026-07-28 17:26:26 | WARNING  | 404 on https://skeb.jp/api/users/mimamorichan (attempt 1/3)
2026-07-28 17:26:27 | WARNING  | 404 on https://skeb.jp/api/users/vHoo__ (attempt 3/3)
2026-07-28 17:26:27 | WARNING  | 404 on https://skeb.jp/api/users/Llu_ulg (attempt 2/3)
2026-07-28 17:26:29 | WARNING  | 404 on https://skeb.jp/api/users/_meruruto_ (attempt 1/3)
2026-07-28 17:26:29 | WARNING  | 404 on https://skeb.jp/api/users/mimamorichan (attempt 2/3)
2026-07-28 17:26:30 | INFO     | OK https://skeb.jp/api/users/28om4b
2026-07-28 17:26:30 | INFO     | Saving at a/skeb/28om4b-e79dbe.json
2026-07-28 17:26:31 | WARNING  | 404 on https://skeb.jp/api/users/29Kota2 (attempt 1/3)
2026-07-28 17:26:32 | WARNING  | 404 on https://skeb.jp/api/users/_meruruto_ (attempt 2/3)
2026-07-28 17:26:34 | WARNING  | 404 on https://skeb.jp/api/users/T4k73gqSZ26h5si (attempt 3/3)
2026-07-28 17:26:34 | WARNING  | 404 on https://skeb.jp/api/users/29Kota2 (attempt 2/3)
2026-07-28 17:26:35 | INFO     | OK https://skeb.jp/api/users/rkgk_67
2026-07-28 17:26:35 | INFO     | Saving at a/skeb/rkgk_67-c2f663.json
2026-07-28 17:26:37 | WARNING  | 404 on https://skeb.jp/api/users/pgpcvDCE9G (attempt 1/3)
2026-07-28 17:26:37 | INFO     | OK https://skeb.jp/api/users/nonozazalashi7
2026-07-28 17:26:37 | INFO     | Saving at a/skeb/nonozazalashi7-258b37.json
2026-07-28 17:26:38 | WARNING  | 404 on https://skeb.jp/api/users/fukafuka_no_inu (attempt 1/3)
2026-07-28 17:26:39 | INFO     | OK https://skeb.jp/api/users/JackHeart_1600
2026-07-28 17:26:39 | INFO     | Saving at a/skeb/JackHeart_1600-5333d9.json
2026-07-28 17:26:40 | WARNING  | 404 on https://skeb.jp/api/users/pgpcvDCE9G (attempt 2/3)
2026-07-28 17:26:41 | INFO     | OK https://skeb.jp/api/users/amamori_zaaza
2026-07-28 17:26:41 | INFO     | Saving at a/skeb/amamori_zaaza-8a5d7d.json
2026-07-28 17:26:42 | WARNING  | 404 on https://skeb.jp/api/users/fukafuka_no_inu (attempt 2/3)
2026-07-28 17:26:44 | WARNING  | 404 on https://skeb.jp/api/users/Genkyou (attempt 1/3)
2026-07-28 17:26:45 | WARNING  | 404 on https://skeb.jp/api/users/_meruruto_ (attempt 3/3)
2026-07-28 17:26:46 | WARNING  | 404 on https://skeb.jp/api/users/29Kota2 (attempt 3/3)
2026-07-28 17:26:47 | WARNING  | 404 on https://skeb.jp/api/users/pgpcvDCE9G (attempt 3/3)
2026-07-28 17:26:47 | WARNING  | 404 on https://skeb.jp/api/users/Geshi_to_ (attempt 1/3)
2026-07-28 17:26:49 | WARNING  | 404 on https://skeb.jp/api/users/ronn_irai (attempt 1/3)
2026-07-28 17:26:49 | INFO     | OK https://skeb.jp/api/users/sou_touhou
2026-07-28 17:26:49 | INFO     | Saving at a/skeb/sou_touhou-2541b3.json
2026-07-28 17:26:51 | WARNING  | 404 on https://skeb.jp/api/users/fukafuka_no_inu (attempt 3/3)
2026-07-28 17:26:51 | INFO     | OK https://skeb.jp/api/users/hassaku_t
2026-07-28 17:26:51 | INFO     | Saving at a/skeb/hassaku_t-00393a.json
2026-07-28 17:26:52 | INFO     | OK https://skeb.jp/api/users/rfnn_091
2026-07-28 17:26:52 | INFO     | Saving at a/skeb/rfnn_091-e95aea.json
2026-07-28 17:26:54 | INFO     | OK https://skeb.jp/api/users/faibaise
2026-07-28 17:26:54 | INFO     | Saving at a/skeb/faibaise-7f3127.json
2026-07-28 17:26:55 | WARNING  | 404 on https://skeb.jp/api/users/mimamorichan (attempt 3/3)
2026-07-28 17:26:56 | INFO     | OK https://skeb.jp/api/users/marunomikann
2026-07-28 17:26:56 | INFO     | Saving at a/skeb/marunomikann-75422a.json
2026-07-28 17:26:56 | INFO     | OK https://skeb.jp/api/users/san_3_t
2026-07-28 17:26:56 | INFO     | Saving at a/skeb/san_3_t-d6ceae.json
2026-07-28 17:26:58 | WARNING  | 404 on https://skeb.jp/api/users/Geshi_to_ (attempt 2/3)
2026-07-28 17:26:59 | WARNING  | 404 on https://skeb.jp/api/users/Genkyou (attempt 2/3)
2026-07-28 17:27:00 | INFO     | OK https://skeb.jp/api/users/ahiru_past
2026-07-28 17:27:00 | INFO     | Saving at a/skeb/ahiru_past-475376.json
2026-07-28 17:27:00 | INFO     | OK https://skeb.jp/api/users/namobug
2026-07-28 17:27:00 | INFO     | Saving at a/skeb/namobug-cb22d3.json
2026-07-28 17:27:01 | INFO     | OK https://skeb.jp/api/users/hjjjnmi
2026-07-28 17:27:01 | INFO     | Saving at a/skeb/hjjjnmi-e4ba2b.json
2026-07-28 17:27:02 | INFO     | OK https://skeb.jp/api/users/m0m0ne
2026-07-28 17:27:02 | INFO     | Saving at a/skeb/m0m0ne-49d182.json
2026-07-28 17:27:04 | INFO     | OK https://skeb.jp/api/users/hieta_yakko
2026-07-28 17:27:04 | INFO     | Saving at a/skeb/hieta_yakko-86aa59.json
2026-07-28 17:27:04 | WARNING  | 404 on https://skeb.jp/api/users/fm7hxj (attempt 1/3)
2026-07-28 17:27:06 | WARNING  | 404 on https://skeb.jp/api/users/Uo_oU_us (attempt 2/3)
2026-07-28 17:27:06 | INFO     | OK https://skeb.jp/api/users/th_chara_gts
2026-07-28 17:27:06 | INFO     | Saving at a/skeb/th_chara_gts-822167.json
2026-07-28 17:27:07 | WARNING  | 404 on https://skeb.jp/api/users/fm7hxj (attempt 2/3)
2026-07-28 17:27:08 | WARNING  | 404 on https://skeb.jp/api/users/kasha0927 (attempt 1/3)
2026-07-28 17:27:09 | WARNING  | 404 on https://skeb.jp/api/users/Ryuzi_27 (attempt 1/3)
2026-07-28 17:27:11 | WARNING  | 404 on https://skeb.jp/api/users/Llu_ulg (attempt 3/3)
2026-07-28 17:27:12 | WARNING  | 404 on https://skeb.jp/api/users/Uo_oU_us (attempt 3/3)
2026-07-28 17:27:12 | WARNING  | 404 on https://skeb.jp/api/users/Ryuzi_27 (attempt 2/3)
2026-07-28 17:27:14 | INFO     | OK https://skeb.jp/api/users/Hibikine_Kage
2026-07-28 17:27:14 | INFO     | Saving at a/skeb/Hibikine_Kage-ae61f1.json
2026-07-28 17:27:15 | WARNING  | 404 on https://skeb.jp/api/users/kasha0927 (attempt 2/3)
2026-07-28 17:27:15 | WARNING  | 404 on https://skeb.jp/api/users/mimei_Illust (attempt 1/3)
2026-07-28 17:27:17 | WARNING  | 404 on https://skeb.jp/api/users/Genkyou (attempt 3/3)
2026-07-28 17:27:18 | WARNING  | 404 on https://skeb.jp/api/users/Ryuzi_27 (attempt 3/3)
2026-07-28 17:27:18 | INFO     | OK https://skeb.jp/api/users/Niu_NJGR
2026-07-28 17:27:18 | INFO     | Saving at a/skeb/Niu_NJGR-c043cc.json
2026-07-28 17:27:19 | WARNING  | 404 on https://skeb.jp/api/users/mimei_Illust (attempt 2/3)
2026-07-28 17:27:20 | INFO     | OK https://skeb.jp/api/users/hanaochi_drw
2026-07-28 17:27:20 | INFO     | Saving at a/skeb/hanaochi_drw-a8e8b7.json
2026-07-28 17:27:22 | WARNING  | 404 on https://skeb.jp/api/users/ronn_irai (attempt 2/3)
2026-07-28 17:27:23 | INFO     | OK https://skeb.jp/api/users/makenaiga
2026-07-28 17:27:23 | INFO     | Saving at a/skeb/makenaiga-cc068f.json
2026-07-28 17:27:24 | INFO     | OK https://skeb.jp/api/users/8amatou3
2026-07-28 17:27:24 | INFO     | Saving at a/skeb/8amatou3-7617df.json
2026-07-28 17:27:24 | INFO     | OK https://skeb.jp/api/users/Celia_oekaki
2026-07-28 17:27:24 | INFO     | Saving at a/skeb/Celia_oekaki-dbcbc8.json
2026-07-28 17:27:25 | INFO     | OK https://skeb.jp/api/users/hatsunetsu
2026-07-28 17:27:25 | INFO     | Saving at a/skeb/hatsunetsu-6230c4.json
2026-07-28 17:27:27 | WARNING  | 404 on https://skeb.jp/api/users/soraumi2000_50_ (attempt 1/3)
2026-07-28 17:27:27 | INFO     | OK https://skeb.jp/api/users/kakio4649
2026-07-28 17:27:27 | INFO     | Saving at a/skeb/kakio4649-234728.json
2026-07-28 17:27:28 | INFO     | OK https://skeb.jp/api/users/syun_syun1202
2026-07-28 17:27:28 | INFO     | Saving at a/skeb/syun_syun1202-c44c75.json
2026-07-28 17:27:29 | INFO     | OK https://skeb.jp/api/users/miyabitaroo
2026-07-28 17:27:29 | INFO     | Saving at a/skeb/miyabitaroo-3353fb.json
2026-07-28 17:27:30 | WARNING  | 404 on https://skeb.jp/api/users/soraumi2000_50_ (attempt 2/3)
2026-07-28 17:27:32 | INFO     | OK https://skeb.jp/api/users/akimidu
2026-07-28 17:27:32 | INFO     | Saving at a/skeb/akimidu-caf43d.json
2026-07-28 17:27:32 | WARNING  | 404 on https://skeb.jp/api/users/se3ifinal (attempt 1/3)
2026-07-28 17:27:33 | INFO     | OK https://skeb.jp/api/users/kusunoki_hiyoko
2026-07-28 17:27:33 | INFO     | Saving at a/skeb/kusunoki_hiyoko-351f3c.json
2026-07-28 17:27:35 | WARNING  | 404 on https://skeb.jp/api/users/ronn_irai (attempt 3/3)
2026-07-28 17:27:36 | WARNING  | 404 on https://skeb.jp/api/users/soraumi2000_50_ (attempt 3/3)
2026-07-28 17:27:37 | INFO     | OK https://skeb.jp/api/users/Kihiro_1027
2026-07-28 17:27:37 | INFO     | Saving at a/skeb/Kihiro_1027-ad9bd9.json
2026-07-28 17:27:37 | WARNING  | 404 on https://skeb.jp/api/users/nyatta_san (attempt 1/3)
2026-07-28 17:27:39 | WARNING  | 404 on https://skeb.jp/api/users/fm7hxj (attempt 3/3)
2026-07-28 17:27:40 | WARNING  | 404 on https://skeb.jp/api/users/kasha0927 (attempt 3/3)
2026-07-28 17:27:41 | WARNING  | 404 on https://skeb.jp/api/users/mimei_Illust (attempt 3/3)
2026-07-28 17:27:41 | WARNING  | 404 on https://skeb.jp/api/users/nyatta_san (attempt 2/3)
2026-07-28 17:27:42 | WARNING  | 404 on https://skeb.jp/api/users/NOm0y0i (attempt 1/3)
2026-07-28 17:27:43 | WARNING  | 404 on https://skeb.jp/api/users/oshino_Iriss (attempt 1/3)
2026-07-28 17:27:45 | INFO     | OK https://skeb.jp/api/users/paofu0
2026-07-28 17:27:45 | INFO     | Saving at a/skeb/paofu0-b8e111.json
2026-07-28 17:27:45 | WARNING  | 404 on https://skeb.jp/api/users/NOm0y0i (attempt 2/3)
2026-07-28 17:27:46 | WARNING  | 404 on https://skeb.jp/api/users/polar_kuma62 (attempt 1/3)
2026-07-28 17:27:47 | WARNING  | 404 on https://skeb.jp/api/users/oshino_Iriss (attempt 2/3)
2026-07-28 17:27:49 | WARNING  | 404 on https://skeb.jp/api/users/nyatta_san (attempt 3/3)
2026-07-28 17:27:50 | WARNING  | 404 on https://skeb.jp/api/users/se3ifinal (attempt 2/3)
2026-07-28 17:27:50 | INFO     | OK https://skeb.jp/api/users/su10_dev
2026-07-28 17:27:50 | INFO     | Saving at a/skeb/su10_dev-c6985c.json
2026-07-28 17:27:51 | INFO     | OK https://skeb.jp/api/users/kikuti3hell
2026-07-28 17:27:51 | INFO     | Saving at a/skeb/kikuti3hell-a9736e.json
2026-07-28 17:27:52 | INFO     | OK https://skeb.jp/api/users/a_plover
2026-07-28 17:27:52 | INFO     | Saving at a/skeb/a_plover-891af9.json
2026-07-28 17:27:54 | WARNING  | 404 on https://skeb.jp/api/users/NOm0y0i (attempt 3/3)
2026-07-28 17:27:55 | WARNING  | 404 on https://skeb.jp/api/users/oshino_Iriss (attempt 3/3)
2026-07-28 17:27:56 | WARNING  | 404 on https://skeb.jp/api/users/se3ifinal (attempt 3/3)
2026-07-28 17:27:56 | WARNING  | 404 on https://skeb.jp/api/users/kotonesansukida (attempt 1/3)
2026-07-28 17:27:58 | WARNING  | 404 on https://skeb.jp/api/users/polar_kuma62 (attempt 2/3)
2026-07-28 17:27:58 | WARNING  | 404 on https://skeb.jp/api/users/Iam_Ciikawa (attempt 1/3)
2026-07-28 17:27:59 | INFO     | OK https://skeb.jp/api/users/ray_co99
2026-07-28 17:27:59 | INFO     | Saving at a/skeb/ray_co99-78ca2b.json
2026-07-28 17:28:00 | INFO     | OK https://skeb.jp/api/users/ununc
2026-07-28 17:28:00 | INFO     | Saving at a/skeb/ununc-9b5d33.json
2026-07-28 17:28:01 | INFO     | OK https://skeb.jp/api/users/10RU_SPACE
2026-07-28 17:28:01 | INFO     | Saving at a/skeb/10RU_SPACE-a84e93.json
2026-07-28 17:28:02 | WARNING  | 404 on https://skeb.jp/api/users/Iam_Ciikawa (attempt 2/3)
2026-07-28 17:28:04 | INFO     | OK https://skeb.jp/api/users/UOvXUZz
2026-07-28 17:28:04 | INFO     | Saving at a/skeb/UOvXUZz-64675b.json
2026-07-28 17:28:04 | INFO     | OK https://skeb.jp/api/users/takahashinwork
2026-07-28 17:28:04 | INFO     | Saving at a/skeb/takahashinwork-a366b9.json
2026-07-28 17:28:06 | WARNING  | 404 on https://skeb.jp/api/users/polar_kuma62 (attempt 3/3)
2026-07-28 17:28:07 | INFO     | OK https://skeb.jp/api/users/ganson_13
2026-07-28 17:28:07 | INFO     | Saving at a/skeb/ganson_13-d2e176.json
2026-07-28 17:28:08 | WARNING  | 404 on https://skeb.jp/api/users/sakayama_lazuli (attempt 1/3)
2026-07-28 17:28:09 | WARNING  | 404 on https://skeb.jp/api/users/Iam_Ciikawa (attempt 3/3)
2026-07-28 17:28:09 | INFO     | OK https://skeb.jp/api/users/konbuuu47
2026-07-28 17:28:09 | INFO     | Saving at a/skeb/konbuuu47-29da83.json
2026-07-28 17:28:11 | INFO     | OK https://skeb.jp/api/users/natokin_0104
2026-07-28 17:28:11 | INFO     | Saving at a/skeb/natokin_0104-8e09b1.json
2026-07-28 17:28:11 | WARNING  | 404 on https://skeb.jp/api/users/sakayama_lazuli (attempt 2/3)
2026-07-28 17:28:12 | WARNING  | 404 on https://skeb.jp/api/users/kokorono_376 (attempt 1/3)
2026-07-28 17:28:14 | INFO     | OK https://skeb.jp/api/users/NSFW_023
2026-07-28 17:28:14 | INFO     | Saving at a/skeb/NSFW_023-191d59.json
2026-07-28 17:28:14 | WARNING  | 404 on https://skeb.jp/api/users/meguru_nero (attempt 1/3)
2026-07-28 17:28:15 | WARNING  | 404 on https://skeb.jp/api/users/kagoyama_sns (attempt 1/3)
2026-07-28 17:28:16 | INFO     | OK https://skeb.jp/api/users/Diamond_Demo
2026-07-28 17:28:16 | INFO     | Saving at a/skeb/Diamond_Demo-32d39a.json
2026-07-28 17:28:18 | WARNING  | 404 on https://skeb.jp/api/users/sakayama_lazuli (attempt 3/3)
2026-07-28 17:28:18 | WARNING  | 404 on https://skeb.jp/api/users/923kaku (attempt 1/3)
2026-07-28 17:28:19 | WARNING  | 404 on https://skeb.jp/api/users/kagoyama_sns (attempt 2/3)
2026-07-28 17:28:21 | WARNING  | 404 on https://skeb.jp/api/users/meguru_nero (attempt 2/3)
2026-07-28 17:28:22 | WARNING  | 404 on https://skeb.jp/api/users/Geshi_to_ (attempt 3/3)
2026-07-28 17:28:22 | INFO     | OK https://skeb.jp/api/users/Mr_NAGURI
2026-07-28 17:28:22 | INFO     | Saving at a/skeb/Mr_NAGURI-5c8771.json
2026-07-28 17:28:24 | WARNING  | 404 on https://skeb.jp/api/users/EDO__nyan (attempt 1/3)
2026-07-28 17:28:24 | WARNING  | 404 on https://skeb.jp/api/users/Henzu_23 (attempt 1/3)
2026-07-28 17:28:26 | WARNING  | 404 on https://skeb.jp/api/users/kagoyama_sns (attempt 3/3)
2026-07-28 17:28:26 | INFO     | OK https://skeb.jp/api/users/niboshi_c
2026-07-28 17:28:26 | INFO     | Saving at a/skeb/niboshi_c-8556bc.json
2026-07-28 17:28:28 | WARNING  | 404 on https://skeb.jp/api/users/meguru_nero (attempt 3/3)
2026-07-28 17:28:29 | INFO     | OK https://skeb.jp/api/users/Tale_ink01
2026-07-28 17:28:29 | INFO     | Saving at a/skeb/Tale_ink01-0d92ab.json
2026-07-28 17:28:29 | WARNING  | 404 on https://skeb.jp/api/users/lkjeudnduy44 (attempt 1/3)
2026-07-28 17:28:30 | WARNING  | 404 on https://skeb.jp/api/users/kokorono_376 (attempt 2/3)
2026-07-28 17:28:32 | WARNING  | 404 on https://skeb.jp/api/users/Henzu_23 (attempt 2/3)
2026-07-28 17:28:32 | WARNING  | 404 on https://skeb.jp/api/users/scy2222 (attempt 1/3)
2026-07-28 17:28:33 | WARNING  | 404 on https://skeb.jp/api/users/lkjeudnduy44 (attempt 2/3)
2026-07-28 17:28:35 | WARNING  | 404 on https://skeb.jp/api/users/kotonesansukida (attempt 2/3)
2026-07-28 17:28:35 | WARNING  | 404 on https://skeb.jp/api/users/kokorono_376 (attempt 3/3)
2026-07-28 17:28:36 | WARNING  | 404 on https://skeb.jp/api/users/scy2222 (attempt 2/3)
2026-07-28 17:28:38 | WARNING  | 404 on https://skeb.jp/api/users/Henzu_23 (attempt 3/3)
2026-07-28 17:28:39 | WARNING  | 404 on https://skeb.jp/api/users/lkjeudnduy44 (attempt 3/3)
2026-07-28 17:28:39 | INFO     | OK https://skeb.jp/api/users/shisei_null
2026-07-28 17:28:39 | INFO     | Saving at a/skeb/shisei_null-d6c610.json
2026-07-28 17:28:40 | INFO     | OK https://skeb.jp/api/users/CASekimemotrain
2026-07-28 17:28:40 | INFO     | Saving at a/skeb/CASekimemotrain-5adf8f.json
2026-07-28 17:28:42 | INFO     | OK https://skeb.jp/api/users/awskgm
2026-07-28 17:28:42 | INFO     | Saving at a/skeb/awskgm-b8b95f.json
2026-07-28 17:28:42 | WARNING  | 404 on https://skeb.jp/api/users/yamin_himamo23 (attempt 1/3)
2026-07-28 17:28:43 | INFO     | OK https://skeb.jp/api/users/coopeki
2026-07-28 17:28:43 | INFO     | Saving at a/skeb/coopeki-2ef3a6.json
2026-07-28 17:28:44 | INFO     | OK https://skeb.jp/api/users/hamihe1
2026-07-28 17:28:44 | INFO     | Saving at a/skeb/hamihe1-ae9e01.json
2026-07-28 17:28:46 | WARNING  | 404 on https://skeb.jp/api/users/kotonesansukida (attempt 3/3)
2026-07-28 17:28:46 | INFO     | OK https://skeb.jp/api/users/mita_nobuhal
2026-07-28 17:28:46 | INFO     | Saving at a/skeb/mita_nobuhal-e3b2a1.json
2026-07-28 17:28:47 | INFO     | OK https://skeb.jp/api/users/aomurakana
2026-07-28 17:28:47 | INFO     | Saving at a/skeb/aomurakana-836930.json
2026-07-28 17:28:48 | WARNING  | 404 on https://skeb.jp/api/users/toxizaki (attempt 1/3)
2026-07-28 17:28:50 | INFO     | OK https://skeb.jp/api/users/otomo_jellyous
2026-07-28 17:28:50 | INFO     | Saving at a/skeb/otomo_jellyous-49f0dd.json
2026-07-28 17:28:50 | INFO     | OK https://skeb.jp/api/users/neko___matatabi
2026-07-28 17:28:50 | INFO     | Saving at a/skeb/neko___matatabi-89c061.json
2026-07-28 17:28:51 | WARNING  | 404 on https://skeb.jp/api/users/kiNero30901 (attempt 1/3)
2026-07-28 17:28:52 | WARNING  | 404 on https://skeb.jp/api/users/8oSSUHCnXXz4tBp (attempt 1/3)
2026-07-28 17:28:54 | WARNING  | 404 on https://skeb.jp/api/users/yamin_himamo23 (attempt 2/3)
2026-07-28 17:28:54 | WARNING  | 404 on https://skeb.jp/api/users/kiNero30901 (attempt 2/3)
2026-07-28 17:28:56 | WARNING  | 404 on https://skeb.jp/api/users/EDO__nyan (attempt 2/3)
2026-07-28 17:28:56 | WARNING  | 404 on https://skeb.jp/api/users/8oSSUHCnXXz4tBp (attempt 2/3)
2026-07-28 17:28:57 | INFO     | OK https://skeb.jp/api/users/VCreator_SYU
2026-07-28 17:28:57 | INFO     | Saving at a/skeb/VCreator_SYU-eb08c7.json
2026-07-28 17:28:59 | WARNING  | 404 on https://skeb.jp/api/users/923kaku (attempt 2/3)
2026-07-28 17:28:59 | WARNING  | 404 on https://skeb.jp/api/users/m3x3_sk (attempt 1/3)
2026-07-28 17:29:01 | WARNING  | 404 on https://skeb.jp/api/users/kiNero30901 (attempt 3/3)
2026-07-28 17:29:02 | INFO     | OK https://skeb.jp/api/users/sumino_mikan
2026-07-28 17:29:02 | INFO     | Saving at a/skeb/sumino_mikan-a483c1.json
2026-07-28 17:29:03 | WARNING  | 404 on https://skeb.jp/api/users/8oSSUHCnXXz4tBp (attempt 3/3)
2026-07-28 17:29:03 | WARNING  | 404 on https://skeb.jp/api/users/m3x3_sk (attempt 2/3)
2026-07-28 17:29:04 | WARNING  | 404 on https://skeb.jp/api/users/77_t2w (attempt 1/3)
2026-07-28 17:29:06 | WARNING  | 404 on https://skeb.jp/api/users/EDO__nyan (attempt 3/3)
2026-07-28 17:29:07 | WARNING  | 404 on https://skeb.jp/api/users/toxizaki (attempt 2/3)
2026-07-28 17:29:08 | INFO     | OK https://skeb.jp/api/users/qzgs7vVcP7Fjc23
2026-07-28 17:29:08 | INFO     | Saving at a/skeb/qzgs7vVcP7Fjc23-a1e645.json
2026-07-28 17:29:09 | WARNING  | 404 on https://skeb.jp/api/users/yamin_himamo23 (attempt 3/3)
2026-07-28 17:29:09 | WARNING  | 404 on https://skeb.jp/api/users/aki_ra3_ (attempt 1/3)
2026-07-28 17:29:11 | WARNING  | 404 on https://skeb.jp/api/users/killy810 (attempt 1/3)
2026-07-28 17:29:11 | WARNING  | 404 on https://skeb.jp/api/users/Axnya (attempt 1/3)
2026-07-28 17:29:13 | WARNING  | 404 on https://skeb.jp/api/users/m3x3_sk (attempt 3/3)
2026-07-28 17:29:13 | WARNING  | 404 on https://skeb.jp/api/users/aki_ra3_ (attempt 2/3)
2026-07-28 17:29:14 | WARNING  | 404 on https://skeb.jp/api/users/killy810 (attempt 2/3)
2026-07-28 17:29:16 | INFO     | OK https://skeb.jp/api/users/matomo_bunmei
2026-07-28 17:29:16 | INFO     | Saving at a/skeb/matomo_bunmei-867409.json
2026-07-28 17:29:17 | WARNING  | 404 on https://skeb.jp/api/users/77_t2w (attempt 2/3)
2026-07-28 17:29:18 | WARNING  | 404 on https://skeb.jp/api/users/Axnya (attempt 2/3)
2026-07-28 17:29:19 | WARNING  | 404 on https://skeb.jp/api/users/aki_ra3_ (attempt 3/3)
2026-07-28 17:29:20 | WARNING  | 404 on https://skeb.jp/api/users/killy810 (attempt 3/3)
2026-07-28 17:29:21 | WARNING  | 404 on https://skeb.jp/api/users/923kaku (attempt 3/3)
2026-07-28 17:29:22 | WARNING  | 404 on https://skeb.jp/api/users/toxizaki (attempt 3/3)
2026-07-28 17:29:23 | WARNING  | 404 on https://skeb.jp/api/users/77_t2w (attempt 3/3)
2026-07-28 17:29:23 | INFO     | OK https://skeb.jp/api/users/sorabbit_sub
2026-07-28 17:29:23 | INFO     | Saving at a/skeb/sorabbit_sub-286621.json
2026-07-28 17:29:25 | WARNING  | 404 on https://skeb.jp/api/users/Axnya (attempt 3/3)
2026-07-28 17:29:26 | WARNING  | 404 on https://skeb.jp/api/users/scy2222 (attempt 3/3)
2026-07-28 17:29:26 | INFO     |  --- SUMMARY REPORT --- 
  Sources Retreived    : 124
  Profiles Fetched     : 78
  Profile Missing      : 46
  Profile Rate Limited : 0
  Profile Error Others : 0

2026-07-28 17:29:26 | INFO     | Started creating static api data.
2026-07-28 17:31:01 | INFO     | Album index written to a/albums/index.json (396 albums)
