2026-06-29 16:47:48 | INFO     | Initialized Data Store.
2026-06-29 16:47:49 | INFO     | Homepage GET status=429 (attempt 1/3)
2026-06-29 16:47:49 | INFO     | Cookie extracted [request_key=...].
2026-06-29 16:47:49 | INFO     | SkebClient ready (impersonate=chrome120, rate=1.0/s, concurrency=10, max_runtime=4800s)
2026-06-29 16:49:24 | INFO     | Ready to scrape 50 items
2026-06-29 16:49:24 | WARNING  | 404 on https://skeb.jp/api/users/nyatta_san (attempt 1/3)
2026-06-29 16:49:25 | WARNING  | 404 on https://skeb.jp/api/users/killy810 (attempt 1/3)
2026-06-29 16:49:26 | WARNING  | 404 on https://skeb.jp/api/users/mimei_Illust (attempt 1/3)
2026-06-29 16:49:27 | WARNING  | 404 on https://skeb.jp/api/users/kokorono_376 (attempt 1/3)
2026-06-29 16:49:28 | WARNING  | 404 on https://skeb.jp/api/users/29Kota2 (attempt 1/3)
2026-06-29 16:49:29 | INFO     | OK https://skeb.jp/api/users/hon81510
2026-06-29 16:49:29 | INFO     | Saving at a/skeb/hon81510-3d64c7.json
2026-06-29 16:49:30 | WARNING  | 404 on https://skeb.jp/api/users/mimei_Illust (attempt 2/3)
2026-06-29 16:49:31 | WARNING  | 404 on https://skeb.jp/api/users/yamin_himamo23 (attempt 1/3)
2026-06-29 16:49:32 | WARNING  | 404 on https://skeb.jp/api/users/nyatta_san (attempt 2/3)
2026-06-29 16:49:33 | WARNING  | 404 on https://skeb.jp/api/users/kokorono_376 (attempt 2/3)
2026-06-29 16:49:34 | WARNING  | 404 on https://skeb.jp/api/users/killy810 (attempt 2/3)
2026-06-29 16:49:35 | WARNING  | 404 on https://skeb.jp/api/users/yamin_himamo23 (attempt 2/3)
2026-06-29 16:49:36 | WARNING  | 404 on https://skeb.jp/api/users/m3x3_sk (attempt 1/3)
2026-06-29 16:49:37 | WARNING  | 404 on https://skeb.jp/api/users/nyatta_san (attempt 3/3)
2026-06-29 16:49:38 | WARNING  | 404 on https://skeb.jp/api/users/29Kota2 (attempt 2/3)
2026-06-29 16:49:39 | WARNING  | 404 on https://skeb.jp/api/users/m3x3_sk (attempt 2/3)
2026-06-29 16:49:40 | WARNING  | 404 on https://skeb.jp/api/users/kokorono_376 (attempt 3/3)
2026-06-29 16:49:41 | WARNING  | 404 on https://skeb.jp/api/users/yamin_himamo23 (attempt 3/3)
2026-06-29 16:49:42 | WARNING  | 404 on https://skeb.jp/api/users/soraumi2000_50_ (attempt 1/3)
2026-06-29 16:49:43 | WARNING  | 404 on https://skeb.jp/api/users/29Kota2 (attempt 3/3)
2026-06-29 16:49:44 | WARNING  | 404 on https://skeb.jp/api/users/killy810 (attempt 3/3)
2026-06-29 16:49:45 | WARNING  | 404 on https://skeb.jp/api/users/Geshi_to_ (attempt 1/3)
2026-06-29 16:49:46 | WARNING  | 404 on https://skeb.jp/api/users/m3x3_sk (attempt 3/3)
2026-06-29 16:49:47 | WARNING  | 404 on https://skeb.jp/api/users/fm7hxj (attempt 1/3)
2026-06-29 16:49:48 | WARNING  | 404 on https://skeb.jp/api/users/Uo_oU_us (attempt 1/3)
2026-06-29 16:49:49 | WARNING  | 404 on https://skeb.jp/api/users/kasha0927 (attempt 1/3)
2026-06-29 16:49:50 | WARNING  | 404 on https://skeb.jp/api/users/fm7hxj (attempt 2/3)
2026-06-29 16:49:51 | WARNING  | 404 on https://skeb.jp/api/users/Geshi_to_ (attempt 2/3)
2026-06-29 16:49:52 | WARNING  | 404 on https://skeb.jp/api/users/Uo_oU_us (attempt 2/3)
2026-06-29 16:49:53 | WARNING  | 404 on https://skeb.jp/api/users/kasha0927 (attempt 2/3)
2026-06-29 16:49:54 | WARNING  | 404 on https://skeb.jp/api/users/soraumi2000_50_ (attempt 2/3)
2026-06-29 16:49:55 | WARNING  | 404 on https://skeb.jp/api/users/fm7hxj (attempt 3/3)
2026-06-29 16:49:56 | WARNING  | 404 on https://skeb.jp/api/users/_meruruto_ (attempt 1/3)
2026-06-29 16:49:57 | WARNING  | 404 on https://skeb.jp/api/users/Geshi_to_ (attempt 3/3)
2026-06-29 16:49:58 | WARNING  | 404 on https://skeb.jp/api/users/mimei_Illust (attempt 3/3)
2026-06-29 16:49:59 | WARNING  | 404 on https://skeb.jp/api/users/polar_kuma62 (attempt 1/3)
2026-06-29 16:50:00 | WARNING  | 404 on https://skeb.jp/api/users/fukafuka_no_inu (attempt 1/3)
2026-06-29 16:50:01 | WARNING  | 404 on https://skeb.jp/api/users/77_t2w (attempt 1/3)
2026-06-29 16:50:02 | WARNING  | 404 on https://skeb.jp/api/users/polar_kuma62 (attempt 2/3)
2026-06-29 16:50:03 | WARNING  | 404 on https://skeb.jp/api/users/Ryuzi_27 (attempt 1/3)
2026-06-29 16:50:04 | WARNING  | 404 on https://skeb.jp/api/users/fukafuka_no_inu (attempt 2/3)
2026-06-29 16:50:05 | WARNING  | 404 on https://skeb.jp/api/users/meguru_nero (attempt 1/3)
2026-06-29 16:50:06 | WARNING  | 404 on https://skeb.jp/api/users/_meruruto_ (attempt 2/3)
2026-06-29 16:50:07 | WARNING  | 404 on https://skeb.jp/api/users/polar_kuma62 (attempt 3/3)
2026-06-29 16:50:08 | WARNING  | 404 on https://skeb.jp/api/users/Uo_oU_us (attempt 3/3)
2026-06-29 16:50:09 | WARNING  | 404 on https://skeb.jp/api/users/meguru_nero (attempt 2/3)
2026-06-29 16:50:10 | WARNING  | 404 on https://skeb.jp/api/users/fukafuka_no_inu (attempt 3/3)
2026-06-29 16:50:11 | WARNING  | 404 on https://skeb.jp/api/users/se3ifinal (attempt 1/3)
2026-06-29 16:50:12 | WARNING  | 404 on https://skeb.jp/api/users/lkjeudnduy44 (attempt 1/3)
2026-06-29 16:50:13 | WARNING  | 404 on https://skeb.jp/api/users/Ryuzi_27 (attempt 2/3)
2026-06-29 16:50:14 | WARNING  | 404 on https://skeb.jp/api/users/se3ifinal (attempt 2/3)
2026-06-29 16:50:15 | WARNING  | 404 on https://skeb.jp/api/users/mimamorichan (attempt 1/3)
2026-06-29 16:50:16 | WARNING  | 404 on https://skeb.jp/api/users/meguru_nero (attempt 3/3)
2026-06-29 16:50:17 | WARNING  | 404 on https://skeb.jp/api/users/kotonesansukida (attempt 1/3)
2026-06-29 16:50:18 | WARNING  | 404 on https://skeb.jp/api/users/kiNero30901 (attempt 1/3)
2026-06-29 16:50:19 | WARNING  | 404 on https://skeb.jp/api/users/se3ifinal (attempt 3/3)
2026-06-29 16:50:20 | WARNING  | 404 on https://skeb.jp/api/users/_meruruto_ (attempt 3/3)
2026-06-29 16:50:21 | WARNING  | 404 on https://skeb.jp/api/users/Genkyou (attempt 1/3)
2026-06-29 16:50:22 | WARNING  | 404 on https://skeb.jp/api/users/Henzu_23 (attempt 1/3)
2026-06-29 16:50:23 | WARNING  | 404 on https://skeb.jp/api/users/77_t2w (attempt 2/3)
2026-06-29 16:50:24 | WARNING  | 404 on https://skeb.jp/api/users/kiNero30901 (attempt 2/3)
2026-06-29 16:50:25 | WARNING  | 404 on https://skeb.jp/api/users/Genkyou (attempt 2/3)
2026-06-29 16:50:26 | WARNING  | 404 on https://skeb.jp/api/users/Henzu_23 (attempt 2/3)
2026-06-29 16:50:27 | WARNING  | 404 on https://skeb.jp/api/users/kasha0927 (attempt 3/3)
2026-06-29 16:50:28 | WARNING  | 404 on https://skeb.jp/api/users/kotonesansukida (attempt 2/3)
2026-06-29 16:50:29 | WARNING  | 404 on https://skeb.jp/api/users/77_t2w (attempt 3/3)
2026-06-29 16:50:30 | WARNING  | 404 on https://skeb.jp/api/users/Genkyou (attempt 3/3)
2026-06-29 16:50:31 | WARNING  | 404 on https://skeb.jp/api/users/Llu_ulg (attempt 1/3)
2026-06-29 16:50:32 | WARNING  | 404 on https://skeb.jp/api/users/toxizaki (attempt 1/3)
2026-06-29 16:50:33 | WARNING  | 404 on https://skeb.jp/api/users/Henzu_23 (attempt 3/3)
2026-06-29 16:50:34 | WARNING  | 404 on https://skeb.jp/api/users/mimamorichan (attempt 2/3)
2026-06-29 16:50:35 | WARNING  | 404 on https://skeb.jp/api/users/EDO__nyan (attempt 1/3)
2026-06-29 16:50:36 | WARNING  | 404 on https://skeb.jp/api/users/toxizaki (attempt 2/3)
2026-06-29 16:50:37 | WARNING  | 404 on https://skeb.jp/api/users/lkjeudnduy44 (attempt 2/3)
2026-06-29 16:50:38 | WARNING  | 404 on https://skeb.jp/api/users/kotonesansukida (attempt 3/3)
2026-06-29 16:50:39 | WARNING  | 404 on https://skeb.jp/api/users/EDO__nyan (attempt 2/3)
2026-06-29 16:50:40 | WARNING  | 404 on https://skeb.jp/api/users/oshino_Iriss (attempt 1/3)
2026-06-29 16:50:41 | WARNING  | 404 on https://skeb.jp/api/users/toxizaki (attempt 3/3)
2026-06-29 16:50:42 | WARNING  | 404 on https://skeb.jp/api/users/soraumi2000_50_ (attempt 3/3)
2026-06-29 16:50:43 | WARNING  | 404 on https://skeb.jp/api/users/T4k73gqSZ26h5si (attempt 1/3)
2026-06-29 16:50:44 | WARNING  | 404 on https://skeb.jp/api/users/NOm0y0i (attempt 1/3)
2026-06-29 16:50:45 | WARNING  | 404 on https://skeb.jp/api/users/lkjeudnduy44 (attempt 3/3)
2026-06-29 16:50:46 | WARNING  | 404 on https://skeb.jp/api/users/Ryuzi_27 (attempt 3/3)
2026-06-29 16:50:47 | WARNING  | 404 on https://skeb.jp/api/users/kagoyama_sns (attempt 1/3)
2026-06-29 16:50:48 | WARNING  | 404 on https://skeb.jp/api/users/NOm0y0i (attempt 2/3)
2026-06-29 16:50:49 | WARNING  | 404 on https://skeb.jp/api/users/kiNero30901 (attempt 3/3)
2026-06-29 16:50:50 | WARNING  | 404 on https://skeb.jp/api/users/oshino_Iriss (attempt 2/3)
2026-06-29 16:50:51 | WARNING  | 404 on https://skeb.jp/api/users/kagoyama_sns (attempt 2/3)
2026-06-29 16:50:52 | WARNING  | 404 on https://skeb.jp/api/users/EDO__nyan (attempt 3/3)
2026-06-29 16:50:53 | WARNING  | 404 on https://skeb.jp/api/users/T4k73gqSZ26h5si (attempt 2/3)
2026-06-29 16:50:54 | WARNING  | 404 on https://skeb.jp/api/users/NOm0y0i (attempt 3/3)
2026-06-29 16:50:55 | WARNING  | 404 on https://skeb.jp/api/users/ghcfujfc1 (attempt 1/3)
2026-06-29 16:50:56 | INFO     | OK https://skeb.jp/api/users/halu5736
2026-06-29 16:50:56 | INFO     | Saving at a/skeb/halu5736-7a2905.json
2026-06-29 16:50:57 | WARNING  | 404 on https://skeb.jp/api/users/oshino_Iriss (attempt 3/3)
2026-06-29 16:50:58 | WARNING  | 404 on https://skeb.jp/api/users/Llu_ulg (attempt 2/3)
2026-06-29 16:50:59 | WARNING  | 404 on https://skeb.jp/api/users/aki_ra3_ (attempt 1/3)
2026-06-29 16:51:00 | WARNING  | 404 on https://skeb.jp/api/users/Axnya (attempt 1/3)
2026-06-29 16:51:01 | WARNING  | 404 on https://skeb.jp/api/users/kagoyama_sns (attempt 3/3)
2026-06-29 16:51:02 | WARNING  | 404 on https://skeb.jp/api/users/sakayama_lazuli (attempt 1/3)
2026-06-29 16:51:03 | INFO     | OK https://skeb.jp/api/users/ytbn_hitoron
2026-06-29 16:51:03 | INFO     | Saving at a/skeb/ytbn_hitoron-6080d2.json
2026-06-29 16:51:04 | WARNING  | 404 on https://skeb.jp/api/users/p_pfp5 (attempt 1/3)
2026-06-29 16:51:05 | WARNING  | 404 on https://skeb.jp/api/users/vHoo__ (attempt 1/3)
2026-06-29 16:51:06 | WARNING  | 404 on https://skeb.jp/api/users/sakayama_lazuli (attempt 2/3)
2026-06-29 16:51:07 | WARNING  | 404 on https://skeb.jp/api/users/mimamorichan (attempt 3/3)
2026-06-29 16:51:08 | WARNING  | 404 on https://skeb.jp/api/users/p_pfp5 (attempt 2/3)
2026-06-29 16:51:09 | WARNING  | 404 on https://skeb.jp/api/users/Iam_Ciikawa (attempt 1/3)
2026-06-29 16:51:10 | WARNING  | 404 on https://skeb.jp/api/users/aki_ra3_ (attempt 2/3)
2026-06-29 16:51:11 | WARNING  | 404 on https://skeb.jp/api/users/vHoo__ (attempt 2/3)
2026-06-29 16:51:12 | WARNING  | 404 on https://skeb.jp/api/users/T4k73gqSZ26h5si (attempt 3/3)
2026-06-29 16:51:13 | WARNING  | 404 on https://skeb.jp/api/users/p_pfp5 (attempt 3/3)
2026-06-29 16:51:14 | WARNING  | 404 on https://skeb.jp/api/users/sakayama_lazuli (attempt 3/3)
2026-06-29 16:51:15 | WARNING  | 404 on https://skeb.jp/api/users/8oSSUHCnXXz4tBp (attempt 1/3)
2026-06-29 16:51:16 | WARNING  | 404 on https://skeb.jp/api/users/vHoo__ (attempt 3/3)
2026-06-29 16:51:17 | INFO     | OK https://skeb.jp/api/users/allo_963
2026-06-29 16:51:17 | INFO     | Saving at a/skeb/allo_963-508bcf.json
2026-06-29 16:51:18 | INFO     | OK https://skeb.jp/api/users/You_Miyako_
2026-06-29 16:51:18 | INFO     | Saving at a/skeb/You_Miyako_-2dcf49.json
2026-06-29 16:51:19 | WARNING  | 404 on https://skeb.jp/api/users/ronn_irai (attempt 1/3)
2026-06-29 16:51:20 | WARNING  | 404 on https://skeb.jp/api/users/aki_ra3_ (attempt 3/3)
2026-06-29 16:51:21 | WARNING  | 404 on https://skeb.jp/api/users/Axnya (attempt 2/3)
2026-06-29 16:51:22 | WARNING  | 404 on https://skeb.jp/api/users/pgpcvDCE9G (attempt 1/3)
2026-06-29 16:51:23 | WARNING  | 404 on https://skeb.jp/api/users/ronn_irai (attempt 2/3)
2026-06-29 16:51:24 | WARNING  | 404 on https://skeb.jp/api/users/Llu_ulg (attempt 3/3)
2026-06-29 16:51:25 | WARNING  | 404 on https://skeb.jp/api/users/ghcfujfc1 (attempt 2/3)
2026-06-29 16:51:26 | WARNING  | 404 on https://skeb.jp/api/users/pgpcvDCE9G (attempt 2/3)
2026-06-29 16:51:27 | WARNING  | 404 on https://skeb.jp/api/users/Axnya (attempt 3/3)
2026-06-29 16:51:28 | WARNING  | 404 on https://skeb.jp/api/users/ronn_irai (attempt 3/3)
2026-06-29 16:51:29 | WARNING  | 404 on https://skeb.jp/api/users/8oSSUHCnXXz4tBp (attempt 2/3)
2026-06-29 16:51:30 | WARNING  | 404 on https://skeb.jp/api/users/ghcfujfc1 (attempt 3/3)
2026-06-29 16:51:31 | WARNING  | 404 on https://skeb.jp/api/users/923kaku (attempt 1/3)
2026-06-29 16:51:32 | WARNING  | 404 on https://skeb.jp/api/users/3hankikan0220 (attempt 1/3)
2026-06-29 16:51:33 | INFO     | OK https://skeb.jp/api/users/kuroringo0723
2026-06-29 16:51:33 | INFO     | Saving at a/skeb/kuroringo0723-dd25ec.json
2026-06-29 16:51:34 | WARNING  | 404 on https://skeb.jp/api/users/923kaku (attempt 2/3)
2026-06-29 16:51:35 | WARNING  | 404 on https://skeb.jp/api/users/8oSSUHCnXXz4tBp (attempt 3/3)
2026-06-29 16:51:36 | WARNING  | 404 on https://skeb.jp/api/users/Iam_Ciikawa (attempt 2/3)
2026-06-29 16:51:37 | WARNING  | 404 on https://skeb.jp/api/users/pgpcvDCE9G (attempt 3/3)
2026-06-29 16:51:38 | WARNING  | 404 on https://skeb.jp/api/users/3hankikan0220 (attempt 2/3)
2026-06-29 16:51:39 | WARNING  | 404 on https://skeb.jp/api/users/923kaku (attempt 3/3)
2026-06-29 16:51:41 | WARNING  | 404 on https://skeb.jp/api/users/Iam_Ciikawa (attempt 3/3)
2026-06-29 16:51:42 | WARNING  | 404 on https://skeb.jp/api/users/3hankikan0220 (attempt 3/3)
2026-06-29 16:51:42 | INFO     |  --- SUMMARY REPORT --- 
  Sources Retreived    : 50
  Profiles Fetched     : 6
  Profile Missing      : 44
  Profile Rate Limited : 0
  Profile Error Others : 0

2026-06-29 16:51:42 | INFO     | Started creating static api data.
2026-06-29 16:53:16 | INFO     | Album index written to a/albums/index.json (310 albums)
