2026-08-18 17:19:05 | INFO     | Initialized Data Store.
2026-08-18 17:19:05 | INFO     | Homepage GET status=200 (attempt 1/3)
2026-08-18 17:19:05 | WARNING  | request_key not found in homepage HTML (status=200).
2026-08-18 17:19:05 | INFO     | SkebClient ready (impersonate=chrome120, rate=1.0/s, concurrency=10, max_runtime=10800s)
2026-08-18 17:20:51 | INFO     | Ready to scrape 239 items
2026-08-18 17:20:52 | INFO     | OK https://skeb.jp/api/users/mochimochi2584
2026-08-18 17:20:52 | INFO     | Saving at a/skeb/mochimochi2584-bee2db.json
2026-08-18 17:20:53 | INFO     | OK https://skeb.jp/api/users/long_long_megm
2026-08-18 17:20:53 | INFO     | Saving at a/skeb/long_long_megm-cd6302.json
2026-08-18 17:20:54 | INFO     | OK https://skeb.jp/api/users/tnko69
2026-08-18 17:20:54 | INFO     | Saving at a/skeb/tnko69-dd442a.json
2026-08-18 17:20:55 | WARNING  | 404 on https://skeb.jp/api/users/3hankikan0220 (attempt 1/3)
2026-08-18 17:20:56 | WARNING  | 404 on https://skeb.jp/api/users/kasha0927 (attempt 1/3)
2026-08-18 17:20:57 | INFO     | OK https://skeb.jp/api/users/syu_ichi1125
2026-08-18 17:20:57 | INFO     | Saving at a/skeb/syu_ichi1125-fd4719.json
2026-08-18 17:20:58 | WARNING  | 404 on https://skeb.jp/api/users/3hankikan0220 (attempt 2/3)
2026-08-18 17:20:59 | INFO     | OK https://skeb.jp/api/users/poke_realworld
2026-08-18 17:20:59 | INFO     | Saving at a/skeb/poke_realworld-ba1d0c.json
2026-08-18 17:21:00 | INFO     | OK https://skeb.jp/api/users/Kiduki_yo
2026-08-18 17:21:00 | INFO     | Saving at a/skeb/Kiduki_yo-e773e6.json
2026-08-18 17:21:01 | INFO     | OK https://skeb.jp/api/users/q1q_artwork_m
2026-08-18 17:21:01 | INFO     | Saving at a/skeb/q1q_artwork_m-f95933.json
2026-08-18 17:21:02 | INFO     | OK https://skeb.jp/api/users/sakane_chicken
2026-08-18 17:21:02 | INFO     | Saving at a/skeb/sakane_chicken-88b4b0.json
2026-08-18 17:21:03 | WARNING  | 404 on https://skeb.jp/api/users/3hankikan0220 (attempt 3/3)
2026-08-18 17:21:04 | INFO     | OK https://skeb.jp/api/users/zunazuna_z
2026-08-18 17:21:04 | INFO     | Saving at a/skeb/zunazuna_z-a61d12.json
2026-08-18 17:21:05 | WARNING  | 404 on https://skeb.jp/api/users/killy810 (attempt 1/3)
2026-08-18 17:21:06 | WARNING  | 404 on https://skeb.jp/api/users/aki_ra3_ (attempt 1/3)
2026-08-18 17:21:07 | INFO     | OK https://skeb.jp/api/users/A074ON
2026-08-18 17:21:07 | INFO     | Saving at a/skeb/A074ON-da6955.json
2026-08-18 17:21:08 | INFO     | OK https://skeb.jp/api/users/ameno_naka
2026-08-18 17:21:08 | INFO     | Saving at a/skeb/ameno_naka-c5fb61.json
2026-08-18 17:21:09 | INFO     | OK https://skeb.jp/api/users/Sooooo_Raaaaa
2026-08-18 17:21:09 | INFO     | Saving at a/skeb/Sooooo_Raaaaa-c175a8.json
2026-08-18 17:21:10 | INFO     | OK https://skeb.jp/api/users/zz___0103
2026-08-18 17:21:10 | INFO     | Saving at a/skeb/zz___0103-97d0cf.json
2026-08-18 17:21:11 | WARNING  | 404 on https://skeb.jp/api/users/kasha0927 (attempt 2/3)
2026-08-18 17:21:12 | INFO     | OK https://skeb.jp/api/users/Touijou777
2026-08-18 17:21:12 | INFO     | Saving at a/skeb/Touijou777-e5d32b.json
2026-08-18 17:21:13 | INFO     | OK https://skeb.jp/api/users/color_ecoo
2026-08-18 17:21:13 | INFO     | Saving at a/skeb/color_ecoo-6bfabd.json
2026-08-18 17:21:14 | WARNING  | 404 on https://skeb.jp/api/users/ghcfujfc1 (attempt 1/3)
2026-08-18 17:21:15 | WARNING  | 404 on https://skeb.jp/api/users/aki_ra3_ (attempt 2/3)
2026-08-18 17:21:16 | INFO     | OK https://skeb.jp/api/users/mokichi_chi
2026-08-18 17:21:16 | INFO     | Saving at a/skeb/mokichi_chi-78eb6d.json
2026-08-18 17:21:17 | WARNING  | 404 on https://skeb.jp/api/users/ghcfujfc1 (attempt 2/3)
2026-08-18 17:21:18 | INFO     | OK https://skeb.jp/api/users/namenameillust
2026-08-18 17:21:18 | INFO     | Saving at a/skeb/namenameillust-30b716.json
2026-08-18 17:21:19 | INFO     | OK https://skeb.jp/api/users/yuitonoel
2026-08-18 17:21:19 | INFO     | Saving at a/skeb/yuitonoel-239fdb.json
2026-08-18 17:21:20 | INFO     | OK https://skeb.jp/api/users/haruko0468
2026-08-18 17:21:20 | INFO     | Saving at a/skeb/haruko0468-ee1fca.json
2026-08-18 17:21:21 | WARNING  | 404 on https://skeb.jp/api/users/aki_ra3_ (attempt 3/3)
2026-08-18 17:21:22 | INFO     | OK https://skeb.jp/api/users/mina_illust00
2026-08-18 17:21:22 | INFO     | Saving at a/skeb/mina_illust00-a1deec.json
2026-08-18 17:21:23 | INFO     | OK https://skeb.jp/api/users/6cggo
2026-08-18 17:21:23 | INFO     | Saving at a/skeb/6cggo-d1069a.json
2026-08-18 17:21:24 | INFO     | OK https://skeb.jp/api/users/jukuko_kobapi
2026-08-18 17:21:24 | INFO     | Saving at a/skeb/jukuko_kobapi-dd98be.json
2026-08-18 17:21:25 | WARNING  | 404 on https://skeb.jp/api/users/EDO__nyan (attempt 1/3)
2026-08-18 17:21:26 | INFO     | OK https://skeb.jp/api/users/tunya
2026-08-18 17:21:26 | INFO     | Saving at a/skeb/tunya-0f4c1a.json
2026-08-18 17:21:27 | WARNING  | 404 on https://skeb.jp/api/users/vHoo__ (attempt 1/3)
2026-08-18 17:21:28 | INFO     | OK https://skeb.jp/api/users/marin_Hf
2026-08-18 17:21:28 | INFO     | Saving at a/skeb/marin_Hf-96ca87.json
2026-08-18 17:21:29 | WARNING  | 404 on https://skeb.jp/api/users/Axnya (attempt 1/3)
2026-08-18 17:21:30 | WARNING  | 404 on https://skeb.jp/api/users/EDO__nyan (attempt 2/3)
2026-08-18 17:21:31 | WARNING  | 404 on https://skeb.jp/api/users/ghcfujfc1 (attempt 3/3)
2026-08-18 17:21:32 | WARNING  | 404 on https://skeb.jp/api/users/killy810 (attempt 2/3)
2026-08-18 17:21:33 | WARNING  | 404 on https://skeb.jp/api/users/vHoo__ (attempt 2/3)
2026-08-18 17:21:34 | WARNING  | 404 on https://skeb.jp/api/users/Axnya (attempt 2/3)
2026-08-18 17:21:35 | INFO     | OK https://skeb.jp/api/users/rr61___
2026-08-18 17:21:35 | INFO     | Saving at a/skeb/rr61___-105b75.json
2026-08-18 17:21:36 | WARNING  | 404 on https://skeb.jp/api/users/EDO__nyan (attempt 3/3)
2026-08-18 17:21:37 | WARNING  | 404 on https://skeb.jp/api/users/killy810 (attempt 3/3)
2026-08-18 17:21:38 | WARNING  | 404 on https://skeb.jp/api/users/toxizaki (attempt 1/3)
2026-08-18 17:21:39 | INFO     | OK https://skeb.jp/api/users/WA_B26
2026-08-18 17:21:39 | INFO     | Saving at a/skeb/WA_B26-409580.json
2026-08-18 17:21:40 | WARNING  | 404 on https://skeb.jp/api/users/vHoo__ (attempt 3/3)
2026-08-18 17:21:41 | WARNING  | 404 on https://skeb.jp/api/users/kasha0927 (attempt 3/3)
2026-08-18 17:21:42 | INFO     | OK https://skeb.jp/api/users/kinoe_gao
2026-08-18 17:21:42 | INFO     | Saving at a/skeb/kinoe_gao-f87cbb.json
2026-08-18 17:21:43 | WARNING  | 404 on https://skeb.jp/api/users/Henzu_23 (attempt 1/3)
2026-08-18 17:21:44 | INFO     | OK https://skeb.jp/api/users/milmilkcocoa
2026-08-18 17:21:44 | INFO     | Saving at a/skeb/milmilkcocoa-c8dd73.json
2026-08-18 17:21:45 | WARNING  | 404 on https://skeb.jp/api/users/Axnya (attempt 3/3)
2026-08-18 17:21:46 | INFO     | OK https://skeb.jp/api/users/_meruwo_
2026-08-18 17:21:46 | INFO     | Saving at a/skeb/_meruwo_-ccd65c.json
2026-08-18 17:21:47 | WARNING  | 404 on https://skeb.jp/api/users/polar_kuma62 (attempt 1/3)
2026-08-18 17:21:48 | INFO     | OK https://skeb.jp/api/users/zearth1996
2026-08-18 17:21:48 | INFO     | Saving at a/skeb/zearth1996-22c58c.json
2026-08-18 17:21:49 | INFO     | OK https://skeb.jp/api/users/Neko25_34
2026-08-18 17:21:49 | INFO     | Saving at a/skeb/Neko25_34-acf240.json
2026-08-18 17:21:50 | INFO     | OK https://skeb.jp/api/users/Un_Known9999
2026-08-18 17:21:50 | INFO     | Saving at a/skeb/Un_Known9999-c4c4a3.json
2026-08-18 17:21:51 | INFO     | OK https://skeb.jp/api/users/poteloon
2026-08-18 17:21:51 | INFO     | Saving at a/skeb/poteloon-092bc0.json
2026-08-18 17:21:52 | WARNING  | 404 on https://skeb.jp/api/users/nattamati_ (attempt 1/3)
2026-08-18 17:21:53 | INFO     | OK https://skeb.jp/api/users/masshiro_dane
2026-08-18 17:21:53 | INFO     | Saving at a/skeb/masshiro_dane-aea439.json
2026-08-18 17:21:54 | WARNING  | 404 on https://skeb.jp/api/users/Henzu_23 (attempt 2/3)
2026-08-18 17:21:55 | WARNING  | 404 on https://skeb.jp/api/users/polar_kuma62 (attempt 2/3)
2026-08-18 17:21:56 | INFO     | OK https://skeb.jp/api/users/murakoyafactory
2026-08-18 17:21:56 | INFO     | Saving at a/skeb/murakoyafactory-4dd9f8.json
2026-08-18 17:21:57 | INFO     | OK https://skeb.jp/api/users/Rijeka1918
2026-08-18 17:21:57 | INFO     | Saving at a/skeb/Rijeka1918-548b92.json
2026-08-18 17:21:58 | INFO     | OK https://skeb.jp/api/users/tqmime
2026-08-18 17:21:58 | INFO     | Saving at a/skeb/tqmime-648aee.json
2026-08-18 17:21:59 | INFO     | OK https://skeb.jp/api/users/maionaona
2026-08-18 17:21:59 | INFO     | Saving at a/skeb/maionaona-b81ef4.json
2026-08-18 17:22:00 | WARNING  | 404 on https://skeb.jp/api/users/Henzu_23 (attempt 3/3)
2026-08-18 17:22:01 | WARNING  | 404 on https://skeb.jp/api/users/polar_kuma62 (attempt 3/3)
2026-08-18 17:22:02 | INFO     | OK https://skeb.jp/api/users/yatyo_n
2026-08-18 17:22:02 | INFO     | Saving at a/skeb/yatyo_n-01c893.json
2026-08-18 17:22:03 | INFO     | OK https://skeb.jp/api/users/Merry_bind
2026-08-18 17:22:03 | INFO     | Saving at a/skeb/Merry_bind-cb37cb.json
2026-08-18 17:22:04 | INFO     | OK https://skeb.jp/api/users/Ginnjiro_009
2026-08-18 17:22:04 | INFO     | Saving at a/skeb/Ginnjiro_009-766756.json
2026-08-18 17:22:05 | WARNING  | 404 on https://skeb.jp/api/users/toxizaki (attempt 2/3)
2026-08-18 17:22:06 | INFO     | OK https://skeb.jp/api/users/hrokmhr
2026-08-18 17:22:06 | INFO     | Saving at a/skeb/hrokmhr-27f78f.json
2026-08-18 17:22:07 | WARNING  | 404 on https://skeb.jp/api/users/nattamati_ (attempt 2/3)
2026-08-18 17:22:08 | WARNING  | 404 on https://skeb.jp/api/users/8oSSUHCnXXz4tBp (attempt 1/3)
2026-08-18 17:22:09 | INFO     | OK https://skeb.jp/api/users/kzrst49
2026-08-18 17:22:09 | INFO     | Saving at a/skeb/kzrst49-71bef6.json
2026-08-18 17:22:10 | WARNING  | 404 on https://skeb.jp/api/users/toxizaki (attempt 3/3)
2026-08-18 17:22:11 | INFO     | OK https://skeb.jp/api/users/skeb_aozakura
2026-08-18 17:22:11 | INFO     | Saving at a/skeb/skeb_aozakura-165b9e.json
2026-08-18 17:22:12 | WARNING  | 404 on https://skeb.jp/api/users/8oSSUHCnXXz4tBp (attempt 2/3)
2026-08-18 17:22:13 | INFO     | OK https://skeb.jp/api/users/Manglemarimari2
2026-08-18 17:22:13 | INFO     | Saving at a/skeb/Manglemarimari2-e06ead.json
2026-08-18 17:22:14 | INFO     | OK https://skeb.jp/api/users/SsereSan36
2026-08-18 17:22:14 | INFO     | Saving at a/skeb/SsereSan36-71f205.json
2026-08-18 17:22:15 | INFO     | OK https://skeb.jp/api/users/4cyrbon
2026-08-18 17:22:15 | INFO     | Saving at a/skeb/4cyrbon-0833b3.json
2026-08-18 17:22:16 | INFO     | OK https://skeb.jp/api/users/fwfw6o6
2026-08-18 17:22:16 | INFO     | Saving at a/skeb/fwfw6o6-d9a969.json
2026-08-18 17:22:17 | WARNING  | 404 on https://skeb.jp/api/users/NOm0y0i (attempt 1/3)
2026-08-18 17:22:18 | INFO     | OK https://skeb.jp/api/users/offton_cover
2026-08-18 17:22:18 | INFO     | Saving at a/skeb/offton_cover-64c515.json
2026-08-18 17:22:19 | WARNING  | 404 on https://skeb.jp/api/users/8oSSUHCnXXz4tBp (attempt 3/3)
2026-08-18 17:22:20 | INFO     | OK https://skeb.jp/api/users/yuuumara
2026-08-18 17:22:20 | INFO     | Saving at a/skeb/yuuumara-8cb272.json
2026-08-18 17:22:21 | INFO     | OK https://skeb.jp/api/users/nemuqli
2026-08-18 17:22:21 | INFO     | Saving at a/skeb/nemuqli-fa4efe.json
2026-08-18 17:22:22 | INFO     | OK https://skeb.jp/api/users/kasaoridayo
2026-08-18 17:22:22 | INFO     | Saving at a/skeb/kasaoridayo-887bc7.json
2026-08-18 17:22:23 | INFO     | OK https://skeb.jp/api/users/hanaoooekaki
2026-08-18 17:22:23 | INFO     | Saving at a/skeb/hanaoooekaki-ee9aae.json
2026-08-18 17:22:24 | WARNING  | 404 on https://skeb.jp/api/users/mimei_Illust (attempt 1/3)
2026-08-18 17:22:25 | INFO     | OK https://skeb.jp/api/users/CandyUnderPIC
2026-08-18 17:22:25 | INFO     | Saving at a/skeb/CandyUnderPIC-dda2b7.json
2026-08-18 17:22:26 | INFO     | OK https://skeb.jp/api/users/for___ay
2026-08-18 17:22:26 | INFO     | Saving at a/skeb/for___ay-315b34.json
2026-08-18 17:22:27 | INFO     | OK https://skeb.jp/api/users/momonmomono
2026-08-18 17:22:27 | INFO     | Saving at a/skeb/momonmomono-a164fd.json
2026-08-18 17:22:28 | WARNING  | 404 on https://skeb.jp/api/users/mimei_Illust (attempt 2/3)
2026-08-18 17:22:29 | INFO     | OK https://skeb.jp/api/users/ra_in_412
2026-08-18 17:22:29 | INFO     | Saving at a/skeb/ra_in_412-3be124.json
2026-08-18 17:22:30 | WARNING  | 404 on https://skeb.jp/api/users/NOm0y0i (attempt 2/3)
2026-08-18 17:22:31 | INFO     | OK https://skeb.jp/api/users/todoreiya
2026-08-18 17:22:31 | INFO     | Saving at a/skeb/todoreiya-e877d2.json
2026-08-18 17:22:32 | INFO     | OK https://skeb.jp/api/users/0xx_Alice
2026-08-18 17:22:32 | INFO     | Saving at a/skeb/0xx_Alice-34c7e5.json
2026-08-18 17:22:33 | WARNING  | 404 on https://skeb.jp/api/users/mimei_Illust (attempt 3/3)
2026-08-18 17:22:34 | INFO     | OK https://skeb.jp/api/users/nezielmi
2026-08-18 17:22:34 | INFO     | Saving at a/skeb/nezielmi-68570e.json
2026-08-18 17:22:35 | WARNING  | 404 on https://skeb.jp/api/users/nattamati_ (attempt 3/3)
2026-08-18 17:22:36 | INFO     | OK https://skeb.jp/api/users/nagi_onigiri
2026-08-18 17:22:36 | INFO     | Saving at a/skeb/nagi_onigiri-556eac.json
2026-08-18 17:22:37 | INFO     | OK https://skeb.jp/api/users/kokakoikokakoi
2026-08-18 17:22:37 | INFO     | Saving at a/skeb/kokakoikokakoi-8d91b4.json
2026-08-18 17:22:38 | INFO     | OK https://skeb.jp/api/users/garansiki
2026-08-18 17:22:38 | INFO     | Saving at a/skeb/garansiki-40c5fc.json
2026-08-18 17:22:39 | INFO     | OK https://skeb.jp/api/users/u6auk
2026-08-18 17:22:39 | INFO     | Saving at a/skeb/u6auk-f6428b.json
2026-08-18 17:22:40 | WARNING  | 404 on https://skeb.jp/api/users/NOm0y0i (attempt 3/3)
2026-08-18 17:22:41 | INFO     | OK https://skeb.jp/api/users/koyubibibi
2026-08-18 17:22:41 | INFO     | Saving at a/skeb/koyubibibi-2f3fd3.json
2026-08-18 17:22:42 | INFO     | OK https://skeb.jp/api/users/huzitake
2026-08-18 17:22:42 | INFO     | Saving at a/skeb/huzitake-874242.json
2026-08-18 17:22:43 | INFO     | OK https://skeb.jp/api/users/lariat_scr
2026-08-18 17:22:43 | INFO     | Saving at a/skeb/lariat_scr-0cd7b5.json
2026-08-18 17:22:44 | WARNING  | 404 on https://skeb.jp/api/users/kokorono_376 (attempt 1/3)
2026-08-18 17:22:45 | INFO     | OK https://skeb.jp/api/users/nanaserk
2026-08-18 17:22:45 | INFO     | Saving at a/skeb/nanaserk-a34e61.json
2026-08-18 17:22:46 | INFO     | OK https://skeb.jp/api/users/_mahiro_88
2026-08-18 17:22:46 | INFO     | Saving at a/skeb/_mahiro_88-5a7c5e.json
2026-08-18 17:22:47 | WARNING  | 404 on https://skeb.jp/api/users/kokorono_376 (attempt 2/3)
2026-08-18 17:22:48 | INFO     | OK https://skeb.jp/api/users/mahuued
2026-08-18 17:22:48 | INFO     | Saving at a/skeb/mahuued-32d2b6.json
2026-08-18 17:22:49 | INFO     | OK https://skeb.jp/api/users/hujiwaragk99
2026-08-18 17:22:49 | INFO     | Saving at a/skeb/hujiwaragk99-3c653c.json
2026-08-18 17:22:50 | INFO     | OK https://skeb.jp/api/users/Usilo_illust
2026-08-18 17:22:50 | INFO     | Saving at a/skeb/Usilo_illust-c9c2a9.json
2026-08-18 17:22:51 | WARNING  | 404 on https://skeb.jp/api/users/ronn_irai (attempt 1/3)
2026-08-18 17:22:52 | WARNING  | 404 on https://skeb.jp/api/users/kiNero30901 (attempt 1/3)
2026-08-18 17:22:53 | WARNING  | 404 on https://skeb.jp/api/users/nyatta_san (attempt 1/3)
2026-08-18 17:22:54 | INFO     | OK https://skeb.jp/api/users/zef2y
2026-08-18 17:22:54 | INFO     | Saving at a/skeb/zef2y-dee45e.json
2026-08-18 17:22:55 | WARNING  | 404 on https://skeb.jp/api/users/T4k73gqSZ26h5si (attempt 1/3)
2026-08-18 17:22:56 | WARNING  | 404 on https://skeb.jp/api/users/kiNero30901 (attempt 2/3)
2026-08-18 17:22:57 | INFO     | OK https://skeb.jp/api/users/oy1cb
2026-08-18 17:22:57 | INFO     | Saving at a/skeb/oy1cb-d443c3.json
2026-08-18 17:22:58 | WARNING  | 404 on https://skeb.jp/api/users/T4k73gqSZ26h5si (attempt 2/3)
2026-08-18 17:22:59 | WARNING  | 404 on https://skeb.jp/api/users/nyatta_san (attempt 2/3)
2026-08-18 17:23:00 | WARNING  | 404 on https://skeb.jp/api/users/Ryuzi_27 (attempt 1/3)
2026-08-18 17:23:01 | INFO     | OK https://skeb.jp/api/users/nekona_0618
2026-08-18 17:23:01 | INFO     | Saving at a/skeb/nekona_0618-69b26b.json
2026-08-18 17:23:02 | WARNING  | 404 on https://skeb.jp/api/users/kokorono_376 (attempt 3/3)
2026-08-18 17:23:03 | INFO     | OK https://skeb.jp/api/users/haro8642
2026-08-18 17:23:03 | INFO     | Saving at a/skeb/haro8642-92b871.json
2026-08-18 17:23:04 | INFO     | OK https://skeb.jp/api/users/Ajireri
2026-08-18 17:23:04 | INFO     | Saving at a/skeb/Ajireri-6fee7b.json
2026-08-18 17:23:05 | WARNING  | 404 on https://skeb.jp/api/users/se3ifinal (attempt 1/3)
2026-08-18 17:23:06 | WARNING  | 404 on https://skeb.jp/api/users/kiNero30901 (attempt 3/3)
2026-08-18 17:23:07 | WARNING  | 404 on https://skeb.jp/api/users/Iam_Ciikawa (attempt 1/3)
2026-08-18 17:23:08 | INFO     | OK https://skeb.jp/api/users/IgagurI_UnovA
2026-08-18 17:23:08 | INFO     | Saving at a/skeb/IgagurI_UnovA-8aa0f7.json
2026-08-18 17:23:09 | WARNING  | 404 on https://skeb.jp/api/users/nyatta_san (attempt 3/3)
2026-08-18 17:23:10 | INFO     | OK https://skeb.jp/api/users/75Bmv
2026-08-18 17:23:10 | INFO     | Saving at a/skeb/75Bmv-8bf304.json
2026-08-18 17:23:11 | WARNING  | 404 on https://skeb.jp/api/users/Iam_Ciikawa (attempt 2/3)
2026-08-18 17:23:12 | WARNING  | 404 on https://skeb.jp/api/users/ronn_irai (attempt 2/3)
2026-08-18 17:23:13 | INFO     | OK https://skeb.jp/api/users/omochi3sei
2026-08-18 17:23:13 | INFO     | Saving at a/skeb/omochi3sei-4b5abe.json
2026-08-18 17:23:14 | WARNING  | 404 on https://skeb.jp/api/users/se3ifinal (attempt 2/3)
2026-08-18 17:23:15 | INFO     | OK https://skeb.jp/api/users/cork0614
2026-08-18 17:23:15 | INFO     | Saving at a/skeb/cork0614-7ddc60.json
2026-08-18 17:23:16 | INFO     | OK https://skeb.jp/api/users/oitekuze_kore
2026-08-18 17:23:16 | INFO     | Saving at a/skeb/oitekuze_kore-0842d6.json
2026-08-18 17:23:17 | WARNING  | 404 on https://skeb.jp/api/users/T4k73gqSZ26h5si (attempt 3/3)
2026-08-18 17:23:18 | WARNING  | 404 on https://skeb.jp/api/users/ronn_irai (attempt 3/3)
2026-08-18 17:23:19 | INFO     | OK https://skeb.jp/api/users/x5_qj__
2026-08-18 17:23:19 | INFO     | Saving at a/skeb/x5_qj__-bfa860.json
2026-08-18 17:23:20 | INFO     | OK https://skeb.jp/api/users/fujimaru_00
2026-08-18 17:23:20 | INFO     | Saving at a/skeb/fujimaru_00-8218de.json
2026-08-18 17:23:21 | WARNING  | 404 on https://skeb.jp/api/users/Uo_oU_us (attempt 1/3)
2026-08-18 17:23:22 | WARNING  | 404 on https://skeb.jp/api/users/Ryuzi_27 (attempt 2/3)
2026-08-18 17:23:23 | WARNING  | 404 on https://skeb.jp/api/users/29Kota2 (attempt 1/3)
2026-08-18 17:23:24 | INFO     | OK https://skeb.jp/api/users/pink_no_usa
2026-08-18 17:23:24 | INFO     | Saving at a/skeb/pink_no_usa-f0a593.json
2026-08-18 17:23:25 | INFO     | OK https://skeb.jp/api/users/Batta_Umai
2026-08-18 17:23:25 | INFO     | Saving at a/skeb/Batta_Umai-81a416.json
2026-08-18 17:23:26 | WARNING  | 404 on https://skeb.jp/api/users/Iam_Ciikawa (attempt 3/3)
2026-08-18 17:23:27 | INFO     | OK https://skeb.jp/api/users/yacdom
2026-08-18 17:23:27 | INFO     | Saving at a/skeb/yacdom-67b498.json
2026-08-18 17:23:28 | WARNING  | 404 on https://skeb.jp/api/users/soraumi2000_50_ (attempt 1/3)
2026-08-18 17:23:29 | WARNING  | 404 on https://skeb.jp/api/users/29Kota2 (attempt 2/3)
2026-08-18 17:23:30 | INFO     | OK https://skeb.jp/api/users/noa1122
2026-08-18 17:23:30 | INFO     | Saving at a/skeb/noa1122-31c1d6.json
2026-08-18 17:23:31 | INFO     | OK https://skeb.jp/api/users/Suima_no_Muu
2026-08-18 17:23:31 | INFO     | Saving at a/skeb/Suima_no_Muu-1640f7.json
2026-08-18 17:23:32 | WARNING  | 404 on https://skeb.jp/api/users/se3ifinal (attempt 3/3)
2026-08-18 17:23:33 | WARNING  | 404 on https://skeb.jp/api/users/Uo_oU_us (attempt 2/3)
2026-08-18 17:23:34 | WARNING  | 404 on https://skeb.jp/api/users/soraumi2000_50_ (attempt 2/3)
2026-08-18 17:23:35 | INFO     | OK https://skeb.jp/api/users/yowanechan_3
2026-08-18 17:23:35 | INFO     | Saving at a/skeb/yowanechan_3-d7b4a0.json
2026-08-18 17:23:36 | INFO     | OK https://skeb.jp/api/users/ki_1315
2026-08-18 17:23:36 | INFO     | Saving at a/skeb/ki_1315-9c2fe9.json
2026-08-18 17:23:37 | INFO     | OK https://skeb.jp/api/users/53ichigo
2026-08-18 17:23:37 | INFO     | Saving at a/skeb/53ichigo-fed4f7.json
2026-08-18 17:23:38 | INFO     | OK https://skeb.jp/api/users/prime_1865
2026-08-18 17:23:38 | INFO     | Saving at a/skeb/prime_1865-59ee5e.json
2026-08-18 17:23:39 | INFO     | OK https://skeb.jp/api/users/riexei
2026-08-18 17:23:39 | INFO     | Saving at a/skeb/riexei-d93018.json
2026-08-18 17:23:40 | INFO     | OK https://skeb.jp/api/users/simetuki_tanki
2026-08-18 17:23:40 | INFO     | Saving at a/skeb/simetuki_tanki-6fe626.json
2026-08-18 17:23:41 | WARNING  | 404 on https://skeb.jp/api/users/Uo_oU_us (attempt 3/3)
2026-08-18 17:23:42 | INFO     | OK https://skeb.jp/api/users/SS_shiburan_2
2026-08-18 17:23:42 | INFO     | Saving at a/skeb/SS_shiburan_2-111c38.json
2026-08-18 17:23:43 | WARNING  | 404 on https://skeb.jp/api/users/Ryuzi_27 (attempt 3/3)
2026-08-18 17:23:44 | INFO     | OK https://skeb.jp/api/users/morimoriminamo1
2026-08-18 17:23:44 | INFO     | Saving at a/skeb/morimoriminamo1-859224.json
2026-08-18 17:23:45 | WARNING  | 404 on https://skeb.jp/api/users/29Kota2 (attempt 3/3)
2026-08-18 17:23:46 | WARNING  | 404 on https://skeb.jp/api/users/kagoyama_sns (attempt 1/3)
2026-08-18 17:23:47 | INFO     | OK https://skeb.jp/api/users/murata_nana0409
2026-08-18 17:23:47 | INFO     | Saving at a/skeb/murata_nana0409-4f64bb.json
2026-08-18 17:23:48 | INFO     | OK https://skeb.jp/api/users/IchikaAizawa
2026-08-18 17:23:48 | INFO     | Saving at a/skeb/IchikaAizawa-b53e70.json
2026-08-18 17:23:49 | INFO     | OK https://skeb.jp/api/users/samwo00
2026-08-18 17:23:49 | INFO     | Saving at a/skeb/samwo00-825777.json
2026-08-18 17:23:50 | INFO     | OK https://skeb.jp/api/users/25mugi_shippo
2026-08-18 17:23:50 | INFO     | Saving at a/skeb/25mugi_shippo-caad8e.json
2026-08-18 17:23:51 | INFO     | OK https://skeb.jp/api/users/wani_doriru
2026-08-18 17:23:51 | INFO     | Saving at a/skeb/wani_doriru-f26885.json
2026-08-18 17:23:52 | INFO     | OK https://skeb.jp/api/users/ymdb_185
2026-08-18 17:23:52 | INFO     | Saving at a/skeb/ymdb_185-55c9d7.json
2026-08-18 17:23:53 | WARNING  | 404 on https://skeb.jp/api/users/kagoyama_sns (attempt 2/3)
2026-08-18 17:23:54 | INFO     | OK https://skeb.jp/api/users/tapionnuko
2026-08-18 17:23:54 | INFO     | Saving at a/skeb/tapionnuko-6592be.json
2026-08-18 17:23:55 | INFO     | OK https://skeb.jp/api/users/29su4_chan
2026-08-18 17:23:55 | INFO     | Saving at a/skeb/29su4_chan-d9d460.json
2026-08-18 17:23:56 | INFO     | OK https://skeb.jp/api/users/sinanohaka
2026-08-18 17:23:56 | INFO     | Saving at a/skeb/sinanohaka-dd9f4a.json
2026-08-18 17:23:57 | WARNING  | 404 on https://skeb.jp/api/users/lkjeudnduy44 (attempt 1/3)
2026-08-18 17:23:58 | WARNING  | 404 on https://skeb.jp/api/users/p_pfp5 (attempt 1/3)
2026-08-18 17:23:59 | WARNING  | 404 on https://skeb.jp/api/users/yamin_himamo23 (attempt 1/3)
2026-08-18 17:24:00 | INFO     | OK https://skeb.jp/api/users/Karasu_4geha
2026-08-18 17:24:00 | INFO     | Saving at a/skeb/Karasu_4geha-61de72.json
2026-08-18 17:24:01 | WARNING  | 404 on https://skeb.jp/api/users/_meruruto_ (attempt 1/3)
2026-08-18 17:24:02 | INFO     | OK https://skeb.jp/api/users/udukikko
2026-08-18 17:24:02 | INFO     | Saving at a/skeb/udukikko-87a82f.json
2026-08-18 17:24:03 | INFO     | OK https://skeb.jp/api/users/ichiiui
2026-08-18 17:24:03 | INFO     | Saving at a/skeb/ichiiui-8ff027.json
2026-08-18 17:24:04 | WARNING  | 404 on https://skeb.jp/api/users/kagoyama_sns (attempt 3/3)
2026-08-18 17:24:05 | INFO     | OK https://skeb.jp/api/users/totoropica
2026-08-18 17:24:05 | INFO     | Saving at a/skeb/totoropica-b762e4.json
2026-08-18 17:24:06 | INFO     | OK https://skeb.jp/api/users/airiillust
2026-08-18 17:24:06 | INFO     | Saving at a/skeb/airiillust-36bcf1.json
2026-08-18 17:24:07 | WARNING  | 404 on https://skeb.jp/api/users/yamin_himamo23 (attempt 2/3)
2026-08-18 17:24:08 | INFO     | OK https://skeb.jp/api/users/Trevenant0
2026-08-18 17:24:08 | INFO     | Saving at a/skeb/Trevenant0-90f3c5.json
2026-08-18 17:24:09 | WARNING  | 404 on https://skeb.jp/api/users/lkjeudnduy44 (attempt 2/3)
2026-08-18 17:24:10 | INFO     | OK https://skeb.jp/api/users/pipipi_oxu
2026-08-18 17:24:10 | INFO     | Saving at a/skeb/pipipi_oxu-a8b100.json
2026-08-18 17:24:11 | WARNING  | 404 on https://skeb.jp/api/users/soraumi2000_50_ (attempt 3/3)
2026-08-18 17:24:12 | INFO     | OK https://skeb.jp/api/users/Doraoo_0704
2026-08-18 17:24:12 | INFO     | Saving at a/skeb/Doraoo_0704-b53c9c.json
2026-08-18 17:24:13 | INFO     | OK https://skeb.jp/api/users/hitokoe
2026-08-18 17:24:13 | INFO     | Saving at a/skeb/hitokoe-336605.json
2026-08-18 17:24:14 | INFO     | OK https://skeb.jp/api/users/nkt_niko
2026-08-18 17:24:14 | INFO     | Saving at a/skeb/nkt_niko-b6599e.json
2026-08-18 17:24:15 | WARNING  | 404 on https://skeb.jp/api/users/yamin_himamo23 (attempt 3/3)
2026-08-18 17:24:16 | WARNING  | 404 on https://skeb.jp/api/users/lkjeudnduy44 (attempt 3/3)
2026-08-18 17:24:17 | INFO     | OK https://skeb.jp/api/users/tawasi84
2026-08-18 17:24:17 | INFO     | Saving at a/skeb/tawasi84-d85379.json
2026-08-18 17:24:18 | INFO     | OK https://skeb.jp/api/users/kanipan____
2026-08-18 17:24:18 | INFO     | Saving at a/skeb/kanipan____-022786.json
2026-08-18 17:24:19 | INFO     | OK https://skeb.jp/api/users/_7mema
2026-08-18 17:24:19 | INFO     | Saving at a/skeb/_7mema-652c38.json
2026-08-18 17:24:20 | WARNING  | 404 on https://skeb.jp/api/users/p_pfp5 (attempt 2/3)
2026-08-18 17:24:21 | WARNING  | 404 on https://skeb.jp/api/users/oshino_Iriss (attempt 1/3)
2026-08-18 17:24:22 | INFO     | OK https://skeb.jp/api/users/inunari19970927
2026-08-18 17:24:22 | INFO     | Saving at a/skeb/inunari19970927-22abac.json
2026-08-18 17:24:23 | INFO     | OK https://skeb.jp/api/users/hozumi_aka
2026-08-18 17:24:23 | INFO     | Saving at a/skeb/hozumi_aka-ad63d5.json
2026-08-18 17:24:24 | INFO     | OK https://skeb.jp/api/users/oiyosan
2026-08-18 17:24:24 | INFO     | Saving at a/skeb/oiyosan-9b7b7d.json
2026-08-18 17:24:25 | WARNING  | 404 on https://skeb.jp/api/users/p_pfp5 (attempt 3/3)
2026-08-18 17:24:26 | INFO     | OK https://skeb.jp/api/users/mielknc
2026-08-18 17:24:26 | INFO     | Saving at a/skeb/mielknc-7982cd.json
2026-08-18 17:24:27 | INFO     | OK https://skeb.jp/api/users/Eqiushed
2026-08-18 17:24:27 | INFO     | Saving at a/skeb/Eqiushed-f003c7.json
2026-08-18 17:24:28 | WARNING  | 404 on https://skeb.jp/api/users/_meruruto_ (attempt 2/3)
2026-08-18 17:24:29 | INFO     | OK https://skeb.jp/api/users/11taro9
2026-08-18 17:24:29 | INFO     | Saving at a/skeb/11taro9-327e3b.json
2026-08-18 17:24:30 | INFO     | OK https://skeb.jp/api/users/cmvarmajalis
2026-08-18 17:24:30 | INFO     | Saving at a/skeb/cmvarmajalis-e0d71a.json
2026-08-18 17:24:31 | WARNING  | 404 on https://skeb.jp/api/users/oshino_Iriss (attempt 2/3)
2026-08-18 17:24:32 | INFO     | OK https://skeb.jp/api/users/tsuki0425
2026-08-18 17:24:32 | INFO     | Saving at a/skeb/tsuki0425-36fa43.json
2026-08-18 17:24:33 | WARNING  | 404 on https://skeb.jp/api/users/Geshi_to_ (attempt 1/3)
2026-08-18 17:24:34 | WARNING  | 404 on https://skeb.jp/api/users/_meruruto_ (attempt 3/3)
2026-08-18 17:24:35 | WARNING  | 404 on https://skeb.jp/api/users/kotonesansukida (attempt 1/3)
2026-08-18 17:24:36 | INFO     | OK https://skeb.jp/api/users/Akimomiji18
2026-08-18 17:24:36 | INFO     | Saving at a/skeb/Akimomiji18-84f6fd.json
2026-08-18 17:24:37 | INFO     | OK https://skeb.jp/api/users/sessounejp
2026-08-18 17:24:37 | INFO     | Saving at a/skeb/sessounejp-149fd3.json
2026-08-18 17:24:38 | INFO     | OK https://skeb.jp/api/users/aosan_fu
2026-08-18 17:24:38 | INFO     | Saving at a/skeb/aosan_fu-d03ab3.json
2026-08-18 17:24:39 | WARNING  | 404 on https://skeb.jp/api/users/sakayama_lazuli (attempt 1/3)
2026-08-18 17:24:40 | INFO     | OK https://skeb.jp/api/users/yutanpo_yutanpo
2026-08-18 17:24:40 | INFO     | Saving at a/skeb/yutanpo_yutanpo-165225.json
2026-08-18 17:24:41 | WARNING  | 404 on https://skeb.jp/api/users/oshino_Iriss (attempt 3/3)
2026-08-18 17:24:42 | INFO     | OK https://skeb.jp/api/users/oomoriyade111
2026-08-18 17:24:42 | INFO     | Saving at a/skeb/oomoriyade111-2015eb.json
2026-08-18 17:24:43 | WARNING  | 404 on https://skeb.jp/api/users/kotonesansukida (attempt 2/3)
2026-08-18 17:24:44 | INFO     | OK https://skeb.jp/api/users/amboynaV2
2026-08-18 17:24:44 | INFO     | Saving at a/skeb/amboynaV2-256959.json
2026-08-18 17:24:45 | WARNING  | 404 on https://skeb.jp/api/users/Geshi_to_ (attempt 2/3)
2026-08-18 17:24:46 | INFO     | OK https://skeb.jp/api/users/nyqnkabu
2026-08-18 17:24:46 | INFO     | Saving at a/skeb/nyqnkabu-0a5ea3.json
2026-08-18 17:24:47 | INFO     | OK https://skeb.jp/api/users/syusa_r18
2026-08-18 17:24:47 | INFO     | Saving at a/skeb/syusa_r18-f5062b.json
2026-08-18 17:24:48 | INFO     | OK https://skeb.jp/api/users/mpwg_1
2026-08-18 17:24:48 | INFO     | Saving at a/skeb/mpwg_1-a0bec8.json
2026-08-18 17:24:49 | INFO     | OK https://skeb.jp/api/users/otsudou
2026-08-18 17:24:49 | INFO     | Saving at a/skeb/otsudou-bc6ed8.json
2026-08-18 17:24:50 | INFO     | OK https://skeb.jp/api/users/shimo_kawa
2026-08-18 17:24:50 | INFO     | Saving at a/skeb/shimo_kawa-84680b.json
2026-08-18 17:24:51 | INFO     | OK https://skeb.jp/api/users/jiku_z
2026-08-18 17:24:51 | INFO     | Saving at a/skeb/jiku_z-64c770.json
2026-08-18 17:24:52 | INFO     | OK https://skeb.jp/api/users/urioio
2026-08-18 17:24:52 | INFO     | Saving at a/skeb/urioio-d334f7.json
2026-08-18 17:24:53 | INFO     | OK https://skeb.jp/api/users/nyon_taka
2026-08-18 17:24:53 | INFO     | Saving at a/skeb/nyon_taka-f09523.json
2026-08-18 17:24:54 | INFO     | OK https://skeb.jp/api/users/aira__baa
2026-08-18 17:24:54 | INFO     | Saving at a/skeb/aira__baa-1a40ef.json
2026-08-18 17:24:55 | WARNING  | 404 on https://skeb.jp/api/users/sakayama_lazuli (attempt 2/3)
2026-08-18 17:24:56 | WARNING  | 404 on https://skeb.jp/api/users/kotonesansukida (attempt 3/3)
2026-08-18 17:24:57 | WARNING  | 404 on https://skeb.jp/api/users/Geshi_to_ (attempt 3/3)
2026-08-18 17:24:58 | INFO     | OK https://skeb.jp/api/users/tubasamirai
2026-08-18 17:24:58 | INFO     | Saving at a/skeb/tubasamirai-2c6b07.json
2026-08-18 17:24:59 | WARNING  | 404 on https://skeb.jp/api/users/fukafuka_no_inu (attempt 1/3)
2026-08-18 17:25:00 | INFO     | OK https://skeb.jp/api/users/pote2niki
2026-08-18 17:25:00 | INFO     | Saving at a/skeb/pote2niki-822519.json
2026-08-18 17:25:01 | INFO     | OK https://skeb.jp/api/users/KKO_MYC
2026-08-18 17:25:01 | INFO     | Saving at a/skeb/KKO_MYC-1de866.json
2026-08-18 17:25:02 | WARNING  | 404 on https://skeb.jp/api/users/meguru_nero (attempt 1/3)
2026-08-18 17:25:03 | WARNING  | 404 on https://skeb.jp/api/users/fukafuka_no_inu (attempt 2/3)
2026-08-18 17:25:04 | INFO     | OK https://skeb.jp/api/users/Mog_ikg
2026-08-18 17:25:04 | INFO     | Saving at a/skeb/Mog_ikg-519f63.json
2026-08-18 17:25:05 | WARNING  | 404 on https://skeb.jp/api/users/meguru_nero (attempt 2/3)
2026-08-18 17:25:06 | INFO     | OK https://skeb.jp/api/users/akurahiharuka
2026-08-18 17:25:06 | INFO     | Saving at a/skeb/akurahiharuka-41d3bf.json
2026-08-18 17:25:07 | INFO     | OK https://skeb.jp/api/users/amamiyadagashi
2026-08-18 17:25:07 | INFO     | Saving at a/skeb/amamiyadagashi-30cc0f.json
2026-08-18 17:25:08 | WARNING  | 404 on https://skeb.jp/api/users/fukafuka_no_inu (attempt 3/3)
2026-08-18 17:25:09 | INFO     | OK https://skeb.jp/api/users/neguse1233
2026-08-18 17:25:09 | INFO     | Saving at a/skeb/neguse1233-4167be.json
2026-08-18 17:25:10 | INFO     | OK https://skeb.jp/api/users/urokonobird
2026-08-18 17:25:10 | INFO     | Saving at a/skeb/urokonobird-20a16f.json
2026-08-18 17:25:11 | WARNING  | 404 on https://skeb.jp/api/users/fm7hxj (attempt 1/3)
2026-08-18 17:25:12 | WARNING  | 404 on https://skeb.jp/api/users/pgpcvDCE9G (attempt 1/3)
2026-08-18 17:25:13 | INFO     | OK https://skeb.jp/api/users/428_zx
2026-08-18 17:25:13 | INFO     | Saving at a/skeb/428_zx-a49c77.json
2026-08-18 17:25:14 | INFO     | OK https://skeb.jp/api/users/kabotyausagi_h
2026-08-18 17:25:14 | INFO     | Saving at a/skeb/kabotyausagi_h-1cc86c.json
2026-08-18 17:25:15 | WARNING  | 404 on https://skeb.jp/api/users/fm7hxj (attempt 2/3)
2026-08-18 17:25:16 | INFO     | OK https://skeb.jp/api/users/hanazaki_megu
2026-08-18 17:25:16 | INFO     | Saving at a/skeb/hanazaki_megu-d527d4.json
2026-08-18 17:25:17 | INFO     | OK https://skeb.jp/api/users/20001000sss
2026-08-18 17:25:17 | INFO     | Saving at a/skeb/20001000sss-f531ba.json
2026-08-18 17:25:18 | WARNING  | 404 on https://skeb.jp/api/users/meguru_nero (attempt 3/3)
2026-08-18 17:25:19 | INFO     | OK https://skeb.jp/api/users/pisuran
2026-08-18 17:25:19 | INFO     | Saving at a/skeb/pisuran-53563b.json
2026-08-18 17:25:20 | WARNING  | 404 on https://skeb.jp/api/users/pgpcvDCE9G (attempt 2/3)
2026-08-18 17:25:21 | INFO     | OK https://skeb.jp/api/users/omochi_yoya_
2026-08-18 17:25:21 | INFO     | Saving at a/skeb/omochi_yoya_-1530fa.json
2026-08-18 17:25:22 | WARNING  | 404 on https://skeb.jp/api/users/m3x3_sk (attempt 1/3)
2026-08-18 17:25:23 | INFO     | OK https://skeb.jp/api/users/ureixxx
2026-08-18 17:25:23 | INFO     | Saving at a/skeb/ureixxx-15b6cd.json
2026-08-18 17:25:24 | WARNING  | 404 on https://skeb.jp/api/users/fm7hxj (attempt 3/3)
2026-08-18 17:25:25 | INFO     | OK https://skeb.jp/api/users/Rakim1582489
2026-08-18 17:25:25 | INFO     | Saving at a/skeb/Rakim1582489-c24ba8.json
2026-08-18 17:25:26 | INFO     | OK https://skeb.jp/api/users/ori_piece
2026-08-18 17:25:26 | INFO     | Saving at a/skeb/ori_piece-28c498.json
2026-08-18 17:25:27 | WARNING  | 404 on https://skeb.jp/api/users/sakayama_lazuli (attempt 3/3)
2026-08-18 17:25:28 | WARNING  | 404 on https://skeb.jp/api/users/m3x3_sk (attempt 2/3)
2026-08-18 17:25:29 | WARNING  | 404 on https://skeb.jp/api/users/Llu_ulg (attempt 1/3)
2026-08-18 17:25:30 | INFO     | OK https://skeb.jp/api/users/bismuthrite
2026-08-18 17:25:30 | INFO     | Saving at a/skeb/bismuthrite-cdf063.json
2026-08-18 17:25:31 | INFO     | OK https://skeb.jp/api/users/shiki_ohgami
2026-08-18 17:25:31 | INFO     | Saving at a/skeb/shiki_ohgami-dc88c2.json
2026-08-18 17:25:32 | INFO     | OK https://skeb.jp/api/users/Kiana__Vamp
2026-08-18 17:25:32 | INFO     | Saving at a/skeb/Kiana__Vamp-122c38.json
2026-08-18 17:25:33 | INFO     | OK https://skeb.jp/api/users/EndouA_trpg
2026-08-18 17:25:33 | INFO     | Saving at a/skeb/EndouA_trpg-f4dbd3.json
2026-08-18 17:25:34 | INFO     | OK https://skeb.jp/api/users/ZURUZURU_ykr
2026-08-18 17:25:34 | INFO     | Saving at a/skeb/ZURUZURU_ykr-365f16.json
2026-08-18 17:25:35 | INFO     | OK https://skeb.jp/api/users/bee8girl
2026-08-18 17:25:35 | INFO     | Saving at a/skeb/bee8girl-8c4b28.json
2026-08-18 17:25:36 | INFO     | OK https://skeb.jp/api/users/laksha_100k
2026-08-18 17:25:36 | INFO     | Saving at a/skeb/laksha_100k-faafb5.json
2026-08-18 17:25:37 | INFO     | OK https://skeb.jp/api/users/TNS41685859
2026-08-18 17:25:37 | INFO     | Saving at a/skeb/TNS41685859-786fbe.json
2026-08-18 17:25:38 | INFO     | OK https://skeb.jp/api/users/coffee_oishii
2026-08-18 17:25:38 | INFO     | Saving at a/skeb/coffee_oishii-56e159.json
2026-08-18 17:25:39 | WARNING  | 404 on https://skeb.jp/api/users/77_t2w (attempt 1/3)
2026-08-18 17:25:40 | INFO     | OK https://skeb.jp/api/users/aidei
2026-08-18 17:25:40 | INFO     | Saving at a/skeb/aidei-d69c7b.json
2026-08-18 17:25:41 | INFO     | OK https://skeb.jp/api/users/m_eguru_
2026-08-18 17:25:41 | INFO     | Saving at a/skeb/m_eguru_-26df93.json
2026-08-18 17:25:42 | WARNING  | 404 on https://skeb.jp/api/users/Llu_ulg (attempt 2/3)
2026-08-18 17:25:43 | WARNING  | 404 on https://skeb.jp/api/users/pgpcvDCE9G (attempt 3/3)
2026-08-18 17:25:44 | WARNING  | 404 on https://skeb.jp/api/users/scy2222 (attempt 1/3)
2026-08-18 17:25:45 | INFO     | OK https://skeb.jp/api/users/123HeWhoMe
2026-08-18 17:25:45 | INFO     | Saving at a/skeb/123HeWhoMe-568e8d.json
2026-08-18 17:25:46 | WARNING  | 404 on https://skeb.jp/api/users/m3x3_sk (attempt 3/3)
2026-08-18 17:25:47 | WARNING  | 404 on https://skeb.jp/api/users/77_t2w (attempt 2/3)
2026-08-18 17:25:48 | WARNING  | 404 on https://skeb.jp/api/users/scy2222 (attempt 2/3)
2026-08-18 17:25:49 | INFO     | OK https://skeb.jp/api/users/loveharmonics
2026-08-18 17:25:49 | INFO     | Saving at a/skeb/loveharmonics-ebb17c.json
2026-08-18 17:25:50 | INFO     | OK https://skeb.jp/api/users/kannmiryou
2026-08-18 17:25:50 | INFO     | Saving at a/skeb/kannmiryou-93f7a3.json
2026-08-18 17:25:51 | INFO     | OK https://skeb.jp/api/users/misotaro21
2026-08-18 17:25:51 | INFO     | Saving at a/skeb/misotaro21-d26eca.json
2026-08-18 17:25:52 | INFO     | OK https://skeb.jp/api/users/pp_KUH
2026-08-18 17:25:52 | INFO     | Saving at a/skeb/pp_KUH-5d3527.json
2026-08-18 17:25:53 | WARNING  | 404 on https://skeb.jp/api/users/923kaku (attempt 1/3)
2026-08-18 17:25:54 | INFO     | OK https://skeb.jp/api/users/mspnnnnn
2026-08-18 17:25:54 | INFO     | Saving at a/skeb/mspnnnnn-7b6af4.json
2026-08-18 17:25:55 | INFO     | OK https://skeb.jp/api/users/Yuriruex
2026-08-18 17:25:55 | INFO     | Saving at a/skeb/Yuriruex-1382de.json
2026-08-18 17:25:56 | WARNING  | 404 on https://skeb.jp/api/users/scy2222 (attempt 3/3)
2026-08-18 17:25:57 | INFO     | OK https://skeb.jp/api/users/amefuri_yakou
2026-08-18 17:25:57 | INFO     | Saving at a/skeb/amefuri_yakou-7e3a88.json
2026-08-18 17:25:58 | INFO     | OK https://skeb.jp/api/users/i_shiawase
2026-08-18 17:25:58 | INFO     | Saving at a/skeb/i_shiawase-baaade.json
2026-08-18 17:25:59 | INFO     | OK https://skeb.jp/api/users/neo_kasa
2026-08-18 17:25:59 | INFO     | Saving at a/skeb/neo_kasa-0972b2.json
2026-08-18 17:26:00 | WARNING  | 404 on https://skeb.jp/api/users/mimamorichan (attempt 1/3)
2026-08-18 17:26:01 | INFO     | OK https://skeb.jp/api/users/mitsu_madoromi
2026-08-18 17:26:01 | INFO     | Saving at a/skeb/mitsu_madoromi-e322cf.json
2026-08-18 17:26:02 | WARNING  | 404 on https://skeb.jp/api/users/Llu_ulg (attempt 3/3)
2026-08-18 17:26:03 | WARNING  | 404 on https://skeb.jp/api/users/mimamorichan (attempt 2/3)
2026-08-18 17:26:04 | WARNING  | 404 on https://skeb.jp/api/users/77_t2w (attempt 3/3)
2026-08-18 17:26:05 | INFO     | OK https://skeb.jp/api/users/FujisakiAming
2026-08-18 17:26:05 | INFO     | Saving at a/skeb/FujisakiAming-035973.json
2026-08-18 17:26:06 | WARNING  | 404 on https://skeb.jp/api/users/923kaku (attempt 2/3)
2026-08-18 17:26:07 | INFO     | OK https://skeb.jp/api/users/yuzuriha_1202
2026-08-18 17:26:07 | INFO     | Saving at a/skeb/yuzuriha_1202-ce0c18.json
2026-08-18 17:26:08 | INFO     | OK https://skeb.jp/api/users/sadao_ali
2026-08-18 17:26:08 | INFO     | Saving at a/skeb/sadao_ali-099b99.json
2026-08-18 17:26:09 | INFO     | OK https://skeb.jp/api/users/77addiction
2026-08-18 17:26:09 | INFO     | Saving at a/skeb/77addiction-65ea70.json
2026-08-18 17:26:10 | INFO     | OK https://skeb.jp/api/users/koma_inu13_sub
2026-08-18 17:26:10 | INFO     | Saving at a/skeb/koma_inu13_sub-1785b9.json
2026-08-18 17:26:11 | INFO     | OK https://skeb.jp/api/users/T_T__0v0
2026-08-18 17:26:11 | INFO     | Saving at a/skeb/T_T__0v0-e871f2.json
2026-08-18 17:26:12 | WARNING  | 404 on https://skeb.jp/api/users/923kaku (attempt 3/3)
2026-08-18 17:26:13 | INFO     | OK https://skeb.jp/api/users/amtamt_zr
2026-08-18 17:26:13 | INFO     | Saving at a/skeb/amtamt_zr-9fd0fc.json
2026-08-18 17:26:14 | INFO     | OK https://skeb.jp/api/users/ikeduki290_TRPG
2026-08-18 17:26:14 | INFO     | Saving at a/skeb/ikeduki290_TRPG-79baf8.json
2026-08-18 17:26:15 | WARNING  | 404 on https://skeb.jp/api/users/mimamorichan (attempt 3/3)
2026-08-18 17:26:16 | INFO     | OK https://skeb.jp/api/users/line_eq
2026-08-18 17:26:16 | INFO     | Saving at a/skeb/line_eq-08b7ce.json
2026-08-18 17:26:17 | INFO     | OK https://skeb.jp/api/users/sm_stockyard
2026-08-18 17:26:17 | INFO     | Saving at a/skeb/sm_stockyard-667c03.json
2026-08-18 17:26:18 | INFO     | OK https://skeb.jp/api/users/sanuki_ach
2026-08-18 17:26:18 | INFO     | Saving at a/skeb/sanuki_ach-e0747f.json
2026-08-18 17:26:19 | INFO     | OK https://skeb.jp/api/users/tigayasaki00
2026-08-18 17:26:19 | INFO     | Saving at a/skeb/tigayasaki00-1619b5.json
2026-08-18 17:26:20 | WARNING  | 404 on https://skeb.jp/api/users/Genkyou (attempt 1/3)
2026-08-18 17:26:22 | WARNING  | 404 on https://skeb.jp/api/users/Genkyou (attempt 2/3)
2026-08-18 17:26:27 | WARNING  | 404 on https://skeb.jp/api/users/Genkyou (attempt 3/3)
2026-08-18 17:26:27 | INFO     |  --- SUMMARY REPORT --- 
  Sources Retreived    : 239
  Profiles Fetched     : 193
  Profile Missing      : 46
  Profile Rate Limited : 0
  Profile Error Others : 0

2026-08-18 17:26:27 | INFO     | Started creating static api data.
2026-08-18 17:28:30 | INFO     | Album index written to a/albums/index.json (441 albums)
