2026-07-19 15:11:56 | INFO     | Initialized Data Store.
2026-07-19 15:11:56 | INFO     | Homepage GET status=429 (attempt 1/3)
2026-07-19 15:11:56 | INFO     | Cookie extracted [request_key=...].
2026-07-19 15:11:56 | INFO     | SkebClient ready (impersonate=chrome120, rate=3.0/s, concurrency=10, max_runtime=4800s)
2026-07-19 15:11:56 | INFO     | Pagination start: type='works' genre='art'.
2026-07-19 15:11:56 | INFO     | OK https://skeb.jp/api/works?sort=date&genre=art&offset=180&limit=90
2026-07-19 15:11:56 | INFO     | OK https://skeb.jp/api/works?sort=date&genre=art&offset=0&limit=90
2026-07-19 15:11:56 | INFO     | OK https://skeb.jp/api/works?sort=date&genre=art&offset=90&limit=90
2026-07-19 15:11:56 | INFO     | OK https://skeb.jp/api/works?sort=date&genre=art&offset=630&limit=90
2026-07-19 15:11:57 | INFO     | OK https://skeb.jp/api/works?sort=date&genre=art&offset=270&limit=90
2026-07-19 15:11:57 | INFO     | OK https://skeb.jp/api/works?sort=date&genre=art&offset=810&limit=90
2026-07-19 15:11:57 | INFO     | OK https://skeb.jp/api/works?sort=date&genre=art&offset=720&limit=90
2026-07-19 15:11:58 | INFO     | OK https://skeb.jp/api/works?sort=date&genre=art&offset=540&limit=90
2026-07-19 15:11:58 | INFO     | OK https://skeb.jp/api/works?sort=date&genre=art&offset=360&limit=90
2026-07-19 15:11:58 | INFO     | OK https://skeb.jp/api/works?sort=date&genre=art&offset=450&limit=90
2026-07-19 15:11:59 | INFO     | OK https://skeb.jp/api/works?sort=date&genre=art&offset=1440&limit=90
2026-07-19 15:11:59 | INFO     | OK https://skeb.jp/api/works?sort=date&genre=art&offset=990&limit=90
2026-07-19 15:11:59 | INFO     | OK https://skeb.jp/api/works?sort=date&genre=art&offset=1350&limit=90
2026-07-19 15:12:00 | INFO     | OK https://skeb.jp/api/works?sort=date&genre=art&offset=1080&limit=90
2026-07-19 15:12:00 | INFO     | OK https://skeb.jp/api/works?sort=date&genre=art&offset=1530&limit=90
2026-07-19 15:12:00 | INFO     | OK https://skeb.jp/api/works?sort=date&genre=art&offset=1170&limit=90
2026-07-19 15:12:01 | INFO     | OK https://skeb.jp/api/works?sort=date&genre=art&offset=900&limit=90
2026-07-19 15:12:01 | INFO     | OK https://skeb.jp/api/works?sort=date&genre=art&offset=1620&limit=90
2026-07-19 15:12:02 | INFO     | OK https://skeb.jp/api/works?sort=date&genre=art&offset=1710&limit=90
2026-07-19 15:12:02 | INFO     | OK https://skeb.jp/api/works?sort=date&genre=art&offset=1260&limit=90
2026-07-19 15:12:03 | INFO     | OK https://skeb.jp/api/works?sort=date&genre=art&offset=1800&limit=90
2026-07-19 15:12:03 | INFO     | OK https://skeb.jp/api/works?sort=date&genre=art&offset=1890&limit=90
2026-07-19 15:12:03 | INFO     | OK https://skeb.jp/api/works?sort=date&genre=art&offset=2610&limit=90
2026-07-19 15:12:03 | INFO     | OK https://skeb.jp/api/works?sort=date&genre=art&offset=2070&limit=90
2026-07-19 15:12:03 | INFO     | OK https://skeb.jp/api/works?sort=date&genre=art&offset=2340&limit=90
2026-07-19 15:12:04 | INFO     | OK https://skeb.jp/api/works?sort=date&genre=art&offset=2250&limit=90
2026-07-19 15:12:04 | INFO     | OK https://skeb.jp/api/works?sort=date&genre=art&offset=2520&limit=90
2026-07-19 15:12:04 | INFO     | OK https://skeb.jp/api/works?sort=date&genre=art&offset=1980&limit=90
2026-07-19 15:12:05 | INFO     | OK https://skeb.jp/api/works?sort=date&genre=art&offset=2430&limit=90
2026-07-19 15:12:05 | INFO     | OK https://skeb.jp/api/works?sort=date&genre=art&offset=2160&limit=90
2026-07-19 15:12:06 | INFO     | OK https://skeb.jp/api/works?sort=date&genre=art&offset=2790&limit=90
2026-07-19 15:12:06 | INFO     | OK https://skeb.jp/api/works?sort=date&genre=art&offset=2700&limit=90
2026-07-19 15:12:06 | INFO     | OK https://skeb.jp/api/works?sort=date&genre=art&offset=3330&limit=90
2026-07-19 15:12:07 | INFO     | OK https://skeb.jp/api/works?sort=date&genre=art&offset=3060&limit=90
2026-07-19 15:12:07 | INFO     | OK https://skeb.jp/api/works?sort=date&genre=art&offset=3510&limit=90
2026-07-19 15:12:07 | INFO     | OK https://skeb.jp/api/works?sort=date&genre=art&offset=2880&limit=90
2026-07-19 15:12:08 | INFO     | OK https://skeb.jp/api/works?sort=date&genre=art&offset=3420&limit=90
2026-07-19 15:12:08 | INFO     | OK https://skeb.jp/api/works?sort=date&genre=art&offset=2970&limit=90
2026-07-19 15:12:08 | INFO     | OK https://skeb.jp/api/works?sort=date&genre=art&offset=3150&limit=90
2026-07-19 15:12:08 | INFO     | OK https://skeb.jp/api/works?sort=date&genre=art&offset=3240&limit=90
2026-07-19 15:12:09 | INFO     | OK https://skeb.jp/api/works?sort=date&genre=art&offset=3600&limit=90
2026-07-19 15:12:09 | INFO     | OK https://skeb.jp/api/works?sort=date&genre=art&offset=4410&limit=90
2026-07-19 15:12:09 | INFO     | OK https://skeb.jp/api/works?sort=date&genre=art&offset=3690&limit=90
2026-07-19 15:12:10 | INFO     | OK https://skeb.jp/api/works?sort=date&genre=art&offset=4050&limit=90
2026-07-19 15:12:10 | INFO     | OK https://skeb.jp/api/works?sort=date&genre=art&offset=3960&limit=90
2026-07-19 15:12:10 | INFO     | OK https://skeb.jp/api/works?sort=date&genre=art&offset=3870&limit=90
2026-07-19 15:12:11 | INFO     | OK https://skeb.jp/api/works?sort=date&genre=art&offset=3780&limit=90
2026-07-19 15:12:11 | INFO     | OK https://skeb.jp/api/works?sort=date&genre=art&offset=4230&limit=90
2026-07-19 15:12:11 | INFO     | OK https://skeb.jp/api/works?sort=date&genre=art&offset=4320&limit=90
2026-07-19 15:12:12 | INFO     | OK https://skeb.jp/api/works?sort=date&genre=art&offset=4140&limit=90
2026-07-19 15:12:12 | INFO     | Empty page (consecutive=1)
2026-07-19 15:12:12 | INFO     | Empty page (consecutive=2)
2026-07-19 15:12:12 | INFO     | End of pagination (2 empty pages).
2026-07-19 15:12:12 | INFO     | Pagination done: 4000 items for 'works'.
2026-07-19 15:12:12 | INFO     | Pagination start: type='users' genre='art'.
2026-07-19 15:12:12 | INFO     | OK https://skeb.jp/api/users?sort=date&genre=art&offset=810&limit=90
2026-07-19 15:12:12 | INFO     | OK https://skeb.jp/api/users?sort=date&genre=art&offset=90&limit=90
2026-07-19 15:12:13 | INFO     | OK https://skeb.jp/api/users?sort=date&genre=art&offset=450&limit=90
2026-07-19 15:12:13 | INFO     | OK https://skeb.jp/api/users?sort=date&genre=art&offset=720&limit=90
2026-07-19 15:12:13 | INFO     | OK https://skeb.jp/api/users?sort=date&genre=art&offset=630&limit=90
2026-07-19 15:12:14 | INFO     | OK https://skeb.jp/api/users?sort=date&genre=art&offset=180&limit=90
2026-07-19 15:12:14 | INFO     | OK https://skeb.jp/api/users?sort=date&genre=art&offset=270&limit=90
2026-07-19 15:12:15 | INFO     | OK https://skeb.jp/api/users?sort=date&genre=art&offset=360&limit=90
2026-07-19 15:12:15 | INFO     | OK https://skeb.jp/api/users?sort=date&genre=art&offset=540&limit=90
2026-07-19 15:12:15 | INFO     | OK https://skeb.jp/api/users?sort=date&genre=art&offset=0&limit=90
2026-07-19 15:12:15 | INFO     | Empty page (consecutive=1)
2026-07-19 15:12:15 | INFO     | Empty page (consecutive=2)
2026-07-19 15:12:15 | INFO     | End of pagination (2 empty pages).
2026-07-19 15:12:15 | INFO     | Pagination done: 400 items for 'users'.
2026-07-19 15:12:15 | INFO     | Ready to scrape 3519 items
2026-07-19 15:12:15 | INFO     | OK https://skeb.jp/api/users/o3o_mv
2026-07-19 15:12:15 | INFO     | Saving at a/skeb/o3o_mv-dceff3.json
2026-07-19 15:12:16 | INFO     | OK https://skeb.jp/api/users/TRleg_torareta
2026-07-19 15:12:16 | INFO     | Saving at a/skeb/TRleg_torareta-b2bcb1.json
2026-07-19 15:12:16 | INFO     | OK https://skeb.jp/api/users/megituzi
2026-07-19 15:12:16 | INFO     | Saving at a/skeb/megituzi-611af5.json
2026-07-19 15:12:16 | INFO     | OK https://skeb.jp/api/users/nemui_kuuhuku0
2026-07-19 15:12:16 | INFO     | Saving at a/skeb/nemui_kuuhuku0-c89c9e.json
2026-07-19 15:12:17 | INFO     | OK https://skeb.jp/api/users/UmrDzfMCuYD3Sxv
2026-07-19 15:12:17 | INFO     | Saving at a/skeb/UmrDzfMCuYD3Sxv-3c6c11.json
2026-07-19 15:12:17 | INFO     | OK https://skeb.jp/api/users/bellflower521
2026-07-19 15:12:17 | INFO     | Saving at a/skeb/bellflower521-a23b8b.json
2026-07-19 15:12:17 | INFO     | OK https://skeb.jp/api/users/c4ZcZ0nuYePBS34
2026-07-19 15:12:17 | INFO     | Saving at a/skeb/c4ZcZ0nuYePBS34-498399.json
2026-07-19 15:12:18 | INFO     | OK https://skeb.jp/api/users/golden_nabe
2026-07-19 15:12:18 | INFO     | Saving at a/skeb/golden_nabe-a2e243.json
2026-07-19 15:12:18 | INFO     | OK https://skeb.jp/api/users/sabamori55
2026-07-19 15:12:18 | INFO     | Saving at a/skeb/sabamori55-a4a4e2.json
2026-07-19 15:12:18 | INFO     | OK https://skeb.jp/api/users/moz
2026-07-19 15:12:18 | INFO     | Saving at a/skeb/moz-89364c.json
2026-07-19 15:12:19 | INFO     | OK https://skeb.jp/api/users/ahyoge_4649
2026-07-19 15:12:19 | INFO     | Saving at a/skeb/ahyoge_4649-01a7a8.json
2026-07-19 15:12:19 | INFO     | OK https://skeb.jp/api/users/fragbowl
2026-07-19 15:12:19 | INFO     | Saving at a/skeb/fragbowl-26fd97.json
2026-07-19 15:12:19 | INFO     | OK https://skeb.jp/api/users/warukuriboo
2026-07-19 15:12:19 | INFO     | Saving at a/skeb/warukuriboo-900960.json
2026-07-19 15:12:20 | INFO     | OK https://skeb.jp/api/users/hakusaikakeru
2026-07-19 15:12:20 | INFO     | Saving at a/skeb/hakusaikakeru-6e3138.json
2026-07-19 15:12:20 | INFO     | OK https://skeb.jp/api/users/__mizu__
2026-07-19 15:12:20 | INFO     | Saving at a/skeb/__mizu__-5dcc24.json
2026-07-19 15:12:20 | INFO     | OK https://skeb.jp/api/users/iRtLfBAxdr
2026-07-19 15:12:20 | INFO     | Saving at a/skeb/iRtLfBAxdr-41d871.json
2026-07-19 15:12:21 | INFO     | OK https://skeb.jp/api/users/nakziy
2026-07-19 15:12:21 | INFO     | Saving at a/skeb/nakziy-cf1f48.json
2026-07-19 15:12:21 | INFO     | OK https://skeb.jp/api/users/tttt_teya
2026-07-19 15:12:21 | INFO     | Saving at a/skeb/tttt_teya-dc25aa.json
2026-07-19 15:12:21 | INFO     | OK https://skeb.jp/api/users/_3xens
2026-07-19 15:12:21 | INFO     | Saving at a/skeb/_3xens-4e3384.json
2026-07-19 15:12:22 | INFO     | OK https://skeb.jp/api/users/LambOic029
2026-07-19 15:12:22 | INFO     | Saving at a/skeb/LambOic029-16db8c.json
2026-07-19 15:12:22 | INFO     | OK https://skeb.jp/api/users/SUICABAR72
2026-07-19 15:12:22 | INFO     | Saving at a/skeb/SUICABAR72-16de46.json
2026-07-19 15:12:22 | INFO     | OK https://skeb.jp/api/users/cactus_tok
2026-07-19 15:12:22 | INFO     | Saving at a/skeb/cactus_tok-f836ab.json
2026-07-19 15:12:23 | INFO     | OK https://skeb.jp/api/users/hitsuzi_taro11
2026-07-19 15:12:23 | INFO     | Saving at a/skeb/hitsuzi_taro11-2e6e33.json
2026-07-19 15:12:23 | INFO     | OK https://skeb.jp/api/users/nekoneko_haruka
2026-07-19 15:12:23 | INFO     | Saving at a/skeb/nekoneko_haruka-604623.json
2026-07-19 15:12:23 | INFO     | OK https://skeb.jp/api/users/D4ll_II
2026-07-19 15:12:23 | INFO     | Saving at a/skeb/D4ll_II-8da960.json
2026-07-19 15:12:24 | INFO     | OK https://skeb.jp/api/users/Shime__Kake
2026-07-19 15:12:24 | INFO     | Saving at a/skeb/Shime__Kake-d12ca8.json
2026-07-19 15:12:24 | INFO     | OK https://skeb.jp/api/users/mooosikasite
2026-07-19 15:12:24 | INFO     | Saving at a/skeb/mooosikasite-cc4ef0.json
2026-07-19 15:12:24 | INFO     | OK https://skeb.jp/api/users/M1_tsuru
2026-07-19 15:12:24 | INFO     | Saving at a/skeb/M1_tsuru-0e251a.json
2026-07-19 15:12:25 | INFO     | OK https://skeb.jp/api/users/2_bo_ra
2026-07-19 15:12:25 | INFO     | Saving at a/skeb/2_bo_ra-5add97.json
2026-07-19 15:12:25 | INFO     | OK https://skeb.jp/api/users/shupita012
2026-07-19 15:12:25 | INFO     | Saving at a/skeb/shupita012-52ebef.json
2026-07-19 15:12:25 | INFO     | OK https://skeb.jp/api/users/nkjrs12
2026-07-19 15:12:25 | INFO     | Saving at a/skeb/nkjrs12-d571af.json
2026-07-19 15:12:26 | INFO     | OK https://skeb.jp/api/users/ojo_virgil
2026-07-19 15:12:26 | INFO     | Saving at a/skeb/ojo_virgil-780aab.json
2026-07-19 15:12:26 | INFO     | OK https://skeb.jp/api/users/musoukyoukou
2026-07-19 15:12:26 | INFO     | Saving at a/skeb/musoukyoukou-eec92d.json
2026-07-19 15:12:26 | INFO     | OK https://skeb.jp/api/users/den_tbn
2026-07-19 15:12:26 | INFO     | Saving at a/skeb/den_tbn-2149e6.json
2026-07-19 15:12:27 | INFO     | OK https://skeb.jp/api/users/nikuroge_wagyuu
2026-07-19 15:12:27 | INFO     | Saving at a/skeb/nikuroge_wagyuu-a468a1.json
2026-07-19 15:12:27 | INFO     | OK https://skeb.jp/api/users/REKu_1010
2026-07-19 15:12:27 | INFO     | Saving at a/skeb/REKu_1010-8ed934.json
2026-07-19 15:12:27 | INFO     | OK https://skeb.jp/api/users/kome_043
2026-07-19 15:12:27 | INFO     | Saving at a/skeb/kome_043-ba484e.json
2026-07-19 15:12:28 | INFO     | OK https://skeb.jp/api/users/nullmms
2026-07-19 15:12:28 | INFO     | Saving at a/skeb/nullmms-39f6a8.json
2026-07-19 15:12:28 | INFO     | OK https://skeb.jp/api/users/ozeu354
2026-07-19 15:12:28 | INFO     | Saving at a/skeb/ozeu354-dce17e.json
2026-07-19 15:12:28 | INFO     | OK https://skeb.jp/api/users/BLACKGHOST1223
2026-07-19 15:12:28 | INFO     | Saving at a/skeb/BLACKGHOST1223-409538.json
2026-07-19 15:12:29 | INFO     | OK https://skeb.jp/api/users/bansyo31
2026-07-19 15:12:29 | INFO     | Saving at a/skeb/bansyo31-363de8.json
2026-07-19 15:12:29 | INFO     | OK https://skeb.jp/api/users/stairuka
2026-07-19 15:12:29 | INFO     | Saving at a/skeb/stairuka-aa0b0c.json
2026-07-19 15:12:29 | INFO     | OK https://skeb.jp/api/users/jambo__chan
2026-07-19 15:12:29 | INFO     | Saving at a/skeb/jambo__chan-2c6c41.json
2026-07-19 15:12:30 | INFO     | OK https://skeb.jp/api/users/AMAKARA__MIX
2026-07-19 15:12:30 | INFO     | Saving at a/skeb/AMAKARA__MIX-ca6aa1.json
2026-07-19 15:12:30 | INFO     | OK https://skeb.jp/api/users/01mogu05
2026-07-19 15:12:30 | INFO     | Saving at a/skeb/01mogu05-f342f7.json
2026-07-19 15:12:30 | INFO     | OK https://skeb.jp/api/users/kamenakaoji
2026-07-19 15:12:30 | INFO     | Saving at a/skeb/kamenakaoji-1e7d68.json
2026-07-19 15:12:31 | INFO     | OK https://skeb.jp/api/users/nonbirireo
2026-07-19 15:12:31 | INFO     | Saving at a/skeb/nonbirireo-f563cd.json
2026-07-19 15:12:31 | INFO     | OK https://skeb.jp/api/users/ACT47182186
2026-07-19 15:12:31 | INFO     | Saving at a/skeb/ACT47182186-896fb1.json
2026-07-19 15:12:31 | INFO     | OK https://skeb.jp/api/users/1CL9kl2HCV71470
2026-07-19 15:12:31 | INFO     | Saving at a/skeb/1CL9kl2HCV71470-51d658.json
2026-07-19 15:12:32 | INFO     | OK https://skeb.jp/api/users/4626wc
2026-07-19 15:12:32 | INFO     | Saving at a/skeb/4626wc-5ca207.json
2026-07-19 15:12:32 | INFO     | OK https://skeb.jp/api/users/ujino_uuu
2026-07-19 15:12:32 | INFO     | Saving at a/skeb/ujino_uuu-345cde.json
2026-07-19 15:12:32 | INFO     | OK https://skeb.jp/api/users/sanattyskitchen
2026-07-19 15:12:32 | INFO     | Saving at a/skeb/sanattyskitchen-731036.json
2026-07-19 15:12:33 | INFO     | OK https://skeb.jp/api/users/Eruna_kp
2026-07-19 15:12:33 | INFO     | Saving at a/skeb/Eruna_kp-a0b38e.json
2026-07-19 15:12:33 | INFO     | OK https://skeb.jp/api/users/shimipan
2026-07-19 15:12:33 | INFO     | Saving at a/skeb/shimipan-6bffec.json
2026-07-19 15:12:33 | INFO     | OK https://skeb.jp/api/users/ummwyhr
2026-07-19 15:12:33 | INFO     | Saving at a/skeb/ummwyhr-0695c1.json
2026-07-19 15:12:33 | INFO     | OK https://skeb.jp/api/users/trpg_tapetum
2026-07-19 15:12:33 | INFO     | Saving at a/skeb/trpg_tapetum-c67a01.json
2026-07-19 15:12:34 | INFO     | OK https://skeb.jp/api/users/death51094
2026-07-19 15:12:34 | INFO     | Saving at a/skeb/death51094-50860b.json
2026-07-19 15:12:35 | INFO     | OK https://skeb.jp/api/users/nejumipro
2026-07-19 15:12:35 | INFO     | Saving at a/skeb/nejumipro-5aea2b.json
2026-07-19 15:12:35 | INFO     | OK https://skeb.jp/api/users/ou_syoku7
2026-07-19 15:12:35 | INFO     | Saving at a/skeb/ou_syoku7-1fbc82.json
2026-07-19 15:12:35 | INFO     | OK https://skeb.jp/api/users/amadisoto
2026-07-19 15:12:35 | INFO     | Saving at a/skeb/amadisoto-7b56ce.json
2026-07-19 15:12:35 | INFO     | OK https://skeb.jp/api/users/polk_dots2
2026-07-19 15:12:35 | INFO     | Saving at a/skeb/polk_dots2-150016.json
2026-07-19 15:12:36 | INFO     | OK https://skeb.jp/api/users/pipipi2828
2026-07-19 15:12:36 | INFO     | Saving at a/skeb/pipipi2828-9fd6df.json
2026-07-19 15:12:36 | INFO     | OK https://skeb.jp/api/users/Kise_tumug1
2026-07-19 15:12:36 | INFO     | Saving at a/skeb/Kise_tumug1-7e5a79.json
2026-07-19 15:12:36 | INFO     | OK https://skeb.jp/api/users/NEK038
2026-07-19 15:12:36 | INFO     | Saving at a/skeb/NEK038-681a19.json
2026-07-19 15:12:37 | INFO     | OK https://skeb.jp/api/users/shidonyan
2026-07-19 15:12:37 | INFO     | Saving at a/skeb/shidonyan-9785ce.json
2026-07-19 15:12:37 | INFO     | OK https://skeb.jp/api/users/dettonnn
2026-07-19 15:12:37 | INFO     | Saving at a/skeb/dettonnn-905dd7.json
2026-07-19 15:12:37 | INFO     | OK https://skeb.jp/api/users/maskmaya1
2026-07-19 15:12:37 | INFO     | Saving at a/skeb/maskmaya1-e0e58e.json
2026-07-19 15:12:38 | INFO     | OK https://skeb.jp/api/users/390so39
2026-07-19 15:12:38 | INFO     | Saving at a/skeb/390so39-803356.json
2026-07-19 15:12:38 | INFO     | OK https://skeb.jp/api/users/_sirony
2026-07-19 15:12:38 | INFO     | Saving at a/skeb/_sirony-7c4419.json
2026-07-19 15:12:38 | INFO     | OK https://skeb.jp/api/users/umhn__TRPG
2026-07-19 15:12:38 | INFO     | Saving at a/skeb/umhn__TRPG-819779.json
2026-07-19 15:12:39 | INFO     | OK https://skeb.jp/api/users/tarakonmata
2026-07-19 15:12:39 | INFO     | Saving at a/skeb/tarakonmata-13e877.json
2026-07-19 15:12:39 | INFO     | OK https://skeb.jp/api/users/kumanomi
2026-07-19 15:12:39 | INFO     | Saving at a/skeb/kumanomi-9e8c6f.json
2026-07-19 15:12:39 | INFO     | OK https://skeb.jp/api/users/hiraga_matsuri
2026-07-19 15:12:39 | INFO     | Saving at a/skeb/hiraga_matsuri-1b642e.json
2026-07-19 15:12:40 | INFO     | OK https://skeb.jp/api/users/yamato_mp
2026-07-19 15:12:40 | INFO     | Saving at a/skeb/yamato_mp-fbfc67.json
2026-07-19 15:12:40 | INFO     | OK https://skeb.jp/api/users/graffitiGW
2026-07-19 15:12:40 | INFO     | Saving at a/skeb/graffitiGW-a6a03f.json
2026-07-19 15:12:41 | INFO     | OK https://skeb.jp/api/users/mmys_pic
2026-07-19 15:12:41 | INFO     | Saving at a/skeb/mmys_pic-339625.json
2026-07-19 15:12:41 | INFO     | OK https://skeb.jp/api/users/seeenfree
2026-07-19 15:12:41 | INFO     | Saving at a/skeb/seeenfree-eec312.json
2026-07-19 15:12:41 | INFO     | OK https://skeb.jp/api/users/UnkoHundaze
2026-07-19 15:12:41 | INFO     | Saving at a/skeb/UnkoHundaze-a01c2d.json
2026-07-19 15:12:41 | INFO     | OK https://skeb.jp/api/users/Cokurei469
2026-07-19 15:12:41 | INFO     | Saving at a/skeb/Cokurei469-082bcf.json
2026-07-19 15:12:42 | INFO     | OK https://skeb.jp/api/users/menmenmennma
2026-07-19 15:12:42 | INFO     | Saving at a/skeb/menmenmennma-feb945.json
2026-07-19 15:12:42 | INFO     | OK https://skeb.jp/api/users/KEIKONICS
2026-07-19 15:12:42 | INFO     | Saving at a/skeb/KEIKONICS-a20d40.json
2026-07-19 15:12:42 | INFO     | OK https://skeb.jp/api/users/shimohurisuzume
2026-07-19 15:12:42 | INFO     | Saving at a/skeb/shimohurisuzume-302450.json
2026-07-19 15:12:43 | INFO     | OK https://skeb.jp/api/users/e_ske_Rugo
2026-07-19 15:12:43 | INFO     | Saving at a/skeb/e_ske_Rugo-f5139a.json
2026-07-19 15:12:43 | INFO     | OK https://skeb.jp/api/users/AgitoRyuusaki
2026-07-19 15:12:43 | INFO     | Saving at a/skeb/AgitoRyuusaki-e88bfa.json
2026-07-19 15:12:44 | INFO     | OK https://skeb.jp/api/users/kuru2pantu
2026-07-19 15:12:44 | INFO     | Saving at a/skeb/kuru2pantu-98c64c.json
2026-07-19 15:12:44 | INFO     | OK https://skeb.jp/api/users/mimomi_neru
2026-07-19 15:12:44 | INFO     | OK https://skeb.jp/api/users/eubalaena_117
2026-07-19 15:12:44 | INFO     | Saving at a/skeb/mimomi_neru-c5be4f.json
2026-07-19 15:12:44 | INFO     | Saving at a/skeb/eubalaena_117-c6339b.json
2026-07-19 15:12:44 | INFO     | OK https://skeb.jp/api/users/mmmakaron888
2026-07-19 15:12:44 | INFO     | Saving at a/skeb/mmmakaron888-5651eb.json
2026-07-19 15:12:45 | INFO     | OK https://skeb.jp/api/users/mtirn3373
2026-07-19 15:12:45 | INFO     | Saving at a/skeb/mtirn3373-f862d2.json
2026-07-19 15:12:45 | INFO     | OK https://skeb.jp/api/users/kahi9317
2026-07-19 15:12:45 | INFO     | Saving at a/skeb/kahi9317-229f5f.json
2026-07-19 15:12:46 | INFO     | OK https://skeb.jp/api/users/opopopon171498
2026-07-19 15:12:46 | INFO     | Saving at a/skeb/opopopon171498-538d88.json
2026-07-19 15:12:46 | INFO     | OK https://skeb.jp/api/users/condotakeshi2
2026-07-19 15:12:46 | INFO     | Saving at a/skeb/condotakeshi2-9ee8d2.json
2026-07-19 15:12:46 | INFO     | OK https://skeb.jp/api/users/ji_yuuyuu
2026-07-19 15:12:46 | INFO     | Saving at a/skeb/ji_yuuyuu-f1a721.json
2026-07-19 15:12:46 | INFO     | OK https://skeb.jp/api/users/hocorichanxx
2026-07-19 15:12:46 | INFO     | Saving at a/skeb/hocorichanxx-f8b1ad.json
2026-07-19 15:12:47 | INFO     | OK https://skeb.jp/api/users/0ukwm9
2026-07-19 15:12:47 | INFO     | Saving at a/skeb/0ukwm9-d4659b.json
2026-07-19 15:12:47 | INFO     | OK https://skeb.jp/api/users/zfy14o
2026-07-19 15:12:47 | INFO     | Saving at a/skeb/zfy14o-22cc02.json
2026-07-19 15:12:47 | INFO     | OK https://skeb.jp/api/users/tart_nyankosan
2026-07-19 15:12:47 | INFO     | Saving at a/skeb/tart_nyankosan-0b2b3b.json
2026-07-19 15:12:48 | INFO     | OK https://skeb.jp/api/users/birobudou_hinan
2026-07-19 15:12:48 | INFO     | Saving at a/skeb/birobudou_hinan-58c80e.json
2026-07-19 15:12:48 | INFO     | OK https://skeb.jp/api/users/yamagama2000
2026-07-19 15:12:48 | INFO     | Saving at a/skeb/yamagama2000-493e30.json
2026-07-19 15:12:48 | INFO     | OK https://skeb.jp/api/users/flask_beaker
2026-07-19 15:12:48 | INFO     | Saving at a/skeb/flask_beaker-189bea.json
2026-07-19 15:12:49 | INFO     | OK https://skeb.jp/api/users/takeoutservice
2026-07-19 15:12:49 | INFO     | Saving at a/skeb/takeoutservice-deef50.json
2026-07-19 15:12:49 | INFO     | OK https://skeb.jp/api/users/Leica
2026-07-19 15:12:49 | INFO     | Saving at a/skeb/Leica-4ec6b8.json
2026-07-19 15:12:49 | INFO     | OK https://skeb.jp/api/users/AgohigeX
2026-07-19 15:12:49 | INFO     | Saving at a/skeb/AgohigeX-8731ff.json
2026-07-19 15:12:50 | INFO     | OK https://skeb.jp/api/users/skks_oo
2026-07-19 15:12:50 | INFO     | Saving at a/skeb/skks_oo-c35106.json
2026-07-19 15:12:50 | INFO     | OK https://skeb.jp/api/users/wanwan
2026-07-19 15:12:50 | INFO     | Saving at a/skeb/wanwan-e9686a.json
2026-07-19 15:12:50 | INFO     | OK https://skeb.jp/api/users/Nun2o_
2026-07-19 15:12:50 | INFO     | Saving at a/skeb/Nun2o_-7ebdf3.json
2026-07-19 15:12:51 | INFO     | OK https://skeb.jp/api/users/buizu_miki
2026-07-19 15:12:51 | INFO     | Saving at a/skeb/buizu_miki-37df1b.json
2026-07-19 15:12:51 | INFO     | OK https://skeb.jp/api/users/CZ_pict
2026-07-19 15:12:51 | INFO     | Saving at a/skeb/CZ_pict-ffa545.json
2026-07-19 15:12:51 | INFO     | OK https://skeb.jp/api/users/be9459
2026-07-19 15:12:51 | INFO     | Saving at a/skeb/be9459-ce2a88.json
2026-07-19 15:12:52 | INFO     | OK https://skeb.jp/api/users/fuwaaa6
2026-07-19 15:12:52 | INFO     | Saving at a/skeb/fuwaaa6-226847.json
2026-07-19 15:12:52 | INFO     | OK https://skeb.jp/api/users/5tsukado
2026-07-19 15:12:52 | INFO     | Saving at a/skeb/5tsukado-63e63d.json
2026-07-19 15:12:52 | INFO     | OK https://skeb.jp/api/users/chawamushiiiii
2026-07-19 15:12:52 | INFO     | Saving at a/skeb/chawamushiiiii-b4d38a.json
2026-07-19 15:12:53 | INFO     | OK https://skeb.jp/api/users/toomishou
2026-07-19 15:12:53 | INFO     | Saving at a/skeb/toomishou-e0e4fb.json
2026-07-19 15:12:53 | INFO     | OK https://skeb.jp/api/users/smy119812
2026-07-19 15:12:53 | INFO     | Saving at a/skeb/smy119812-d9750b.json
2026-07-19 15:12:53 | INFO     | OK https://skeb.jp/api/users/amesui_illust
2026-07-19 15:12:53 | INFO     | Saving at a/skeb/amesui_illust-cb1e24.json
2026-07-19 15:12:54 | INFO     | OK https://skeb.jp/api/users/Tako_ya2
2026-07-19 15:12:54 | INFO     | Saving at a/skeb/Tako_ya2-e4c89d.json
2026-07-19 15:12:54 | INFO     | OK https://skeb.jp/api/users/LOGNULL
2026-07-19 15:12:54 | INFO     | Saving at a/skeb/LOGNULL-096a22.json
2026-07-19 15:12:54 | INFO     | OK https://skeb.jp/api/users/6uMxiXN56Y
2026-07-19 15:12:54 | INFO     | Saving at a/skeb/6uMxiXN56Y-3473de.json
2026-07-19 15:12:55 | INFO     | OK https://skeb.jp/api/users/DIYHiGE_
2026-07-19 15:12:55 | INFO     | Saving at a/skeb/DIYHiGE_-99ca1c.json
2026-07-19 15:12:55 | INFO     | OK https://skeb.jp/api/users/LingLingBell108
2026-07-19 15:12:55 | INFO     | Saving at a/skeb/LingLingBell108-115256.json
2026-07-19 15:12:55 | INFO     | OK https://skeb.jp/api/users/Niyu_Chang
2026-07-19 15:12:55 | INFO     | Saving at a/skeb/Niyu_Chang-26a6a0.json
2026-07-19 15:12:56 | INFO     | OK https://skeb.jp/api/users/Flansisca2411
2026-07-19 15:12:56 | INFO     | Saving at a/skeb/Flansisca2411-5a784b.json
2026-07-19 15:12:56 | INFO     | OK https://skeb.jp/api/users/suu_wo6751
2026-07-19 15:12:56 | INFO     | Saving at a/skeb/suu_wo6751-bb9704.json
2026-07-19 15:12:56 | INFO     | OK https://skeb.jp/api/users/happy2525_AAo
2026-07-19 15:12:56 | INFO     | Saving at a/skeb/happy2525_AAo-496d68.json
2026-07-19 15:12:57 | INFO     | OK https://skeb.jp/api/users/ada_rabuhu
2026-07-19 15:12:57 | INFO     | Saving at a/skeb/ada_rabuhu-415908.json
2026-07-19 15:12:57 | INFO     | OK https://skeb.jp/api/users/skeb28
2026-07-19 15:12:57 | INFO     | Saving at a/skeb/skeb28-e4fccc.json
2026-07-19 15:12:57 | INFO     | OK https://skeb.jp/api/users/atamaru_mnt
2026-07-19 15:12:57 | INFO     | Saving at a/skeb/atamaru_mnt-70e261.json
2026-07-19 15:12:58 | INFO     | OK https://skeb.jp/api/users/Haruozi
2026-07-19 15:12:58 | INFO     | Saving at a/skeb/Haruozi-69a10e.json
2026-07-19 15:12:58 | INFO     | OK https://skeb.jp/api/users/PwJPN7blid86013
2026-07-19 15:12:58 | INFO     | Saving at a/skeb/PwJPN7blid86013-83551b.json
2026-07-19 15:12:58 | INFO     | OK https://skeb.jp/api/users/mumumo6
2026-07-19 15:12:58 | INFO     | Saving at a/skeb/mumumo6-880dc0.json
2026-07-19 15:12:59 | INFO     | OK https://skeb.jp/api/users/sichinotuki
2026-07-19 15:12:59 | INFO     | Saving at a/skeb/sichinotuki-bb4418.json
2026-07-19 15:12:59 | INFO     | OK https://skeb.jp/api/users/hzk_mozu
2026-07-19 15:12:59 | INFO     | Saving at a/skeb/hzk_mozu-64aff5.json
2026-07-19 15:12:59 | INFO     | OK https://skeb.jp/api/users/Bh1h1J
2026-07-19 15:12:59 | INFO     | Saving at a/skeb/Bh1h1J-feca21.json
2026-07-19 15:13:00 | INFO     | OK https://skeb.jp/api/users/katabi_00
2026-07-19 15:13:00 | INFO     | Saving at a/skeb/katabi_00-312a21.json
2026-07-19 15:13:00 | INFO     | OK https://skeb.jp/api/users/bo2ti_9
2026-07-19 15:13:00 | INFO     | Saving at a/skeb/bo2ti_9-7fa707.json
2026-07-19 15:13:01 | INFO     | OK https://skeb.jp/api/users/QyuunQ
2026-07-19 15:13:01 | INFO     | Saving at a/skeb/QyuunQ-bd9599.json
2026-07-19 15:13:01 | INFO     | OK https://skeb.jp/api/users/amamiya_draw
2026-07-19 15:13:01 | INFO     | Saving at a/skeb/amamiya_draw-80238c.json
2026-07-19 15:13:01 | INFO     | OK https://skeb.jp/api/users/foalu
2026-07-19 15:13:01 | INFO     | Saving at a/skeb/foalu-81b8b8.json
2026-07-19 15:13:01 | INFO     | OK https://skeb.jp/api/users/VKbAXbj3kQ
2026-07-19 15:13:01 | INFO     | Saving at a/skeb/VKbAXbj3kQ-98c3ec.json
2026-07-19 15:13:02 | INFO     | OK https://skeb.jp/api/users/0ro_10
2026-07-19 15:13:02 | INFO     | Saving at a/skeb/0ro_10-0417f7.json
2026-07-19 15:13:02 | INFO     | OK https://skeb.jp/api/users/nanari_nannari
2026-07-19 15:13:02 | INFO     | Saving at a/skeb/nanari_nannari-f9298f.json
2026-07-19 15:13:02 | INFO     | OK https://skeb.jp/api/users/halkana
2026-07-19 15:13:02 | INFO     | Saving at a/skeb/halkana-4fb969.json
2026-07-19 15:13:03 | INFO     | OK https://skeb.jp/api/users/TOFUkuouze232
2026-07-19 15:13:03 | INFO     | Saving at a/skeb/TOFUkuouze232-441138.json
2026-07-19 15:13:03 | INFO     | OK https://skeb.jp/api/users/TKuT_G
2026-07-19 15:13:03 | INFO     | Saving at a/skeb/TKuT_G-9cbe5f.json
2026-07-19 15:13:03 | INFO     | OK https://skeb.jp/api/users/shiromaru_tm
2026-07-19 15:13:03 | INFO     | Saving at a/skeb/shiromaru_tm-afcd5e.json
2026-07-19 15:13:04 | INFO     | OK https://skeb.jp/api/users/m44kwaijyuu
2026-07-19 15:13:04 | INFO     | Saving at a/skeb/m44kwaijyuu-2554bd.json
2026-07-19 15:13:04 | INFO     | OK https://skeb.jp/api/users/_star_fall
2026-07-19 15:13:04 | INFO     | Saving at a/skeb/_star_fall-7be1e2.json
2026-07-19 15:13:04 | INFO     | OK https://skeb.jp/api/users/amemen2222
2026-07-19 15:13:04 | INFO     | Saving at a/skeb/amemen2222-d42ae1.json
2026-07-19 15:13:05 | INFO     | OK https://skeb.jp/api/users/x_x304
2026-07-19 15:13:05 | INFO     | Saving at a/skeb/x_x304-7b0ad6.json
2026-07-19 15:13:05 | INFO     | OK https://skeb.jp/api/users/Tsukimi_Mumi
2026-07-19 15:13:05 | INFO     | Saving at a/skeb/Tsukimi_Mumi-5836ce.json
2026-07-19 15:13:05 | INFO     | OK https://skeb.jp/api/users/kuni082121
2026-07-19 15:13:05 | INFO     | Saving at a/skeb/kuni082121-6a7e7e.json
2026-07-19 15:13:06 | INFO     | OK https://skeb.jp/api/users/ln_mew
2026-07-19 15:13:06 | INFO     | Saving at a/skeb/ln_mew-46c46a.json
2026-07-19 15:13:06 | INFO     | OK https://skeb.jp/api/users/Tyamu_Z0
2026-07-19 15:13:06 | INFO     | Saving at a/skeb/Tyamu_Z0-0915d6.json
2026-07-19 15:13:06 | INFO     | OK https://skeb.jp/api/users/kusomusi777
2026-07-19 15:13:06 | INFO     | Saving at a/skeb/kusomusi777-f0b747.json
2026-07-19 15:13:07 | INFO     | OK https://skeb.jp/api/users/m0m0im0i
2026-07-19 15:13:07 | INFO     | Saving at a/skeb/m0m0im0i-001796.json
2026-07-19 15:13:07 | INFO     | OK https://skeb.jp/api/users/shionshironeko2
2026-07-19 15:13:07 | INFO     | Saving at a/skeb/shionshironeko2-5fbac9.json
2026-07-19 15:13:07 | INFO     | OK https://skeb.jp/api/users/kyuukyokunod
2026-07-19 15:13:07 | INFO     | Saving at a/skeb/kyuukyokunod-6d4766.json
2026-07-19 15:13:08 | INFO     | OK https://skeb.jp/api/users/kazehana000
2026-07-19 15:13:08 | INFO     | Saving at a/skeb/kazehana000-e9ab4a.json
2026-07-19 15:13:08 | INFO     | OK https://skeb.jp/api/users/hokkoinu
2026-07-19 15:13:08 | INFO     | Saving at a/skeb/hokkoinu-2e5ad7.json
2026-07-19 15:13:08 | INFO     | OK https://skeb.jp/api/users/Rasuchimu
2026-07-19 15:13:08 | INFO     | Saving at a/skeb/Rasuchimu-5678a8.json
2026-07-19 15:13:09 | INFO     | OK https://skeb.jp/api/users/M0kV1vW2BD2nnUF
2026-07-19 15:13:09 | INFO     | Saving at a/skeb/M0kV1vW2BD2nnUF-f8b11d.json
2026-07-19 15:13:09 | INFO     | OK https://skeb.jp/api/users/OCT_CANDY
2026-07-19 15:13:09 | INFO     | Saving at a/skeb/OCT_CANDY-7a63d9.json
2026-07-19 15:13:09 | INFO     | OK https://skeb.jp/api/users/M___nme
2026-07-19 15:13:09 | INFO     | Saving at a/skeb/M___nme-efe5de.json
2026-07-19 15:13:10 | INFO     | OK https://skeb.jp/api/users/avakass39
2026-07-19 15:13:10 | INFO     | Saving at a/skeb/avakass39-865709.json
2026-07-19 15:13:10 | INFO     | OK https://skeb.jp/api/users/med_dkdk
2026-07-19 15:13:10 | INFO     | Saving at a/skeb/med_dkdk-440bc9.json
2026-07-19 15:13:10 | INFO     | OK https://skeb.jp/api/users/yo2egui
2026-07-19 15:13:10 | INFO     | Saving at a/skeb/yo2egui-8879e6.json
2026-07-19 15:13:11 | INFO     | OK https://skeb.jp/api/users/takesinobu
2026-07-19 15:13:11 | INFO     | Saving at a/skeb/takesinobu-c94d76.json
2026-07-19 15:13:11 | INFO     | OK https://skeb.jp/api/users/kakitamajiru_23
2026-07-19 15:13:11 | INFO     | Saving at a/skeb/kakitamajiru_23-f12f2a.json
2026-07-19 15:13:11 | INFO     | OK https://skeb.jp/api/users/Syuwasyuwa614
2026-07-19 15:13:11 | INFO     | Saving at a/skeb/Syuwasyuwa614-1f8569.json
2026-07-19 15:13:12 | INFO     | OK https://skeb.jp/api/users/seamoth4
2026-07-19 15:13:12 | INFO     | Saving at a/skeb/seamoth4-ef7bff.json
2026-07-19 15:13:12 | INFO     | OK https://skeb.jp/api/users/CKP_meu85
2026-07-19 15:13:12 | INFO     | Saving at a/skeb/CKP_meu85-f31de8.json
2026-07-19 15:13:12 | INFO     | OK https://skeb.jp/api/users/L0WR15E
2026-07-19 15:13:12 | INFO     | Saving at a/skeb/L0WR15E-8c5532.json
2026-07-19 15:13:13 | INFO     | OK https://skeb.jp/api/users/ao_191229
2026-07-19 15:13:13 | INFO     | Saving at a/skeb/ao_191229-aaf69d.json
2026-07-19 15:13:13 | INFO     | OK https://skeb.jp/api/users/kirei_numa
2026-07-19 15:13:13 | INFO     | Saving at a/skeb/kirei_numa-ba15ea.json
2026-07-19 15:13:13 | INFO     | OK https://skeb.jp/api/users/kono_d3
2026-07-19 15:13:13 | INFO     | Saving at a/skeb/kono_d3-7b73d5.json
2026-07-19 15:13:14 | INFO     | OK https://skeb.jp/api/users/ta_ko_tsu
2026-07-19 15:13:14 | INFO     | Saving at a/skeb/ta_ko_tsu-04063a.json
2026-07-19 15:13:14 | INFO     | OK https://skeb.jp/api/users/ahiru353
2026-07-19 15:13:14 | INFO     | Saving at a/skeb/ahiru353-838292.json
2026-07-19 15:13:14 | INFO     | OK https://skeb.jp/api/users/mmmmm_088
2026-07-19 15:13:14 | INFO     | Saving at a/skeb/mmmmm_088-6acb09.json
2026-07-19 15:13:15 | INFO     | OK https://skeb.jp/api/users/nefeneferrrrr
2026-07-19 15:13:15 | INFO     | Saving at a/skeb/nefeneferrrrr-b43df8.json
2026-07-19 15:13:15 | INFO     | OK https://skeb.jp/api/users/GETs_Almond
2026-07-19 15:13:15 | INFO     | Saving at a/skeb/GETs_Almond-2aab42.json
2026-07-19 15:13:15 | INFO     | OK https://skeb.jp/api/users/MK_201
2026-07-19 15:13:15 | INFO     | Saving at a/skeb/MK_201-c71529.json
2026-07-19 15:13:16 | INFO     | OK https://skeb.jp/api/users/ebimirin1214
2026-07-19 15:13:16 | INFO     | Saving at a/skeb/ebimirin1214-28f96f.json
2026-07-19 15:13:16 | INFO     | OK https://skeb.jp/api/users/K_Usly
2026-07-19 15:13:16 | INFO     | Saving at a/skeb/K_Usly-e63f52.json
2026-07-19 15:13:16 | INFO     | OK https://skeb.jp/api/users/ho_zancn
2026-07-19 15:13:16 | INFO     | Saving at a/skeb/ho_zancn-244574.json
2026-07-19 15:13:17 | INFO     | OK https://skeb.jp/api/users/TonyMontanacino
2026-07-19 15:13:17 | INFO     | Saving at a/skeb/TonyMontanacino-f64645.json
2026-07-19 15:13:17 | INFO     | OK https://skeb.jp/api/users/tamakiiii1222
2026-07-19 15:13:17 | INFO     | Saving at a/skeb/tamakiiii1222-8b952a.json
2026-07-19 15:13:17 | INFO     | OK https://skeb.jp/api/users/akisuke06080608
2026-07-19 15:13:17 | INFO     | Saving at a/skeb/akisuke06080608-d8e52e.json
2026-07-19 15:13:18 | INFO     | OK https://skeb.jp/api/users/suguru_szk
2026-07-19 15:13:18 | INFO     | Saving at a/skeb/suguru_szk-c9c4fb.json
2026-07-19 15:13:18 | INFO     | OK https://skeb.jp/api/users/BecoMori
2026-07-19 15:13:18 | INFO     | Saving at a/skeb/BecoMori-5a5cb4.json
2026-07-19 15:13:18 | INFO     | OK https://skeb.jp/api/users/yomekemo
2026-07-19 15:13:18 | INFO     | Saving at a/skeb/yomekemo-7019bb.json
2026-07-19 15:13:19 | INFO     | OK https://skeb.jp/api/users/torou_alchemist
2026-07-19 15:13:19 | INFO     | Saving at a/skeb/torou_alchemist-79e92a.json
2026-07-19 15:13:19 | INFO     | OK https://skeb.jp/api/users/kodaibun_extra
2026-07-19 15:13:19 | INFO     | Saving at a/skeb/kodaibun_extra-1d5c8e.json
2026-07-19 15:13:19 | INFO     | OK https://skeb.jp/api/users/uto_mishiro
2026-07-19 15:13:19 | INFO     | Saving at a/skeb/uto_mishiro-97921e.json
2026-07-19 15:13:20 | INFO     | OK https://skeb.jp/api/users/agyl_l
2026-07-19 15:13:20 | INFO     | Saving at a/skeb/agyl_l-7c4d7a.json
2026-07-19 15:13:20 | INFO     | OK https://skeb.jp/api/users/seamaaaaasima
2026-07-19 15:13:20 | INFO     | Saving at a/skeb/seamaaaaasima-c5831d.json
2026-07-19 15:13:20 | INFO     | OK https://skeb.jp/api/users/lovegenerator
2026-07-19 15:13:20 | INFO     | Saving at a/skeb/lovegenerator-38d30e.json
2026-07-19 15:13:21 | INFO     | OK https://skeb.jp/api/users/38str
2026-07-19 15:13:21 | INFO     | Saving at a/skeb/38str-e20c8a.json
2026-07-19 15:13:21 | INFO     | OK https://skeb.jp/api/users/2q8k0
2026-07-19 15:13:21 | INFO     | Saving at a/skeb/2q8k0-da6147.json
2026-07-19 15:13:21 | INFO     | OK https://skeb.jp/api/users/mimi_nemnem
2026-07-19 15:13:21 | INFO     | Saving at a/skeb/mimi_nemnem-57781e.json
2026-07-19 15:13:22 | INFO     | OK https://skeb.jp/api/users/nozomutsuki
2026-07-19 15:13:22 | INFO     | Saving at a/skeb/nozomutsuki-5096a7.json
2026-07-19 15:13:22 | INFO     | OK https://skeb.jp/api/users/mi__UoyoU
2026-07-19 15:13:22 | INFO     | Saving at a/skeb/mi__UoyoU-090568.json
2026-07-19 15:13:22 | INFO     | OK https://skeb.jp/api/users/mellow_cham
2026-07-19 15:13:22 | INFO     | Saving at a/skeb/mellow_cham-a26bea.json
2026-07-19 15:13:23 | INFO     | OK https://skeb.jp/api/users/yumambo
2026-07-19 15:13:23 | INFO     | Saving at a/skeb/yumambo-4ec93c.json
2026-07-19 15:13:23 | INFO     | OK https://skeb.jp/api/users/tamizu_n_mizu
2026-07-19 15:13:23 | INFO     | Saving at a/skeb/tamizu_n_mizu-5439ac.json
2026-07-19 15:13:23 | INFO     | OK https://skeb.jp/api/users/ruaeru
2026-07-19 15:13:23 | INFO     | Saving at a/skeb/ruaeru-58e510.json
2026-07-19 15:13:24 | INFO     | OK https://skeb.jp/api/users/Pumu_co29
2026-07-19 15:13:24 | INFO     | Saving at a/skeb/Pumu_co29-18b494.json
2026-07-19 15:13:24 | INFO     | OK https://skeb.jp/api/users/ayayami13
2026-07-19 15:13:24 | INFO     | Saving at a/skeb/ayayami13-461725.json
2026-07-19 15:13:24 | INFO     | OK https://skeb.jp/api/users/4_kyuu31
2026-07-19 15:13:24 | INFO     | Saving at a/skeb/4_kyuu31-daa40d.json
2026-07-19 15:13:25 | INFO     | OK https://skeb.jp/api/users/Chiro_roo
2026-07-19 15:13:25 | INFO     | Saving at a/skeb/Chiro_roo-2b677a.json
2026-07-19 15:13:25 | INFO     | OK https://skeb.jp/api/users/Tutihumaz77
2026-07-19 15:13:25 | INFO     | Saving at a/skeb/Tutihumaz77-dc7b23.json
2026-07-19 15:13:25 | INFO     | OK https://skeb.jp/api/users/ly0611ne
2026-07-19 15:13:25 | INFO     | Saving at a/skeb/ly0611ne-d87a40.json
2026-07-19 15:13:26 | INFO     | OK https://skeb.jp/api/users/tkd_SF
2026-07-19 15:13:26 | INFO     | Saving at a/skeb/tkd_SF-75ba0c.json
2026-07-19 15:13:26 | INFO     | OK https://skeb.jp/api/users/NOKISITA_22
2026-07-19 15:13:26 | INFO     | Saving at a/skeb/NOKISITA_22-fd0463.json
2026-07-19 15:13:26 | INFO     | OK https://skeb.jp/api/users/wsPAIBqk1f55573
2026-07-19 15:13:26 | INFO     | Saving at a/skeb/wsPAIBqk1f55573-336a50.json
2026-07-19 15:13:27 | INFO     | OK https://skeb.jp/api/users/Hanpen_Kounaien
2026-07-19 15:13:27 | INFO     | Saving at a/skeb/Hanpen_Kounaien-568b84.json
2026-07-19 15:13:27 | INFO     | OK https://skeb.jp/api/users/z706gurai
2026-07-19 15:13:27 | INFO     | Saving at a/skeb/z706gurai-7ba235.json
2026-07-19 15:13:27 | INFO     | OK https://skeb.jp/api/users/CafeIN9610
2026-07-19 15:13:27 | INFO     | Saving at a/skeb/CafeIN9610-4cf0c2.json
2026-07-19 15:13:28 | INFO     | OK https://skeb.jp/api/users/sironn16
2026-07-19 15:13:28 | INFO     | Saving at a/skeb/sironn16-107dad.json
2026-07-19 15:13:28 | INFO     | OK https://skeb.jp/api/users/Souen_643
2026-07-19 15:13:28 | INFO     | Saving at a/skeb/Souen_643-84bb32.json
2026-07-19 15:13:28 | INFO     | OK https://skeb.jp/api/users/chinpokonyan
2026-07-19 15:13:28 | INFO     | Saving at a/skeb/chinpokonyan-445cf7.json
2026-07-19 15:13:29 | INFO     | OK https://skeb.jp/api/users/mattyaaisu_0116
2026-07-19 15:13:29 | INFO     | Saving at a/skeb/mattyaaisu_0116-07f883.json
2026-07-19 15:13:29 | INFO     | OK https://skeb.jp/api/users/TEOI2
2026-07-19 15:13:29 | INFO     | Saving at a/skeb/TEOI2-b117bf.json
2026-07-19 15:13:29 | INFO     | OK https://skeb.jp/api/users/kugu02aka
2026-07-19 15:13:29 | INFO     | Saving at a/skeb/kugu02aka-41dc4c.json
2026-07-19 15:13:30 | INFO     | OK https://skeb.jp/api/users/DGrau1103
2026-07-19 15:13:30 | INFO     | Saving at a/skeb/DGrau1103-89142e.json
2026-07-19 15:13:30 | INFO     | OK https://skeb.jp/api/users/san37
2026-07-19 15:13:30 | INFO     | Saving at a/skeb/san37-6cd875.json
2026-07-19 15:13:30 | INFO     | OK https://skeb.jp/api/users/_810yuki
2026-07-19 15:13:30 | INFO     | Saving at a/skeb/_810yuki-39028f.json
2026-07-19 15:13:31 | INFO     | OK https://skeb.jp/api/users/hatahomame
2026-07-19 15:13:31 | INFO     | Saving at a/skeb/hatahomame-39f9d5.json
2026-07-19 15:13:31 | INFO     | OK https://skeb.jp/api/users/gab_dango
2026-07-19 15:13:31 | INFO     | Saving at a/skeb/gab_dango-9050e7.json
2026-07-19 15:13:31 | INFO     | OK https://skeb.jp/api/users/0suzu_illust
2026-07-19 15:13:31 | INFO     | Saving at a/skeb/0suzu_illust-9a2a3e.json
2026-07-19 15:13:32 | INFO     | OK https://skeb.jp/api/users/ameba___x
2026-07-19 15:13:32 | INFO     | Saving at a/skeb/ameba___x-8851a2.json
2026-07-19 15:13:32 | INFO     | OK https://skeb.jp/api/users/n_ntamago_
2026-07-19 15:13:32 | INFO     | Saving at a/skeb/n_ntamago_-4c890e.json
2026-07-19 15:13:32 | INFO     | OK https://skeb.jp/api/users/CowMopCat
2026-07-19 15:13:32 | INFO     | Saving at a/skeb/CowMopCat-4975e3.json
2026-07-19 15:13:33 | INFO     | OK https://skeb.jp/api/users/AZ05Qzqmdt
2026-07-19 15:13:33 | INFO     | Saving at a/skeb/AZ05Qzqmdt-a14748.json
2026-07-19 15:13:33 | INFO     | OK https://skeb.jp/api/users/rizuotwst
2026-07-19 15:13:33 | INFO     | Saving at a/skeb/rizuotwst-cd6ead.json
2026-07-19 15:13:33 | INFO     | OK https://skeb.jp/api/users/kamoromance614
2026-07-19 15:13:33 | INFO     | Saving at a/skeb/kamoromance614-0c9b70.json
2026-07-19 15:13:34 | INFO     | OK https://skeb.jp/api/users/deathoekaki
2026-07-19 15:13:34 | INFO     | Saving at a/skeb/deathoekaki-d90a47.json
2026-07-19 15:13:34 | INFO     | OK https://skeb.jp/api/users/mel96753471
2026-07-19 15:13:34 | INFO     | Saving at a/skeb/mel96753471-8520c8.json
2026-07-19 15:13:34 | INFO     | OK https://skeb.jp/api/users/shinshin_ki
2026-07-19 15:13:34 | INFO     | Saving at a/skeb/shinshin_ki-ad30d9.json
2026-07-19 15:13:35 | INFO     | OK https://skeb.jp/api/users/kaeru333938123
2026-07-19 15:13:35 | INFO     | Saving at a/skeb/kaeru333938123-0e0d08.json
2026-07-19 15:13:35 | INFO     | OK https://skeb.jp/api/users/mochi_tas113
2026-07-19 15:13:35 | INFO     | Saving at a/skeb/mochi_tas113-806797.json
2026-07-19 15:13:35 | INFO     | OK https://skeb.jp/api/users/tani2mon
2026-07-19 15:13:35 | INFO     | Saving at a/skeb/tani2mon-d89465.json
2026-07-19 15:13:36 | INFO     | OK https://skeb.jp/api/users/azatarou_h
2026-07-19 15:13:36 | INFO     | Saving at a/skeb/azatarou_h-79f0b3.json
2026-07-19 15:13:36 | INFO     | OK https://skeb.jp/api/users/364ing01
2026-07-19 15:13:36 | INFO     | Saving at a/skeb/364ing01-b41a0a.json
2026-07-19 15:13:36 | INFO     | OK https://skeb.jp/api/users/fusenryo2
2026-07-19 15:13:36 | INFO     | Saving at a/skeb/fusenryo2-981b18.json
2026-07-19 15:13:37 | INFO     | OK https://skeb.jp/api/users/Keiru_illust
2026-07-19 15:13:37 | INFO     | Saving at a/skeb/Keiru_illust-28b758.json
2026-07-19 15:13:37 | INFO     | OK https://skeb.jp/api/users/Shin_Apost
2026-07-19 15:13:37 | INFO     | Saving at a/skeb/Shin_Apost-774449.json
2026-07-19 15:13:37 | INFO     | OK https://skeb.jp/api/users/o_mitomi
2026-07-19 15:13:37 | INFO     | Saving at a/skeb/o_mitomi-345517.json
2026-07-19 15:13:38 | INFO     | OK https://skeb.jp/api/users/TOYOMANR181
2026-07-19 15:13:38 | INFO     | Saving at a/skeb/TOYOMANR181-5fa089.json
2026-07-19 15:13:38 | INFO     | OK https://skeb.jp/api/users/oh_you_udon
2026-07-19 15:13:38 | INFO     | Saving at a/skeb/oh_you_udon-dee391.json
2026-07-19 15:13:38 | INFO     | OK https://skeb.jp/api/users/iuyiuy12
2026-07-19 15:13:38 | INFO     | Saving at a/skeb/iuyiuy12-326698.json
2026-07-19 15:13:39 | INFO     | OK https://skeb.jp/api/users/sizuokainagoya
2026-07-19 15:13:39 | INFO     | Saving at a/skeb/sizuokainagoya-1fe71d.json
2026-07-19 15:13:39 | INFO     | OK https://skeb.jp/api/users/LaCeys_ES
2026-07-19 15:13:39 | INFO     | Saving at a/skeb/LaCeys_ES-07a00e.json
2026-07-19 15:13:39 | INFO     | OK https://skeb.jp/api/users/chibineco_m
2026-07-19 15:13:39 | INFO     | Saving at a/skeb/chibineco_m-b3e145.json
2026-07-19 15:13:40 | INFO     | OK https://skeb.jp/api/users/nn_k0k0
2026-07-19 15:13:40 | INFO     | Saving at a/skeb/nn_k0k0-f357e3.json
2026-07-19 15:13:40 | INFO     | OK https://skeb.jp/api/users/BOREZET_mov
2026-07-19 15:13:40 | INFO     | Saving at a/skeb/BOREZET_mov-8e44b8.json
2026-07-19 15:13:40 | INFO     | OK https://skeb.jp/api/users/neko_kha
2026-07-19 15:13:40 | INFO     | Saving at a/skeb/neko_kha-1a0468.json
2026-07-19 15:13:41 | INFO     | OK https://skeb.jp/api/users/libre1907_
2026-07-19 15:13:41 | INFO     | Saving at a/skeb/libre1907_-62be6c.json
2026-07-19 15:13:41 | INFO     | OK https://skeb.jp/api/users/ooo_____1i
2026-07-19 15:13:41 | INFO     | Saving at a/skeb/ooo_____1i-a533c2.json
2026-07-19 15:13:41 | INFO     | OK https://skeb.jp/api/users/ittokyu
2026-07-19 15:13:41 | INFO     | Saving at a/skeb/ittokyu-364348.json
2026-07-19 15:13:42 | INFO     | OK https://skeb.jp/api/users/suzuki32893279
2026-07-19 15:13:42 | INFO     | Saving at a/skeb/suzuki32893279-a59937.json
2026-07-19 15:13:42 | INFO     | OK https://skeb.jp/api/users/sousan_xxxx
2026-07-19 15:13:42 | INFO     | Saving at a/skeb/sousan_xxxx-a35884.json
2026-07-19 15:13:42 | INFO     | OK https://skeb.jp/api/users/Non1s_02
2026-07-19 15:13:42 | INFO     | Saving at a/skeb/Non1s_02-973e81.json
2026-07-19 15:13:43 | INFO     | OK https://skeb.jp/api/users/tsu_ku_mi
2026-07-19 15:13:43 | INFO     | Saving at a/skeb/tsu_ku_mi-9e8276.json
2026-07-19 15:13:43 | INFO     | OK https://skeb.jp/api/users/yaaaaaaaaaamoto
2026-07-19 15:13:43 | INFO     | Saving at a/skeb/yaaaaaaaaaamoto-e2994b.json
2026-07-19 15:13:43 | INFO     | OK https://skeb.jp/api/users/namekomarron
2026-07-19 15:13:43 | INFO     | Saving at a/skeb/namekomarron-fade31.json
2026-07-19 15:13:44 | INFO     | OK https://skeb.jp/api/users/tsuduminu
2026-07-19 15:13:44 | INFO     | Saving at a/skeb/tsuduminu-5305e6.json
2026-07-19 15:13:44 | INFO     | OK https://skeb.jp/api/users/UonchoRS
2026-07-19 15:13:44 | INFO     | Saving at a/skeb/UonchoRS-5a96b2.json
2026-07-19 15:13:44 | INFO     | OK https://skeb.jp/api/users/mutsu_emine
2026-07-19 15:13:44 | INFO     | Saving at a/skeb/mutsu_emine-680912.json
2026-07-19 15:13:45 | INFO     | OK https://skeb.jp/api/users/oekaki_kantoku
2026-07-19 15:13:45 | INFO     | Saving at a/skeb/oekaki_kantoku-92375d.json
2026-07-19 15:13:45 | INFO     | OK https://skeb.jp/api/users/k1youken
2026-07-19 15:13:45 | INFO     | Saving at a/skeb/k1youken-10f4e5.json
2026-07-19 15:13:45 | INFO     | OK https://skeb.jp/api/users/hinegai_64
2026-07-19 15:13:45 | INFO     | Saving at a/skeb/hinegai_64-a43200.json
2026-07-19 15:13:46 | INFO     | OK https://skeb.jp/api/users/Sa9raG
2026-07-19 15:13:46 | INFO     | Saving at a/skeb/Sa9raG-28f738.json
2026-07-19 15:13:46 | INFO     | OK https://skeb.jp/api/users/_Nuuuuuull_
2026-07-19 15:13:46 | INFO     | Saving at a/skeb/_Nuuuuuull_-3e4c6e.json
2026-07-19 15:13:46 | INFO     | OK https://skeb.jp/api/users/FUMOCHI_n
2026-07-19 15:13:46 | INFO     | Saving at a/skeb/FUMOCHI_n-1b0694.json
2026-07-19 15:13:47 | INFO     | OK https://skeb.jp/api/users/tyomotyo
2026-07-19 15:13:47 | INFO     | Saving at a/skeb/tyomotyo-ab94d5.json
2026-07-19 15:13:47 | INFO     | OK https://skeb.jp/api/users/knicat
2026-07-19 15:13:47 | INFO     | Saving at a/skeb/knicat-ab6418.json
2026-07-19 15:13:48 | INFO     | OK https://skeb.jp/api/users/Shiraiwa_Usagi
2026-07-19 15:13:48 | INFO     | Saving at a/skeb/Shiraiwa_Usagi-46e306.json
2026-07-19 15:13:48 | INFO     | OK https://skeb.jp/api/users/uzsio00
2026-07-19 15:13:48 | INFO     | Saving at a/skeb/uzsio00-fb4097.json
2026-07-19 15:13:48 | INFO     | OK https://skeb.jp/api/users/kutabe134
2026-07-19 15:13:48 | INFO     | Saving at a/skeb/kutabe134-538225.json
2026-07-19 15:13:48 | INFO     | OK https://skeb.jp/api/users/goldfish_22
2026-07-19 15:13:48 | INFO     | Saving at a/skeb/goldfish_22-e3f872.json
2026-07-19 15:13:49 | INFO     | OK https://skeb.jp/api/users/OGGY_YOKOHAMA
2026-07-19 15:13:49 | INFO     | Saving at a/skeb/OGGY_YOKOHAMA-86782d.json
2026-07-19 15:13:49 | INFO     | OK https://skeb.jp/api/users/empty0730
2026-07-19 15:13:49 | INFO     | Saving at a/skeb/empty0730-4c864b.json
2026-07-19 15:13:49 | INFO     | OK https://skeb.jp/api/users/okutonikki
2026-07-19 15:13:49 | INFO     | Saving at a/skeb/okutonikki-99df3f.json
2026-07-19 15:13:50 | INFO     | OK https://skeb.jp/api/users/sume_si_rxr
2026-07-19 15:13:50 | INFO     | Saving at a/skeb/sume_si_rxr-976465.json
2026-07-19 15:13:50 | INFO     | OK https://skeb.jp/api/users/i_rasuto_yorozu
2026-07-19 15:13:50 | INFO     | Saving at a/skeb/i_rasuto_yorozu-e4deeb.json
2026-07-19 15:13:50 | INFO     | OK https://skeb.jp/api/users/g___bk
2026-07-19 15:13:50 | INFO     | Saving at a/skeb/g___bk-b392dc.json
2026-07-19 15:13:51 | INFO     | OK https://skeb.jp/api/users/gerusyu
2026-07-19 15:13:51 | INFO     | Saving at a/skeb/gerusyu-92497e.json
2026-07-19 15:13:51 | INFO     | OK https://skeb.jp/api/users/zw001sousaku
2026-07-19 15:13:51 | INFO     | Saving at a/skeb/zw001sousaku-237f91.json
2026-07-19 15:13:51 | INFO     | OK https://skeb.jp/api/users/fuminoyori
2026-07-19 15:13:51 | INFO     | Saving at a/skeb/fuminoyori-7dc56c.json
2026-07-19 15:13:52 | INFO     | OK https://skeb.jp/api/users/p4ch1m
2026-07-19 15:13:52 | INFO     | Saving at a/skeb/p4ch1m-0a9a11.json
2026-07-19 15:13:52 | INFO     | OK https://skeb.jp/api/users/saripi_amtug
2026-07-19 15:13:52 | INFO     | Saving at a/skeb/saripi_amtug-653535.json
2026-07-19 15:13:52 | INFO     | OK https://skeb.jp/api/users/motiCHIKUWA
2026-07-19 15:13:52 | INFO     | Saving at a/skeb/motiCHIKUWA-9118a8.json
2026-07-19 15:13:53 | INFO     | OK https://skeb.jp/api/users/_Lamperuge
2026-07-19 15:13:53 | INFO     | Saving at a/skeb/_Lamperuge-a30651.json
2026-07-19 15:13:53 | INFO     | OK https://skeb.jp/api/users/MiGiiiiii
2026-07-19 15:13:53 | INFO     | Saving at a/skeb/MiGiiiiii-f7da42.json
2026-07-19 15:13:53 | INFO     | OK https://skeb.jp/api/users/03Omi_trpg
2026-07-19 15:13:53 | INFO     | Saving at a/skeb/03Omi_trpg-0a68da.json
2026-07-19 15:13:54 | INFO     | OK https://skeb.jp/api/users/ginjiroXX
2026-07-19 15:13:54 | INFO     | Saving at a/skeb/ginjiroXX-907151.json
2026-07-19 15:13:54 | INFO     | OK https://skeb.jp/api/users/anagumasan_
2026-07-19 15:13:54 | INFO     | Saving at a/skeb/anagumasan_-2249b2.json
2026-07-19 15:13:54 | INFO     | OK https://skeb.jp/api/users/SR44946430
2026-07-19 15:13:54 | INFO     | Saving at a/skeb/SR44946430-3ba928.json
2026-07-19 15:13:55 | INFO     | OK https://skeb.jp/api/users/lily__dog_
2026-07-19 15:13:55 | INFO     | Saving at a/skeb/lily__dog_-415cb5.json
2026-07-19 15:13:55 | INFO     | OK https://skeb.jp/api/users/TomMukai
2026-07-19 15:13:55 | INFO     | Saving at a/skeb/TomMukai-cfb2f4.json
2026-07-19 15:13:55 | INFO     | OK https://skeb.jp/api/users/yawaraka_mukade
2026-07-19 15:13:55 | INFO     | Saving at a/skeb/yawaraka_mukade-26106d.json
2026-07-19 15:13:56 | INFO     | OK https://skeb.jp/api/users/Izu_magro3
2026-07-19 15:13:56 | INFO     | Saving at a/skeb/Izu_magro3-29b724.json
2026-07-19 15:13:56 | INFO     | OK https://skeb.jp/api/users/nobuozi
2026-07-19 15:13:56 | INFO     | Saving at a/skeb/nobuozi-bfb6a2.json
2026-07-19 15:13:56 | INFO     | OK https://skeb.jp/api/users/Kinondq10
2026-07-19 15:13:56 | INFO     | Saving at a/skeb/Kinondq10-d79cc2.json
2026-07-19 15:13:57 | INFO     | OK https://skeb.jp/api/users/sasasatotototo
2026-07-19 15:13:57 | INFO     | Saving at a/skeb/sasasatotototo-e22920.json
2026-07-19 15:13:57 | INFO     | OK https://skeb.jp/api/users/xo0_0ox1
2026-07-19 15:13:57 | INFO     | Saving at a/skeb/xo0_0ox1-d04f97.json
2026-07-19 15:13:57 | INFO     | OK https://skeb.jp/api/users/mikoko1
2026-07-19 15:13:57 | INFO     | Saving at a/skeb/mikoko1-b8f3ec.json
2026-07-19 15:13:58 | INFO     | OK https://skeb.jp/api/users/Dlxa_q
2026-07-19 15:13:58 | INFO     | Saving at a/skeb/Dlxa_q-4c3ab2.json
2026-07-19 15:13:58 | INFO     | OK https://skeb.jp/api/users/waniwanilyric
2026-07-19 15:13:58 | INFO     | Saving at a/skeb/waniwanilyric-4cb357.json
2026-07-19 15:13:58 | INFO     | OK https://skeb.jp/api/users/h77kobato
2026-07-19 15:13:58 | INFO     | Saving at a/skeb/h77kobato-4b6f92.json
2026-07-19 15:13:58 | INFO     | OK https://skeb.jp/api/users/Otetechan456
2026-07-19 15:13:58 | INFO     | Saving at a/skeb/Otetechan456-f5d745.json
2026-07-19 15:13:59 | INFO     | OK https://skeb.jp/api/users/runa_nekoboshi
2026-07-19 15:13:59 | INFO     | Saving at a/skeb/runa_nekoboshi-bd2962.json
2026-07-19 15:13:59 | INFO     | OK https://skeb.jp/api/users/5gN8i4hKux58193
2026-07-19 15:13:59 | INFO     | Saving at a/skeb/5gN8i4hKux58193-780c47.json
2026-07-19 15:14:00 | INFO     | OK https://skeb.jp/api/users/Tomokax0hh
2026-07-19 15:14:00 | INFO     | Saving at a/skeb/Tomokax0hh-c7b0c4.json
2026-07-19 15:14:00 | INFO     | OK https://skeb.jp/api/users/natsume_mina
2026-07-19 15:14:00 | INFO     | Saving at a/skeb/natsume_mina-129cf4.json
2026-07-19 15:14:00 | INFO     | OK https://skeb.jp/api/users/sasanoha6011
2026-07-19 15:14:00 | INFO     | Saving at a/skeb/sasanoha6011-cd6715.json
2026-07-19 15:14:01 | INFO     | OK https://skeb.jp/api/users/sirotum_
2026-07-19 15:14:01 | INFO     | Saving at a/skeb/sirotum_-5e656c.json
2026-07-19 15:14:01 | INFO     | OK https://skeb.jp/api/users/misaki_yu1522
2026-07-19 15:14:01 | INFO     | Saving at a/skeb/misaki_yu1522-f3b4fa.json
2026-07-19 15:14:01 | INFO     | OK https://skeb.jp/api/users/hareiro_glass
2026-07-19 15:14:01 | INFO     | Saving at a/skeb/hareiro_glass-f8b7c0.json
2026-07-19 15:14:02 | INFO     | OK https://skeb.jp/api/users/dedeen
2026-07-19 15:14:02 | INFO     | Saving at a/skeb/dedeen-d27014.json
2026-07-19 15:14:02 | INFO     | OK https://skeb.jp/api/users/fakkuma
2026-07-19 15:14:02 | INFO     | Saving at a/skeb/fakkuma-f538d9.json
2026-07-19 15:14:03 | INFO     | OK https://skeb.jp/api/users/syu_cat_
2026-07-19 15:14:03 | INFO     | Saving at a/skeb/syu_cat_-255595.json
2026-07-19 15:14:03 | INFO     | OK https://skeb.jp/api/users/futoshi_95
2026-07-19 15:14:03 | INFO     | Saving at a/skeb/futoshi_95-7935b9.json
2026-07-19 15:14:03 | INFO     | OK https://skeb.jp/api/users/s_obig
2026-07-19 15:14:03 | INFO     | Saving at a/skeb/s_obig-595f7d.json
2026-07-19 15:14:03 | INFO     | OK https://skeb.jp/api/users/nishi_pixel
2026-07-19 15:14:03 | INFO     | Saving at a/skeb/nishi_pixel-275436.json
2026-07-19 15:14:04 | INFO     | OK https://skeb.jp/api/users/pain_gumi
2026-07-19 15:14:04 | INFO     | Saving at a/skeb/pain_gumi-ccabe5.json
2026-07-19 15:14:04 | INFO     | OK https://skeb.jp/api/users/hanirbn
2026-07-19 15:14:04 | INFO     | Saving at a/skeb/hanirbn-44d2d7.json
2026-07-19 15:14:05 | INFO     | OK https://skeb.jp/api/users/sankaku_0nigiri
2026-07-19 15:14:05 | INFO     | Saving at a/skeb/sankaku_0nigiri-f0fade.json
2026-07-19 15:14:05 | INFO     | OK https://skeb.jp/api/users/popogen0724
2026-07-19 15:14:05 | INFO     | Saving at a/skeb/popogen0724-9952cd.json
2026-07-19 15:14:05 | INFO     | OK https://skeb.jp/api/users/yomyamn_sono2
2026-07-19 15:14:05 | INFO     | Saving at a/skeb/yomyamn_sono2-58749c.json
2026-07-19 15:14:05 | INFO     | OK https://skeb.jp/api/users/kAZV1Gm9MX
2026-07-19 15:14:05 | INFO     | Saving at a/skeb/kAZV1Gm9MX-20e1f9.json
2026-07-19 15:14:06 | INFO     | OK https://skeb.jp/api/users/0914yuuri_k
2026-07-19 15:14:06 | INFO     | Saving at a/skeb/0914yuuri_k-b54d77.json
2026-07-19 15:14:06 | INFO     | OK https://skeb.jp/api/users/ebifurya0503
2026-07-19 15:14:06 | INFO     | Saving at a/skeb/ebifurya0503-adfe8c.json
2026-07-19 15:14:06 | INFO     | OK https://skeb.jp/api/users/niaa_cm
2026-07-19 15:14:06 | INFO     | Saving at a/skeb/niaa_cm-5df7a5.json
2026-07-19 15:14:07 | INFO     | OK https://skeb.jp/api/users/hemorina
2026-07-19 15:14:07 | INFO     | Saving at a/skeb/hemorina-7499a2.json
2026-07-19 15:14:07 | INFO     | OK https://skeb.jp/api/users/Oumi_Nina
2026-07-19 15:14:07 | INFO     | Saving at a/skeb/Oumi_Nina-89f695.json
2026-07-19 15:14:07 | INFO     | OK https://skeb.jp/api/users/denmaru2
2026-07-19 15:14:07 | INFO     | Saving at a/skeb/denmaru2-867976.json
2026-07-19 15:14:08 | INFO     | OK https://skeb.jp/api/users/Hitome_miru
2026-07-19 15:14:08 | INFO     | Saving at a/skeb/Hitome_miru-33eb96.json
2026-07-19 15:14:08 | INFO     | OK https://skeb.jp/api/users/aoiosakana
2026-07-19 15:14:08 | INFO     | Saving at a/skeb/aoiosakana-8d0b63.json
2026-07-19 15:14:08 | INFO     | OK https://skeb.jp/api/users/yukiminoideyu
2026-07-19 15:14:08 | INFO     | Saving at a/skeb/yukiminoideyu-6ff932.json
2026-07-19 15:14:09 | INFO     | OK https://skeb.jp/api/users/hitomeborere
2026-07-19 15:14:09 | INFO     | Saving at a/skeb/hitomeborere-a66a44.json
2026-07-19 15:14:09 | INFO     | OK https://skeb.jp/api/users/irumi_77
2026-07-19 15:14:09 | INFO     | Saving at a/skeb/irumi_77-e8b34b.json
2026-07-19 15:14:09 | INFO     | OK https://skeb.jp/api/users/Stk________
2026-07-19 15:14:09 | INFO     | Saving at a/skeb/Stk________-d97d45.json
2026-07-19 15:14:10 | INFO     | OK https://skeb.jp/api/users/ayame_ha_sinima
2026-07-19 15:14:10 | INFO     | Saving at a/skeb/ayame_ha_sinima-6c0455.json
2026-07-19 15:14:10 | INFO     | OK https://skeb.jp/api/users/Sk9k2YOxmrYrixW
2026-07-19 15:14:10 | INFO     | Saving at a/skeb/Sk9k2YOxmrYrixW-288cab.json
2026-07-19 15:14:10 | INFO     | OK https://skeb.jp/api/users/anemone_0077
2026-07-19 15:14:10 | INFO     | Saving at a/skeb/anemone_0077-ae9110.json
2026-07-19 15:14:11 | INFO     | OK https://skeb.jp/api/users/OBOCHAMANBOO
2026-07-19 15:14:11 | INFO     | Saving at a/skeb/OBOCHAMANBOO-05b031.json
2026-07-19 15:14:11 | INFO     | OK https://skeb.jp/api/users/Ayesha_618
2026-07-19 15:14:11 | INFO     | Saving at a/skeb/Ayesha_618-fcfaa5.json
2026-07-19 15:14:11 | INFO     | OK https://skeb.jp/api/users/kyngkyk
2026-07-19 15:14:11 | INFO     | Saving at a/skeb/kyngkyk-1374c0.json
2026-07-19 15:14:12 | INFO     | OK https://skeb.jp/api/users/neon_sign32
2026-07-19 15:14:12 | INFO     | Saving at a/skeb/neon_sign32-1cfcfb.json
2026-07-19 15:14:12 | INFO     | OK https://skeb.jp/api/users/H047E
2026-07-19 15:14:12 | INFO     | Saving at a/skeb/H047E-6865a6.json
2026-07-19 15:14:12 | INFO     | OK https://skeb.jp/api/users/knjyappp1
2026-07-19 15:14:12 | INFO     | Saving at a/skeb/knjyappp1-23a8e0.json
2026-07-19 15:14:13 | INFO     | OK https://skeb.jp/api/users/83_Hami_tsugai
2026-07-19 15:14:13 | INFO     | Saving at a/skeb/83_Hami_tsugai-b3ad64.json
2026-07-19 15:14:13 | INFO     | OK https://skeb.jp/api/users/confidential_y
2026-07-19 15:14:13 | INFO     | Saving at a/skeb/confidential_y-efddc1.json
2026-07-19 15:14:14 | INFO     | OK https://skeb.jp/api/users/Da_B_fox
2026-07-19 15:14:14 | INFO     | Saving at a/skeb/Da_B_fox-e26cff.json
2026-07-19 15:14:14 | INFO     | OK https://skeb.jp/api/users/u_n_diavolo_
2026-07-19 15:14:14 | INFO     | Saving at a/skeb/u_n_diavolo_-b32f4a.json
2026-07-19 15:14:14 | INFO     | OK https://skeb.jp/api/users/3shuAkiko
2026-07-19 15:14:14 | INFO     | Saving at a/skeb/3shuAkiko-8fa032.json
2026-07-19 15:14:14 | INFO     | OK https://skeb.jp/api/users/munyari_ppp7
2026-07-19 15:14:14 | INFO     | Saving at a/skeb/munyari_ppp7-00a383.json
2026-07-19 15:14:15 | INFO     | OK https://skeb.jp/api/users/tottemoomame
2026-07-19 15:14:15 | INFO     | Saving at a/skeb/tottemoomame-b4d858.json
2026-07-19 15:14:15 | INFO     | OK https://skeb.jp/api/users/tsuminobeyo
2026-07-19 15:14:15 | INFO     | Saving at a/skeb/tsuminobeyo-5064ad.json
2026-07-19 15:14:15 | INFO     | OK https://skeb.jp/api/users/ml_ffc111
2026-07-19 15:14:15 | INFO     | Saving at a/skeb/ml_ffc111-809b91.json
2026-07-19 15:14:16 | INFO     | OK https://skeb.jp/api/users/shi6zakuro
2026-07-19 15:14:16 | INFO     | Saving at a/skeb/shi6zakuro-ae7ea1.json
2026-07-19 15:14:16 | INFO     | OK https://skeb.jp/api/users/DBf8zo
2026-07-19 15:14:16 | INFO     | Saving at a/skeb/DBf8zo-389f32.json
2026-07-19 15:14:16 | INFO     | OK https://skeb.jp/api/users/high_kaburi
2026-07-19 15:14:16 | INFO     | Saving at a/skeb/high_kaburi-c24b9b.json
2026-07-19 15:14:17 | INFO     | OK https://skeb.jp/api/users/DORIANE_DOJIN
2026-07-19 15:14:17 | INFO     | Saving at a/skeb/DORIANE_DOJIN-ef6c2a.json
2026-07-19 15:14:17 | INFO     | OK https://skeb.jp/api/users/una_so_
2026-07-19 15:14:17 | INFO     | Saving at a/skeb/una_so_-5b2dc1.json
2026-07-19 15:14:17 | INFO     | OK https://skeb.jp/api/users/rainboots02
2026-07-19 15:14:17 | INFO     | Saving at a/skeb/rainboots02-aef917.json
2026-07-19 15:14:18 | INFO     | OK https://skeb.jp/api/users/masakikamoritu
2026-07-19 15:14:18 | INFO     | Saving at a/skeb/masakikamoritu-271c1b.json
2026-07-19 15:14:18 | INFO     | OK https://skeb.jp/api/users/illust_clono
2026-07-19 15:14:18 | INFO     | Saving at a/skeb/illust_clono-ef4f82.json
2026-07-19 15:14:18 | INFO     | OK https://skeb.jp/api/users/hidek1illust
2026-07-19 15:14:18 | INFO     | Saving at a/skeb/hidek1illust-470f29.json
2026-07-19 15:14:19 | INFO     | OK https://skeb.jp/api/users/geobubabi
2026-07-19 15:14:19 | INFO     | Saving at a/skeb/geobubabi-d95bef.json
2026-07-19 15:14:19 | INFO     | OK https://skeb.jp/api/users/kozi_master
2026-07-19 15:14:19 | INFO     | Saving at a/skeb/kozi_master-9d9f12.json
2026-07-19 15:14:19 | INFO     | OK https://skeb.jp/api/users/fumikiri_1818
2026-07-19 15:14:19 | INFO     | Saving at a/skeb/fumikiri_1818-069ae1.json
2026-07-19 15:14:20 | INFO     | OK https://skeb.jp/api/users/Takashi_kittaka
2026-07-19 15:14:20 | INFO     | Saving at a/skeb/Takashi_kittaka-628f03.json
2026-07-19 15:14:20 | INFO     | OK https://skeb.jp/api/users/llllll__iiil
2026-07-19 15:14:20 | INFO     | Saving at a/skeb/llllll__iiil-b15378.json
2026-07-19 15:14:20 | INFO     | OK https://skeb.jp/api/users/4_gxp
2026-07-19 15:14:20 | INFO     | Saving at a/skeb/4_gxp-94ca28.json
2026-07-19 15:14:21 | INFO     | OK https://skeb.jp/api/users/yuyu29384756
2026-07-19 15:14:21 | INFO     | Saving at a/skeb/yuyu29384756-2b14dc.json
2026-07-19 15:14:21 | INFO     | OK https://skeb.jp/api/users/gomikyun_3
2026-07-19 15:14:21 | INFO     | Saving at a/skeb/gomikyun_3-3427d8.json
2026-07-19 15:14:21 | INFO     | OK https://skeb.jp/api/users/syouga_6383
2026-07-19 15:14:21 | INFO     | Saving at a/skeb/syouga_6383-a5ec40.json
2026-07-19 15:14:22 | INFO     | OK https://skeb.jp/api/users/MRN0093
2026-07-19 15:14:22 | INFO     | Saving at a/skeb/MRN0093-7c6203.json
2026-07-19 15:14:22 | INFO     | OK https://skeb.jp/api/users/OkbBETA
2026-07-19 15:14:22 | INFO     | Saving at a/skeb/OkbBETA-6960f1.json
2026-07-19 15:14:22 | INFO     | OK https://skeb.jp/api/users/Ro_om12345
2026-07-19 15:14:22 | INFO     | Saving at a/skeb/Ro_om12345-b06727.json
2026-07-19 15:14:23 | INFO     | OK https://skeb.jp/api/users/Kokuu_17
2026-07-19 15:14:23 | INFO     | Saving at a/skeb/Kokuu_17-de42ef.json
2026-07-19 15:14:23 | INFO     | OK https://skeb.jp/api/users/skebinu
2026-07-19 15:14:23 | INFO     | Saving at a/skeb/skebinu-02caf5.json
2026-07-19 15:14:23 | INFO     | OK https://skeb.jp/api/users/noma_ll
2026-07-19 15:14:23 | INFO     | Saving at a/skeb/noma_ll-29002c.json
2026-07-19 15:14:24 | INFO     | OK https://skeb.jp/api/users/yarou_first
2026-07-19 15:14:24 | INFO     | Saving at a/skeb/yarou_first-b4a517.json
2026-07-19 15:14:24 | INFO     | OK https://skeb.jp/api/users/Marilyn12_25
2026-07-19 15:14:24 | INFO     | Saving at a/skeb/Marilyn12_25-619c51.json
2026-07-19 15:14:25 | INFO     | OK https://skeb.jp/api/users/sazyou_dnrk
2026-07-19 15:14:25 | INFO     | Saving at a/skeb/sazyou_dnrk-b19c10.json
2026-07-19 15:14:25 | INFO     | OK https://skeb.jp/api/users/KopeRyne
2026-07-19 15:14:25 | INFO     | Saving at a/skeb/KopeRyne-a10dac.json
2026-07-19 15:14:25 | INFO     | OK https://skeb.jp/api/users/inutori1118
2026-07-19 15:14:25 | INFO     | Saving at a/skeb/inutori1118-8e1f1a.json
2026-07-19 15:14:25 | INFO     | OK https://skeb.jp/api/users/hamabichan
2026-07-19 15:14:25 | INFO     | Saving at a/skeb/hamabichan-e7da83.json
2026-07-19 15:14:26 | INFO     | OK https://skeb.jp/api/users/ryuzi
2026-07-19 15:14:26 | INFO     | Saving at a/skeb/ryuzi-ad6809.json
2026-07-19 15:14:26 | INFO     | OK https://skeb.jp/api/users/verdure
2026-07-19 15:14:26 | INFO     | Saving at a/skeb/verdure-d24a95.json
2026-07-19 15:14:26 | INFO     | OK https://skeb.jp/api/users/mm___0422
2026-07-19 15:14:26 | INFO     | Saving at a/skeb/mm___0422-ee5fb1.json
2026-07-19 15:14:26 | INFO     | OK https://skeb.jp/api/users/phantasmharu
2026-07-19 15:14:26 | INFO     | Saving at a/skeb/phantasmharu-3e1d86.json
2026-07-19 15:14:27 | INFO     | OK https://skeb.jp/api/users/QuvgZNaJcNe0Fal
2026-07-19 15:14:27 | INFO     | Saving at a/skeb/QuvgZNaJcNe0Fal-6c7539.json
2026-07-19 15:14:28 | INFO     | OK https://skeb.jp/api/users/orizin_4696
2026-07-19 15:14:28 | INFO     | Saving at a/skeb/orizin_4696-10a9cf.json
2026-07-19 15:14:28 | INFO     | OK https://skeb.jp/api/users/ni_tamagoEX
2026-07-19 15:14:28 | INFO     | Saving at a/skeb/ni_tamagoEX-fd0138.json
2026-07-19 15:14:28 | INFO     | OK https://skeb.jp/api/users/katsute_n
2026-07-19 15:14:28 | INFO     | Saving at a/skeb/katsute_n-dd355b.json
2026-07-19 15:14:29 | INFO     | OK https://skeb.jp/api/users/sasakamakue
2026-07-19 15:14:29 | INFO     | Saving at a/skeb/sasakamakue-71072c.json
2026-07-19 15:14:29 | INFO     | OK https://skeb.jp/api/users/ame_akira00
2026-07-19 15:14:29 | INFO     | Saving at a/skeb/ame_akira00-b7458d.json
2026-07-19 15:14:29 | INFO     | OK https://skeb.jp/api/users/nono_rium
2026-07-19 15:14:29 | INFO     | Saving at a/skeb/nono_rium-f99a98.json
2026-07-19 15:14:29 | INFO     | OK https://skeb.jp/api/users/sato_terumasa
2026-07-19 15:14:29 | INFO     | Saving at a/skeb/sato_terumasa-1a5a70.json
2026-07-19 15:14:30 | INFO     | OK https://skeb.jp/api/users/kamesys
2026-07-19 15:14:30 | INFO     | Saving at a/skeb/kamesys-3fa2a1.json
2026-07-19 15:14:30 | INFO     | OK https://skeb.jp/api/users/u12m2
2026-07-19 15:14:30 | INFO     | Saving at a/skeb/u12m2-b88392.json
2026-07-19 15:14:30 | INFO     | OK https://skeb.jp/api/users/debidebisan
2026-07-19 15:14:30 | INFO     | Saving at a/skeb/debidebisan-ce9faf.json
2026-07-19 15:14:31 | INFO     | OK https://skeb.jp/api/users/kuji0419
2026-07-19 15:14:31 | INFO     | Saving at a/skeb/kuji0419-fdc62d.json
2026-07-19 15:14:31 | INFO     | OK https://skeb.jp/api/users/mz_ozsn
2026-07-19 15:14:31 | INFO     | Saving at a/skeb/mz_ozsn-a0bf78.json
2026-07-19 15:14:31 | INFO     | OK https://skeb.jp/api/users/asatohima88
2026-07-19 15:14:31 | INFO     | Saving at a/skeb/asatohima88-6c3bf1.json
2026-07-19 15:14:32 | INFO     | OK https://skeb.jp/api/users/_KapVamp
2026-07-19 15:14:32 | INFO     | Saving at a/skeb/_KapVamp-f70b42.json
2026-07-19 15:14:32 | INFO     | OK https://skeb.jp/api/users/kakarichokacho
2026-07-19 15:14:32 | INFO     | Saving at a/skeb/kakarichokacho-d7db00.json
2026-07-19 15:14:32 | INFO     | OK https://skeb.jp/api/users/sochin_douji
2026-07-19 15:14:32 | INFO     | Saving at a/skeb/sochin_douji-1373d5.json
2026-07-19 15:14:33 | INFO     | OK https://skeb.jp/api/users/2waco15
2026-07-19 15:14:33 | INFO     | Saving at a/skeb/2waco15-390c33.json
2026-07-19 15:14:33 | INFO     | OK https://skeb.jp/api/users/a_MANOJAKU_
2026-07-19 15:14:33 | INFO     | Saving at a/skeb/a_MANOJAKU_-d05a08.json
2026-07-19 15:14:33 | INFO     | OK https://skeb.jp/api/users/mochiboshiii
2026-07-19 15:14:33 | INFO     | Saving at a/skeb/mochiboshiii-de2136.json
2026-07-19 15:14:34 | INFO     | OK https://skeb.jp/api/users/nekochanprpr
2026-07-19 15:14:34 | INFO     | Saving at a/skeb/nekochanprpr-9ac1ec.json
2026-07-19 15:14:34 | INFO     | OK https://skeb.jp/api/users/yosuzu_dragon
2026-07-19 15:14:34 | INFO     | Saving at a/skeb/yosuzu_dragon-cbac6e.json
2026-07-19 15:14:34 | INFO     | OK https://skeb.jp/api/users/sALezzUgMjdE0aj
2026-07-19 15:14:34 | INFO     | Saving at a/skeb/sALezzUgMjdE0aj-8853ab.json
2026-07-19 15:14:35 | INFO     | OK https://skeb.jp/api/users/nise96
2026-07-19 15:14:35 | INFO     | Saving at a/skeb/nise96-00d27c.json
2026-07-19 15:14:35 | INFO     | OK https://skeb.jp/api/users/rikoriko213
2026-07-19 15:14:35 | INFO     | Saving at a/skeb/rikoriko213-c5b22d.json
2026-07-19 15:14:35 | INFO     | OK https://skeb.jp/api/users/kumochi0803
2026-07-19 15:14:35 | INFO     | Saving at a/skeb/kumochi0803-9fbe51.json
2026-07-19 15:14:36 | INFO     | OK https://skeb.jp/api/users/prmhm2
2026-07-19 15:14:36 | INFO     | Saving at a/skeb/prmhm2-3799f2.json
2026-07-19 15:14:36 | INFO     | OK https://skeb.jp/api/users/suzu_illust
2026-07-19 15:14:36 | INFO     | Saving at a/skeb/suzu_illust-84a979.json
2026-07-19 15:14:36 | INFO     | OK https://skeb.jp/api/users/7fumip
2026-07-19 15:14:36 | INFO     | Saving at a/skeb/7fumip-bf27e7.json
2026-07-19 15:14:37 | INFO     | OK https://skeb.jp/api/users/_pajamas_party
2026-07-19 15:14:37 | INFO     | Saving at a/skeb/_pajamas_party-8b82c4.json
2026-07-19 15:14:37 | INFO     | OK https://skeb.jp/api/users/pmoxno
2026-07-19 15:14:37 | INFO     | Saving at a/skeb/pmoxno-c8f897.json
2026-07-19 15:14:37 | INFO     | OK https://skeb.jp/api/users/potepotemaro
2026-07-19 15:14:37 | INFO     | Saving at a/skeb/potepotemaro-65cdba.json
2026-07-19 15:14:38 | INFO     | OK https://skeb.jp/api/users/kuromaruxxx
2026-07-19 15:14:38 | INFO     | Saving at a/skeb/kuromaruxxx-681539.json
2026-07-19 15:14:38 | INFO     | OK https://skeb.jp/api/users/paribeanscos
2026-07-19 15:14:38 | INFO     | Saving at a/skeb/paribeanscos-e77dc7.json
2026-07-19 15:14:38 | INFO     | OK https://skeb.jp/api/users/iIlIIlIll11
2026-07-19 15:14:38 | INFO     | Saving at a/skeb/iIlIIlIll11-414cc8.json
2026-07-19 15:14:39 | INFO     | OK https://skeb.jp/api/users/suzukisakura
2026-07-19 15:14:39 | INFO     | Saving at a/skeb/suzukisakura-1cb931.json
2026-07-19 15:14:39 | INFO     | OK https://skeb.jp/api/users/Opale
2026-07-19 15:14:39 | INFO     | Saving at a/skeb/Opale-0a90d8.json
2026-07-19 15:14:39 | INFO     | OK https://skeb.jp/api/users/terisa52853
2026-07-19 15:14:39 | INFO     | Saving at a/skeb/terisa52853-feb8d1.json
2026-07-19 15:14:40 | INFO     | OK https://skeb.jp/api/users/hny_mg_
2026-07-19 15:14:40 | INFO     | Saving at a/skeb/hny_mg_-365204.json
2026-07-19 15:14:40 | INFO     | OK https://skeb.jp/api/users/Selala_hades
2026-07-19 15:14:40 | INFO     | Saving at a/skeb/Selala_hades-8916f5.json
2026-07-19 15:14:40 | INFO     | OK https://skeb.jp/api/users/jun_suzumura
2026-07-19 15:14:40 | INFO     | Saving at a/skeb/jun_suzumura-454212.json
2026-07-19 15:14:41 | INFO     | OK https://skeb.jp/api/users/Leto_goldman315
2026-07-19 15:14:41 | INFO     | Saving at a/skeb/Leto_goldman315-0ff4b0.json
2026-07-19 15:14:41 | INFO     | OK https://skeb.jp/api/users/mochimoti0528
2026-07-19 15:14:41 | INFO     | Saving at a/skeb/mochimoti0528-b6922a.json
2026-07-19 15:14:41 | INFO     | OK https://skeb.jp/api/users/Pokokaki
2026-07-19 15:14:41 | INFO     | Saving at a/skeb/Pokokaki-30bff0.json
2026-07-19 15:14:42 | INFO     | OK https://skeb.jp/api/users/rakuraku_kmczk
2026-07-19 15:14:42 | INFO     | Saving at a/skeb/rakuraku_kmczk-d08418.json
2026-07-19 15:14:42 | INFO     | OK https://skeb.jp/api/users/dd41023237
2026-07-19 15:14:42 | INFO     | Saving at a/skeb/dd41023237-ff8a70.json
2026-07-19 15:14:42 | INFO     | OK https://skeb.jp/api/users/aseroraitoILST
2026-07-19 15:14:42 | INFO     | Saving at a/skeb/aseroraitoILST-7b5e4d.json
2026-07-19 15:14:43 | INFO     | OK https://skeb.jp/api/users/mak066_
2026-07-19 15:14:43 | INFO     | Saving at a/skeb/mak066_-dfdf80.json
2026-07-19 15:14:43 | INFO     | OK https://skeb.jp/api/users/junkichi_gbf
2026-07-19 15:14:43 | INFO     | Saving at a/skeb/junkichi_gbf-0ff36e.json
2026-07-19 15:14:43 | INFO     | OK https://skeb.jp/api/users/hyaku1063
2026-07-19 15:14:43 | INFO     | Saving at a/skeb/hyaku1063-ffcdc0.json
2026-07-19 15:14:44 | INFO     | OK https://skeb.jp/api/users/amarimari1092
2026-07-19 15:14:44 | INFO     | Saving at a/skeb/amarimari1092-89ed07.json
2026-07-19 15:14:44 | INFO     | OK https://skeb.jp/api/users/Alkaloid404
2026-07-19 15:14:44 | INFO     | Saving at a/skeb/Alkaloid404-956dbb.json
2026-07-19 15:14:44 | INFO     | OK https://skeb.jp/api/users/tozakiday0
2026-07-19 15:14:44 | INFO     | Saving at a/skeb/tozakiday0-f7a77c.json
2026-07-19 15:14:45 | INFO     | OK https://skeb.jp/api/users/eck16614
2026-07-19 15:14:45 | INFO     | Saving at a/skeb/eck16614-3d4d78.json
2026-07-19 15:14:45 | INFO     | OK https://skeb.jp/api/users/rz_ptr
2026-07-19 15:14:45 | INFO     | Saving at a/skeb/rz_ptr-a94dad.json
2026-07-19 15:14:45 | INFO     | OK https://skeb.jp/api/users/pakinarimma
2026-07-19 15:14:45 | INFO     | Saving at a/skeb/pakinarimma-9e5ec9.json
2026-07-19 15:14:46 | INFO     | OK https://skeb.jp/api/users/dodo_o_u
2026-07-19 15:14:46 | INFO     | Saving at a/skeb/dodo_o_u-47568e.json
2026-07-19 15:14:46 | INFO     | OK https://skeb.jp/api/users/_251_nicoichi
2026-07-19 15:14:46 | INFO     | Saving at a/skeb/_251_nicoichi-2f165b.json
2026-07-19 15:14:46 | INFO     | OK https://skeb.jp/api/users/seniphahpines
2026-07-19 15:14:46 | INFO     | Saving at a/skeb/seniphahpines-5ca018.json
2026-07-19 15:14:47 | INFO     | OK https://skeb.jp/api/users/sentaatoiawase
2026-07-19 15:14:47 | INFO     | Saving at a/skeb/sentaatoiawase-6c721f.json
2026-07-19 15:14:47 | INFO     | OK https://skeb.jp/api/users/subliminal
2026-07-19 15:14:47 | INFO     | Saving at a/skeb/subliminal-a1b9c1.json
2026-07-19 15:14:47 | INFO     | OK https://skeb.jp/api/users/aruzin_sousaku
2026-07-19 15:14:47 | INFO     | Saving at a/skeb/aruzin_sousaku-0e82ee.json
2026-07-19 15:14:48 | INFO     | OK https://skeb.jp/api/users/kumano_poku
2026-07-19 15:14:48 | INFO     | Saving at a/skeb/kumano_poku-06b6ad.json
2026-07-19 15:14:48 | INFO     | OK https://skeb.jp/api/users/kanemitsu411
2026-07-19 15:14:48 | INFO     | Saving at a/skeb/kanemitsu411-a1b25c.json
2026-07-19 15:14:48 | INFO     | OK https://skeb.jp/api/users/aaatarashi_sb
2026-07-19 15:14:48 | INFO     | Saving at a/skeb/aaatarashi_sb-b6a00c.json
2026-07-19 15:14:49 | INFO     | OK https://skeb.jp/api/users/OM2v4
2026-07-19 15:14:49 | INFO     | Saving at a/skeb/OM2v4-1a93aa.json
2026-07-19 15:14:49 | INFO     | OK https://skeb.jp/api/users/suyuli
2026-07-19 15:14:49 | INFO     | Saving at a/skeb/suyuli-34c638.json
2026-07-19 15:14:49 | INFO     | OK https://skeb.jp/api/users/SAE1293
2026-07-19 15:14:49 | INFO     | Saving at a/skeb/SAE1293-3fc50f.json
2026-07-19 15:14:50 | INFO     | OK https://skeb.jp/api/users/rrrrr3500
2026-07-19 15:14:50 | INFO     | Saving at a/skeb/rrrrr3500-6147a5.json
2026-07-19 15:14:50 | INFO     | OK https://skeb.jp/api/users/siro90414
2026-07-19 15:14:50 | INFO     | Saving at a/skeb/siro90414-bea938.json
2026-07-19 15:14:50 | INFO     | OK https://skeb.jp/api/users/shuubetu815
2026-07-19 15:14:50 | INFO     | Saving at a/skeb/shuubetu815-66c109.json
2026-07-19 15:14:51 | INFO     | OK https://skeb.jp/api/users/hxbBnAmpvPk2HeP
2026-07-19 15:14:51 | INFO     | Saving at a/skeb/hxbBnAmpvPk2HeP-6610d8.json
2026-07-19 15:14:51 | INFO     | OK https://skeb.jp/api/users/ra___mntbti
2026-07-19 15:14:51 | INFO     | Saving at a/skeb/ra___mntbti-2620b2.json
2026-07-19 15:14:51 | INFO     | OK https://skeb.jp/api/users/6WH2Z
2026-07-19 15:14:51 | INFO     | Saving at a/skeb/6WH2Z-87e948.json
2026-07-19 15:14:52 | INFO     | OK https://skeb.jp/api/users/CXTQMjLhLA70302
2026-07-19 15:14:52 | INFO     | Saving at a/skeb/CXTQMjLhLA70302-3fd491.json
2026-07-19 15:14:52 | INFO     | OK https://skeb.jp/api/users/Futa__TIMAMIRE
2026-07-19 15:14:52 | INFO     | Saving at a/skeb/Futa__TIMAMIRE-3c61d1.json
2026-07-19 15:14:52 | INFO     | OK https://skeb.jp/api/users/pupuoyf17
2026-07-19 15:14:52 | INFO     | Saving at a/skeb/pupuoyf17-0a0fb4.json
2026-07-19 15:14:53 | INFO     | OK https://skeb.jp/api/users/borobug
2026-07-19 15:14:53 | INFO     | Saving at a/skeb/borobug-5a7c6c.json
2026-07-19 15:14:53 | INFO     | OK https://skeb.jp/api/users/hagure_g
2026-07-19 15:14:53 | INFO     | Saving at a/skeb/hagure_g-47719a.json
2026-07-19 15:14:53 | INFO     | OK https://skeb.jp/api/users/AZ84997592
2026-07-19 15:14:53 | INFO     | Saving at a/skeb/AZ84997592-8d6dc5.json
2026-07-19 15:14:54 | INFO     | OK https://skeb.jp/api/users/yumura30
2026-07-19 15:14:54 | INFO     | Saving at a/skeb/yumura30-f276da.json
2026-07-19 15:14:54 | INFO     | OK https://skeb.jp/api/users/u2q_s
2026-07-19 15:14:54 | INFO     | Saving at a/skeb/u2q_s-dd2db0.json
2026-07-19 15:14:54 | INFO     | OK https://skeb.jp/api/users/takemii00
2026-07-19 15:14:54 | INFO     | Saving at a/skeb/takemii00-4cb8cd.json
2026-07-19 15:14:54 | INFO     | OK https://skeb.jp/api/users/IV111111
2026-07-19 15:14:54 | INFO     | Saving at a/skeb/IV111111-aa6380.json
2026-07-19 15:14:55 | INFO     | OK https://skeb.jp/api/users/Usumizu_awai
2026-07-19 15:14:55 | INFO     | Saving at a/skeb/Usumizu_awai-1c3dc4.json
2026-07-19 15:14:55 | INFO     | OK https://skeb.jp/api/users/mikuriya_9on
2026-07-19 15:14:55 | INFO     | Saving at a/skeb/mikuriya_9on-e6ade7.json
2026-07-19 15:14:56 | INFO     | OK https://skeb.jp/api/users/myaji_maki
2026-07-19 15:14:56 | INFO     | Saving at a/skeb/myaji_maki-075cf6.json
2026-07-19 15:14:56 | INFO     | OK https://skeb.jp/api/users/AL_Illust
2026-07-19 15:14:56 | INFO     | Saving at a/skeb/AL_Illust-b40f39.json
2026-07-19 15:14:56 | INFO     | OK https://skeb.jp/api/users/hyper_whoz
2026-07-19 15:14:56 | INFO     | Saving at a/skeb/hyper_whoz-3d8518.json
2026-07-19 15:14:57 | INFO     | OK https://skeb.jp/api/users/iga_lassie
2026-07-19 15:14:57 | INFO     | Saving at a/skeb/iga_lassie-08c92b.json
2026-07-19 15:14:57 | INFO     | OK https://skeb.jp/api/users/3Kmocchin
2026-07-19 15:14:57 | INFO     | Saving at a/skeb/3Kmocchin-518c95.json
2026-07-19 15:14:57 | INFO     | OK https://skeb.jp/api/users/space__duck2
2026-07-19 15:14:57 | INFO     | Saving at a/skeb/space__duck2-c5faa6.json
2026-07-19 15:14:58 | INFO     | OK https://skeb.jp/api/users/Yochibit
2026-07-19 15:14:58 | INFO     | Saving at a/skeb/Yochibit-0d31c9.json
2026-07-19 15:14:58 | INFO     | OK https://skeb.jp/api/users/hllspd_0
2026-07-19 15:14:58 | INFO     | Saving at a/skeb/hllspd_0-13948b.json
2026-07-19 15:14:58 | INFO     | OK https://skeb.jp/api/users/shiro_f
2026-07-19 15:14:58 | INFO     | Saving at a/skeb/shiro_f-5f401a.json
2026-07-19 15:14:59 | INFO     | OK https://skeb.jp/api/users/huhuhu13422
2026-07-19 15:14:59 | INFO     | Saving at a/skeb/huhuhu13422-7562d2.json
2026-07-19 15:14:59 | INFO     | OK https://skeb.jp/api/users/a_maa3
2026-07-19 15:14:59 | INFO     | Saving at a/skeb/a_maa3-794e31.json
2026-07-19 15:14:59 | INFO     | OK https://skeb.jp/api/users/same_xxlo
2026-07-19 15:14:59 | INFO     | Saving at a/skeb/same_xxlo-ac40b8.json
2026-07-19 15:15:00 | INFO     | OK https://skeb.jp/api/users/45onb
2026-07-19 15:15:00 | INFO     | Saving at a/skeb/45onb-bc92d4.json
2026-07-19 15:15:00 | INFO     | OK https://skeb.jp/api/users/fWnNQPpWct
2026-07-19 15:15:00 | INFO     | Saving at a/skeb/fWnNQPpWct-ca627c.json
2026-07-19 15:15:00 | INFO     | OK https://skeb.jp/api/users/yurikawa611
2026-07-19 15:15:00 | INFO     | Saving at a/skeb/yurikawa611-5e0558.json
2026-07-19 15:15:01 | INFO     | OK https://skeb.jp/api/users/Aaaxixz1
2026-07-19 15:15:01 | INFO     | Saving at a/skeb/Aaaxixz1-b043e5.json
2026-07-19 15:15:01 | INFO     | OK https://skeb.jp/api/users/Kimon_MGST
2026-07-19 15:15:01 | INFO     | Saving at a/skeb/Kimon_MGST-2d236a.json
2026-07-19 15:15:01 | INFO     | OK https://skeb.jp/api/users/genshin_ddkdk
2026-07-19 15:15:01 | INFO     | Saving at a/skeb/genshin_ddkdk-f29484.json
2026-07-19 15:15:01 | INFO     | OK https://skeb.jp/api/users/hiyochan_dayo
2026-07-19 15:15:01 | INFO     | Saving at a/skeb/hiyochan_dayo-b92c41.json
2026-07-19 15:15:02 | INFO     | OK https://skeb.jp/api/users/otyamambo88
2026-07-19 15:15:02 | INFO     | Saving at a/skeb/otyamambo88-270531.json
2026-07-19 15:15:02 | INFO     | OK https://skeb.jp/api/users/Omurice_2cm
2026-07-19 15:15:02 | INFO     | Saving at a/skeb/Omurice_2cm-a849d9.json
2026-07-19 15:15:03 | INFO     | OK https://skeb.jp/api/users/gn8_bird
2026-07-19 15:15:03 | INFO     | Saving at a/skeb/gn8_bird-8d9d1b.json
2026-07-19 15:15:03 | INFO     | OK https://skeb.jp/api/users/spK9dp2NiRrhNcb
2026-07-19 15:15:03 | INFO     | Saving at a/skeb/spK9dp2NiRrhNcb-4e14b8.json
2026-07-19 15:15:03 | INFO     | OK https://skeb.jp/api/users/okite_ne224
2026-07-19 15:15:03 | INFO     | Saving at a/skeb/okite_ne224-98a475.json
2026-07-19 15:15:04 | INFO     | OK https://skeb.jp/api/users/S_mntik
2026-07-19 15:15:04 | INFO     | Saving at a/skeb/S_mntik-356b02.json
2026-07-19 15:15:04 | INFO     | OK https://skeb.jp/api/users/gvmmr_
2026-07-19 15:15:04 | INFO     | Saving at a/skeb/gvmmr_-dfa067.json
2026-07-19 15:15:04 | INFO     | OK https://skeb.jp/api/users/senriash
2026-07-19 15:15:04 | INFO     | Saving at a/skeb/senriash-1b5306.json
2026-07-19 15:15:05 | INFO     | OK https://skeb.jp/api/users/9x2no18
2026-07-19 15:15:05 | INFO     | Saving at a/skeb/9x2no18-d0ede8.json
2026-07-19 15:15:05 | INFO     | OK https://skeb.jp/api/users/cocon_ew
2026-07-19 15:15:05 | INFO     | Saving at a/skeb/cocon_ew-bfe440.json
2026-07-19 15:15:05 | INFO     | OK https://skeb.jp/api/users/24crabshop
2026-07-19 15:15:05 | INFO     | Saving at a/skeb/24crabshop-3c6164.json
2026-07-19 15:15:06 | INFO     | OK https://skeb.jp/api/users/mokarooru_chibi
2026-07-19 15:15:06 | INFO     | Saving at a/skeb/mokarooru_chibi-bd8e08.json
2026-07-19 15:15:06 | INFO     | OK https://skeb.jp/api/users/hiiragisensei
2026-07-19 15:15:06 | INFO     | Saving at a/skeb/hiiragisensei-b6f7a7.json
2026-07-19 15:15:06 | INFO     | OK https://skeb.jp/api/users/punipaya
2026-07-19 15:15:06 | INFO     | Saving at a/skeb/punipaya-240de9.json
2026-07-19 15:15:07 | INFO     | OK https://skeb.jp/api/users/wcv2
2026-07-19 15:15:07 | INFO     | Saving at a/skeb/wcv2-0748ba.json
2026-07-19 15:15:07 | INFO     | OK https://skeb.jp/api/users/Shelldy_h
2026-07-19 15:15:07 | INFO     | Saving at a/skeb/Shelldy_h-bc7e0d.json
2026-07-19 15:15:07 | INFO     | OK https://skeb.jp/api/users/_grifet
2026-07-19 15:15:07 | INFO     | Saving at a/skeb/_grifet-927c39.json
2026-07-19 15:15:08 | INFO     | OK https://skeb.jp/api/users/kurocazenosora
2026-07-19 15:15:08 | INFO     | Saving at a/skeb/kurocazenosora-1e63af.json
2026-07-19 15:15:08 | INFO     | OK https://skeb.jp/api/users/tam_tm_
2026-07-19 15:15:08 | INFO     | Saving at a/skeb/tam_tm_-950f27.json
2026-07-19 15:15:08 | INFO     | OK https://skeb.jp/api/users/ex80_sfd
2026-07-19 15:15:08 | INFO     | Saving at a/skeb/ex80_sfd-714bd3.json
2026-07-19 15:15:09 | INFO     | OK https://skeb.jp/api/users/una1122illust
2026-07-19 15:15:09 | INFO     | Saving at a/skeb/una1122illust-327496.json
2026-07-19 15:15:09 | INFO     | OK https://skeb.jp/api/users/genshi_neki
2026-07-19 15:15:09 | INFO     | Saving at a/skeb/genshi_neki-29eb3d.json
2026-07-19 15:15:10 | INFO     | OK https://skeb.jp/api/users/chu_m99
2026-07-19 15:15:10 | INFO     | Saving at a/skeb/chu_m99-3766ed.json
2026-07-19 15:15:10 | INFO     | OK https://skeb.jp/api/users/vmBYu5unSC43528
2026-07-19 15:15:10 | INFO     | Saving at a/skeb/vmBYu5unSC43528-ad3db2.json
2026-07-19 15:15:10 | INFO     | OK https://skeb.jp/api/users/39ra_______
2026-07-19 15:15:10 | INFO     | Saving at a/skeb/39ra_______-2fe98c.json
2026-07-19 15:15:10 | INFO     | OK https://skeb.jp/api/users/toshirou9
2026-07-19 15:15:10 | INFO     | Saving at a/skeb/toshirou9-dd4c25.json
2026-07-19 15:15:11 | INFO     | OK https://skeb.jp/api/users/416_wakaba
2026-07-19 15:15:11 | INFO     | Saving at a/skeb/416_wakaba-01ce76.json
2026-07-19 15:15:11 | INFO     | OK https://skeb.jp/api/users/az3nnn
2026-07-19 15:15:11 | INFO     | Saving at a/skeb/az3nnn-1f93f4.json
2026-07-19 15:15:11 | INFO     | OK https://skeb.jp/api/users/DHA_56
2026-07-19 15:15:11 | INFO     | Saving at a/skeb/DHA_56-6605ac.json
2026-07-19 15:15:12 | INFO     | OK https://skeb.jp/api/users/_igaragi
2026-07-19 15:15:12 | INFO     | Saving at a/skeb/_igaragi-315a8d.json
2026-07-19 15:15:12 | INFO     | OK https://skeb.jp/api/users/ekakinatsu
2026-07-19 15:15:12 | INFO     | Saving at a/skeb/ekakinatsu-e2fb0e.json
2026-07-19 15:15:12 | INFO     | OK https://skeb.jp/api/users/difk
2026-07-19 15:15:12 | INFO     | Saving at a/skeb/difk-bcdb7d.json
2026-07-19 15:15:13 | INFO     | OK https://skeb.jp/api/users/C1ear_a11_ha10
2026-07-19 15:15:13 | INFO     | Saving at a/skeb/C1ear_a11_ha10-78771e.json
2026-07-19 15:15:13 | INFO     | OK https://skeb.jp/api/users/kuroi0
2026-07-19 15:15:13 | INFO     | Saving at a/skeb/kuroi0-fd658c.json
2026-07-19 15:15:13 | INFO     | OK https://skeb.jp/api/users/Kotobuki_HAKU
2026-07-19 15:15:13 | INFO     | Saving at a/skeb/Kotobuki_HAKU-ba3b59.json
2026-07-19 15:15:14 | INFO     | OK https://skeb.jp/api/users/Nerineridaco
2026-07-19 15:15:14 | INFO     | Saving at a/skeb/Nerineridaco-a92d30.json
2026-07-19 15:15:14 | INFO     | OK https://skeb.jp/api/users/yuyu_kiro
2026-07-19 15:15:14 | INFO     | Saving at a/skeb/yuyu_kiro-594579.json
2026-07-19 15:15:14 | INFO     | OK https://skeb.jp/api/users/okonomi_yaki66
2026-07-19 15:15:14 | INFO     | Saving at a/skeb/okonomi_yaki66-aa2b9b.json
2026-07-19 15:15:15 | INFO     | OK https://skeb.jp/api/users/peketope
2026-07-19 15:15:15 | INFO     | Saving at a/skeb/peketope-319537.json
2026-07-19 15:15:15 | INFO     | OK https://skeb.jp/api/users/klm1511
2026-07-19 15:15:15 | INFO     | Saving at a/skeb/klm1511-712b47.json
2026-07-19 15:15:15 | INFO     | OK https://skeb.jp/api/users/Sg003_s
2026-07-19 15:15:15 | INFO     | Saving at a/skeb/Sg003_s-a8ffb4.json
2026-07-19 15:15:15 | WARNING  | 429 on https://skeb.jp/api/users/kklloo1 (attempt 1/3, rate=1.5/s)
2026-07-19 15:15:15 | INFO     | Backing off 1.9s before retry.
2026-07-19 15:15:21 | WARNING  | 429 on https://skeb.jp/api/users/Kiricreamchees (attempt 1/3, rate=0.8/s)
2026-07-19 15:15:21 | INFO     | Backing off 2.3s before retry.
2026-07-19 15:15:21 | WARNING  | 429 on https://skeb.jp/api/users/7kJrhIzkV513611 (attempt 1/3, rate=0.4/s)
2026-07-19 15:15:21 | INFO     | Backing off 1.8s before retry.
2026-07-19 15:15:21 | WARNING  | 429 on https://skeb.jp/api/users/SnO2619 (attempt 1/3, rate=0.3/s)
2026-07-19 15:15:21 | INFO     | Backing off 2.3s before retry.
2026-07-19 15:15:32 | WARNING  | 429 on https://skeb.jp/api/users/I71YO (attempt 1/3, rate=0.3/s)
2026-07-19 15:15:32 | INFO     | Backing off 1.9s before retry.
2026-07-19 15:15:32 | WARNING  | 429 on https://skeb.jp/api/users/kklloo1 (attempt 2/3, rate=0.3/s)
2026-07-19 15:15:32 | INFO     | Backing off 4.3s before retry.
2026-07-19 15:15:32 | WARNING  | 429 on https://skeb.jp/api/users/SWkO46JM1o (attempt 1/3, rate=0.3/s)
2026-07-19 15:15:32 | INFO     | Backing off 1.9s before retry.
2026-07-19 15:15:42 | WARNING  | 429 on https://skeb.jp/api/users/3almi_2um (attempt 1/3, rate=0.3/s)
2026-07-19 15:15:42 | INFO     | Backing off 2.2s before retry.
2026-07-19 15:15:42 | WARNING  | 429 on https://skeb.jp/api/users/zenyatodo (attempt 1/3, rate=0.3/s)
2026-07-19 15:15:42 | INFO     | Backing off 2.1s before retry.
2026-07-19 15:15:42 | WARNING  | 429 on https://skeb.jp/api/users/Wakameyogurt (attempt 1/3, rate=0.3/s)
2026-07-19 15:15:42 | INFO     | Backing off 2.1s before retry.
2026-07-19 15:15:52 | WARNING  | 429 on https://skeb.jp/api/users/nonbe19 (attempt 1/3, rate=0.3/s)
2026-07-19 15:15:52 | INFO     | Backing off 2.2s before retry.
2026-07-19 15:15:52 | WARNING  | 429 on https://skeb.jp/api/users/7kJrhIzkV513611 (attempt 2/3, rate=0.3/s)
2026-07-19 15:15:52 | INFO     | Backing off 4.2s before retry.
2026-07-19 15:15:52 | WARNING  | 429 on https://skeb.jp/api/users/SWkO46JM1o (attempt 2/3, rate=0.3/s)
2026-07-19 15:15:52 | INFO     | Backing off 4.3s before retry.
2026-07-19 15:16:02 | WARNING  | 429 on https://skeb.jp/api/users/I71YO (attempt 2/3, rate=0.3/s)
2026-07-19 15:16:02 | INFO     | Backing off 3.7s before retry.
2026-07-19 15:16:02 | WARNING  | 429 on https://skeb.jp/api/users/kklloo1 (attempt 3/3, rate=0.3/s)
2026-07-19 15:16:02 | WARNING  | 429 on https://skeb.jp/api/users/Kiricreamchees (attempt 2/3, rate=0.3/s)
2026-07-19 15:16:02 | INFO     | Backing off 4.5s before retry.
2026-07-19 15:16:12 | WARNING  | 429 on https://skeb.jp/api/users/3almi_2um (attempt 2/3, rate=0.3/s)
2026-07-19 15:16:12 | INFO     | Backing off 3.9s before retry.
2026-07-19 15:16:12 | WARNING  | 429 on https://skeb.jp/api/users/Wakameyogurt (attempt 2/3, rate=0.3/s)
2026-07-19 15:16:12 | INFO     | Backing off 3.4s before retry.
2026-07-19 15:16:12 | WARNING  | 429 on https://skeb.jp/api/users/nonbe19 (attempt 2/3, rate=0.3/s)
2026-07-19 15:16:12 | INFO     | Backing off 4.1s before retry.
2026-07-19 15:16:22 | WARNING  | 429 on https://skeb.jp/api/users/zenyatodo (attempt 2/3, rate=0.3/s)
2026-07-19 15:16:22 | INFO     | Backing off 3.7s before retry.
2026-07-19 15:16:22 | WARNING  | 429 on https://skeb.jp/api/users/Kiricreamchees (attempt 3/3, rate=0.3/s)
2026-07-19 15:16:22 | WARNING  | 429 on https://skeb.jp/api/users/SnO2619 (attempt 2/3, rate=0.3/s)
2026-07-19 15:16:22 | INFO     | Backing off 3.7s before retry.
2026-07-19 15:16:32 | WARNING  | 429 on https://skeb.jp/api/users/SWkO46JM1o (attempt 3/3, rate=0.3/s)
2026-07-19 15:16:32 | WARNING  | 429 on https://skeb.jp/api/users/3almi_2um (attempt 3/3, rate=0.3/s)
2026-07-19 15:16:32 | WARNING  | 429 on https://skeb.jp/api/users/footlovehouse (attempt 1/3, rate=0.3/s)
2026-07-19 15:16:32 | INFO     | Backing off 1.7s before retry.
2026-07-19 15:16:42 | WARNING  | 429 on https://skeb.jp/api/users/I71YO (attempt 3/3, rate=0.3/s)
2026-07-19 15:16:42 | WARNING  | 429 on https://skeb.jp/api/users/xxzaco_box (attempt 1/3, rate=0.3/s)
2026-07-19 15:16:42 | INFO     | Backing off 2.3s before retry.
2026-07-19 15:16:42 | WARNING  | 429 on https://skeb.jp/api/users/Wakameyogurt (attempt 3/3, rate=0.3/s)
2026-07-19 15:16:42 | INFO     | Ending pipeline prematurely
2026-07-19 15:16:42 | INFO     |  --- SUMMARY REPORT --- 
  Sources Retreived    : 3519
  Profiles Fetched     : 541
  Profile Missing      : 0
  Profile Rate Limited : 4
  Profile Error Others : 0

2026-07-19 15:16:42 | INFO     | Started creating static api data.
2026-07-19 15:18:42 | INFO     | Album index written to a/albums/index.json (379 albums)
