2026-06-27 11:38:55 | INFO     | Initialized Data Store.
2026-06-27 11:38:55 | INFO     | Client cookie found [request_key=e7b3a9f5:12a0b51b;].
2026-06-27 11:38:55 | INFO     | Initialized Skeb Client with cipher: aECDHE:AES256:AES128:CHACHA20:!aNULL:!MD5:!DSS
2026-06-27 11:40:32 | INFO     | Ready to scrape 109816 items
2026-06-27 11:40:34 | INFO     | Requesting https://skeb.jp/api/users/meniamaru_0
2026-06-27 11:40:34 | ERROR    | fetch profile received is a blur banned image: {'id': 2246928, 'acceptable': True, 'creator': True, 'avatar_url': 'https://si.imgix.net/867e437f/uploads/origins/a9275de5-30c2-424c-9c23-ac3b9e52da41?w=4&h=4&blur=1576&s=a15f3ffc880a9c57016f1a5bd1412049d567b27c5c09c99d4', 'name': 'meniamaru_0', 'nsfw_acceptable': False, 'screen_name': 'meniamaru_0', 'language': 'ja', 'header_url': 'https://si.imgix.net/867e437f/uploads/origins/a9275de5-30c2-424c-9c23-ac3b9e52da41?w=4&h=4&blur=1576&s=a15f3ffc880a9c57016f1a5bd1412049d567b27c5c09c99d5', 'body_size': 2100, 'received_works_count': 88, 'received_nsfw_works_count': 5, 'sent_requests_average_cancel_time': None, 'appeal_receivable': True, 'request_master_rank': 99, 'first_requester_rank': 7, 'sent_first_works_count': 21, 'sent_public_works_count': 75, 'popular_creator_rank': 8, 'instruction': 'unspecified', 'asct': None, 'description': '', 'busy': False, 'url': None, 'show_social_profile': False, 'accept_expiration_days': 30, 'complete_expiration_days': 60, 'received_requests_average_response_time': 43433, 'completing_average_time': 80200, 'nc': 6, 'twitter_uid': '575213726', 'user_service_links': [], 'banned': False, 'banned_by': '', 'complete_rate': 1.0, 'og_image_url': 'https://si.imgix.net/867e437f/uploads/origins/a9275de5-30c2-424c-9c23-ac3b9e52da41?w=4&h=4&blur=1576&s=a15f3ffc880a9c57016f1a5bd1412049d567b27c5c09c99d7', 'nijie_id': None, 'dlsite_id': None, 'fanza_id': None, 'pixiv_id': None, 'booth_id': None, 'fantia_id': None, 'fanbox_id': None, 'skima_id': None, 'coconala_id': None, 'patreon_id': None, 'wishlist_id': None, 'youtube_id': None, 'acceptable_only_public': False, 'tip_acceptable': True, 'yearly_report_client_visible': False, 'total_appeals_count': 0, 'skills': [{'genre': 'art', 'default_amount': 3000}], 'payment_methods': {}, 'received_works': [{'path': '/@meniamaru_0/works/132', 'private_thumbnail_image_urls': None, 'private': False, 'genre': 'art', 'tipped': False, 'creator_id': 2246928, 'vtt_url': None, 'thumbnail_image_urls': {'src': 'https://si.imgix.net/867e437f/uploads/origins/a9275de5-30c2-424c-9c23-ac3b9e52da41?w=4&h=4&blur=1576&s=a15f3ffc880a9c57016f1a5bd1412049d567b27c5c09c99d6', 'srcset': 'https://si.imgix.net/867e437f/uploads/origins/a9275de5-30c2-424c-9c23-ac3b9e52da41?w=4&h=4&blur=1576&s=a15f3ffc880a9c57016f1a5bd1412049d567b27c5c09c99d7,https://si.imgix.net/867e437f/uploads/origins/a9275de5-30c2-424c-9c23-ac3b9e52da41?w=4&h=4&blur=1576&s=a15f3ffc880a9c57016f1a5bd1412049d567b27c5c09c99d2x,https://si.imgix.net/867e437f/uploads/origins/a9275de5-30c2-424c-9c23-ac3b9e52da41?w=4&h=4&blur=1576&s=a15f3ffc880a9c57016f1a5bd1412049d567b27c5c09c99d3x,'}, 'duration': None, 'nsfw': False, 'hardcore': False, 'consored_thumbnail_image_urls': {'src': 'https://si.imgix.net/867e437f/uploads/origins/a9275de5-30c2-424c-9c23-ac3b9e52da41?w=4&h=4&blur=1576&s=a15f3ffc880a9c57016f1a5bd1412049d567b27c5c09c99d6', 'srcset': 'https://si.imgix.net/867e437f/uploads/origins/a9275de5-30c2-424c-9c23-ac3b9e52da41?w=4&h=4&blur=1576&s=a15f3ffc880a9c57016f1a5bd1412049d567b27c5c09c99d7,https://si.imgix.net/867e437f/uploads/origins/a9275de5-30c2-424c-9c23-ac3b9e52da41?w=4&h=4&blur=1576&s=a15f3ffc880a9c57016f1a5bd1412049d567b27c5c09c99d2x,https://si.imgix.net/867e437f/uploads/origins/a9275de5-30c2-424c-9c23-ac3b9e52da41?w=4&h=4&blur=1576&s=a15f3ffc880a9c57016f1a5bd1412049d567b27c5c09c99d3x,'}, 'body': '%2a%b2%33%2b%63%41%a4%fc%b7%67%83%b5%b3%bc%03%aa%4a%f4%c6%bd%dc%36%9b%6d%65%0c%ef%b3%55%5b%4c%45%09%a4%f8%73%51%aa%b4%36%ed%1f%68%18%99%ea%0f%73%ff%f6', 'nc': 48, 'word_count': 0, 'transcoder': 'image', 'creator_acceptable_same_genre': True}], 'sent_works': [], 'similar_creators': []}
2026-06-27 11:40:34 | ERROR    | Pipeline crashed unexpectedly
Traceback (most recent call last):
  File "/content/m/src/pipeline.py", line 33, in run
    await self._fetch_profiles_from_sources(sources)
  File "/content/m/src/pipeline.py", line 64, in _fetch_profiles_from_sources
    async for user in self.context.client.fetch_profiles(sources):
  File "/content/m/src/skeb_client.py", line 238, in fetch_profiles
    raise ValueError("Fetched a blur image")
ValueError: Fetched a blur image
2026-06-27 11:40:34 | INFO     |  --- SUMMARY REPORT --- 
  Sources Retreived    : 109816
  Profiles Fetched     : 0
  Profile Missing      : 0
  Profile Rate Limited : 0
  Profile Error Others : 0

2026-06-27 11:40:34 | INFO     | Started creating static api data.
2026-06-27 11:42:04 | INFO     | Album index written to a/albums/index.json (300 albums)
