2026-09-05 02:45:12 | INFO     | Initialized Data Store.
2026-09-05 02:45:12 | INFO     | Homepage GET status=200 (attempt 1/3)
2026-09-05 02:45:12 | WARNING  | request_key not found in homepage HTML (status=200).
2026-09-05 02:45:12 | INFO     | SkebClient ready (impersonate=chrome120, rate=1.0/s, concurrency=10, max_runtime=10800s)
2026-09-05 02:47:01 | INFO     | Ready to scrape 69 items
2026-09-05 02:47:01 | WARNING  | 404 on https://skeb.jp/api/users/sakayama_lazuli (attempt 1/3)
2026-09-05 02:47:02 | INFO     | OK https://skeb.jp/api/users/MizoreYohou
2026-09-05 02:47:02 | INFO     | Saving at a/skeb/MizoreYohou-67e92f.json
2026-09-05 02:47:03 | INFO     | OK https://skeb.jp/api/users/Nana2_77tsu
2026-09-05 02:47:03 | INFO     | Saving at a/skeb/Nana2_77tsu-6c986c.json
2026-09-05 02:47:04 | WARNING  | 404 on https://skeb.jp/api/users/Uo_oU_us (attempt 1/3)
2026-09-05 02:47:05 | WARNING  | 404 on https://skeb.jp/api/users/_meruruto_ (attempt 1/3)
2026-09-05 02:47:06 | WARNING  | 404 on https://skeb.jp/api/users/sakayama_lazuli (attempt 2/3)
2026-09-05 02:47:07 | WARNING  | 404 on https://skeb.jp/api/users/Uo_oU_us (attempt 2/3)
2026-09-05 02:47:08 | WARNING  | 404 on https://skeb.jp/api/users/p_pfp5 (attempt 1/3)
2026-09-05 02:47:09 | WARNING  | 404 on https://skeb.jp/api/users/ghcfujfc1 (attempt 1/3)
2026-09-05 02:47:10 | WARNING  | 404 on https://skeb.jp/api/users/nattamati_ (attempt 1/3)
2026-09-05 02:47:11 | WARNING  | 404 on https://skeb.jp/api/users/vHoo__ (attempt 1/3)
2026-09-05 02:47:12 | WARNING  | 404 on https://skeb.jp/api/users/_meruruto_ (attempt 2/3)
2026-09-05 02:47:13 | WARNING  | 404 on https://skeb.jp/api/users/ghcfujfc1 (attempt 2/3)
2026-09-05 02:47:14 | WARNING  | 404 on https://skeb.jp/api/users/sakayama_lazuli (attempt 3/3)
2026-09-05 02:47:15 | WARNING  | 404 on https://skeb.jp/api/users/p_pfp5 (attempt 2/3)
2026-09-05 02:47:16 | WARNING  | 404 on https://skeb.jp/api/users/EDO__nyan (attempt 1/3)
2026-09-05 02:47:17 | WARNING  | 404 on https://skeb.jp/api/users/_meruruto_ (attempt 3/3)
2026-09-05 02:47:18 | WARNING  | 404 on https://skeb.jp/api/users/ghcfujfc1 (attempt 3/3)
2026-09-05 02:47:19 | WARNING  | 404 on https://skeb.jp/api/users/T4k73gqSZ26h5si (attempt 1/3)
2026-09-05 02:47:20 | WARNING  | 404 on https://skeb.jp/api/users/EDO__nyan (attempt 2/3)
2026-09-05 02:47:21 | INFO     | OK https://skeb.jp/api/users/HikouNabe
2026-09-05 02:47:21 | INFO     | Saving at a/skeb/HikouNabe-f9af97.json
2026-09-05 02:47:22 | WARNING  | 404 on https://skeb.jp/api/users/nattamati_ (attempt 2/3)
2026-09-05 02:47:23 | WARNING  | 404 on https://skeb.jp/api/users/mimei_Illust (attempt 1/3)
2026-09-05 02:47:24 | WARNING  | 404 on https://skeb.jp/api/users/vHoo__ (attempt 2/3)
2026-09-05 02:47:25 | WARNING  | 404 on https://skeb.jp/api/users/T4k73gqSZ26h5si (attempt 2/3)
2026-09-05 02:47:26 | INFO     | OK https://skeb.jp/api/users/norm_t_sp
2026-09-05 02:47:26 | INFO     | Saving at a/skeb/norm_t_sp-59ab0e.json
2026-09-05 02:47:27 | WARNING  | 404 on https://skeb.jp/api/users/nattamati_ (attempt 3/3)
2026-09-05 02:47:28 | WARNING  | 404 on https://skeb.jp/api/users/EDO__nyan (attempt 3/3)
2026-09-05 02:47:29 | WARNING  | 404 on https://skeb.jp/api/users/p_pfp5 (attempt 3/3)
2026-09-05 02:47:30 | WARNING  | 404 on https://skeb.jp/api/users/vHoo__ (attempt 3/3)
2026-09-05 02:47:31 | WARNING  | 404 on https://skeb.jp/api/users/Uo_oU_us (attempt 3/3)
2026-09-05 02:47:32 | INFO     | OK https://skeb.jp/api/users/momari_06
2026-09-05 02:47:32 | INFO     | Saving at a/skeb/momari_06-21c41d.json
2026-09-05 02:47:33 | WARNING  | 404 on https://skeb.jp/api/users/lkjeudnduy44 (attempt 1/3)
2026-09-05 02:47:34 | INFO     | OK https://skeb.jp/api/users/Holothuroidea
2026-09-05 02:47:34 | INFO     | Saving at a/skeb/Holothuroidea-3a386c.json
2026-09-05 02:47:35 | WARNING  | 404 on https://skeb.jp/api/users/oshino_Iriss (attempt 1/3)
2026-09-05 02:47:36 | WARNING  | 404 on https://skeb.jp/api/users/kotonesansukida (attempt 1/3)
2026-09-05 02:47:37 | WARNING  | 404 on https://skeb.jp/api/users/Ryuzi_27 (attempt 1/3)
2026-09-05 02:47:38 | INFO     | OK https://skeb.jp/api/users/haizuru_rue
2026-09-05 02:47:38 | INFO     | Saving at a/skeb/haizuru_rue-e92f8b.json
2026-09-05 02:47:39 | WARNING  | 404 on https://skeb.jp/api/users/fukafuka_no_inu (attempt 1/3)
2026-09-05 02:47:40 | WARNING  | 404 on https://skeb.jp/api/users/oshino_Iriss (attempt 2/3)
2026-09-05 02:47:41 | WARNING  | 404 on https://skeb.jp/api/users/kotonesansukida (attempt 2/3)
2026-09-05 02:47:42 | WARNING  | 404 on https://skeb.jp/api/users/aki_ra3_ (attempt 1/3)
2026-09-05 02:47:43 | WARNING  | 404 on https://skeb.jp/api/users/lkjeudnduy44 (attempt 2/3)
2026-09-05 02:47:44 | WARNING  | 404 on https://skeb.jp/api/users/m3x3_sk (attempt 1/3)
2026-09-05 02:47:45 | WARNING  | 404 on https://skeb.jp/api/users/aki_ra3_ (attempt 2/3)
2026-09-05 02:47:46 | WARNING  | 404 on https://skeb.jp/api/users/Ryuzi_27 (attempt 2/3)
2026-09-05 02:47:47 | WARNING  | 404 on https://skeb.jp/api/users/fukafuka_no_inu (attempt 2/3)
2026-09-05 02:47:48 | WARNING  | 404 on https://skeb.jp/api/users/lkjeudnduy44 (attempt 3/3)
2026-09-05 02:47:49 | WARNING  | 404 on https://skeb.jp/api/users/oshino_Iriss (attempt 3/3)
2026-09-05 02:47:50 | WARNING  | 404 on https://skeb.jp/api/users/yamin_himamo23 (attempt 1/3)
2026-09-05 02:47:51 | WARNING  | 404 on https://skeb.jp/api/users/mimei_Illust (attempt 2/3)
2026-09-05 02:47:52 | WARNING  | 404 on https://skeb.jp/api/users/fukafuka_no_inu (attempt 3/3)
2026-09-05 02:47:53 | INFO     | OK https://skeb.jp/api/users/oto_taaan
2026-09-05 02:47:53 | INFO     | Saving at a/skeb/oto_taaan-3a40bd.json
2026-09-05 02:47:54 | WARNING  | 404 on https://skeb.jp/api/users/kotonesansukida (attempt 3/3)
2026-09-05 02:47:55 | WARNING  | 404 on https://skeb.jp/api/users/aki_ra3_ (attempt 3/3)
2026-09-05 02:47:56 | WARNING  | 404 on https://skeb.jp/api/users/meguru_nero (attempt 1/3)
2026-09-05 02:47:57 | WARNING  | 404 on https://skeb.jp/api/users/Ryuzi_27 (attempt 3/3)
2026-09-05 02:47:58 | WARNING  | 404 on https://skeb.jp/api/users/Genkyou (attempt 1/3)
2026-09-05 02:47:59 | INFO     | OK https://skeb.jp/api/users/noe1050noe
2026-09-05 02:47:59 | INFO     | Saving at a/skeb/noe1050noe-009067.json
2026-09-05 02:48:00 | WARNING  | 404 on https://skeb.jp/api/users/29Kota2 (attempt 1/3)
2026-09-05 02:48:01 | WARNING  | 404 on https://skeb.jp/api/users/923kaku (attempt 1/3)
2026-09-05 02:48:02 | WARNING  | 404 on https://skeb.jp/api/users/mimamorichan (attempt 1/3)
2026-09-05 02:48:03 | WARNING  | 404 on https://skeb.jp/api/users/mimei_Illust (attempt 3/3)
2026-09-05 02:48:04 | WARNING  | 404 on https://skeb.jp/api/users/29Kota2 (attempt 2/3)
2026-09-05 02:48:05 | WARNING  | 404 on https://skeb.jp/api/users/soraumi2000_50_ (attempt 1/3)
2026-09-05 02:48:06 | WARNING  | 404 on https://skeb.jp/api/users/NOm0y0i (attempt 1/3)
2026-09-05 02:48:07 | WARNING  | 404 on https://skeb.jp/api/users/meguru_nero (attempt 2/3)
2026-09-05 02:48:08 | WARNING  | 404 on https://skeb.jp/api/users/mimamorichan (attempt 2/3)
2026-09-05 02:48:09 | WARNING  | 404 on https://skeb.jp/api/users/NOm0y0i (attempt 2/3)
2026-09-05 02:48:10 | WARNING  | 404 on https://skeb.jp/api/users/29Kota2 (attempt 3/3)
2026-09-05 02:48:11 | WARNING  | 404 on https://skeb.jp/api/users/T4k73gqSZ26h5si (attempt 3/3)
2026-09-05 02:48:12 | WARNING  | 404 on https://skeb.jp/api/users/killy810 (attempt 1/3)
2026-09-05 02:48:13 | WARNING  | 404 on https://skeb.jp/api/users/m3x3_sk (attempt 2/3)
2026-09-05 02:48:14 | WARNING  | 404 on https://skeb.jp/api/users/Genkyou (attempt 2/3)
2026-09-05 02:48:15 | WARNING  | 404 on https://skeb.jp/api/users/meguru_nero (attempt 3/3)
2026-09-05 02:48:16 | WARNING  | 404 on https://skeb.jp/api/users/killy810 (attempt 2/3)
2026-09-05 02:48:17 | WARNING  | 404 on https://skeb.jp/api/users/soraumi2000_50_ (attempt 2/3)
2026-09-05 02:48:18 | WARNING  | 404 on https://skeb.jp/api/users/mimamorichan (attempt 3/3)
2026-09-05 02:48:19 | WARNING  | 404 on https://skeb.jp/api/users/m3x3_sk (attempt 3/3)
2026-09-05 02:48:20 | WARNING  | 404 on https://skeb.jp/api/users/se3ifinal (attempt 1/3)
2026-09-05 02:48:21 | WARNING  | 404 on https://skeb.jp/api/users/polar_kuma62 (attempt 1/3)
2026-09-05 02:48:22 | INFO     | OK https://skeb.jp/api/users/shio_midori
2026-09-05 02:48:22 | INFO     | Saving at a/skeb/shio_midori-b975d7.json
2026-09-05 02:48:23 | WARNING  | 404 on https://skeb.jp/api/users/77_t2w (attempt 1/3)
2026-09-05 02:48:24 | WARNING  | 404 on https://skeb.jp/api/users/kagoyama_sns (attempt 1/3)
2026-09-05 02:48:25 | WARNING  | 404 on https://skeb.jp/api/users/polar_kuma62 (attempt 2/3)
2026-09-05 02:48:26 | WARNING  | 404 on https://skeb.jp/api/users/soraumi2000_50_ (attempt 3/3)
2026-09-05 02:48:27 | WARNING  | 404 on https://skeb.jp/api/users/77_t2w (attempt 2/3)
2026-09-05 02:48:28 | WARNING  | 404 on https://skeb.jp/api/users/NOm0y0i (attempt 3/3)
2026-09-05 02:48:29 | WARNING  | 404 on https://skeb.jp/api/users/923kaku (attempt 2/3)
2026-09-05 02:48:30 | WARNING  | 404 on https://skeb.jp/api/users/toxizaki (attempt 1/3)
2026-09-05 02:48:31 | WARNING  | 404 on https://skeb.jp/api/users/killy810 (attempt 3/3)
2026-09-05 02:48:32 | WARNING  | 404 on https://skeb.jp/api/users/77_t2w (attempt 3/3)
2026-09-05 02:48:33 | WARNING  | 404 on https://skeb.jp/api/users/8oSSUHCnXXz4tBp (attempt 1/3)
2026-09-05 02:48:34 | WARNING  | 404 on https://skeb.jp/api/users/toxizaki (attempt 2/3)
2026-09-05 02:48:35 | WARNING  | 404 on https://skeb.jp/api/users/Genkyou (attempt 3/3)
2026-09-05 02:48:36 | WARNING  | 404 on https://skeb.jp/api/users/se3ifinal (attempt 2/3)
2026-09-05 02:48:37 | INFO     | OK https://skeb.jp/api/users/Tententen_333
2026-09-05 02:48:37 | INFO     | Saving at a/skeb/Tententen_333-cc66b9.json
2026-09-05 02:48:38 | WARNING  | 404 on https://skeb.jp/api/users/Henzu_23 (attempt 1/3)
2026-09-05 02:48:39 | WARNING  | 404 on https://skeb.jp/api/users/kagoyama_sns (attempt 2/3)
2026-09-05 02:48:40 | INFO     | OK https://skeb.jp/api/users/tansanpanda
2026-09-05 02:48:40 | INFO     | Saving at a/skeb/tansanpanda-e72e56.json
2026-09-05 02:48:41 | WARNING  | 404 on https://skeb.jp/api/users/polar_kuma62 (attempt 3/3)
2026-09-05 02:48:42 | WARNING  | 404 on https://skeb.jp/api/users/toxizaki (attempt 3/3)
2026-09-05 02:48:43 | INFO     | OK https://skeb.jp/api/users/TrapCircuit
2026-09-05 02:48:43 | INFO     | Saving at a/skeb/TrapCircuit-c16966.json
2026-09-05 02:48:44 | WARNING  | 404 on https://skeb.jp/api/users/8oSSUHCnXXz4tBp (attempt 2/3)
2026-09-05 02:48:45 | INFO     | OK https://skeb.jp/api/users/oekaki0715
2026-09-05 02:48:45 | INFO     | Saving at a/skeb/oekaki0715-20848b.json
2026-09-05 02:48:46 | WARNING  | 404 on https://skeb.jp/api/users/Geshi_to_ (attempt 1/3)
2026-09-05 02:48:47 | WARNING  | 404 on https://skeb.jp/api/users/Henzu_23 (attempt 2/3)
2026-09-05 02:48:48 | WARNING  | 404 on https://skeb.jp/api/users/kagoyama_sns (attempt 3/3)
2026-09-05 02:48:49 | WARNING  | 404 on https://skeb.jp/api/users/ronn_irai (attempt 1/3)
2026-09-05 02:48:50 | WARNING  | 404 on https://skeb.jp/api/users/8oSSUHCnXXz4tBp (attempt 3/3)
2026-09-05 02:48:51 | WARNING  | 404 on https://skeb.jp/api/users/Geshi_to_ (attempt 2/3)
2026-09-05 02:48:52 | WARNING  | 404 on https://skeb.jp/api/users/Iam_Ciikawa (attempt 1/3)
2026-09-05 02:48:53 | WARNING  | 404 on https://skeb.jp/api/users/ronn_irai (attempt 2/3)
2026-09-05 02:48:54 | WARNING  | 404 on https://skeb.jp/api/users/se3ifinal (attempt 3/3)
2026-09-05 02:48:55 | WARNING  | 404 on https://skeb.jp/api/users/Iam_Ciikawa (attempt 2/3)
2026-09-05 02:48:56 | WARNING  | 404 on https://skeb.jp/api/users/fm7hxj (attempt 1/3)
2026-09-05 02:48:57 | WARNING  | 404 on https://skeb.jp/api/users/923kaku (attempt 3/3)
2026-09-05 02:48:58 | WARNING  | 404 on https://skeb.jp/api/users/Llu_ulg (attempt 1/3)
2026-09-05 02:48:59 | WARNING  | 404 on https://skeb.jp/api/users/nyatta_san (attempt 1/3)
2026-09-05 02:49:00 | WARNING  | 404 on https://skeb.jp/api/users/fm7hxj (attempt 2/3)
2026-09-05 02:49:01 | WARNING  | 404 on https://skeb.jp/api/users/Henzu_23 (attempt 3/3)
2026-09-05 02:49:02 | WARNING  | 404 on https://skeb.jp/api/users/Llu_ulg (attempt 2/3)
2026-09-05 02:49:03 | INFO     | OK https://skeb.jp/api/users/TKPEM_347
2026-09-05 02:49:03 | INFO     | Saving at a/skeb/TKPEM_347-237e19.json
2026-09-05 02:49:04 | WARNING  | 404 on https://skeb.jp/api/users/nyatta_san (attempt 2/3)
2026-09-05 02:49:05 | INFO     | OK https://skeb.jp/api/users/41_kanzaki_
2026-09-05 02:49:05 | INFO     | Saving at a/skeb/41_kanzaki_-bc42d6.json
2026-09-05 02:49:06 | WARNING  | 404 on https://skeb.jp/api/users/yamin_himamo23 (attempt 2/3)
2026-09-05 02:49:07 | WARNING  | 404 on https://skeb.jp/api/users/Llu_ulg (attempt 3/3)
2026-09-05 02:49:08 | WARNING  | 404 on https://skeb.jp/api/users/Geshi_to_ (attempt 3/3)
2026-09-05 02:49:09 | INFO     | OK https://skeb.jp/api/users/so__916
2026-09-05 02:49:09 | INFO     | Saving at a/skeb/so__916-87b819.json
2026-09-05 02:49:10 | INFO     | OK https://skeb.jp/api/users/ai5222429
2026-09-05 02:49:10 | INFO     | Saving at a/skeb/ai5222429-c667a4.json
2026-09-05 02:49:11 | WARNING  | 404 on https://skeb.jp/api/users/nyatta_san (attempt 3/3)
2026-09-05 02:49:12 | WARNING  | 404 on https://skeb.jp/api/users/yamin_himamo23 (attempt 3/3)
2026-09-05 02:49:13 | INFO     | OK https://skeb.jp/api/users/rousan_01
2026-09-05 02:49:13 | INFO     | Saving at a/skeb/rousan_01-d70dee.json
2026-09-05 02:49:14 | WARNING  | 404 on https://skeb.jp/api/users/kasha0927 (attempt 1/3)
2026-09-05 02:49:15 | WARNING  | 404 on https://skeb.jp/api/users/ronn_irai (attempt 3/3)
2026-09-05 02:49:16 | INFO     | OK https://skeb.jp/api/users/cy4ne4
2026-09-05 02:49:16 | INFO     | Saving at a/skeb/cy4ne4-8f56ee.json
2026-09-05 02:49:17 | INFO     | OK https://skeb.jp/api/users/312tikuwa
2026-09-05 02:49:17 | INFO     | Saving at a/skeb/312tikuwa-d41d27.json
2026-09-05 02:49:18 | WARNING  | 404 on https://skeb.jp/api/users/scy2222 (attempt 1/3)
2026-09-05 02:49:19 | WARNING  | 404 on https://skeb.jp/api/users/kiNero30901 (attempt 1/3)
2026-09-05 02:49:20 | WARNING  | 404 on https://skeb.jp/api/users/fm7hxj (attempt 3/3)
2026-09-05 02:49:21 | WARNING  | 404 on https://skeb.jp/api/users/Iam_Ciikawa (attempt 3/3)
2026-09-05 02:49:22 | WARNING  | 404 on https://skeb.jp/api/users/kokorono_376 (attempt 1/3)
2026-09-05 02:49:23 | WARNING  | 404 on https://skeb.jp/api/users/kiNero30901 (attempt 2/3)
2026-09-05 02:49:24 | WARNING  | 404 on https://skeb.jp/api/users/pgpcvDCE9G (attempt 1/3)
2026-09-05 02:49:25 | WARNING  | 404 on https://skeb.jp/api/users/Axnya (attempt 1/3)
2026-09-05 02:49:26 | WARNING  | 404 on https://skeb.jp/api/users/kokorono_376 (attempt 2/3)
2026-09-05 02:49:27 | WARNING  | 404 on https://skeb.jp/api/users/pgpcvDCE9G (attempt 2/3)
2026-09-05 02:49:28 | WARNING  | 404 on https://skeb.jp/api/users/Axnya (attempt 2/3)
2026-09-05 02:49:29 | WARNING  | 404 on https://skeb.jp/api/users/kiNero30901 (attempt 3/3)
2026-09-05 02:49:30 | WARNING  | 404 on https://skeb.jp/api/users/kasha0927 (attempt 2/3)
2026-09-05 02:49:31 | INFO     | OK https://skeb.jp/api/users/guruonp
2026-09-05 02:49:31 | INFO     | Saving at a/skeb/guruonp-0ac183.json
2026-09-05 02:49:32 | WARNING  | 404 on https://skeb.jp/api/users/kokorono_376 (attempt 3/3)
2026-09-05 02:49:33 | WARNING  | 404 on https://skeb.jp/api/users/pgpcvDCE9G (attempt 3/3)
2026-09-05 02:49:34 | WARNING  | 404 on https://skeb.jp/api/users/Axnya (attempt 3/3)
2026-09-05 02:49:35 | WARNING  | 404 on https://skeb.jp/api/users/kasha0927 (attempt 3/3)
2026-09-05 02:49:36 | WARNING  | 404 on https://skeb.jp/api/users/scy2222 (attempt 2/3)
2026-09-05 02:49:37 | INFO     | OK https://skeb.jp/api/users/miraiarea
2026-09-05 02:49:37 | INFO     | Saving at a/skeb/miraiarea-e5c0b2.json
2026-09-05 02:49:38 | WARNING  | 404 on https://skeb.jp/api/users/3hankikan0220 (attempt 1/3)
2026-09-05 02:49:40 | WARNING  | 404 on https://skeb.jp/api/users/3hankikan0220 (attempt 2/3)
2026-09-05 02:49:41 | WARNING  | 404 on https://skeb.jp/api/users/scy2222 (attempt 3/3)
2026-09-05 02:49:44 | WARNING  | 404 on https://skeb.jp/api/users/3hankikan0220 (attempt 3/3)
2026-09-05 02:49:44 | INFO     |  --- SUMMARY REPORT --- 
  Sources Retreived    : 69
  Profiles Fetched     : 23
  Profile Missing      : 46
  Profile Rate Limited : 0
  Profile Error Others : 0

2026-09-05 02:49:44 | INFO     | Started creating static api data.
2026-09-05 02:51:21 | INFO     | Album index written to a/albums/index.json (487 albums)
