2026-07-01 10:36:14 | INFO     | Initialized Data Store.
2026-07-01 10:36:14 | INFO     | Homepage GET status=429 (attempt 1/3)
2026-07-01 10:36:14 | INFO     | Cookie extracted [request_key=...].
2026-07-01 10:36:14 | INFO     | SkebClient ready (impersonate=chrome120, rate=1.0/s, concurrency=10, max_runtime=4800s)
2026-07-01 10:37:11 | INFO     | Ready to scrape 276 items
2026-07-01 10:37:11 | WARNING  | 404 on https://skeb.jp/api/users/p_pfp5 (attempt 1/3)
2026-07-01 10:37:13 | INFO     | OK https://skeb.jp/api/users/darkkimera0923
2026-07-01 10:37:13 | INFO     | Saving at a/skeb/darkkimera0923-4189c2.json
2026-07-01 10:37:13 | INFO     | OK https://skeb.jp/api/users/RNA_OOPARTS
2026-07-01 10:37:13 | INFO     | Saving at a/skeb/RNA_OOPARTS-adeba2.json
2026-07-01 10:37:14 | WARNING  | 404 on https://skeb.jp/api/users/p_pfp5 (attempt 2/3)
2026-07-01 10:37:15 | INFO     | OK https://skeb.jp/api/users/s1120411
2026-07-01 10:37:15 | INFO     | Saving at a/skeb/s1120411-b99290.json
2026-07-01 10:37:16 | INFO     | OK https://skeb.jp/api/users/rift_illust0930
2026-07-01 10:37:16 | INFO     | Saving at a/skeb/rift_illust0930-229180.json
2026-07-01 10:37:17 | INFO     | OK https://skeb.jp/api/users/akkatyo
2026-07-01 10:37:17 | INFO     | Saving at a/skeb/akkatyo-4cf903.json
2026-07-01 10:37:18 | INFO     | OK https://skeb.jp/api/users/_kenmohororo_
2026-07-01 10:37:18 | INFO     | Saving at a/skeb/_kenmohororo_-5cae8d.json
2026-07-01 10:37:19 | INFO     | OK https://skeb.jp/api/users/mangazuki97
2026-07-01 10:37:19 | INFO     | Saving at a/skeb/mangazuki97-48d200.json
2026-07-01 10:37:20 | INFO     | OK https://skeb.jp/api/users/no100
2026-07-01 10:37:20 | INFO     | Saving at a/skeb/no100-0c8595.json
2026-07-01 10:37:21 | INFO     | OK https://skeb.jp/api/users/Suama_70
2026-07-01 10:37:21 | INFO     | Saving at a/skeb/Suama_70-d657e3.json
2026-07-01 10:37:22 | INFO     | OK https://skeb.jp/api/users/ma_tyau3
2026-07-01 10:37:22 | INFO     | Saving at a/skeb/ma_tyau3-2f6d81.json
2026-07-01 10:37:23 | WARNING  | 404 on https://skeb.jp/api/users/p_pfp5 (attempt 3/3)
2026-07-01 10:37:24 | INFO     | OK https://skeb.jp/api/users/ksdb2
2026-07-01 10:37:24 | INFO     | Saving at a/skeb/ksdb2-474cb0.json
2026-07-01 10:37:25 | INFO     | OK https://skeb.jp/api/users/qooma166
2026-07-01 10:37:25 | INFO     | Saving at a/skeb/qooma166-d8cf5a.json
2026-07-01 10:37:26 | INFO     | OK https://skeb.jp/api/users/futa_____8
2026-07-01 10:37:26 | INFO     | Saving at a/skeb/futa_____8-d8dc9e.json
2026-07-01 10:37:27 | INFO     | OK https://skeb.jp/api/users/kuzila_1
2026-07-01 10:37:27 | INFO     | Saving at a/skeb/kuzila_1-7dd38f.json
2026-07-01 10:37:28 | WARNING  | 404 on https://skeb.jp/api/users/Uo_oU_us (attempt 1/3)
2026-07-01 10:37:29 | INFO     | OK https://skeb.jp/api/users/spikle_cx
2026-07-01 10:37:29 | INFO     | Saving at a/skeb/spikle_cx-69af28.json
2026-07-01 10:37:30 | INFO     | OK https://skeb.jp/api/users/tarutaruso_su12
2026-07-01 10:37:30 | INFO     | Saving at a/skeb/tarutaruso_su12-e1c1a1.json
2026-07-01 10:37:31 | INFO     | OK https://skeb.jp/api/users/chiirowa1
2026-07-01 10:37:31 | INFO     | Saving at a/skeb/chiirowa1-ae3870.json
2026-07-01 10:37:32 | INFO     | OK https://skeb.jp/api/users/Siriusagimugi
2026-07-01 10:37:32 | INFO     | Saving at a/skeb/Siriusagimugi-bd67a5.json
2026-07-01 10:37:33 | WARNING  | 404 on https://skeb.jp/api/users/yamin_himamo23 (attempt 1/3)
2026-07-01 10:37:34 | WARNING  | 404 on https://skeb.jp/api/users/kokorono_376 (attempt 1/3)
2026-07-01 10:37:35 | WARNING  | 404 on https://skeb.jp/api/users/Uo_oU_us (attempt 2/3)
2026-07-01 10:37:36 | INFO     | OK https://skeb.jp/api/users/dokkano_not_ny
2026-07-01 10:37:36 | INFO     | Saving at a/skeb/dokkano_not_ny-1e1e24.json
2026-07-01 10:37:37 | INFO     | OK https://skeb.jp/api/users/iigakari_VR
2026-07-01 10:37:37 | INFO     | Saving at a/skeb/iigakari_VR-159078.json
2026-07-01 10:37:38 | INFO     | OK https://skeb.jp/api/users/axe_000
2026-07-01 10:37:38 | INFO     | Saving at a/skeb/axe_000-c33773.json
2026-07-01 10:37:39 | INFO     | OK https://skeb.jp/api/users/narise_sb69
2026-07-01 10:37:39 | INFO     | Saving at a/skeb/narise_sb69-c1641f.json
2026-07-01 10:37:40 | INFO     | OK https://skeb.jp/api/users/yuyu_picturee
2026-07-01 10:37:40 | INFO     | Saving at a/skeb/yuyu_picturee-0654b1.json
2026-07-01 10:37:41 | INFO     | OK https://skeb.jp/api/users/yuhi_168
2026-07-01 10:37:41 | INFO     | Saving at a/skeb/yuhi_168-f89b27.json
2026-07-01 10:37:42 | WARNING  | 404 on https://skeb.jp/api/users/yamin_himamo23 (attempt 2/3)
2026-07-01 10:37:43 | INFO     | OK https://skeb.jp/api/users/kamosika123
2026-07-01 10:37:43 | INFO     | Saving at a/skeb/kamosika123-3f707f.json
2026-07-01 10:37:45 | WARNING  | 404 on https://skeb.jp/api/users/Uo_oU_us (attempt 3/3)
2026-07-01 10:37:45 | INFO     | OK https://skeb.jp/api/users/OIL_kasin
2026-07-01 10:37:45 | INFO     | Saving at a/skeb/OIL_kasin-c56ce9.json
2026-07-01 10:37:46 | INFO     | OK https://skeb.jp/api/users/otoufu_gohan
2026-07-01 10:37:46 | INFO     | Saving at a/skeb/otoufu_gohan-0cd19e.json
2026-07-01 10:37:47 | WARNING  | 404 on https://skeb.jp/api/users/yamin_himamo23 (attempt 3/3)
2026-07-01 10:37:48 | INFO     | OK https://skeb.jp/api/users/Toko_asakura
2026-07-01 10:37:48 | INFO     | Saving at a/skeb/Toko_asakura-57bbbe.json
2026-07-01 10:37:49 | WARNING  | 404 on https://skeb.jp/api/users/kokorono_376 (attempt 2/3)
2026-07-01 10:37:50 | INFO     | OK https://skeb.jp/api/users/tam_0315
2026-07-01 10:37:50 | INFO     | Saving at a/skeb/tam_0315-19d455.json
2026-07-01 10:37:51 | WARNING  | 404 on https://skeb.jp/api/users/T4k73gqSZ26h5si (attempt 1/3)
2026-07-01 10:37:52 | INFO     | OK https://skeb.jp/api/users/eisondesu
2026-07-01 10:37:52 | INFO     | Saving at a/skeb/eisondesu-17c7ca.json
2026-07-01 10:37:53 | INFO     | OK https://skeb.jp/api/users/itagaki_hero
2026-07-01 10:37:53 | INFO     | Saving at a/skeb/itagaki_hero-f2c9f7.json
2026-07-01 10:37:54 | INFO     | OK https://skeb.jp/api/users/_aY4nE
2026-07-01 10:37:54 | INFO     | Saving at a/skeb/_aY4nE-212b14.json
2026-07-01 10:37:55 | WARNING  | 404 on https://skeb.jp/api/users/Iam_Ciikawa (attempt 1/3)
2026-07-01 10:37:56 | INFO     | OK https://skeb.jp/api/users/Babu_Matu05
2026-07-01 10:37:56 | INFO     | Saving at a/skeb/Babu_Matu05-f4fc92.json
2026-07-01 10:37:57 | INFO     | OK https://skeb.jp/api/users/gyorozoo
2026-07-01 10:37:57 | INFO     | Saving at a/skeb/gyorozoo-a2b1c6.json
2026-07-01 10:37:58 | INFO     | OK https://skeb.jp/api/users/_Thunder_Bolt
2026-07-01 10:37:58 | INFO     | Saving at a/skeb/_Thunder_Bolt-fa9d8e.json
2026-07-01 10:38:00 | WARNING  | 404 on https://skeb.jp/api/users/T4k73gqSZ26h5si (attempt 2/3)
2026-07-01 10:38:00 | WARNING  | 404 on https://skeb.jp/api/users/kokorono_376 (attempt 3/3)
2026-07-01 10:38:01 | INFO     | OK https://skeb.jp/api/users/mizore2111
2026-07-01 10:38:01 | INFO     | Saving at a/skeb/mizore2111-1d0cf6.json
2026-07-01 10:38:02 | INFO     | OK https://skeb.jp/api/users/Tanuntoz
2026-07-01 10:38:02 | INFO     | Saving at a/skeb/Tanuntoz-b35a82.json
2026-07-01 10:38:04 | INFO     | OK https://skeb.jp/api/users/M_tojiko
2026-07-01 10:38:04 | INFO     | Saving at a/skeb/M_tojiko-4f5d9e.json
2026-07-01 10:38:04 | INFO     | OK https://skeb.jp/api/users/UreiUni
2026-07-01 10:38:04 | INFO     | Saving at a/skeb/UreiUni-89d32b.json
2026-07-01 10:38:05 | INFO     | OK https://skeb.jp/api/users/Ch1s_a
2026-07-01 10:38:05 | INFO     | Saving at a/skeb/Ch1s_a-f02747.json
2026-07-01 10:38:06 | WARNING  | 404 on https://skeb.jp/api/users/Iam_Ciikawa (attempt 2/3)
2026-07-01 10:38:07 | INFO     | OK https://skeb.jp/api/users/shakabox
2026-07-01 10:38:07 | INFO     | Saving at a/skeb/shakabox-dd6c8f.json
2026-07-01 10:38:08 | WARNING  | 404 on https://skeb.jp/api/users/toxizaki (attempt 1/3)
2026-07-01 10:38:09 | INFO     | OK https://skeb.jp/api/users/fcMZQux1MxM7s1B
2026-07-01 10:38:09 | INFO     | Saving at a/skeb/fcMZQux1MxM7s1B-95baa0.json
2026-07-01 10:38:10 | INFO     | OK https://skeb.jp/api/users/rin_Ux0xU
2026-07-01 10:38:10 | INFO     | Saving at a/skeb/rin_Ux0xU-fdff5a.json
2026-07-01 10:38:11 | INFO     | OK https://skeb.jp/api/users/glUZCVSM9hKxsW1
2026-07-01 10:38:11 | INFO     | Saving at a/skeb/glUZCVSM9hKxsW1-a0d1f0.json
2026-07-01 10:38:12 | WARNING  | 404 on https://skeb.jp/api/users/toxizaki (attempt 2/3)
2026-07-01 10:38:13 | INFO     | OK https://skeb.jp/api/users/oyasai_nasu_V
2026-07-01 10:38:13 | INFO     | Saving at a/skeb/oyasai_nasu_V-521356.json
2026-07-01 10:38:14 | WARNING  | 404 on https://skeb.jp/api/users/Iam_Ciikawa (attempt 3/3)
2026-07-01 10:38:15 | WARNING  | 404 on https://skeb.jp/api/users/T4k73gqSZ26h5si (attempt 3/3)
2026-07-01 10:38:16 | INFO     | OK https://skeb.jp/api/users/fujirin_twi
2026-07-01 10:38:16 | INFO     | Saving at a/skeb/fujirin_twi-a39eaf.json
2026-07-01 10:38:17 | WARNING  | 404 on https://skeb.jp/api/users/aki_ra3_ (attempt 1/3)
2026-07-01 10:38:18 | INFO     | OK https://skeb.jp/api/users/38_7_810
2026-07-01 10:38:18 | INFO     | Saving at a/skeb/38_7_810-3beda4.json
2026-07-01 10:38:20 | WARNING  | 404 on https://skeb.jp/api/users/toxizaki (attempt 3/3)
2026-07-01 10:38:20 | INFO     | OK https://skeb.jp/api/users/oberon0614
2026-07-01 10:38:20 | INFO     | Saving at a/skeb/oberon0614-9e082c.json
2026-07-01 10:38:21 | INFO     | OK https://skeb.jp/api/users/Suya13_3
2026-07-01 10:38:21 | INFO     | Saving at a/skeb/Suya13_3-5a75bc.json
2026-07-01 10:38:22 | INFO     | OK https://skeb.jp/api/users/raw_meat29
2026-07-01 10:38:22 | INFO     | Saving at a/skeb/raw_meat29-20deac.json
2026-07-01 10:38:23 | WARNING  | 404 on https://skeb.jp/api/users/vHoo__ (attempt 1/3)
2026-07-01 10:38:24 | INFO     | OK https://skeb.jp/api/users/JACK32423039
2026-07-01 10:38:24 | INFO     | Saving at a/skeb/JACK32423039-7ac702.json
2026-07-01 10:38:25 | WARNING  | 404 on https://skeb.jp/api/users/aki_ra3_ (attempt 2/3)
2026-07-01 10:38:26 | WARNING  | 404 on https://skeb.jp/api/users/vHoo__ (attempt 2/3)
2026-07-01 10:38:27 | INFO     | OK https://skeb.jp/api/users/pakaloveda
2026-07-01 10:38:27 | INFO     | Saving at a/skeb/pakaloveda-d480c6.json
2026-07-01 10:38:28 | INFO     | OK https://skeb.jp/api/users/bs_nosada
2026-07-01 10:38:28 | INFO     | Saving at a/skeb/bs_nosada-7ee511.json
2026-07-01 10:38:29 | INFO     | OK https://skeb.jp/api/users/raba_____niel
2026-07-01 10:38:29 | INFO     | Saving at a/skeb/raba_____niel-1afa40.json
2026-07-01 10:38:30 | WARNING  | 404 on https://skeb.jp/api/users/aki_ra3_ (attempt 3/3)
2026-07-01 10:38:31 | INFO     | OK https://skeb.jp/api/users/yamamoto_takeo
2026-07-01 10:38:31 | INFO     | Saving at a/skeb/yamamoto_takeo-11cb4f.json
2026-07-01 10:38:32 | INFO     | OK https://skeb.jp/api/users/96_MARUMU
2026-07-01 10:38:32 | INFO     | Saving at a/skeb/96_MARUMU-d8331a.json
2026-07-01 10:38:34 | INFO     | OK https://skeb.jp/api/users/cascas0829
2026-07-01 10:38:34 | INFO     | Saving at a/skeb/cascas0829-02d55a.json
2026-07-01 10:38:34 | INFO     | OK https://skeb.jp/api/users/_mmi_i
2026-07-01 10:38:34 | INFO     | Saving at a/skeb/_mmi_i-73a926.json
2026-07-01 10:38:35 | WARNING  | 404 on https://skeb.jp/api/users/nyatta_san (attempt 1/3)
2026-07-01 10:38:36 | INFO     | OK https://skeb.jp/api/users/AovoA_ena_
2026-07-01 10:38:36 | INFO     | Saving at a/skeb/AovoA_ena_-f2b122.json
2026-07-01 10:38:37 | INFO     | OK https://skeb.jp/api/users/namekotake
2026-07-01 10:38:37 | INFO     | Saving at a/skeb/namekotake-85203d.json
2026-07-01 10:38:39 | INFO     | OK https://skeb.jp/api/users/umedama
2026-07-01 10:38:39 | INFO     | Saving at a/skeb/umedama-5bbac4.json
2026-07-01 10:38:39 | WARNING  | 404 on https://skeb.jp/api/users/nyatta_san (attempt 2/3)
2026-07-01 10:38:40 | INFO     | OK https://skeb.jp/api/users/rikunosuama
2026-07-01 10:38:40 | INFO     | Saving at a/skeb/rikunosuama-afb68e.json
2026-07-01 10:38:42 | INFO     | OK https://skeb.jp/api/users/nrnr_nmnm
2026-07-01 10:38:42 | INFO     | Saving at a/skeb/nrnr_nmnm-bcc9c2.json
2026-07-01 10:38:42 | INFO     | OK https://skeb.jp/api/users/toki15369
2026-07-01 10:38:42 | INFO     | Saving at a/skeb/toki15369-0a2fae.json
2026-07-01 10:38:43 | WARNING  | 404 on https://skeb.jp/api/users/kasha0927 (attempt 1/3)
2026-07-01 10:38:44 | INFO     | OK https://skeb.jp/api/users/frogstarlizz
2026-07-01 10:38:44 | INFO     | Saving at a/skeb/frogstarlizz-7046f6.json
2026-07-01 10:38:46 | WARNING  | 404 on https://skeb.jp/api/users/nyatta_san (attempt 3/3)
2026-07-01 10:38:46 | WARNING  | 404 on https://skeb.jp/api/users/mimamorichan (attempt 1/3)
2026-07-01 10:38:47 | INFO     | OK https://skeb.jp/api/users/PKiDat9mt3kdRfN
2026-07-01 10:38:47 | INFO     | Saving at a/skeb/PKiDat9mt3kdRfN-a99af2.json
2026-07-01 10:38:48 | INFO     | OK https://skeb.jp/api/users/qbdp_zaes
2026-07-01 10:38:48 | INFO     | Saving at a/skeb/qbdp_zaes-2f2774.json
2026-07-01 10:38:49 | WARNING  | 404 on https://skeb.jp/api/users/mimamorichan (attempt 2/3)
2026-07-01 10:38:50 | WARNING  | 404 on https://skeb.jp/api/users/77_t2w (attempt 1/3)
2026-07-01 10:38:52 | WARNING  | 404 on https://skeb.jp/api/users/vHoo__ (attempt 3/3)
2026-07-01 10:38:53 | INFO     | OK https://skeb.jp/api/users/kazamidoririnn
2026-07-01 10:38:53 | INFO     | Saving at a/skeb/kazamidoririnn-ddf25b.json
2026-07-01 10:38:53 | INFO     | OK https://skeb.jp/api/users/duduito1010jp
2026-07-01 10:38:53 | INFO     | Saving at a/skeb/duduito1010jp-71e050.json
2026-07-01 10:38:54 | INFO     | OK https://skeb.jp/api/users/vi7n4
2026-07-01 10:38:54 | INFO     | Saving at a/skeb/vi7n4-e8c93e.json
2026-07-01 10:38:55 | INFO     | OK https://skeb.jp/api/users/Fumitica
2026-07-01 10:38:55 | INFO     | Saving at a/skeb/Fumitica-ce3408.json
2026-07-01 10:38:56 | INFO     | OK https://skeb.jp/api/users/Paku72705453
2026-07-01 10:38:56 | INFO     | Saving at a/skeb/Paku72705453-cc01bd.json
2026-07-01 10:38:57 | INFO     | OK https://skeb.jp/api/users/hinanjomercury
2026-07-01 10:38:57 | INFO     | Saving at a/skeb/hinanjomercury-c4c63f.json
2026-07-01 10:38:58 | INFO     | OK https://skeb.jp/api/users/sukoshi_sushi
2026-07-01 10:38:58 | INFO     | Saving at a/skeb/sukoshi_sushi-5ca173.json
2026-07-01 10:38:59 | INFO     | OK https://skeb.jp/api/users/m0chigo3
2026-07-01 10:38:59 | INFO     | Saving at a/skeb/m0chigo3-0a1763.json
2026-07-01 10:39:00 | WARNING  | 404 on https://skeb.jp/api/users/3hankikan0220 (attempt 1/3)
2026-07-01 10:39:01 | INFO     | OK https://skeb.jp/api/users/piyopiyotori0
2026-07-01 10:39:01 | INFO     | Saving at a/skeb/piyopiyotori0-d3f18f.json
2026-07-01 10:39:02 | INFO     | OK https://skeb.jp/api/users/Rarumi9
2026-07-01 10:39:02 | INFO     | Saving at a/skeb/Rarumi9-97f69f.json
2026-07-01 10:39:03 | INFO     | OK https://skeb.jp/api/users/aken_001
2026-07-01 10:39:03 | INFO     | Saving at a/skeb/aken_001-ec4fd8.json
2026-07-01 10:39:04 | INFO     | OK https://skeb.jp/api/users/PurinnAster
2026-07-01 10:39:04 | INFO     | Saving at a/skeb/PurinnAster-3be37b.json
2026-07-01 10:39:06 | WARNING  | 404 on https://skeb.jp/api/users/77_t2w (attempt 2/3)
2026-07-01 10:39:07 | WARNING  | 404 on https://skeb.jp/api/users/kasha0927 (attempt 2/3)
2026-07-01 10:39:08 | INFO     | OK https://skeb.jp/api/users/toma_sousaku_
2026-07-01 10:39:08 | INFO     | Saving at a/skeb/toma_sousaku_-e89584.json
2026-07-01 10:39:09 | WARNING  | 404 on https://skeb.jp/api/users/3hankikan0220 (attempt 2/3)
2026-07-01 10:39:09 | INFO     | OK https://skeb.jp/api/users/MINTUCIMPO
2026-07-01 10:39:09 | INFO     | Saving at a/skeb/MINTUCIMPO-122469.json
2026-07-01 10:39:10 | INFO     | OK https://skeb.jp/api/users/mameko3o
2026-07-01 10:39:10 | INFO     | Saving at a/skeb/mameko3o-c18cb4.json
2026-07-01 10:39:11 | INFO     | OK https://skeb.jp/api/users/menrui_fgo2
2026-07-01 10:39:11 | INFO     | Saving at a/skeb/menrui_fgo2-457198.json
2026-07-01 10:39:13 | WARNING  | 404 on https://skeb.jp/api/users/77_t2w (attempt 3/3)
2026-07-01 10:39:13 | INFO     | OK https://skeb.jp/api/users/brokenhddexe
2026-07-01 10:39:13 | INFO     | Saving at a/skeb/brokenhddexe-b35ba4.json
2026-07-01 10:39:15 | WARNING  | 404 on https://skeb.jp/api/users/3hankikan0220 (attempt 3/3)
2026-07-01 10:39:15 | INFO     | OK https://skeb.jp/api/users/Ishibitus
2026-07-01 10:39:15 | INFO     | Saving at a/skeb/Ishibitus-b1132d.json
2026-07-01 10:39:16 | INFO     | OK https://skeb.jp/api/users/geranium0408
2026-07-01 10:39:16 | INFO     | Saving at a/skeb/geranium0408-120789.json
2026-07-01 10:39:17 | INFO     | OK https://skeb.jp/api/users/undernekomatu
2026-07-01 10:39:17 | INFO     | Saving at a/skeb/undernekomatu-432e4e.json
2026-07-01 10:39:18 | INFO     | OK https://skeb.jp/api/users/aoi_natsusola
2026-07-01 10:39:18 | INFO     | Saving at a/skeb/aoi_natsusola-1027c3.json
2026-07-01 10:39:19 | WARNING  | 404 on https://skeb.jp/api/users/se3ifinal (attempt 1/3)
2026-07-01 10:39:20 | INFO     | OK https://skeb.jp/api/users/saba_practice
2026-07-01 10:39:20 | INFO     | Saving at a/skeb/saba_practice-b3087b.json
2026-07-01 10:39:21 | WARNING  | 404 on https://skeb.jp/api/users/lkjeudnduy44 (attempt 1/3)
2026-07-01 10:39:22 | INFO     | OK https://skeb.jp/api/users/DENTOfails_ch
2026-07-01 10:39:22 | INFO     | Saving at a/skeb/DENTOfails_ch-439f0f.json
2026-07-01 10:39:23 | INFO     | OK https://skeb.jp/api/users/ByMypass
2026-07-01 10:39:23 | INFO     | Saving at a/skeb/ByMypass-e47934.json
2026-07-01 10:39:24 | INFO     | OK https://skeb.jp/api/users/denchi36
2026-07-01 10:39:24 | INFO     | Saving at a/skeb/denchi36-d1da9e.json
2026-07-01 10:39:25 | WARNING  | 404 on https://skeb.jp/api/users/lkjeudnduy44 (attempt 2/3)
2026-07-01 10:39:27 | WARNING  | 404 on https://skeb.jp/api/users/mimamorichan (attempt 3/3)
2026-07-01 10:39:27 | INFO     | OK https://skeb.jp/api/users/Sorautagawa
2026-07-01 10:39:27 | INFO     | Saving at a/skeb/Sorautagawa-447594.json
2026-07-01 10:39:28 | INFO     | OK https://skeb.jp/api/users/Kitano_seiso
2026-07-01 10:39:28 | INFO     | Saving at a/skeb/Kitano_seiso-88d69a.json
2026-07-01 10:39:30 | WARNING  | 404 on https://skeb.jp/api/users/kasha0927 (attempt 3/3)
2026-07-01 10:39:30 | INFO     | OK https://skeb.jp/api/users/Ayatori
2026-07-01 10:39:30 | INFO     | Saving at a/skeb/Ayatori-c72e91.json
2026-07-01 10:39:31 | INFO     | OK https://skeb.jp/api/users/haggis491
2026-07-01 10:39:31 | INFO     | Saving at a/skeb/haggis491-31d18c.json
2026-07-01 10:39:32 | INFO     | OK https://skeb.jp/api/users/minminn4_vrc
2026-07-01 10:39:32 | INFO     | Saving at a/skeb/minminn4_vrc-e22497.json
2026-07-01 10:39:34 | WARNING  | 404 on https://skeb.jp/api/users/lkjeudnduy44 (attempt 3/3)
2026-07-01 10:39:34 | INFO     | OK https://skeb.jp/api/users/shionome_rain
2026-07-01 10:39:34 | INFO     | Saving at a/skeb/shionome_rain-5a4694.json
2026-07-01 10:39:35 | INFO     | OK https://skeb.jp/api/users/Sizuwaakira
2026-07-01 10:39:35 | INFO     | Saving at a/skeb/Sizuwaakira-ed0e42.json
2026-07-01 10:39:37 | WARNING  | 404 on https://skeb.jp/api/users/se3ifinal (attempt 2/3)
2026-07-01 10:39:37 | INFO     | OK https://skeb.jp/api/users/kmhrillust
2026-07-01 10:39:37 | INFO     | Saving at a/skeb/kmhrillust-66c026.json
2026-07-01 10:39:38 | INFO     | OK https://skeb.jp/api/users/C6H12O6_310
2026-07-01 10:39:38 | INFO     | Saving at a/skeb/C6H12O6_310-961d62.json
2026-07-01 10:39:39 | WARNING  | 404 on https://skeb.jp/api/users/_meruruto_ (attempt 1/3)
2026-07-01 10:39:40 | INFO     | OK https://skeb.jp/api/users/m0m0_0414
2026-07-01 10:39:40 | INFO     | Saving at a/skeb/m0m0_0414-18200f.json
2026-07-01 10:39:41 | INFO     | OK https://skeb.jp/api/users/mochipopo
2026-07-01 10:39:41 | INFO     | Saving at a/skeb/mochipopo-18f623.json
2026-07-01 10:39:42 | WARNING  | 404 on https://skeb.jp/api/users/29Kota2 (attempt 1/3)
2026-07-01 10:39:44 | WARNING  | 404 on https://skeb.jp/api/users/se3ifinal (attempt 3/3)
2026-07-01 10:39:44 | INFO     | OK https://skeb.jp/api/users/matoriono
2026-07-01 10:39:44 | INFO     | Saving at a/skeb/matoriono-1e7f02.json
2026-07-01 10:39:46 | INFO     | OK https://skeb.jp/api/users/Ame0A0
2026-07-01 10:39:46 | INFO     | Saving at a/skeb/Ame0A0-fa7be8.json
2026-07-01 10:39:46 | WARNING  | 404 on https://skeb.jp/api/users/polar_kuma62 (attempt 1/3)
2026-07-01 10:39:47 | INFO     | OK https://skeb.jp/api/users/kukikomorin
2026-07-01 10:39:47 | INFO     | Saving at a/skeb/kukikomorin-67b5a8.json
2026-07-01 10:39:48 | INFO     | OK https://skeb.jp/api/users/takkwo_art
2026-07-01 10:39:48 | INFO     | Saving at a/skeb/takkwo_art-b00d14.json
2026-07-01 10:39:50 | INFO     | OK https://skeb.jp/api/users/__xx_Lot
2026-07-01 10:39:50 | INFO     | Saving at a/skeb/__xx_Lot-8a0ae3.json
2026-07-01 10:39:50 | WARNING  | 404 on https://skeb.jp/api/users/polar_kuma62 (attempt 2/3)
2026-07-01 10:39:51 | INFO     | OK https://skeb.jp/api/users/mimimaii_
2026-07-01 10:39:51 | INFO     | Saving at a/skeb/mimimaii_-4f599d.json
2026-07-01 10:39:52 | INFO     | OK https://skeb.jp/api/users/INKEYES16
2026-07-01 10:39:52 | INFO     | Saving at a/skeb/INKEYES16-d7528f.json
2026-07-01 10:39:53 | INFO     | OK https://skeb.jp/api/users/knb_rkgk
2026-07-01 10:39:53 | INFO     | Saving at a/skeb/knb_rkgk-276524.json
2026-07-01 10:39:55 | WARNING  | 404 on https://skeb.jp/api/users/29Kota2 (attempt 2/3)
2026-07-01 10:39:56 | WARNING  | 404 on https://skeb.jp/api/users/_meruruto_ (attempt 2/3)
2026-07-01 10:39:57 | WARNING  | 404 on https://skeb.jp/api/users/polar_kuma62 (attempt 3/3)
2026-07-01 10:39:57 | INFO     | OK https://skeb.jp/api/users/M_ikaduki_
2026-07-01 10:39:57 | INFO     | Saving at a/skeb/M_ikaduki_-dd0177.json
2026-07-01 10:39:58 | INFO     | OK https://skeb.jp/api/users/Oonakimegane
2026-07-01 10:39:58 | INFO     | Saving at a/skeb/Oonakimegane-501a2d.json
2026-07-01 10:39:59 | INFO     | OK https://skeb.jp/api/users/TamaoHinata
2026-07-01 10:39:59 | INFO     | Saving at a/skeb/TamaoHinata-377126.json
2026-07-01 10:40:01 | WARNING  | 404 on https://skeb.jp/api/users/29Kota2 (attempt 3/3)
2026-07-01 10:40:01 | INFO     | OK https://skeb.jp/api/users/pucchin_puchico
2026-07-01 10:40:01 | INFO     | Saving at a/skeb/pucchin_puchico-bf97b0.json
2026-07-01 10:40:03 | INFO     | OK https://skeb.jp/api/users/sein0tasu
2026-07-01 10:40:03 | INFO     | Saving at a/skeb/sein0tasu-114b88.json
2026-07-01 10:40:04 | INFO     | OK https://skeb.jp/api/users/shirota0206ame
2026-07-01 10:40:04 | INFO     | Saving at a/skeb/shirota0206ame-35bbec.json
2026-07-01 10:40:04 | WARNING  | 404 on https://skeb.jp/api/users/pgpcvDCE9G (attempt 1/3)
2026-07-01 10:40:05 | WARNING  | 404 on https://skeb.jp/api/users/Llu_ulg (attempt 1/3)
2026-07-01 10:40:07 | WARNING  | 404 on https://skeb.jp/api/users/_meruruto_ (attempt 3/3)
2026-07-01 10:40:07 | INFO     | OK https://skeb.jp/api/users/1JbXicDB3o
2026-07-01 10:40:07 | INFO     | Saving at a/skeb/1JbXicDB3o-4f1bb4.json
2026-07-01 10:40:08 | INFO     | OK https://skeb.jp/api/users/Tsugumin_8
2026-07-01 10:40:08 | INFO     | Saving at a/skeb/Tsugumin_8-598d82.json
2026-07-01 10:40:09 | INFO     | OK https://skeb.jp/api/users/A6FVQheLlbonXMv
2026-07-01 10:40:09 | INFO     | Saving at a/skeb/A6FVQheLlbonXMv-1d578b.json
2026-07-01 10:40:10 | WARNING  | 404 on https://skeb.jp/api/users/8oSSUHCnXXz4tBp (attempt 1/3)
2026-07-01 10:40:11 | INFO     | OK https://skeb.jp/api/users/usa3_vrc
2026-07-01 10:40:11 | INFO     | Saving at a/skeb/usa3_vrc-3be60e.json
2026-07-01 10:40:12 | INFO     | OK https://skeb.jp/api/users/taidai14
2026-07-01 10:40:12 | INFO     | Saving at a/skeb/taidai14-063f8d.json
2026-07-01 10:40:14 | INFO     | OK https://skeb.jp/api/users/kouzakirui
2026-07-01 10:40:14 | INFO     | Saving at a/skeb/kouzakirui-27b61b.json
2026-07-01 10:40:15 | WARNING  | 404 on https://skeb.jp/api/users/pgpcvDCE9G (attempt 2/3)
2026-07-01 10:40:15 | INFO     | OK https://skeb.jp/api/users/hdst_k
2026-07-01 10:40:15 | INFO     | Saving at a/skeb/hdst_k-610249.json
2026-07-01 10:40:16 | INFO     | OK https://skeb.jp/api/users/metabosukiy
2026-07-01 10:40:16 | INFO     | Saving at a/skeb/metabosukiy-14a0be.json
2026-07-01 10:40:17 | INFO     | OK https://skeb.jp/api/users/Tea_chaina
2026-07-01 10:40:17 | INFO     | Saving at a/skeb/Tea_chaina-61668b.json
2026-07-01 10:40:19 | WARNING  | 404 on https://skeb.jp/api/users/Llu_ulg (attempt 2/3)
2026-07-01 10:40:19 | INFO     | OK https://skeb.jp/api/users/sk_sushi6
2026-07-01 10:40:19 | INFO     | Saving at a/skeb/sk_sushi6-d05c55.json
2026-07-01 10:40:21 | WARNING  | 404 on https://skeb.jp/api/users/pgpcvDCE9G (attempt 3/3)
2026-07-01 10:40:21 | INFO     | OK https://skeb.jp/api/users/ke_i0205
2026-07-01 10:40:21 | INFO     | Saving at a/skeb/ke_i0205-69582c.json
2026-07-01 10:40:22 | INFO     | OK https://skeb.jp/api/users/megu__d3
2026-07-01 10:40:22 | INFO     | Saving at a/skeb/megu__d3-a75d5e.json
2026-07-01 10:40:23 | INFO     | OK https://skeb.jp/api/users/nnn_x_7
2026-07-01 10:40:23 | INFO     | Saving at a/skeb/nnn_x_7-1739c6.json
2026-07-01 10:40:25 | WARNING  | 404 on https://skeb.jp/api/users/kiNero30901 (attempt 1/3)
2026-07-01 10:40:25 | INFO     | OK https://skeb.jp/api/users/_shikiss_
2026-07-01 10:40:25 | INFO     | Saving at a/skeb/_shikiss_-dc90a6.json
2026-07-01 10:40:26 | INFO     | OK https://skeb.jp/api/users/tariki07
2026-07-01 10:40:26 | INFO     | Saving at a/skeb/tariki07-322aba.json
2026-07-01 10:40:27 | INFO     | OK https://skeb.jp/api/users/urochocco
2026-07-01 10:40:27 | INFO     | Saving at a/skeb/urochocco-446a0c.json
2026-07-01 10:40:28 | WARNING  | 404 on https://skeb.jp/api/users/meguru_nero (attempt 1/3)
2026-07-01 10:40:29 | INFO     | OK https://skeb.jp/api/users/remasan_0926
2026-07-01 10:40:29 | INFO     | Saving at a/skeb/remasan_0926-66fbce.json
2026-07-01 10:40:30 | INFO     | OK https://skeb.jp/api/users/sen_wired
2026-07-01 10:40:30 | INFO     | Saving at a/skeb/sen_wired-955abc.json
2026-07-01 10:40:31 | INFO     | OK https://skeb.jp/api/users/zinguukaname
2026-07-01 10:40:31 | INFO     | Saving at a/skeb/zinguukaname-715fb3.json
2026-07-01 10:40:32 | INFO     | OK https://skeb.jp/api/users/uni_3u
2026-07-01 10:40:32 | INFO     | Saving at a/skeb/uni_3u-41a60c.json
2026-07-01 10:40:33 | WARNING  | 404 on https://skeb.jp/api/users/killy810 (attempt 1/3)
2026-07-01 10:40:35 | WARNING  | 404 on https://skeb.jp/api/users/kiNero30901 (attempt 2/3)
2026-07-01 10:40:35 | INFO     | OK https://skeb.jp/api/users/gk_7tk
2026-07-01 10:40:35 | INFO     | Saving at a/skeb/gk_7tk-c9e5ba.json
2026-07-01 10:40:37 | WARNING  | 404 on https://skeb.jp/api/users/meguru_nero (attempt 2/3)
2026-07-01 10:40:37 | WARNING  | 404 on https://skeb.jp/api/users/soraumi2000_50_ (attempt 1/3)
2026-07-01 10:40:38 | WARNING  | 404 on https://skeb.jp/api/users/NOm0y0i (attempt 1/3)
2026-07-01 10:40:39 | INFO     | OK https://skeb.jp/api/users/pal156
2026-07-01 10:40:39 | INFO     | Saving at a/skeb/pal156-d1467a.json
2026-07-01 10:40:41 | WARNING  | 404 on https://skeb.jp/api/users/kiNero30901 (attempt 3/3)
2026-07-01 10:40:42 | WARNING  | 404 on https://skeb.jp/api/users/8oSSUHCnXXz4tBp (attempt 2/3)
2026-07-01 10:40:43 | WARNING  | 404 on https://skeb.jp/api/users/Llu_ulg (attempt 3/3)
2026-07-01 10:40:43 | INFO     | OK https://skeb.jp/api/users/PIZZAKOU
2026-07-01 10:40:43 | INFO     | Saving at a/skeb/PIZZAKOU-689d3a.json
2026-07-01 10:40:45 | WARNING  | 404 on https://skeb.jp/api/users/soraumi2000_50_ (attempt 2/3)
2026-07-01 10:40:45 | INFO     | OK https://skeb.jp/api/users/mawaru_5222
2026-07-01 10:40:45 | INFO     | Saving at a/skeb/mawaru_5222-a14fd7.json
2026-07-01 10:40:47 | WARNING  | 404 on https://skeb.jp/api/users/NOm0y0i (attempt 2/3)
2026-07-01 10:40:47 | INFO     | OK https://skeb.jp/api/users/moon_key
2026-07-01 10:40:47 | INFO     | Saving at a/skeb/moon_key-60058f.json
2026-07-01 10:40:48 | INFO     | OK https://skeb.jp/api/users/moto_masu
2026-07-01 10:40:48 | INFO     | Saving at a/skeb/moto_masu-c24edf.json
2026-07-01 10:40:49 | INFO     | OK https://skeb.jp/api/users/trpgsemi
2026-07-01 10:40:49 | INFO     | Saving at a/skeb/trpgsemi-4759e3.json
2026-07-01 10:40:50 | INFO     | OK https://skeb.jp/api/users/AnimaMZ
2026-07-01 10:40:50 | INFO     | Saving at a/skeb/AnimaMZ-008af7.json
2026-07-01 10:40:51 | INFO     | OK https://skeb.jp/api/users/Banya_Karakasa
2026-07-01 10:40:51 | INFO     | Saving at a/skeb/Banya_Karakasa-0b65e3.json
2026-07-01 10:40:53 | WARNING  | 404 on https://skeb.jp/api/users/killy810 (attempt 2/3)
2026-07-01 10:40:53 | INFO     | OK https://skeb.jp/api/users/yumishibaya
2026-07-01 10:40:53 | INFO     | Saving at a/skeb/yumishibaya-5ac2ec.json
2026-07-01 10:40:55 | INFO     | OK https://skeb.jp/api/users/_rokkothu
2026-07-01 10:40:55 | INFO     | Saving at a/skeb/_rokkothu-40a2dc.json
2026-07-01 10:40:55 | INFO     | OK https://skeb.jp/api/users/neruneru_slp
2026-07-01 10:40:55 | INFO     | Saving at a/skeb/neruneru_slp-eb8ff0.json
2026-07-01 10:40:56 | WARNING  | 404 on https://skeb.jp/api/users/8oSSUHCnXXz4tBp (attempt 3/3)
2026-07-01 10:40:57 | INFO     | OK https://skeb.jp/api/users/tonoue_gm
2026-07-01 10:40:57 | INFO     | Saving at a/skeb/tonoue_gm-a1d1c0.json
2026-07-01 10:40:58 | INFO     | OK https://skeb.jp/api/users/PommeLac_dp
2026-07-01 10:40:58 | INFO     | Saving at a/skeb/PommeLac_dp-498acf.json
2026-07-01 10:40:59 | INFO     | OK https://skeb.jp/api/users/hanpen_845
2026-07-01 10:40:59 | INFO     | Saving at a/skeb/hanpen_845-afcf22.json
2026-07-01 10:41:00 | WARNING  | 404 on https://skeb.jp/api/users/soraumi2000_50_ (attempt 3/3)
2026-07-01 10:41:01 | INFO     | OK https://skeb.jp/api/users/usao_v
2026-07-01 10:41:01 | INFO     | Saving at a/skeb/usao_v-b0b314.json
2026-07-01 10:41:02 | INFO     | OK https://skeb.jp/api/users/syafu_ttt
2026-07-01 10:41:02 | INFO     | Saving at a/skeb/syafu_ttt-f43183.json
2026-07-01 10:41:03 | INFO     | OK https://skeb.jp/api/users/yukikanayama20
2026-07-01 10:41:03 | INFO     | Saving at a/skeb/yukikanayama20-9ba465.json
2026-07-01 10:41:05 | WARNING  | 404 on https://skeb.jp/api/users/killy810 (attempt 3/3)
2026-07-01 10:41:05 | INFO     | OK https://skeb.jp/api/users/enechia
2026-07-01 10:41:05 | INFO     | Saving at a/skeb/enechia-3d3fcf.json
2026-07-01 10:41:07 | WARNING  | 404 on https://skeb.jp/api/users/meguru_nero (attempt 3/3)
2026-07-01 10:41:08 | WARNING  | 404 on https://skeb.jp/api/users/NOm0y0i (attempt 3/3)
2026-07-01 10:41:08 | INFO     | OK https://skeb.jp/api/users/pzsumire
2026-07-01 10:41:08 | INFO     | Saving at a/skeb/pzsumire-95bf97.json
2026-07-01 10:41:09 | INFO     | OK https://skeb.jp/api/users/maira060820
2026-07-01 10:41:09 | INFO     | Saving at a/skeb/maira060820-bc7ad7.json
2026-07-01 10:41:10 | INFO     | OK https://skeb.jp/api/users/HOYOBIGLOVE
2026-07-01 10:41:10 | INFO     | Saving at a/skeb/HOYOBIGLOVE-38e89b.json
2026-07-01 10:41:11 | INFO     | OK https://skeb.jp/api/users/niji_bin
2026-07-01 10:41:11 | INFO     | Saving at a/skeb/niji_bin-5d0ab0.json
2026-07-01 10:41:12 | INFO     | OK https://skeb.jp/api/users/MK_oo35
2026-07-01 10:41:12 | INFO     | Saving at a/skeb/MK_oo35-ed218c.json
2026-07-01 10:41:13 | INFO     | OK https://skeb.jp/api/users/jinkouchinou_x0
2026-07-01 10:41:13 | INFO     | Saving at a/skeb/jinkouchinou_x0-a8b90c.json
2026-07-01 10:41:14 | WARNING  | 404 on https://skeb.jp/api/users/Ryuzi_27 (attempt 1/3)
2026-07-01 10:41:15 | INFO     | OK https://skeb.jp/api/users/dolphin
2026-07-01 10:41:15 | INFO     | Saving at a/skeb/dolphin-36cdf8.json
2026-07-01 10:41:17 | INFO     | OK https://skeb.jp/api/users/bli_million
2026-07-01 10:41:17 | INFO     | Saving at a/skeb/bli_million-ea8279.json
2026-07-01 10:41:17 | INFO     | OK https://skeb.jp/api/users/Reaillust
2026-07-01 10:41:17 | INFO     | Saving at a/skeb/Reaillust-9ec7e7.json
2026-07-01 10:41:18 | INFO     | OK https://skeb.jp/api/users/gachonjirou
2026-07-01 10:41:18 | INFO     | Saving at a/skeb/gachonjirou-7db450.json
2026-07-01 10:41:19 | WARNING  | 404 on https://skeb.jp/api/users/fm7hxj (attempt 1/3)
2026-07-01 10:41:20 | INFO     | OK https://skeb.jp/api/users/natu_2434
2026-07-01 10:41:20 | INFO     | Saving at a/skeb/natu_2434-ea9b2a.json
2026-07-01 10:41:21 | WARNING  | 404 on https://skeb.jp/api/users/ghcfujfc1 (attempt 1/3)
2026-07-01 10:41:22 | INFO     | OK https://skeb.jp/api/users/tsuredsu_ren040
2026-07-01 10:41:22 | INFO     | Saving at a/skeb/tsuredsu_ren040-761132.json
2026-07-01 10:41:23 | INFO     | OK https://skeb.jp/api/users/sethia_illust
2026-07-01 10:41:23 | INFO     | Saving at a/skeb/sethia_illust-130569.json
2026-07-01 10:41:25 | INFO     | OK https://skeb.jp/api/users/tomano_illust
2026-07-01 10:41:25 | INFO     | Saving at a/skeb/tomano_illust-7ad73e.json
2026-07-01 10:41:25 | INFO     | OK https://skeb.jp/api/users/RoombAI1
2026-07-01 10:41:25 | INFO     | Saving at a/skeb/RoombAI1-8099f0.json
2026-07-01 10:41:27 | WARNING  | 404 on https://skeb.jp/api/users/Ryuzi_27 (attempt 2/3)
2026-07-01 10:41:27 | INFO     | OK https://skeb.jp/api/users/miihaaruuu
2026-07-01 10:41:27 | INFO     | Saving at a/skeb/miihaaruuu-45a342.json
2026-07-01 10:41:28 | INFO     | OK https://skeb.jp/api/users/piyopiyorin216
2026-07-01 10:41:28 | INFO     | Saving at a/skeb/piyopiyorin216-81f402.json
2026-07-01 10:41:30 | INFO     | OK https://skeb.jp/api/users/ko_mugiiii
2026-07-01 10:41:30 | INFO     | Saving at a/skeb/ko_mugiiii-6b9e91.json
2026-07-01 10:41:30 | INFO     | OK https://skeb.jp/api/users/Nobuo_Eaka2724
2026-07-01 10:41:30 | INFO     | Saving at a/skeb/Nobuo_Eaka2724-ed7d41.json
2026-07-01 10:41:31 | WARNING  | 404 on https://skeb.jp/api/users/Ryuzi_27 (attempt 3/3)
2026-07-01 10:41:32 | INFO     | OK https://skeb.jp/api/users/wwh
2026-07-01 10:41:32 | INFO     | Saving at a/skeb/wwh-b71dd3.json
2026-07-01 10:41:33 | INFO     | OK https://skeb.jp/api/users/MM_fox
2026-07-01 10:41:33 | INFO     | Saving at a/skeb/MM_fox-688d4b.json
2026-07-01 10:41:34 | WARNING  | 404 on https://skeb.jp/api/users/kotonesansukida (attempt 1/3)
2026-07-01 10:41:35 | INFO     | OK https://skeb.jp/api/users/a1da_me91y
2026-07-01 10:41:35 | INFO     | Saving at a/skeb/a1da_me91y-34a493.json
2026-07-01 10:41:37 | WARNING  | 404 on https://skeb.jp/api/users/ghcfujfc1 (attempt 2/3)
2026-07-01 10:41:37 | WARNING  | 404 on https://skeb.jp/api/users/oshino_Iriss (attempt 1/3)
2026-07-01 10:41:38 | INFO     | OK https://skeb.jp/api/users/hiragahoo2005
2026-07-01 10:41:38 | INFO     | Saving at a/skeb/hiragahoo2005-7f7f69.json
2026-07-01 10:41:39 | INFO     | OK https://skeb.jp/api/users/tuku0216
2026-07-01 10:41:39 | INFO     | Saving at a/skeb/tuku0216-94de7f.json
2026-07-01 10:41:40 | INFO     | OK https://skeb.jp/api/users/tfp_is_good
2026-07-01 10:41:40 | INFO     | Saving at a/skeb/tfp_is_good-84fb8b.json
2026-07-01 10:41:41 | INFO     | OK https://skeb.jp/api/users/shia_ymym
2026-07-01 10:41:41 | INFO     | Saving at a/skeb/shia_ymym-892d34.json
2026-07-01 10:41:42 | INFO     | OK https://skeb.jp/api/users/HinotoSuzuki
2026-07-01 10:41:42 | INFO     | Saving at a/skeb/HinotoSuzuki-86f4f8.json
2026-07-01 10:41:43 | INFO     | OK https://skeb.jp/api/users/zack12_io
2026-07-01 10:41:43 | INFO     | Saving at a/skeb/zack12_io-f48b59.json
2026-07-01 10:41:44 | INFO     | OK https://skeb.jp/api/users/pondiru
2026-07-01 10:41:44 | INFO     | Saving at a/skeb/pondiru-bfd480.json
2026-07-01 10:41:45 | INFO     | OK https://skeb.jp/api/users/komegu_619
2026-07-01 10:41:45 | INFO     | Saving at a/skeb/komegu_619-5787ae.json
2026-07-01 10:41:47 | WARNING  | 404 on https://skeb.jp/api/users/fm7hxj (attempt 2/3)
2026-07-01 10:41:47 | INFO     | OK https://skeb.jp/api/users/a02_44
2026-07-01 10:41:47 | INFO     | Saving at a/skeb/a02_44-90772c.json
2026-07-01 10:41:48 | INFO     | OK https://skeb.jp/api/users/deae_gratia
2026-07-01 10:41:48 | INFO     | Saving at a/skeb/deae_gratia-5ed483.json
2026-07-01 10:41:49 | INFO     | OK https://skeb.jp/api/users/vg9_bh
2026-07-01 10:41:49 | INFO     | Saving at a/skeb/vg9_bh-0c00f3.json
2026-07-01 10:41:50 | INFO     | OK https://skeb.jp/api/users/Saotome_Luka
2026-07-01 10:41:50 | INFO     | Saving at a/skeb/Saotome_Luka-0d13de.json
2026-07-01 10:41:51 | INFO     | OK https://skeb.jp/api/users/zennico_2521
2026-07-01 10:41:51 | INFO     | Saving at a/skeb/zennico_2521-5a152b.json
2026-07-01 10:41:53 | WARNING  | 404 on https://skeb.jp/api/users/fm7hxj (attempt 3/3)
2026-07-01 10:41:53 | WARNING  | 404 on https://skeb.jp/api/users/oshino_Iriss (attempt 2/3)
2026-07-01 10:41:54 | INFO     | OK https://skeb.jp/api/users/lucifer929_666
2026-07-01 10:41:54 | INFO     | Saving at a/skeb/lucifer929_666-e8e4d1.json
2026-07-01 10:41:56 | INFO     | OK https://skeb.jp/api/users/sunegey
2026-07-01 10:41:56 | INFO     | Saving at a/skeb/sunegey-02c043.json
2026-07-01 10:41:56 | INFO     | OK https://skeb.jp/api/users/kanka404not
2026-07-01 10:41:56 | INFO     | Saving at a/skeb/kanka404not-4a6bed.json
2026-07-01 10:41:57 | WARNING  | 404 on https://skeb.jp/api/users/ronn_irai (attempt 1/3)
2026-07-01 10:41:58 | INFO     | OK https://skeb.jp/api/users/HanaMohu23
2026-07-01 10:41:58 | INFO     | Saving at a/skeb/HanaMohu23-068d5e.json
2026-07-01 10:42:00 | INFO     | OK https://skeb.jp/api/users/toy_harima
2026-07-01 10:42:00 | INFO     | Saving at a/skeb/toy_harima-f6d8f2.json
2026-07-01 10:42:00 | WARNING  | 404 on https://skeb.jp/api/users/ronn_irai (attempt 2/3)
2026-07-01 10:42:02 | INFO     | OK https://skeb.jp/api/users/nemuikamokamo
2026-07-01 10:42:02 | INFO     | Saving at a/skeb/nemuikamokamo-21f661.json
2026-07-01 10:42:02 | WARNING  | 404 on https://skeb.jp/api/users/sakayama_lazuli (attempt 1/3)
2026-07-01 10:42:03 | WARNING  | 404 on https://skeb.jp/api/users/923kaku (attempt 1/3)
2026-07-01 10:42:05 | WARNING  | 404 on https://skeb.jp/api/users/Genkyou (attempt 1/3)
2026-07-01 10:42:05 | INFO     | OK https://skeb.jp/api/users/damemoto_zzz
2026-07-01 10:42:05 | INFO     | Saving at a/skeb/damemoto_zzz-1d7ae4.json
2026-07-01 10:42:06 | WARNING  | 404 on https://skeb.jp/api/users/ronn_irai (attempt 3/3)
2026-07-01 10:42:07 | WARNING  | 404 on https://skeb.jp/api/users/mimei_Illust (attempt 1/3)
2026-07-01 10:42:08 | INFO     | OK https://skeb.jp/api/users/Takn013_ooR
2026-07-01 10:42:08 | INFO     | Saving at a/skeb/Takn013_ooR-7bcf5e.json
2026-07-01 10:42:10 | WARNING  | 404 on https://skeb.jp/api/users/oshino_Iriss (attempt 3/3)
2026-07-01 10:42:11 | WARNING  | 404 on https://skeb.jp/api/users/kotonesansukida (attempt 2/3)
2026-07-01 10:42:11 | WARNING  | 404 on https://skeb.jp/api/users/mimei_Illust (attempt 2/3)
2026-07-01 10:42:13 | WARNING  | 404 on https://skeb.jp/api/users/923kaku (attempt 2/3)
2026-07-01 10:42:14 | WARNING  | 404 on https://skeb.jp/api/users/sakayama_lazuli (attempt 2/3)
2026-07-01 10:42:15 | WARNING  | 404 on https://skeb.jp/api/users/ghcfujfc1 (attempt 3/3)
2026-07-01 10:42:15 | WARNING  | 404 on https://skeb.jp/api/users/kotonesansukida (attempt 3/3)
2026-07-01 10:42:16 | INFO     | OK https://skeb.jp/api/users/AURU_sAbamiso
2026-07-01 10:42:16 | INFO     | Saving at a/skeb/AURU_sAbamiso-1fe358.json
2026-07-01 10:42:18 | WARNING  | 404 on https://skeb.jp/api/users/Genkyou (attempt 2/3)
2026-07-01 10:42:19 | WARNING  | 404 on https://skeb.jp/api/users/923kaku (attempt 3/3)
2026-07-01 10:42:19 | INFO     | OK https://skeb.jp/api/users/Touya_VRC
2026-07-01 10:42:19 | INFO     | Saving at a/skeb/Touya_VRC-111c66.json
2026-07-01 10:42:20 | INFO     | OK https://skeb.jp/api/users/33kossan33
2026-07-01 10:42:20 | INFO     | Saving at a/skeb/33kossan33-54c7e4.json
2026-07-01 10:42:21 | INFO     | OK https://skeb.jp/api/users/mona3_398
2026-07-01 10:42:21 | INFO     | Saving at a/skeb/mona3_398-2eba82.json
2026-07-01 10:42:22 | WARNING  | 404 on https://skeb.jp/api/users/Henzu_23 (attempt 1/3)
2026-07-01 10:42:23 | INFO     | OK https://skeb.jp/api/users/MA_m_0123
2026-07-01 10:42:23 | INFO     | Saving at a/skeb/MA_m_0123-44e586.json
2026-07-01 10:42:25 | WARNING  | 404 on https://skeb.jp/api/users/Genkyou (attempt 3/3)
2026-07-01 10:42:25 | INFO     | OK https://skeb.jp/api/users/1D1G_taku
2026-07-01 10:42:25 | INFO     | Saving at a/skeb/1D1G_taku-53cbfe.json
2026-07-01 10:42:26 | INFO     | OK https://skeb.jp/api/users/wahhuru810
2026-07-01 10:42:26 | INFO     | Saving at a/skeb/wahhuru810-f790e7.json
2026-07-01 10:42:27 | WARNING  | 404 on https://skeb.jp/api/users/EDO__nyan (attempt 1/3)
2026-07-01 10:42:28 | INFO     | OK https://skeb.jp/api/users/komeT96664417
2026-07-01 10:42:28 | INFO     | Saving at a/skeb/komeT96664417-e7efd3.json
2026-07-01 10:42:29 | INFO     | OK https://skeb.jp/api/users/shigotopine
2026-07-01 10:42:29 | INFO     | Saving at a/skeb/shigotopine-8c1d3f.json
2026-07-01 10:42:31 | WARNING  | 404 on https://skeb.jp/api/users/mimei_Illust (attempt 3/3)
2026-07-01 10:42:31 | WARNING  | 404 on https://skeb.jp/api/users/fukafuka_no_inu (attempt 1/3)
2026-07-01 10:42:32 | INFO     | OK https://skeb.jp/api/users/NELO
2026-07-01 10:42:32 | INFO     | Saving at a/skeb/NELO-13d782.json
2026-07-01 10:42:34 | WARNING  | 404 on https://skeb.jp/api/users/Henzu_23 (attempt 2/3)
2026-07-01 10:42:34 | INFO     | OK https://skeb.jp/api/users/woriwori_su
2026-07-01 10:42:34 | INFO     | Saving at a/skeb/woriwori_su-0f17b6.json
2026-07-01 10:42:35 | INFO     | OK https://skeb.jp/api/users/tjeirdrw
2026-07-01 10:42:35 | INFO     | Saving at a/skeb/tjeirdrw-dec317.json
2026-07-01 10:42:36 | INFO     | OK https://skeb.jp/api/users/karhedail
2026-07-01 10:42:36 | INFO     | Saving at a/skeb/karhedail-f8729e.json
2026-07-01 10:42:38 | WARNING  | 404 on https://skeb.jp/api/users/EDO__nyan (attempt 2/3)
2026-07-01 10:42:38 | INFO     | OK https://skeb.jp/api/users/magialchemy
2026-07-01 10:42:38 | INFO     | Saving at a/skeb/magialchemy-282c7c.json
2026-07-01 10:42:39 | INFO     | OK https://skeb.jp/api/users/ww_kinm
2026-07-01 10:42:39 | INFO     | Saving at a/skeb/ww_kinm-865759.json
2026-07-01 10:42:40 | INFO     | OK https://skeb.jp/api/users/anquanyan
2026-07-01 10:42:40 | INFO     | Saving at a/skeb/anquanyan-37436c.json
2026-07-01 10:42:41 | WARNING  | 404 on https://skeb.jp/api/users/m3x3_sk (attempt 1/3)
2026-07-01 10:42:42 | INFO     | OK https://skeb.jp/api/users/catapultsongs
2026-07-01 10:42:42 | INFO     | Saving at a/skeb/catapultsongs-a39f52.json
2026-07-01 10:42:44 | WARNING  | 404 on https://skeb.jp/api/users/Henzu_23 (attempt 3/3)
2026-07-01 10:42:44 | WARNING  | 404 on https://skeb.jp/api/users/fukafuka_no_inu (attempt 2/3)
2026-07-01 10:42:45 | INFO     | OK https://skeb.jp/api/users/lovinkiller
2026-07-01 10:42:45 | INFO     | Saving at a/skeb/lovinkiller-f09c7b.json
2026-07-01 10:42:47 | WARNING  | 404 on https://skeb.jp/api/users/EDO__nyan (attempt 3/3)
2026-07-01 10:42:47 | INFO     | OK https://skeb.jp/api/users/MarySweetDream
2026-07-01 10:42:47 | INFO     | Saving at a/skeb/MarySweetDream-43590e.json
2026-07-01 10:42:48 | WARNING  | 404 on https://skeb.jp/api/users/Geshi_to_ (attempt 1/3)
2026-07-01 10:42:49 | INFO     | OK https://skeb.jp/api/users/96satou
2026-07-01 10:42:49 | INFO     | Saving at a/skeb/96satou-6a3c41.json
2026-07-01 10:42:51 | WARNING  | 404 on https://skeb.jp/api/users/sakayama_lazuli (attempt 3/3)
2026-07-01 10:42:51 | INFO     | OK https://skeb.jp/api/users/bngrs1_6
2026-07-01 10:42:51 | INFO     | Saving at a/skeb/bngrs1_6-e54c9c.json
2026-07-01 10:42:52 | INFO     | OK https://skeb.jp/api/users/motimotiokome27
2026-07-01 10:42:52 | INFO     | Saving at a/skeb/motimotiokome27-5e10ed.json
2026-07-01 10:42:54 | INFO     | OK https://skeb.jp/api/users/you_teen
2026-07-01 10:42:54 | INFO     | Saving at a/skeb/you_teen-75a760.json
2026-07-01 10:42:55 | INFO     | OK https://skeb.jp/api/users/saku_i_free2
2026-07-01 10:42:55 | INFO     | Saving at a/skeb/saku_i_free2-75efab.json
2026-07-01 10:42:56 | INFO     | OK https://skeb.jp/api/users/hokanikani
2026-07-01 10:42:56 | INFO     | Saving at a/skeb/hokanikani-ded3e6.json
2026-07-01 10:42:56 | INFO     | OK https://skeb.jp/api/users/mechanismC26
2026-07-01 10:42:56 | INFO     | Saving at a/skeb/mechanismC26-d84865.json
2026-07-01 10:42:57 | INFO     | OK https://skeb.jp/api/users/byebye263
2026-07-01 10:42:57 | INFO     | Saving at a/skeb/byebye263-fb46af.json
2026-07-01 10:42:59 | INFO     | OK https://skeb.jp/api/users/KurousaRopi
2026-07-01 10:42:59 | INFO     | Saving at a/skeb/KurousaRopi-471479.json
2026-07-01 10:43:00 | WARNING  | 404 on https://skeb.jp/api/users/m3x3_sk (attempt 2/3)
2026-07-01 10:43:00 | INFO     | OK https://skeb.jp/api/users/SenN_Re0070
2026-07-01 10:43:00 | INFO     | Saving at a/skeb/SenN_Re0070-c3f0b5.json
2026-07-01 10:43:02 | WARNING  | 404 on https://skeb.jp/api/users/kagoyama_sns (attempt 1/3)
2026-07-01 10:43:02 | WARNING  | 404 on https://skeb.jp/api/users/Axnya (attempt 1/3)
2026-07-01 10:43:03 | WARNING  | 404 on https://skeb.jp/api/users/fukafuka_no_inu (attempt 3/3)
2026-07-01 10:43:04 | INFO     | OK https://skeb.jp/api/users/K_sera92art
2026-07-01 10:43:04 | INFO     | Saving at a/skeb/K_sera92art-e1851a.json
2026-07-01 10:43:06 | WARNING  | 404 on https://skeb.jp/api/users/Geshi_to_ (attempt 2/3)
2026-07-01 10:43:06 | WARNING  | 404 on https://skeb.jp/api/users/Axnya (attempt 2/3)
2026-07-01 10:43:08 | INFO     | OK https://skeb.jp/api/users/cinnamon__nikki
2026-07-01 10:43:08 | INFO     | Saving at a/skeb/cinnamon__nikki-f62358.json
2026-07-01 10:43:09 | WARNING  | 404 on https://skeb.jp/api/users/kagoyama_sns (attempt 2/3)
2026-07-01 10:43:10 | INFO     | OK https://skeb.jp/api/users/Clean_woman_
2026-07-01 10:43:10 | INFO     | Saving at a/skeb/Clean_woman_-54beba.json
2026-07-01 10:43:11 | WARNING  | 404 on https://skeb.jp/api/users/m3x3_sk (attempt 3/3)
2026-07-01 10:43:12 | WARNING  | 404 on https://skeb.jp/api/users/Axnya (attempt 3/3)
2026-07-01 10:43:13 | INFO     | OK https://skeb.jp/api/users/Yamadearu0A0
2026-07-01 10:43:13 | INFO     | Saving at a/skeb/Yamadearu0A0-54ac3d.json
2026-07-01 10:43:14 | WARNING  | 404 on https://skeb.jp/api/users/Geshi_to_ (attempt 3/3)
2026-07-01 10:43:15 | WARNING  | 404 on https://skeb.jp/api/users/kagoyama_sns (attempt 3/3)
2026-07-01 10:43:15 | INFO     |  --- SUMMARY REPORT --- 
  Sources Retreived    : 276
  Profiles Fetched     : 232
  Profile Missing      : 44
  Profile Rate Limited : 0
  Profile Error Others : 0

2026-07-01 10:43:15 | INFO     | Started creating static api data.
2026-07-01 10:44:13 | INFO     | Album index written to a/albums/index.json (321 albums)
