2026-06-30 14:31:27 | INFO     | Initialized Data Store.
2026-06-30 14:31:27 | INFO     | Homepage GET status=429 (attempt 1/3)
2026-06-30 14:31:27 | INFO     | Cookie extracted [request_key=...].
2026-06-30 14:31:27 | INFO     | SkebClient ready (impersonate=chrome120, rate=1.5/s, concurrency=10, max_runtime=4800s)
2026-06-30 14:33:00 | INFO     | Ready to scrape 141092 items
2026-06-30 14:33:02 | INFO     | OK https://skeb.jp/api/users/myu_213_kys
2026-06-30 14:33:02 | INFO     | Saving at a/skeb/myu_213_kys-ba704a.json
2026-06-30 14:33:02 | INFO     | OK https://skeb.jp/api/users/gyokuj
2026-06-30 14:33:02 | INFO     | Saving at a/skeb/gyokuj-594c51.json
2026-06-30 14:33:03 | INFO     | OK https://skeb.jp/api/users/87dpi
2026-06-30 14:33:03 | INFO     | Saving at a/skeb/87dpi-36889a.json
2026-06-30 14:33:03 | INFO     | OK https://skeb.jp/api/users/kouya_xareno
2026-06-30 14:33:03 | INFO     | Saving at a/skeb/kouya_xareno-5936da.json
2026-06-30 14:33:04 | INFO     | OK https://skeb.jp/api/users/nejiresyake
2026-06-30 14:33:04 | INFO     | Saving at a/skeb/nejiresyake-c1088a.json
2026-06-30 14:33:05 | INFO     | OK https://skeb.jp/api/users/cmanff
2026-06-30 14:33:05 | INFO     | Saving at a/skeb/cmanff-cb8a09.json
2026-06-30 14:33:05 | INFO     | OK https://skeb.jp/api/users/itizyou_rei
2026-06-30 14:33:05 | INFO     | Saving at a/skeb/itizyou_rei-8072f6.json
2026-06-30 14:33:06 | INFO     | OK https://skeb.jp/api/users/pnpk_1013
2026-06-30 14:33:06 | INFO     | Saving at a/skeb/pnpk_1013-046b01.json
2026-06-30 14:33:07 | INFO     | OK https://skeb.jp/api/users/hamonosasi
2026-06-30 14:33:07 | INFO     | Saving at a/skeb/hamonosasi-326e34.json
2026-06-30 14:33:07 | INFO     | OK https://skeb.jp/api/users/kininaru_ano_ko
2026-06-30 14:33:07 | INFO     | Saving at a/skeb/kininaru_ano_ko-653916.json
2026-06-30 14:33:08 | INFO     | OK https://skeb.jp/api/users/E01XlFm5PpnwpZ7
2026-06-30 14:33:08 | INFO     | Saving at a/skeb/E01XlFm5PpnwpZ7-a9534d.json
2026-06-30 14:33:09 | INFO     | OK https://skeb.jp/api/users/teraila0013
2026-06-30 14:33:09 | INFO     | Saving at a/skeb/teraila0013-598e92.json
2026-06-30 14:33:10 | INFO     | OK https://skeb.jp/api/users/ri11kg2
2026-06-30 14:33:10 | INFO     | Saving at a/skeb/ri11kg2-8d7c75.json
2026-06-30 14:33:10 | INFO     | OK https://skeb.jp/api/users/wachenzweig
2026-06-30 14:33:10 | INFO     | Saving at a/skeb/wachenzweig-6b6c0e.json
2026-06-30 14:33:11 | INFO     | OK https://skeb.jp/api/users/osushichan6
2026-06-30 14:33:11 | INFO     | Saving at a/skeb/osushichan6-3d6039.json
2026-06-30 14:33:11 | INFO     | OK https://skeb.jp/api/users/Nie_80s
2026-06-30 14:33:11 | INFO     | Saving at a/skeb/Nie_80s-99495b.json
2026-06-30 14:33:12 | INFO     | OK https://skeb.jp/api/users/crossshark
2026-06-30 14:33:12 | INFO     | Saving at a/skeb/crossshark-519b99.json
2026-06-30 14:33:13 | INFO     | OK https://skeb.jp/api/users/MRR18_cokoron
2026-06-30 14:33:13 | INFO     | Saving at a/skeb/MRR18_cokoron-25b754.json
2026-06-30 14:33:13 | INFO     | OK https://skeb.jp/api/users/blackistat2
2026-06-30 14:33:13 | INFO     | Saving at a/skeb/blackistat2-0107b3.json
2026-06-30 14:33:14 | INFO     | OK https://skeb.jp/api/users/sakilove315
2026-06-30 14:33:14 | INFO     | Saving at a/skeb/sakilove315-44fa02.json
2026-06-30 14:33:15 | INFO     | OK https://skeb.jp/api/users/amakasaxxx1
2026-06-30 14:33:15 | INFO     | Saving at a/skeb/amakasaxxx1-7475e3.json
2026-06-30 14:33:15 | INFO     | OK https://skeb.jp/api/users/mottiri1112
2026-06-30 14:33:15 | INFO     | Saving at a/skeb/mottiri1112-6768a5.json
2026-06-30 14:33:16 | INFO     | OK https://skeb.jp/api/users/moepukun
2026-06-30 14:33:16 | INFO     | Saving at a/skeb/moepukun-92516e.json
2026-06-30 14:33:17 | INFO     | OK https://skeb.jp/api/users/outdoor12256215
2026-06-30 14:33:17 | INFO     | Saving at a/skeb/outdoor12256215-497feb.json
2026-06-30 14:33:17 | INFO     | OK https://skeb.jp/api/users/kuroinusha_x
2026-06-30 14:33:17 | INFO     | Saving at a/skeb/kuroinusha_x-202b59.json
2026-06-30 14:33:18 | INFO     | OK https://skeb.jp/api/users/angry_baikoku
2026-06-30 14:33:18 | INFO     | Saving at a/skeb/angry_baikoku-56aa8c.json
2026-06-30 14:33:19 | INFO     | OK https://skeb.jp/api/users/ny_tux5270
2026-06-30 14:33:19 | INFO     | Saving at a/skeb/ny_tux5270-7da675.json
2026-06-30 14:33:19 | INFO     | OK https://skeb.jp/api/users/Iwasiro_Kinaco
2026-06-30 14:33:19 | INFO     | Saving at a/skeb/Iwasiro_Kinaco-e509a3.json
2026-06-30 14:33:20 | INFO     | OK https://skeb.jp/api/users/auyfPLfSmM
2026-06-30 14:33:20 | INFO     | Saving at a/skeb/auyfPLfSmM-209448.json
2026-06-30 14:33:21 | INFO     | OK https://skeb.jp/api/users/hjm_matsukasa
2026-06-30 14:33:21 | INFO     | Saving at a/skeb/hjm_matsukasa-b0d854.json
2026-06-30 14:33:21 | INFO     | OK https://skeb.jp/api/users/creaming_powder
2026-06-30 14:33:21 | INFO     | Saving at a/skeb/creaming_powder-7c61cf.json
2026-06-30 14:33:22 | INFO     | OK https://skeb.jp/api/users/rakudarakudad
2026-06-30 14:33:22 | INFO     | Saving at a/skeb/rakudarakudad-e9eb01.json
2026-06-30 14:33:23 | INFO     | OK https://skeb.jp/api/users/ashima_asa
2026-06-30 14:33:23 | INFO     | Saving at a/skeb/ashima_asa-085386.json
2026-06-30 14:33:23 | INFO     | OK https://skeb.jp/api/users/nan_d_ina
2026-06-30 14:33:23 | INFO     | Saving at a/skeb/nan_d_ina-74786e.json
2026-06-30 14:33:24 | INFO     | OK https://skeb.jp/api/users/nasi_37
2026-06-30 14:33:24 | INFO     | Saving at a/skeb/nasi_37-3ea47b.json
2026-06-30 14:33:25 | INFO     | OK https://skeb.jp/api/users/umisaka_ao
2026-06-30 14:33:25 | INFO     | Saving at a/skeb/umisaka_ao-6edda9.json
2026-06-30 14:33:25 | INFO     | OK https://skeb.jp/api/users/amami_tsuki_
2026-06-30 14:33:25 | INFO     | Saving at a/skeb/amami_tsuki_-61a78a.json
2026-06-30 14:33:26 | INFO     | OK https://skeb.jp/api/users/solare27950
2026-06-30 14:33:26 | INFO     | Saving at a/skeb/solare27950-5d33ae.json
2026-06-30 14:33:27 | INFO     | OK https://skeb.jp/api/users/LuNaCrescent333
2026-06-30 14:33:27 | INFO     | Saving at a/skeb/LuNaCrescent333-e4e2bb.json
2026-06-30 14:33:28 | INFO     | OK https://skeb.jp/api/users/DOA3104
2026-06-30 14:33:28 | INFO     | Saving at a/skeb/DOA3104-d928cd.json
2026-06-30 14:33:28 | INFO     | OK https://skeb.jp/api/users/4_p8w
2026-06-30 14:33:28 | INFO     | Saving at a/skeb/4_p8w-d739ca.json
2026-06-30 14:33:29 | INFO     | OK https://skeb.jp/api/users/amaou_irasuto
2026-06-30 14:33:29 | INFO     | Saving at a/skeb/amaou_irasuto-f079b0.json
2026-06-30 14:33:29 | INFO     | OK https://skeb.jp/api/users/ArimaChikusa
2026-06-30 14:33:29 | INFO     | Saving at a/skeb/ArimaChikusa-2ebcbc.json
2026-06-30 14:33:30 | INFO     | OK https://skeb.jp/api/users/sato_432
2026-06-30 14:33:30 | INFO     | Saving at a/skeb/sato_432-58a036.json
2026-06-30 14:33:31 | INFO     | OK https://skeb.jp/api/users/longtimedull
2026-06-30 14:33:31 | INFO     | Saving at a/skeb/longtimedull-6445ab.json
2026-06-30 14:33:31 | INFO     | OK https://skeb.jp/api/users/FD19517521
2026-06-30 14:33:32 | INFO     | Saving at a/skeb/FD19517521-0a3b2c.json
2026-06-30 14:33:32 | INFO     | OK https://skeb.jp/api/users/koooogasya
2026-06-30 14:33:32 | INFO     | Saving at a/skeb/koooogasya-4c3498.json
2026-06-30 14:33:33 | INFO     | OK https://skeb.jp/api/users/hashimoto23yue
2026-06-30 14:33:33 | INFO     | Saving at a/skeb/hashimoto23yue-e695fe.json
2026-06-30 14:33:33 | INFO     | OK https://skeb.jp/api/users/Osa_kouzyou
2026-06-30 14:33:33 | INFO     | Saving at a/skeb/Osa_kouzyou-3b2aff.json
2026-06-30 14:33:34 | INFO     | OK https://skeb.jp/api/users/Kai_Turugi
2026-06-30 14:33:34 | INFO     | Saving at a/skeb/Kai_Turugi-b492a7.json
2026-06-30 14:33:35 | INFO     | OK https://skeb.jp/api/users/ametsuyu_1129
2026-06-30 14:33:35 | INFO     | Saving at a/skeb/ametsuyu_1129-ca6837.json
2026-06-30 14:33:35 | INFO     | OK https://skeb.jp/api/users/6adPk1
2026-06-30 14:33:35 | INFO     | Saving at a/skeb/6adPk1-5bf95b.json
2026-06-30 14:33:36 | INFO     | OK https://skeb.jp/api/users/kokorominton
2026-06-30 14:33:36 | INFO     | Saving at a/skeb/kokorominton-5a28d7.json
2026-06-30 14:33:37 | INFO     | OK https://skeb.jp/api/users/piopiopionyyy83
2026-06-30 14:33:37 | INFO     | Saving at a/skeb/piopiopionyyy83-9f385c.json
2026-06-30 14:33:37 | INFO     | OK https://skeb.jp/api/users/Amane_obake
2026-06-30 14:33:37 | INFO     | Saving at a/skeb/Amane_obake-b3ccd8.json
2026-06-30 14:33:38 | INFO     | OK https://skeb.jp/api/users/natusiro_07
2026-06-30 14:33:38 | INFO     | Saving at a/skeb/natusiro_07-15716f.json
2026-06-30 14:33:39 | INFO     | OK https://skeb.jp/api/users/Clear_62563
2026-06-30 14:33:39 | INFO     | Saving at a/skeb/Clear_62563-04d13b.json
2026-06-30 14:33:39 | INFO     | OK https://skeb.jp/api/users/halcat0x15a
2026-06-30 14:33:39 | INFO     | Saving at a/skeb/halcat0x15a-b46ff9.json
2026-06-30 14:33:40 | INFO     | OK https://skeb.jp/api/users/matsuri39s
2026-06-30 14:33:40 | INFO     | Saving at a/skeb/matsuri39s-727e35.json
2026-06-30 14:33:41 | INFO     | OK https://skeb.jp/api/users/secret_lya
2026-06-30 14:33:41 | INFO     | Saving at a/skeb/secret_lya-b68558.json
2026-06-30 14:33:41 | INFO     | OK https://skeb.jp/api/users/kokonoe2_
2026-06-30 14:33:41 | INFO     | Saving at a/skeb/kokonoe2_-37ce0a.json
2026-06-30 14:33:42 | INFO     | OK https://skeb.jp/api/users/hu_O2u
2026-06-30 14:33:42 | INFO     | Saving at a/skeb/hu_O2u-9fcd41.json
2026-06-30 14:33:43 | INFO     | OK https://skeb.jp/api/users/tsurukoge
2026-06-30 14:33:43 | INFO     | Saving at a/skeb/tsurukoge-fed9dc.json
2026-06-30 14:33:43 | INFO     | OK https://skeb.jp/api/users/suiinfo
2026-06-30 14:33:43 | INFO     | Saving at a/skeb/suiinfo-c0bcb3.json
2026-06-30 14:33:44 | INFO     | OK https://skeb.jp/api/users/Varizard2019
2026-06-30 14:33:44 | INFO     | Saving at a/skeb/Varizard2019-f77662.json
2026-06-30 14:33:45 | INFO     | OK https://skeb.jp/api/users/75gr811
2026-06-30 14:33:45 | INFO     | Saving at a/skeb/75gr811-63f719.json
2026-06-30 14:33:45 | INFO     | OK https://skeb.jp/api/users/Theodore0926
2026-06-30 14:33:45 | INFO     | Saving at a/skeb/Theodore0926-759b51.json
2026-06-30 14:33:46 | INFO     | OK https://skeb.jp/api/users/mizuuti_y
2026-06-30 14:33:46 | INFO     | Saving at a/skeb/mizuuti_y-a3eca3.json
2026-06-30 14:33:47 | INFO     | OK https://skeb.jp/api/users/TC_R18
2026-06-30 14:33:47 | INFO     | Saving at a/skeb/TC_R18-48d60c.json
2026-06-30 14:33:47 | INFO     | OK https://skeb.jp/api/users/fs_MIO_sos
2026-06-30 14:33:47 | INFO     | Saving at a/skeb/fs_MIO_sos-cc7dc0.json
2026-06-30 14:33:48 | INFO     | OK https://skeb.jp/api/users/hnAZvqVKL63Nvg8
2026-06-30 14:33:48 | INFO     | Saving at a/skeb/hnAZvqVKL63Nvg8-deca78.json
2026-06-30 14:33:49 | INFO     | OK https://skeb.jp/api/users/hamunokaori
2026-06-30 14:33:49 | INFO     | Saving at a/skeb/hamunokaori-08e887.json
2026-06-30 14:33:49 | INFO     | OK https://skeb.jp/api/users/hozumi_noxx
2026-06-30 14:33:49 | INFO     | Saving at a/skeb/hozumi_noxx-bda637.json
2026-06-30 14:33:50 | INFO     | OK https://skeb.jp/api/users/AmgRgm
2026-06-30 14:33:50 | INFO     | Saving at a/skeb/AmgRgm-052fae.json
2026-06-30 14:33:51 | INFO     | OK https://skeb.jp/api/users/nekomanma_0705
2026-06-30 14:33:51 | INFO     | Saving at a/skeb/nekomanma_0705-d2e8a3.json
2026-06-30 14:33:51 | INFO     | OK https://skeb.jp/api/users/natade_Atomos3
2026-06-30 14:33:51 | INFO     | Saving at a/skeb/natade_Atomos3-b6307b.json
2026-06-30 14:33:52 | INFO     | OK https://skeb.jp/api/users/nogiii___3
2026-06-30 14:33:52 | INFO     | Saving at a/skeb/nogiii___3-be9df2.json
2026-06-30 14:33:53 | INFO     | OK https://skeb.jp/api/users/A_htrgt_00
2026-06-30 14:33:53 | INFO     | Saving at a/skeb/A_htrgt_00-8bbfbb.json
2026-06-30 14:33:53 | INFO     | OK https://skeb.jp/api/users/gagano91
2026-06-30 14:33:53 | INFO     | Saving at a/skeb/gagano91-3719b7.json
2026-06-30 14:33:54 | INFO     | OK https://skeb.jp/api/users/oginuiroiro
2026-06-30 14:33:54 | INFO     | Saving at a/skeb/oginuiroiro-98acb5.json
2026-06-30 14:33:55 | WARNING  | 404 on https://skeb.jp/api/users/karaageget (attempt 1/3)
2026-06-30 14:33:55 | INFO     | OK https://skeb.jp/api/users/heriet
2026-06-30 14:33:55 | INFO     | Saving at a/skeb/heriet-a533f1.json
2026-06-30 14:33:56 | INFO     | OK https://skeb.jp/api/users/botchiOnoOEKAKI
2026-06-30 14:33:56 | INFO     | Saving at a/skeb/botchiOnoOEKAKI-58a0df.json
2026-06-30 14:33:57 | INFO     | OK https://skeb.jp/api/users/Amemaru_o0
2026-06-30 14:33:57 | INFO     | Saving at a/skeb/Amemaru_o0-f49a61.json
2026-06-30 14:33:57 | INFO     | OK https://skeb.jp/api/users/aqnzjl
2026-06-30 14:33:57 | INFO     | Saving at a/skeb/aqnzjl-34875f.json
2026-06-30 14:33:58 | INFO     | OK https://skeb.jp/api/users/tomoueichi
2026-06-30 14:33:58 | INFO     | Saving at a/skeb/tomoueichi-fd7fdd.json
2026-06-30 14:33:59 | INFO     | OK https://skeb.jp/api/users/aitommylove
2026-06-30 14:33:59 | INFO     | Saving at a/skeb/aitommylove-dc649f.json
2026-06-30 14:33:59 | WARNING  | 404 on https://skeb.jp/api/users/karaageget (attempt 2/3)
2026-06-30 14:34:00 | INFO     | OK https://skeb.jp/api/users/azashiroratan
2026-06-30 14:34:00 | INFO     | Saving at a/skeb/azashiroratan-1a4795.json
2026-06-30 14:34:01 | INFO     | OK https://skeb.jp/api/users/okayu_oziya_
2026-06-30 14:34:01 | INFO     | Saving at a/skeb/okayu_oziya_-494815.json
2026-06-30 14:34:02 | INFO     | OK https://skeb.jp/api/users/hasunoutena_
2026-06-30 14:34:02 | INFO     | Saving at a/skeb/hasunoutena_-dd6d5c.json
2026-06-30 14:34:02 | INFO     | OK https://skeb.jp/api/users/mmusg5u
2026-06-30 14:34:02 | INFO     | Saving at a/skeb/mmusg5u-6ab10d.json
2026-06-30 14:34:03 | INFO     | OK https://skeb.jp/api/users/roooom_445
2026-06-30 14:34:03 | INFO     | Saving at a/skeb/roooom_445-ebe99f.json
2026-06-30 14:34:03 | INFO     | OK https://skeb.jp/api/users/sui8b_trpg
2026-06-30 14:34:03 | INFO     | Saving at a/skeb/sui8b_trpg-a2f9f3.json
2026-06-30 14:34:04 | INFO     | OK https://skeb.jp/api/users/saita67
2026-06-30 14:34:04 | INFO     | Saving at a/skeb/saita67-1fce54.json
2026-06-30 14:34:05 | INFO     | OK https://skeb.jp/api/users/tuutinoudon
2026-06-30 14:34:05 | INFO     | Saving at a/skeb/tuutinoudon-6aa8f5.json
2026-06-30 14:34:05 | INFO     | OK https://skeb.jp/api/users/eeekusuhsss
2026-06-30 14:34:05 | INFO     | Saving at a/skeb/eeekusuhsss-dcef80.json
2026-06-30 14:34:06 | WARNING  | 404 on https://skeb.jp/api/users/karaageget (attempt 3/3)
2026-06-30 14:34:06 | INFO     | Saving at a/skeb/karaageget-7a3547.json
2026-06-30 14:34:07 | INFO     | OK https://skeb.jp/api/users/osk841
2026-06-30 14:34:07 | INFO     | Saving at a/skeb/osk841-13e228.json
2026-06-30 14:34:07 | INFO     | OK https://skeb.jp/api/users/yoruinknu
2026-06-30 14:34:07 | INFO     | Saving at a/skeb/yoruinknu-22f4db.json
2026-06-30 14:34:08 | INFO     | OK https://skeb.jp/api/users/hinata7210
2026-06-30 14:34:08 | INFO     | Saving at a/skeb/hinata7210-c3a6c1.json
2026-06-30 14:34:09 | INFO     | OK https://skeb.jp/api/users/Nickel_ni_plus
2026-06-30 14:34:09 | INFO     | Saving at a/skeb/Nickel_ni_plus-910714.json
2026-06-30 14:34:09 | INFO     | OK https://skeb.jp/api/users/720yowaxx
2026-06-30 14:34:09 | INFO     | Saving at a/skeb/720yowaxx-325e60.json
2026-06-30 14:34:10 | INFO     | OK https://skeb.jp/api/users/na_mali25
2026-06-30 14:34:10 | INFO     | Saving at a/skeb/na_mali25-e7d4d4.json
2026-06-30 14:34:11 | INFO     | OK https://skeb.jp/api/users/inekakokumotu
2026-06-30 14:34:11 | INFO     | Saving at a/skeb/inekakokumotu-08cb1c.json
2026-06-30 14:34:11 | INFO     | OK https://skeb.jp/api/users/ikimono_inochi
2026-06-30 14:34:11 | INFO     | Saving at a/skeb/ikimono_inochi-5272ae.json
2026-06-30 14:34:12 | INFO     | OK https://skeb.jp/api/users/us16_6
2026-06-30 14:34:12 | INFO     | Saving at a/skeb/us16_6-dfb77e.json
2026-06-30 14:34:13 | INFO     | OK https://skeb.jp/api/users/thighbroomthigh
2026-06-30 14:34:13 | INFO     | Saving at a/skeb/thighbroomthigh-b7d6d4.json
2026-06-30 14:34:13 | INFO     | OK https://skeb.jp/api/users/kawadesita
2026-06-30 14:34:13 | INFO     | Saving at a/skeb/kawadesita-b8ee77.json
2026-06-30 14:34:14 | INFO     | OK https://skeb.jp/api/users/YYY9696yyy
2026-06-30 14:34:14 | INFO     | Saving at a/skeb/YYY9696yyy-62fc10.json
2026-06-30 14:34:15 | INFO     | OK https://skeb.jp/api/users/tanuzon
2026-06-30 14:34:15 | INFO     | Saving at a/skeb/tanuzon-3c30f6.json
2026-06-30 14:34:15 | INFO     | OK https://skeb.jp/api/users/teihatusyouzyo
2026-06-30 14:34:15 | INFO     | Saving at a/skeb/teihatusyouzyo-92ac5e.json
2026-06-30 14:34:16 | INFO     | OK https://skeb.jp/api/users/88nori4
2026-06-30 14:34:16 | INFO     | Saving at a/skeb/88nori4-559f59.json
2026-06-30 14:34:17 | INFO     | OK https://skeb.jp/api/users/yayoi_iori_
2026-06-30 14:34:17 | INFO     | Saving at a/skeb/yayoi_iori_-4663d5.json
2026-06-30 14:34:17 | INFO     | OK https://skeb.jp/api/users/shiopan327
2026-06-30 14:34:17 | INFO     | Saving at a/skeb/shiopan327-8c894f.json
2026-06-30 14:34:18 | INFO     | OK https://skeb.jp/api/users/yumory_illust
2026-06-30 14:34:18 | INFO     | Saving at a/skeb/yumory_illust-d854ec.json
2026-06-30 14:34:19 | INFO     | OK https://skeb.jp/api/users/shikifa1222
2026-06-30 14:34:19 | INFO     | Saving at a/skeb/shikifa1222-d1e9e5.json
2026-06-30 14:34:19 | INFO     | OK https://skeb.jp/api/users/ayanakitori
2026-06-30 14:34:19 | INFO     | Saving at a/skeb/ayanakitori-3ce235.json
2026-06-30 14:34:20 | INFO     | OK https://skeb.jp/api/users/_yoshi_ss
2026-06-30 14:34:20 | INFO     | Saving at a/skeb/_yoshi_ss-e9df5d.json
2026-06-30 14:34:21 | INFO     | OK https://skeb.jp/api/users/keyshop_miss
2026-06-30 14:34:21 | INFO     | Saving at a/skeb/keyshop_miss-c9e855.json
2026-06-30 14:34:21 | INFO     | OK https://skeb.jp/api/users/Pizzacyobo08
2026-06-30 14:34:21 | INFO     | Saving at a/skeb/Pizzacyobo08-cedd92.json
2026-06-30 14:34:22 | INFO     | OK https://skeb.jp/api/users/Heliseus_
2026-06-30 14:34:22 | INFO     | Saving at a/skeb/Heliseus_-3bd438.json
2026-06-30 14:34:23 | INFO     | OK https://skeb.jp/api/users/01Jouhou
2026-06-30 14:34:23 | INFO     | Saving at a/skeb/01Jouhou-53ebae.json
2026-06-30 14:34:23 | WARNING  | 404 on https://skeb.jp/api/users/gonzaresutaicho (attempt 1/3)
2026-06-30 14:34:24 | INFO     | OK https://skeb.jp/api/users/garryaoki
2026-06-30 14:34:24 | INFO     | Saving at a/skeb/garryaoki-b08ed8.json
2026-06-30 14:34:25 | INFO     | OK https://skeb.jp/api/users/ELDorado_GH
2026-06-30 14:34:25 | INFO     | Saving at a/skeb/ELDorado_GH-9b7c99.json
2026-06-30 14:34:26 | INFO     | OK https://skeb.jp/api/users/sleeper_is_mine
2026-06-30 14:34:26 | INFO     | Saving at a/skeb/sleeper_is_mine-3e2f6b.json
2026-06-30 14:34:26 | INFO     | OK https://skeb.jp/api/users/voca_sina
2026-06-30 14:34:26 | INFO     | Saving at a/skeb/voca_sina-fe8350.json
2026-06-30 14:34:27 | INFO     | OK https://skeb.jp/api/users/Y_buntyo_S
2026-06-30 14:34:27 | INFO     | Saving at a/skeb/Y_buntyo_S-5eaf92.json
2026-06-30 14:34:27 | WARNING  | 404 on https://skeb.jp/api/users/gonzaresutaicho (attempt 2/3)
2026-06-30 14:34:28 | INFO     | OK https://skeb.jp/api/users/0838v286
2026-06-30 14:34:28 | INFO     | Saving at a/skeb/0838v286-21b482.json
2026-06-30 14:34:29 | INFO     | OK https://skeb.jp/api/users/zakazan4go
2026-06-30 14:34:29 | INFO     | Saving at a/skeb/zakazan4go-dd0398.json
2026-06-30 14:34:29 | INFO     | OK https://skeb.jp/api/users/b_drhh
2026-06-30 14:34:29 | INFO     | Saving at a/skeb/b_drhh-7377ce.json
2026-06-30 14:34:30 | INFO     | OK https://skeb.jp/api/users/momogusaneko
2026-06-30 14:34:30 | INFO     | Saving at a/skeb/momogusaneko-d6c95d.json
2026-06-30 14:34:31 | INFO     | OK https://skeb.jp/api/users/menbou_12
2026-06-30 14:34:31 | INFO     | Saving at a/skeb/menbou_12-9d4b0d.json
2026-06-30 14:34:31 | INFO     | OK https://skeb.jp/api/users/sakuraccJP
2026-06-30 14:34:31 | INFO     | Saving at a/skeb/sakuraccJP-09d6c3.json
2026-06-30 14:34:32 | INFO     | OK https://skeb.jp/api/users/tetorateto17
2026-06-30 14:34:32 | INFO     | Saving at a/skeb/tetorateto17-08ed0a.json
2026-06-30 14:34:33 | INFO     | OK https://skeb.jp/api/users/FD62yz
2026-06-30 14:34:33 | INFO     | Saving at a/skeb/FD62yz-988e46.json
2026-06-30 14:34:33 | INFO     | OK https://skeb.jp/api/users/amillust
2026-06-30 14:34:33 | INFO     | Saving at a/skeb/amillust-51c76b.json
2026-06-30 14:34:34 | INFO     | OK https://skeb.jp/api/users/bokunezumi
2026-06-30 14:34:34 | INFO     | Saving at a/skeb/bokunezumi-11a545.json
2026-06-30 14:34:35 | WARNING  | 404 on https://skeb.jp/api/users/gonzaresutaicho (attempt 3/3)
2026-06-30 14:34:35 | INFO     | Saving at a/skeb/gonzaresutaicho-8eaba0.json
2026-06-30 14:34:35 | INFO     | OK https://skeb.jp/api/users/v_iride
2026-06-30 14:34:35 | INFO     | Saving at a/skeb/v_iride-e87882.json
2026-06-30 14:34:36 | INFO     | OK https://skeb.jp/api/users/kmzkla
2026-06-30 14:34:36 | INFO     | Saving at a/skeb/kmzkla-4e6f92.json
2026-06-30 14:34:37 | INFO     | OK https://skeb.jp/api/users/Cassiopeia_37
2026-06-30 14:34:37 | INFO     | Saving at a/skeb/Cassiopeia_37-15857e.json
2026-06-30 14:34:37 | INFO     | OK https://skeb.jp/api/users/FZsvQSB5AR
2026-06-30 14:34:37 | INFO     | Saving at a/skeb/FZsvQSB5AR-49f4d6.json
2026-06-30 14:34:38 | INFO     | OK https://skeb.jp/api/users/lolikizoku
2026-06-30 14:34:38 | INFO     | Saving at a/skeb/lolikizoku-c1a60d.json
2026-06-30 14:34:39 | INFO     | OK https://skeb.jp/api/users/tanpopon8
2026-06-30 14:34:39 | INFO     | Saving at a/skeb/tanpopon8-85be47.json
2026-06-30 14:34:39 | INFO     | OK https://skeb.jp/api/users/crowkarasu03
2026-06-30 14:34:39 | INFO     | Saving at a/skeb/crowkarasu03-eb1218.json
2026-06-30 14:34:40 | INFO     | OK https://skeb.jp/api/users/mgrkkk
2026-06-30 14:34:40 | INFO     | Saving at a/skeb/mgrkkk-c269c0.json
2026-06-30 14:34:41 | INFO     | OK https://skeb.jp/api/users/kounocabbage
2026-06-30 14:34:41 | INFO     | Saving at a/skeb/kounocabbage-e6f9a4.json
2026-06-30 14:34:41 | INFO     | OK https://skeb.jp/api/users/8madein
2026-06-30 14:34:41 | INFO     | Saving at a/skeb/8madein-c9baf0.json
2026-06-30 14:34:42 | INFO     | OK https://skeb.jp/api/users/x_fxUm_x
2026-06-30 14:34:42 | INFO     | Saving at a/skeb/x_fxUm_x-27de7b.json
2026-06-30 14:34:43 | INFO     | OK https://skeb.jp/api/users/waji8823
2026-06-30 14:34:43 | INFO     | Saving at a/skeb/waji8823-a07e2b.json
2026-06-30 14:34:43 | INFO     | OK https://skeb.jp/api/users/chiiiiimayo42
2026-06-30 14:34:43 | INFO     | Saving at a/skeb/chiiiiimayo42-ca5184.json
2026-06-30 14:34:44 | INFO     | OK https://skeb.jp/api/users/akinaih
2026-06-30 14:34:44 | INFO     | Saving at a/skeb/akinaih-027910.json
2026-06-30 14:34:45 | INFO     | OK https://skeb.jp/api/users/O9ZvDTNGXx
2026-06-30 14:34:45 | INFO     | Saving at a/skeb/O9ZvDTNGXx-4079c7.json
2026-06-30 14:34:45 | INFO     | OK https://skeb.jp/api/users/obscnzs
2026-06-30 14:34:45 | INFO     | Saving at a/skeb/obscnzs-96d483.json
2026-06-30 14:34:46 | INFO     | OK https://skeb.jp/api/users/RPuim1
2026-06-30 14:34:46 | INFO     | Saving at a/skeb/RPuim1-9332cb.json
2026-06-30 14:34:47 | INFO     | OK https://skeb.jp/api/users/mary011286
2026-06-30 14:34:47 | INFO     | Saving at a/skeb/mary011286-517627.json
2026-06-30 14:34:47 | INFO     | OK https://skeb.jp/api/users/xoy_mxo555
2026-06-30 14:34:47 | INFO     | Saving at a/skeb/xoy_mxo555-6d8527.json
2026-06-30 14:34:48 | INFO     | OK https://skeb.jp/api/users/Hibana_09
2026-06-30 14:34:48 | INFO     | Saving at a/skeb/Hibana_09-8a5bef.json
2026-06-30 14:34:49 | INFO     | OK https://skeb.jp/api/users/good_threeP
2026-06-30 14:34:49 | INFO     | Saving at a/skeb/good_threeP-36d044.json
2026-06-30 14:34:49 | INFO     | OK https://skeb.jp/api/users/pokemaru06
2026-06-30 14:34:49 | INFO     | Saving at a/skeb/pokemaru06-77e4a2.json
2026-06-30 14:34:50 | INFO     | OK https://skeb.jp/api/users/nyakisssss
2026-06-30 14:34:50 | INFO     | Saving at a/skeb/nyakisssss-64854e.json
2026-06-30 14:34:51 | INFO     | OK https://skeb.jp/api/users/CNP_GITEI_
2026-06-30 14:34:51 | INFO     | Saving at a/skeb/CNP_GITEI_-6831c6.json
2026-06-30 14:34:52 | INFO     | OK https://skeb.jp/api/users/nnedayo_
2026-06-30 14:34:52 | INFO     | Saving at a/skeb/nnedayo_-f22923.json
2026-06-30 14:34:52 | INFO     | OK https://skeb.jp/api/users/1X_TERA_09
2026-06-30 14:34:52 | INFO     | Saving at a/skeb/1X_TERA_09-16ec59.json
2026-06-30 14:34:53 | INFO     | OK https://skeb.jp/api/users/clock_appetizer
2026-06-30 14:34:53 | INFO     | Saving at a/skeb/clock_appetizer-48acba.json
2026-06-30 14:34:53 | INFO     | OK https://skeb.jp/api/users/heiyaasu
2026-06-30 14:34:53 | INFO     | Saving at a/skeb/heiyaasu-8bcc82.json
2026-06-30 14:34:54 | INFO     | OK https://skeb.jp/api/users/haru4aki
2026-06-30 14:34:54 | INFO     | Saving at a/skeb/haru4aki-c52d19.json
2026-06-30 14:34:55 | INFO     | OK https://skeb.jp/api/users/yukiux3
2026-06-30 14:34:55 | INFO     | Saving at a/skeb/yukiux3-1e91e5.json
2026-06-30 14:34:55 | INFO     | OK https://skeb.jp/api/users/konji
2026-06-30 14:34:55 | INFO     | Saving at a/skeb/konji-699917.json
2026-06-30 14:34:56 | INFO     | OK https://skeb.jp/api/users/shineWillow
2026-06-30 14:34:56 | INFO     | Saving at a/skeb/shineWillow-6a23f1.json
2026-06-30 14:34:57 | INFO     | OK https://skeb.jp/api/users/TarotanaT
2026-06-30 14:34:57 | INFO     | Saving at a/skeb/TarotanaT-6e4d88.json
2026-06-30 14:34:57 | INFO     | OK https://skeb.jp/api/users/menta_men
2026-06-30 14:34:57 | INFO     | Saving at a/skeb/menta_men-964d38.json
2026-06-30 14:34:58 | INFO     | OK https://skeb.jp/api/users/btnblart
2026-06-30 14:34:58 | INFO     | Saving at a/skeb/btnblart-76544a.json
2026-06-30 14:34:59 | INFO     | OK https://skeb.jp/api/users/eggprotain
2026-06-30 14:34:59 | INFO     | Saving at a/skeb/eggprotain-3f622e.json
2026-06-30 14:34:59 | INFO     | OK https://skeb.jp/api/users/Uuu_hanabusa
2026-06-30 14:34:59 | INFO     | Saving at a/skeb/Uuu_hanabusa-5cd55c.json
2026-06-30 14:35:00 | INFO     | OK https://skeb.jp/api/users/109Kta510
2026-06-30 14:35:00 | INFO     | Saving at a/skeb/109Kta510-3a751b.json
2026-06-30 14:35:01 | INFO     | OK https://skeb.jp/api/users/k_tt_l
2026-06-30 14:35:01 | INFO     | Saving at a/skeb/k_tt_l-3d2d8f.json
2026-06-30 14:35:01 | INFO     | OK https://skeb.jp/api/users/R_rg
2026-06-30 14:35:01 | INFO     | Saving at a/skeb/R_rg-5c95a9.json
2026-06-30 14:35:02 | INFO     | OK https://skeb.jp/api/users/battle_doctrine
2026-06-30 14:35:02 | INFO     | Saving at a/skeb/battle_doctrine-b6d2bb.json
2026-06-30 14:35:03 | INFO     | OK https://skeb.jp/api/users/yuki_15_nyan
2026-06-30 14:35:03 | INFO     | Saving at a/skeb/yuki_15_nyan-e17d35.json
2026-06-30 14:35:03 | INFO     | OK https://skeb.jp/api/users/huyoyo_yo
2026-06-30 14:35:03 | INFO     | Saving at a/skeb/huyoyo_yo-2b9807.json
2026-06-30 14:35:04 | INFO     | OK https://skeb.jp/api/users/a7777777_a7
2026-06-30 14:35:04 | INFO     | Saving at a/skeb/a7777777_a7-596f83.json
2026-06-30 14:35:05 | INFO     | OK https://skeb.jp/api/users/U0TNK
2026-06-30 14:35:05 | INFO     | Saving at a/skeb/U0TNK-187ae1.json
2026-06-30 14:35:05 | INFO     | OK https://skeb.jp/api/users/odaguri11
2026-06-30 14:35:05 | INFO     | Saving at a/skeb/odaguri11-0d2eef.json
2026-06-30 14:35:06 | INFO     | OK https://skeb.jp/api/users/makkiwotaku_01
2026-06-30 14:35:06 | INFO     | Saving at a/skeb/makkiwotaku_01-7cda44.json
2026-06-30 14:35:07 | INFO     | OK https://skeb.jp/api/users/tan_fantazma
2026-06-30 14:35:07 | INFO     | Saving at a/skeb/tan_fantazma-89ffbd.json
2026-06-30 14:35:08 | INFO     | OK https://skeb.jp/api/users/otoha_haruka64
2026-06-30 14:35:08 | INFO     | Saving at a/skeb/otoha_haruka64-ef20c3.json
2026-06-30 14:35:08 | INFO     | OK https://skeb.jp/api/users/nama_0_0_ko
2026-06-30 14:35:08 | INFO     | Saving at a/skeb/nama_0_0_ko-53bbcb.json
2026-06-30 14:35:09 | INFO     | OK https://skeb.jp/api/users/naemaro_clone
2026-06-30 14:35:09 | INFO     | Saving at a/skeb/naemaro_clone-0ab812.json
2026-06-30 14:35:09 | INFO     | OK https://skeb.jp/api/users/e_sdss
2026-06-30 14:35:09 | INFO     | Saving at a/skeb/e_sdss-9f41d4.json
2026-06-30 14:35:10 | INFO     | OK https://skeb.jp/api/users/IGAgimei
2026-06-30 14:35:10 | INFO     | Saving at a/skeb/IGAgimei-7e1361.json
2026-06-30 14:35:11 | INFO     | OK https://skeb.jp/api/users/__a_b__i
2026-06-30 14:35:11 | INFO     | Saving at a/skeb/__a_b__i-efc8d4.json
2026-06-30 14:35:12 | INFO     | OK https://skeb.jp/api/users/chaco_aya
2026-06-30 14:35:12 | INFO     | Saving at a/skeb/chaco_aya-229f04.json
2026-06-30 14:35:12 | INFO     | OK https://skeb.jp/api/users/xxx_9618
2026-06-30 14:35:12 | INFO     | Saving at a/skeb/xxx_9618-f83bd0.json
2026-06-30 14:35:13 | INFO     | OK https://skeb.jp/api/users/Hell_fuuna
2026-06-30 14:35:13 | INFO     | Saving at a/skeb/Hell_fuuna-cec657.json
2026-06-30 14:35:13 | INFO     | OK https://skeb.jp/api/users/rowhou
2026-06-30 14:35:13 | INFO     | Saving at a/skeb/rowhou-6fd3a6.json
2026-06-30 14:35:14 | INFO     | OK https://skeb.jp/api/users/Miyako_Warf_
2026-06-30 14:35:14 | INFO     | Saving at a/skeb/Miyako_Warf_-9b8aba.json
2026-06-30 14:35:15 | INFO     | OK https://skeb.jp/api/users/te_8te7_
2026-06-30 14:35:15 | INFO     | Saving at a/skeb/te_8te7_-a888e7.json
2026-06-30 14:35:15 | INFO     | OK https://skeb.jp/api/users/i6_uoka
2026-06-30 14:35:15 | INFO     | Saving at a/skeb/i6_uoka-ca5aee.json
2026-06-30 14:35:16 | INFO     | OK https://skeb.jp/api/users/potaseeeeeee
2026-06-30 14:35:16 | INFO     | Saving at a/skeb/potaseeeeeee-358c92.json
2026-06-30 14:35:17 | INFO     | OK https://skeb.jp/api/users/Zilan_1031
2026-06-30 14:35:17 | INFO     | Saving at a/skeb/Zilan_1031-40cb79.json
2026-06-30 14:35:17 | INFO     | OK https://skeb.jp/api/users/wow_syr
2026-06-30 14:35:17 | INFO     | Saving at a/skeb/wow_syr-e33e31.json
2026-06-30 14:35:18 | INFO     | OK https://skeb.jp/api/users/airafukujyu_
2026-06-30 14:35:18 | INFO     | Saving at a/skeb/airafukujyu_-0f2a55.json
2026-06-30 14:35:19 | INFO     | OK https://skeb.jp/api/users/31Isaka_
2026-06-30 14:35:19 | INFO     | Saving at a/skeb/31Isaka_-f9d097.json
2026-06-30 14:35:20 | INFO     | OK https://skeb.jp/api/users/zumoti4
2026-06-30 14:35:20 | INFO     | Saving at a/skeb/zumoti4-88cf74.json
2026-06-30 14:35:20 | INFO     | OK https://skeb.jp/api/users/mayowyi_ill
2026-06-30 14:35:20 | INFO     | Saving at a/skeb/mayowyi_ill-8f3062.json
2026-06-30 14:35:21 | INFO     | OK https://skeb.jp/api/users/natto825
2026-06-30 14:35:21 | INFO     | Saving at a/skeb/natto825-4c0efd.json
2026-06-30 14:35:21 | INFO     | OK https://skeb.jp/api/users/yukisirotubaki
2026-06-30 14:35:21 | INFO     | Saving at a/skeb/yukisirotubaki-7d9911.json
2026-06-30 14:35:22 | INFO     | OK https://skeb.jp/api/users/touseiuta_iru
2026-06-30 14:35:22 | INFO     | Saving at a/skeb/touseiuta_iru-0a2c8b.json
2026-06-30 14:35:23 | INFO     | OK https://skeb.jp/api/users/mint_cat2610
2026-06-30 14:35:23 | INFO     | Saving at a/skeb/mint_cat2610-fc9692.json
2026-06-30 14:35:23 | INFO     | OK https://skeb.jp/api/users/wqsq_
2026-06-30 14:35:23 | INFO     | Saving at a/skeb/wqsq_-f8ad4b.json
2026-06-30 14:35:24 | INFO     | OK https://skeb.jp/api/users/kyuchi_91
2026-06-30 14:35:24 | INFO     | Saving at a/skeb/kyuchi_91-9ff82e.json
2026-06-30 14:35:25 | INFO     | OK https://skeb.jp/api/users/ChuuniHikaru
2026-06-30 14:35:25 | INFO     | Saving at a/skeb/ChuuniHikaru-2e3f72.json
2026-06-30 14:35:25 | INFO     | OK https://skeb.jp/api/users/end_Koga_start
2026-06-30 14:35:25 | INFO     | Saving at a/skeb/end_Koga_start-e45ed2.json
2026-06-30 14:35:26 | INFO     | OK https://skeb.jp/api/users/fukuro_fukufuku
2026-06-30 14:35:26 | INFO     | Saving at a/skeb/fukuro_fukufuku-fbf287.json
2026-06-30 14:35:27 | INFO     | OK https://skeb.jp/api/users/Ruxi_skyblue
2026-06-30 14:35:27 | INFO     | Saving at a/skeb/Ruxi_skyblue-1039fa.json
2026-06-30 14:35:27 | INFO     | OK https://skeb.jp/api/users/Czow
2026-06-30 14:35:27 | INFO     | Saving at a/skeb/Czow-123fe3.json
2026-06-30 14:35:28 | INFO     | OK https://skeb.jp/api/users/guiv_v
2026-06-30 14:35:28 | INFO     | Saving at a/skeb/guiv_v-ac7820.json
2026-06-30 14:35:29 | INFO     | OK https://skeb.jp/api/users/UI_CA14
2026-06-30 14:35:29 | INFO     | Saving at a/skeb/UI_CA14-e4a1a8.json
2026-06-30 14:35:29 | INFO     | OK https://skeb.jp/api/users/Rico_Haruno
2026-06-30 14:35:29 | INFO     | Saving at a/skeb/Rico_Haruno-010740.json
2026-06-30 14:35:30 | INFO     | OK https://skeb.jp/api/users/sozori
2026-06-30 14:35:30 | INFO     | Saving at a/skeb/sozori-4285f0.json
2026-06-30 14:35:31 | INFO     | OK https://skeb.jp/api/users/kohakobe_rikke
2026-06-30 14:35:31 | INFO     | Saving at a/skeb/kohakobe_rikke-f833fc.json
2026-06-30 14:35:31 | INFO     | OK https://skeb.jp/api/users/Lam_B2312
2026-06-30 14:35:31 | INFO     | Saving at a/skeb/Lam_B2312-b00761.json
2026-06-30 14:35:32 | INFO     | OK https://skeb.jp/api/users/sirofugu117
2026-06-30 14:35:32 | INFO     | Saving at a/skeb/sirofugu117-3f8107.json
2026-06-30 14:35:33 | INFO     | OK https://skeb.jp/api/users/harasu888
2026-06-30 14:35:33 | INFO     | Saving at a/skeb/harasu888-2f3da7.json
2026-06-30 14:35:33 | INFO     | OK https://skeb.jp/api/users/Tutukk311ggg
2026-06-30 14:35:33 | INFO     | Saving at a/skeb/Tutukk311ggg-d217ae.json
2026-06-30 14:35:34 | INFO     | OK https://skeb.jp/api/users/mumei0000
2026-06-30 14:35:34 | INFO     | Saving at a/skeb/mumei0000-f0135f.json
2026-06-30 14:35:35 | INFO     | OK https://skeb.jp/api/users/tokono_nozumi
2026-06-30 14:35:35 | INFO     | Saving at a/skeb/tokono_nozumi-51a2c5.json
2026-06-30 14:35:35 | INFO     | OK https://skeb.jp/api/users/haruichi0v0
2026-06-30 14:35:35 | INFO     | Saving at a/skeb/haruichi0v0-476e46.json
2026-06-30 14:35:36 | INFO     | OK https://skeb.jp/api/users/sin_oekaki
2026-06-30 14:35:36 | INFO     | Saving at a/skeb/sin_oekaki-d322f8.json
2026-06-30 14:35:37 | INFO     | OK https://skeb.jp/api/users/hinoAtelier
2026-06-30 14:35:37 | INFO     | Saving at a/skeb/hinoAtelier-a54740.json
2026-06-30 14:35:38 | WARNING  | 404 on https://skeb.jp/api/users/Coon_2_22 (attempt 1/3)
2026-06-30 14:35:38 | INFO     | OK https://skeb.jp/api/users/Nejimath
2026-06-30 14:35:38 | INFO     | Saving at a/skeb/Nejimath-0c6669.json
2026-06-30 14:35:39 | INFO     | OK https://skeb.jp/api/users/ta_tan_live2d
2026-06-30 14:35:39 | INFO     | Saving at a/skeb/ta_tan_live2d-865602.json
2026-06-30 14:35:39 | INFO     | OK https://skeb.jp/api/users/abaraki41
2026-06-30 14:35:39 | INFO     | Saving at a/skeb/abaraki41-158019.json
2026-06-30 14:35:40 | INFO     | OK https://skeb.jp/api/users/mzuue
2026-06-30 14:35:40 | INFO     | Saving at a/skeb/mzuue-098763.json
2026-06-30 14:35:41 | INFO     | OK https://skeb.jp/api/users/tf60_k
2026-06-30 14:35:41 | INFO     | Saving at a/skeb/tf60_k-df3f32.json
2026-06-30 14:35:41 | INFO     | OK https://skeb.jp/api/users/niwacho
2026-06-30 14:35:41 | INFO     | Saving at a/skeb/niwacho-847d23.json
2026-06-30 14:35:42 | INFO     | OK https://skeb.jp/api/users/kakuritou
2026-06-30 14:35:42 | INFO     | Saving at a/skeb/kakuritou-0e9784.json
2026-06-30 14:35:43 | INFO     | OK https://skeb.jp/api/users/L2jL75aMLKjMdJR
2026-06-30 14:35:43 | INFO     | Saving at a/skeb/L2jL75aMLKjMdJR-bd63b6.json
2026-06-30 14:35:44 | WARNING  | 404 on https://skeb.jp/api/users/Coon_2_22 (attempt 2/3)
2026-06-30 14:35:44 | INFO     | OK https://skeb.jp/api/users/S_illustrator02
2026-06-30 14:35:44 | INFO     | Saving at a/skeb/S_illustrator02-14f2be.json
2026-06-30 14:35:45 | INFO     | OK https://skeb.jp/api/users/jd0u0bl
2026-06-30 14:35:45 | INFO     | Saving at a/skeb/jd0u0bl-237b36.json
2026-06-30 14:35:45 | INFO     | OK https://skeb.jp/api/users/8686island
2026-06-30 14:35:45 | INFO     | Saving at a/skeb/8686island-da3fe2.json
2026-06-30 14:35:46 | INFO     | OK https://skeb.jp/api/users/kurobara_momo
2026-06-30 14:35:46 | INFO     | Saving at a/skeb/kurobara_momo-42ad8d.json
2026-06-30 14:35:47 | INFO     | OK https://skeb.jp/api/users/yoshino_hijiri
2026-06-30 14:35:47 | INFO     | Saving at a/skeb/yoshino_hijiri-798b7c.json
2026-06-30 14:35:47 | INFO     | OK https://skeb.jp/api/users/dai__zu
2026-06-30 14:35:47 | INFO     | Saving at a/skeb/dai__zu-abc8cb.json
2026-06-30 14:35:48 | INFO     | OK https://skeb.jp/api/users/tabun_ekaki
2026-06-30 14:35:48 | INFO     | Saving at a/skeb/tabun_ekaki-ef81bd.json
2026-06-30 14:35:49 | INFO     | OK https://skeb.jp/api/users/ori_maru00
2026-06-30 14:35:49 | INFO     | Saving at a/skeb/ori_maru00-378b40.json
2026-06-30 14:35:49 | INFO     | OK https://skeb.jp/api/users/ko_tyanomoto
2026-06-30 14:35:49 | INFO     | Saving at a/skeb/ko_tyanomoto-fae41e.json
2026-06-30 14:35:50 | INFO     | OK https://skeb.jp/api/users/gari250
2026-06-30 14:35:50 | INFO     | Saving at a/skeb/gari250-b91473.json
2026-06-30 14:35:51 | INFO     | OK https://skeb.jp/api/users/LAxPqHLhIiDEXoa
2026-06-30 14:35:51 | INFO     | Saving at a/skeb/LAxPqHLhIiDEXoa-5ff986.json
2026-06-30 14:35:51 | INFO     | OK https://skeb.jp/api/users/nousi_trpg
2026-06-30 14:35:51 | INFO     | Saving at a/skeb/nousi_trpg-08032e.json
2026-06-30 14:35:52 | INFO     | OK https://skeb.jp/api/users/zgtk_guri
2026-06-30 14:35:52 | INFO     | Saving at a/skeb/zgtk_guri-b19d52.json
2026-06-30 14:35:53 | INFO     | OK https://skeb.jp/api/users/tintyougenoni
2026-06-30 14:35:53 | INFO     | Saving at a/skeb/tintyougenoni-bab5b9.json
2026-06-30 14:35:53 | INFO     | OK https://skeb.jp/api/users/Zetsuinu
2026-06-30 14:35:53 | INFO     | Saving at a/skeb/Zetsuinu-2ab3de.json
2026-06-30 14:35:54 | INFO     | OK https://skeb.jp/api/users/yuda_ko037
2026-06-30 14:35:54 | INFO     | Saving at a/skeb/yuda_ko037-1ed2cc.json
2026-06-30 14:35:55 | INFO     | OK https://skeb.jp/api/users/UJjKT
2026-06-30 14:35:55 | INFO     | Saving at a/skeb/UJjKT-4353c7.json
2026-06-30 14:35:55 | INFO     | OK https://skeb.jp/api/users/jikura_F
2026-06-30 14:35:55 | INFO     | Saving at a/skeb/jikura_F-883e04.json
2026-06-30 14:35:56 | INFO     | OK https://skeb.jp/api/users/noomeiry
2026-06-30 14:35:56 | INFO     | Saving at a/skeb/noomeiry-8c690e.json
2026-06-30 14:35:57 | INFO     | OK https://skeb.jp/api/users/NishNish5319
2026-06-30 14:35:57 | INFO     | Saving at a/skeb/NishNish5319-256418.json
2026-06-30 14:35:57 | INFO     | OK https://skeb.jp/api/users/Zzz_Sena_0
2026-06-30 14:35:57 | INFO     | Saving at a/skeb/Zzz_Sena_0-6356ef.json
2026-06-30 14:35:58 | INFO     | OK https://skeb.jp/api/users/Spiral0000ash
2026-06-30 14:35:58 | INFO     | Saving at a/skeb/Spiral0000ash-f60e90.json
2026-06-30 14:35:59 | INFO     | OK https://skeb.jp/api/users/Akatsuki_nemo
2026-06-30 14:35:59 | INFO     | Saving at a/skeb/Akatsuki_nemo-27574e.json
2026-06-30 14:35:59 | INFO     | OK https://skeb.jp/api/users/akamaru_books
2026-06-30 14:35:59 | INFO     | Saving at a/skeb/akamaru_books-89c712.json
2026-06-30 14:36:00 | INFO     | OK https://skeb.jp/api/users/MitoroMuCrowN
2026-06-30 14:36:00 | INFO     | Saving at a/skeb/MitoroMuCrowN-7a4e00.json
2026-06-30 14:36:01 | INFO     | OK https://skeb.jp/api/users/nendo_c
2026-06-30 14:36:01 | INFO     | Saving at a/skeb/nendo_c-ffb370.json
2026-06-30 14:36:01 | INFO     | OK https://skeb.jp/api/users/hukaneko_kuru
2026-06-30 14:36:01 | INFO     | Saving at a/skeb/hukaneko_kuru-4a974f.json
2026-06-30 14:36:02 | INFO     | OK https://skeb.jp/api/users/hyoro0417
2026-06-30 14:36:02 | INFO     | Saving at a/skeb/hyoro0417-ed217d.json
2026-06-30 14:36:03 | INFO     | OK https://skeb.jp/api/users/tarutamago
2026-06-30 14:36:03 | INFO     | Saving at a/skeb/tarutamago-23c146.json
2026-06-30 14:36:03 | INFO     | OK https://skeb.jp/api/users/siro1000
2026-06-30 14:36:03 | INFO     | Saving at a/skeb/siro1000-5c89a5.json
2026-06-30 14:36:04 | INFO     | OK https://skeb.jp/api/users/Me1t
2026-06-30 14:36:04 | INFO     | Saving at a/skeb/Me1t-bdafed.json
2026-06-30 14:36:05 | INFO     | OK https://skeb.jp/api/users/DEofez7
2026-06-30 14:36:05 | INFO     | Saving at a/skeb/DEofez7-e06e2b.json
2026-06-30 14:36:05 | INFO     | OK https://skeb.jp/api/users/nellnell
2026-06-30 14:36:05 | INFO     | Saving at a/skeb/nellnell-876263.json
2026-06-30 14:36:06 | INFO     | OK https://skeb.jp/api/users/Gf4fZ5bxOQz7Fjj
2026-06-30 14:36:06 | INFO     | Saving at a/skeb/Gf4fZ5bxOQz7Fjj-84a685.json
2026-06-30 14:36:07 | WARNING  | 404 on https://skeb.jp/api/users/Coon_2_22 (attempt 3/3)
2026-06-30 14:36:07 | INFO     | Saving at a/skeb/Coon_2_22-904d94.json
2026-06-30 14:36:07 | INFO     | OK https://skeb.jp/api/users/hznk3ms
2026-06-30 14:36:07 | INFO     | Saving at a/skeb/hznk3ms-d46165.json
2026-06-30 14:36:08 | INFO     | OK https://skeb.jp/api/users/chandelar_witch
2026-06-30 14:36:08 | INFO     | Saving at a/skeb/chandelar_witch-9e30c9.json
2026-06-30 14:36:09 | INFO     | OK https://skeb.jp/api/users/Kohakuill
2026-06-30 14:36:09 | INFO     | Saving at a/skeb/Kohakuill-ed982a.json
2026-06-30 14:36:09 | INFO     | OK https://skeb.jp/api/users/tzhiro12
2026-06-30 14:36:09 | INFO     | Saving at a/skeb/tzhiro12-e317cb.json
2026-06-30 14:36:10 | INFO     | OK https://skeb.jp/api/users/ori_dande_TRPG
2026-06-30 14:36:10 | INFO     | Saving at a/skeb/ori_dande_TRPG-999318.json
2026-06-30 14:36:11 | INFO     | OK https://skeb.jp/api/users/7aka_ne11
2026-06-30 14:36:11 | INFO     | Saving at a/skeb/7aka_ne11-98d213.json
2026-06-30 14:36:12 | INFO     | OK https://skeb.jp/api/users/Firefly_channel
2026-06-30 14:36:12 | INFO     | Saving at a/skeb/Firefly_channel-a8bead.json
2026-06-30 14:36:12 | INFO     | OK https://skeb.jp/api/users/Sano
2026-06-30 14:36:12 | INFO     | Saving at a/skeb/Sano-d60d0a.json
2026-06-30 14:36:13 | INFO     | OK https://skeb.jp/api/users/Aoi_Emerauda
2026-06-30 14:36:13 | INFO     | Saving at a/skeb/Aoi_Emerauda-18fdcb.json
2026-06-30 14:36:13 | INFO     | OK https://skeb.jp/api/users/yorunopico
2026-06-30 14:36:13 | INFO     | Saving at a/skeb/yorunopico-41aad0.json
2026-06-30 14:36:14 | INFO     | OK https://skeb.jp/api/users/gFfewuoUtGblUBh
2026-06-30 14:36:14 | INFO     | Saving at a/skeb/gFfewuoUtGblUBh-5ec28e.json
2026-06-30 14:36:15 | INFO     | OK https://skeb.jp/api/users/tsubatori283
2026-06-30 14:36:15 | INFO     | Saving at a/skeb/tsubatori283-47f2f0.json
2026-06-30 14:36:15 | INFO     | OK https://skeb.jp/api/users/marlowe613
2026-06-30 14:36:15 | INFO     | Saving at a/skeb/marlowe613-24c524.json
2026-06-30 14:36:16 | INFO     | OK https://skeb.jp/api/users/yazukiyume
2026-06-30 14:36:16 | INFO     | Saving at a/skeb/yazukiyume-8a7424.json
2026-06-30 14:36:17 | INFO     | OK https://skeb.jp/api/users/knsd03042900
2026-06-30 14:36:17 | INFO     | Saving at a/skeb/knsd03042900-caef95.json
2026-06-30 14:36:17 | INFO     | OK https://skeb.jp/api/users/luuu_nn
2026-06-30 14:36:17 | INFO     | Saving at a/skeb/luuu_nn-b3e205.json
2026-06-30 14:36:18 | INFO     | OK https://skeb.jp/api/users/akizorahiroki
2026-06-30 14:36:18 | INFO     | Saving at a/skeb/akizorahiroki-fd3f3c.json
2026-06-30 14:36:19 | INFO     | OK https://skeb.jp/api/users/Sinonome3556
2026-06-30 14:36:19 | INFO     | Saving at a/skeb/Sinonome3556-b75614.json
2026-06-30 14:36:19 | INFO     | OK https://skeb.jp/api/users/ina1228_
2026-06-30 14:36:19 | INFO     | Saving at a/skeb/ina1228_-66dd6f.json
2026-06-30 14:36:20 | INFO     | OK https://skeb.jp/api/users/nopo_slot
2026-06-30 14:36:20 | INFO     | Saving at a/skeb/nopo_slot-2a4d67.json
2026-06-30 14:36:21 | INFO     | OK https://skeb.jp/api/users/kuluhani_3
2026-06-30 14:36:21 | INFO     | Saving at a/skeb/kuluhani_3-090b7b.json
2026-06-30 14:36:21 | INFO     | OK https://skeb.jp/api/users/mememememerume
2026-06-30 14:36:21 | INFO     | Saving at a/skeb/mememememerume-7bd951.json
2026-06-30 14:36:22 | INFO     | OK https://skeb.jp/api/users/rin5san_0909
2026-06-30 14:36:22 | INFO     | Saving at a/skeb/rin5san_0909-cd4829.json
2026-06-30 14:36:23 | INFO     | OK https://skeb.jp/api/users/ollpl__
2026-06-30 14:36:23 | INFO     | Saving at a/skeb/ollpl__-a2de59.json
2026-06-30 14:36:23 | INFO     | OK https://skeb.jp/api/users/ewokakua
2026-06-30 14:36:23 | INFO     | Saving at a/skeb/ewokakua-136615.json
2026-06-30 14:36:24 | INFO     | OK https://skeb.jp/api/users/chirp_suzu711
2026-06-30 14:36:24 | INFO     | Saving at a/skeb/chirp_suzu711-2a1cc8.json
2026-06-30 14:36:25 | INFO     | OK https://skeb.jp/api/users/niisan2023
2026-06-30 14:36:25 | INFO     | Saving at a/skeb/niisan2023-0db301.json
2026-06-30 14:36:25 | INFO     | OK https://skeb.jp/api/users/ne_gi_si
2026-06-30 14:36:25 | INFO     | Saving at a/skeb/ne_gi_si-42c9e3.json
2026-06-30 14:36:26 | INFO     | OK https://skeb.jp/api/users/mfy_le
2026-06-30 14:36:26 | INFO     | Saving at a/skeb/mfy_le-41cb00.json
2026-06-30 14:36:27 | INFO     | OK https://skeb.jp/api/users/Hitachi
2026-06-30 14:36:27 | INFO     | Saving at a/skeb/Hitachi-c76e5f.json
2026-06-30 14:36:27 | INFO     | OK https://skeb.jp/api/users/asa_pple
2026-06-30 14:36:27 | INFO     | Saving at a/skeb/asa_pple-662ea8.json
2026-06-30 14:36:28 | INFO     | OK https://skeb.jp/api/users/029_counter
2026-06-30 14:36:28 | INFO     | Saving at a/skeb/029_counter-917884.json
2026-06-30 14:36:29 | INFO     | OK https://skeb.jp/api/users/syusyaku_
2026-06-30 14:36:29 | INFO     | Saving at a/skeb/syusyaku_-79673a.json
2026-06-30 14:36:29 | INFO     | OK https://skeb.jp/api/users/IRR_uu11
2026-06-30 14:36:29 | INFO     | Saving at a/skeb/IRR_uu11-e93000.json
2026-06-30 14:36:30 | INFO     | OK https://skeb.jp/api/users/MinMi_0701
2026-06-30 14:36:30 | INFO     | Saving at a/skeb/MinMi_0701-ddd658.json
2026-06-30 14:36:31 | INFO     | OK https://skeb.jp/api/users/mack_0509
2026-06-30 14:36:31 | INFO     | Saving at a/skeb/mack_0509-bea7d4.json
2026-06-30 14:36:31 | INFO     | OK https://skeb.jp/api/users/DaN81070
2026-06-30 14:36:31 | INFO     | Saving at a/skeb/DaN81070-ed8120.json
2026-06-30 14:36:32 | INFO     | OK https://skeb.jp/api/users/Umep_nunu
2026-06-30 14:36:32 | INFO     | Saving at a/skeb/Umep_nunu-a360e3.json
2026-06-30 14:36:33 | INFO     | OK https://skeb.jp/api/users/3ura_Tomoe
2026-06-30 14:36:33 | INFO     | Saving at a/skeb/3ura_Tomoe-318bb9.json
2026-06-30 14:36:33 | INFO     | OK https://skeb.jp/api/users/koharu2100
2026-06-30 14:36:33 | INFO     | Saving at a/skeb/koharu2100-f6e56a.json
2026-06-30 14:36:34 | INFO     | OK https://skeb.jp/api/users/tako_no_uramaki
2026-06-30 14:36:34 | INFO     | Saving at a/skeb/tako_no_uramaki-f92a0a.json
2026-06-30 14:36:35 | INFO     | OK https://skeb.jp/api/users/mottarerati_zu
2026-06-30 14:36:35 | INFO     | Saving at a/skeb/mottarerati_zu-f706f8.json
2026-06-30 14:36:35 | INFO     | OK https://skeb.jp/api/users/kawaseArt
2026-06-30 14:36:35 | INFO     | Saving at a/skeb/kawaseArt-98a73c.json
2026-06-30 14:36:36 | INFO     | OK https://skeb.jp/api/users/Ototo1_3
2026-06-30 14:36:36 | INFO     | Saving at a/skeb/Ototo1_3-3682f3.json
2026-06-30 14:36:37 | INFO     | OK https://skeb.jp/api/users/YOZORA_Art
2026-06-30 14:36:37 | INFO     | Saving at a/skeb/YOZORA_Art-80bdcb.json
2026-06-30 14:36:37 | INFO     | OK https://skeb.jp/api/users/mitugiu1vh
2026-06-30 14:36:37 | INFO     | Saving at a/skeb/mitugiu1vh-5b0d2e.json
2026-06-30 14:36:38 | INFO     | OK https://skeb.jp/api/users/pfloo5
2026-06-30 14:36:38 | INFO     | Saving at a/skeb/pfloo5-b8b8d9.json
2026-06-30 14:36:39 | INFO     | OK https://skeb.jp/api/users/131111__
2026-06-30 14:36:39 | INFO     | Saving at a/skeb/131111__-dbe090.json
2026-06-30 14:36:39 | INFO     | OK https://skeb.jp/api/users/asagin_sky
2026-06-30 14:36:39 | INFO     | Saving at a/skeb/asagin_sky-bdcc99.json
2026-06-30 14:36:40 | INFO     | OK https://skeb.jp/api/users/Sagami_Yunaga
2026-06-30 14:36:40 | INFO     | Saving at a/skeb/Sagami_Yunaga-4d80fc.json
2026-06-30 14:36:41 | INFO     | OK https://skeb.jp/api/users/usuusudayo
2026-06-30 14:36:41 | INFO     | Saving at a/skeb/usuusudayo-8022b9.json
2026-06-30 14:36:41 | INFO     | OK https://skeb.jp/api/users/B2e4t_oo
2026-06-30 14:36:41 | INFO     | Saving at a/skeb/B2e4t_oo-0e1422.json
2026-06-30 14:36:42 | INFO     | OK https://skeb.jp/api/users/puchikeren54
2026-06-30 14:36:42 | INFO     | Saving at a/skeb/puchikeren54-785855.json
2026-06-30 14:36:43 | INFO     | OK https://skeb.jp/api/users/pi10s
2026-06-30 14:36:43 | INFO     | Saving at a/skeb/pi10s-d5ee1c.json
2026-06-30 14:36:43 | INFO     | OK https://skeb.jp/api/users/Azk860
2026-06-30 14:36:43 | INFO     | Saving at a/skeb/Azk860-328eda.json
2026-06-30 14:36:44 | INFO     | OK https://skeb.jp/api/users/20_r1ri
2026-06-30 14:36:44 | INFO     | Saving at a/skeb/20_r1ri-07458a.json
2026-06-30 14:36:45 | INFO     | OK https://skeb.jp/api/users/noritama_24
2026-06-30 14:36:45 | INFO     | Saving at a/skeb/noritama_24-4f1fad.json
2026-06-30 14:36:45 | INFO     | OK https://skeb.jp/api/users/agunosuke
2026-06-30 14:36:45 | INFO     | Saving at a/skeb/agunosuke-7082e8.json
2026-06-30 14:36:46 | INFO     | OK https://skeb.jp/api/users/hibiwarenibosi
2026-06-30 14:36:46 | INFO     | Saving at a/skeb/hibiwarenibosi-741cfd.json
2026-06-30 14:36:47 | INFO     | OK https://skeb.jp/api/users/RoseBla41199580
2026-06-30 14:36:47 | INFO     | Saving at a/skeb/RoseBla41199580-ee344d.json
2026-06-30 14:36:47 | INFO     | OK https://skeb.jp/api/users/inari_satsuki
2026-06-30 14:36:47 | INFO     | Saving at a/skeb/inari_satsuki-84aad1.json
2026-06-30 14:36:48 | INFO     | OK https://skeb.jp/api/users/teimoru__
2026-06-30 14:36:48 | INFO     | Saving at a/skeb/teimoru__-30a968.json
2026-06-30 14:36:49 | INFO     | OK https://skeb.jp/api/users/okuribanto1046
2026-06-30 14:36:49 | INFO     | Saving at a/skeb/okuribanto1046-27516d.json
2026-06-30 14:36:49 | INFO     | OK https://skeb.jp/api/users/ppo_mo0
2026-06-30 14:36:49 | INFO     | Saving at a/skeb/ppo_mo0-4a226c.json
2026-06-30 14:36:50 | WARNING  | 429 on https://skeb.jp/api/users/ramune0221 (attempt 1/3, rate=0.8/s)
2026-06-30 14:36:50 | INFO     | Backing off 1.8s before retry.
2026-06-30 14:36:56 | WARNING  | 429 on https://skeb.jp/api/users/violin25iori (attempt 1/3, rate=0.4/s)
2026-06-30 14:36:56 | INFO     | Backing off 1.6s before retry.
2026-06-30 14:37:06 | WARNING  | 429 on https://skeb.jp/api/users/umi_kisara03 (attempt 1/3, rate=0.3/s)
2026-06-30 14:37:06 | INFO     | Backing off 2.0s before retry.
2026-06-30 14:37:16 | WARNING  | 429 on https://skeb.jp/api/users/hissoriing (attempt 1/3, rate=0.3/s)
2026-06-30 14:37:16 | INFO     | Backing off 2.0s before retry.
2026-06-30 14:37:26 | WARNING  | 429 on https://skeb.jp/api/users/fox_plant (attempt 1/3, rate=0.3/s)
2026-06-30 14:37:26 | INFO     | Backing off 1.7s before retry.
2026-06-30 14:37:36 | WARNING  | 429 on https://skeb.jp/api/users/umi_kisara03 (attempt 2/3, rate=0.3/s)
2026-06-30 14:37:36 | INFO     | Backing off 3.9s before retry.
2026-06-30 14:37:46 | WARNING  | 429 on https://skeb.jp/api/users/oic_oniku (attempt 1/3, rate=0.3/s)
2026-06-30 14:37:46 | INFO     | Backing off 2.1s before retry.
2026-06-30 14:37:56 | WARNING  | 429 on https://skeb.jp/api/users/CurioSity_cn (attempt 1/3, rate=0.3/s)
2026-06-30 14:37:56 | INFO     | Backing off 1.8s before retry.
2026-06-30 14:38:06 | WARNING  | 429 on https://skeb.jp/api/users/a_ku_ya (attempt 1/3, rate=0.3/s)
2026-06-30 14:38:06 | INFO     | Backing off 2.1s before retry.
2026-06-30 14:38:16 | WARNING  | 429 on https://skeb.jp/api/users/ramune0221 (attempt 2/3, rate=0.3/s)
2026-06-30 14:38:16 | INFO     | Backing off 4.1s before retry.
2026-06-30 14:38:26 | WARNING  | 429 on https://skeb.jp/api/users/hissoriing (attempt 2/3, rate=0.3/s)
2026-06-30 14:38:26 | INFO     | Backing off 3.3s before retry.
2026-06-30 14:38:36 | WARNING  | 429 on https://skeb.jp/api/users/violin25iori (attempt 2/3, rate=0.3/s)
2026-06-30 14:38:36 | INFO     | Backing off 3.7s before retry.
2026-06-30 14:38:46 | WARNING  | 429 on https://skeb.jp/api/users/CurioSity_cn (attempt 2/3, rate=0.3/s)
2026-06-30 14:38:46 | INFO     | Backing off 4.7s before retry.
2026-06-30 14:38:56 | WARNING  | 429 on https://skeb.jp/api/users/ramune0221 (attempt 3/3, rate=0.3/s)
2026-06-30 14:39:06 | WARNING  | 429 on https://skeb.jp/api/users/niza_game (attempt 1/3, rate=0.3/s)
2026-06-30 14:39:06 | INFO     | Backing off 1.6s before retry.
2026-06-30 14:39:16 | WARNING  | 429 on https://skeb.jp/api/users/a_ku_ya (attempt 2/3, rate=0.3/s)
2026-06-30 14:39:16 | INFO     | Backing off 4.6s before retry.
2026-06-30 14:39:26 | WARNING  | 429 on https://skeb.jp/api/users/violin25iori (attempt 3/3, rate=0.3/s)
2026-06-30 14:39:36 | WARNING  | 429 on https://skeb.jp/api/users/umi_kisara03 (attempt 3/3, rate=0.3/s)
2026-06-30 14:39:36 | INFO     | Ending pipeline prematurely
2026-06-30 14:39:36 | INFO     |  --- SUMMARY REPORT --- 
  Sources Retreived    : 141092
  Profiles Fetched     : 334
  Profile Missing      : 3
  Profile Rate Limited : 2
  Profile Error Others : 0

2026-06-30 14:39:36 | INFO     | Started creating static api data.
2026-06-30 14:41:09 | INFO     | Album index written to a/albums/index.json (316 albums)
