2026-09-07 03:03:09 | INFO     | Initialized Data Store.
2026-09-07 03:03:09 | INFO     | Homepage GET status=200 (attempt 1/3)
2026-09-07 03:03:09 | WARNING  | request_key not found in homepage HTML (status=200).
2026-09-07 03:03:09 | INFO     | SkebClient ready (impersonate=chrome120, rate=1.0/s, concurrency=10, max_runtime=10800s)
2026-09-07 03:05:00 | INFO     | Ready to scrape 87 items
2026-09-07 03:05:00 | WARNING  | 404 on https://skeb.jp/api/users/kagoyama_sns (attempt 1/3)
2026-09-07 03:05:01 | INFO     | OK https://skeb.jp/api/users/kuro__1213x
2026-09-07 03:05:01 | INFO     | Saving at a/skeb/kuro__1213x-3e5054.json
2026-09-07 03:05:02 | WARNING  | 404 on https://skeb.jp/api/users/Llu_ulg (attempt 1/3)
2026-09-07 03:05:03 | INFO     | OK https://skeb.jp/api/users/wrhkaeru
2026-09-07 03:05:03 | INFO     | Saving at a/skeb/wrhkaeru-c9ca30.json
2026-09-07 03:05:04 | WARNING  | 404 on https://skeb.jp/api/users/p_pfp5 (attempt 1/3)
2026-09-07 03:05:05 | WARNING  | 404 on https://skeb.jp/api/users/Llu_ulg (attempt 2/3)
2026-09-07 03:05:06 | INFO     | OK https://skeb.jp/api/users/Moo3061
2026-09-07 03:05:06 | INFO     | Saving at a/skeb/Moo3061-744fea.json
2026-09-07 03:05:07 | WARNING  | 404 on https://skeb.jp/api/users/3hankikan0220 (attempt 1/3)
2026-09-07 03:05:08 | WARNING  | 404 on https://skeb.jp/api/users/p_pfp5 (attempt 2/3)
2026-09-07 03:05:09 | WARNING  | 404 on https://skeb.jp/api/users/oshino_Iriss (attempt 1/3)
2026-09-07 03:05:10 | WARNING  | 404 on https://skeb.jp/api/users/fukafuka_no_inu (attempt 1/3)
2026-09-07 03:05:11 | INFO     | OK https://skeb.jp/api/users/pitopito009
2026-09-07 03:05:11 | INFO     | Saving at a/skeb/pitopito009-70ec88.json
2026-09-07 03:05:12 | WARNING  | 404 on https://skeb.jp/api/users/kagoyama_sns (attempt 2/3)
2026-09-07 03:05:13 | WARNING  | 404 on https://skeb.jp/api/users/p_pfp5 (attempt 3/3)
2026-09-07 03:05:14 | WARNING  | 404 on https://skeb.jp/api/users/29Kota2 (attempt 1/3)
2026-09-07 03:05:15 | WARNING  | 404 on https://skeb.jp/api/users/oshino_Iriss (attempt 2/3)
2026-09-07 03:05:16 | WARNING  | 404 on https://skeb.jp/api/users/Llu_ulg (attempt 3/3)
2026-09-07 03:05:17 | WARNING  | 404 on https://skeb.jp/api/users/77_t2w (attempt 1/3)
2026-09-07 03:05:18 | INFO     | OK https://skeb.jp/api/users/nanimodekiyasne
2026-09-07 03:05:18 | INFO     | Saving at a/skeb/nanimodekiyasne-939167.json
2026-09-07 03:05:19 | INFO     | OK https://skeb.jp/api/users/kanotoinu
2026-09-07 03:05:19 | INFO     | Saving at a/skeb/kanotoinu-2f829a.json
2026-09-07 03:05:20 | INFO     | OK https://skeb.jp/api/users/ZUC1129
2026-09-07 03:05:20 | INFO     | Saving at a/skeb/ZUC1129-4ff9d6.json
2026-09-07 03:05:21 | WARNING  | 404 on https://skeb.jp/api/users/oshino_Iriss (attempt 3/3)
2026-09-07 03:05:22 | WARNING  | 404 on https://skeb.jp/api/users/77_t2w (attempt 2/3)
2026-09-07 03:05:23 | WARNING  | 404 on https://skeb.jp/api/users/yamin_himamo23 (attempt 1/3)
2026-09-07 03:05:24 | WARNING  | 404 on https://skeb.jp/api/users/Geshi_to_ (attempt 1/3)
2026-09-07 03:05:25 | WARNING  | 404 on https://skeb.jp/api/users/fukafuka_no_inu (attempt 2/3)
2026-09-07 03:05:26 | WARNING  | 404 on https://skeb.jp/api/users/29Kota2 (attempt 2/3)
2026-09-07 03:05:27 | WARNING  | 404 on https://skeb.jp/api/users/yamin_himamo23 (attempt 2/3)
2026-09-07 03:05:28 | WARNING  | 404 on https://skeb.jp/api/users/Geshi_to_ (attempt 2/3)
2026-09-07 03:05:29 | WARNING  | 404 on https://skeb.jp/api/users/ghcfujfc1 (attempt 1/3)
2026-09-07 03:05:30 | INFO     | OK https://skeb.jp/api/users/Matsushima0413
2026-09-07 03:05:30 | INFO     | Saving at a/skeb/Matsushima0413-835f50.json
2026-09-07 03:05:31 | WARNING  | 404 on https://skeb.jp/api/users/fukafuka_no_inu (attempt 3/3)
2026-09-07 03:05:32 | WARNING  | 404 on https://skeb.jp/api/users/ghcfujfc1 (attempt 2/3)
2026-09-07 03:05:33 | WARNING  | 404 on https://skeb.jp/api/users/3hankikan0220 (attempt 2/3)
2026-09-07 03:05:34 | WARNING  | 404 on https://skeb.jp/api/users/Geshi_to_ (attempt 3/3)
2026-09-07 03:05:35 | WARNING  | 404 on https://skeb.jp/api/users/77_t2w (attempt 3/3)
2026-09-07 03:05:36 | WARNING  | 404 on https://skeb.jp/api/users/yamin_himamo23 (attempt 3/3)
2026-09-07 03:05:37 | WARNING  | 404 on https://skeb.jp/api/users/killy810 (attempt 1/3)
2026-09-07 03:05:39 | WARNING  | 404 on https://skeb.jp/api/users/ghcfujfc1 (attempt 3/3)
2026-09-07 03:05:39 | WARNING  | 404 on https://skeb.jp/api/users/kiNero30901 (attempt 1/3)
2026-09-07 03:05:40 | WARNING  | 404 on https://skeb.jp/api/users/soraumi2000_50_ (attempt 1/3)
2026-09-07 03:05:41 | WARNING  | 404 on https://skeb.jp/api/users/3hankikan0220 (attempt 3/3)
2026-09-07 03:05:42 | WARNING  | 404 on https://skeb.jp/api/users/29Kota2 (attempt 3/3)
2026-09-07 03:05:43 | WARNING  | 404 on https://skeb.jp/api/users/soraumi2000_50_ (attempt 2/3)
2026-09-07 03:05:44 | WARNING  | 404 on https://skeb.jp/api/users/Iam_Ciikawa (attempt 1/3)
2026-09-07 03:05:45 | WARNING  | 404 on https://skeb.jp/api/users/EDO__nyan (attempt 1/3)
2026-09-07 03:05:46 | WARNING  | 404 on https://skeb.jp/api/users/kiNero30901 (attempt 2/3)
2026-09-07 03:05:47 | INFO     | OK https://skeb.jp/api/users/Rurie_Aquarium
2026-09-07 03:05:47 | INFO     | Saving at a/skeb/Rurie_Aquarium-ee5a6a.json
2026-09-07 03:05:48 | WARNING  | 404 on https://skeb.jp/api/users/Iam_Ciikawa (attempt 2/3)
2026-09-07 03:05:49 | WARNING  | 404 on https://skeb.jp/api/users/soraumi2000_50_ (attempt 3/3)
2026-09-07 03:05:50 | INFO     | OK https://skeb.jp/api/users/tamineko
2026-09-07 03:05:50 | INFO     | Saving at a/skeb/tamineko-a73aea.json
2026-09-07 03:05:51 | WARNING  | 404 on https://skeb.jp/api/users/kiNero30901 (attempt 3/3)
2026-09-07 03:05:52 | WARNING  | 404 on https://skeb.jp/api/users/toxizaki (attempt 1/3)
2026-09-07 03:05:53 | INFO     | OK https://skeb.jp/api/users/_kuma_x_kuma_
2026-09-07 03:05:53 | INFO     | Saving at a/skeb/_kuma_x_kuma_-9415d6.json
2026-09-07 03:05:54 | WARNING  | 404 on https://skeb.jp/api/users/Henzu_23 (attempt 1/3)
2026-09-07 03:05:55 | WARNING  | 404 on https://skeb.jp/api/users/scy2222 (attempt 1/3)
2026-09-07 03:05:56 | WARNING  | 404 on https://skeb.jp/api/users/toxizaki (attempt 2/3)
2026-09-07 03:05:57 | WARNING  | 404 on https://skeb.jp/api/users/kokorono_376 (attempt 1/3)
2026-09-07 03:05:58 | WARNING  | 404 on https://skeb.jp/api/users/killy810 (attempt 2/3)
2026-09-07 03:05:59 | WARNING  | 404 on https://skeb.jp/api/users/EDO__nyan (attempt 2/3)
2026-09-07 03:06:00 | WARNING  | 404 on https://skeb.jp/api/users/kokorono_376 (attempt 2/3)
2026-09-07 03:06:01 | INFO     | OK https://skeb.jp/api/users/yodarenisuto
2026-09-07 03:06:01 | INFO     | Saving at a/skeb/yodarenisuto-ea878d.json
2026-09-07 03:06:03 | WARNING  | 404 on https://skeb.jp/api/users/toxizaki (attempt 3/3)
2026-09-07 03:06:03 | WARNING  | 404 on https://skeb.jp/api/users/killy810 (attempt 3/3)
2026-09-07 03:06:04 | WARNING  | 404 on https://skeb.jp/api/users/kagoyama_sns (attempt 3/3)
2026-09-07 03:06:06 | WARNING  | 404 on https://skeb.jp/api/users/EDO__nyan (attempt 3/3)
2026-09-07 03:06:06 | INFO     | OK https://skeb.jp/api/users/muco_lita
2026-09-07 03:06:06 | INFO     | Saving at a/skeb/muco_lita-7b8fb7.json
2026-09-07 03:06:07 | WARNING  | 404 on https://skeb.jp/api/users/polar_kuma62 (attempt 1/3)
2026-09-07 03:06:08 | WARNING  | 404 on https://skeb.jp/api/users/_meruruto_ (attempt 1/3)
2026-09-07 03:06:09 | WARNING  | 404 on https://skeb.jp/api/users/Iam_Ciikawa (attempt 3/3)
2026-09-07 03:06:10 | WARNING  | 404 on https://skeb.jp/api/users/polar_kuma62 (attempt 2/3)
2026-09-07 03:06:11 | INFO     | OK https://skeb.jp/api/users/osatou_5757
2026-09-07 03:06:11 | INFO     | Saving at a/skeb/osatou_5757-f05f54.json
2026-09-07 03:06:12 | INFO     | OK https://skeb.jp/api/users/rariru_rero_1
2026-09-07 03:06:12 | INFO     | Saving at a/skeb/rariru_rero_1-1febcd.json
2026-09-07 03:06:13 | INFO     | OK https://skeb.jp/api/users/JARVO50803261
2026-09-07 03:06:13 | INFO     | Saving at a/skeb/JARVO50803261-ee813e.json
2026-09-07 03:06:14 | WARNING  | 404 on https://skeb.jp/api/users/mimei_Illust (attempt 1/3)
2026-09-07 03:06:15 | WARNING  | 404 on https://skeb.jp/api/users/scy2222 (attempt 2/3)
2026-09-07 03:06:16 | INFO     | OK https://skeb.jp/api/users/00Haruma
2026-09-07 03:06:16 | INFO     | Saving at a/skeb/00Haruma-379ef4.json
2026-09-07 03:06:17 | WARNING  | 404 on https://skeb.jp/api/users/kokorono_376 (attempt 3/3)
2026-09-07 03:06:18 | WARNING  | 404 on https://skeb.jp/api/users/ronn_irai (attempt 1/3)
2026-09-07 03:06:19 | WARNING  | 404 on https://skeb.jp/api/users/nattamati_ (attempt 1/3)
2026-09-07 03:06:20 | WARNING  | 404 on https://skeb.jp/api/users/Henzu_23 (attempt 2/3)
2026-09-07 03:06:21 | WARNING  | 404 on https://skeb.jp/api/users/scy2222 (attempt 3/3)
2026-09-07 03:06:22 | WARNING  | 404 on https://skeb.jp/api/users/polar_kuma62 (attempt 3/3)
2026-09-07 03:06:23 | WARNING  | 404 on https://skeb.jp/api/users/kotonesansukida (attempt 1/3)
2026-09-07 03:06:24 | WARNING  | 404 on https://skeb.jp/api/users/mimei_Illust (attempt 2/3)
2026-09-07 03:06:25 | WARNING  | 404 on https://skeb.jp/api/users/ronn_irai (attempt 2/3)
2026-09-07 03:06:26 | WARNING  | 404 on https://skeb.jp/api/users/pgpcvDCE9G (attempt 1/3)
2026-09-07 03:06:27 | INFO     | OK https://skeb.jp/api/users/Owozora0
2026-09-07 03:06:27 | INFO     | Saving at a/skeb/Owozora0-8fa915.json
2026-09-07 03:06:29 | WARNING  | 404 on https://skeb.jp/api/users/Henzu_23 (attempt 3/3)
2026-09-07 03:06:29 | WARNING  | 404 on https://skeb.jp/api/users/8oSSUHCnXXz4tBp (attempt 1/3)
2026-09-07 03:06:30 | INFO     | OK https://skeb.jp/api/users/Aquila_0316
2026-09-07 03:06:30 | INFO     | Saving at a/skeb/Aquila_0316-aa37d0.json
2026-09-07 03:06:31 | WARNING  | 404 on https://skeb.jp/api/users/kotonesansukida (attempt 2/3)
2026-09-07 03:06:32 | WARNING  | 404 on https://skeb.jp/api/users/nattamati_ (attempt 2/3)
2026-09-07 03:06:33 | WARNING  | 404 on https://skeb.jp/api/users/mimei_Illust (attempt 3/3)
2026-09-07 03:06:34 | WARNING  | 404 on https://skeb.jp/api/users/pgpcvDCE9G (attempt 2/3)
2026-09-07 03:06:35 | WARNING  | 404 on https://skeb.jp/api/users/ronn_irai (attempt 3/3)
2026-09-07 03:06:36 | WARNING  | 404 on https://skeb.jp/api/users/T4k73gqSZ26h5si (attempt 1/3)
2026-09-07 03:06:37 | WARNING  | 404 on https://skeb.jp/api/users/_meruruto_ (attempt 2/3)
2026-09-07 03:06:38 | INFO     | OK https://skeb.jp/api/users/kimamani_on
2026-09-07 03:06:38 | INFO     | Saving at a/skeb/kimamani_on-3a9087.json
2026-09-07 03:06:39 | INFO     | OK https://skeb.jp/api/users/Namidalife
2026-09-07 03:06:39 | INFO     | Saving at a/skeb/Namidalife-5af4df.json
2026-09-07 03:06:40 | WARNING  | 404 on https://skeb.jp/api/users/kotonesansukida (attempt 3/3)
2026-09-07 03:06:41 | INFO     | OK https://skeb.jp/api/users/osn__0
2026-09-07 03:06:41 | INFO     | Saving at a/skeb/osn__0-f8e14e.json
2026-09-07 03:06:42 | WARNING  | 404 on https://skeb.jp/api/users/T4k73gqSZ26h5si (attempt 2/3)
2026-09-07 03:06:43 | WARNING  | 404 on https://skeb.jp/api/users/8oSSUHCnXXz4tBp (attempt 2/3)
2026-09-07 03:06:44 | WARNING  | 404 on https://skeb.jp/api/users/fm7hxj (attempt 1/3)
2026-09-07 03:06:45 | INFO     | OK https://skeb.jp/api/users/gomadenp
2026-09-07 03:06:45 | INFO     | Saving at a/skeb/gomadenp-67287f.json
2026-09-07 03:06:46 | WARNING  | 404 on https://skeb.jp/api/users/pgpcvDCE9G (attempt 3/3)
2026-09-07 03:06:47 | WARNING  | 404 on https://skeb.jp/api/users/_meruruto_ (attempt 3/3)
2026-09-07 03:06:48 | INFO     | OK https://skeb.jp/api/users/mo_mokuzu
2026-09-07 03:06:48 | INFO     | Saving at a/skeb/mo_mokuzu-9f4ed0.json
2026-09-07 03:06:49 | INFO     | OK https://skeb.jp/api/users/weaponman777
2026-09-07 03:06:49 | INFO     | Saving at a/skeb/weaponman777-254d3d.json
2026-09-07 03:06:50 | WARNING  | 404 on https://skeb.jp/api/users/fm7hxj (attempt 2/3)
2026-09-07 03:06:51 | INFO     | OK https://skeb.jp/api/users/para11423
2026-09-07 03:06:51 | INFO     | Saving at a/skeb/para11423-3627f2.json
2026-09-07 03:06:52 | INFO     | OK https://skeb.jp/api/users/7chiko_onpu
2026-09-07 03:06:52 | INFO     | Saving at a/skeb/7chiko_onpu-2aea46.json
2026-09-07 03:06:53 | INFO     | OK https://skeb.jp/api/users/k_u_r_o_illust
2026-09-07 03:06:53 | INFO     | Saving at a/skeb/k_u_r_o_illust-afd57d.json
2026-09-07 03:06:55 | WARNING  | 404 on https://skeb.jp/api/users/nattamati_ (attempt 3/3)
2026-09-07 03:06:55 | INFO     | OK https://skeb.jp/api/users/sera_grigio
2026-09-07 03:06:55 | INFO     | Saving at a/skeb/sera_grigio-dd0f70.json
2026-09-07 03:06:57 | WARNING  | 404 on https://skeb.jp/api/users/fm7hxj (attempt 3/3)
2026-09-07 03:06:57 | WARNING  | 404 on https://skeb.jp/api/users/8oSSUHCnXXz4tBp (attempt 3/3)
2026-09-07 03:06:58 | INFO     | OK https://skeb.jp/api/users/6ta
2026-09-07 03:06:58 | INFO     | Saving at a/skeb/6ta-eb8cc4.json
2026-09-07 03:06:59 | WARNING  | 404 on https://skeb.jp/api/users/se3ifinal (attempt 1/3)
2026-09-07 03:07:00 | WARNING  | 404 on https://skeb.jp/api/users/m3x3_sk (attempt 1/3)
2026-09-07 03:07:01 | INFO     | OK https://skeb.jp/api/users/stardust_utas
2026-09-07 03:07:01 | INFO     | Saving at a/skeb/stardust_utas-460b9e.json
2026-09-07 03:07:02 | WARNING  | 404 on https://skeb.jp/api/users/T4k73gqSZ26h5si (attempt 3/3)
2026-09-07 03:07:03 | WARNING  | 404 on https://skeb.jp/api/users/nyatta_san (attempt 1/3)
2026-09-07 03:07:04 | WARNING  | 404 on https://skeb.jp/api/users/Genkyou (attempt 1/3)
2026-09-07 03:07:05 | INFO     | OK https://skeb.jp/api/users/planetchan0
2026-09-07 03:07:05 | INFO     | Saving at a/skeb/planetchan0-4725c0.json
2026-09-07 03:07:06 | WARNING  | 404 on https://skeb.jp/api/users/se3ifinal (attempt 2/3)
2026-09-07 03:07:07 | WARNING  | 404 on https://skeb.jp/api/users/meguru_nero (attempt 1/3)
2026-09-07 03:07:08 | WARNING  | 404 on https://skeb.jp/api/users/sakayama_lazuli (attempt 1/3)
2026-09-07 03:07:09 | WARNING  | 404 on https://skeb.jp/api/users/Ryuzi_27 (attempt 1/3)
2026-09-07 03:07:10 | WARNING  | 404 on https://skeb.jp/api/users/meguru_nero (attempt 2/3)
2026-09-07 03:07:11 | WARNING  | 404 on https://skeb.jp/api/users/Genkyou (attempt 2/3)
2026-09-07 03:07:13 | WARNING  | 404 on https://skeb.jp/api/users/se3ifinal (attempt 3/3)
2026-09-07 03:07:13 | WARNING  | 404 on https://skeb.jp/api/users/m3x3_sk (attempt 2/3)
2026-09-07 03:07:14 | WARNING  | 404 on https://skeb.jp/api/users/nyatta_san (attempt 2/3)
2026-09-07 03:07:15 | WARNING  | 404 on https://skeb.jp/api/users/kasha0927 (attempt 1/3)
2026-09-07 03:07:16 | WARNING  | 404 on https://skeb.jp/api/users/meguru_nero (attempt 3/3)
2026-09-07 03:07:17 | WARNING  | 404 on https://skeb.jp/api/users/Ryuzi_27 (attempt 2/3)
2026-09-07 03:07:18 | WARNING  | 404 on https://skeb.jp/api/users/923kaku (attempt 1/3)
2026-09-07 03:07:19 | INFO     | OK https://skeb.jp/api/users/kmmrfity
2026-09-07 03:07:19 | INFO     | Saving at a/skeb/kmmrfity-a54b64.json
2026-09-07 03:07:20 | INFO     | OK https://skeb.jp/api/users/Ginu_nj
2026-09-07 03:07:20 | INFO     | Saving at a/skeb/Ginu_nj-80c720.json
2026-09-07 03:07:21 | WARNING  | 404 on https://skeb.jp/api/users/aki_ra3_ (attempt 1/3)
2026-09-07 03:07:22 | WARNING  | 404 on https://skeb.jp/api/users/Genkyou (attempt 3/3)
2026-09-07 03:07:23 | WARNING  | 404 on https://skeb.jp/api/users/sakayama_lazuli (attempt 2/3)
2026-09-07 03:07:24 | WARNING  | 404 on https://skeb.jp/api/users/kasha0927 (attempt 2/3)
2026-09-07 03:07:25 | INFO     | OK https://skeb.jp/api/users/tonarinouma
2026-09-07 03:07:25 | INFO     | Saving at a/skeb/tonarinouma-3555c8.json
2026-09-07 03:07:26 | INFO     | OK https://skeb.jp/api/users/poizosim
2026-09-07 03:07:26 | INFO     | Saving at a/skeb/poizosim-82cfce.json
2026-09-07 03:07:28 | WARNING  | 404 on https://skeb.jp/api/users/Ryuzi_27 (attempt 3/3)
2026-09-07 03:07:28 | WARNING  | 404 on https://skeb.jp/api/users/lkjeudnduy44 (attempt 1/3)
2026-09-07 03:07:29 | WARNING  | 404 on https://skeb.jp/api/users/923kaku (attempt 2/3)
2026-09-07 03:07:30 | WARNING  | 404 on https://skeb.jp/api/users/nyatta_san (attempt 3/3)
2026-09-07 03:07:31 | WARNING  | 404 on https://skeb.jp/api/users/Axnya (attempt 1/3)
2026-09-07 03:07:32 | WARNING  | 404 on https://skeb.jp/api/users/kasha0927 (attempt 3/3)
2026-09-07 03:07:33 | WARNING  | 404 on https://skeb.jp/api/users/aki_ra3_ (attempt 2/3)
2026-09-07 03:07:34 | WARNING  | 404 on https://skeb.jp/api/users/lkjeudnduy44 (attempt 2/3)
2026-09-07 03:07:35 | WARNING  | 404 on https://skeb.jp/api/users/Axnya (attempt 2/3)
2026-09-07 03:07:36 | WARNING  | 404 on https://skeb.jp/api/users/Uo_oU_us (attempt 1/3)
2026-09-07 03:07:37 | WARNING  | 404 on https://skeb.jp/api/users/vHoo__ (attempt 1/3)
2026-09-07 03:07:38 | WARNING  | 404 on https://skeb.jp/api/users/aki_ra3_ (attempt 3/3)
2026-09-07 03:07:40 | WARNING  | 404 on https://skeb.jp/api/users/m3x3_sk (attempt 3/3)
2026-09-07 03:07:40 | INFO     | OK https://skeb.jp/api/users/ria_syo
2026-09-07 03:07:40 | INFO     | Saving at a/skeb/ria_syo-892956.json
2026-09-07 03:07:41 | INFO     | OK https://skeb.jp/api/users/kazafukikashin
2026-09-07 03:07:41 | INFO     | Saving at a/skeb/kazafukikashin-2b58c4.json
2026-09-07 03:07:42 | WARNING  | 404 on https://skeb.jp/api/users/sakayama_lazuli (attempt 3/3)
2026-09-07 03:07:43 | INFO     | OK https://skeb.jp/api/users/takanashi_0126
2026-09-07 03:07:43 | INFO     | Saving at a/skeb/takanashi_0126-7f9533.json
2026-09-07 03:07:44 | INFO     | OK https://skeb.jp/api/users/sime_re_are
2026-09-07 03:07:44 | INFO     | Saving at a/skeb/sime_re_are-c9ba8e.json
2026-09-07 03:07:46 | WARNING  | 404 on https://skeb.jp/api/users/lkjeudnduy44 (attempt 3/3)
2026-09-07 03:07:47 | WARNING  | 404 on https://skeb.jp/api/users/923kaku (attempt 3/3)
2026-09-07 03:07:47 | WARNING  | 404 on https://skeb.jp/api/users/vHoo__ (attempt 2/3)
2026-09-07 03:07:48 | WARNING  | 404 on https://skeb.jp/api/users/NOm0y0i (attempt 1/3)
2026-09-07 03:07:49 | WARNING  | 404 on https://skeb.jp/api/users/Uo_oU_us (attempt 2/3)
2026-09-07 03:07:50 | WARNING  | 404 on https://skeb.jp/api/users/mimamorichan (attempt 1/3)
2026-09-07 03:07:51 | WARNING  | 404 on https://skeb.jp/api/users/Axnya (attempt 3/3)
2026-09-07 03:07:52 | WARNING  | 404 on https://skeb.jp/api/users/NOm0y0i (attempt 2/3)
2026-09-07 03:07:54 | INFO     | OK https://skeb.jp/api/users/Denchunekoooo
2026-09-07 03:07:54 | INFO     | Saving at a/skeb/Denchunekoooo-6c4208.json
2026-09-07 03:07:54 | WARNING  | 404 on https://skeb.jp/api/users/mimamorichan (attempt 2/3)
2026-09-07 03:07:55 | WARNING  | 404 on https://skeb.jp/api/users/Uo_oU_us (attempt 3/3)
2026-09-07 03:07:56 | WARNING  | 404 on https://skeb.jp/api/users/vHoo__ (attempt 3/3)
2026-09-07 03:07:57 | WARNING  | 404 on https://skeb.jp/api/users/NOm0y0i (attempt 3/3)
2026-09-07 03:07:59 | WARNING  | 404 on https://skeb.jp/api/users/mimamorichan (attempt 3/3)
2026-09-07 03:07:59 | INFO     |  --- SUMMARY REPORT --- 
  Sources Retreived    : 87
  Profiles Fetched     : 41
  Profile Missing      : 46
  Profile Rate Limited : 0
  Profile Error Others : 0

2026-09-07 03:07:59 | INFO     | Started creating static api data.
2026-09-07 03:09:52 | INFO     | Album index written to a/albums/index.json (496 albums)
