2026-08-10 13:44:08 | INFO     | Initialized Data Store.
2026-08-10 13:44:09 | INFO     | Homepage GET status=200 (attempt 1/3)
2026-08-10 13:44:09 | WARNING  | request_key not found in homepage HTML (status=200).
2026-08-10 13:44:09 | INFO     | SkebClient ready (impersonate=chrome120, rate=1.0/s, concurrency=10, max_runtime=10800s)
2026-08-10 13:45:50 | INFO     | Ready to scrape 75 items
2026-08-10 13:45:50 | INFO     | OK https://skeb.jp/api/users/Itohi__dayo
2026-08-10 13:45:50 | INFO     | Saving at a/skeb/Itohi__dayo-35964f.json
2026-08-10 13:45:51 | INFO     | OK https://skeb.jp/api/users/mizna14spl
2026-08-10 13:45:51 | INFO     | Saving at a/skeb/mizna14spl-d53030.json
2026-08-10 13:45:52 | INFO     | OK https://skeb.jp/api/users/_komakichi
2026-08-10 13:45:52 | INFO     | Saving at a/skeb/_komakichi-597622.json
2026-08-10 13:45:53 | INFO     | OK https://skeb.jp/api/users/neko_sig
2026-08-10 13:45:53 | INFO     | Saving at a/skeb/neko_sig-e88df3.json
2026-08-10 13:45:54 | WARNING  | 404 on https://skeb.jp/api/users/77_t2w (attempt 1/3)
2026-08-10 13:45:55 | INFO     | OK https://skeb.jp/api/users/T_kzt02_0x0
2026-08-10 13:45:55 | INFO     | Saving at a/skeb/T_kzt02_0x0-c9a843.json
2026-08-10 13:45:56 | WARNING  | 404 on https://skeb.jp/api/users/lkjeudnduy44 (attempt 1/3)
2026-08-10 13:45:57 | INFO     | OK https://skeb.jp/api/users/ashikawa_mame
2026-08-10 13:45:57 | INFO     | Saving at a/skeb/ashikawa_mame-0b26b7.json
2026-08-10 13:45:58 | WARNING  | 404 on https://skeb.jp/api/users/soraumi2000_50_ (attempt 1/3)
2026-08-10 13:45:59 | WARNING  | 404 on https://skeb.jp/api/users/mimei_Illust (attempt 1/3)
2026-08-10 13:46:00 | WARNING  | 404 on https://skeb.jp/api/users/lkjeudnduy44 (attempt 2/3)
2026-08-10 13:46:01 | WARNING  | 404 on https://skeb.jp/api/users/soraumi2000_50_ (attempt 2/3)
2026-08-10 13:46:02 | WARNING  | 404 on https://skeb.jp/api/users/Uo_oU_us (attempt 1/3)
2026-08-10 13:46:03 | WARNING  | 404 on https://skeb.jp/api/users/mimei_Illust (attempt 2/3)
2026-08-10 13:46:04 | WARNING  | 404 on https://skeb.jp/api/users/se3ifinal (attempt 1/3)
2026-08-10 13:46:05 | WARNING  | 404 on https://skeb.jp/api/users/mimamorichan (attempt 1/3)
2026-08-10 13:46:06 | WARNING  | 404 on https://skeb.jp/api/users/soraumi2000_50_ (attempt 3/3)
2026-08-10 13:46:07 | WARNING  | 404 on https://skeb.jp/api/users/lkjeudnduy44 (attempt 3/3)
2026-08-10 13:46:08 | INFO     | OK https://skeb.jp/api/users/nagimiso_v
2026-08-10 13:46:08 | INFO     | Saving at a/skeb/nagimiso_v-91cac9.json
2026-08-10 13:46:09 | WARNING  | 404 on https://skeb.jp/api/users/Uo_oU_us (attempt 2/3)
2026-08-10 13:46:10 | INFO     | OK https://skeb.jp/api/users/yoo_del
2026-08-10 13:46:10 | INFO     | Saving at a/skeb/yoo_del-4c8ce6.json
2026-08-10 13:46:11 | WARNING  | 404 on https://skeb.jp/api/users/m3x3_sk (attempt 1/3)
2026-08-10 13:46:12 | WARNING  | 404 on https://skeb.jp/api/users/Genkyou (attempt 1/3)
2026-08-10 13:46:13 | INFO     | OK https://skeb.jp/api/users/irohaaaaaaaaas
2026-08-10 13:46:13 | INFO     | Saving at a/skeb/irohaaaaaaaaas-2e77ae.json
2026-08-10 13:46:14 | WARNING  | 404 on https://skeb.jp/api/users/77_t2w (attempt 2/3)
2026-08-10 13:46:15 | WARNING  | 404 on https://skeb.jp/api/users/3hankikan0220 (attempt 1/3)
2026-08-10 13:46:16 | WARNING  | 404 on https://skeb.jp/api/users/Genkyou (attempt 2/3)
2026-08-10 13:46:17 | WARNING  | 404 on https://skeb.jp/api/users/m3x3_sk (attempt 2/3)
2026-08-10 13:46:18 | WARNING  | 404 on https://skeb.jp/api/users/kokorono_376 (attempt 1/3)
2026-08-10 13:46:19 | WARNING  | 404 on https://skeb.jp/api/users/mimamorichan (attempt 2/3)
2026-08-10 13:46:20 | WARNING  | 404 on https://skeb.jp/api/users/77_t2w (attempt 3/3)
2026-08-10 13:46:21 | WARNING  | 404 on https://skeb.jp/api/users/se3ifinal (attempt 2/3)
2026-08-10 13:46:22 | WARNING  | 404 on https://skeb.jp/api/users/Genkyou (attempt 3/3)
2026-08-10 13:46:23 | WARNING  | 404 on https://skeb.jp/api/users/Uo_oU_us (attempt 3/3)
2026-08-10 13:46:24 | WARNING  | 404 on https://skeb.jp/api/users/kokorono_376 (attempt 2/3)
2026-08-10 13:46:25 | WARNING  | 404 on https://skeb.jp/api/users/vHoo__ (attempt 1/3)
2026-08-10 13:46:26 | WARNING  | 404 on https://skeb.jp/api/users/Geshi_to_ (attempt 1/3)
2026-08-10 13:46:27 | WARNING  | 404 on https://skeb.jp/api/users/mimamorichan (attempt 3/3)
2026-08-10 13:46:28 | WARNING  | 404 on https://skeb.jp/api/users/mimei_Illust (attempt 3/3)
2026-08-10 13:46:29 | WARNING  | 404 on https://skeb.jp/api/users/Geshi_to_ (attempt 2/3)
2026-08-10 13:46:30 | INFO     | OK https://skeb.jp/api/users/nekonso
2026-08-10 13:46:30 | INFO     | Saving at a/skeb/nekonso-4f9750.json
2026-08-10 13:46:31 | INFO     | OK https://skeb.jp/api/users/sekinko_
2026-08-10 13:46:31 | INFO     | Saving at a/skeb/sekinko_-71a02c.json
2026-08-10 13:46:32 | WARNING  | 404 on https://skeb.jp/api/users/aki_ra3_ (attempt 1/3)
2026-08-10 13:46:33 | WARNING  | 404 on https://skeb.jp/api/users/m3x3_sk (attempt 3/3)
2026-08-10 13:46:34 | WARNING  | 404 on https://skeb.jp/api/users/kokorono_376 (attempt 3/3)
2026-08-10 13:46:35 | WARNING  | 404 on https://skeb.jp/api/users/Geshi_to_ (attempt 3/3)
2026-08-10 13:46:36 | WARNING  | 404 on https://skeb.jp/api/users/aki_ra3_ (attempt 2/3)
2026-08-10 13:46:37 | WARNING  | 404 on https://skeb.jp/api/users/29Kota2 (attempt 1/3)
2026-08-10 13:46:38 | WARNING  | 404 on https://skeb.jp/api/users/se3ifinal (attempt 3/3)
2026-08-10 13:46:39 | INFO     | OK https://skeb.jp/api/users/mitsushiki0003
2026-08-10 13:46:39 | INFO     | Saving at a/skeb/mitsushiki0003-ee7718.json
2026-08-10 13:46:40 | WARNING  | 404 on https://skeb.jp/api/users/vHoo__ (attempt 2/3)
2026-08-10 13:46:41 | WARNING  | 404 on https://skeb.jp/api/users/aki_ra3_ (attempt 3/3)
2026-08-10 13:46:42 | WARNING  | 404 on https://skeb.jp/api/users/3hankikan0220 (attempt 2/3)
2026-08-10 13:46:43 | WARNING  | 404 on https://skeb.jp/api/users/8oSSUHCnXXz4tBp (attempt 1/3)
2026-08-10 13:46:44 | WARNING  | 404 on https://skeb.jp/api/users/29Kota2 (attempt 2/3)
2026-08-10 13:46:45 | WARNING  | 404 on https://skeb.jp/api/users/killy810 (attempt 1/3)
2026-08-10 13:46:46 | INFO     | OK https://skeb.jp/api/users/Meow25Meow
2026-08-10 13:46:46 | INFO     | Saving at a/skeb/Meow25Meow-fa1ab2.json
2026-08-10 13:46:47 | WARNING  | 404 on https://skeb.jp/api/users/8oSSUHCnXXz4tBp (attempt 2/3)
2026-08-10 13:46:48 | WARNING  | 404 on https://skeb.jp/api/users/killy810 (attempt 2/3)
2026-08-10 13:46:49 | WARNING  | 404 on https://skeb.jp/api/users/Henzu_23 (attempt 1/3)
2026-08-10 13:46:50 | WARNING  | 404 on https://skeb.jp/api/users/3hankikan0220 (attempt 3/3)
2026-08-10 13:46:51 | INFO     | OK https://skeb.jp/api/users/RonMel88198880
2026-08-10 13:46:51 | INFO     | Saving at a/skeb/RonMel88198880-4a8658.json
2026-08-10 13:46:52 | INFO     | OK https://skeb.jp/api/users/akutonoeru0
2026-08-10 13:46:52 | INFO     | Saving at a/skeb/akutonoeru0-21d2a4.json
2026-08-10 13:46:53 | WARNING  | 404 on https://skeb.jp/api/users/8oSSUHCnXXz4tBp (attempt 3/3)
2026-08-10 13:46:54 | WARNING  | 404 on https://skeb.jp/api/users/killy810 (attempt 3/3)
2026-08-10 13:46:55 | INFO     | OK https://skeb.jp/api/users/hiepiza
2026-08-10 13:46:55 | INFO     | Saving at a/skeb/hiepiza-912665.json
2026-08-10 13:46:56 | WARNING  | 404 on https://skeb.jp/api/users/p_pfp5 (attempt 1/3)
2026-08-10 13:46:57 | WARNING  | 404 on https://skeb.jp/api/users/fukafuka_no_inu (attempt 1/3)
2026-08-10 13:46:58 | WARNING  | 404 on https://skeb.jp/api/users/EDO__nyan (attempt 1/3)
2026-08-10 13:46:59 | INFO     | OK https://skeb.jp/api/users/nanasiakuru000
2026-08-10 13:46:59 | INFO     | Saving at a/skeb/nanasiakuru000-50f106.json
2026-08-10 13:47:00 | WARNING  | 404 on https://skeb.jp/api/users/p_pfp5 (attempt 2/3)
2026-08-10 13:47:01 | WARNING  | 404 on https://skeb.jp/api/users/fukafuka_no_inu (attempt 2/3)
2026-08-10 13:47:02 | WARNING  | 404 on https://skeb.jp/api/users/Henzu_23 (attempt 2/3)
2026-08-10 13:47:03 | INFO     | OK https://skeb.jp/api/users/mayo_ebino
2026-08-10 13:47:03 | INFO     | Saving at a/skeb/mayo_ebino-a386b3.json
2026-08-10 13:47:04 | WARNING  | 404 on https://skeb.jp/api/users/pgpcvDCE9G (attempt 1/3)
2026-08-10 13:47:05 | INFO     | OK https://skeb.jp/api/users/MIGSN_154
2026-08-10 13:47:05 | INFO     | Saving at a/skeb/MIGSN_154-dcb3f7.json
2026-08-10 13:47:06 | WARNING  | 404 on https://skeb.jp/api/users/EDO__nyan (attempt 2/3)
2026-08-10 13:47:07 | INFO     | OK https://skeb.jp/api/users/takaki058
2026-08-10 13:47:07 | INFO     | Saving at a/skeb/takaki058-e89451.json
2026-08-10 13:47:08 | WARNING  | 404 on https://skeb.jp/api/users/fukafuka_no_inu (attempt 3/3)
2026-08-10 13:47:09 | WARNING  | 404 on https://skeb.jp/api/users/oshino_Iriss (attempt 1/3)
2026-08-10 13:47:10 | WARNING  | 404 on https://skeb.jp/api/users/ghcfujfc1 (attempt 1/3)
2026-08-10 13:47:11 | WARNING  | 404 on https://skeb.jp/api/users/EDO__nyan (attempt 3/3)
2026-08-10 13:47:12 | WARNING  | 404 on https://skeb.jp/api/users/29Kota2 (attempt 3/3)
2026-08-10 13:47:13 | WARNING  | 404 on https://skeb.jp/api/users/oshino_Iriss (attempt 2/3)
2026-08-10 13:47:14 | INFO     | OK https://skeb.jp/api/users/O8_hakO
2026-08-10 13:47:14 | INFO     | Saving at a/skeb/O8_hakO-4d7a80.json
2026-08-10 13:47:15 | INFO     | OK https://skeb.jp/api/users/noseru_kun
2026-08-10 13:47:15 | INFO     | Saving at a/skeb/noseru_kun-9bf5b9.json
2026-08-10 13:47:16 | WARNING  | 404 on https://skeb.jp/api/users/_meruruto_ (attempt 1/3)
2026-08-10 13:47:17 | WARNING  | 404 on https://skeb.jp/api/users/NOm0y0i (attempt 1/3)
2026-08-10 13:47:18 | WARNING  | 404 on https://skeb.jp/api/users/oshino_Iriss (attempt 3/3)
2026-08-10 13:47:19 | WARNING  | 404 on https://skeb.jp/api/users/polar_kuma62 (attempt 1/3)
2026-08-10 13:47:20 | WARNING  | 404 on https://skeb.jp/api/users/vHoo__ (attempt 3/3)
2026-08-10 13:47:21 | WARNING  | 404 on https://skeb.jp/api/users/Henzu_23 (attempt 3/3)
2026-08-10 13:47:22 | WARNING  | 404 on https://skeb.jp/api/users/polar_kuma62 (attempt 2/3)
2026-08-10 13:47:23 | WARNING  | 404 on https://skeb.jp/api/users/Llu_ulg (attempt 1/3)
2026-08-10 13:47:24 | WARNING  | 404 on https://skeb.jp/api/users/NOm0y0i (attempt 2/3)
2026-08-10 13:47:25 | WARNING  | 404 on https://skeb.jp/api/users/yamin_himamo23 (attempt 1/3)
2026-08-10 13:47:26 | WARNING  | 404 on https://skeb.jp/api/users/_meruruto_ (attempt 2/3)
2026-08-10 13:47:27 | WARNING  | 404 on https://skeb.jp/api/users/polar_kuma62 (attempt 3/3)
2026-08-10 13:47:28 | WARNING  | 404 on https://skeb.jp/api/users/p_pfp5 (attempt 3/3)
2026-08-10 13:47:29 | WARNING  | 404 on https://skeb.jp/api/users/NOm0y0i (attempt 3/3)
2026-08-10 13:47:30 | INFO     | OK https://skeb.jp/api/users/l8oztUCOlH3Vase
2026-08-10 13:47:30 | INFO     | Saving at a/skeb/l8oztUCOlH3Vase-157496.json
2026-08-10 13:47:31 | WARNING  | 404 on https://skeb.jp/api/users/_meruruto_ (attempt 3/3)
2026-08-10 13:47:32 | WARNING  | 404 on https://skeb.jp/api/users/ghcfujfc1 (attempt 2/3)
2026-08-10 13:47:33 | WARNING  | 404 on https://skeb.jp/api/users/yamin_himamo23 (attempt 2/3)
2026-08-10 13:47:34 | WARNING  | 404 on https://skeb.jp/api/users/T4k73gqSZ26h5si (attempt 1/3)
2026-08-10 13:47:35 | WARNING  | 404 on https://skeb.jp/api/users/fm7hxj (attempt 1/3)
2026-08-10 13:47:36 | WARNING  | 404 on https://skeb.jp/api/users/Llu_ulg (attempt 2/3)
2026-08-10 13:47:37 | WARNING  | 404 on https://skeb.jp/api/users/scy2222 (attempt 1/3)
2026-08-10 13:47:38 | WARNING  | 404 on https://skeb.jp/api/users/kagoyama_sns (attempt 1/3)
2026-08-10 13:47:39 | WARNING  | 404 on https://skeb.jp/api/users/yamin_himamo23 (attempt 3/3)
2026-08-10 13:47:40 | WARNING  | 404 on https://skeb.jp/api/users/scy2222 (attempt 2/3)
2026-08-10 13:47:41 | WARNING  | 404 on https://skeb.jp/api/users/fm7hxj (attempt 2/3)
2026-08-10 13:47:42 | WARNING  | 404 on https://skeb.jp/api/users/Ryuzi_27 (attempt 1/3)
2026-08-10 13:47:43 | WARNING  | 404 on https://skeb.jp/api/users/toxizaki (attempt 1/3)
2026-08-10 13:47:44 | WARNING  | 404 on https://skeb.jp/api/users/pgpcvDCE9G (attempt 2/3)
2026-08-10 13:47:45 | WARNING  | 404 on https://skeb.jp/api/users/Llu_ulg (attempt 3/3)
2026-08-10 13:47:46 | WARNING  | 404 on https://skeb.jp/api/users/nattamati_ (attempt 1/3)
2026-08-10 13:47:47 | WARNING  | 404 on https://skeb.jp/api/users/toxizaki (attempt 2/3)
2026-08-10 13:47:48 | WARNING  | 404 on https://skeb.jp/api/users/ghcfujfc1 (attempt 3/3)
2026-08-10 13:47:49 | WARNING  | 404 on https://skeb.jp/api/users/pgpcvDCE9G (attempt 3/3)
2026-08-10 13:47:50 | WARNING  | 404 on https://skeb.jp/api/users/Ryuzi_27 (attempt 2/3)
2026-08-10 13:47:51 | WARNING  | 404 on https://skeb.jp/api/users/T4k73gqSZ26h5si (attempt 2/3)
2026-08-10 13:47:52 | WARNING  | 404 on https://skeb.jp/api/users/toxizaki (attempt 3/3)
2026-08-10 13:47:53 | WARNING  | 404 on https://skeb.jp/api/users/scy2222 (attempt 3/3)
2026-08-10 13:47:54 | WARNING  | 404 on https://skeb.jp/api/users/Iam_Ciikawa (attempt 1/3)
2026-08-10 13:47:55 | WARNING  | 404 on https://skeb.jp/api/users/nyatta_san (attempt 1/3)
2026-08-10 13:47:56 | WARNING  | 404 on https://skeb.jp/api/users/fm7hxj (attempt 3/3)
2026-08-10 13:47:57 | WARNING  | 404 on https://skeb.jp/api/users/T4k73gqSZ26h5si (attempt 3/3)
2026-08-10 13:47:58 | WARNING  | 404 on https://skeb.jp/api/users/Ryuzi_27 (attempt 3/3)
2026-08-10 13:47:59 | WARNING  | 404 on https://skeb.jp/api/users/nyatta_san (attempt 2/3)
2026-08-10 13:48:00 | WARNING  | 404 on https://skeb.jp/api/users/kagoyama_sns (attempt 2/3)
2026-08-10 13:48:01 | WARNING  | 404 on https://skeb.jp/api/users/meguru_nero (attempt 1/3)
2026-08-10 13:48:02 | WARNING  | 404 on https://skeb.jp/api/users/Iam_Ciikawa (attempt 2/3)
2026-08-10 13:48:03 | WARNING  | 404 on https://skeb.jp/api/users/nattamati_ (attempt 2/3)
2026-08-10 13:48:04 | INFO     | OK https://skeb.jp/api/users/CielLeticia
2026-08-10 13:48:04 | INFO     | Saving at a/skeb/CielLeticia-f0531a.json
2026-08-10 13:48:05 | WARNING  | 404 on https://skeb.jp/api/users/meguru_nero (attempt 2/3)
2026-08-10 13:48:06 | WARNING  | 404 on https://skeb.jp/api/users/ronn_irai (attempt 1/3)
2026-08-10 13:48:07 | WARNING  | 404 on https://skeb.jp/api/users/nyatta_san (attempt 3/3)
2026-08-10 13:48:08 | WARNING  | 404 on https://skeb.jp/api/users/nattamati_ (attempt 3/3)
2026-08-10 13:48:09 | WARNING  | 404 on https://skeb.jp/api/users/ronn_irai (attempt 2/3)
2026-08-10 13:48:10 | WARNING  | 404 on https://skeb.jp/api/users/Iam_Ciikawa (attempt 3/3)
2026-08-10 13:48:11 | WARNING  | 404 on https://skeb.jp/api/users/923kaku (attempt 1/3)
2026-08-10 13:48:12 | WARNING  | 404 on https://skeb.jp/api/users/sakayama_lazuli (attempt 1/3)
2026-08-10 13:48:13 | INFO     | OK https://skeb.jp/api/users/saltydanshark
2026-08-10 13:48:13 | INFO     | Saving at a/skeb/saltydanshark-40554b.json
2026-08-10 13:48:14 | WARNING  | 404 on https://skeb.jp/api/users/kagoyama_sns (attempt 3/3)
2026-08-10 13:48:15 | WARNING  | 404 on https://skeb.jp/api/users/923kaku (attempt 2/3)
2026-08-10 13:48:16 | WARNING  | 404 on https://skeb.jp/api/users/sakayama_lazuli (attempt 2/3)
2026-08-10 13:48:17 | WARNING  | 404 on https://skeb.jp/api/users/ronn_irai (attempt 3/3)
2026-08-10 13:48:18 | INFO     | OK https://skeb.jp/api/users/tomoe_kunoe
2026-08-10 13:48:18 | INFO     | Saving at a/skeb/tomoe_kunoe-4200b9.json
2026-08-10 13:48:19 | WARNING  | 404 on https://skeb.jp/api/users/meguru_nero (attempt 3/3)
2026-08-10 13:48:20 | WARNING  | 404 on https://skeb.jp/api/users/kotonesansukida (attempt 1/3)
2026-08-10 13:48:21 | WARNING  | 404 on https://skeb.jp/api/users/kasha0927 (attempt 1/3)
2026-08-10 13:48:22 | WARNING  | 404 on https://skeb.jp/api/users/923kaku (attempt 3/3)
2026-08-10 13:48:23 | WARNING  | 404 on https://skeb.jp/api/users/kotonesansukida (attempt 2/3)
2026-08-10 13:48:24 | WARNING  | 404 on https://skeb.jp/api/users/Axnya (attempt 1/3)
2026-08-10 13:48:25 | WARNING  | 404 on https://skeb.jp/api/users/kasha0927 (attempt 2/3)
2026-08-10 13:48:26 | WARNING  | 404 on https://skeb.jp/api/users/sakayama_lazuli (attempt 3/3)
2026-08-10 13:48:27 | WARNING  | 404 on https://skeb.jp/api/users/Axnya (attempt 2/3)
2026-08-10 13:48:28 | INFO     | OK https://skeb.jp/api/users/misagocheese
2026-08-10 13:48:28 | INFO     | Saving at a/skeb/misagocheese-91d6b8.json
2026-08-10 13:48:29 | INFO     | OK https://skeb.jp/api/users/mechacoquelico
2026-08-10 13:48:29 | INFO     | Saving at a/skeb/mechacoquelico-131617.json
2026-08-10 13:48:30 | INFO     | OK https://skeb.jp/api/users/komaduka
2026-08-10 13:48:30 | INFO     | Saving at a/skeb/komaduka-ed25b6.json
2026-08-10 13:48:31 | WARNING  | 404 on https://skeb.jp/api/users/kasha0927 (attempt 3/3)
2026-08-10 13:48:32 | WARNING  | 404 on https://skeb.jp/api/users/Axnya (attempt 3/3)
2026-08-10 13:48:33 | WARNING  | 404 on https://skeb.jp/api/users/kiNero30901 (attempt 1/3)
2026-08-10 13:48:34 | WARNING  | 404 on https://skeb.jp/api/users/kotonesansukida (attempt 3/3)
2026-08-10 13:48:35 | WARNING  | 404 on https://skeb.jp/api/users/kiNero30901 (attempt 2/3)
2026-08-10 13:48:39 | WARNING  | 404 on https://skeb.jp/api/users/kiNero30901 (attempt 3/3)
2026-08-10 13:48:39 | INFO     |  --- SUMMARY REPORT --- 
  Sources Retreived    : 75
  Profiles Fetched     : 29
  Profile Missing      : 46
  Profile Rate Limited : 0
  Profile Error Others : 0

2026-08-10 13:48:39 | INFO     | Started creating static api data.
2026-08-10 13:50:21 | INFO     | Album index written to a/albums/index.json (430 albums)
