2026-08-22 15:29:49 | INFO     | Initialized Data Store.
2026-08-22 15:29:50 | INFO     | Homepage GET status=200 (attempt 1/3)
2026-08-22 15:29:50 | WARNING  | request_key not found in homepage HTML (status=200).
2026-08-22 15:29:50 | INFO     | SkebClient ready (impersonate=chrome120, rate=1.0/s, concurrency=10, max_runtime=10800s)
2026-08-22 15:31:35 | INFO     | Ready to scrape 182 items
2026-08-22 15:31:35 | WARNING  | 404 on https://skeb.jp/api/users/scy2222 (attempt 1/3)
2026-08-22 15:31:36 | WARNING  | 404 on https://skeb.jp/api/users/meguru_nero (attempt 1/3)
2026-08-22 15:31:37 | WARNING  | 404 on https://skeb.jp/api/users/toxizaki (attempt 1/3)
2026-08-22 15:31:38 | WARNING  | 404 on https://skeb.jp/api/users/oshino_Iriss (attempt 1/3)
2026-08-22 15:31:39 | INFO     | OK https://skeb.jp/api/users/rutimo777
2026-08-22 15:31:39 | INFO     | Saving at a/skeb/rutimo777-f2cb94.json
2026-08-22 15:31:40 | WARNING  | 404 on https://skeb.jp/api/users/meguru_nero (attempt 2/3)
2026-08-22 15:31:41 | INFO     | OK https://skeb.jp/api/users/KumadeNico_V
2026-08-22 15:31:41 | INFO     | Saving at a/skeb/KumadeNico_V-90f8da.json
2026-08-22 15:31:42 | INFO     | OK https://skeb.jp/api/users/s_rgbw03
2026-08-22 15:31:42 | INFO     | Saving at a/skeb/s_rgbw03-bf5b7d.json
2026-08-22 15:31:43 | WARNING  | 404 on https://skeb.jp/api/users/kagoyama_sns (attempt 1/3)
2026-08-22 15:31:44 | WARNING  | 404 on https://skeb.jp/api/users/kiNero30901 (attempt 1/3)
2026-08-22 15:31:45 | WARNING  | 404 on https://skeb.jp/api/users/meguru_nero (attempt 3/3)
2026-08-22 15:31:46 | WARNING  | 404 on https://skeb.jp/api/users/oshino_Iriss (attempt 2/3)
2026-08-22 15:31:47 | WARNING  | 404 on https://skeb.jp/api/users/kagoyama_sns (attempt 2/3)
2026-08-22 15:31:48 | INFO     | OK https://skeb.jp/api/users/kisaraggg_27
2026-08-22 15:31:48 | INFO     | Saving at a/skeb/kisaraggg_27-9d31aa.json
2026-08-22 15:31:49 | INFO     | OK https://skeb.jp/api/users/nnn00drere
2026-08-22 15:31:49 | INFO     | Saving at a/skeb/nnn00drere-766893.json
2026-08-22 15:31:50 | INFO     | OK https://skeb.jp/api/users/kirzzzo0
2026-08-22 15:31:50 | INFO     | Saving at a/skeb/kirzzzo0-94f48a.json
2026-08-22 15:31:51 | WARNING  | 404 on https://skeb.jp/api/users/Llu_ulg (attempt 1/3)
2026-08-22 15:31:52 | WARNING  | 404 on https://skeb.jp/api/users/kiNero30901 (attempt 2/3)
2026-08-22 15:31:53 | WARNING  | 404 on https://skeb.jp/api/users/toxizaki (attempt 2/3)
2026-08-22 15:31:54 | INFO     | OK https://skeb.jp/api/users/yuuKurema
2026-08-22 15:31:54 | INFO     | Saving at a/skeb/yuuKurema-edb7d8.json
2026-08-22 15:31:55 | WARNING  | 404 on https://skeb.jp/api/users/Llu_ulg (attempt 2/3)
2026-08-22 15:31:56 | WARNING  | 404 on https://skeb.jp/api/users/oshino_Iriss (attempt 3/3)
2026-08-22 15:31:57 | INFO     | OK https://skeb.jp/api/users/anSihB2DzT
2026-08-22 15:31:57 | INFO     | Saving at a/skeb/anSihB2DzT-ed45a5.json
2026-08-22 15:31:58 | WARNING  | 404 on https://skeb.jp/api/users/scy2222 (attempt 2/3)
2026-08-22 15:31:59 | INFO     | OK https://skeb.jp/api/users/VmEuW2JxhgVyOlW
2026-08-22 15:31:59 | INFO     | Saving at a/skeb/VmEuW2JxhgVyOlW-6ef4ed.json
2026-08-22 15:32:00 | WARNING  | 404 on https://skeb.jp/api/users/kagoyama_sns (attempt 3/3)
2026-08-22 15:32:01 | WARNING  | 404 on https://skeb.jp/api/users/Llu_ulg (attempt 3/3)
2026-08-22 15:32:02 | WARNING  | 404 on https://skeb.jp/api/users/toxizaki (attempt 3/3)
2026-08-22 15:32:03 | WARNING  | 404 on https://skeb.jp/api/users/NOm0y0i (attempt 1/3)
2026-08-22 15:32:04 | INFO     | OK https://skeb.jp/api/users/rin0n_1zaya
2026-08-22 15:32:04 | INFO     | Saving at a/skeb/rin0n_1zaya-c3885d.json
2026-08-22 15:32:06 | WARNING  | 404 on https://skeb.jp/api/users/kiNero30901 (attempt 3/3)
2026-08-22 15:32:06 | INFO     | OK https://skeb.jp/api/users/soukifrog
2026-08-22 15:32:06 | INFO     | Saving at a/skeb/soukifrog-ac0387.json
2026-08-22 15:32:07 | INFO     | OK https://skeb.jp/api/users/sumeragiPalette
2026-08-22 15:32:07 | INFO     | Saving at a/skeb/sumeragiPalette-988e10.json
2026-08-22 15:32:08 | INFO     | OK https://skeb.jp/api/users/awaikt
2026-08-22 15:32:08 | INFO     | Saving at a/skeb/awaikt-317627.json
2026-08-22 15:32:09 | INFO     | OK https://skeb.jp/api/users/larisame_
2026-08-22 15:32:09 | INFO     | Saving at a/skeb/larisame_-56086a.json
2026-08-22 15:32:10 | INFO     | OK https://skeb.jp/api/users/Onlymv
2026-08-22 15:32:10 | INFO     | Saving at a/skeb/Onlymv-75940b.json
2026-08-22 15:32:11 | WARNING  | 404 on https://skeb.jp/api/users/NOm0y0i (attempt 2/3)
2026-08-22 15:32:12 | INFO     | OK https://skeb.jp/api/users/to2zenbut
2026-08-22 15:32:12 | INFO     | Saving at a/skeb/to2zenbut-d244ab.json
2026-08-22 15:32:13 | WARNING  | 404 on https://skeb.jp/api/users/se3ifinal (attempt 1/3)
2026-08-22 15:32:14 | WARNING  | 404 on https://skeb.jp/api/users/8oSSUHCnXXz4tBp (attempt 1/3)
2026-08-22 15:32:15 | INFO     | OK https://skeb.jp/api/users/nuzee_s
2026-08-22 15:32:15 | INFO     | Saving at a/skeb/nuzee_s-e79827.json
2026-08-22 15:32:16 | INFO     | OK https://skeb.jp/api/users/Imaging0125
2026-08-22 15:32:16 | INFO     | Saving at a/skeb/Imaging0125-dd2303.json
2026-08-22 15:32:17 | WARNING  | 404 on https://skeb.jp/api/users/NOm0y0i (attempt 3/3)
2026-08-22 15:32:18 | WARNING  | 404 on https://skeb.jp/api/users/lkjeudnduy44 (attempt 1/3)
2026-08-22 15:32:19 | INFO     | OK https://skeb.jp/api/users/rukia_690
2026-08-22 15:32:19 | INFO     | Saving at a/skeb/rukia_690-216a2a.json
2026-08-22 15:32:20 | INFO     | OK https://skeb.jp/api/users/TchelQi
2026-08-22 15:32:20 | INFO     | Saving at a/skeb/TchelQi-deb963.json
2026-08-22 15:32:21 | WARNING  | 404 on https://skeb.jp/api/users/se3ifinal (attempt 2/3)
2026-08-22 15:32:22 | INFO     | OK https://skeb.jp/api/users/yomisen1
2026-08-22 15:32:22 | INFO     | Saving at a/skeb/yomisen1-3e6516.json
2026-08-22 15:32:23 | INFO     | OK https://skeb.jp/api/users/saeki_001
2026-08-22 15:32:23 | INFO     | Saving at a/skeb/saeki_001-a41fe4.json
2026-08-22 15:32:24 | WARNING  | 404 on https://skeb.jp/api/users/scy2222 (attempt 3/3)
2026-08-22 15:32:26 | WARNING  | 404 on https://skeb.jp/api/users/lkjeudnduy44 (attempt 2/3)
2026-08-22 15:32:26 | INFO     | OK https://skeb.jp/api/users/kikukawa00
2026-08-22 15:32:26 | INFO     | Saving at a/skeb/kikukawa00-e4b9f7.json
2026-08-22 15:32:27 | INFO     | OK https://skeb.jp/api/users/ttqss
2026-08-22 15:32:27 | INFO     | Saving at a/skeb/ttqss-898ee9.json
2026-08-22 15:32:28 | WARNING  | 404 on https://skeb.jp/api/users/8oSSUHCnXXz4tBp (attempt 2/3)
2026-08-22 15:32:29 | INFO     | OK https://skeb.jp/api/users/sou_diary
2026-08-22 15:32:29 | INFO     | Saving at a/skeb/sou_diary-392ef2.json
2026-08-22 15:32:30 | INFO     | OK https://skeb.jp/api/users/mangabou
2026-08-22 15:32:30 | INFO     | Saving at a/skeb/mangabou-e5b1b0.json
2026-08-22 15:32:31 | INFO     | OK https://skeb.jp/api/users/96gan3
2026-08-22 15:32:31 | INFO     | Saving at a/skeb/96gan3-0b5b07.json
2026-08-22 15:32:32 | WARNING  | 404 on https://skeb.jp/api/users/mimei_Illust (attempt 1/3)
2026-08-22 15:32:33 | INFO     | OK https://skeb.jp/api/users/syamo_rainy
2026-08-22 15:32:33 | INFO     | Saving at a/skeb/syamo_rainy-3e64f9.json
2026-08-22 15:32:34 | INFO     | OK https://skeb.jp/api/users/Nekotissuehold
2026-08-22 15:32:34 | INFO     | Saving at a/skeb/Nekotissuehold-126a2c.json
2026-08-22 15:32:36 | WARNING  | 404 on https://skeb.jp/api/users/lkjeudnduy44 (attempt 3/3)
2026-08-22 15:32:36 | WARNING  | 404 on https://skeb.jp/api/users/mimei_Illust (attempt 2/3)
2026-08-22 15:32:37 | INFO     | OK https://skeb.jp/api/users/jusg_kk
2026-08-22 15:32:37 | INFO     | Saving at a/skeb/jusg_kk-cec63a.json
2026-08-22 15:32:38 | WARNING  | 404 on https://skeb.jp/api/users/polar_kuma62 (attempt 1/3)
2026-08-22 15:32:39 | INFO     | OK https://skeb.jp/api/users/yuugiriaoha
2026-08-22 15:32:39 | INFO     | Saving at a/skeb/yuugiriaoha-0b2c8c.json
2026-08-22 15:32:40 | WARNING  | 404 on https://skeb.jp/api/users/29Kota2 (attempt 1/3)
2026-08-22 15:32:41 | INFO     | OK https://skeb.jp/api/users/kabe_atelier
2026-08-22 15:32:41 | INFO     | Saving at a/skeb/kabe_atelier-e3c34d.json
2026-08-22 15:32:42 | INFO     | OK https://skeb.jp/api/users/minestrongzzz
2026-08-22 15:32:42 | INFO     | Saving at a/skeb/minestrongzzz-5041a4.json
2026-08-22 15:32:43 | INFO     | OK https://skeb.jp/api/users/ayhnm11
2026-08-22 15:32:43 | INFO     | Saving at a/skeb/ayhnm11-ec0d4b.json
2026-08-22 15:32:44 | WARNING  | 404 on https://skeb.jp/api/users/polar_kuma62 (attempt 2/3)
2026-08-22 15:32:45 | INFO     | OK https://skeb.jp/api/users/ri_cotta_c
2026-08-22 15:32:45 | INFO     | Saving at a/skeb/ri_cotta_c-b918e7.json
2026-08-22 15:32:46 | INFO     | OK https://skeb.jp/api/users/P1Xge
2026-08-22 15:32:46 | INFO     | Saving at a/skeb/P1Xge-7db396.json
2026-08-22 15:32:47 | INFO     | OK https://skeb.jp/api/users/aaaaaaalian
2026-08-22 15:32:47 | INFO     | Saving at a/skeb/aaaaaaalian-264ebc.json
2026-08-22 15:32:48 | INFO     | OK https://skeb.jp/api/users/inori_kswzk
2026-08-22 15:32:48 | INFO     | Saving at a/skeb/inori_kswzk-ba458c.json
2026-08-22 15:32:49 | INFO     | OK https://skeb.jp/api/users/namiki_ryoko
2026-08-22 15:32:49 | INFO     | Saving at a/skeb/namiki_ryoko-652603.json
2026-08-22 15:32:50 | WARNING  | 404 on https://skeb.jp/api/users/8oSSUHCnXXz4tBp (attempt 3/3)
2026-08-22 15:32:51 | INFO     | OK https://skeb.jp/api/users/Douna2
2026-08-22 15:32:51 | INFO     | Saving at a/skeb/Douna2-32be93.json
2026-08-22 15:32:52 | WARNING  | 404 on https://skeb.jp/api/users/soraumi2000_50_ (attempt 1/3)
2026-08-22 15:32:53 | WARNING  | 404 on https://skeb.jp/api/users/se3ifinal (attempt 3/3)
2026-08-22 15:32:54 | WARNING  | 404 on https://skeb.jp/api/users/mimei_Illust (attempt 3/3)
2026-08-22 15:32:55 | INFO     | OK https://skeb.jp/api/users/samelabo_05
2026-08-22 15:32:55 | INFO     | Saving at a/skeb/samelabo_05-b079a5.json
2026-08-22 15:32:56 | WARNING  | 404 on https://skeb.jp/api/users/29Kota2 (attempt 2/3)
2026-08-22 15:32:57 | INFO     | OK https://skeb.jp/api/users/eriya_rosewood
2026-08-22 15:32:57 | INFO     | Saving at a/skeb/eriya_rosewood-bee5a0.json
2026-08-22 15:32:58 | WARNING  | 404 on https://skeb.jp/api/users/soraumi2000_50_ (attempt 2/3)
2026-08-22 15:32:59 | WARNING  | 404 on https://skeb.jp/api/users/ronn_irai (attempt 1/3)
2026-08-22 15:33:00 | INFO     | OK https://skeb.jp/api/users/sakur_anne
2026-08-22 15:33:00 | INFO     | Saving at a/skeb/sakur_anne-e35bdf.json
2026-08-22 15:33:01 | INFO     | OK https://skeb.jp/api/users/casaba
2026-08-22 15:33:01 | INFO     | Saving at a/skeb/casaba-f42b9d.json
2026-08-22 15:33:02 | WARNING  | 404 on https://skeb.jp/api/users/29Kota2 (attempt 3/3)
2026-08-22 15:33:03 | WARNING  | 404 on https://skeb.jp/api/users/soraumi2000_50_ (attempt 3/3)
2026-08-22 15:33:04 | INFO     | OK https://skeb.jp/api/users/miya_ginro
2026-08-22 15:33:04 | INFO     | Saving at a/skeb/miya_ginro-0a2797.json
2026-08-22 15:33:05 | INFO     | OK https://skeb.jp/api/users/maruro_0815
2026-08-22 15:33:05 | INFO     | Saving at a/skeb/maruro_0815-0b62ec.json
2026-08-22 15:33:06 | WARNING  | 404 on https://skeb.jp/api/users/77_t2w (attempt 1/3)
2026-08-22 15:33:07 | INFO     | OK https://skeb.jp/api/users/shinto_mei
2026-08-22 15:33:07 | INFO     | Saving at a/skeb/shinto_mei-2e4e99.json
2026-08-22 15:33:08 | INFO     | OK https://skeb.jp/api/users/MizunoSara9
2026-08-22 15:33:08 | INFO     | Saving at a/skeb/MizunoSara9-86a421.json
2026-08-22 15:33:09 | INFO     | OK https://skeb.jp/api/users/lir_cdjl
2026-08-22 15:33:09 | INFO     | Saving at a/skeb/lir_cdjl-a532e5.json
2026-08-22 15:33:10 | WARNING  | 404 on https://skeb.jp/api/users/m3x3_sk (attempt 1/3)
2026-08-22 15:33:11 | INFO     | OK https://skeb.jp/api/users/KameMk3
2026-08-22 15:33:11 | INFO     | Saving at a/skeb/KameMk3-ccdb36.json
2026-08-22 15:33:13 | WARNING  | 404 on https://skeb.jp/api/users/mimamorichan (attempt 1/3)
2026-08-22 15:33:13 | WARNING  | 404 on https://skeb.jp/api/users/77_t2w (attempt 2/3)
2026-08-22 15:33:14 | INFO     | OK https://skeb.jp/api/users/primavera_maru
2026-08-22 15:33:14 | INFO     | Saving at a/skeb/primavera_maru-739e9d.json
2026-08-22 15:33:15 | WARNING  | 404 on https://skeb.jp/api/users/ronn_irai (attempt 2/3)
2026-08-22 15:33:16 | WARNING  | 404 on https://skeb.jp/api/users/polar_kuma62 (attempt 3/3)
2026-08-22 15:33:17 | INFO     | OK https://skeb.jp/api/users/t33nco
2026-08-22 15:33:17 | INFO     | Saving at a/skeb/t33nco-89fb47.json
2026-08-22 15:33:18 | WARNING  | 404 on https://skeb.jp/api/users/mimamorichan (attempt 2/3)
2026-08-22 15:33:20 | WARNING  | 404 on https://skeb.jp/api/users/m3x3_sk (attempt 2/3)
2026-08-22 15:33:20 | WARNING  | 404 on https://skeb.jp/api/users/fm7hxj (attempt 1/3)
2026-08-22 15:33:21 | WARNING  | 404 on https://skeb.jp/api/users/77_t2w (attempt 3/3)
2026-08-22 15:33:22 | WARNING  | 404 on https://skeb.jp/api/users/p_pfp5 (attempt 1/3)
2026-08-22 15:33:23 | WARNING  | 404 on https://skeb.jp/api/users/aki_ra3_ (attempt 1/3)
2026-08-22 15:33:25 | WARNING  | 404 on https://skeb.jp/api/users/mimamorichan (attempt 3/3)
2026-08-22 15:33:25 | WARNING  | 404 on https://skeb.jp/api/users/p_pfp5 (attempt 2/3)
2026-08-22 15:33:26 | INFO     | OK https://skeb.jp/api/users/eteoil
2026-08-22 15:33:26 | INFO     | Saving at a/skeb/eteoil-c60c26.json
2026-08-22 15:33:27 | WARNING  | 404 on https://skeb.jp/api/users/aki_ra3_ (attempt 2/3)
2026-08-22 15:33:28 | WARNING  | 404 on https://skeb.jp/api/users/ronn_irai (attempt 3/3)
2026-08-22 15:33:30 | INFO     | OK https://skeb.jp/api/users/jksddm
2026-08-22 15:33:30 | INFO     | Saving at a/skeb/jksddm-3478db.json
2026-08-22 15:33:30 | INFO     | OK https://skeb.jp/api/users/Dennpunn_2525
2026-08-22 15:33:30 | INFO     | Saving at a/skeb/Dennpunn_2525-5e9e62.json
2026-08-22 15:33:31 | INFO     | OK https://skeb.jp/api/users/remono_39
2026-08-22 15:33:31 | INFO     | Saving at a/skeb/remono_39-2d09e9.json
2026-08-22 15:33:32 | WARNING  | 404 on https://skeb.jp/api/users/aki_ra3_ (attempt 3/3)
2026-08-22 15:33:33 | WARNING  | 404 on https://skeb.jp/api/users/p_pfp5 (attempt 3/3)
2026-08-22 15:33:34 | INFO     | OK https://skeb.jp/api/users/anemonenr
2026-08-22 15:33:34 | INFO     | Saving at a/skeb/anemonenr-aa82c4.json
2026-08-22 15:33:36 | INFO     | OK https://skeb.jp/api/users/3zw0nom3
2026-08-22 15:33:36 | INFO     | Saving at a/skeb/3zw0nom3-38c3ce.json
2026-08-22 15:33:36 | WARNING  | 404 on https://skeb.jp/api/users/fm7hxj (attempt 2/3)
2026-08-22 15:33:37 | WARNING  | 404 on https://skeb.jp/api/users/nyatta_san (attempt 1/3)
2026-08-22 15:33:38 | WARNING  | 404 on https://skeb.jp/api/users/Iam_Ciikawa (attempt 1/3)
2026-08-22 15:33:39 | WARNING  | 404 on https://skeb.jp/api/users/Geshi_to_ (attempt 1/3)
2026-08-22 15:33:40 | INFO     | OK https://skeb.jp/api/users/hakumai_art
2026-08-22 15:33:40 | INFO     | Saving at a/skeb/hakumai_art-6a2a46.json
2026-08-22 15:33:41 | INFO     | OK https://skeb.jp/api/users/akira_houjoh
2026-08-22 15:33:41 | INFO     | Saving at a/skeb/akira_houjoh-a31f21.json
2026-08-22 15:33:42 | WARNING  | 404 on https://skeb.jp/api/users/Iam_Ciikawa (attempt 2/3)
2026-08-22 15:33:43 | WARNING  | 404 on https://skeb.jp/api/users/fm7hxj (attempt 3/3)
2026-08-22 15:33:44 | WARNING  | 404 on https://skeb.jp/api/users/Geshi_to_ (attempt 2/3)
2026-08-22 15:33:45 | INFO     | OK https://skeb.jp/api/users/kranabari
2026-08-22 15:33:45 | INFO     | Saving at a/skeb/kranabari-2c981d.json
2026-08-22 15:33:46 | INFO     | OK https://skeb.jp/api/users/IIIInushIIII
2026-08-22 15:33:46 | INFO     | Saving at a/skeb/IIIInushIIII-c1fca0.json
2026-08-22 15:33:47 | WARNING  | 404 on https://skeb.jp/api/users/nyatta_san (attempt 2/3)
2026-08-22 15:33:48 | INFO     | OK https://skeb.jp/api/users/sk777pn
2026-08-22 15:33:48 | INFO     | Saving at a/skeb/sk777pn-cbfa0f.json
2026-08-22 15:33:49 | WARNING  | 404 on https://skeb.jp/api/users/Geshi_to_ (attempt 3/3)
2026-08-22 15:33:50 | INFO     | OK https://skeb.jp/api/users/ARUKA_foryou
2026-08-22 15:33:50 | INFO     | Saving at a/skeb/ARUKA_foryou-5e15d4.json
2026-08-22 15:33:52 | INFO     | OK https://skeb.jp/api/users/Unkn0wnEnemy
2026-08-22 15:33:52 | INFO     | Saving at a/skeb/Unkn0wnEnemy-e547eb.json
2026-08-22 15:33:52 | WARNING  | 404 on https://skeb.jp/api/users/nyatta_san (attempt 3/3)
2026-08-22 15:33:53 | INFO     | OK https://skeb.jp/api/users/ymmt_bw
2026-08-22 15:33:53 | INFO     | Saving at a/skeb/ymmt_bw-4c491c.json
2026-08-22 15:33:54 | INFO     | OK https://skeb.jp/api/users/tarachandeyo
2026-08-22 15:33:54 | INFO     | Saving at a/skeb/tarachandeyo-7f9a81.json
2026-08-22 15:33:55 | INFO     | OK https://skeb.jp/api/users/tosyosaku
2026-08-22 15:33:55 | INFO     | Saving at a/skeb/tosyosaku-b95bf7.json
2026-08-22 15:33:56 | WARNING  | 404 on https://skeb.jp/api/users/Iam_Ciikawa (attempt 3/3)
2026-08-22 15:33:57 | INFO     | OK https://skeb.jp/api/users/suzukazeyuura
2026-08-22 15:33:57 | INFO     | Saving at a/skeb/suzukazeyuura-dd1862.json
2026-08-22 15:33:58 | WARNING  | 404 on https://skeb.jp/api/users/Axnya (attempt 1/3)
2026-08-22 15:33:59 | INFO     | OK https://skeb.jp/api/users/io1spctd
2026-08-22 15:33:59 | INFO     | Saving at a/skeb/io1spctd-355840.json
2026-08-22 15:34:01 | INFO     | OK https://skeb.jp/api/users/303desu
2026-08-22 15:34:01 | INFO     | Saving at a/skeb/303desu-e781ba.json
2026-08-22 15:34:01 | INFO     | OK https://skeb.jp/api/users/molko_sangaku
2026-08-22 15:34:01 | INFO     | Saving at a/skeb/molko_sangaku-36ab14.json
2026-08-22 15:34:03 | WARNING  | 404 on https://skeb.jp/api/users/m3x3_sk (attempt 3/3)
2026-08-22 15:34:03 | INFO     | OK https://skeb.jp/api/users/grisugram
2026-08-22 15:34:03 | INFO     | Saving at a/skeb/grisugram-6cd2bd.json
2026-08-22 15:34:04 | INFO     | OK https://skeb.jp/api/users/Yo_TRPG_sub
2026-08-22 15:34:04 | INFO     | Saving at a/skeb/Yo_TRPG_sub-f7f3a1.json
2026-08-22 15:34:05 | INFO     | OK https://skeb.jp/api/users/sic_irai
2026-08-22 15:34:05 | INFO     | Saving at a/skeb/sic_irai-80ba40.json
2026-08-22 15:34:07 | INFO     | OK https://skeb.jp/api/users/recipe
2026-08-22 15:34:07 | INFO     | Saving at a/skeb/recipe-ae18fe.json
2026-08-22 15:34:07 | INFO     | OK https://skeb.jp/api/users/NUI
2026-08-22 15:34:07 | INFO     | Saving at a/skeb/NUI-150eed.json
2026-08-22 15:34:08 | WARNING  | 404 on https://skeb.jp/api/users/Henzu_23 (attempt 1/3)
2026-08-22 15:34:10 | INFO     | OK https://skeb.jp/api/users/harada_02
2026-08-22 15:34:10 | INFO     | Saving at a/skeb/harada_02-ffb607.json
2026-08-22 15:34:10 | INFO     | OK https://skeb.jp/api/users/_oaug
2026-08-22 15:34:10 | INFO     | Saving at a/skeb/_oaug-303d41.json
2026-08-22 15:34:12 | INFO     | OK https://skeb.jp/api/users/SigSig_ren
2026-08-22 15:34:12 | INFO     | Saving at a/skeb/SigSig_ren-87ccd3.json
2026-08-22 15:34:12 | INFO     | OK https://skeb.jp/api/users/tana_2015
2026-08-22 15:34:12 | INFO     | Saving at a/skeb/tana_2015-b8899c.json
2026-08-22 15:34:13 | INFO     | OK https://skeb.jp/api/users/zinrizinri
2026-08-22 15:34:13 | INFO     | Saving at a/skeb/zinrizinri-7aaf5a.json
2026-08-22 15:34:15 | WARNING  | 404 on https://skeb.jp/api/users/Henzu_23 (attempt 2/3)
2026-08-22 15:34:16 | WARNING  | 404 on https://skeb.jp/api/users/Axnya (attempt 2/3)
2026-08-22 15:34:17 | INFO     | OK https://skeb.jp/api/users/kokonoeruriko
2026-08-22 15:34:17 | INFO     | Saving at a/skeb/kokonoeruriko-6d749f.json
2026-08-22 15:34:17 | INFO     | OK https://skeb.jp/api/users/B_B_966
2026-08-22 15:34:17 | INFO     | Saving at a/skeb/B_B_966-a82bb5.json
2026-08-22 15:34:18 | WARNING  | 404 on https://skeb.jp/api/users/ghcfujfc1 (attempt 1/3)
2026-08-22 15:34:19 | WARNING  | 404 on https://skeb.jp/api/users/yamin_himamo23 (attempt 1/3)
2026-08-22 15:34:20 | INFO     | OK https://skeb.jp/api/users/ka_dzuki_na
2026-08-22 15:34:20 | INFO     | Saving at a/skeb/ka_dzuki_na-03fa40.json
2026-08-22 15:34:21 | INFO     | OK https://skeb.jp/api/users/rokka937
2026-08-22 15:34:21 | INFO     | Saving at a/skeb/rokka937-8cee8f.json
2026-08-22 15:34:22 | INFO     | OK https://skeb.jp/api/users/mo_necco
2026-08-22 15:34:22 | INFO     | Saving at a/skeb/mo_necco-a5cafe.json
2026-08-22 15:34:23 | INFO     | OK https://skeb.jp/api/users/yoshi_r_kure
2026-08-22 15:34:23 | INFO     | Saving at a/skeb/yoshi_r_kure-013baa.json
2026-08-22 15:34:24 | INFO     | OK https://skeb.jp/api/users/8_0_ta
2026-08-22 15:34:24 | INFO     | Saving at a/skeb/8_0_ta-538adb.json
2026-08-22 15:34:25 | INFO     | OK https://skeb.jp/api/users/fetination
2026-08-22 15:34:25 | INFO     | Saving at a/skeb/fetination-28fdcc.json
2026-08-22 15:34:27 | WARNING  | 404 on https://skeb.jp/api/users/Henzu_23 (attempt 3/3)
2026-08-22 15:34:27 | INFO     | OK https://skeb.jp/api/users/meiryiroiro
2026-08-22 15:34:27 | INFO     | Saving at a/skeb/meiryiroiro-0f2683.json
2026-08-22 15:34:29 | WARNING  | 404 on https://skeb.jp/api/users/Axnya (attempt 3/3)
2026-08-22 15:34:30 | INFO     | OK https://skeb.jp/api/users/kuritamaron1101
2026-08-22 15:34:30 | INFO     | Saving at a/skeb/kuritamaron1101-5610a0.json
2026-08-22 15:34:30 | INFO     | OK https://skeb.jp/api/users/amaroido_0705
2026-08-22 15:34:30 | INFO     | Saving at a/skeb/amaroido_0705-1a80e6.json
2026-08-22 15:34:31 | INFO     | OK https://skeb.jp/api/users/1122_coron
2026-08-22 15:34:31 | INFO     | Saving at a/skeb/1122_coron-a42a81.json
2026-08-22 15:34:32 | INFO     | OK https://skeb.jp/api/users/SaShiMi47131593
2026-08-22 15:34:32 | INFO     | Saving at a/skeb/SaShiMi47131593-5258d7.json
2026-08-22 15:34:33 | INFO     | OK https://skeb.jp/api/users/nanami_skeb
2026-08-22 15:34:33 | INFO     | Saving at a/skeb/nanami_skeb-a6c9c7.json
2026-08-22 15:34:35 | WARNING  | 404 on https://skeb.jp/api/users/T4k73gqSZ26h5si (attempt 1/3)
2026-08-22 15:34:35 | WARNING  | 404 on https://skeb.jp/api/users/pgpcvDCE9G (attempt 1/3)
2026-08-22 15:34:36 | INFO     | OK https://skeb.jp/api/users/ajalaca
2026-08-22 15:34:36 | INFO     | Saving at a/skeb/ajalaca-f938e5.json
2026-08-22 15:34:37 | WARNING  | 404 on https://skeb.jp/api/users/Ryuzi_27 (attempt 1/3)
2026-08-22 15:34:38 | WARNING  | 404 on https://skeb.jp/api/users/kokorono_376 (attempt 1/3)
2026-08-22 15:34:39 | INFO     | OK https://skeb.jp/api/users/uraguti69
2026-08-22 15:34:39 | INFO     | Saving at a/skeb/uraguti69-f7469c.json
2026-08-22 15:34:40 | INFO     | OK https://skeb.jp/api/users/Mutou_EXES
2026-08-22 15:34:40 | INFO     | Saving at a/skeb/Mutou_EXES-04accd.json
2026-08-22 15:34:41 | WARNING  | 404 on https://skeb.jp/api/users/kokorono_376 (attempt 2/3)
2026-08-22 15:34:42 | INFO     | OK https://skeb.jp/api/users/nukaboshidou
2026-08-22 15:34:42 | INFO     | Saving at a/skeb/nukaboshidou-510aed.json
2026-08-22 15:34:44 | INFO     | OK https://skeb.jp/api/users/rollballball
2026-08-22 15:34:44 | INFO     | Saving at a/skeb/rollballball-074b73.json
2026-08-22 15:34:45 | WARNING  | 404 on https://skeb.jp/api/users/Ryuzi_27 (attempt 2/3)
2026-08-22 15:34:46 | WARNING  | 404 on https://skeb.jp/api/users/pgpcvDCE9G (attempt 2/3)
2026-08-22 15:34:46 | WARNING  | 404 on https://skeb.jp/api/users/sakayama_lazuli (attempt 1/3)
2026-08-22 15:34:47 | WARNING  | 404 on https://skeb.jp/api/users/_meruruto_ (attempt 1/3)
2026-08-22 15:34:49 | WARNING  | 404 on https://skeb.jp/api/users/T4k73gqSZ26h5si (attempt 2/3)
2026-08-22 15:34:50 | WARNING  | 404 on https://skeb.jp/api/users/kokorono_376 (attempt 3/3)
2026-08-22 15:34:50 | INFO     | OK https://skeb.jp/api/users/Sira_Sally
2026-08-22 15:34:50 | INFO     | Saving at a/skeb/Sira_Sally-45d9bd.json
2026-08-22 15:34:51 | WARNING  | 404 on https://skeb.jp/api/users/sakayama_lazuli (attempt 2/3)
2026-08-22 15:34:53 | WARNING  | 404 on https://skeb.jp/api/users/Ryuzi_27 (attempt 3/3)
2026-08-22 15:34:54 | WARNING  | 404 on https://skeb.jp/api/users/_meruruto_ (attempt 2/3)
2026-08-22 15:34:54 | WARNING  | 404 on https://skeb.jp/api/users/EDO__nyan (attempt 1/3)
2026-08-22 15:34:56 | WARNING  | 404 on https://skeb.jp/api/users/pgpcvDCE9G (attempt 3/3)
2026-08-22 15:34:57 | WARNING  | 404 on https://skeb.jp/api/users/ghcfujfc1 (attempt 2/3)
2026-08-22 15:34:57 | WARNING  | 404 on https://skeb.jp/api/users/yamin_himamo23 (attempt 2/3)
2026-08-22 15:34:59 | WARNING  | 404 on https://skeb.jp/api/users/T4k73gqSZ26h5si (attempt 3/3)
2026-08-22 15:34:59 | INFO     | OK https://skeb.jp/api/users/kanna_miso_sb
2026-08-22 15:34:59 | INFO     | Saving at a/skeb/kanna_miso_sb-5338eb.json
2026-08-22 15:35:01 | WARNING  | 404 on https://skeb.jp/api/users/EDO__nyan (attempt 2/3)
2026-08-22 15:35:01 | INFO     | OK https://skeb.jp/api/users/inuporco
2026-08-22 15:35:01 | INFO     | Saving at a/skeb/inuporco-72c4c1.json
2026-08-22 15:35:02 | WARNING  | 404 on https://skeb.jp/api/users/vHoo__ (attempt 1/3)
2026-08-22 15:35:04 | WARNING  | 404 on https://skeb.jp/api/users/yamin_himamo23 (attempt 3/3)
2026-08-22 15:35:05 | WARNING  | 404 on https://skeb.jp/api/users/_meruruto_ (attempt 3/3)
2026-08-22 15:35:05 | INFO     | OK https://skeb.jp/api/users/mashi_076
2026-08-22 15:35:05 | INFO     | Saving at a/skeb/mashi_076-9e795b.json
2026-08-22 15:35:06 | WARNING  | 404 on https://skeb.jp/api/users/Uo_oU_us (attempt 1/3)
2026-08-22 15:35:07 | INFO     | OK https://skeb.jp/api/users/12345_take
2026-08-22 15:35:07 | INFO     | Saving at a/skeb/12345_take-f8821a.json
2026-08-22 15:35:09 | WARNING  | 404 on https://skeb.jp/api/users/ghcfujfc1 (attempt 3/3)
2026-08-22 15:35:10 | WARNING  | 404 on https://skeb.jp/api/users/sakayama_lazuli (attempt 3/3)
2026-08-22 15:35:11 | WARNING  | 404 on https://skeb.jp/api/users/EDO__nyan (attempt 3/3)
2026-08-22 15:35:11 | INFO     | OK https://skeb.jp/api/users/adoji_KKLG
2026-08-22 15:35:11 | INFO     | Saving at a/skeb/adoji_KKLG-5e15d4.json
2026-08-22 15:35:12 | INFO     | OK https://skeb.jp/api/users/kpqqqq1
2026-08-22 15:35:12 | INFO     | Saving at a/skeb/kpqqqq1-bbf3a7.json
2026-08-22 15:35:13 | INFO     | OK https://skeb.jp/api/users/SaoriTanoue_
2026-08-22 15:35:13 | INFO     | Saving at a/skeb/SaoriTanoue_-08fead.json
2026-08-22 15:35:14 | INFO     | OK https://skeb.jp/api/users/d30693momo
2026-08-22 15:35:14 | INFO     | Saving at a/skeb/d30693momo-4eefed.json
2026-08-22 15:35:15 | INFO     | OK https://skeb.jp/api/users/wEshica
2026-08-22 15:35:15 | INFO     | Saving at a/skeb/wEshica-1f6a0a.json
2026-08-22 15:35:16 | INFO     | OK https://skeb.jp/api/users/puniX2_kaba
2026-08-22 15:35:16 | INFO     | Saving at a/skeb/puniX2_kaba-d39925.json
2026-08-22 15:35:17 | INFO     | OK https://skeb.jp/api/users/GuraYO250_7
2026-08-22 15:35:17 | INFO     | Saving at a/skeb/GuraYO250_7-b53771.json
2026-08-22 15:35:19 | WARNING  | 404 on https://skeb.jp/api/users/Uo_oU_us (attempt 2/3)
2026-08-22 15:35:20 | INFO     | OK https://skeb.jp/api/users/kiriko_crown
2026-08-22 15:35:20 | INFO     | Saving at a/skeb/kiriko_crown-bbdf86.json
2026-08-22 15:35:20 | INFO     | OK https://skeb.jp/api/users/date_list
2026-08-22 15:35:20 | INFO     | Saving at a/skeb/date_list-75aaf0.json
2026-08-22 15:35:21 | INFO     | OK https://skeb.jp/api/users/sola_no
2026-08-22 15:35:21 | INFO     | Saving at a/skeb/sola_no-c766e1.json
2026-08-22 15:35:22 | INFO     | OK https://skeb.jp/api/users/X15S0
2026-08-22 15:35:22 | INFO     | Saving at a/skeb/X15S0-318f84.json
2026-08-22 15:35:23 | INFO     | OK https://skeb.jp/api/users/raban46
2026-08-22 15:35:23 | INFO     | Saving at a/skeb/raban46-5055d2.json
2026-08-22 15:35:25 | WARNING  | 404 on https://skeb.jp/api/users/Uo_oU_us (attempt 3/3)
2026-08-22 15:35:26 | INFO     | OK https://skeb.jp/api/users/xx102
2026-08-22 15:35:26 | INFO     | Saving at a/skeb/xx102-bd79f6.json
2026-08-22 15:35:26 | INFO     | OK https://skeb.jp/api/users/dore_asa
2026-08-22 15:35:26 | INFO     | Saving at a/skeb/dore_asa-842219.json
2026-08-22 15:35:27 | INFO     | OK https://skeb.jp/api/users/yuu_sousaku0428
2026-08-22 15:35:27 | INFO     | Saving at a/skeb/yuu_sousaku0428-8c40a1.json
2026-08-22 15:35:28 | INFO     | OK https://skeb.jp/api/users/k2no0e
2026-08-22 15:35:28 | INFO     | Saving at a/skeb/k2no0e-199218.json
2026-08-22 15:35:29 | WARNING  | 404 on https://skeb.jp/api/users/kasha0927 (attempt 1/3)
2026-08-22 15:35:30 | WARNING  | 404 on https://skeb.jp/api/users/923kaku (attempt 1/3)
2026-08-22 15:35:31 | WARNING  | 404 on https://skeb.jp/api/users/vHoo__ (attempt 2/3)
2026-08-22 15:35:32 | INFO     | OK https://skeb.jp/api/users/shirajilamui
2026-08-22 15:35:32 | INFO     | Saving at a/skeb/shirajilamui-c407fd.json
2026-08-22 15:35:33 | INFO     | OK https://skeb.jp/api/users/kotenguchan
2026-08-22 15:35:33 | INFO     | Saving at a/skeb/kotenguchan-714513.json
2026-08-22 15:35:34 | WARNING  | 404 on https://skeb.jp/api/users/923kaku (attempt 2/3)
2026-08-22 15:35:35 | WARNING  | 404 on https://skeb.jp/api/users/fukafuka_no_inu (attempt 1/3)
2026-08-22 15:35:36 | WARNING  | 404 on https://skeb.jp/api/users/kotonesansukida (attempt 1/3)
2026-08-22 15:35:37 | INFO     | OK https://skeb.jp/api/users/_u3dq
2026-08-22 15:35:37 | INFO     | Saving at a/skeb/_u3dq-278e71.json
2026-08-22 15:35:38 | INFO     | OK https://skeb.jp/api/users/sLL80JoDo758038
2026-08-22 15:35:38 | INFO     | Saving at a/skeb/sLL80JoDo758038-b9858c.json
2026-08-22 15:35:40 | WARNING  | 404 on https://skeb.jp/api/users/923kaku (attempt 3/3)
2026-08-22 15:35:41 | WARNING  | 404 on https://skeb.jp/api/users/vHoo__ (attempt 3/3)
2026-08-22 15:35:41 | INFO     | OK https://skeb.jp/api/users/whaletail_810
2026-08-22 15:35:41 | INFO     | Saving at a/skeb/whaletail_810-d012e7.json
2026-08-22 15:35:42 | INFO     | OK https://skeb.jp/api/users/sacanahen
2026-08-22 15:35:42 | INFO     | Saving at a/skeb/sacanahen-5034d9.json
2026-08-22 15:35:44 | WARNING  | 404 on https://skeb.jp/api/users/kasha0927 (attempt 2/3)
2026-08-22 15:35:44 | WARNING  | 404 on https://skeb.jp/api/users/Genkyou (attempt 1/3)
2026-08-22 15:35:45 | INFO     | OK https://skeb.jp/api/users/kariyasisann
2026-08-22 15:35:45 | INFO     | Saving at a/skeb/kariyasisann-74e843.json
2026-08-22 15:35:47 | WARNING  | 404 on https://skeb.jp/api/users/fukafuka_no_inu (attempt 2/3)
2026-08-22 15:35:47 | WARNING  | 404 on https://skeb.jp/api/users/3hankikan0220 (attempt 1/3)
2026-08-22 15:35:49 | WARNING  | 404 on https://skeb.jp/api/users/kotonesansukida (attempt 2/3)
2026-08-22 15:35:50 | INFO     | OK https://skeb.jp/api/users/astfs_
2026-08-22 15:35:50 | INFO     | Saving at a/skeb/astfs_-b9de9c.json
2026-08-22 15:35:50 | INFO     | OK https://skeb.jp/api/users/htr_wiwi
2026-08-22 15:35:50 | INFO     | Saving at a/skeb/htr_wiwi-65b8db.json
2026-08-22 15:35:51 | INFO     | OK https://skeb.jp/api/users/imomo
2026-08-22 15:35:51 | INFO     | Saving at a/skeb/imomo-e4f1df.json
2026-08-22 15:35:52 | WARNING  | 404 on https://skeb.jp/api/users/killy810 (attempt 1/3)
2026-08-22 15:35:53 | INFO     | OK https://skeb.jp/api/users/i_zonm
2026-08-22 15:35:53 | INFO     | Saving at a/skeb/i_zonm-7ec02c.json
2026-08-22 15:35:55 | WARNING  | 404 on https://skeb.jp/api/users/Genkyou (attempt 2/3)
2026-08-22 15:35:55 | INFO     | OK https://skeb.jp/api/users/sunapippippi
2026-08-22 15:35:55 | INFO     | Saving at a/skeb/sunapippippi-17700a.json
2026-08-22 15:35:57 | INFO     | OK https://skeb.jp/api/users/ruemame046
2026-08-22 15:35:57 | INFO     | Saving at a/skeb/ruemame046-dc34fe.json
2026-08-22 15:35:57 | WARNING  | 404 on https://skeb.jp/api/users/fukafuka_no_inu (attempt 3/3)
2026-08-22 15:35:59 | WARNING  | 404 on https://skeb.jp/api/users/killy810 (attempt 2/3)
2026-08-22 15:35:59 | WARNING  | 404 on https://skeb.jp/api/users/nattamati_ (attempt 1/3)
2026-08-22 15:36:01 | WARNING  | 404 on https://skeb.jp/api/users/Genkyou (attempt 3/3)
2026-08-22 15:36:02 | WARNING  | 404 on https://skeb.jp/api/users/kasha0927 (attempt 3/3)
2026-08-22 15:36:02 | WARNING  | 404 on https://skeb.jp/api/users/nattamati_ (attempt 2/3)
2026-08-22 15:36:03 | INFO     | OK https://skeb.jp/api/users/kz_omoti
2026-08-22 15:36:03 | INFO     | Saving at a/skeb/kz_omoti-335a78.json
2026-08-22 15:36:05 | WARNING  | 404 on https://skeb.jp/api/users/killy810 (attempt 3/3)
2026-08-22 15:36:06 | WARNING  | 404 on https://skeb.jp/api/users/3hankikan0220 (attempt 2/3)
2026-08-22 15:36:07 | WARNING  | 404 on https://skeb.jp/api/users/kotonesansukida (attempt 3/3)
2026-08-22 15:36:08 | WARNING  | 404 on https://skeb.jp/api/users/nattamati_ (attempt 3/3)
2026-08-22 15:36:09 | WARNING  | 404 on https://skeb.jp/api/users/3hankikan0220 (attempt 3/3)
2026-08-22 15:36:09 | INFO     |  --- SUMMARY REPORT --- 
  Sources Retreived    : 182
  Profiles Fetched     : 136
  Profile Missing      : 46
  Profile Rate Limited : 0
  Profile Error Others : 0

2026-08-22 15:36:09 | INFO     | Started creating static api data.
2026-08-22 15:37:54 | INFO     | Album index written to a/albums/index.json (446 albums)
