2026-07-14 14:03:31 | INFO     | Initialized Data Store.
2026-07-14 14:03:31 | INFO     | Homepage GET status=429 (attempt 1/3)
2026-07-14 14:03:31 | INFO     | Cookie extracted [request_key=...].
2026-07-14 14:03:31 | INFO     | SkebClient ready (impersonate=chrome120, rate=1.0/s, concurrency=10, max_runtime=10800s)
2026-07-14 14:05:20 | INFO     | Ready to scrape 152 items
2026-07-14 14:05:20 | INFO     | OK https://skeb.jp/api/users/ehRfw71hDf
2026-07-14 14:05:20 | INFO     | Saving at a/skeb/ehRfw71hDf-bc4493.json
2026-07-14 14:05:21 | WARNING  | 404 on https://skeb.jp/api/users/Geshi_to_ (attempt 1/3)
2026-07-14 14:05:22 | INFO     | OK https://skeb.jp/api/users/mejiro_syunn
2026-07-14 14:05:22 | INFO     | Saving at a/skeb/mejiro_syunn-5484d0.json
2026-07-14 14:05:23 | INFO     | OK https://skeb.jp/api/users/kmymarma
2026-07-14 14:05:23 | INFO     | Saving at a/skeb/kmymarma-24e35a.json
2026-07-14 14:05:24 | WARNING  | 404 on https://skeb.jp/api/users/nyatta_san (attempt 1/3)
2026-07-14 14:05:25 | WARNING  | 404 on https://skeb.jp/api/users/Ryuzi_27 (attempt 1/3)
2026-07-14 14:05:26 | WARNING  | 404 on https://skeb.jp/api/users/Geshi_to_ (attempt 2/3)
2026-07-14 14:05:27 | WARNING  | 404 on https://skeb.jp/api/users/mimei_Illust (attempt 1/3)
2026-07-14 14:05:28 | INFO     | OK https://skeb.jp/api/users/HiyakaRei
2026-07-14 14:05:28 | INFO     | Saving at a/skeb/HiyakaRei-0a1e97.json
2026-07-14 14:05:29 | WARNING  | 404 on https://skeb.jp/api/users/Ryuzi_27 (attempt 2/3)
2026-07-14 14:05:31 | WARNING  | 404 on https://skeb.jp/api/users/nyatta_san (attempt 2/3)
2026-07-14 14:05:31 | INFO     | OK https://skeb.jp/api/users/kumarin32
2026-07-14 14:05:31 | INFO     | Saving at a/skeb/kumarin32-137871.json
2026-07-14 14:05:32 | WARNING  | 404 on https://skeb.jp/api/users/mimei_Illust (attempt 2/3)
2026-07-14 14:05:33 | INFO     | OK https://skeb.jp/api/users/eriza01ps
2026-07-14 14:05:33 | INFO     | Saving at a/skeb/eriza01ps-258a1f.json
2026-07-14 14:05:34 | INFO     | OK https://skeb.jp/api/users/asagihisui_
2026-07-14 14:05:34 | INFO     | Saving at a/skeb/asagihisui_-e1ea8d.json
2026-07-14 14:05:35 | WARNING  | 404 on https://skeb.jp/api/users/nyatta_san (attempt 3/3)
2026-07-14 14:05:36 | WARNING  | 404 on https://skeb.jp/api/users/mimamorichan (attempt 1/3)
2026-07-14 14:05:38 | WARNING  | 404 on https://skeb.jp/api/users/Ryuzi_27 (attempt 3/3)
2026-07-14 14:05:39 | WARNING  | 404 on https://skeb.jp/api/users/Geshi_to_ (attempt 3/3)
2026-07-14 14:05:39 | INFO     | OK https://skeb.jp/api/users/94usA
2026-07-14 14:05:39 | INFO     | Saving at a/skeb/94usA-09d98c.json
2026-07-14 14:05:40 | WARNING  | 404 on https://skeb.jp/api/users/mimamorichan (attempt 2/3)
2026-07-14 14:05:41 | INFO     | OK https://skeb.jp/api/users/nono21334530
2026-07-14 14:05:41 | INFO     | Saving at a/skeb/nono21334530-803ff3.json
2026-07-14 14:05:42 | INFO     | OK https://skeb.jp/api/users/Re8_1000ridoh
2026-07-14 14:05:42 | INFO     | Saving at a/skeb/Re8_1000ridoh-a666c5.json
2026-07-14 14:05:43 | INFO     | OK https://skeb.jp/api/users/kamisaka_shou
2026-07-14 14:05:43 | INFO     | Saving at a/skeb/kamisaka_shou-59d355.json
2026-07-14 14:05:44 | INFO     | OK https://skeb.jp/api/users/shamoshamo1211
2026-07-14 14:05:44 | INFO     | Saving at a/skeb/shamoshamo1211-e2f98a.json
2026-07-14 14:05:45 | INFO     | OK https://skeb.jp/api/users/jyagariko233
2026-07-14 14:05:45 | INFO     | Saving at a/skeb/jyagariko233-44e84b.json
2026-07-14 14:05:46 | WARNING  | 404 on https://skeb.jp/api/users/se3ifinal (attempt 1/3)
2026-07-14 14:05:47 | WARNING  | 404 on https://skeb.jp/api/users/kotonesansukida (attempt 1/3)
2026-07-14 14:05:48 | INFO     | OK https://skeb.jp/api/users/HayateFuunn
2026-07-14 14:05:48 | INFO     | Saving at a/skeb/HayateFuunn-06b722.json
2026-07-14 14:05:49 | INFO     | OK https://skeb.jp/api/users/simemugiko
2026-07-14 14:05:49 | INFO     | Saving at a/skeb/simemugiko-87557e.json
2026-07-14 14:05:50 | WARNING  | 404 on https://skeb.jp/api/users/kotonesansukida (attempt 2/3)
2026-07-14 14:05:51 | WARNING  | 404 on https://skeb.jp/api/users/yamin_himamo23 (attempt 1/3)
2026-07-14 14:05:52 | INFO     | OK https://skeb.jp/api/users/wz33iievv
2026-07-14 14:05:52 | INFO     | Saving at a/skeb/wz33iievv-bb827b.json
2026-07-14 14:05:54 | WARNING  | 404 on https://skeb.jp/api/users/mimei_Illust (attempt 3/3)
2026-07-14 14:05:54 | INFO     | OK https://skeb.jp/api/users/SHIRUMONO1
2026-07-14 14:05:54 | INFO     | Saving at a/skeb/SHIRUMONO1-2579b3.json
2026-07-14 14:05:55 | INFO     | OK https://skeb.jp/api/users/Ryoto_c
2026-07-14 14:05:55 | INFO     | Saving at a/skeb/Ryoto_c-3ef387.json
2026-07-14 14:05:57 | INFO     | OK https://skeb.jp/api/users/tea55555
2026-07-14 14:05:57 | INFO     | Saving at a/skeb/tea55555-1b3908.json
2026-07-14 14:05:57 | INFO     | OK https://skeb.jp/api/users/nanios813
2026-07-14 14:05:57 | INFO     | Saving at a/skeb/nanios813-d4a72e.json
2026-07-14 14:05:58 | INFO     | OK https://skeb.jp/api/users/Hodaka3I__
2026-07-14 14:05:58 | INFO     | Saving at a/skeb/Hodaka3I__-5ff22a.json
2026-07-14 14:05:59 | WARNING  | 404 on https://skeb.jp/api/users/mimamorichan (attempt 3/3)
2026-07-14 14:06:00 | WARNING  | 404 on https://skeb.jp/api/users/pgpcvDCE9G (attempt 1/3)
2026-07-14 14:06:02 | WARNING  | 404 on https://skeb.jp/api/users/yamin_himamo23 (attempt 2/3)
2026-07-14 14:06:03 | WARNING  | 404 on https://skeb.jp/api/users/se3ifinal (attempt 2/3)
2026-07-14 14:06:04 | INFO     | OK https://skeb.jp/api/users/galgame_0519
2026-07-14 14:06:04 | INFO     | Saving at a/skeb/galgame_0519-47fa12.json
2026-07-14 14:06:04 | WARNING  | 404 on https://skeb.jp/api/users/pgpcvDCE9G (attempt 2/3)
2026-07-14 14:06:05 | WARNING  | 404 on https://skeb.jp/api/users/polar_kuma62 (attempt 1/3)
2026-07-14 14:06:06 | INFO     | OK https://skeb.jp/api/users/aonowaisyatsu
2026-07-14 14:06:06 | INFO     | Saving at a/skeb/aonowaisyatsu-47d566.json
2026-07-14 14:06:08 | WARNING  | 404 on https://skeb.jp/api/users/yamin_himamo23 (attempt 3/3)
2026-07-14 14:06:08 | WARNING  | 404 on https://skeb.jp/api/users/polar_kuma62 (attempt 2/3)
2026-07-14 14:06:09 | INFO     | OK https://skeb.jp/api/users/theeendo
2026-07-14 14:06:09 | INFO     | Saving at a/skeb/theeendo-3f0c93.json
2026-07-14 14:06:11 | WARNING  | 404 on https://skeb.jp/api/users/pgpcvDCE9G (attempt 3/3)
2026-07-14 14:06:11 | INFO     | OK https://skeb.jp/api/users/khaki__tana
2026-07-14 14:06:11 | INFO     | Saving at a/skeb/khaki__tana-e2de6f.json
2026-07-14 14:06:12 | INFO     | OK https://skeb.jp/api/users/gasho_kashi8
2026-07-14 14:06:12 | INFO     | Saving at a/skeb/gasho_kashi8-f57744.json
2026-07-14 14:06:14 | WARNING  | 404 on https://skeb.jp/api/users/3hankikan0220 (attempt 1/3)
2026-07-14 14:06:15 | WARNING  | 404 on https://skeb.jp/api/users/polar_kuma62 (attempt 3/3)
2026-07-14 14:06:16 | WARNING  | 404 on https://skeb.jp/api/users/kotonesansukida (attempt 3/3)
2026-07-14 14:06:16 | WARNING  | 404 on https://skeb.jp/api/users/Llu_ulg (attempt 1/3)
2026-07-14 14:06:17 | INFO     | OK https://skeb.jp/api/users/mitokondria7
2026-07-14 14:06:17 | INFO     | Saving at a/skeb/mitokondria7-4ad525.json
2026-07-14 14:06:18 | INFO     | OK https://skeb.jp/api/users/tano_17_
2026-07-14 14:06:18 | INFO     | Saving at a/skeb/tano_17_-0107da.json
2026-07-14 14:06:19 | WARNING  | 404 on https://skeb.jp/api/users/g33kst (attempt 1/3)
2026-07-14 14:06:20 | INFO     | OK https://skeb.jp/api/users/hachu
2026-07-14 14:06:20 | INFO     | Saving at a/skeb/hachu-bf92c2.json
2026-07-14 14:06:22 | WARNING  | 404 on https://skeb.jp/api/users/3hankikan0220 (attempt 2/3)
2026-07-14 14:06:23 | INFO     | OK https://skeb.jp/api/users/23kisaragi_real
2026-07-14 14:06:23 | INFO     | Saving at a/skeb/23kisaragi_real-ff426e.json
2026-07-14 14:06:24 | INFO     | OK https://skeb.jp/api/users/x_HRRO_x
2026-07-14 14:06:24 | INFO     | Saving at a/skeb/x_HRRO_x-0dc6c7.json
2026-07-14 14:06:24 | WARNING  | 404 on https://skeb.jp/api/users/EDO__nyan (attempt 1/3)
2026-07-14 14:06:26 | WARNING  | 404 on https://skeb.jp/api/users/g33kst (attempt 2/3)
2026-07-14 14:06:27 | INFO     | OK https://skeb.jp/api/users/aosui99
2026-07-14 14:06:27 | INFO     | Saving at a/skeb/aosui99-cf1fce.json
2026-07-14 14:06:27 | WARNING  | 404 on https://skeb.jp/api/users/EDO__nyan (attempt 2/3)
2026-07-14 14:06:29 | WARNING  | 404 on https://skeb.jp/api/users/Llu_ulg (attempt 2/3)
2026-07-14 14:06:30 | WARNING  | 404 on https://skeb.jp/api/users/3hankikan0220 (attempt 3/3)
2026-07-14 14:06:30 | WARNING  | 404 on https://skeb.jp/api/users/29Kota2 (attempt 1/3)
2026-07-14 14:06:32 | WARNING  | 404 on https://skeb.jp/api/users/toxizaki (attempt 1/3)
2026-07-14 14:06:32 | WARNING  | 404 on https://skeb.jp/api/users/EDO__nyan (attempt 3/3)
2026-07-14 14:06:34 | INFO     | OK https://skeb.jp/api/users/ponsubro
2026-07-14 14:06:34 | INFO     | Saving at a/skeb/ponsubro-c81f53.json
2026-07-14 14:06:34 | WARNING  | 404 on https://skeb.jp/api/users/29Kota2 (attempt 2/3)
2026-07-14 14:06:35 | WARNING  | 404 on https://skeb.jp/api/users/toxizaki (attempt 2/3)
2026-07-14 14:06:37 | INFO     | OK https://skeb.jp/api/users/sankunchansama
2026-07-14 14:06:37 | INFO     | Saving at a/skeb/sankunchansama-719237.json
2026-07-14 14:06:38 | WARNING  | 404 on https://skeb.jp/api/users/g33kst (attempt 3/3)
2026-07-14 14:06:38 | WARNING  | 404 on https://skeb.jp/api/users/Axnya (attempt 1/3)
2026-07-14 14:06:40 | INFO     | OK https://skeb.jp/api/users/Lycoris_Albi
2026-07-14 14:06:40 | INFO     | Saving at a/skeb/Lycoris_Albi-5e6f62.json
2026-07-14 14:06:41 | WARNING  | 404 on https://skeb.jp/api/users/toxizaki (attempt 3/3)
2026-07-14 14:06:41 | WARNING  | 404 on https://skeb.jp/api/users/Axnya (attempt 2/3)
2026-07-14 14:06:43 | INFO     | OK https://skeb.jp/api/users/6koyanagi9
2026-07-14 14:06:43 | INFO     | Saving at a/skeb/6koyanagi9-f44f12.json
2026-07-14 14:06:44 | WARNING  | 404 on https://skeb.jp/api/users/Llu_ulg (attempt 3/3)
2026-07-14 14:06:45 | WARNING  | 404 on https://skeb.jp/api/users/29Kota2 (attempt 3/3)
2026-07-14 14:06:46 | INFO     | OK https://skeb.jp/api/users/poma123poma
2026-07-14 14:06:46 | INFO     | Saving at a/skeb/poma123poma-28ccd0.json
2026-07-14 14:06:47 | INFO     | OK https://skeb.jp/api/users/3373fab
2026-07-14 14:06:47 | INFO     | Saving at a/skeb/3373fab-70e3c7.json
2026-07-14 14:06:47 | WARNING  | 404 on https://skeb.jp/api/users/fukafuka_no_inu (attempt 1/3)
2026-07-14 14:06:49 | INFO     | OK https://skeb.jp/api/users/yagura_aaaok
2026-07-14 14:06:49 | INFO     | Saving at a/skeb/yagura_aaaok-de4954.json
2026-07-14 14:06:50 | INFO     | OK https://skeb.jp/api/users/nosukekogata
2026-07-14 14:06:50 | INFO     | Saving at a/skeb/nosukekogata-050048.json
2026-07-14 14:06:50 | WARNING  | 404 on https://skeb.jp/api/users/fukafuka_no_inu (attempt 2/3)
2026-07-14 14:06:52 | INFO     | OK https://skeb.jp/api/users/ya_myanu254
2026-07-14 14:06:52 | INFO     | Saving at a/skeb/ya_myanu254-892423.json
2026-07-14 14:06:53 | INFO     | OK https://skeb.jp/api/users/cheddar_create
2026-07-14 14:06:53 | INFO     | Saving at a/skeb/cheddar_create-31eeee.json
2026-07-14 14:06:53 | INFO     | OK https://skeb.jp/api/users/HIRO24016313
2026-07-14 14:06:53 | INFO     | Saving at a/skeb/HIRO24016313-2d5d26.json
2026-07-14 14:06:55 | WARNING  | 404 on https://skeb.jp/api/users/lkjeudnduy44 (attempt 1/3)
2026-07-14 14:06:56 | WARNING  | 404 on https://skeb.jp/api/users/Axnya (attempt 3/3)
2026-07-14 14:06:57 | WARNING  | 404 on https://skeb.jp/api/users/fukafuka_no_inu (attempt 3/3)
2026-07-14 14:06:58 | WARNING  | 404 on https://skeb.jp/api/users/kasha0927 (attempt 1/3)
2026-07-14 14:06:59 | INFO     | OK https://skeb.jp/api/users/KlKAYAlK
2026-07-14 14:06:59 | INFO     | Saving at a/skeb/KlKAYAlK-7c33c3.json
2026-07-14 14:06:59 | WARNING  | 404 on https://skeb.jp/api/users/lkjeudnduy44 (attempt 2/3)
2026-07-14 14:07:00 | WARNING  | 404 on https://skeb.jp/api/users/T4k73gqSZ26h5si (attempt 1/3)
2026-07-14 14:07:01 | WARNING  | 404 on https://skeb.jp/api/users/kasha0927 (attempt 2/3)
2026-07-14 14:07:03 | INFO     | OK https://skeb.jp/api/users/6oo_oo3v
2026-07-14 14:07:03 | INFO     | Saving at a/skeb/6oo_oo3v-c628b2.json
2026-07-14 14:07:04 | INFO     | OK https://skeb.jp/api/users/alxtalxt
2026-07-14 14:07:04 | INFO     | Saving at a/skeb/alxtalxt-6fefe3.json
2026-07-14 14:07:05 | WARNING  | 404 on https://skeb.jp/api/users/Genkyou (attempt 1/3)
2026-07-14 14:07:06 | INFO     | OK https://skeb.jp/api/users/mofu_alpaca
2026-07-14 14:07:06 | INFO     | Saving at a/skeb/mofu_alpaca-a7ea4d.json
2026-07-14 14:07:07 | INFO     | OK https://skeb.jp/api/users/febnewmoon
2026-07-14 14:07:07 | INFO     | Saving at a/skeb/febnewmoon-8089e7.json
2026-07-14 14:07:08 | INFO     | OK https://skeb.jp/api/users/vhk
2026-07-14 14:07:08 | INFO     | Saving at a/skeb/vhk-6de465.json
2026-07-14 14:07:08 | WARNING  | 404 on https://skeb.jp/api/users/Genkyou (attempt 2/3)
2026-07-14 14:07:10 | INFO     | OK https://skeb.jp/api/users/mahiro_sanuki
2026-07-14 14:07:10 | INFO     | Saving at a/skeb/mahiro_sanuki-8cb416.json
2026-07-14 14:07:11 | INFO     | OK https://skeb.jp/api/users/Uran0_08
2026-07-14 14:07:11 | INFO     | Saving at a/skeb/Uran0_08-0b30f6.json
2026-07-14 14:07:12 | WARNING  | 404 on https://skeb.jp/api/users/lkjeudnduy44 (attempt 3/3)
2026-07-14 14:07:13 | WARNING  | 404 on https://skeb.jp/api/users/8oSSUHCnXXz4tBp (attempt 1/3)
2026-07-14 14:07:14 | WARNING  | 404 on https://skeb.jp/api/users/kasha0927 (attempt 3/3)
2026-07-14 14:07:15 | INFO     | OK https://skeb.jp/api/users/yona_yona_yo
2026-07-14 14:07:15 | INFO     | Saving at a/skeb/yona_yona_yo-3cc23d.json
2026-07-14 14:07:16 | INFO     | OK https://skeb.jp/api/users/kaimaart_
2026-07-14 14:07:16 | INFO     | Saving at a/skeb/kaimaart_-e8f338.json
2026-07-14 14:07:17 | INFO     | OK https://skeb.jp/api/users/famichiki_100
2026-07-14 14:07:17 | INFO     | Saving at a/skeb/famichiki_100-067a9e.json
2026-07-14 14:07:18 | INFO     | OK https://skeb.jp/api/users/Tscn0
2026-07-14 14:07:18 | INFO     | Saving at a/skeb/Tscn0-7b58dd.json
2026-07-14 14:07:19 | WARNING  | 404 on https://skeb.jp/api/users/soraumi2000_50_ (attempt 1/3)
2026-07-14 14:07:20 | WARNING  | 404 on https://skeb.jp/api/users/aki_ra3_ (attempt 1/3)
2026-07-14 14:07:21 | INFO     | OK https://skeb.jp/api/users/X_01z
2026-07-14 14:07:21 | INFO     | Saving at a/skeb/X_01z-6d1c9f.json
2026-07-14 14:07:22 | WARNING  | 404 on https://skeb.jp/api/users/kiNero30901 (attempt 1/3)
2026-07-14 14:07:23 | INFO     | OK https://skeb.jp/api/users/Gulisyan
2026-07-14 14:07:23 | INFO     | Saving at a/skeb/Gulisyan-69a833.json
2026-07-14 14:07:23 | WARNING  | 404 on https://skeb.jp/api/users/aki_ra3_ (attempt 2/3)
2026-07-14 14:07:25 | INFO     | OK https://skeb.jp/api/users/nr11143776
2026-07-14 14:07:25 | INFO     | Saving at a/skeb/nr11143776-641c1b.json
2026-07-14 14:07:25 | WARNING  | 404 on https://skeb.jp/api/users/kiNero30901 (attempt 2/3)
2026-07-14 14:07:27 | WARNING  | 404 on https://skeb.jp/api/users/NOm0y0i (attempt 1/3)
2026-07-14 14:07:28 | WARNING  | 404 on https://skeb.jp/api/users/se3ifinal (attempt 3/3)
2026-07-14 14:07:29 | WARNING  | 404 on https://skeb.jp/api/users/aki_ra3_ (attempt 3/3)
2026-07-14 14:07:30 | INFO     | OK https://skeb.jp/api/users/MayoimitiKomiti
2026-07-14 14:07:30 | INFO     | Saving at a/skeb/MayoimitiKomiti-24cf51.json
2026-07-14 14:07:31 | WARNING  | 404 on https://skeb.jp/api/users/Henzu_23 (attempt 1/3)
2026-07-14 14:07:32 | INFO     | OK https://skeb.jp/api/users/Narumi_Hyou
2026-07-14 14:07:32 | INFO     | Saving at a/skeb/Narumi_Hyou-1a80f7.json
2026-07-14 14:07:33 | WARNING  | 404 on https://skeb.jp/api/users/NOm0y0i (attempt 2/3)
2026-07-14 14:07:33 | WARNING  | 404 on https://skeb.jp/api/users/Henzu_23 (attempt 2/3)
2026-07-14 14:07:35 | WARNING  | 404 on https://skeb.jp/api/users/8oSSUHCnXXz4tBp (attempt 2/3)
2026-07-14 14:07:36 | INFO     | OK https://skeb.jp/api/users/amu00_AtR
2026-07-14 14:07:36 | INFO     | Saving at a/skeb/amu00_AtR-a576f7.json
2026-07-14 14:07:37 | INFO     | OK https://skeb.jp/api/users/mxxrily
2026-07-14 14:07:37 | INFO     | Saving at a/skeb/mxxrily-3ed96d.json
2026-07-14 14:07:38 | INFO     | OK https://skeb.jp/api/users/manapekorin
2026-07-14 14:07:38 | INFO     | Saving at a/skeb/manapekorin-9a7781.json
2026-07-14 14:07:39 | WARNING  | 404 on https://skeb.jp/api/users/kiNero30901 (attempt 3/3)
2026-07-14 14:07:40 | INFO     | OK https://skeb.jp/api/users/Fusui_x
2026-07-14 14:07:40 | INFO     | Saving at a/skeb/Fusui_x-475f26.json
2026-07-14 14:07:41 | INFO     | OK https://skeb.jp/api/users/sugar_ruko
2026-07-14 14:07:41 | INFO     | Saving at a/skeb/sugar_ruko-2cc6c9.json
2026-07-14 14:07:42 | WARNING  | 404 on https://skeb.jp/api/users/T4k73gqSZ26h5si (attempt 2/3)
2026-07-14 14:07:43 | WARNING  | 404 on https://skeb.jp/api/users/8oSSUHCnXXz4tBp (attempt 3/3)
2026-07-14 14:07:44 | WARNING  | 404 on https://skeb.jp/api/users/NOm0y0i (attempt 3/3)
2026-07-14 14:07:45 | INFO     | OK https://skeb.jp/api/users/ukkari0baka
2026-07-14 14:07:45 | INFO     | Saving at a/skeb/ukkari0baka-c75c74.json
2026-07-14 14:07:46 | INFO     | OK https://skeb.jp/api/users/kana2n_pr
2026-07-14 14:07:46 | INFO     | Saving at a/skeb/kana2n_pr-81d835.json
2026-07-14 14:07:47 | INFO     | OK https://skeb.jp/api/users/nemutomume
2026-07-14 14:07:47 | INFO     | Saving at a/skeb/nemutomume-25df1b.json
2026-07-14 14:07:48 | WARNING  | 404 on https://skeb.jp/api/users/Uo_oU_us (attempt 1/3)
2026-07-14 14:07:49 | INFO     | OK https://skeb.jp/api/users/reihimeyki_2
2026-07-14 14:07:49 | INFO     | Saving at a/skeb/reihimeyki_2-f97dcc.json
2026-07-14 14:07:50 | WARNING  | 404 on https://skeb.jp/api/users/soraumi2000_50_ (attempt 2/3)
2026-07-14 14:07:51 | WARNING  | 404 on https://skeb.jp/api/users/ghcfujfc1 (attempt 1/3)
2026-07-14 14:07:51 | WARNING  | 404 on https://skeb.jp/api/users/Uo_oU_us (attempt 2/3)
2026-07-14 14:07:53 | INFO     | OK https://skeb.jp/api/users/ito_hinagi
2026-07-14 14:07:53 | INFO     | Saving at a/skeb/ito_hinagi-784686.json
2026-07-14 14:07:54 | WARNING  | 404 on https://skeb.jp/api/users/vHoo__ (attempt 1/3)
2026-07-14 14:07:54 | WARNING  | 404 on https://skeb.jp/api/users/ghcfujfc1 (attempt 2/3)
2026-07-14 14:07:56 | WARNING  | 404 on https://skeb.jp/api/users/T4k73gqSZ26h5si (attempt 3/3)
2026-07-14 14:07:57 | INFO     | OK https://skeb.jp/api/users/socho666
2026-07-14 14:07:57 | INFO     | Saving at a/skeb/socho666-9d3914.json
2026-07-14 14:07:57 | WARNING  | 404 on https://skeb.jp/api/users/vHoo__ (attempt 2/3)
2026-07-14 14:07:59 | INFO     | OK https://skeb.jp/api/users/shidu_no
2026-07-14 14:07:59 | INFO     | Saving at a/skeb/shidu_no-48029a.json
2026-07-14 14:08:00 | WARNING  | 404 on https://skeb.jp/api/users/ghcfujfc1 (attempt 3/3)
2026-07-14 14:08:01 | INFO     | OK https://skeb.jp/api/users/Tagrowth05
2026-07-14 14:08:01 | INFO     | Saving at a/skeb/Tagrowth05-c50eca.json
2026-07-14 14:08:02 | INFO     | OK https://skeb.jp/api/users/Bond_Boo
2026-07-14 14:08:02 | INFO     | Saving at a/skeb/Bond_Boo-a9d8bf.json
2026-07-14 14:08:03 | WARNING  | 404 on https://skeb.jp/api/users/Iam_Ciikawa (attempt 1/3)
2026-07-14 14:08:04 | WARNING  | 404 on https://skeb.jp/api/users/vHoo__ (attempt 3/3)
2026-07-14 14:08:05 | WARNING  | 404 on https://skeb.jp/api/users/Uo_oU_us (attempt 3/3)
2026-07-14 14:08:06 | WARNING  | 404 on https://skeb.jp/api/users/m3x3_sk (attempt 1/3)
2026-07-14 14:08:06 | WARNING  | 404 on https://skeb.jp/api/users/Iam_Ciikawa (attempt 2/3)
2026-07-14 14:08:08 | WARNING  | 404 on https://skeb.jp/api/users/fm7hxj (attempt 1/3)
2026-07-14 14:08:09 | WARNING  | 404 on https://skeb.jp/api/users/soraumi2000_50_ (attempt 3/3)
2026-07-14 14:08:09 | WARNING  | 404 on https://skeb.jp/api/users/m3x3_sk (attempt 2/3)
2026-07-14 14:08:10 | WARNING  | 404 on https://skeb.jp/api/users/fm7hxj (attempt 2/3)
2026-07-14 14:08:12 | INFO     | OK https://skeb.jp/api/users/bunjiro_ppibd
2026-07-14 14:08:12 | INFO     | Saving at a/skeb/bunjiro_ppibd-61491a.json
2026-07-14 14:08:13 | WARNING  | 404 on https://skeb.jp/api/users/Iam_Ciikawa (attempt 3/3)
2026-07-14 14:08:14 | INFO     | OK https://skeb.jp/api/users/rose_statue
2026-07-14 14:08:14 | INFO     | Saving at a/skeb/rose_statue-8f79ea.json
2026-07-14 14:08:15 | WARNING  | 404 on https://skeb.jp/api/users/Genkyou (attempt 3/3)
2026-07-14 14:08:16 | INFO     | OK https://skeb.jp/api/users/14256omy
2026-07-14 14:08:16 | INFO     | Saving at a/skeb/14256omy-4254ab.json
2026-07-14 14:08:17 | WARNING  | 404 on https://skeb.jp/api/users/fm7hxj (attempt 3/3)
2026-07-14 14:08:18 | INFO     | OK https://skeb.jp/api/users/_azuma_imo
2026-07-14 14:08:18 | INFO     | Saving at a/skeb/_azuma_imo-054752.json
2026-07-14 14:08:19 | INFO     | OK https://skeb.jp/api/users/67tuyu67
2026-07-14 14:08:19 | INFO     | Saving at a/skeb/67tuyu67-113819.json
2026-07-14 14:08:20 | INFO     | OK https://skeb.jp/api/users/nkykn0314
2026-07-14 14:08:20 | INFO     | Saving at a/skeb/nkykn0314-5d7900.json
2026-07-14 14:08:21 | INFO     | OK https://skeb.jp/api/users/kaiju_ki
2026-07-14 14:08:21 | INFO     | Saving at a/skeb/kaiju_ki-25226c.json
2026-07-14 14:08:22 | INFO     | OK https://skeb.jp/api/users/naggccho
2026-07-14 14:08:22 | INFO     | Saving at a/skeb/naggccho-6192d8.json
2026-07-14 14:08:23 | WARNING  | 404 on https://skeb.jp/api/users/ronn_irai (attempt 1/3)
2026-07-14 14:08:24 | INFO     | OK https://skeb.jp/api/users/choco_moch
2026-07-14 14:08:24 | INFO     | Saving at a/skeb/choco_moch-03b143.json
2026-07-14 14:08:25 | INFO     | OK https://skeb.jp/api/users/Kanemura_Haru
2026-07-14 14:08:25 | INFO     | Saving at a/skeb/Kanemura_Haru-d3d588.json
2026-07-14 14:08:26 | WARNING  | 404 on https://skeb.jp/api/users/_meruruto_ (attempt 1/3)
2026-07-14 14:08:27 | INFO     | OK https://skeb.jp/api/users/oishi_chaduke
2026-07-14 14:08:27 | INFO     | Saving at a/skeb/oishi_chaduke-5d6bd7.json
2026-07-14 14:08:27 | WARNING  | 404 on https://skeb.jp/api/users/ronn_irai (attempt 2/3)
2026-07-14 14:08:29 | WARNING  | 404 on https://skeb.jp/api/users/m3x3_sk (attempt 3/3)
2026-07-14 14:08:30 | INFO     | OK https://skeb.jp/api/users/inari_ichimatsu
2026-07-14 14:08:30 | INFO     | Saving at a/skeb/inari_ichimatsu-314615.json
2026-07-14 14:08:31 | WARNING  | 404 on https://skeb.jp/api/users/oshino_Iriss (attempt 1/3)
2026-07-14 14:08:32 | INFO     | OK https://skeb.jp/api/users/mamorimk
2026-07-14 14:08:32 | INFO     | Saving at a/skeb/mamorimk-bb6726.json
2026-07-14 14:08:33 | WARNING  | 404 on https://skeb.jp/api/users/ronn_irai (attempt 3/3)
2026-07-14 14:08:34 | INFO     | OK https://skeb.jp/api/users/azeno_tsubute22
2026-07-14 14:08:34 | INFO     | Saving at a/skeb/azeno_tsubute22-2bcf32.json
2026-07-14 14:08:35 | WARNING  | 404 on https://skeb.jp/api/users/77_t2w (attempt 1/3)
2026-07-14 14:08:36 | WARNING  | 404 on https://skeb.jp/api/users/killy810 (attempt 1/3)
2026-07-14 14:08:37 | WARNING  | 404 on https://skeb.jp/api/users/kagoyama_sns (attempt 1/3)
2026-07-14 14:08:37 | WARNING  | 404 on https://skeb.jp/api/users/77_t2w (attempt 2/3)
2026-07-14 14:08:39 | INFO     | OK https://skeb.jp/api/users/tsuti_buta
2026-07-14 14:08:39 | INFO     | Saving at a/skeb/tsuti_buta-e4b9ba.json
2026-07-14 14:08:39 | WARNING  | 404 on https://skeb.jp/api/users/killy810 (attempt 2/3)
2026-07-14 14:08:40 | WARNING  | 404 on https://skeb.jp/api/users/kagoyama_sns (attempt 2/3)
2026-07-14 14:08:42 | WARNING  | 404 on https://skeb.jp/api/users/p_pfp5 (attempt 1/3)
2026-07-14 14:08:43 | INFO     | OK https://skeb.jp/api/users/tuki_oo12
2026-07-14 14:08:43 | INFO     | Saving at a/skeb/tuki_oo12-0d1c06.json
2026-07-14 14:08:44 | WARNING  | 404 on https://skeb.jp/api/users/oshino_Iriss (attempt 2/3)
2026-07-14 14:08:45 | WARNING  | 404 on https://skeb.jp/api/users/meguru_nero (attempt 1/3)
2026-07-14 14:08:46 | WARNING  | 404 on https://skeb.jp/api/users/kagoyama_sns (attempt 3/3)
2026-07-14 14:08:47 | WARNING  | 404 on https://skeb.jp/api/users/Henzu_23 (attempt 3/3)
2026-07-14 14:08:48 | INFO     | OK https://skeb.jp/api/users/szkmocchi_holo
2026-07-14 14:08:48 | INFO     | Saving at a/skeb/szkmocchi_holo-333329.json
2026-07-14 14:08:48 | WARNING  | 404 on https://skeb.jp/api/users/meguru_nero (attempt 2/3)
2026-07-14 14:08:50 | INFO     | OK https://skeb.jp/api/users/cc_uzr
2026-07-14 14:08:50 | INFO     | Saving at a/skeb/cc_uzr-23e2e9.json
2026-07-14 14:08:51 | WARNING  | 404 on https://skeb.jp/api/users/77_t2w (attempt 3/3)
2026-07-14 14:08:52 | INFO     | OK https://skeb.jp/api/users/shino_TKTM
2026-07-14 14:08:52 | INFO     | Saving at a/skeb/shino_TKTM-ff3785.json
2026-07-14 14:08:53 | INFO     | OK https://skeb.jp/api/users/Hatomaru
2026-07-14 14:08:53 | INFO     | Saving at a/skeb/Hatomaru-6cb40a.json
2026-07-14 14:08:54 | WARNING  | 404 on https://skeb.jp/api/users/meguru_nero (attempt 3/3)
2026-07-14 14:08:55 | WARNING  | 404 on https://skeb.jp/api/users/_meruruto_ (attempt 2/3)
2026-07-14 14:08:56 | INFO     | OK https://skeb.jp/api/users/shiwoyome
2026-07-14 14:08:56 | INFO     | Saving at a/skeb/shiwoyome-e795a9.json
2026-07-14 14:08:57 | INFO     | OK https://skeb.jp/api/users/nezu3mochimochi
2026-07-14 14:08:57 | INFO     | Saving at a/skeb/nezu3mochimochi-497f50.json
2026-07-14 14:08:58 | INFO     | OK https://skeb.jp/api/users/k_mixheart
2026-07-14 14:08:58 | INFO     | Saving at a/skeb/k_mixheart-e9521b.json
2026-07-14 14:08:59 | WARNING  | 404 on https://skeb.jp/api/users/p_pfp5 (attempt 2/3)
2026-07-14 14:09:00 | INFO     | OK https://skeb.jp/api/users/Ayusan___8901
2026-07-14 14:09:00 | INFO     | Saving at a/skeb/Ayusan___8901-661864.json
2026-07-14 14:09:01 | WARNING  | 404 on https://skeb.jp/api/users/_meruruto_ (attempt 3/3)
2026-07-14 14:09:02 | INFO     | OK https://skeb.jp/api/users/kure_NG
2026-07-14 14:09:02 | INFO     | Saving at a/skeb/kure_NG-764a12.json
2026-07-14 14:09:03 | WARNING  | 404 on https://skeb.jp/api/users/kokorono_376 (attempt 1/3)
2026-07-14 14:09:04 | INFO     | OK https://skeb.jp/api/users/m_s_55i
2026-07-14 14:09:04 | INFO     | Saving at a/skeb/m_s_55i-08e6cb.json
2026-07-14 14:09:05 | WARNING  | 404 on https://skeb.jp/api/users/p_pfp5 (attempt 3/3)
2026-07-14 14:09:06 | INFO     | OK https://skeb.jp/api/users/shi_ppo_no
2026-07-14 14:09:06 | INFO     | Saving at a/skeb/shi_ppo_no-a4ded5.json
2026-07-14 14:09:07 | INFO     | OK https://skeb.jp/api/users/yuihi_now
2026-07-14 14:09:07 | INFO     | Saving at a/skeb/yuihi_now-2ee19d.json
2026-07-14 14:09:08 | WARNING  | 404 on https://skeb.jp/api/users/sakayama_lazuli (attempt 1/3)
2026-07-14 14:09:09 | INFO     | OK https://skeb.jp/api/users/na_nari
2026-07-14 14:09:09 | INFO     | Saving at a/skeb/na_nari-652620.json
2026-07-14 14:09:10 | INFO     | OK https://skeb.jp/api/users/Nois_Ichinomae
2026-07-14 14:09:10 | INFO     | Saving at a/skeb/Nois_Ichinomae-32cf60.json
2026-07-14 14:09:11 | INFO     | OK https://skeb.jp/api/users/Konono1125
2026-07-14 14:09:11 | INFO     | Saving at a/skeb/Konono1125-b870d8.json
2026-07-14 14:09:11 | WARNING  | 404 on https://skeb.jp/api/users/sakayama_lazuli (attempt 2/3)
2026-07-14 14:09:13 | WARNING  | 404 on https://skeb.jp/api/users/923kaku (attempt 1/3)
2026-07-14 14:09:14 | WARNING  | 404 on https://skeb.jp/api/users/killy810 (attempt 3/3)
2026-07-14 14:09:15 | WARNING  | 404 on https://skeb.jp/api/users/oshino_Iriss (attempt 3/3)
2026-07-14 14:09:16 | INFO     | OK https://skeb.jp/api/users/nagomidera
2026-07-14 14:09:16 | INFO     | Saving at a/skeb/nagomidera-0a85de.json
2026-07-14 14:09:16 | WARNING  | 404 on https://skeb.jp/api/users/923kaku (attempt 2/3)
2026-07-14 14:09:18 | WARNING  | 404 on https://skeb.jp/api/users/sakayama_lazuli (attempt 3/3)
2026-07-14 14:09:19 | WARNING  | 404 on https://skeb.jp/api/users/kokorono_376 (attempt 2/3)
2026-07-14 14:09:20 | INFO     | OK https://skeb.jp/api/users/eno_nuo_
2026-07-14 14:09:20 | INFO     | Saving at a/skeb/eno_nuo_-080c44.json
2026-07-14 14:09:21 | WARNING  | 404 on https://skeb.jp/api/users/923kaku (attempt 3/3)
2026-07-14 14:09:23 | WARNING  | 404 on https://skeb.jp/api/users/kokorono_376 (attempt 3/3)
2026-07-14 14:09:23 | INFO     |  --- SUMMARY REPORT --- 
  Sources Retreived    : 152
  Profiles Fetched     : 107
  Profile Missing      : 45
  Profile Rate Limited : 0
  Profile Error Others : 0

2026-07-14 14:09:23 | INFO     | Started creating static api data.
2026-07-14 14:10:56 | INFO     | Album index written to a/albums/index.json (364 albums)
