2026-07-01 14:37:24 | INFO     | Initialized Data Store.
2026-07-01 14:37:24 | INFO     | Homepage GET status=429 (attempt 1/3)
2026-07-01 14:37:24 | INFO     | Cookie extracted [request_key=...].
2026-07-01 14:37:24 | INFO     | SkebClient ready (impersonate=chrome120, rate=1.2/s, concurrency=10, max_runtime=4800s)
2026-07-01 14:38:26 | INFO     | Ready to scrape 130218 items
2026-07-01 14:38:29 | INFO     | OK https://skeb.jp/api/users/nisinokacho
2026-07-01 14:38:29 | INFO     | Saving at a/skeb/nisinokacho-df6a85.json
2026-07-01 14:38:29 | INFO     | OK https://skeb.jp/api/users/aogi_VRC
2026-07-01 14:38:29 | INFO     | Saving at a/skeb/aogi_VRC-fdd03c.json
2026-07-01 14:38:30 | INFO     | OK https://skeb.jp/api/users/a51657042
2026-07-01 14:38:30 | INFO     | Saving at a/skeb/a51657042-74a82e.json
2026-07-01 14:38:31 | INFO     | OK https://skeb.jp/api/users/karas_originals
2026-07-01 14:38:31 | INFO     | Saving at a/skeb/karas_originals-47a164.json
2026-07-01 14:38:31 | INFO     | OK https://skeb.jp/api/users/00i172m
2026-07-01 14:38:31 | INFO     | Saving at a/skeb/00i172m-d1ea9d.json
2026-07-01 14:38:32 | INFO     | OK https://skeb.jp/api/users/_fia__
2026-07-01 14:38:32 | INFO     | Saving at a/skeb/_fia__-9050a5.json
2026-07-01 14:38:33 | INFO     | OK https://skeb.jp/api/users/Gtz06643049
2026-07-01 14:38:33 | INFO     | Saving at a/skeb/Gtz06643049-5e006d.json
2026-07-01 14:38:34 | INFO     | OK https://skeb.jp/api/users/ya_yasai
2026-07-01 14:38:34 | INFO     | Saving at a/skeb/ya_yasai-c6dd62.json
2026-07-01 14:38:35 | INFO     | OK https://skeb.jp/api/users/maihan0722
2026-07-01 14:38:35 | INFO     | Saving at a/skeb/maihan0722-a34d6d.json
2026-07-01 14:38:35 | INFO     | OK https://skeb.jp/api/users/sumidonzi0120
2026-07-01 14:38:35 | INFO     | Saving at a/skeb/sumidonzi0120-9a341a.json
2026-07-01 14:38:36 | INFO     | OK https://skeb.jp/api/users/sugapi_
2026-07-01 14:38:36 | INFO     | Saving at a/skeb/sugapi_-7c3e72.json
2026-07-01 14:38:37 | INFO     | OK https://skeb.jp/api/users/kiiiitsui
2026-07-01 14:38:37 | INFO     | Saving at a/skeb/kiiiitsui-79e121.json
2026-07-01 14:38:38 | INFO     | OK https://skeb.jp/api/users/Huyu_mi1
2026-07-01 14:38:38 | INFO     | Saving at a/skeb/Huyu_mi1-5bdb33.json
2026-07-01 14:38:39 | INFO     | OK https://skeb.jp/api/users/sagaRatsu
2026-07-01 14:38:39 | INFO     | Saving at a/skeb/sagaRatsu-f57a0a.json
2026-07-01 14:38:39 | INFO     | OK https://skeb.jp/api/users/ko_gi1heyzits
2026-07-01 14:38:39 | INFO     | Saving at a/skeb/ko_gi1heyzits-afe85b.json
2026-07-01 14:38:40 | INFO     | OK https://skeb.jp/api/users/sirokuro_sk_
2026-07-01 14:38:40 | INFO     | Saving at a/skeb/sirokuro_sk_-5a2a21.json
2026-07-01 14:38:41 | INFO     | OK https://skeb.jp/api/users/onigiri2563
2026-07-01 14:38:41 | INFO     | Saving at a/skeb/onigiri2563-b9e93a.json
2026-07-01 14:38:42 | INFO     | OK https://skeb.jp/api/users/yabure_
2026-07-01 14:38:42 | INFO     | Saving at a/skeb/yabure_-cb6ec7.json
2026-07-01 14:38:43 | INFO     | OK https://skeb.jp/api/users/080_3357
2026-07-01 14:38:43 | INFO     | Saving at a/skeb/080_3357-1a8740.json
2026-07-01 14:38:43 | INFO     | OK https://skeb.jp/api/users/OmgXu14ZiTjKKFs
2026-07-01 14:38:43 | INFO     | Saving at a/skeb/OmgXu14ZiTjKKFs-1c082d.json
2026-07-01 14:38:44 | INFO     | OK https://skeb.jp/api/users/ikkiiki1104
2026-07-01 14:38:44 | INFO     | Saving at a/skeb/ikkiiki1104-88fa76.json
2026-07-01 14:38:45 | INFO     | OK https://skeb.jp/api/users/unineu_zzz
2026-07-01 14:38:45 | INFO     | Saving at a/skeb/unineu_zzz-872e29.json
2026-07-01 14:38:46 | INFO     | OK https://skeb.jp/api/users/tubaki_Kbyakko
2026-07-01 14:38:46 | INFO     | Saving at a/skeb/tubaki_Kbyakko-22c0ff.json
2026-07-01 14:38:47 | WARNING  | 404 on https://skeb.jp/api/users/namoguuuguuu (attempt 1/3)
2026-07-01 14:38:47 | INFO     | OK https://skeb.jp/api/users/_natsu_se
2026-07-01 14:38:47 | INFO     | Saving at a/skeb/_natsu_se-414ab6.json
2026-07-01 14:38:48 | INFO     | OK https://skeb.jp/api/users/2doneeee
2026-07-01 14:38:48 | INFO     | Saving at a/skeb/2doneeee-07ef00.json
2026-07-01 14:38:49 | INFO     | OK https://skeb.jp/api/users/_uk2_
2026-07-01 14:38:49 | INFO     | Saving at a/skeb/_uk2_-67e3b2.json
2026-07-01 14:38:50 | INFO     | OK https://skeb.jp/api/users/zealmaker
2026-07-01 14:38:50 | INFO     | Saving at a/skeb/zealmaker-9b45a6.json
2026-07-01 14:38:51 | INFO     | OK https://skeb.jp/api/users/MochiUmaiNande
2026-07-01 14:38:51 | INFO     | Saving at a/skeb/MochiUmaiNande-8cc5b4.json
2026-07-01 14:38:51 | INFO     | OK https://skeb.jp/api/users/TRPG_wag
2026-07-01 14:38:51 | INFO     | Saving at a/skeb/TRPG_wag-70c9f2.json
2026-07-01 14:38:52 | INFO     | OK https://skeb.jp/api/users/otokam1117
2026-07-01 14:38:52 | INFO     | Saving at a/skeb/otokam1117-c4f8d8.json
2026-07-01 14:38:53 | INFO     | OK https://skeb.jp/api/users/last_densya
2026-07-01 14:38:53 | INFO     | Saving at a/skeb/last_densya-3dbaff.json
2026-07-01 14:38:54 | INFO     | OK https://skeb.jp/api/users/RG_IJ272
2026-07-01 14:38:54 | INFO     | Saving at a/skeb/RG_IJ272-6c097d.json
2026-07-01 14:38:55 | INFO     | OK https://skeb.jp/api/users/AgetaFugu
2026-07-01 14:38:55 | INFO     | Saving at a/skeb/AgetaFugu-e08776.json
2026-07-01 14:38:55 | INFO     | OK https://skeb.jp/api/users/SSz_481
2026-07-01 14:38:55 | INFO     | Saving at a/skeb/SSz_481-98d00d.json
2026-07-01 14:38:56 | INFO     | OK https://skeb.jp/api/users/rokurach1226
2026-07-01 14:38:56 | INFO     | Saving at a/skeb/rokurach1226-84957b.json
2026-07-01 14:38:57 | INFO     | OK https://skeb.jp/api/users/L0wi2
2026-07-01 14:38:57 | INFO     | Saving at a/skeb/L0wi2-b6c761.json
2026-07-01 14:38:58 | INFO     | OK https://skeb.jp/api/users/l_s_e_a_
2026-07-01 14:38:58 | INFO     | Saving at a/skeb/l_s_e_a_-7a384b.json
2026-07-01 14:38:59 | INFO     | OK https://skeb.jp/api/users/kuroseOXXO
2026-07-01 14:38:59 | INFO     | Saving at a/skeb/kuroseOXXO-35f2d6.json
2026-07-01 14:39:00 | WARNING  | 404 on https://skeb.jp/api/users/namoguuuguuu (attempt 2/3)
2026-07-01 14:39:00 | INFO     | OK https://skeb.jp/api/users/mitsuki_illust_
2026-07-01 14:39:00 | INFO     | Saving at a/skeb/mitsuki_illust_-e74449.json
2026-07-01 14:39:01 | INFO     | OK https://skeb.jp/api/users/konkon_aiza
2026-07-01 14:39:01 | INFO     | Saving at a/skeb/konkon_aiza-cfb2d6.json
2026-07-01 14:39:02 | INFO     | OK https://skeb.jp/api/users/hakushi_hai
2026-07-01 14:39:02 | INFO     | Saving at a/skeb/hakushi_hai-f65572.json
2026-07-01 14:39:03 | INFO     | OK https://skeb.jp/api/users/XI_error
2026-07-01 14:39:03 | INFO     | Saving at a/skeb/XI_error-ac30e8.json
2026-07-01 14:39:03 | INFO     | OK https://skeb.jp/api/users/mattun_8230
2026-07-01 14:39:03 | INFO     | Saving at a/skeb/mattun_8230-a20f42.json
2026-07-01 14:39:04 | INFO     | OK https://skeb.jp/api/users/eggru
2026-07-01 14:39:04 | INFO     | Saving at a/skeb/eggru-3cc11b.json
2026-07-01 14:39:05 | INFO     | OK https://skeb.jp/api/users/nakuro_chutaroe
2026-07-01 14:39:05 | INFO     | Saving at a/skeb/nakuro_chutaroe-a18710.json
2026-07-01 14:39:06 | INFO     | OK https://skeb.jp/api/users/otm__st
2026-07-01 14:39:06 | INFO     | Saving at a/skeb/otm__st-5c4375.json
2026-07-01 14:39:07 | INFO     | OK https://skeb.jp/api/users/NK2000MAN
2026-07-01 14:39:07 | INFO     | Saving at a/skeb/NK2000MAN-5b90e9.json
2026-07-01 14:39:07 | INFO     | OK https://skeb.jp/api/users/hzks_in
2026-07-01 14:39:07 | INFO     | Saving at a/skeb/hzks_in-58cd40.json
2026-07-01 14:39:08 | INFO     | OK https://skeb.jp/api/users/kokonoe_9090
2026-07-01 14:39:08 | INFO     | Saving at a/skeb/kokonoe_9090-d6e1dc.json
2026-07-01 14:39:09 | INFO     | OK https://skeb.jp/api/users/komainu_611
2026-07-01 14:39:09 | INFO     | Saving at a/skeb/komainu_611-668b1d.json
2026-07-01 14:39:10 | INFO     | OK https://skeb.jp/api/users/alfred_wanwan
2026-07-01 14:39:10 | INFO     | Saving at a/skeb/alfred_wanwan-3f4bab.json
2026-07-01 14:39:11 | INFO     | OK https://skeb.jp/api/users/tukimiya_nadeko
2026-07-01 14:39:11 | INFO     | Saving at a/skeb/tukimiya_nadeko-c55802.json
2026-07-01 14:39:11 | INFO     | OK https://skeb.jp/api/users/silverio01
2026-07-01 14:39:11 | INFO     | Saving at a/skeb/silverio01-9f8dba.json
2026-07-01 14:39:12 | INFO     | OK https://skeb.jp/api/users/tukimiluna2
2026-07-01 14:39:12 | INFO     | Saving at a/skeb/tukimiluna2-2202df.json
2026-07-01 14:39:13 | INFO     | OK https://skeb.jp/api/users/naname30
2026-07-01 14:39:13 | INFO     | Saving at a/skeb/naname30-a39d38.json
2026-07-01 14:39:14 | INFO     | OK https://skeb.jp/api/users/magu_sui_blue
2026-07-01 14:39:14 | INFO     | Saving at a/skeb/magu_sui_blue-67696f.json
2026-07-01 14:39:15 | INFO     | OK https://skeb.jp/api/users/noctowlart
2026-07-01 14:39:15 | INFO     | Saving at a/skeb/noctowlart-6e53a6.json
2026-07-01 14:39:15 | INFO     | OK https://skeb.jp/api/users/CoCoA_5588
2026-07-01 14:39:15 | INFO     | Saving at a/skeb/CoCoA_5588-531095.json
2026-07-01 14:39:16 | INFO     | OK https://skeb.jp/api/users/ivanti617
2026-07-01 14:39:16 | INFO     | Saving at a/skeb/ivanti617-ba1898.json
2026-07-01 14:39:17 | INFO     | OK https://skeb.jp/api/users/polloadayo
2026-07-01 14:39:17 | INFO     | Saving at a/skeb/polloadayo-3669d7.json
2026-07-01 14:39:18 | INFO     | OK https://skeb.jp/api/users/n_x3_3
2026-07-01 14:39:18 | INFO     | Saving at a/skeb/n_x3_3-f6405c.json
2026-07-01 14:39:19 | INFO     | OK https://skeb.jp/api/users/prsk_kawagi
2026-07-01 14:39:19 | INFO     | Saving at a/skeb/prsk_kawagi-dda43d.json
2026-07-01 14:39:19 | INFO     | OK https://skeb.jp/api/users/njnxrvpqqu
2026-07-01 14:39:19 | INFO     | Saving at a/skeb/njnxrvpqqu-e4e291.json
2026-07-01 14:39:20 | INFO     | OK https://skeb.jp/api/users/srt_lOl4
2026-07-01 14:39:20 | INFO     | Saving at a/skeb/srt_lOl4-14b1bc.json
2026-07-01 14:39:21 | INFO     | OK https://skeb.jp/api/users/apsn_8991
2026-07-01 14:39:21 | INFO     | Saving at a/skeb/apsn_8991-7c33e8.json
2026-07-01 14:39:22 | INFO     | OK https://skeb.jp/api/users/eagle88
2026-07-01 14:39:22 | INFO     | Saving at a/skeb/eagle88-ab670d.json
2026-07-01 14:39:23 | WARNING  | 404 on https://skeb.jp/api/users/namoguuuguuu (attempt 3/3)
2026-07-01 14:39:23 | INFO     | Saving at a/skeb/namoguuuguuu-6e0ef2.json
2026-07-01 14:39:23 | INFO     | OK https://skeb.jp/api/users/UM_VTch
2026-07-01 14:39:23 | INFO     | Saving at a/skeb/UM_VTch-5d7119.json
2026-07-01 14:39:24 | INFO     | OK https://skeb.jp/api/users/len_sakaki
2026-07-01 14:39:24 | INFO     | Saving at a/skeb/len_sakaki-e8466a.json
2026-07-01 14:39:25 | INFO     | OK https://skeb.jp/api/users/dodomejiru
2026-07-01 14:39:25 | INFO     | Saving at a/skeb/dodomejiru-32119c.json
2026-07-01 14:39:26 | INFO     | OK https://skeb.jp/api/users/M_simacher
2026-07-01 14:39:26 | INFO     | Saving at a/skeb/M_simacher-7c3067.json
2026-07-01 14:39:27 | INFO     | OK https://skeb.jp/api/users/akaisaran
2026-07-01 14:39:27 | INFO     | Saving at a/skeb/akaisaran-1e0b7b.json
2026-07-01 14:39:27 | INFO     | OK https://skeb.jp/api/users/aoi_rt0
2026-07-01 14:39:27 | INFO     | Saving at a/skeb/aoi_rt0-4ad539.json
2026-07-01 14:39:28 | INFO     | OK https://skeb.jp/api/users/Mythology_9999
2026-07-01 14:39:28 | INFO     | Saving at a/skeb/Mythology_9999-0e825a.json
2026-07-01 14:39:29 | INFO     | OK https://skeb.jp/api/users/zzz_moch
2026-07-01 14:39:29 | INFO     | Saving at a/skeb/zzz_moch-fb6f60.json
2026-07-01 14:39:30 | INFO     | OK https://skeb.jp/api/users/omochiri_12
2026-07-01 14:39:30 | INFO     | Saving at a/skeb/omochiri_12-c51839.json
2026-07-01 14:39:31 | INFO     | OK https://skeb.jp/api/users/Ndy5D
2026-07-01 14:39:31 | INFO     | Saving at a/skeb/Ndy5D-5022d1.json
2026-07-01 14:39:31 | INFO     | OK https://skeb.jp/api/users/R_haseki
2026-07-01 14:39:31 | INFO     | Saving at a/skeb/R_haseki-effa83.json
2026-07-01 14:39:32 | INFO     | OK https://skeb.jp/api/users/genb_kamesan
2026-07-01 14:39:32 | INFO     | Saving at a/skeb/genb_kamesan-c0d197.json
2026-07-01 14:39:33 | INFO     | OK https://skeb.jp/api/users/Csankaku_
2026-07-01 14:39:33 | INFO     | Saving at a/skeb/Csankaku_-437ee9.json
2026-07-01 14:39:34 | INFO     | OK https://skeb.jp/api/users/slg9fo
2026-07-01 14:39:34 | INFO     | Saving at a/skeb/slg9fo-101b08.json
2026-07-01 14:39:35 | INFO     | OK https://skeb.jp/api/users/shikihito_trpg
2026-07-01 14:39:35 | INFO     | Saving at a/skeb/shikihito_trpg-951743.json
2026-07-01 14:39:35 | INFO     | OK https://skeb.jp/api/users/kira_kazuki
2026-07-01 14:39:35 | INFO     | Saving at a/skeb/kira_kazuki-e4d6a8.json
2026-07-01 14:39:36 | INFO     | OK https://skeb.jp/api/users/______253n
2026-07-01 14:39:36 | INFO     | Saving at a/skeb/______253n-244fcd.json
2026-07-01 14:39:37 | INFO     | OK https://skeb.jp/api/users/ganbaru_82
2026-07-01 14:39:37 | INFO     | Saving at a/skeb/ganbaru_82-28dba1.json
2026-07-01 14:39:38 | INFO     | OK https://skeb.jp/api/users/aokuro_1908
2026-07-01 14:39:38 | INFO     | Saving at a/skeb/aokuro_1908-308a0f.json
2026-07-01 14:39:39 | INFO     | OK https://skeb.jp/api/users/nnit_doll
2026-07-01 14:39:39 | INFO     | Saving at a/skeb/nnit_doll-ca0462.json
2026-07-01 14:39:39 | INFO     | OK https://skeb.jp/api/users/hoshi_todoku
2026-07-01 14:39:39 | INFO     | Saving at a/skeb/hoshi_todoku-ca34da.json
2026-07-01 14:39:40 | INFO     | OK https://skeb.jp/api/users/C22H20O13
2026-07-01 14:39:40 | INFO     | Saving at a/skeb/C22H20O13-6acfd9.json
2026-07-01 14:39:41 | INFO     | OK https://skeb.jp/api/users/Kyoto_Eupho
2026-07-01 14:39:41 | INFO     | Saving at a/skeb/Kyoto_Eupho-de6736.json
2026-07-01 14:39:42 | INFO     | OK https://skeb.jp/api/users/aolnek0
2026-07-01 14:39:42 | INFO     | Saving at a/skeb/aolnek0-8c25b3.json
2026-07-01 14:39:43 | INFO     | OK https://skeb.jp/api/users/shirasunekozzz
2026-07-01 14:39:43 | INFO     | Saving at a/skeb/shirasunekozzz-fd6890.json
2026-07-01 14:39:43 | INFO     | OK https://skeb.jp/api/users/Isonfleek2056
2026-07-01 14:39:43 | INFO     | Saving at a/skeb/Isonfleek2056-e215aa.json
2026-07-01 14:39:44 | INFO     | OK https://skeb.jp/api/users/Gery58900943
2026-07-01 14:39:44 | INFO     | Saving at a/skeb/Gery58900943-dcd0e7.json
2026-07-01 14:39:45 | INFO     | OK https://skeb.jp/api/users/4taka4hashi4
2026-07-01 14:39:45 | INFO     | Saving at a/skeb/4taka4hashi4-50ff97.json
2026-07-01 14:39:46 | INFO     | OK https://skeb.jp/api/users/le_shocolat
2026-07-01 14:39:46 | INFO     | Saving at a/skeb/le_shocolat-2d8b88.json
2026-07-01 14:39:47 | INFO     | OK https://skeb.jp/api/users/bera_kaneko
2026-07-01 14:39:47 | INFO     | Saving at a/skeb/bera_kaneko-b3ceb1.json
2026-07-01 14:39:47 | INFO     | OK https://skeb.jp/api/users/motimoti_mikuru
2026-07-01 14:39:47 | INFO     | Saving at a/skeb/motimoti_mikuru-5917c1.json
2026-07-01 14:39:48 | INFO     | OK https://skeb.jp/api/users/minnmibouya
2026-07-01 14:39:48 | INFO     | Saving at a/skeb/minnmibouya-64b10b.json
2026-07-01 14:39:49 | INFO     | OK https://skeb.jp/api/users/hrt__illust
2026-07-01 14:39:49 | INFO     | Saving at a/skeb/hrt__illust-67e8b0.json
2026-07-01 14:39:50 | INFO     | OK https://skeb.jp/api/users/cavuun
2026-07-01 14:39:50 | INFO     | Saving at a/skeb/cavuun-7ccc3f.json
2026-07-01 14:39:51 | INFO     | OK https://skeb.jp/api/users/creampuffmurder
2026-07-01 14:39:51 | INFO     | Saving at a/skeb/creampuffmurder-f3e613.json
2026-07-01 14:39:51 | INFO     | OK https://skeb.jp/api/users/ni1Qi
2026-07-01 14:39:51 | INFO     | Saving at a/skeb/ni1Qi-604598.json
2026-07-01 14:39:52 | INFO     | OK https://skeb.jp/api/users/GIGAotin
2026-07-01 14:39:52 | INFO     | Saving at a/skeb/GIGAotin-4876c2.json
2026-07-01 14:39:53 | INFO     | OK https://skeb.jp/api/users/atumoriiii
2026-07-01 14:39:53 | INFO     | Saving at a/skeb/atumoriiii-75cae0.json
2026-07-01 14:39:54 | INFO     | OK https://skeb.jp/api/users/udeden_odon
2026-07-01 14:39:54 | INFO     | Saving at a/skeb/udeden_odon-7f67d5.json
2026-07-01 14:39:55 | INFO     | OK https://skeb.jp/api/users/kaminonao
2026-07-01 14:39:55 | INFO     | Saving at a/skeb/kaminonao-949112.json
2026-07-01 14:39:55 | INFO     | OK https://skeb.jp/api/users/RACIPmi
2026-07-01 14:39:55 | INFO     | Saving at a/skeb/RACIPmi-c4fbe0.json
2026-07-01 14:39:56 | INFO     | OK https://skeb.jp/api/users/akiyoi
2026-07-01 14:39:56 | INFO     | Saving at a/skeb/akiyoi-5d91eb.json
2026-07-01 14:39:57 | INFO     | OK https://skeb.jp/api/users/ousawa
2026-07-01 14:39:57 | INFO     | Saving at a/skeb/ousawa-fd1afd.json
2026-07-01 14:39:58 | INFO     | OK https://skeb.jp/api/users/Mind_Drive
2026-07-01 14:39:58 | INFO     | Saving at a/skeb/Mind_Drive-3d9656.json
2026-07-01 14:39:59 | INFO     | OK https://skeb.jp/api/users/MochiShiroinnu
2026-07-01 14:39:59 | INFO     | Saving at a/skeb/MochiShiroinnu-a3331f.json
2026-07-01 14:40:00 | INFO     | OK https://skeb.jp/api/users/Shirotsume1111
2026-07-01 14:40:00 | INFO     | Saving at a/skeb/Shirotsume1111-a37741.json
2026-07-01 14:40:00 | INFO     | OK https://skeb.jp/api/users/hvmevln
2026-07-01 14:40:00 | INFO     | Saving at a/skeb/hvmevln-54f34e.json
2026-07-01 14:40:01 | INFO     | OK https://skeb.jp/api/users/cccc___yaaaa
2026-07-01 14:40:01 | INFO     | Saving at a/skeb/cccc___yaaaa-92b0f9.json
2026-07-01 14:40:02 | INFO     | OK https://skeb.jp/api/users/Kishiri10oru
2026-07-01 14:40:02 | INFO     | Saving at a/skeb/Kishiri10oru-ad5bba.json
2026-07-01 14:40:03 | INFO     | OK https://skeb.jp/api/users/slowlowqol
2026-07-01 14:40:03 | INFO     | Saving at a/skeb/slowlowqol-ad16a5.json
2026-07-01 14:40:03 | INFO     | OK https://skeb.jp/api/users/meow_dolls
2026-07-01 14:40:03 | INFO     | Saving at a/skeb/meow_dolls-749008.json
2026-07-01 14:40:04 | INFO     | OK https://skeb.jp/api/users/kakiru9312
2026-07-01 14:40:04 | INFO     | Saving at a/skeb/kakiru9312-aeacbf.json
2026-07-01 14:40:05 | INFO     | OK https://skeb.jp/api/users/awwmu_
2026-07-01 14:40:05 | INFO     | Saving at a/skeb/awwmu_-bf2b88.json
2026-07-01 14:40:06 | INFO     | OK https://skeb.jp/api/users/ymympo
2026-07-01 14:40:06 | INFO     | Saving at a/skeb/ymympo-ab7767.json
2026-07-01 14:40:07 | INFO     | OK https://skeb.jp/api/users/bonu_backplz
2026-07-01 14:40:07 | INFO     | Saving at a/skeb/bonu_backplz-8bbd49.json
2026-07-01 14:40:07 | INFO     | OK https://skeb.jp/api/users/KOSUMIIN
2026-07-01 14:40:07 | INFO     | Saving at a/skeb/KOSUMIIN-1ebed1.json
2026-07-01 14:40:08 | INFO     | OK https://skeb.jp/api/users/Sousaku_Ichi
2026-07-01 14:40:08 | INFO     | Saving at a/skeb/Sousaku_Ichi-40c119.json
2026-07-01 14:40:09 | INFO     | OK https://skeb.jp/api/users/nuinome_outa
2026-07-01 14:40:09 | INFO     | Saving at a/skeb/nuinome_outa-992f94.json
2026-07-01 14:40:10 | INFO     | OK https://skeb.jp/api/users/negitaman715
2026-07-01 14:40:10 | INFO     | Saving at a/skeb/negitaman715-f952cf.json
2026-07-01 14:40:11 | INFO     | OK https://skeb.jp/api/users/monwon__
2026-07-01 14:40:11 | INFO     | Saving at a/skeb/monwon__-80e95a.json
2026-07-01 14:40:11 | INFO     | OK https://skeb.jp/api/users/3syusaiin
2026-07-01 14:40:11 | INFO     | Saving at a/skeb/3syusaiin-b1bd8c.json
2026-07-01 14:40:12 | INFO     | OK https://skeb.jp/api/users/seki_syrup
2026-07-01 14:40:12 | INFO     | Saving at a/skeb/seki_syrup-124607.json
2026-07-01 14:40:13 | INFO     | OK https://skeb.jp/api/users/ikuta_neo
2026-07-01 14:40:13 | INFO     | Saving at a/skeb/ikuta_neo-ce7d33.json
2026-07-01 14:40:14 | INFO     | OK https://skeb.jp/api/users/samemaru_jo
2026-07-01 14:40:14 | INFO     | Saving at a/skeb/samemaru_jo-17ffe4.json
2026-07-01 14:40:15 | INFO     | OK https://skeb.jp/api/users/hikizanshiro
2026-07-01 14:40:15 | INFO     | Saving at a/skeb/hikizanshiro-5af92c.json
2026-07-01 14:40:16 | INFO     | OK https://skeb.jp/api/users/B40_04k_Skeb
2026-07-01 14:40:16 | INFO     | Saving at a/skeb/B40_04k_Skeb-6a742f.json
2026-07-01 14:40:16 | INFO     | OK https://skeb.jp/api/users/hachi11022021
2026-07-01 14:40:16 | INFO     | Saving at a/skeb/hachi11022021-b5dd2c.json
2026-07-01 14:40:17 | INFO     | OK https://skeb.jp/api/users/setonanaki
2026-07-01 14:40:17 | INFO     | Saving at a/skeb/setonanaki-e3140f.json
2026-07-01 14:40:18 | WARNING  | 404 on https://skeb.jp/api/users/TORASHI_1 (attempt 1/3)
2026-07-01 14:40:19 | INFO     | OK https://skeb.jp/api/users/irumerda2
2026-07-01 14:40:19 | INFO     | Saving at a/skeb/irumerda2-af8088.json
2026-07-01 14:40:19 | INFO     | OK https://skeb.jp/api/users/kanon_noNnonoN
2026-07-01 14:40:19 | INFO     | Saving at a/skeb/kanon_noNnonoN-f066a3.json
2026-07-01 14:40:20 | INFO     | OK https://skeb.jp/api/users/rarano9sZwei
2026-07-01 14:40:20 | INFO     | Saving at a/skeb/rarano9sZwei-abb884.json
2026-07-01 14:40:21 | INFO     | OK https://skeb.jp/api/users/Miyake_Tamako
2026-07-01 14:40:21 | INFO     | Saving at a/skeb/Miyake_Tamako-cc68c6.json
2026-07-01 14:40:22 | INFO     | OK https://skeb.jp/api/users/hn0_nkmyD91
2026-07-01 14:40:22 | INFO     | Saving at a/skeb/hn0_nkmyD91-12f03d.json
2026-07-01 14:40:23 | INFO     | OK https://skeb.jp/api/users/yu_hi_04
2026-07-01 14:40:23 | INFO     | Saving at a/skeb/yu_hi_04-537c59.json
2026-07-01 14:40:23 | INFO     | OK https://skeb.jp/api/users/kurupontaberu
2026-07-01 14:40:23 | INFO     | Saving at a/skeb/kurupontaberu-105241.json
2026-07-01 14:40:24 | INFO     | OK https://skeb.jp/api/users/Atelier_Ichida
2026-07-01 14:40:24 | INFO     | Saving at a/skeb/Atelier_Ichida-f76afd.json
2026-07-01 14:40:25 | INFO     | OK https://skeb.jp/api/users/mizuandooyu
2026-07-01 14:40:25 | INFO     | Saving at a/skeb/mizuandooyu-ef3d80.json
2026-07-01 14:40:26 | INFO     | OK https://skeb.jp/api/users/LamBee277617
2026-07-01 14:40:26 | INFO     | Saving at a/skeb/LamBee277617-4f7564.json
2026-07-01 14:40:27 | INFO     | OK https://skeb.jp/api/users/nyamekonari
2026-07-01 14:40:27 | INFO     | Saving at a/skeb/nyamekonari-312b87.json
2026-07-01 14:40:27 | INFO     | OK https://skeb.jp/api/users/Bz0aD
2026-07-01 14:40:27 | INFO     | Saving at a/skeb/Bz0aD-f9c42e.json
2026-07-01 14:40:28 | INFO     | OK https://skeb.jp/api/users/sun_fj_apple
2026-07-01 14:40:28 | INFO     | Saving at a/skeb/sun_fj_apple-88d154.json
2026-07-01 14:40:29 | INFO     | OK https://skeb.jp/api/users/Hana_Krrrrn
2026-07-01 14:40:29 | INFO     | Saving at a/skeb/Hana_Krrrrn-e5708a.json
2026-07-01 14:40:30 | INFO     | OK https://skeb.jp/api/users/SHISUI101
2026-07-01 14:40:30 | INFO     | Saving at a/skeb/SHISUI101-4d5701.json
2026-07-01 14:40:31 | INFO     | OK https://skeb.jp/api/users/togawaritsu
2026-07-01 14:40:31 | INFO     | Saving at a/skeb/togawaritsu-a6765d.json
2026-07-01 14:40:31 | INFO     | OK https://skeb.jp/api/users/ponnponn25
2026-07-01 14:40:31 | INFO     | Saving at a/skeb/ponnponn25-b47bf8.json
2026-07-01 14:40:32 | INFO     | OK https://skeb.jp/api/users/musouyashiki
2026-07-01 14:40:32 | INFO     | Saving at a/skeb/musouyashiki-3d9661.json
2026-07-01 14:40:33 | INFO     | OK https://skeb.jp/api/users/tomori_ya699
2026-07-01 14:40:33 | INFO     | Saving at a/skeb/tomori_ya699-7f216d.json
2026-07-01 14:40:34 | INFO     | OK https://skeb.jp/api/users/minana_si
2026-07-01 14:40:34 | INFO     | Saving at a/skeb/minana_si-e4f24e.json
2026-07-01 14:40:35 | INFO     | OK https://skeb.jp/api/users/osashimi_1025
2026-07-01 14:40:35 | INFO     | Saving at a/skeb/osashimi_1025-e6551e.json
2026-07-01 14:40:35 | INFO     | OK https://skeb.jp/api/users/6363mrmr18
2026-07-01 14:40:35 | INFO     | Saving at a/skeb/6363mrmr18-2526d5.json
2026-07-01 14:40:36 | INFO     | OK https://skeb.jp/api/users/nyameji000
2026-07-01 14:40:36 | INFO     | Saving at a/skeb/nyameji000-bbce03.json
2026-07-01 14:40:37 | INFO     | OK https://skeb.jp/api/users/piito_illust
2026-07-01 14:40:37 | INFO     | Saving at a/skeb/piito_illust-c7d929.json
2026-07-01 14:40:38 | INFO     | OK https://skeb.jp/api/users/megamegasumino3
2026-07-01 14:40:38 | INFO     | Saving at a/skeb/megamegasumino3-68dded.json
2026-07-01 14:40:39 | INFO     | OK https://skeb.jp/api/users/KogepanOver
2026-07-01 14:40:39 | INFO     | Saving at a/skeb/KogepanOver-b06fb2.json
2026-07-01 14:40:39 | INFO     | OK https://skeb.jp/api/users/Sirotuki_nown
2026-07-01 14:40:39 | INFO     | Saving at a/skeb/Sirotuki_nown-5e4544.json
2026-07-01 14:40:40 | INFO     | OK https://skeb.jp/api/users/game_ensan
2026-07-01 14:40:40 | INFO     | Saving at a/skeb/game_ensan-74a78c.json
2026-07-01 14:40:41 | INFO     | OK https://skeb.jp/api/users/kanata_natsumi
2026-07-01 14:40:41 | INFO     | Saving at a/skeb/kanata_natsumi-6e46ad.json
2026-07-01 14:40:42 | INFO     | OK https://skeb.jp/api/users/karasumaguro
2026-07-01 14:40:42 | INFO     | Saving at a/skeb/karasumaguro-0572bd.json
2026-07-01 14:40:43 | INFO     | OK https://skeb.jp/api/users/5ouzine
2026-07-01 14:40:43 | INFO     | Saving at a/skeb/5ouzine-0558e4.json
2026-07-01 14:40:43 | INFO     | OK https://skeb.jp/api/users/oshimai_10g
2026-07-01 14:40:43 | INFO     | Saving at a/skeb/oshimai_10g-6bb50a.json
2026-07-01 14:40:44 | INFO     | OK https://skeb.jp/api/users/321toi_mitsui
2026-07-01 14:40:44 | INFO     | Saving at a/skeb/321toi_mitsui-224b2c.json
2026-07-01 14:40:45 | INFO     | OK https://skeb.jp/api/users/moshop_p
2026-07-01 14:40:45 | INFO     | Saving at a/skeb/moshop_p-84e78f.json
2026-07-01 14:40:46 | INFO     | OK https://skeb.jp/api/users/haeeeeeeeeegiwa
2026-07-01 14:40:46 | INFO     | Saving at a/skeb/haeeeeeeeeegiwa-a7aa99.json
2026-07-01 14:40:47 | INFO     | OK https://skeb.jp/api/users/uezima_haya
2026-07-01 14:40:47 | INFO     | Saving at a/skeb/uezima_haya-4700da.json
2026-07-01 14:40:47 | INFO     | OK https://skeb.jp/api/users/Duna_mis_
2026-07-01 14:40:47 | INFO     | Saving at a/skeb/Duna_mis_-971d0f.json
2026-07-01 14:40:48 | INFO     | OK https://skeb.jp/api/users/aaa681476
2026-07-01 14:40:48 | INFO     | Saving at a/skeb/aaa681476-030581.json
2026-07-01 14:40:49 | INFO     | OK https://skeb.jp/api/users/XMjtJSCSYo
2026-07-01 14:40:49 | INFO     | Saving at a/skeb/XMjtJSCSYo-c8f611.json
2026-07-01 14:40:50 | INFO     | OK https://skeb.jp/api/users/al_tclef
2026-07-01 14:40:50 | INFO     | Saving at a/skeb/al_tclef-a88a1f.json
2026-07-01 14:40:51 | INFO     | OK https://skeb.jp/api/users/akepiyo_o
2026-07-01 14:40:51 | INFO     | Saving at a/skeb/akepiyo_o-6b9273.json
2026-07-01 14:40:51 | INFO     | OK https://skeb.jp/api/users/_fuwanwan
2026-07-01 14:40:51 | INFO     | Saving at a/skeb/_fuwanwan-0d085a.json
2026-07-01 14:40:52 | INFO     | OK https://skeb.jp/api/users/yatume00000000
2026-07-01 14:40:52 | INFO     | Saving at a/skeb/yatume00000000-4bcdc8.json
2026-07-01 14:40:53 | WARNING  | 404 on https://skeb.jp/api/users/TORASHI_1 (attempt 2/3)
2026-07-01 14:40:54 | INFO     | OK https://skeb.jp/api/users/yukitsune09
2026-07-01 14:40:54 | INFO     | Saving at a/skeb/yukitsune09-17a01b.json
2026-07-01 14:40:55 | INFO     | OK https://skeb.jp/api/users/swb7373
2026-07-01 14:40:55 | INFO     | Saving at a/skeb/swb7373-edcd1f.json
2026-07-01 14:40:55 | INFO     | OK https://skeb.jp/api/users/Chel_Fanart
2026-07-01 14:40:55 | INFO     | Saving at a/skeb/Chel_Fanart-1f6ac3.json
2026-07-01 14:40:56 | INFO     | OK https://skeb.jp/api/users/taresudare72847
2026-07-01 14:40:56 | INFO     | Saving at a/skeb/taresudare72847-13d8f1.json
2026-07-01 14:40:57 | INFO     | OK https://skeb.jp/api/users/yuy_snow
2026-07-01 14:40:57 | INFO     | Saving at a/skeb/yuy_snow-de80da.json
2026-07-01 14:40:58 | INFO     | OK https://skeb.jp/api/users/mikemo_03
2026-07-01 14:40:58 | INFO     | Saving at a/skeb/mikemo_03-601fd3.json
2026-07-01 14:40:59 | INFO     | OK https://skeb.jp/api/users/aramaki_chidori
2026-07-01 14:40:59 | INFO     | Saving at a/skeb/aramaki_chidori-060cc1.json
2026-07-01 14:40:59 | INFO     | OK https://skeb.jp/api/users/b1ta_b1ta
2026-07-01 14:40:59 | INFO     | Saving at a/skeb/b1ta_b1ta-d7c98b.json
2026-07-01 14:41:00 | INFO     | OK https://skeb.jp/api/users/L0rpO
2026-07-01 14:41:00 | INFO     | Saving at a/skeb/L0rpO-0b36a0.json
2026-07-01 14:41:01 | INFO     | OK https://skeb.jp/api/users/tizel24
2026-07-01 14:41:01 | INFO     | Saving at a/skeb/tizel24-b4e906.json
2026-07-01 14:41:02 | INFO     | OK https://skeb.jp/api/users/cocas_gottani
2026-07-01 14:41:02 | INFO     | Saving at a/skeb/cocas_gottani-563438.json
2026-07-01 14:41:03 | INFO     | OK https://skeb.jp/api/users/ma5ka4nai
2026-07-01 14:41:03 | INFO     | Saving at a/skeb/ma5ka4nai-bdf478.json
2026-07-01 14:41:03 | INFO     | OK https://skeb.jp/api/users/abbabarrI
2026-07-01 14:41:03 | INFO     | Saving at a/skeb/abbabarrI-a5b545.json
2026-07-01 14:41:04 | INFO     | OK https://skeb.jp/api/users/itsukinohito
2026-07-01 14:41:04 | INFO     | Saving at a/skeb/itsukinohito-2d6a4b.json
2026-07-01 14:41:05 | INFO     | OK https://skeb.jp/api/users/haruka_ohuton
2026-07-01 14:41:05 | INFO     | Saving at a/skeb/haruka_ohuton-af8529.json
2026-07-01 14:41:06 | INFO     | OK https://skeb.jp/api/users/mochigomekun
2026-07-01 14:41:06 | INFO     | Saving at a/skeb/mochigomekun-79051a.json
2026-07-01 14:41:07 | INFO     | OK https://skeb.jp/api/users/hyggeinu
2026-07-01 14:41:07 | INFO     | Saving at a/skeb/hyggeinu-1488c0.json
2026-07-01 14:41:07 | INFO     | OK https://skeb.jp/api/users/hatahatahatta
2026-07-01 14:41:07 | INFO     | Saving at a/skeb/hatahatahatta-9759ef.json
2026-07-01 14:41:08 | WARNING  | 404 on https://skeb.jp/api/users/TORASHI_1 (attempt 3/3)
2026-07-01 14:41:08 | INFO     | Saving at a/skeb/TORASHI_1-c93e21.json
2026-07-01 14:41:09 | INFO     | OK https://skeb.jp/api/users/nobi2jitarou
2026-07-01 14:41:09 | INFO     | Saving at a/skeb/nobi2jitarou-50d5e7.json
2026-07-01 14:41:10 | INFO     | OK https://skeb.jp/api/users/ore0w03
2026-07-01 14:41:10 | INFO     | Saving at a/skeb/ore0w03-43aadb.json
2026-07-01 14:41:11 | INFO     | OK https://skeb.jp/api/users/Nymph_0010
2026-07-01 14:41:11 | INFO     | Saving at a/skeb/Nymph_0010-029418.json
2026-07-01 14:41:11 | INFO     | OK https://skeb.jp/api/users/Naizoutuu
2026-07-01 14:41:11 | INFO     | Saving at a/skeb/Naizoutuu-76c502.json
2026-07-01 14:41:12 | INFO     | OK https://skeb.jp/api/users/nush_advance
2026-07-01 14:41:12 | INFO     | Saving at a/skeb/nush_advance-dbc189.json
2026-07-01 14:41:13 | INFO     | OK https://skeb.jp/api/users/teokure66
2026-07-01 14:41:13 | INFO     | Saving at a/skeb/teokure66-43c765.json
2026-07-01 14:41:14 | INFO     | OK https://skeb.jp/api/users/Mordvna
2026-07-01 14:41:14 | INFO     | Saving at a/skeb/Mordvna-70b0a2.json
2026-07-01 14:41:15 | INFO     | OK https://skeb.jp/api/users/nemnemap
2026-07-01 14:41:15 | INFO     | Saving at a/skeb/nemnemap-1b34ef.json
2026-07-01 14:41:15 | INFO     | OK https://skeb.jp/api/users/yawameitachi
2026-07-01 14:41:15 | INFO     | Saving at a/skeb/yawameitachi-a4ab19.json
2026-07-01 14:41:16 | INFO     | OK https://skeb.jp/api/users/plujma
2026-07-01 14:41:16 | INFO     | Saving at a/skeb/plujma-254180.json
2026-07-01 14:41:17 | INFO     | OK https://skeb.jp/api/users/nojinoji12
2026-07-01 14:41:17 | INFO     | Saving at a/skeb/nojinoji12-4e9695.json
2026-07-01 14:41:18 | INFO     | OK https://skeb.jp/api/users/2222gou
2026-07-01 14:41:18 | INFO     | Saving at a/skeb/2222gou-347691.json
2026-07-01 14:41:19 | INFO     | OK https://skeb.jp/api/users/happycat114514
2026-07-01 14:41:19 | INFO     | Saving at a/skeb/happycat114514-89d895.json
2026-07-01 14:41:19 | INFO     | OK https://skeb.jp/api/users/satolive20
2026-07-01 14:41:19 | INFO     | Saving at a/skeb/satolive20-ebffeb.json
2026-07-01 14:41:20 | INFO     | OK https://skeb.jp/api/users/mirm_zatakunt
2026-07-01 14:41:20 | INFO     | Saving at a/skeb/mirm_zatakunt-a98137.json
2026-07-01 14:41:21 | INFO     | OK https://skeb.jp/api/users/mimihakawail
2026-07-01 14:41:21 | INFO     | Saving at a/skeb/mimihakawail-5fecea.json
2026-07-01 14:41:22 | INFO     | OK https://skeb.jp/api/users/ALEXAND30739941
2026-07-01 14:41:22 | INFO     | Saving at a/skeb/ALEXAND30739941-a060c4.json
2026-07-01 14:41:23 | INFO     | OK https://skeb.jp/api/users/yumu35
2026-07-01 14:41:23 | INFO     | Saving at a/skeb/yumu35-3650b8.json
2026-07-01 14:41:23 | INFO     | OK https://skeb.jp/api/users/pita_39
2026-07-01 14:41:23 | INFO     | Saving at a/skeb/pita_39-54077e.json
2026-07-01 14:41:24 | INFO     | OK https://skeb.jp/api/users/ebikatusanba
2026-07-01 14:41:24 | INFO     | Saving at a/skeb/ebikatusanba-6c981c.json
2026-07-01 14:41:25 | INFO     | OK https://skeb.jp/api/users/Dysphoria96
2026-07-01 14:41:25 | INFO     | Saving at a/skeb/Dysphoria96-ecfd00.json
2026-07-01 14:41:26 | INFO     | OK https://skeb.jp/api/users/FFA334_mcan
2026-07-01 14:41:26 | INFO     | Saving at a/skeb/FFA334_mcan-ef5482.json
2026-07-01 14:41:27 | INFO     | OK https://skeb.jp/api/users/A9794598232930
2026-07-01 14:41:27 | INFO     | Saving at a/skeb/A9794598232930-ba2e1c.json
2026-07-01 14:41:27 | INFO     | OK https://skeb.jp/api/users/masakiOBO
2026-07-01 14:41:27 | INFO     | Saving at a/skeb/masakiOBO-d69141.json
2026-07-01 14:41:28 | INFO     | OK https://skeb.jp/api/users/danegi
2026-07-01 14:41:28 | INFO     | Saving at a/skeb/danegi-f2a9fc.json
2026-07-01 14:41:29 | INFO     | OK https://skeb.jp/api/users/_BLUEPINK000
2026-07-01 14:41:29 | INFO     | Saving at a/skeb/_BLUEPINK000-f08283.json
2026-07-01 14:41:30 | INFO     | OK https://skeb.jp/api/users/amaneco
2026-07-01 14:41:30 | INFO     | Saving at a/skeb/amaneco-5410cc.json
2026-07-01 14:41:31 | INFO     | OK https://skeb.jp/api/users/nonsrnn
2026-07-01 14:41:31 | INFO     | Saving at a/skeb/nonsrnn-4ecebe.json
2026-07-01 14:41:31 | INFO     | OK https://skeb.jp/api/users/ao_wateer
2026-07-01 14:41:31 | INFO     | Saving at a/skeb/ao_wateer-fcc994.json
2026-07-01 14:41:32 | INFO     | OK https://skeb.jp/api/users/tenten_thr
2026-07-01 14:41:32 | INFO     | Saving at a/skeb/tenten_thr-647c0d.json
2026-07-01 14:41:33 | INFO     | OK https://skeb.jp/api/users/karinoteru
2026-07-01 14:41:33 | INFO     | Saving at a/skeb/karinoteru-267367.json
2026-07-01 14:41:34 | INFO     | OK https://skeb.jp/api/users/obakemarumaru
2026-07-01 14:41:34 | INFO     | Saving at a/skeb/obakemarumaru-ee52eb.json
2026-07-01 14:41:35 | INFO     | OK https://skeb.jp/api/users/SorazuQb8Ch1alk
2026-07-01 14:41:35 | INFO     | Saving at a/skeb/SorazuQb8Ch1alk-2dda50.json
2026-07-01 14:41:35 | INFO     | OK https://skeb.jp/api/users/nekogayasan
2026-07-01 14:41:35 | INFO     | Saving at a/skeb/nekogayasan-d6bbed.json
2026-07-01 14:41:36 | INFO     | OK https://skeb.jp/api/users/sakuradukiyoru
2026-07-01 14:41:36 | INFO     | Saving at a/skeb/sakuradukiyoru-c30c06.json
2026-07-01 14:41:37 | INFO     | OK https://skeb.jp/api/users/7G446
2026-07-01 14:41:37 | INFO     | Saving at a/skeb/7G446-da6bf4.json
2026-07-01 14:41:38 | INFO     | OK https://skeb.jp/api/users/inusxyz
2026-07-01 14:41:38 | INFO     | Saving at a/skeb/inusxyz-c6eafc.json
2026-07-01 14:41:39 | INFO     | OK https://skeb.jp/api/users/sirohaco
2026-07-01 14:41:39 | INFO     | Saving at a/skeb/sirohaco-61e5be.json
2026-07-01 14:41:39 | INFO     | OK https://skeb.jp/api/users/Blue_FireM
2026-07-01 14:41:39 | INFO     | Saving at a/skeb/Blue_FireM-2dd89f.json
2026-07-01 14:41:40 | INFO     | OK https://skeb.jp/api/users/montblanc_star
2026-07-01 14:41:40 | INFO     | Saving at a/skeb/montblanc_star-985bad.json
2026-07-01 14:41:41 | INFO     | OK https://skeb.jp/api/users/Rushima_91
2026-07-01 14:41:41 | INFO     | Saving at a/skeb/Rushima_91-669b30.json
2026-07-01 14:41:42 | INFO     | OK https://skeb.jp/api/users/MITTEN2929
2026-07-01 14:41:42 | INFO     | Saving at a/skeb/MITTEN2929-eeb7f3.json
2026-07-01 14:41:43 | INFO     | OK https://skeb.jp/api/users/yuri_nadogasuki
2026-07-01 14:41:43 | INFO     | Saving at a/skeb/yuri_nadogasuki-505639.json
2026-07-01 14:41:44 | INFO     | OK https://skeb.jp/api/users/DQL8888
2026-07-01 14:41:44 | INFO     | Saving at a/skeb/DQL8888-be4140.json
2026-07-01 14:41:44 | WARNING  | 404 on https://skeb.jp/api/users/Uxo_ox_oO (attempt 1/3)
2026-07-01 14:41:45 | INFO     | OK https://skeb.jp/api/users/nishiki_ciao
2026-07-01 14:41:45 | INFO     | Saving at a/skeb/nishiki_ciao-abc789.json
2026-07-01 14:41:46 | INFO     | OK https://skeb.jp/api/users/suzume_18
2026-07-01 14:41:46 | INFO     | Saving at a/skeb/suzume_18-116316.json
2026-07-01 14:41:47 | INFO     | OK https://skeb.jp/api/users/mai91628216
2026-07-01 14:41:47 | INFO     | Saving at a/skeb/mai91628216-06aee7.json
2026-07-01 14:41:47 | INFO     | OK https://skeb.jp/api/users/balloon_RF
2026-07-01 14:41:47 | INFO     | Saving at a/skeb/balloon_RF-0cc960.json
2026-07-01 14:41:48 | WARNING  | 404 on https://skeb.jp/api/users/Uxo_ox_oO (attempt 2/3)
2026-07-01 14:41:49 | INFO     | OK https://skeb.jp/api/users/arcana_fb0
2026-07-01 14:41:49 | INFO     | Saving at a/skeb/arcana_fb0-01d2ed.json
2026-07-01 14:41:50 | INFO     | OK https://skeb.jp/api/users/KiarinQ_Ru
2026-07-01 14:41:50 | INFO     | Saving at a/skeb/KiarinQ_Ru-898402.json
2026-07-01 14:41:51 | INFO     | OK https://skeb.jp/api/users/honehonegaikotu
2026-07-01 14:41:51 | INFO     | Saving at a/skeb/honehonegaikotu-aa82a1.json
2026-07-01 14:41:51 | INFO     | OK https://skeb.jp/api/users/koara8panda8
2026-07-01 14:41:51 | INFO     | Saving at a/skeb/koara8panda8-54eefa.json
2026-07-01 14:41:52 | INFO     | OK https://skeb.jp/api/users/grunel_7979
2026-07-01 14:41:52 | INFO     | Saving at a/skeb/grunel_7979-38bce5.json
2026-07-01 14:41:53 | INFO     | OK https://skeb.jp/api/users/tesshin521
2026-07-01 14:41:53 | INFO     | Saving at a/skeb/tesshin521-9a18e9.json
2026-07-01 14:41:54 | INFO     | OK https://skeb.jp/api/users/Konomi_KJ
2026-07-01 14:41:54 | INFO     | Saving at a/skeb/Konomi_KJ-d4d78c.json
2026-07-01 14:41:55 | INFO     | OK https://skeb.jp/api/users/RYOQUCHA
2026-07-01 14:41:55 | INFO     | Saving at a/skeb/RYOQUCHA-276fc5.json
2026-07-01 14:41:55 | INFO     | OK https://skeb.jp/api/users/SPmushicake
2026-07-01 14:41:55 | INFO     | Saving at a/skeb/SPmushicake-0c216b.json
2026-07-01 14:41:56 | INFO     | OK https://skeb.jp/api/users/thousandflower1
2026-07-01 14:41:56 | INFO     | Saving at a/skeb/thousandflower1-211eb0.json
2026-07-01 14:41:57 | INFO     | OK https://skeb.jp/api/users/uma2um
2026-07-01 14:41:57 | INFO     | Saving at a/skeb/uma2um-043ad6.json
2026-07-01 14:41:58 | INFO     | OK https://skeb.jp/api/users/iiyamawataru
2026-07-01 14:41:58 | INFO     | Saving at a/skeb/iiyamawataru-7b82e4.json
2026-07-01 14:41:59 | WARNING  | 404 on https://skeb.jp/api/users/Uxo_ox_oO (attempt 3/3)
2026-07-01 14:41:59 | INFO     | Saving at a/skeb/Uxo_ox_oO-c01cf3.json
2026-07-01 14:41:59 | INFO     | OK https://skeb.jp/api/users/s4boRima
2026-07-01 14:41:59 | INFO     | Saving at a/skeb/s4boRima-b175fa.json
2026-07-01 14:42:00 | INFO     | OK https://skeb.jp/api/users/00_0uu
2026-07-01 14:42:00 | INFO     | Saving at a/skeb/00_0uu-65b02e.json
2026-07-01 14:42:01 | INFO     | OK https://skeb.jp/api/users/_shinsei2star_
2026-07-01 14:42:01 | INFO     | Saving at a/skeb/_shinsei2star_-daa25e.json
2026-07-01 14:42:02 | INFO     | OK https://skeb.jp/api/users/irokuzu_uroko
2026-07-01 14:42:02 | INFO     | Saving at a/skeb/irokuzu_uroko-410e7f.json
2026-07-01 14:42:03 | INFO     | OK https://skeb.jp/api/users/mymother_bijin
2026-07-01 14:42:03 | INFO     | Saving at a/skeb/mymother_bijin-02bff8.json
2026-07-01 14:42:03 | INFO     | OK https://skeb.jp/api/users/pyon_yukiusa
2026-07-01 14:42:03 | INFO     | Saving at a/skeb/pyon_yukiusa-084ac2.json
2026-07-01 14:42:04 | INFO     | OK https://skeb.jp/api/users/Nm0Eh
2026-07-01 14:42:04 | INFO     | Saving at a/skeb/Nm0Eh-543720.json
2026-07-01 14:42:05 | INFO     | OK https://skeb.jp/api/users/_lv3gami_
2026-07-01 14:42:05 | INFO     | Saving at a/skeb/_lv3gami_-ab948a.json
2026-07-01 14:42:06 | INFO     | OK https://skeb.jp/api/users/fX7T
2026-07-01 14:42:06 | INFO     | Saving at a/skeb/fX7T-956a48.json
2026-07-01 14:42:07 | INFO     | OK https://skeb.jp/api/users/tyori_4141
2026-07-01 14:42:07 | INFO     | Saving at a/skeb/tyori_4141-4d9995.json
2026-07-01 14:42:07 | INFO     | OK https://skeb.jp/api/users/mfy_a
2026-07-01 14:42:07 | INFO     | Saving at a/skeb/mfy_a-fd77b8.json
2026-07-01 14:42:08 | WARNING  | 404 on https://skeb.jp/api/users/mrzn_sub831 (attempt 1/3)
2026-07-01 14:42:09 | INFO     | OK https://skeb.jp/api/users/hoshino_0915
2026-07-01 14:42:09 | INFO     | Saving at a/skeb/hoshino_0915-8f0933.json
2026-07-01 14:42:10 | INFO     | OK https://skeb.jp/api/users/marii_0610
2026-07-01 14:42:10 | INFO     | Saving at a/skeb/marii_0610-0fdbbe.json
2026-07-01 14:42:11 | INFO     | OK https://skeb.jp/api/users/524Ryo
2026-07-01 14:42:11 | INFO     | Saving at a/skeb/524Ryo-2225e2.json
2026-07-01 14:42:11 | INFO     | OK https://skeb.jp/api/users/makoto_mamaV
2026-07-01 14:42:11 | INFO     | Saving at a/skeb/makoto_mamaV-aecb0c.json
2026-07-01 14:42:12 | INFO     | OK https://skeb.jp/api/users/satoroimo_
2026-07-01 14:42:12 | INFO     | Saving at a/skeb/satoroimo_-8c7f0b.json
2026-07-01 14:42:13 | INFO     | OK https://skeb.jp/api/users/Sai_S_ai
2026-07-01 14:42:13 | INFO     | Saving at a/skeb/Sai_S_ai-a37292.json
2026-07-01 14:42:14 | INFO     | OK https://skeb.jp/api/users/border208jaka
2026-07-01 14:42:14 | INFO     | Saving at a/skeb/border208jaka-310abf.json
2026-07-01 14:42:15 | INFO     | OK https://skeb.jp/api/users/tjb_e0
2026-07-01 14:42:15 | INFO     | Saving at a/skeb/tjb_e0-d6227a.json
2026-07-01 14:42:15 | INFO     | OK https://skeb.jp/api/users/replicaunicorn_
2026-07-01 14:42:15 | INFO     | Saving at a/skeb/replicaunicorn_-4999b9.json
2026-07-01 14:42:16 | INFO     | OK https://skeb.jp/api/users/nezu_star
2026-07-01 14:42:16 | INFO     | Saving at a/skeb/nezu_star-185f6d.json
2026-07-01 14:42:17 | INFO     | OK https://skeb.jp/api/users/Sakanatabena12
2026-07-01 14:42:17 | INFO     | Saving at a/skeb/Sakanatabena12-6a14ea.json
2026-07-01 14:42:18 | INFO     | OK https://skeb.jp/api/users/1214_Asahiyori
2026-07-01 14:42:18 | INFO     | Saving at a/skeb/1214_Asahiyori-d2d94f.json
2026-07-01 14:42:19 | INFO     | OK https://skeb.jp/api/users/ginzake
2026-07-01 14:42:19 | INFO     | Saving at a/skeb/ginzake-77597b.json
2026-07-01 14:42:19 | INFO     | OK https://skeb.jp/api/users/kshiraki_
2026-07-01 14:42:19 | INFO     | Saving at a/skeb/kshiraki_-669518.json
2026-07-01 14:42:20 | INFO     | OK https://skeb.jp/api/users/akino_tsukimi
2026-07-01 14:42:20 | INFO     | Saving at a/skeb/akino_tsukimi-9c6645.json
2026-07-01 14:42:21 | INFO     | OK https://skeb.jp/api/users/caro_tery
2026-07-01 14:42:21 | INFO     | Saving at a/skeb/caro_tery-63115e.json
2026-07-01 14:42:22 | INFO     | OK https://skeb.jp/api/users/nino_ryk
2026-07-01 14:42:22 | INFO     | Saving at a/skeb/nino_ryk-2b89cc.json
2026-07-01 14:42:23 | INFO     | OK https://skeb.jp/api/users/morning_book14
2026-07-01 14:42:23 | INFO     | Saving at a/skeb/morning_book14-764e49.json
2026-07-01 14:42:23 | INFO     | OK https://skeb.jp/api/users/Cheese_HR_
2026-07-01 14:42:23 | INFO     | Saving at a/skeb/Cheese_HR_-46a7bb.json
2026-07-01 14:42:24 | INFO     | OK https://skeb.jp/api/users/sa_kura_28
2026-07-01 14:42:24 | INFO     | Saving at a/skeb/sa_kura_28-09e40e.json
2026-07-01 14:42:25 | INFO     | OK https://skeb.jp/api/users/Garumiya_ug923
2026-07-01 14:42:25 | INFO     | Saving at a/skeb/Garumiya_ug923-69eb67.json
2026-07-01 14:42:26 | INFO     | OK https://skeb.jp/api/users/im0magur0
2026-07-01 14:42:26 | INFO     | Saving at a/skeb/im0magur0-019aad.json
2026-07-01 14:42:27 | INFO     | OK https://skeb.jp/api/users/beninninn
2026-07-01 14:42:27 | INFO     | Saving at a/skeb/beninninn-523c42.json
2026-07-01 14:42:27 | INFO     | OK https://skeb.jp/api/users/428968_AIM
2026-07-01 14:42:27 | INFO     | Saving at a/skeb/428968_AIM-00bdcf.json
2026-07-01 14:42:28 | WARNING  | 404 on https://skeb.jp/api/users/mrzn_sub831 (attempt 2/3)
2026-07-01 14:42:29 | INFO     | OK https://skeb.jp/api/users/tnoh6666
2026-07-01 14:42:29 | INFO     | Saving at a/skeb/tnoh6666-87ae67.json
2026-07-01 14:42:30 | INFO     | OK https://skeb.jp/api/users/Kita_Ichitaka
2026-07-01 14:42:30 | INFO     | Saving at a/skeb/Kita_Ichitaka-9769d4.json
2026-07-01 14:42:31 | INFO     | OK https://skeb.jp/api/users/Hub_Lush
2026-07-01 14:42:31 | INFO     | Saving at a/skeb/Hub_Lush-b004ec.json
2026-07-01 14:42:31 | INFO     | OK https://skeb.jp/api/users/sucrepe_
2026-07-01 14:42:31 | INFO     | Saving at a/skeb/sucrepe_-10b61a.json
2026-07-01 14:42:32 | INFO     | OK https://skeb.jp/api/users/beriberi114
2026-07-01 14:42:32 | INFO     | Saving at a/skeb/beriberi114-e054b1.json
2026-07-01 14:42:33 | INFO     | OK https://skeb.jp/api/users/MeMe__9270
2026-07-01 14:42:33 | INFO     | Saving at a/skeb/MeMe__9270-ccc974.json
2026-07-01 14:42:34 | WARNING  | 404 on https://skeb.jp/api/users/mrzn_sub831 (attempt 3/3)
2026-07-01 14:42:34 | INFO     | Saving at a/skeb/mrzn_sub831-1c4a41.json
2026-07-01 14:42:35 | INFO     | OK https://skeb.jp/api/users/shirayuki_20
2026-07-01 14:42:35 | INFO     | Saving at a/skeb/shirayuki_20-96b0c1.json
2026-07-01 14:42:35 | INFO     | OK https://skeb.jp/api/users/izmk1028
2026-07-01 14:42:35 | INFO     | Saving at a/skeb/izmk1028-56d2a0.json
2026-07-01 14:42:36 | INFO     | OK https://skeb.jp/api/users/kkNk9_doo
2026-07-01 14:42:36 | INFO     | Saving at a/skeb/kkNk9_doo-62e1bb.json
2026-07-01 14:42:37 | INFO     | OK https://skeb.jp/api/users/akimiya_kanto
2026-07-01 14:42:37 | INFO     | Saving at a/skeb/akimiya_kanto-b704f8.json
2026-07-01 14:42:38 | INFO     | OK https://skeb.jp/api/users/dorya_123
2026-07-01 14:42:38 | INFO     | Saving at a/skeb/dorya_123-64b0bd.json
2026-07-01 14:42:39 | INFO     | OK https://skeb.jp/api/users/muska_
2026-07-01 14:42:39 | INFO     | Saving at a/skeb/muska_-e46ed4.json
2026-07-01 14:42:39 | INFO     | OK https://skeb.jp/api/users/tukiya_etya
2026-07-01 14:42:39 | INFO     | Saving at a/skeb/tukiya_etya-35e54d.json
2026-07-01 14:42:40 | INFO     | OK https://skeb.jp/api/users/uinachan
2026-07-01 14:42:40 | INFO     | Saving at a/skeb/uinachan-79fe38.json
2026-07-01 14:42:41 | INFO     | OK https://skeb.jp/api/users/MIZ0_mmm333
2026-07-01 14:42:41 | INFO     | Saving at a/skeb/MIZ0_mmm333-5f5357.json
2026-07-01 14:42:42 | INFO     | OK https://skeb.jp/api/users/Rururun090
2026-07-01 14:42:42 | INFO     | Saving at a/skeb/Rururun090-906d45.json
2026-07-01 14:42:43 | WARNING  | 404 on https://skeb.jp/api/users/sha0_kmmg823 (attempt 1/3)
2026-07-01 14:42:43 | INFO     | OK https://skeb.jp/api/users/riri_nemuioo0
2026-07-01 14:42:43 | INFO     | Saving at a/skeb/riri_nemuioo0-9de128.json
2026-07-01 14:42:44 | INFO     | OK https://skeb.jp/api/users/kasaitakara
2026-07-01 14:42:44 | INFO     | Saving at a/skeb/kasaitakara-90ea2b.json
2026-07-01 14:42:45 | INFO     | OK https://skeb.jp/api/users/mendo_miru
2026-07-01 14:42:45 | INFO     | Saving at a/skeb/mendo_miru-76cb0e.json
2026-07-01 14:42:46 | INFO     | OK https://skeb.jp/api/users/kanidaze_0518
2026-07-01 14:42:46 | INFO     | Saving at a/skeb/kanidaze_0518-595d66.json
2026-07-01 14:42:47 | INFO     | OK https://skeb.jp/api/users/meutyan2525
2026-07-01 14:42:47 | INFO     | Saving at a/skeb/meutyan2525-c4bc30.json
2026-07-01 14:42:47 | INFO     | OK https://skeb.jp/api/users/ayucazuma_fate
2026-07-01 14:42:47 | INFO     | Saving at a/skeb/ayucazuma_fate-696263.json
2026-07-01 14:42:48 | WARNING  | 429 on https://skeb.jp/api/users/chanoa_note (attempt 1/3, rate=0.6/s)
2026-07-01 14:42:48 | INFO     | Backing off 1.8s before retry.
2026-07-01 14:42:54 | WARNING  | 429 on https://skeb.jp/api/users/sha0_kmmg823 (attempt 2/3, rate=0.3/s)
2026-07-01 14:42:54 | INFO     | Backing off 3.4s before retry.
2026-07-01 14:43:04 | WARNING  | 429 on https://skeb.jp/api/users/fullburstsub (attempt 1/3, rate=0.3/s)
2026-07-01 14:43:04 | INFO     | Backing off 1.9s before retry.
2026-07-01 14:43:14 | WARNING  | 429 on https://skeb.jp/api/users/wato0918 (attempt 1/3, rate=0.3/s)
2026-07-01 14:43:14 | INFO     | Backing off 2.2s before retry.
2026-07-01 14:43:24 | WARNING  | 429 on https://skeb.jp/api/users/chanoa_note (attempt 2/3, rate=0.3/s)
2026-07-01 14:43:24 | INFO     | Backing off 3.6s before retry.
2026-07-01 14:43:34 | WARNING  | 429 on https://skeb.jp/api/users/kuroboch32 (attempt 1/3, rate=0.3/s)
2026-07-01 14:43:34 | INFO     | Backing off 1.8s before retry.
2026-07-01 14:43:44 | WARNING  | 429 on https://skeb.jp/api/users/mei_kemo (attempt 1/3, rate=0.3/s)
2026-07-01 14:43:44 | INFO     | Backing off 2.2s before retry.
2026-07-01 14:43:54 | WARNING  | 429 on https://skeb.jp/api/users/96haiki (attempt 1/3, rate=0.3/s)
2026-07-01 14:43:54 | INFO     | Backing off 2.3s before retry.
2026-07-01 14:44:04 | WARNING  | 429 on https://skeb.jp/api/users/qucecke (attempt 1/3, rate=0.3/s)
2026-07-01 14:44:04 | INFO     | Backing off 2.3s before retry.
2026-07-01 14:44:14 | WARNING  | 429 on https://skeb.jp/api/users/chanoa_note (attempt 3/3, rate=0.3/s)
2026-07-01 14:44:24 | WARNING  | 429 on https://skeb.jp/api/users/fullburstsub (attempt 2/3, rate=0.3/s)
2026-07-01 14:44:24 | INFO     | Backing off 3.5s before retry.
2026-07-01 14:44:34 | WARNING  | 429 on https://skeb.jp/api/users/wato0918 (attempt 2/3, rate=0.3/s)
2026-07-01 14:44:34 | INFO     | Backing off 4.6s before retry.
2026-07-01 14:44:44 | WARNING  | 429 on https://skeb.jp/api/users/qucecke (attempt 2/3, rate=0.3/s)
2026-07-01 14:44:44 | INFO     | Backing off 3.7s before retry.
2026-07-01 14:44:54 | WARNING  | 429 on https://skeb.jp/api/users/96haiki (attempt 2/3, rate=0.3/s)
2026-07-01 14:44:54 | INFO     | Backing off 3.9s before retry.
2026-07-01 14:45:04 | WARNING  | 429 on https://skeb.jp/api/users/sha0_kmmg823 (attempt 3/3, rate=0.3/s)
2026-07-01 14:45:14 | WARNING  | 429 on https://skeb.jp/api/users/96haiki (attempt 3/3, rate=0.3/s)
2026-07-01 14:45:24 | WARNING  | 429 on https://skeb.jp/api/users/mei_kemo (attempt 2/3, rate=0.3/s)
2026-07-01 14:45:24 | INFO     | Backing off 3.6s before retry.
2026-07-01 14:45:34 | WARNING  | 429 on https://skeb.jp/api/users/chinpanmikky (attempt 1/3, rate=0.3/s)
2026-07-01 14:45:34 | INFO     | Backing off 2.1s before retry.
2026-07-01 14:45:44 | WARNING  | 429 on https://skeb.jp/api/users/kuroboch32 (attempt 2/3, rate=0.3/s)
2026-07-01 14:45:44 | INFO     | Backing off 4.4s before retry.
2026-07-01 14:45:54 | WARNING  | 429 on https://skeb.jp/api/users/supra80_GTR (attempt 1/3, rate=0.3/s)
2026-07-01 14:45:54 | INFO     | Backing off 1.7s before retry.
2026-07-01 14:46:04 | WARNING  | 429 on https://skeb.jp/api/users/fullburstsub (attempt 3/3, rate=0.3/s)
2026-07-01 14:46:14 | WARNING  | 429 on https://skeb.jp/api/users/chinpanmikky (attempt 2/3, rate=0.3/s)
2026-07-01 14:46:14 | INFO     | Backing off 3.3s before retry.
2026-07-01 14:46:24 | WARNING  | 429 on https://skeb.jp/api/users/supra80_GTR (attempt 2/3, rate=0.3/s)
2026-07-01 14:46:24 | INFO     | Backing off 3.4s before retry.
2026-07-01 14:46:34 | WARNING  | 429 on https://skeb.jp/api/users/wato0918 (attempt 3/3, rate=0.3/s)
2026-07-01 14:46:34 | INFO     | Ending pipeline prematurely
2026-07-01 14:46:34 | INFO     |  --- SUMMARY REPORT --- 
  Sources Retreived    : 130218
  Profiles Fetched     : 312
  Profile Missing      : 4
  Profile Rate Limited : 4
  Profile Error Others : 0

2026-07-01 14:46:34 | INFO     | Started creating static api data.
2026-07-01 14:47:43 | INFO     | Album index written to a/albums/index.json (328 albums)
