2026-07-25 19:54:57 | INFO     | Initialized Data Store.
2026-07-25 19:54:57 | INFO     | Homepage GET status=429 (attempt 1/3)
2026-07-25 19:54:57 | INFO     | Cookie extracted [request_key=...].
2026-07-25 19:54:57 | INFO     | SkebClient ready (impersonate=chrome120, rate=1.0/s, concurrency=10, max_runtime=10800s)
2026-07-25 19:54:57 | INFO     | Album source: loaded 536 entries from https://raw.githubusercontent.com/Elfiawesome/skeb-archiver/refs/heads/main/bookmark/twitter-finds.md (album=twitter-finds)
2026-07-25 19:54:57 | INFO     | Ready to scrape 536 items
2026-07-25 19:54:58 | INFO     | OK https://skeb.jp/api/users/46no_kidou1004
2026-07-25 19:54:58 | INFO     | Saving at a/skeb/46no_kidou1004-92f906.json
2026-07-25 19:54:58 | INFO     | OK https://skeb.jp/api/users/cvn00msab
2026-07-25 19:54:58 | INFO     | Saving at a/skeb/cvn00msab-b83c50.json
2026-07-25 19:54:59 | INFO     | OK https://skeb.jp/api/users/AizawaKaren1992
2026-07-25 19:54:59 | INFO     | Saving at a/skeb/AizawaKaren1992-f207c1.json
2026-07-25 19:55:00 | INFO     | OK https://skeb.jp/api/users/oyomotin
2026-07-25 19:55:00 | INFO     | Saving at a/skeb/oyomotin-61dcb6.json
2026-07-25 19:55:01 | INFO     | OK https://skeb.jp/api/users/amezato_a
2026-07-25 19:55:01 | INFO     | Saving at a/skeb/amezato_a-a5389c.json
2026-07-25 19:55:02 | INFO     | OK https://skeb.jp/api/users/nemu_y
2026-07-25 19:55:02 | INFO     | Saving at a/skeb/nemu_y-074c71.json
2026-07-25 19:55:03 | INFO     | OK https://skeb.jp/api/users/seto__153
2026-07-25 19:55:03 | INFO     | Saving at a/skeb/seto__153-e22282.json
2026-07-25 19:55:04 | INFO     | OK https://skeb.jp/api/users/lSgBoeVmmjQT1dg
2026-07-25 19:55:04 | INFO     | Saving at a/skeb/lSgBoeVmmjQT1dg-ec55ca.json
2026-07-25 19:55:05 | INFO     | OK https://skeb.jp/api/users/c4gHJ8dtBb
2026-07-25 19:55:05 | INFO     | Saving at a/skeb/c4gHJ8dtBb-61353a.json
2026-07-25 19:55:06 | INFO     | OK https://skeb.jp/api/users/03yousei_ao
2026-07-25 19:55:06 | INFO     | Saving at a/skeb/03yousei_ao-237268.json
2026-07-25 19:55:07 | INFO     | OK https://skeb.jp/api/users/yuuhikureroom6
2026-07-25 19:55:07 | INFO     | Saving at a/skeb/yuuhikureroom6-7257d3.json
2026-07-25 19:55:08 | INFO     | OK https://skeb.jp/api/users/kuroiroll
2026-07-25 19:55:08 | INFO     | Saving at a/skeb/kuroiroll-93a95e.json
2026-07-25 19:55:09 | INFO     | OK https://skeb.jp/api/users/hayao_abaaa
2026-07-25 19:55:09 | INFO     | Saving at a/skeb/hayao_abaaa-0cdead.json
2026-07-25 19:55:10 | INFO     | OK https://skeb.jp/api/users/Ruy_HH
2026-07-25 19:55:10 | INFO     | Saving at a/skeb/Ruy_HH-9ff94c.json
2026-07-25 19:55:11 | INFO     | OK https://skeb.jp/api/users/cat_foxxx
2026-07-25 19:55:11 | INFO     | Saving at a/skeb/cat_foxxx-3dee17.json
2026-07-25 19:55:12 | INFO     | OK https://skeb.jp/api/users/Bell_rinring
2026-07-25 19:55:12 | INFO     | Saving at a/skeb/Bell_rinring-2b8731.json
2026-07-25 19:55:13 | INFO     | OK https://skeb.jp/api/users/YamiotiKong
2026-07-25 19:55:14 | INFO     | Saving at a/skeb/YamiotiKong-fe8844.json
2026-07-25 19:55:14 | INFO     | OK https://skeb.jp/api/users/AYAmix0418
2026-07-25 19:55:14 | INFO     | Saving at a/skeb/AYAmix0418-4c7b6f.json
2026-07-25 19:55:15 | INFO     | OK https://skeb.jp/api/users/kobsaki
2026-07-25 19:55:15 | INFO     | Saving at a/skeb/kobsaki-a7e8e6.json
2026-07-25 19:55:17 | INFO     | OK https://skeb.jp/api/users/Prism_Flash
2026-07-25 19:55:17 | INFO     | Saving at a/skeb/Prism_Flash-eb4300.json
2026-07-25 19:55:17 | INFO     | OK https://skeb.jp/api/users/7kusa_maru
2026-07-25 19:55:17 | INFO     | Saving at a/skeb/7kusa_maru-6ec8d8.json
2026-07-25 19:55:18 | INFO     | OK https://skeb.jp/api/users/roruau_kkn
2026-07-25 19:55:18 | INFO     | Saving at a/skeb/roruau_kkn-9d6f1d.json
2026-07-25 19:55:19 | INFO     | OK https://skeb.jp/api/users/wqopwv
2026-07-25 19:55:19 | INFO     | Saving at a/skeb/wqopwv-2274bf.json
2026-07-25 19:55:20 | INFO     | OK https://skeb.jp/api/users/campagne_9
2026-07-25 19:55:20 | INFO     | Saving at a/skeb/campagne_9-0132c5.json
2026-07-25 19:55:21 | INFO     | OK https://skeb.jp/api/users/SioN_owatas
2026-07-25 19:55:22 | INFO     | Saving at a/skeb/SioN_owatas-2a2f80.json
2026-07-25 19:55:22 | INFO     | OK https://skeb.jp/api/users/esepoper
2026-07-25 19:55:22 | INFO     | Saving at a/skeb/esepoper-7139d9.json
2026-07-25 19:55:23 | INFO     | OK https://skeb.jp/api/users/tuzi24_
2026-07-25 19:55:23 | INFO     | Saving at a/skeb/tuzi24_-3688cf.json
2026-07-25 19:55:24 | INFO     | OK https://skeb.jp/api/users/sa9karis
2026-07-25 19:55:24 | INFO     | Saving at a/skeb/sa9karis-c32fdc.json
2026-07-25 19:55:25 | WARNING  | 404 on https://skeb.jp/api/users/dorodoro106 (attempt 1/3)
2026-07-25 19:55:26 | INFO     | OK https://skeb.jp/api/users/Kshizuku_
2026-07-25 19:55:26 | INFO     | Saving at a/skeb/Kshizuku_-38ab52.json
2026-07-25 19:55:27 | INFO     | OK https://skeb.jp/api/users/neko_no_kone
2026-07-25 19:55:27 | INFO     | Saving at a/skeb/neko_no_kone-d50ecd.json
2026-07-25 19:55:28 | INFO     | OK https://skeb.jp/api/users/Xw0_moGi_
2026-07-25 19:55:28 | INFO     | Saving at a/skeb/Xw0_moGi_-4dc08a.json
2026-07-25 19:55:29 | INFO     | OK https://skeb.jp/api/users/tmgCumu
2026-07-25 19:55:29 | INFO     | Saving at a/skeb/tmgCumu-502e39.json
2026-07-25 19:55:30 | INFO     | OK https://skeb.jp/api/users/daisangen_1991
2026-07-25 19:55:30 | INFO     | Saving at a/skeb/daisangen_1991-614433.json
2026-07-25 19:55:31 | INFO     | OK https://skeb.jp/api/users/ozucat
2026-07-25 19:55:31 | INFO     | Saving at a/skeb/ozucat-cbec8a.json
2026-07-25 19:55:33 | WARNING  | 404 on https://skeb.jp/api/users/dorodoro106 (attempt 2/3)
2026-07-25 19:55:33 | INFO     | OK https://skeb.jp/api/users/Dionaea_mae_t
2026-07-25 19:55:33 | INFO     | Saving at a/skeb/Dionaea_mae_t-3a17f1.json
2026-07-25 19:55:34 | INFO     | OK https://skeb.jp/api/users/06pineapple03
2026-07-25 19:55:34 | INFO     | Saving at a/skeb/06pineapple03-77cd17.json
2026-07-25 19:55:35 | INFO     | OK https://skeb.jp/api/users/laurel_1996
2026-07-25 19:55:35 | INFO     | Saving at a/skeb/laurel_1996-31b80e.json
2026-07-25 19:55:36 | INFO     | OK https://skeb.jp/api/users/kahi9317
2026-07-25 19:55:36 | INFO     | Saving at a/skeb/kahi9317-229f5f.json
2026-07-25 19:55:37 | INFO     | OK https://skeb.jp/api/users/716door
2026-07-25 19:55:37 | INFO     | Saving at a/skeb/716door-957695.json
2026-07-25 19:55:38 | INFO     | OK https://skeb.jp/api/users/yoshirai
2026-07-25 19:55:38 | INFO     | Saving at a/skeb/yoshirai-b2e1b2.json
2026-07-25 19:55:40 | INFO     | OK https://skeb.jp/api/users/15i1i
2026-07-25 19:55:40 | INFO     | Saving at a/skeb/15i1i-0392a9.json
2026-07-25 19:55:40 | INFO     | OK https://skeb.jp/api/users/minamoto_0303
2026-07-25 19:55:40 | INFO     | Saving at a/skeb/minamoto_0303-470804.json
2026-07-25 19:55:42 | INFO     | OK https://skeb.jp/api/users/uwonozoki
2026-07-25 19:55:42 | INFO     | Saving at a/skeb/uwonozoki-106ab8.json
2026-07-25 19:55:42 | INFO     | OK https://skeb.jp/api/users/AmaTeu_illust
2026-07-25 19:55:42 | INFO     | Saving at a/skeb/AmaTeu_illust-08b984.json
2026-07-25 19:55:43 | INFO     | OK https://skeb.jp/api/users/stsk_goodsmile
2026-07-25 19:55:43 | INFO     | Saving at a/skeb/stsk_goodsmile-24a454.json
2026-07-25 19:55:44 | INFO     | OK https://skeb.jp/api/users/nanase_saku39
2026-07-25 19:55:44 | INFO     | Saving at a/skeb/nanase_saku39-cac62c.json
2026-07-25 19:55:45 | INFO     | OK https://skeb.jp/api/users/TokihaKonbu
2026-07-25 19:55:45 | INFO     | Saving at a/skeb/TokihaKonbu-3eeb70.json
2026-07-25 19:55:47 | INFO     | OK https://skeb.jp/api/users/haxtukaame
2026-07-25 19:55:47 | INFO     | Saving at a/skeb/haxtukaame-f2de25.json
2026-07-25 19:55:47 | INFO     | OK https://skeb.jp/api/users/escort0o
2026-07-25 19:55:47 | INFO     | Saving at a/skeb/escort0o-1dab6a.json
2026-07-25 19:55:48 | INFO     | OK https://skeb.jp/api/users/erickkagami1090
2026-07-25 19:55:48 | INFO     | Saving at a/skeb/erickkagami1090-4a46b9.json
2026-07-25 19:55:50 | WARNING  | 404 on https://skeb.jp/api/users/dorodoro106 (attempt 3/3)
2026-07-25 19:55:50 | INFO     | OK https://skeb.jp/api/users/nonrioillust
2026-07-25 19:55:50 | INFO     | Saving at a/skeb/nonrioillust-55fcb4.json
2026-07-25 19:55:51 | INFO     | OK https://skeb.jp/api/users/CJ_dinosaurs
2026-07-25 19:55:51 | INFO     | Saving at a/skeb/CJ_dinosaurs-c0e0e3.json
2026-07-25 19:55:52 | INFO     | OK https://skeb.jp/api/users/kedarui_osushi
2026-07-25 19:55:52 | INFO     | Saving at a/skeb/kedarui_osushi-f8650a.json
2026-07-25 19:55:53 | INFO     | OK https://skeb.jp/api/users/buzz_nou
2026-07-25 19:55:53 | INFO     | Saving at a/skeb/buzz_nou-d4cc0d.json
2026-07-25 19:55:54 | INFO     | OK https://skeb.jp/api/users/8108yasohc
2026-07-25 19:55:54 | INFO     | Saving at a/skeb/8108yasohc-fd31ad.json
2026-07-25 19:55:55 | INFO     | OK https://skeb.jp/api/users/Gill_heki
2026-07-25 19:55:55 | INFO     | Saving at a/skeb/Gill_heki-d125b4.json
2026-07-25 19:55:57 | INFO     | OK https://skeb.jp/api/users/kosei_makino
2026-07-25 19:55:57 | INFO     | Saving at a/skeb/kosei_makino-7e398d.json
2026-07-25 19:55:57 | INFO     | OK https://skeb.jp/api/users/baziru_ttv
2026-07-25 19:55:57 | INFO     | Saving at a/skeb/baziru_ttv-dd0858.json
2026-07-25 19:55:59 | INFO     | OK https://skeb.jp/api/users/midaringo
2026-07-25 19:55:59 | INFO     | Saving at a/skeb/midaringo-d3e80e.json
2026-07-25 19:56:00 | INFO     | OK https://skeb.jp/api/users/MoMoMo_0629
2026-07-25 19:56:00 | INFO     | Saving at a/skeb/MoMoMo_0629-320cc1.json
2026-07-25 19:56:00 | INFO     | OK https://skeb.jp/api/users/mhmk_game
2026-07-25 19:56:00 | INFO     | Saving at a/skeb/mhmk_game-195344.json
2026-07-25 19:56:01 | WARNING  | 404 on https://skeb.jp/api/users/user4849811603124 (attempt 1/3)
2026-07-25 19:56:03 | INFO     | OK https://skeb.jp/api/users/la0x0ka
2026-07-25 19:56:03 | INFO     | Saving at a/skeb/la0x0ka-d09e20.json
2026-07-25 19:56:04 | INFO     | OK https://skeb.jp/api/users/Ju3CXQKO75M199R
2026-07-25 19:56:04 | INFO     | Saving at a/skeb/Ju3CXQKO75M199R-151185.json
2026-07-25 19:56:04 | WARNING  | 404 on https://skeb.jp/api/users/user4849811603124 (attempt 2/3)
2026-07-25 19:56:05 | INFO     | OK https://skeb.jp/api/users/PKOn_Yama
2026-07-25 19:56:05 | INFO     | Saving at a/skeb/PKOn_Yama-16cb16.json
2026-07-25 19:56:06 | INFO     | OK https://skeb.jp/api/users/light_matsuko
2026-07-25 19:56:06 | INFO     | Saving at a/skeb/light_matsuko-3d531a.json
2026-07-25 19:56:08 | INFO     | OK https://skeb.jp/api/users/umezometanuki
2026-07-25 19:56:08 | INFO     | Saving at a/skeb/umezometanuki-e4d130.json
2026-07-25 19:56:08 | INFO     | OK https://skeb.jp/api/users/mariheeiho
2026-07-25 19:56:08 | INFO     | Saving at a/skeb/mariheeiho-311310.json
2026-07-25 19:56:10 | WARNING  | 404 on https://skeb.jp/api/users/user4849811603124 (attempt 3/3)
2026-07-25 19:56:11 | INFO     | OK https://skeb.jp/api/users/ebimirin1214
2026-07-25 19:56:11 | INFO     | Saving at a/skeb/ebimirin1214-28f96f.json
2026-07-25 19:56:11 | INFO     | OK https://skeb.jp/api/users/Mumei_096
2026-07-25 19:56:11 | INFO     | Saving at a/skeb/Mumei_096-6abc90.json
2026-07-25 19:56:12 | INFO     | OK https://skeb.jp/api/users/8931saba
2026-07-25 19:56:12 | INFO     | Saving at a/skeb/8931saba-e049a3.json
2026-07-25 19:56:13 | INFO     | OK https://skeb.jp/api/users/keepneniji
2026-07-25 19:56:13 | INFO     | Saving at a/skeb/keepneniji-6dbcb4.json
2026-07-25 19:56:15 | INFO     | OK https://skeb.jp/api/users/AHIRU_piyo2
2026-07-25 19:56:15 | INFO     | Saving at a/skeb/AHIRU_piyo2-c686da.json
2026-07-25 19:56:15 | INFO     | OK https://skeb.jp/api/users/zbbznb_
2026-07-25 19:56:15 | INFO     | Saving at a/skeb/zbbznb_-d8274d.json
2026-07-25 19:56:16 | INFO     | OK https://skeb.jp/api/users/Kanoll4
2026-07-25 19:56:16 | INFO     | Saving at a/skeb/Kanoll4-ac78b1.json
2026-07-25 19:56:18 | INFO     | OK https://skeb.jp/api/users/beni025
2026-07-25 19:56:18 | INFO     | Saving at a/skeb/beni025-bd836a.json
2026-07-25 19:56:19 | INFO     | OK https://skeb.jp/api/users/h_milk
2026-07-25 19:56:19 | INFO     | Saving at a/skeb/h_milk-5ff874.json
2026-07-25 19:56:19 | INFO     | OK https://skeb.jp/api/users/01mogu05
2026-07-25 19:56:19 | INFO     | Saving at a/skeb/01mogu05-f342f7.json
2026-07-25 19:56:21 | INFO     | OK https://skeb.jp/api/users/f_SUBARU
2026-07-25 19:56:21 | INFO     | Saving at a/skeb/f_SUBARU-42d464.json
2026-07-25 19:56:22 | INFO     | OK https://skeb.jp/api/users/cotorito_asobou
2026-07-25 19:56:22 | INFO     | Saving at a/skeb/cotorito_asobou-bda5eb.json
2026-07-25 19:56:22 | INFO     | OK https://skeb.jp/api/users/kanaria_BCoMN
2026-07-25 19:56:22 | INFO     | Saving at a/skeb/kanaria_BCoMN-f93af0.json
2026-07-25 19:56:24 | INFO     | OK https://skeb.jp/api/users/MaruiUsausagi
2026-07-25 19:56:24 | INFO     | Saving at a/skeb/MaruiUsausagi-83f695.json
2026-07-25 19:56:25 | INFO     | OK https://skeb.jp/api/users/magumagu840
2026-07-25 19:56:25 | INFO     | Saving at a/skeb/magumagu840-65108a.json
2026-07-25 19:56:25 | INFO     | OK https://skeb.jp/api/users/mol404_vrc
2026-07-25 19:56:25 | INFO     | Saving at a/skeb/mol404_vrc-244d3a.json
2026-07-25 19:56:27 | INFO     | OK https://skeb.jp/api/users/OVERTACK2
2026-07-25 19:56:27 | INFO     | Saving at a/skeb/OVERTACK2-5836fa.json
2026-07-25 19:56:27 | WARNING  | 404 on https://skeb.jp/api/users/gmail (attempt 1/3)
2026-07-25 19:56:28 | INFO     | OK https://skeb.jp/api/users/ryumrykk
2026-07-25 19:56:28 | INFO     | Saving at a/skeb/ryumrykk-fd373a.json
2026-07-25 19:56:29 | WARNING  | 404 on https://skeb.jp/api/users/fukur0_kohji (attempt 1/3)
2026-07-25 19:56:31 | INFO     | OK https://skeb.jp/api/users/tinpobattle
2026-07-25 19:56:31 | INFO     | Saving at a/skeb/tinpobattle-74ee09.json
2026-07-25 19:56:31 | WARNING  | 404 on https://skeb.jp/api/users/gmail (attempt 2/3)
2026-07-25 19:56:33 | INFO     | OK https://skeb.jp/api/users/qJWHvZAhlO
2026-07-25 19:56:33 | INFO     | Saving at a/skeb/qJWHvZAhlO-f76bad.json
2026-07-25 19:56:34 | INFO     | OK https://skeb.jp/api/users/JUU_ZOO
2026-07-25 19:56:34 | INFO     | Saving at a/skeb/JUU_ZOO-1ea64d.json
2026-07-25 19:56:35 | INFO     | OK https://skeb.jp/api/users/mineko0025
2026-07-25 19:56:35 | INFO     | Saving at a/skeb/mineko0025-245702.json
2026-07-25 19:56:36 | WARNING  | 404 on https://skeb.jp/api/users/fukur0_kohji (attempt 2/3)
2026-07-25 19:56:36 | INFO     | OK https://skeb.jp/api/users/kan_sika
2026-07-25 19:56:36 | INFO     | Saving at a/skeb/kan_sika-193991.json
2026-07-25 19:56:37 | WARNING  | 404 on https://skeb.jp/api/users/gmail (attempt 3/3)
2026-07-25 19:56:38 | INFO     | OK https://skeb.jp/api/users/339_sui
2026-07-25 19:56:38 | INFO     | Saving at a/skeb/339_sui-503853.json
2026-07-25 19:56:39 | INFO     | OK https://skeb.jp/api/users/taqu_ta9
2026-07-25 19:56:39 | INFO     | Saving at a/skeb/taqu_ta9-774511.json
2026-07-25 19:56:40 | INFO     | OK https://skeb.jp/api/users/Ritachantic
2026-07-25 19:56:40 | INFO     | Saving at a/skeb/Ritachantic-e5aa65.json
2026-07-25 19:56:41 | INFO     | OK https://skeb.jp/api/users/TRPGsk_490
2026-07-25 19:56:41 | INFO     | Saving at a/skeb/TRPGsk_490-0bb7ca.json
2026-07-25 19:56:43 | INFO     | OK https://skeb.jp/api/users/RAIZO
2026-07-25 19:56:43 | INFO     | Saving at a/skeb/RAIZO-2e3135.json
2026-07-25 19:56:44 | INFO     | OK https://skeb.jp/api/users/yukita021204
2026-07-25 19:56:44 | INFO     | Saving at a/skeb/yukita021204-51cfe5.json
2026-07-25 19:56:44 | INFO     | OK https://skeb.jp/api/users/SakuraYuki_Lily
2026-07-25 19:56:44 | INFO     | Saving at a/skeb/SakuraYuki_Lily-c3e20d.json
2026-07-25 19:56:45 | INFO     | OK https://skeb.jp/api/users/b4E4_241
2026-07-25 19:56:45 | INFO     | Saving at a/skeb/b4E4_241-38327d.json
2026-07-25 19:56:47 | INFO     | OK https://skeb.jp/api/users/Hiro_Uraguti
2026-07-25 19:56:47 | INFO     | Saving at a/skeb/Hiro_Uraguti-8bf620.json
2026-07-25 19:56:47 | INFO     | OK https://skeb.jp/api/users/dorooji
2026-07-25 19:56:47 | INFO     | Saving at a/skeb/dorooji-644530.json
2026-07-25 19:56:49 | INFO     | OK https://skeb.jp/api/users/zakinare
2026-07-25 19:56:49 | INFO     | Saving at a/skeb/zakinare-815ac2.json
2026-07-25 19:56:50 | WARNING  | 404 on https://skeb.jp/api/users/fukur0_kohji (attempt 3/3)
2026-07-25 19:56:51 | INFO     | OK https://skeb.jp/api/users/tonke2015
2026-07-25 19:56:51 | INFO     | Saving at a/skeb/tonke2015-017564.json
2026-07-25 19:56:51 | INFO     | OK https://skeb.jp/api/users/Sch15_
2026-07-25 19:56:51 | INFO     | Saving at a/skeb/Sch15_-683672.json
2026-07-25 19:56:53 | INFO     | OK https://skeb.jp/api/users/halkana
2026-07-25 19:56:53 | INFO     | Saving at a/skeb/halkana-4fb969.json
2026-07-25 19:56:54 | INFO     | OK https://skeb.jp/api/users/posya975
2026-07-25 19:56:54 | INFO     | Saving at a/skeb/posya975-1f83b4.json
2026-07-25 19:56:55 | INFO     | OK https://skeb.jp/api/users/rin_foxy
2026-07-25 19:56:55 | INFO     | Saving at a/skeb/rin_foxy-c738e7.json
2026-07-25 19:56:56 | INFO     | OK https://skeb.jp/api/users/lord_bamblin
2026-07-25 19:56:56 | INFO     | Saving at a/skeb/lord_bamblin-899370.json
2026-07-25 19:56:57 | INFO     | OK https://skeb.jp/api/users/Yuk1_104
2026-07-25 19:56:57 | INFO     | Saving at a/skeb/Yuk1_104-8868ce.json
2026-07-25 19:56:58 | INFO     | OK https://skeb.jp/api/users/san_mozu01
2026-07-25 19:56:58 | INFO     | Saving at a/skeb/san_mozu01-56366f.json
2026-07-25 19:56:58 | INFO     | OK https://skeb.jp/api/users/hakuro00iruka
2026-07-25 19:56:58 | INFO     | Saving at a/skeb/hakuro00iruka-a8d4e5.json
2026-07-25 19:57:00 | INFO     | OK https://skeb.jp/api/users/chizechize
2026-07-25 19:57:00 | INFO     | Saving at a/skeb/chizechize-d204b6.json
2026-07-25 19:57:01 | INFO     | OK https://skeb.jp/api/users/ikemaziro
2026-07-25 19:57:01 | INFO     | Saving at a/skeb/ikemaziro-a0cf8a.json
2026-07-25 19:57:01 | INFO     | OK https://skeb.jp/api/users/klm1511
2026-07-25 19:57:01 | INFO     | Saving at a/skeb/klm1511-712b47.json
2026-07-25 19:57:03 | INFO     | OK https://skeb.jp/api/users/Hat_ERr
2026-07-25 19:57:03 | INFO     | Saving at a/skeb/Hat_ERr-578b42.json
2026-07-25 19:57:04 | INFO     | OK https://skeb.jp/api/users/gyumei_shippou
2026-07-25 19:57:04 | INFO     | Saving at a/skeb/gyumei_shippou-78853a.json
2026-07-25 19:57:05 | INFO     | OK https://skeb.jp/api/users/43sidm
2026-07-25 19:57:05 | INFO     | Saving at a/skeb/43sidm-a44975.json
2026-07-25 19:57:06 | INFO     | OK https://skeb.jp/api/users/crescent_D
2026-07-25 19:57:06 | INFO     | Saving at a/skeb/crescent_D-f289ef.json
2026-07-25 19:57:07 | INFO     | OK https://skeb.jp/api/users/buruburu2
2026-07-25 19:57:07 | INFO     | Saving at a/skeb/buruburu2-691a4a.json
2026-07-25 19:57:08 | INFO     | OK https://skeb.jp/api/users/kontaakiyasui
2026-07-25 19:57:08 | INFO     | Saving at a/skeb/kontaakiyasui-0565d8.json
2026-07-25 19:57:09 | INFO     | OK https://skeb.jp/api/users/njuzu09
2026-07-25 19:57:09 | INFO     | Saving at a/skeb/njuzu09-864deb.json
2026-07-25 19:57:10 | INFO     | OK https://skeb.jp/api/users/serusiwasu
2026-07-25 19:57:10 | INFO     | Saving at a/skeb/serusiwasu-ef20e6.json
2026-07-25 19:57:10 | INFO     | OK https://skeb.jp/api/users/nao901
2026-07-25 19:57:10 | INFO     | Saving at a/skeb/nao901-ecf326.json
2026-07-25 19:57:11 | INFO     | OK https://skeb.jp/api/users/babu_2_
2026-07-25 19:57:11 | INFO     | Saving at a/skeb/babu_2_-a9f464.json
2026-07-25 19:57:13 | INFO     | OK https://skeb.jp/api/users/ttykik
2026-07-25 19:57:13 | INFO     | Saving at a/skeb/ttykik-c61ce5.json
2026-07-25 19:57:13 | INFO     | OK https://skeb.jp/api/users/jyoubu_masaru
2026-07-25 19:57:13 | INFO     | Saving at a/skeb/jyoubu_masaru-9f52f1.json
2026-07-25 19:57:15 | INFO     | OK https://skeb.jp/api/users/Nishieri_C_F
2026-07-25 19:57:15 | INFO     | Saving at a/skeb/Nishieri_C_F-53f0b2.json
2026-07-25 19:57:16 | INFO     | OK https://skeb.jp/api/users/skiapodes
2026-07-25 19:57:16 | INFO     | Saving at a/skeb/skiapodes-06fb40.json
2026-07-25 19:57:17 | INFO     | OK https://skeb.jp/api/users/inu_ok6
2026-07-25 19:57:17 | INFO     | Saving at a/skeb/inu_ok6-a1c274.json
2026-07-25 19:57:18 | INFO     | OK https://skeb.jp/api/users/pokapoka865
2026-07-25 19:57:18 | INFO     | Saving at a/skeb/pokapoka865-94ca4c.json
2026-07-25 19:57:19 | INFO     | OK https://skeb.jp/api/users/ssk_sasasa
2026-07-25 19:57:19 | INFO     | Saving at a/skeb/ssk_sasasa-d8e0fb.json
2026-07-25 19:57:20 | INFO     | OK https://skeb.jp/api/users/Zees2525
2026-07-25 19:57:20 | INFO     | Saving at a/skeb/Zees2525-4db84f.json
2026-07-25 19:57:20 | INFO     | OK https://skeb.jp/api/users/yuzunobin
2026-07-25 19:57:20 | INFO     | Saving at a/skeb/yuzunobin-de37e3.json
2026-07-25 19:57:22 | INFO     | OK https://skeb.jp/api/users/hinahayase
2026-07-25 19:57:22 | INFO     | Saving at a/skeb/hinahayase-1c14f3.json
2026-07-25 19:57:23 | INFO     | OK https://skeb.jp/api/users/atsumi69
2026-07-25 19:57:23 | INFO     | Saving at a/skeb/atsumi69-6031f4.json
2026-07-25 19:57:24 | INFO     | OK https://skeb.jp/api/users/96Lily2296
2026-07-25 19:57:24 | INFO     | Saving at a/skeb/96Lily2296-7e038b.json
2026-07-25 19:57:25 | INFO     | OK https://skeb.jp/api/users/grcr_
2026-07-25 19:57:25 | INFO     | Saving at a/skeb/grcr_-b8d842.json
2026-07-25 19:57:26 | INFO     | OK https://skeb.jp/api/users/TopazSinkiiten3
2026-07-25 19:57:26 | INFO     | Saving at a/skeb/TopazSinkiiten3-48d684.json
2026-07-25 19:57:27 | INFO     | OK https://skeb.jp/api/users/shito_yui
2026-07-25 19:57:27 | INFO     | Saving at a/skeb/shito_yui-f5199b.json
2026-07-25 19:57:28 | INFO     | OK https://skeb.jp/api/users/Avddvx
2026-07-25 19:57:28 | INFO     | Saving at a/skeb/Avddvx-f41a10.json
2026-07-25 19:57:28 | INFO     | OK https://skeb.jp/api/users/runa_shirayuki
2026-07-25 19:57:28 | INFO     | Saving at a/skeb/runa_shirayuki-a5ebd5.json
2026-07-25 19:57:30 | INFO     | OK https://skeb.jp/api/users/Asahi_time
2026-07-25 19:57:30 | INFO     | Saving at a/skeb/Asahi_time-919aa2.json
2026-07-25 19:57:31 | INFO     | OK https://skeb.jp/api/users/harapochi_art
2026-07-25 19:57:31 | INFO     | Saving at a/skeb/harapochi_art-d5db50.json
2026-07-25 19:57:31 | INFO     | OK https://skeb.jp/api/users/tsubaki06vg
2026-07-25 19:57:31 | INFO     | Saving at a/skeb/tsubaki06vg-530b0b.json
2026-07-25 19:57:33 | INFO     | OK https://skeb.jp/api/users/azu_u_u__
2026-07-25 19:57:33 | INFO     | Saving at a/skeb/azu_u_u__-fbd2b7.json
2026-07-25 19:57:34 | INFO     | OK https://skeb.jp/api/users/kzmt_6564
2026-07-25 19:57:34 | INFO     | Saving at a/skeb/kzmt_6564-ee0ecc.json
2026-07-25 19:57:35 | INFO     | OK https://skeb.jp/api/users/Azis4i
2026-07-25 19:57:35 | INFO     | Saving at a/skeb/Azis4i-3638b6.json
2026-07-25 19:57:36 | INFO     | OK https://skeb.jp/api/users/Sanshichi_fu
2026-07-25 19:57:36 | INFO     | Saving at a/skeb/Sanshichi_fu-83fe18.json
2026-07-25 19:57:37 | INFO     | OK https://skeb.jp/api/users/yasagure2828
2026-07-25 19:57:37 | INFO     | Saving at a/skeb/yasagure2828-63d3b4.json
2026-07-25 19:57:38 | INFO     | OK https://skeb.jp/api/users/thurubamicat
2026-07-25 19:57:38 | INFO     | Saving at a/skeb/thurubamicat-c03172.json
2026-07-25 19:57:39 | INFO     | OK https://skeb.jp/api/users/umasiroko
2026-07-25 19:57:39 | INFO     | Saving at a/skeb/umasiroko-124e37.json
2026-07-25 19:57:40 | INFO     | OK https://skeb.jp/api/users/harutaro_5d
2026-07-25 19:57:40 | INFO     | Saving at a/skeb/harutaro_5d-0d47ad.json
2026-07-25 19:57:41 | INFO     | OK https://skeb.jp/api/users/taditadi
2026-07-25 19:57:41 | INFO     | Saving at a/skeb/taditadi-21848d.json
2026-07-25 19:57:42 | INFO     | OK https://skeb.jp/api/users/swev_r_tk
2026-07-25 19:57:42 | INFO     | Saving at a/skeb/swev_r_tk-bbbebf.json
2026-07-25 19:57:43 | INFO     | OK https://skeb.jp/api/users/banana_lenhai
2026-07-25 19:57:43 | INFO     | Saving at a/skeb/banana_lenhai-935c67.json
2026-07-25 19:57:44 | INFO     | OK https://skeb.jp/api/users/jinb9
2026-07-25 19:57:44 | INFO     | Saving at a/skeb/jinb9-d40e1f.json
2026-07-25 19:57:45 | INFO     | OK https://skeb.jp/api/users/hemorina
2026-07-25 19:57:45 | INFO     | Saving at a/skeb/hemorina-7499a2.json
2026-07-25 19:57:45 | INFO     | OK https://skeb.jp/api/users/tomun_chan
2026-07-25 19:57:45 | INFO     | Saving at a/skeb/tomun_chan-c018ce.json
2026-07-25 19:57:47 | INFO     | OK https://skeb.jp/api/users/null_chicken
2026-07-25 19:57:47 | INFO     | Saving at a/skeb/null_chicken-2a81dd.json
2026-07-25 19:57:48 | INFO     | OK https://skeb.jp/api/users/Peony00Shrimp
2026-07-25 19:57:48 | INFO     | Saving at a/skeb/Peony00Shrimp-bb7d50.json
2026-07-25 19:57:49 | INFO     | OK https://skeb.jp/api/users/mugi_titukihyd
2026-07-25 19:57:49 | INFO     | Saving at a/skeb/mugi_titukihyd-c86bb1.json
2026-07-25 19:57:50 | INFO     | OK https://skeb.jp/api/users/hitohutakiri
2026-07-25 19:57:50 | INFO     | Saving at a/skeb/hitohutakiri-2760a5.json
2026-07-25 19:57:51 | INFO     | OK https://skeb.jp/api/users/gurivinesyu
2026-07-25 19:57:51 | INFO     | Saving at a/skeb/gurivinesyu-fb922b.json
2026-07-25 19:57:52 | INFO     | OK https://skeb.jp/api/users/homipyui
2026-07-25 19:57:52 | INFO     | Saving at a/skeb/homipyui-a399a9.json
2026-07-25 19:57:52 | INFO     | OK https://skeb.jp/api/users/matty_0505
2026-07-25 19:57:52 | INFO     | Saving at a/skeb/matty_0505-9426df.json
2026-07-25 19:57:54 | INFO     | OK https://skeb.jp/api/users/poichama
2026-07-25 19:57:54 | INFO     | Saving at a/skeb/poichama-f167b3.json
2026-07-25 19:57:55 | INFO     | OK https://skeb.jp/api/users/hachike2
2026-07-25 19:57:55 | INFO     | Saving at a/skeb/hachike2-af7c73.json
2026-07-25 19:57:56 | INFO     | OK https://skeb.jp/api/users/hiko_amama
2026-07-25 19:57:56 | INFO     | Saving at a/skeb/hiko_amama-de09c9.json
2026-07-25 19:57:57 | WARNING  | 404 on https://skeb.jp/api/users/fukuro_xkoji (attempt 1/3)
2026-07-25 19:57:58 | INFO     | OK https://skeb.jp/api/users/hitose_rei
2026-07-25 19:57:58 | INFO     | Saving at a/skeb/hitose_rei-407e88.json
2026-07-25 19:57:59 | INFO     | OK https://skeb.jp/api/users/kurogahina
2026-07-25 19:57:59 | INFO     | Saving at a/skeb/kurogahina-0ce152.json
2026-07-25 19:58:00 | INFO     | OK https://skeb.jp/api/users/moyashi_DECAYED
2026-07-25 19:58:00 | INFO     | Saving at a/skeb/moyashi_DECAYED-ea6fb8.json
2026-07-25 19:58:01 | INFO     | OK https://skeb.jp/api/users/yakumosumiii
2026-07-25 19:58:01 | INFO     | Saving at a/skeb/yakumosumiii-808aa1.json
2026-07-25 19:58:02 | INFO     | OK https://skeb.jp/api/users/miruro0401
2026-07-25 19:58:02 | INFO     | Saving at a/skeb/miruro0401-97b855.json
2026-07-25 19:58:03 | INFO     | OK https://skeb.jp/api/users/Wagu_Neru
2026-07-25 19:58:03 | INFO     | Saving at a/skeb/Wagu_Neru-61e27c.json
2026-07-25 19:58:04 | INFO     | OK https://skeb.jp/api/users/basashimeshi
2026-07-25 19:58:04 | INFO     | Saving at a/skeb/basashimeshi-1b695c.json
2026-07-25 19:58:05 | INFO     | OK https://skeb.jp/api/users/Dousesuimasen
2026-07-25 19:58:05 | INFO     | Saving at a/skeb/Dousesuimasen-5e3eae.json
2026-07-25 19:58:06 | INFO     | OK https://skeb.jp/api/users/Kedama_Kodama1
2026-07-25 19:58:06 | INFO     | Saving at a/skeb/Kedama_Kodama1-ab45b7.json
2026-07-25 19:58:07 | INFO     | OK https://skeb.jp/api/users/yurikawa611
2026-07-25 19:58:07 | INFO     | Saving at a/skeb/yurikawa611-5e0558.json
2026-07-25 19:58:08 | INFO     | OK https://skeb.jp/api/users/zibn_pasutel
2026-07-25 19:58:08 | INFO     | Saving at a/skeb/zibn_pasutel-c3af4a.json
2026-07-25 19:58:09 | INFO     | OK https://skeb.jp/api/users/lilyB_ohwashi
2026-07-25 19:58:09 | INFO     | Saving at a/skeb/lilyB_ohwashi-0ca09e.json
2026-07-25 19:58:10 | INFO     | OK https://skeb.jp/api/users/marimo577
2026-07-25 19:58:10 | INFO     | Saving at a/skeb/marimo577-37fef7.json
2026-07-25 19:58:11 | INFO     | OK https://skeb.jp/api/users/tai_mushi
2026-07-25 19:58:11 | INFO     | Saving at a/skeb/tai_mushi-53b2f7.json
2026-07-25 19:58:12 | INFO     | OK https://skeb.jp/api/users/agyl_l
2026-07-25 19:58:12 | INFO     | Saving at a/skeb/agyl_l-7c4d7a.json
2026-07-25 19:58:13 | INFO     | OK https://skeb.jp/api/users/fuminccho
2026-07-25 19:58:13 | INFO     | Saving at a/skeb/fuminccho-f04fda.json
2026-07-25 19:58:14 | INFO     | OK https://skeb.jp/api/users/Natukawasumi
2026-07-25 19:58:14 | INFO     | Saving at a/skeb/Natukawasumi-3b9be1.json
2026-07-25 19:58:15 | INFO     | OK https://skeb.jp/api/users/Kyosuke1413koba
2026-07-25 19:58:15 | INFO     | Saving at a/skeb/Kyosuke1413koba-e0cf29.json
2026-07-25 19:58:16 | INFO     | OK https://skeb.jp/api/users/hiizuminakre
2026-07-25 19:58:16 | INFO     | Saving at a/skeb/hiizuminakre-60060a.json
2026-07-25 19:58:17 | INFO     | OK https://skeb.jp/api/users/krkrnasat_hdm
2026-07-25 19:58:17 | INFO     | Saving at a/skeb/krkrnasat_hdm-34d95a.json
2026-07-25 19:58:18 | INFO     | OK https://skeb.jp/api/users/YawaDeka
2026-07-25 19:58:18 | INFO     | Saving at a/skeb/YawaDeka-b24d0f.json
2026-07-25 19:58:19 | INFO     | OK https://skeb.jp/api/users/1kstrrrrrrr
2026-07-25 19:58:19 | INFO     | Saving at a/skeb/1kstrrrrrrr-67227c.json
2026-07-25 19:58:20 | INFO     | OK https://skeb.jp/api/users/raina0317
2026-07-25 19:58:20 | INFO     | Saving at a/skeb/raina0317-96edd7.json
2026-07-25 19:58:21 | WARNING  | 404 on https://skeb.jp/api/users/fukuro_xkoji (attempt 2/3)
2026-07-25 19:58:21 | INFO     | OK https://skeb.jp/api/users/eagthie
2026-07-25 19:58:21 | INFO     | Saving at a/skeb/eagthie-abc667.json
2026-07-25 19:58:23 | INFO     | OK https://skeb.jp/api/users/camogaru
2026-07-25 19:58:23 | INFO     | Saving at a/skeb/camogaru-d5482e.json
2026-07-25 19:58:24 | INFO     | OK https://skeb.jp/api/users/ka84_
2026-07-25 19:58:24 | INFO     | Saving at a/skeb/ka84_-77486d.json
2026-07-25 19:58:25 | INFO     | OK https://skeb.jp/api/users/unihead207215
2026-07-25 19:58:25 | INFO     | Saving at a/skeb/unihead207215-9a8d43.json
2026-07-25 19:58:26 | INFO     | OK https://skeb.jp/api/users/Kazunoe_illust
2026-07-25 19:58:26 | INFO     | Saving at a/skeb/Kazunoe_illust-bcadd8.json
2026-07-25 19:58:27 | INFO     | OK https://skeb.jp/api/users/yuno_skebyo
2026-07-25 19:58:27 | INFO     | Saving at a/skeb/yuno_skebyo-4e57a5.json
2026-07-25 19:58:28 | INFO     | OK https://skeb.jp/api/users/HinaHina_ilust
2026-07-25 19:58:28 | INFO     | Saving at a/skeb/HinaHina_ilust-91f6e4.json
2026-07-25 19:58:29 | WARNING  | 404 on https://skeb.jp/api/users/fukuro_xkoji (attempt 3/3)
2026-07-25 19:58:30 | INFO     | OK https://skeb.jp/api/users/mimimunpyo
2026-07-25 19:58:30 | INFO     | Saving at a/skeb/mimimunpyo-e1975d.json
2026-07-25 19:58:31 | INFO     | OK https://skeb.jp/api/users/Remy_pxv
2026-07-25 19:58:31 | INFO     | Saving at a/skeb/Remy_pxv-08e6d7.json
2026-07-25 19:58:32 | INFO     | OK https://skeb.jp/api/users/Q_swy
2026-07-25 19:58:32 | INFO     | Saving at a/skeb/Q_swy-75ec94.json
2026-07-25 19:58:33 | WARNING  | 404 on https://skeb.jp/api/users/fukurokohji (attempt 1/3)
2026-07-25 19:58:34 | INFO     | OK https://skeb.jp/api/users/engawa110
2026-07-25 19:58:34 | INFO     | Saving at a/skeb/engawa110-cbd13c.json
2026-07-25 19:58:35 | INFO     | OK https://skeb.jp/api/users/papermoon_a
2026-07-25 19:58:35 | INFO     | Saving at a/skeb/papermoon_a-efd0eb.json
2026-07-25 19:58:35 | INFO     | OK https://skeb.jp/api/users/YKR17y
2026-07-25 19:58:35 | INFO     | Saving at a/skeb/YKR17y-cd9b9a.json
2026-07-25 19:58:36 | WARNING  | 404 on https://skeb.jp/api/users/fukurokohji (attempt 2/3)
2026-07-25 19:58:38 | INFO     | OK https://skeb.jp/api/users/kuroi_kuro_neko
2026-07-25 19:58:38 | INFO     | Saving at a/skeb/kuroi_kuro_neko-49773f.json
2026-07-25 19:58:39 | INFO     | OK https://skeb.jp/api/users/komagoma03
2026-07-25 19:58:39 | INFO     | Saving at a/skeb/komagoma03-553a36.json
2026-07-25 19:58:40 | INFO     | OK https://skeb.jp/api/users/TGxx3300
2026-07-25 19:58:40 | INFO     | Saving at a/skeb/TGxx3300-ad4742.json
2026-07-25 19:58:41 | INFO     | OK https://skeb.jp/api/users/sofraaaaa
2026-07-25 19:58:41 | INFO     | Saving at a/skeb/sofraaaaa-e79ab3.json
2026-07-25 19:58:42 | INFO     | OK https://skeb.jp/api/users/BlueHawaii_2
2026-07-25 19:58:42 | INFO     | Saving at a/skeb/BlueHawaii_2-3cd05c.json
2026-07-25 19:58:43 | INFO     | OK https://skeb.jp/api/users/yamazin_ex
2026-07-25 19:58:43 | INFO     | Saving at a/skeb/yamazin_ex-0ea80d.json
2026-07-25 19:58:44 | INFO     | OK https://skeb.jp/api/users/kusu
2026-07-25 19:58:44 | INFO     | Saving at a/skeb/kusu-09c7a3.json
2026-07-25 19:58:45 | INFO     | OK https://skeb.jp/api/users/TamakRui
2026-07-25 19:58:45 | INFO     | Saving at a/skeb/TamakRui-e78b4f.json
2026-07-25 19:58:46 | INFO     | OK https://skeb.jp/api/users/makida_16
2026-07-25 19:58:46 | INFO     | Saving at a/skeb/makida_16-318844.json
2026-07-25 19:58:47 | WARNING  | 404 on https://skeb.jp/api/users/icloud (attempt 1/3)
2026-07-25 19:58:48 | INFO     | OK https://skeb.jp/api/users/hiragana_sherry
2026-07-25 19:58:48 | INFO     | Saving at a/skeb/hiragana_sherry-2b17df.json
2026-07-25 19:58:49 | INFO     | OK https://skeb.jp/api/users/garcia1053
2026-07-25 19:58:49 | INFO     | Saving at a/skeb/garcia1053-657aca.json
2026-07-25 19:58:50 | INFO     | OK https://skeb.jp/api/users/tatemono_PL
2026-07-25 19:58:50 | INFO     | Saving at a/skeb/tatemono_PL-19f903.json
2026-07-25 19:58:51 | INFO     | OK https://skeb.jp/api/users/Re3_pzg
2026-07-25 19:58:51 | INFO     | Saving at a/skeb/Re3_pzg-76a614.json
2026-07-25 19:58:52 | INFO     | OK https://skeb.jp/api/users/the_sweetparty
2026-07-25 19:58:52 | INFO     | Saving at a/skeb/the_sweetparty-c442d8.json
2026-07-25 19:58:53 | INFO     | OK https://skeb.jp/api/users/Powaris
2026-07-25 19:58:53 | INFO     | Saving at a/skeb/Powaris-fe776f.json
2026-07-25 19:58:54 | INFO     | OK https://skeb.jp/api/users/MGRock_star
2026-07-25 19:58:54 | INFO     | Saving at a/skeb/MGRock_star-adb9e1.json
2026-07-25 19:58:55 | INFO     | OK https://skeb.jp/api/users/0ud0ntabetabe
2026-07-25 19:58:55 | INFO     | Saving at a/skeb/0ud0ntabetabe-95a309.json
2026-07-25 19:58:56 | INFO     | OK https://skeb.jp/api/users/roha_
2026-07-25 19:58:56 | INFO     | Saving at a/skeb/roha_-bc0256.json
2026-07-25 19:58:57 | INFO     | OK https://skeb.jp/api/users/ame_akira00
2026-07-25 19:58:57 | INFO     | Saving at a/skeb/ame_akira00-b7458d.json
2026-07-25 19:58:58 | WARNING  | 404 on https://skeb.jp/api/users/fukurokohji (attempt 3/3)
2026-07-25 19:58:59 | INFO     | OK https://skeb.jp/api/users/asameyayo39
2026-07-25 19:58:59 | INFO     | Saving at a/skeb/asameyayo39-adc9a9.json
2026-07-25 19:59:00 | INFO     | OK https://skeb.jp/api/users/fiorella
2026-07-25 19:59:00 | INFO     | Saving at a/skeb/fiorella-a92983.json
2026-07-25 19:59:01 | INFO     | OK https://skeb.jp/api/users/HARUHIBI_8DLK
2026-07-25 19:59:01 | INFO     | Saving at a/skeb/HARUHIBI_8DLK-d8a984.json
2026-07-25 19:59:02 | INFO     | OK https://skeb.jp/api/users/merry_condor
2026-07-25 19:59:02 | INFO     | Saving at a/skeb/merry_condor-58e866.json
2026-07-25 19:59:03 | INFO     | OK https://skeb.jp/api/users/minor_human
2026-07-25 19:59:03 | INFO     | Saving at a/skeb/minor_human-03e23a.json
2026-07-25 19:59:04 | INFO     | OK https://skeb.jp/api/users/deathoekaki
2026-07-25 19:59:04 | INFO     | Saving at a/skeb/deathoekaki-d90a47.json
2026-07-25 19:59:05 | INFO     | OK https://skeb.jp/api/users/karinntou02
2026-07-25 19:59:05 | INFO     | Saving at a/skeb/karinntou02-fb4eaf.json
2026-07-25 19:59:06 | INFO     | OK https://skeb.jp/api/users/uli0813
2026-07-25 19:59:06 | INFO     | Saving at a/skeb/uli0813-e09548.json
2026-07-25 19:59:07 | INFO     | OK https://skeb.jp/api/users/luccas
2026-07-25 19:59:07 | INFO     | Saving at a/skeb/luccas-2d67a5.json
2026-07-25 19:59:08 | INFO     | OK https://skeb.jp/api/users/yappa_akande
2026-07-25 19:59:08 | INFO     | Saving at a/skeb/yappa_akande-240e39.json
2026-07-25 19:59:09 | INFO     | OK https://skeb.jp/api/users/toluol_0925
2026-07-25 19:59:09 | INFO     | Saving at a/skeb/toluol_0925-6c53cc.json
2026-07-25 19:59:10 | INFO     | OK https://skeb.jp/api/users/YakiShake1
2026-07-25 19:59:10 | INFO     | Saving at a/skeb/YakiShake1-2cf691.json
2026-07-25 19:59:11 | WARNING  | 404 on https://skeb.jp/api/users/icloud (attempt 2/3)
2026-07-25 19:59:12 | INFO     | OK https://skeb.jp/api/users/mayurikaichou
2026-07-25 19:59:12 | INFO     | Saving at a/skeb/mayurikaichou-151590.json
2026-07-25 19:59:13 | INFO     | OK https://skeb.jp/api/users/xexuxexu
2026-07-25 19:59:13 | INFO     | Saving at a/skeb/xexuxexu-4d5039.json
2026-07-25 19:59:14 | INFO     | OK https://skeb.jp/api/users/kui_sinaji
2026-07-25 19:59:14 | INFO     | Saving at a/skeb/kui_sinaji-050936.json
2026-07-25 19:59:15 | INFO     | OK https://skeb.jp/api/users/nanazunazu_
2026-07-25 19:59:15 | INFO     | Saving at a/skeb/nanazunazu_-3399f6.json
2026-07-25 19:59:16 | INFO     | OK https://skeb.jp/api/users/arssein
2026-07-25 19:59:16 | INFO     | Saving at a/skeb/arssein-aec2e8.json
2026-07-25 19:59:17 | INFO     | OK https://skeb.jp/api/users/Romeo_illust
2026-07-25 19:59:17 | INFO     | Saving at a/skeb/Romeo_illust-278f7f.json
2026-07-25 19:59:18 | INFO     | OK https://skeb.jp/api/users/shiroi_hito3
2026-07-25 19:59:18 | INFO     | Saving at a/skeb/shiroi_hito3-c17ee5.json
2026-07-25 19:59:19 | INFO     | OK https://skeb.jp/api/users/azu_kotsume
2026-07-25 19:59:19 | INFO     | Saving at a/skeb/azu_kotsume-95782d.json
2026-07-25 19:59:20 | INFO     | OK https://skeb.jp/api/users/zettai_nagaiki
2026-07-25 19:59:20 | INFO     | Saving at a/skeb/zettai_nagaiki-939217.json
2026-07-25 19:59:21 | WARNING  | 404 on https://skeb.jp/api/users/icloud (attempt 3/3)
2026-07-25 19:59:22 | INFO     | OK https://skeb.jp/api/users/nobuozi
2026-07-25 19:59:22 | INFO     | Saving at a/skeb/nobuozi-bfb6a2.json
2026-07-25 19:59:23 | INFO     | OK https://skeb.jp/api/users/saaaaaki0x0
2026-07-25 19:59:23 | INFO     | Saving at a/skeb/saaaaaki0x0-6f6c6a.json
2026-07-25 19:59:24 | INFO     | OK https://skeb.jp/api/users/Tzpc1R
2026-07-25 19:59:24 | INFO     | Saving at a/skeb/Tzpc1R-c12c16.json
2026-07-25 19:59:25 | INFO     | OK https://skeb.jp/api/users/K_2107G_2909
2026-07-25 19:59:25 | INFO     | Saving at a/skeb/K_2107G_2909-0288c5.json
2026-07-25 19:59:26 | INFO     | OK https://skeb.jp/api/users/nono_oder
2026-07-25 19:59:26 | INFO     | Saving at a/skeb/nono_oder-cb917b.json
2026-07-25 19:59:27 | INFO     | OK https://skeb.jp/api/users/Kittatsu_toku
2026-07-25 19:59:27 | INFO     | Saving at a/skeb/Kittatsu_toku-60629a.json
2026-07-25 19:59:28 | INFO     | OK https://skeb.jp/api/users/mcpc_zamurai
2026-07-25 19:59:28 | INFO     | Saving at a/skeb/mcpc_zamurai-3acfe0.json
2026-07-25 19:59:29 | INFO     | OK https://skeb.jp/api/users/eichinarekihosi
2026-07-25 19:59:29 | INFO     | Saving at a/skeb/eichinarekihosi-1c554a.json
2026-07-25 19:59:30 | INFO     | OK https://skeb.jp/api/users/midoxxrx
2026-07-25 19:59:30 | INFO     | Saving at a/skeb/midoxxrx-26b3c1.json
2026-07-25 19:59:31 | INFO     | OK https://skeb.jp/api/users/ccc_chisel
2026-07-25 19:59:31 | INFO     | Saving at a/skeb/ccc_chisel-0950c3.json
2026-07-25 19:59:32 | INFO     | OK https://skeb.jp/api/users/maruken_xx
2026-07-25 19:59:32 | INFO     | Saving at a/skeb/maruken_xx-c84309.json
2026-07-25 19:59:33 | INFO     | OK https://skeb.jp/api/users/k_axiaxxx
2026-07-25 19:59:33 | INFO     | Saving at a/skeb/k_axiaxxx-bdbc55.json
2026-07-25 19:59:34 | INFO     | OK https://skeb.jp/api/users/Hou_dzu_Fox
2026-07-25 19:59:34 | INFO     | Saving at a/skeb/Hou_dzu_Fox-3e3c9c.json
2026-07-25 19:59:35 | INFO     | OK https://skeb.jp/api/users/herahemO
2026-07-25 19:59:35 | INFO     | Saving at a/skeb/herahemO-75da55.json
2026-07-25 19:59:36 | INFO     | OK https://skeb.jp/api/users/scamp_f16
2026-07-25 19:59:36 | INFO     | Saving at a/skeb/scamp_f16-4fae5d.json
2026-07-25 19:59:37 | INFO     | OK https://skeb.jp/api/users/omdomanzu
2026-07-25 19:59:37 | INFO     | Saving at a/skeb/omdomanzu-c5bd0f.json
2026-07-25 19:59:38 | INFO     | OK https://skeb.jp/api/users/Tsaamon
2026-07-25 19:59:38 | INFO     | Saving at a/skeb/Tsaamon-3109c3.json
2026-07-25 19:59:39 | INFO     | OK https://skeb.jp/api/users/PYONsan_sabori
2026-07-25 19:59:39 | INFO     | Saving at a/skeb/PYONsan_sabori-6dacf9.json
2026-07-25 19:59:40 | INFO     | OK https://skeb.jp/api/users/flask_beaker
2026-07-25 19:59:40 | INFO     | Saving at a/skeb/flask_beaker-189bea.json
2026-07-25 19:59:41 | INFO     | OK https://skeb.jp/api/users/yayaya_nnyom_
2026-07-25 19:59:41 | INFO     | Saving at a/skeb/yayaya_nnyom_-071e12.json
2026-07-25 19:59:42 | INFO     | OK https://skeb.jp/api/users/SeinSol
2026-07-25 19:59:42 | INFO     | Saving at a/skeb/SeinSol-76d96e.json
2026-07-25 19:59:43 | INFO     | OK https://skeb.jp/api/users/_by4co
2026-07-25 19:59:43 | INFO     | Saving at a/skeb/_by4co-ae59c2.json
2026-07-25 19:59:44 | INFO     | OK https://skeb.jp/api/users/tatutaage_uma
2026-07-25 19:59:44 | INFO     | Saving at a/skeb/tatutaage_uma-97e1fd.json
2026-07-25 19:59:45 | INFO     | OK https://skeb.jp/api/users/shino2121
2026-07-25 19:59:45 | INFO     | Saving at a/skeb/shino2121-08595a.json
2026-07-25 19:59:46 | INFO     | OK https://skeb.jp/api/users/kirach_Y
2026-07-25 19:59:46 | INFO     | Saving at a/skeb/kirach_Y-0377e2.json
2026-07-25 19:59:47 | INFO     | OK https://skeb.jp/api/users/VMEIN_46
2026-07-25 19:59:47 | INFO     | Saving at a/skeb/VMEIN_46-dae038.json
2026-07-25 19:59:48 | INFO     | OK https://skeb.jp/api/users/hasuno_sousaku
2026-07-25 19:59:48 | INFO     | Saving at a/skeb/hasuno_sousaku-b9904e.json
2026-07-25 19:59:49 | INFO     | OK https://skeb.jp/api/users/daisuke_abe_
2026-07-25 19:59:49 | INFO     | Saving at a/skeb/daisuke_abe_-632718.json
2026-07-25 19:59:50 | INFO     | OK https://skeb.jp/api/users/oyanokonosuke
2026-07-25 19:59:50 | INFO     | Saving at a/skeb/oyanokonosuke-db4bec.json
2026-07-25 19:59:51 | INFO     | OK https://skeb.jp/api/users/motimoti39usagi
2026-07-25 19:59:51 | INFO     | Saving at a/skeb/motimoti39usagi-308b9b.json
2026-07-25 19:59:52 | INFO     | OK https://skeb.jp/api/users/daigorou_hokori
2026-07-25 19:59:52 | INFO     | Saving at a/skeb/daigorou_hokori-0ab3fe.json
2026-07-25 19:59:53 | INFO     | OK https://skeb.jp/api/users/Dekoboko685
2026-07-25 19:59:53 | INFO     | Saving at a/skeb/Dekoboko685-cf4eed.json
2026-07-25 19:59:53 | INFO     | OK https://skeb.jp/api/users/Happy_Zombie_R
2026-07-25 19:59:53 | INFO     | Saving at a/skeb/Happy_Zombie_R-1de01d.json
2026-07-25 19:59:55 | INFO     | OK https://skeb.jp/api/users/__s__n__0
2026-07-25 19:59:55 | INFO     | Saving at a/skeb/__s__n__0-eafa17.json
2026-07-25 19:59:56 | INFO     | OK https://skeb.jp/api/users/trpg_nue
2026-07-25 19:59:56 | INFO     | Saving at a/skeb/trpg_nue-9228c9.json
2026-07-25 19:59:57 | INFO     | OK https://skeb.jp/api/users/cacaocreate
2026-07-25 19:59:57 | INFO     | Saving at a/skeb/cacaocreate-8500c7.json
2026-07-25 19:59:58 | INFO     | OK https://skeb.jp/api/users/Chiyo9573
2026-07-25 19:59:58 | INFO     | Saving at a/skeb/Chiyo9573-3284d5.json
2026-07-25 19:59:59 | INFO     | OK https://skeb.jp/api/users/hidamari9
2026-07-25 19:59:59 | INFO     | Saving at a/skeb/hidamari9-ba1585.json
2026-07-25 20:00:00 | INFO     | OK https://skeb.jp/api/users/ONE68_0503
2026-07-25 20:00:00 | INFO     | Saving at a/skeb/ONE68_0503-8cfa3a.json
2026-07-25 20:00:01 | INFO     | OK https://skeb.jp/api/users/93187na
2026-07-25 20:00:01 | INFO     | Saving at a/skeb/93187na-db8586.json
2026-07-25 20:00:02 | INFO     | OK https://skeb.jp/api/users/ekiaroll
2026-07-25 20:00:02 | INFO     | Saving at a/skeb/ekiaroll-caa0b8.json
2026-07-25 20:00:03 | INFO     | OK https://skeb.jp/api/users/tachibana00
2026-07-25 20:00:03 | INFO     | Saving at a/skeb/tachibana00-5d75d6.json
2026-07-25 20:00:04 | INFO     | OK https://skeb.jp/api/users/mayochimochi227
2026-07-25 20:00:04 | INFO     | Saving at a/skeb/mayochimochi227-40fa69.json
2026-07-25 20:00:05 | INFO     | OK https://skeb.jp/api/users/MakotoPppp
2026-07-25 20:00:05 | INFO     | Saving at a/skeb/MakotoPppp-e3b3a3.json
2026-07-25 20:00:06 | INFO     | OK https://skeb.jp/api/users/stntmk2_s6
2026-07-25 20:00:06 | INFO     | Saving at a/skeb/stntmk2_s6-adbbb9.json
2026-07-25 20:00:07 | INFO     | OK https://skeb.jp/api/users/yo_namikaze
2026-07-25 20:00:07 | INFO     | Saving at a/skeb/yo_namikaze-bb8bfa.json
2026-07-25 20:00:08 | INFO     | OK https://skeb.jp/api/users/tamako_omochi
2026-07-25 20:00:08 | INFO     | Saving at a/skeb/tamako_omochi-5a2c42.json
2026-07-25 20:00:09 | INFO     | OK https://skeb.jp/api/users/citizenoftheA
2026-07-25 20:00:09 | INFO     | Saving at a/skeb/citizenoftheA-f32fd8.json
2026-07-25 20:00:10 | INFO     | OK https://skeb.jp/api/users/KibasakiChigaya
2026-07-25 20:00:10 | INFO     | Saving at a/skeb/KibasakiChigaya-3e286f.json
2026-07-25 20:00:11 | INFO     | OK https://skeb.jp/api/users/YuNi_animal
2026-07-25 20:00:11 | INFO     | Saving at a/skeb/YuNi_animal-2ee725.json
2026-07-25 20:00:12 | INFO     | OK https://skeb.jp/api/users/ml_ruru
2026-07-25 20:00:12 | INFO     | Saving at a/skeb/ml_ruru-9f2280.json
2026-07-25 20:00:13 | INFO     | OK https://skeb.jp/api/users/Otamusan
2026-07-25 20:00:13 | INFO     | Saving at a/skeb/Otamusan-086924.json
2026-07-25 20:00:14 | INFO     | OK https://skeb.jp/api/users/_ekaki
2026-07-25 20:00:14 | INFO     | Saving at a/skeb/_ekaki-b1c79a.json
2026-07-25 20:00:15 | INFO     | OK https://skeb.jp/api/users/Luna_dial398
2026-07-25 20:00:15 | INFO     | Saving at a/skeb/Luna_dial398-7a4f9e.json
2026-07-25 20:00:16 | INFO     | OK https://skeb.jp/api/users/chomomo286149
2026-07-25 20:00:16 | INFO     | Saving at a/skeb/chomomo286149-859589.json
2026-07-25 20:00:17 | INFO     | OK https://skeb.jp/api/users/masahiro5562
2026-07-25 20:00:17 | INFO     | Saving at a/skeb/masahiro5562-24bd26.json
2026-07-25 20:00:18 | INFO     | OK https://skeb.jp/api/users/yoshiyuki_0w0
2026-07-25 20:00:18 | INFO     | Saving at a/skeb/yoshiyuki_0w0-d12812.json
2026-07-25 20:00:19 | INFO     | OK https://skeb.jp/api/users/fen825
2026-07-25 20:00:19 | INFO     | Saving at a/skeb/fen825-1c131f.json
2026-07-25 20:00:20 | INFO     | OK https://skeb.jp/api/users/shima080
2026-07-25 20:00:20 | INFO     | Saving at a/skeb/shima080-950570.json
2026-07-25 20:00:21 | INFO     | OK https://skeb.jp/api/users/nazna_futo
2026-07-25 20:00:21 | INFO     | Saving at a/skeb/nazna_futo-790e90.json
2026-07-25 20:00:22 | INFO     | OK https://skeb.jp/api/users/tmk_illust66
2026-07-25 20:00:22 | INFO     | Saving at a/skeb/tmk_illust66-dc0366.json
2026-07-25 20:00:23 | INFO     | OK https://skeb.jp/api/users/yoakeryuya
2026-07-25 20:00:23 | INFO     | Saving at a/skeb/yoakeryuya-0a1c68.json
2026-07-25 20:00:24 | INFO     | OK https://skeb.jp/api/users/okyochan
2026-07-25 20:00:24 | INFO     | Saving at a/skeb/okyochan-52ff0e.json
2026-07-25 20:00:25 | INFO     | OK https://skeb.jp/api/users/Lucifer_ecoco
2026-07-25 20:00:25 | INFO     | Saving at a/skeb/Lucifer_ecoco-e90411.json
2026-07-25 20:00:26 | INFO     | OK https://skeb.jp/api/users/kiron211
2026-07-25 20:00:26 | INFO     | Saving at a/skeb/kiron211-5b57b0.json
2026-07-25 20:00:27 | INFO     | OK https://skeb.jp/api/users/INEkome_8000
2026-07-25 20:00:27 | INFO     | Saving at a/skeb/INEkome_8000-9caecd.json
2026-07-25 20:00:28 | INFO     | OK https://skeb.jp/api/users/takosuke4chan
2026-07-25 20:00:28 | INFO     | Saving at a/skeb/takosuke4chan-d93687.json
2026-07-25 20:00:29 | INFO     | OK https://skeb.jp/api/users/suikyo_5
2026-07-25 20:00:29 | INFO     | Saving at a/skeb/suikyo_5-a273bc.json
2026-07-25 20:00:30 | INFO     | OK https://skeb.jp/api/users/simoooji
2026-07-25 20:00:30 | INFO     | Saving at a/skeb/simoooji-56c74c.json
2026-07-25 20:00:31 | INFO     | OK https://skeb.jp/api/users/higyohigyo
2026-07-25 20:00:31 | INFO     | Saving at a/skeb/higyohigyo-45a4c6.json
2026-07-25 20:00:32 | INFO     | OK https://skeb.jp/api/users/amai_mohuta
2026-07-25 20:00:32 | INFO     | Saving at a/skeb/amai_mohuta-4d7357.json
2026-07-25 20:00:33 | INFO     | OK https://skeb.jp/api/users/PIYOSAN_0309
2026-07-25 20:00:33 | INFO     | Saving at a/skeb/PIYOSAN_0309-18a5ba.json
2026-07-25 20:00:34 | INFO     | OK https://skeb.jp/api/users/mupu2__aun
2026-07-25 20:00:34 | INFO     | Saving at a/skeb/mupu2__aun-28125a.json
2026-07-25 20:00:34 | INFO     | OK https://skeb.jp/api/users/K0SHo0209
2026-07-25 20:00:35 | INFO     | Saving at a/skeb/K0SHo0209-5dfdd9.json
2026-07-25 20:00:36 | INFO     | OK https://skeb.jp/api/users/EijiK0430
2026-07-25 20:00:36 | INFO     | Saving at a/skeb/EijiK0430-a0f9fb.json
2026-07-25 20:00:37 | WARNING  | 404 on https://skeb.jp/api/users/tsukimi_lapin (attempt 1/3)
2026-07-25 20:00:38 | INFO     | OK https://skeb.jp/api/users/nijiomu
2026-07-25 20:00:38 | INFO     | Saving at a/skeb/nijiomu-be8546.json
2026-07-25 20:00:39 | INFO     | OK https://skeb.jp/api/users/hakariyahakari
2026-07-25 20:00:39 | INFO     | Saving at a/skeb/hakariyahakari-34153c.json
2026-07-25 20:00:40 | INFO     | OK https://skeb.jp/api/users/Degbli
2026-07-25 20:00:40 | INFO     | Saving at a/skeb/Degbli-dafca9.json
2026-07-25 20:00:41 | INFO     | OK https://skeb.jp/api/users/kaimu_egc000
2026-07-25 20:00:41 | INFO     | Saving at a/skeb/kaimu_egc000-2401be.json
2026-07-25 20:00:42 | INFO     | OK https://skeb.jp/api/users/nnzz_abc
2026-07-25 20:00:42 | INFO     | Saving at a/skeb/nnzz_abc-e3467b.json
2026-07-25 20:00:43 | INFO     | OK https://skeb.jp/api/users/kawahagi_modoki
2026-07-25 20:00:43 | INFO     | Saving at a/skeb/kawahagi_modoki-35ab09.json
2026-07-25 20:00:44 | INFO     | OK https://skeb.jp/api/users/HisuiSena
2026-07-25 20:00:44 | INFO     | Saving at a/skeb/HisuiSena-517136.json
2026-07-25 20:00:45 | WARNING  | 404 on https://skeb.jp/api/users/tsukimi_lapin (attempt 2/3)
2026-07-25 20:00:46 | INFO     | OK https://skeb.jp/api/users/motenaikitakami
2026-07-25 20:00:46 | INFO     | Saving at a/skeb/motenaikitakami-93b0b2.json
2026-07-25 20:00:47 | INFO     | OK https://skeb.jp/api/users/hataranightstar
2026-07-25 20:00:47 | INFO     | Saving at a/skeb/hataranightstar-664ebd.json
2026-07-25 20:00:48 | INFO     | OK https://skeb.jp/api/users/Goslingwallows
2026-07-25 20:00:48 | INFO     | Saving at a/skeb/Goslingwallows-a4ad23.json
2026-07-25 20:00:49 | INFO     | OK https://skeb.jp/api/users/memento_vivi
2026-07-25 20:00:49 | INFO     | Saving at a/skeb/memento_vivi-c31d1d.json
2026-07-25 20:00:50 | INFO     | OK https://skeb.jp/api/users/s3_jn
2026-07-25 20:00:50 | INFO     | Saving at a/skeb/s3_jn-c481fa.json
2026-07-25 20:00:51 | INFO     | OK https://skeb.jp/api/users/akenoin2
2026-07-25 20:00:51 | INFO     | Saving at a/skeb/akenoin2-90bb4d.json
2026-07-25 20:00:52 | INFO     | OK https://skeb.jp/api/users/2Dkumakuma
2026-07-25 20:00:52 | INFO     | Saving at a/skeb/2Dkumakuma-bf9d75.json
2026-07-25 20:00:53 | INFO     | OK https://skeb.jp/api/users/rindo2323
2026-07-25 20:00:53 | INFO     | Saving at a/skeb/rindo2323-aa0bfa.json
2026-07-25 20:00:54 | INFO     | OK https://skeb.jp/api/users/mo_kusi
2026-07-25 20:00:54 | INFO     | Saving at a/skeb/mo_kusi-f34d07.json
2026-07-25 20:00:55 | INFO     | OK https://skeb.jp/api/users/udou_
2026-07-25 20:00:55 | INFO     | Saving at a/skeb/udou_-5b2484.json
2026-07-25 20:00:56 | INFO     | OK https://skeb.jp/api/users/Rosie_Rosie
2026-07-25 20:00:56 | INFO     | Saving at a/skeb/Rosie_Rosie-c946ac.json
2026-07-25 20:00:57 | INFO     | OK https://skeb.jp/api/users/mane_suke
2026-07-25 20:00:57 | INFO     | Saving at a/skeb/mane_suke-f29013.json
2026-07-25 20:00:58 | INFO     | OK https://skeb.jp/api/users/daishuukaku01
2026-07-25 20:00:58 | INFO     | Saving at a/skeb/daishuukaku01-ae0920.json
2026-07-25 20:00:59 | INFO     | OK https://skeb.jp/api/users/kokone2722
2026-07-25 20:00:59 | INFO     | Saving at a/skeb/kokone2722-709538.json
2026-07-25 20:01:00 | INFO     | OK https://skeb.jp/api/users/kaede_amemiya
2026-07-25 20:01:00 | INFO     | Saving at a/skeb/kaede_amemiya-f66296.json
2026-07-25 20:01:01 | INFO     | OK https://skeb.jp/api/users/yusin_kawamura
2026-07-25 20:01:01 | INFO     | Saving at a/skeb/yusin_kawamura-3aa5e5.json
2026-07-25 20:01:02 | INFO     | OK https://skeb.jp/api/users/Joe3mini
2026-07-25 20:01:02 | INFO     | Saving at a/skeb/Joe3mini-b13feb.json
2026-07-25 20:01:03 | WARNING  | 404 on https://skeb.jp/api/users/yomo_9635 (attempt 1/3)
2026-07-25 20:01:04 | INFO     | OK https://skeb.jp/api/users/DEOTAMA_FGO
2026-07-25 20:01:04 | INFO     | Saving at a/skeb/DEOTAMA_FGO-c56169.json
2026-07-25 20:01:05 | INFO     | OK https://skeb.jp/api/users/white_wineMei
2026-07-25 20:01:05 | INFO     | Saving at a/skeb/white_wineMei-83fbf7.json
2026-07-25 20:01:06 | WARNING  | 404 on https://skeb.jp/api/users/yomo_9635 (attempt 2/3)
2026-07-25 20:01:07 | INFO     | OK https://skeb.jp/api/users/Rin_Takatuki
2026-07-25 20:01:07 | INFO     | Saving at a/skeb/Rin_Takatuki-b3c613.json
2026-07-25 20:01:08 | INFO     | OK https://skeb.jp/api/users/gorillagori21
2026-07-25 20:01:08 | INFO     | Saving at a/skeb/gorillagori21-5ab104.json
2026-07-25 20:01:09 | INFO     | OK https://skeb.jp/api/users/dorojida
2026-07-25 20:01:09 | INFO     | Saving at a/skeb/dorojida-287386.json
2026-07-25 20:01:10 | INFO     | OK https://skeb.jp/api/users/Fid_016sikabane
2026-07-25 20:01:10 | INFO     | Saving at a/skeb/Fid_016sikabane-f968ef.json
2026-07-25 20:01:11 | INFO     | OK https://skeb.jp/api/users/Nao_cdsuyta
2026-07-25 20:01:11 | INFO     | Saving at a/skeb/Nao_cdsuyta-200a5c.json
2026-07-25 20:01:12 | INFO     | OK https://skeb.jp/api/users/saniwano_yu
2026-07-25 20:01:12 | INFO     | Saving at a/skeb/saniwano_yu-ebb583.json
2026-07-25 20:01:13 | WARNING  | 404 on https://skeb.jp/api/users/yomo_9635 (attempt 3/3)
2026-07-25 20:01:13 | INFO     | Saving at a/skeb/yomo_9635-3629e4.json
2026-07-25 20:01:14 | INFO     | OK https://skeb.jp/api/users/crowest
2026-07-25 20:01:14 | INFO     | Saving at a/skeb/crowest-890d26.json
2026-07-25 20:01:15 | INFO     | OK https://skeb.jp/api/users/hiraga_matsuri
2026-07-25 20:01:15 | INFO     | Saving at a/skeb/hiraga_matsuri-1b642e.json
2026-07-25 20:01:16 | INFO     | OK https://skeb.jp/api/users/wataame_skeb
2026-07-25 20:01:16 | INFO     | Saving at a/skeb/wataame_skeb-6b9836.json
2026-07-25 20:01:17 | INFO     | OK https://skeb.jp/api/users/wcFTuBSzbj49655
2026-07-25 20:01:17 | INFO     | Saving at a/skeb/wcFTuBSzbj49655-d9aeda.json
2026-07-25 20:01:18 | INFO     | OK https://skeb.jp/api/users/UonchoRS
2026-07-25 20:01:18 | INFO     | Saving at a/skeb/UonchoRS-5a96b2.json
2026-07-25 20:01:19 | INFO     | OK https://skeb.jp/api/users/yry_r0o
2026-07-25 20:01:19 | INFO     | Saving at a/skeb/yry_r0o-54ab78.json
2026-07-25 20:01:20 | INFO     | OK https://skeb.jp/api/users/7_homura
2026-07-25 20:01:20 | INFO     | Saving at a/skeb/7_homura-17f27c.json
2026-07-25 20:01:21 | WARNING  | 404 on https://skeb.jp/api/users/yomo_42617 (attempt 1/3)
2026-07-25 20:01:22 | INFO     | OK https://skeb.jp/api/users/swgg_sh
2026-07-25 20:01:22 | INFO     | Saving at a/skeb/swgg_sh-b60bdb.json
2026-07-25 20:01:23 | INFO     | OK https://skeb.jp/api/users/END_Anon
2026-07-25 20:01:23 | INFO     | Saving at a/skeb/END_Anon-87f93e.json
2026-07-25 20:01:24 | INFO     | OK https://skeb.jp/api/users/Ato__ri_
2026-07-25 20:01:24 | INFO     | Saving at a/skeb/Ato__ri_-ba9336.json
2026-07-25 20:01:25 | INFO     | OK https://skeb.jp/api/users/kisetu_maki
2026-07-25 20:01:25 | INFO     | Saving at a/skeb/kisetu_maki-0ba855.json
2026-07-25 20:01:26 | INFO     | OK https://skeb.jp/api/users/frostshin
2026-07-25 20:01:26 | INFO     | Saving at a/skeb/frostshin-37b1f2.json
2026-07-25 20:01:27 | INFO     | OK https://skeb.jp/api/users/U_Kome_Illust
2026-07-25 20:01:27 | INFO     | Saving at a/skeb/U_Kome_Illust-002690.json
2026-07-25 20:01:28 | INFO     | OK https://skeb.jp/api/users/Anyo_ch
2026-07-25 20:01:28 | INFO     | Saving at a/skeb/Anyo_ch-b0fd49.json
2026-07-25 20:01:29 | INFO     | OK https://skeb.jp/api/users/flos4187
2026-07-25 20:01:29 | INFO     | Saving at a/skeb/flos4187-545364.json
2026-07-25 20:01:30 | INFO     | OK https://skeb.jp/api/users/inouemitan
2026-07-25 20:01:30 | INFO     | Saving at a/skeb/inouemitan-f855d2.json
2026-07-25 20:01:31 | WARNING  | 404 on https://skeb.jp/api/users/tsukimi_lapin (attempt 3/3)
2026-07-25 20:01:32 | WARNING  | 404 on https://skeb.jp/api/users/yomo_42617 (attempt 2/3)
2026-07-25 20:01:33 | INFO     | OK https://skeb.jp/api/users/desaokaze
2026-07-25 20:01:33 | INFO     | Saving at a/skeb/desaokaze-e35aa2.json
2026-07-25 20:01:34 | INFO     | OK https://skeb.jp/api/users/tukisirokanata
2026-07-25 20:01:34 | INFO     | Saving at a/skeb/tukisirokanata-c4c1bc.json
2026-07-25 20:01:35 | INFO     | OK https://skeb.jp/api/users/komagoma
2026-07-25 20:01:35 | INFO     | Saving at a/skeb/komagoma-16c2d5.json
2026-07-25 20:01:36 | INFO     | OK https://skeb.jp/api/users/cocoich
2026-07-25 20:01:36 | INFO     | Saving at a/skeb/cocoich-252470.json
2026-07-25 20:01:37 | INFO     | OK https://skeb.jp/api/users/chaoiruko
2026-07-25 20:01:37 | INFO     | Saving at a/skeb/chaoiruko-808115.json
2026-07-25 20:01:38 | INFO     | OK https://skeb.jp/api/users/kuohsan
2026-07-25 20:01:38 | INFO     | Saving at a/skeb/kuohsan-ed8788.json
2026-07-25 20:01:39 | INFO     | OK https://skeb.jp/api/users/zc_clwo
2026-07-25 20:01:39 | INFO     | Saving at a/skeb/zc_clwo-46afc1.json
2026-07-25 20:01:40 | INFO     | OK https://skeb.jp/api/users/ykhk_58
2026-07-25 20:01:40 | INFO     | Saving at a/skeb/ykhk_58-0f5808.json
2026-07-25 20:01:41 | WARNING  | 404 on https://skeb.jp/api/users/yomo_42617 (attempt 3/3)
2026-07-25 20:01:42 | INFO     | OK https://skeb.jp/api/users/takuto173
2026-07-25 20:01:42 | INFO     | Saving at a/skeb/takuto173-c91842.json
2026-07-25 20:01:43 | INFO     | OK https://skeb.jp/api/users/gua_mc
2026-07-25 20:01:43 | INFO     | Saving at a/skeb/gua_mc-f26def.json
2026-07-25 20:01:44 | INFO     | OK https://skeb.jp/api/users/JoeGalleon
2026-07-25 20:01:44 | INFO     | Saving at a/skeb/JoeGalleon-8e4d62.json
2026-07-25 20:01:45 | INFO     | OK https://skeb.jp/api/users/elysia2020
2026-07-25 20:01:45 | INFO     | Saving at a/skeb/elysia2020-9cfe49.json
2026-07-25 20:01:46 | INFO     | OK https://skeb.jp/api/users/ekura28
2026-07-25 20:01:46 | INFO     | Saving at a/skeb/ekura28-a77681.json
2026-07-25 20:01:47 | INFO     | OK https://skeb.jp/api/users/goat_ling
2026-07-25 20:01:47 | INFO     | Saving at a/skeb/goat_ling-76ccf2.json
2026-07-25 20:01:48 | INFO     | OK https://skeb.jp/api/users/s_yoyotu
2026-07-25 20:01:48 | INFO     | Saving at a/skeb/s_yoyotu-e338f9.json
2026-07-25 20:01:49 | INFO     | OK https://skeb.jp/api/users/hitaren_illust
2026-07-25 20:01:49 | INFO     | Saving at a/skeb/hitaren_illust-3587cc.json
2026-07-25 20:01:50 | INFO     | OK https://skeb.jp/api/users/kotarou83
2026-07-25 20:01:50 | INFO     | Saving at a/skeb/kotarou83-2dd37d.json
2026-07-25 20:01:51 | INFO     | OK https://skeb.jp/api/users/sawara_224
2026-07-25 20:01:51 | INFO     | Saving at a/skeb/sawara_224-1da085.json
2026-07-25 20:01:52 | INFO     | OK https://skeb.jp/api/users/Ikayaki0202
2026-07-25 20:01:52 | INFO     | Saving at a/skeb/Ikayaki0202-38712c.json
2026-07-25 20:01:53 | INFO     | OK https://skeb.jp/api/users/miyamamim
2026-07-25 20:01:53 | INFO     | Saving at a/skeb/miyamamim-69f50e.json
2026-07-25 20:01:54 | INFO     | OK https://skeb.jp/api/users/tyamtyammmm
2026-07-25 20:01:54 | INFO     | Saving at a/skeb/tyamtyammmm-5923c9.json
2026-07-25 20:01:55 | INFO     | OK https://skeb.jp/api/users/tohta_pso2
2026-07-25 20:01:55 | INFO     | Saving at a/skeb/tohta_pso2-0a4c80.json
2026-07-25 20:01:56 | INFO     | OK https://skeb.jp/api/users/nimoo_art
2026-07-25 20:01:56 | INFO     | Saving at a/skeb/nimoo_art-85355e.json
2026-07-25 20:01:57 | INFO     | OK https://skeb.jp/api/users/okk_mochi99
2026-07-25 20:01:57 | INFO     | Saving at a/skeb/okk_mochi99-82bb65.json
2026-07-25 20:01:58 | INFO     | OK https://skeb.jp/api/users/akenoin
2026-07-25 20:01:58 | INFO     | Saving at a/skeb/akenoin-a7ad87.json
2026-07-25 20:01:59 | INFO     | OK https://skeb.jp/api/users/lefy_smed
2026-07-25 20:01:59 | INFO     | Saving at a/skeb/lefy_smed-9215b6.json
2026-07-25 20:02:00 | INFO     | OK https://skeb.jp/api/users/Syukyokunomemo
2026-07-25 20:02:00 | INFO     | Saving at a/skeb/Syukyokunomemo-90e063.json
2026-07-25 20:02:01 | INFO     | OK https://skeb.jp/api/users/kou_hiyoyo
2026-07-25 20:02:01 | INFO     | Saving at a/skeb/kou_hiyoyo-997fb9.json
2026-07-25 20:02:02 | INFO     | OK https://skeb.jp/api/users/_kirinoha_2
2026-07-25 20:02:02 | INFO     | Saving at a/skeb/_kirinoha_2-d986b3.json
2026-07-25 20:02:03 | INFO     | OK https://skeb.jp/api/users/gawasuki055
2026-07-25 20:02:03 | INFO     | Saving at a/skeb/gawasuki055-03ff55.json
2026-07-25 20:02:04 | INFO     | OK https://skeb.jp/api/users/2qRiXweroo5wchL
2026-07-25 20:02:04 | INFO     | Saving at a/skeb/2qRiXweroo5wchL-fc13be.json
2026-07-25 20:02:05 | INFO     | OK https://skeb.jp/api/users/OchArlgray
2026-07-25 20:02:05 | INFO     | Saving at a/skeb/OchArlgray-bbdd6d.json
2026-07-25 20:02:06 | INFO     | OK https://skeb.jp/api/users/zmnjo1440
2026-07-25 20:02:06 | INFO     | Saving at a/skeb/zmnjo1440-2fc519.json
2026-07-25 20:02:07 | INFO     | OK https://skeb.jp/api/users/ponu8686
2026-07-25 20:02:07 | INFO     | Saving at a/skeb/ponu8686-9347e7.json
2026-07-25 20:02:08 | INFO     | OK https://skeb.jp/api/users/Ek0420
2026-07-25 20:02:08 | INFO     | Saving at a/skeb/Ek0420-110dc6.json
2026-07-25 20:02:09 | INFO     | OK https://skeb.jp/api/users/mocha_33_
2026-07-25 20:02:09 | INFO     | Saving at a/skeb/mocha_33_-b45f64.json
2026-07-25 20:02:10 | INFO     | OK https://skeb.jp/api/users/saty_ill_voice
2026-07-25 20:02:10 | INFO     | Saving at a/skeb/saty_ill_voice-d7ddb0.json
2026-07-25 20:02:11 | INFO     | OK https://skeb.jp/api/users/Simahugu284
2026-07-25 20:02:11 | INFO     | Saving at a/skeb/Simahugu284-223314.json
2026-07-25 20:02:12 | WARNING  | 404 on https://skeb.jp/api/users/Akutabe_Aku (attempt 1/3)
2026-07-25 20:02:13 | INFO     | OK https://skeb.jp/api/users/_hinatahirune
2026-07-25 20:02:13 | INFO     | Saving at a/skeb/_hinatahirune-58673e.json
2026-07-25 20:02:14 | INFO     | OK https://skeb.jp/api/users/VoDka_0404_
2026-07-25 20:02:14 | INFO     | Saving at a/skeb/VoDka_0404_-8dcb8a.json
2026-07-25 20:02:15 | INFO     | OK https://skeb.jp/api/users/kingGdora
2026-07-25 20:02:15 | INFO     | Saving at a/skeb/kingGdora-f2ddde.json
2026-07-25 20:02:16 | WARNING  | 404 on https://skeb.jp/api/users/Akutabe_Aku (attempt 2/3)
2026-07-25 20:02:17 | INFO     | OK https://skeb.jp/api/users/SO_C
2026-07-25 20:02:17 | INFO     | Saving at a/skeb/SO_C-bdc621.json
2026-07-25 20:02:18 | INFO     | OK https://skeb.jp/api/users/_inot17
2026-07-25 20:02:18 | INFO     | Saving at a/skeb/_inot17-f7102d.json
2026-07-25 20:02:19 | INFO     | OK https://skeb.jp/api/users/helen2210hk
2026-07-25 20:02:19 | INFO     | Saving at a/skeb/helen2210hk-1a2be3.json
2026-07-25 20:02:20 | INFO     | OK https://skeb.jp/api/users/tai0415
2026-07-25 20:02:20 | INFO     | Saving at a/skeb/tai0415-21b89a.json
2026-07-25 20:02:21 | INFO     | OK https://skeb.jp/api/users/otomayiM_
2026-07-25 20:02:21 | INFO     | Saving at a/skeb/otomayiM_-105c88.json
2026-07-25 20:02:22 | INFO     | OK https://skeb.jp/api/users/nickel495
2026-07-25 20:02:22 | INFO     | Saving at a/skeb/nickel495-41dcdd.json
2026-07-25 20:02:23 | INFO     | OK https://skeb.jp/api/users/drakoyotto
2026-07-25 20:02:23 | INFO     | Saving at a/skeb/drakoyotto-045675.json
2026-07-25 20:02:24 | INFO     | OK https://skeb.jp/api/users/batekka
2026-07-25 20:02:24 | INFO     | Saving at a/skeb/batekka-cf9521.json
2026-07-25 20:02:25 | INFO     | OK https://skeb.jp/api/users/kakenai01
2026-07-25 20:02:25 | INFO     | Saving at a/skeb/kakenai01-4f6d33.json
2026-07-25 20:02:26 | INFO     | OK https://skeb.jp/api/users/hane_azl
2026-07-25 20:02:26 | INFO     | Saving at a/skeb/hane_azl-d959b7.json
2026-07-25 20:02:27 | INFO     | OK https://skeb.jp/api/users/Kouhi_ekaki
2026-07-25 20:02:27 | INFO     | Saving at a/skeb/Kouhi_ekaki-6696a4.json
2026-07-25 20:02:28 | INFO     | OK https://skeb.jp/api/users/yuusan_33
2026-07-25 20:02:28 | INFO     | Saving at a/skeb/yuusan_33-405152.json
2026-07-25 20:02:29 | INFO     | OK https://skeb.jp/api/users/mma_no0
2026-07-25 20:02:29 | INFO     | Saving at a/skeb/mma_no0-34e0d8.json
2026-07-25 20:02:30 | INFO     | OK https://skeb.jp/api/users/yorarry_k
2026-07-25 20:02:30 | INFO     | Saving at a/skeb/yorarry_k-0190d6.json
2026-07-25 20:02:31 | INFO     | OK https://skeb.jp/api/users/U_gros
2026-07-25 20:02:31 | INFO     | Saving at a/skeb/U_gros-b82833.json
2026-07-25 20:02:32 | WARNING  | 404 on https://skeb.jp/api/users/Akutabe_Aku (attempt 3/3)
2026-07-25 20:02:33 | INFO     | OK https://skeb.jp/api/users/yuusei_musi
2026-07-25 20:02:33 | INFO     | Saving at a/skeb/yuusei_musi-82a6eb.json
2026-07-25 20:02:34 | INFO     | OK https://skeb.jp/api/users/Nanaazarashi
2026-07-25 20:02:34 | INFO     | Saving at a/skeb/Nanaazarashi-1418d3.json
2026-07-25 20:02:35 | INFO     | OK https://skeb.jp/api/users/Ano_anoa
2026-07-25 20:02:35 | INFO     | Saving at a/skeb/Ano_anoa-fdad0b.json
2026-07-25 20:02:36 | INFO     | OK https://skeb.jp/api/users/siro_konnyaku
2026-07-25 20:02:36 | INFO     | Saving at a/skeb/siro_konnyaku-474053.json
2026-07-25 20:02:37 | INFO     | OK https://skeb.jp/api/users/mimimin1_YYY
2026-07-25 20:02:37 | INFO     | Saving at a/skeb/mimimin1_YYY-75c444.json
2026-07-25 20:02:38 | INFO     | OK https://skeb.jp/api/users/osawa_99
2026-07-25 20:02:38 | INFO     | Saving at a/skeb/osawa_99-7fcb71.json
2026-07-25 20:02:39 | INFO     | OK https://skeb.jp/api/users/mwtm_s
2026-07-25 20:02:39 | INFO     | Saving at a/skeb/mwtm_s-e43ad3.json
2026-07-25 20:02:40 | INFO     | OK https://skeb.jp/api/users/FATEORT32920410
2026-07-25 20:02:40 | INFO     | Saving at a/skeb/FATEORT32920410-9e5b01.json
2026-07-25 20:02:41 | INFO     | OK https://skeb.jp/api/users/ietaire
2026-07-25 20:02:41 | INFO     | Saving at a/skeb/ietaire-99b35b.json
2026-07-25 20:02:42 | INFO     | OK https://skeb.jp/api/users/13mm6
2026-07-25 20:02:42 | INFO     | Saving at a/skeb/13mm6-c3a431.json
2026-07-25 20:02:43 | INFO     | OK https://skeb.jp/api/users/Na_nya777
2026-07-25 20:02:43 | INFO     | Saving at a/skeb/Na_nya777-57d9bf.json
2026-07-25 20:02:44 | INFO     | OK https://skeb.jp/api/users/Tanaka_Yutti
2026-07-25 20:02:44 | INFO     | Saving at a/skeb/Tanaka_Yutti-089cba.json
2026-07-25 20:02:45 | WARNING  | 404 on https://skeb.jp/api/users/zcjbxws8 (attempt 1/3)
2026-07-25 20:02:46 | INFO     | OK https://skeb.jp/api/users/marimo_mini7
2026-07-25 20:02:46 | INFO     | Saving at a/skeb/marimo_mini7-0c62c8.json
2026-07-25 20:02:47 | INFO     | OK https://skeb.jp/api/users/24zinineyou
2026-07-25 20:02:47 | INFO     | Saving at a/skeb/24zinineyou-b525f4.json
2026-07-25 20:02:48 | INFO     | OK https://skeb.jp/api/users/neko_maru0000
2026-07-25 20:02:48 | INFO     | Saving at a/skeb/neko_maru0000-874a69.json
2026-07-25 20:02:49 | WARNING  | 404 on https://skeb.jp/api/users/zcjbxws8 (attempt 2/3)
2026-07-25 20:02:50 | INFO     | OK https://skeb.jp/api/users/takemi708
2026-07-25 20:02:50 | INFO     | Saving at a/skeb/takemi708-748128.json
2026-07-25 20:02:51 | INFO     | OK https://skeb.jp/api/users/HoRovina
2026-07-25 20:02:51 | INFO     | Saving at a/skeb/HoRovina-bf5b87.json
2026-07-25 20:02:52 | INFO     | OK https://skeb.jp/api/users/NENEON16
2026-07-25 20:02:52 | INFO     | Saving at a/skeb/NENEON16-5c9541.json
2026-07-25 20:02:53 | INFO     | OK https://skeb.jp/api/users/raiou_yuuki
2026-07-25 20:02:53 | INFO     | Saving at a/skeb/raiou_yuuki-d7ae92.json
2026-07-25 20:02:54 | WARNING  | 404 on https://skeb.jp/api/users/zcjbxws8 (attempt 3/3)
2026-07-25 20:02:55 | INFO     | OK https://skeb.jp/api/users/HoshizaKi_Y0_
2026-07-25 20:02:55 | INFO     | Saving at a/skeb/HoshizaKi_Y0_-a1fce5.json
2026-07-25 20:02:56 | INFO     | OK https://skeb.jp/api/users/Nicole1357000
2026-07-25 20:02:56 | INFO     | Saving at a/skeb/Nicole1357000-ad4e14.json
2026-07-25 20:02:57 | INFO     | OK https://skeb.jp/api/users/kamenR000
2026-07-25 20:02:57 | INFO     | Saving at a/skeb/kamenR000-47539a.json
2026-07-25 20:02:58 | INFO     | OK https://skeb.jp/api/users/motiuma3
2026-07-25 20:02:58 | INFO     | Saving at a/skeb/motiuma3-0a820f.json
2026-07-25 20:02:59 | INFO     | OK https://skeb.jp/api/users/hinahayase02
2026-07-25 20:02:59 | INFO     | Saving at a/skeb/hinahayase02-0f59ef.json
2026-07-25 20:03:00 | INFO     | OK https://skeb.jp/api/users/pMKhUSRq1L06bxW
2026-07-25 20:03:00 | INFO     | Saving at a/skeb/pMKhUSRq1L06bxW-902ba0.json
2026-07-25 20:03:01 | INFO     | OK https://skeb.jp/api/users/robota0808
2026-07-25 20:03:01 | INFO     | Saving at a/skeb/robota0808-de1c5b.json
2026-07-25 20:03:02 | INFO     | OK https://skeb.jp/api/users/higaragi0209
2026-07-25 20:03:02 | INFO     | Saving at a/skeb/higaragi0209-275969.json
2026-07-25 20:03:03 | INFO     | OK https://skeb.jp/api/users/modanahuro
2026-07-25 20:03:03 | INFO     | Saving at a/skeb/modanahuro-0884c2.json
2026-07-25 20:03:04 | INFO     | OK https://skeb.jp/api/users/tanuki_rotate
2026-07-25 20:03:04 | INFO     | Saving at a/skeb/tanuki_rotate-ec1c69.json
2026-07-25 20:03:05 | INFO     | OK https://skeb.jp/api/users/kalis_Julie
2026-07-25 20:03:05 | INFO     | Saving at a/skeb/kalis_Julie-8081a6.json
2026-07-25 20:03:06 | INFO     | OK https://skeb.jp/api/users/kanranseki0725
2026-07-25 20:03:06 | INFO     | Saving at a/skeb/kanranseki0725-12a55a.json
2026-07-25 20:03:07 | INFO     | OK https://skeb.jp/api/users/yanndere_daiso
2026-07-25 20:03:07 | INFO     | Saving at a/skeb/yanndere_daiso-ab01aa.json
2026-07-25 20:03:08 | INFO     | OK https://skeb.jp/api/users/tanu_yuzu
2026-07-25 20:03:08 | INFO     | Saving at a/skeb/tanu_yuzu-c633d3.json
2026-07-25 20:03:09 | INFO     | OK https://skeb.jp/api/users/hakurin72
2026-07-25 20:03:09 | INFO     | Saving at a/skeb/hakurin72-dc13e4.json
2026-07-25 20:03:10 | INFO     | OK https://skeb.jp/api/users/mizunatofu
2026-07-25 20:03:10 | INFO     | Saving at a/skeb/mizunatofu-591756.json
2026-07-25 20:03:11 | INFO     | OK https://skeb.jp/api/users/VRchansan
2026-07-25 20:03:11 | INFO     | Saving at a/skeb/VRchansan-98f9e3.json
2026-07-25 20:03:12 | INFO     | OK https://skeb.jp/api/users/Breakthrough_rr
2026-07-25 20:03:12 | INFO     | Saving at a/skeb/Breakthrough_rr-fc6947.json
2026-07-25 20:03:13 | INFO     | OK https://skeb.jp/api/users/s_a_y_o__
2026-07-25 20:03:13 | INFO     | Saving at a/skeb/s_a_y_o__-993f3f.json
2026-07-25 20:03:14 | INFO     | OK https://skeb.jp/api/users/ROBOmito
2026-07-25 20:03:14 | INFO     | Saving at a/skeb/ROBOmito-de2b30.json
2026-07-25 20:03:15 | INFO     | OK https://skeb.jp/api/users/tsukishiro0814
2026-07-25 20:03:15 | INFO     | Saving at a/skeb/tsukishiro0814-294cce.json
2026-07-25 20:03:16 | INFO     | OK https://skeb.jp/api/users/HakkiyaGo
2026-07-25 20:03:16 | INFO     | Saving at a/skeb/HakkiyaGo-08fac0.json
2026-07-25 20:03:17 | INFO     | OK https://skeb.jp/api/users/hato4242
2026-07-25 20:03:17 | INFO     | Saving at a/skeb/hato4242-aa9e57.json
2026-07-25 20:03:18 | INFO     | OK https://skeb.jp/api/users/NatuyaMiara
2026-07-25 20:03:18 | INFO     | Saving at a/skeb/NatuyaMiara-b8c7af.json
2026-07-25 20:03:19 | INFO     | OK https://skeb.jp/api/users/Specuevo
2026-07-25 20:03:19 | INFO     | Saving at a/skeb/Specuevo-26d092.json
2026-07-25 20:03:20 | INFO     | OK https://skeb.jp/api/users/Kamosawa_yoshi
2026-07-25 20:03:20 | INFO     | Saving at a/skeb/Kamosawa_yoshi-be80ed.json
2026-07-25 20:03:21 | INFO     | OK https://skeb.jp/api/users/nuuuuu00_xxx
2026-07-25 20:03:21 | INFO     | Saving at a/skeb/nuuuuu00_xxx-c8df8a.json
2026-07-25 20:03:22 | INFO     | OK https://skeb.jp/api/users/Nora__N_k22
2026-07-25 20:03:22 | INFO     | Saving at a/skeb/Nora__N_k22-b0eaaa.json
2026-07-25 20:03:23 | INFO     | OK https://skeb.jp/api/users/wanwa_fufu
2026-07-25 20:03:23 | INFO     | Saving at a/skeb/wanwa_fufu-8f3d11.json
2026-07-25 20:03:24 | INFO     | OK https://skeb.jp/api/users/Esto_0079
2026-07-25 20:03:24 | INFO     | Saving at a/skeb/Esto_0079-cdaf42.json
2026-07-25 20:03:25 | INFO     | OK https://skeb.jp/api/users/Sityuurice
2026-07-25 20:03:25 | INFO     | Saving at a/skeb/Sityuurice-069593.json
2026-07-25 20:03:26 | INFO     | OK https://skeb.jp/api/users/neruna_cake
2026-07-25 20:03:26 | INFO     | Saving at a/skeb/neruna_cake-ea225c.json
2026-07-25 20:03:27 | INFO     | OK https://skeb.jp/api/users/stella_yokuni
2026-07-25 20:03:27 | INFO     | Saving at a/skeb/stella_yokuni-0072fb.json
2026-07-25 20:03:28 | INFO     | OK https://skeb.jp/api/users/NORAjiyuuchou
2026-07-25 20:03:28 | INFO     | Saving at a/skeb/NORAjiyuuchou-8f5200.json
2026-07-25 20:03:29 | INFO     | OK https://skeb.jp/api/users/yu_arikui
2026-07-25 20:03:29 | INFO     | Saving at a/skeb/yu_arikui-b80d80.json
2026-07-25 20:03:30 | INFO     | OK https://skeb.jp/api/users/mutoha_A_24
2026-07-25 20:03:30 | INFO     | Saving at a/skeb/mutoha_A_24-9a4912.json
2026-07-25 20:03:31 | INFO     | OK https://skeb.jp/api/users/pener
2026-07-25 20:03:31 | INFO     | Saving at a/skeb/pener-ca91c9.json
2026-07-25 20:03:32 | INFO     | OK https://skeb.jp/api/users/hototogissss
2026-07-25 20:03:32 | INFO     | Saving at a/skeb/hototogissss-472373.json
2026-07-25 20:03:33 | INFO     | OK https://skeb.jp/api/users/v_1ne
2026-07-25 20:03:33 | INFO     | Saving at a/skeb/v_1ne-ca9cce.json
2026-07-25 20:03:34 | INFO     | OK https://skeb.jp/api/users/olto_rondo
2026-07-25 20:03:34 | INFO     | Saving at a/skeb/olto_rondo-9910e6.json
2026-07-25 20:03:35 | INFO     | OK https://skeb.jp/api/users/zyuroku2
2026-07-25 20:03:35 | INFO     | Saving at a/skeb/zyuroku2-612f94.json
2026-07-25 20:03:36 | INFO     | OK https://skeb.jp/api/users/Shiozakiotoko
2026-07-25 20:03:36 | INFO     | Saving at a/skeb/Shiozakiotoko-872e5a.json
2026-07-25 20:03:37 | INFO     | OK https://skeb.jp/api/users/yohi_blues
2026-07-25 20:03:37 | INFO     | Saving at a/skeb/yohi_blues-ae0a84.json
2026-07-25 20:03:38 | INFO     | OK https://skeb.jp/api/users/dorojidesu
2026-07-25 20:03:38 | INFO     | Saving at a/skeb/dorojidesu-7fcec0.json
2026-07-25 20:03:39 | INFO     | OK https://skeb.jp/api/users/aku_f198
2026-07-25 20:03:39 | INFO     | Saving at a/skeb/aku_f198-22c09d.json
2026-07-25 20:03:40 | INFO     | OK https://skeb.jp/api/users/Sut_msm
2026-07-25 20:03:40 | INFO     | Saving at a/skeb/Sut_msm-b95a74.json
2026-07-25 20:03:41 | INFO     | OK https://skeb.jp/api/users/omisoshirutan
2026-07-25 20:03:41 | INFO     | Saving at a/skeb/omisoshirutan-32ddcf.json
2026-07-25 20:03:42 | INFO     | OK https://skeb.jp/api/users/toad_3389
2026-07-25 20:03:42 | INFO     | Saving at a/skeb/toad_3389-c8917d.json
2026-07-25 20:03:43 | INFO     | OK https://skeb.jp/api/users/hashimio_c
2026-07-25 20:03:43 | INFO     | Saving at a/skeb/hashimio_c-42e56d.json
2026-07-25 20:03:44 | INFO     | OK https://skeb.jp/api/users/misora_sorairo
2026-07-25 20:03:44 | INFO     | Saving at a/skeb/misora_sorairo-99a4c8.json
2026-07-25 20:03:45 | INFO     | OK https://skeb.jp/api/users/sorane_kekekemo
2026-07-25 20:03:45 | INFO     | Saving at a/skeb/sorane_kekekemo-541115.json
2026-07-25 20:03:46 | INFO     | OK https://skeb.jp/api/users/kinatsu_min
2026-07-25 20:03:46 | INFO     | Saving at a/skeb/kinatsu_min-a2ae0e.json
2026-07-25 20:03:47 | INFO     | OK https://skeb.jp/api/users/mitumi_ci
2026-07-25 20:03:47 | INFO     | Saving at a/skeb/mitumi_ci-589ef3.json
2026-07-25 20:03:48 | INFO     | OK https://skeb.jp/api/users/kiri_0861
2026-07-25 20:03:48 | INFO     | Saving at a/skeb/kiri_0861-c8b449.json
2026-07-25 20:03:49 | INFO     | OK https://skeb.jp/api/users/jFOdc9v9_inari
2026-07-25 20:03:49 | INFO     | Saving at a/skeb/jFOdc9v9_inari-7488eb.json
2026-07-25 20:03:50 | INFO     | OK https://skeb.jp/api/users/Nano_monanga
2026-07-25 20:03:50 | INFO     | Saving at a/skeb/Nano_monanga-b42624.json
2026-07-25 20:03:51 | INFO     | OK https://skeb.jp/api/users/jknt_i5280
2026-07-25 20:03:51 | INFO     | Saving at a/skeb/jknt_i5280-87878e.json
2026-07-25 20:03:52 | INFO     | OK https://skeb.jp/api/users/m_toshinaga
2026-07-25 20:03:52 | INFO     | Saving at a/skeb/m_toshinaga-8527e8.json
2026-07-25 20:03:53 | INFO     | OK https://skeb.jp/api/users/kenseiyorimichi
2026-07-25 20:03:53 | INFO     | Saving at a/skeb/kenseiyorimichi-b2bb11.json
2026-07-25 20:03:54 | INFO     | OK https://skeb.jp/api/users/yukyug_UNIFER
2026-07-25 20:03:54 | INFO     | Saving at a/skeb/yukyug_UNIFER-3c9e53.json
2026-07-25 20:03:55 | INFO     | OK https://skeb.jp/api/users/Boke_nsb
2026-07-25 20:03:55 | INFO     | Saving at a/skeb/Boke_nsb-794778.json
2026-07-25 20:03:56 | WARNING  | 404 on https://skeb.jp/api/users/yusin (attempt 1/3)
2026-07-25 20:03:57 | INFO     | OK https://skeb.jp/api/users/subtle_dawn
2026-07-25 20:03:57 | INFO     | Saving at a/skeb/subtle_dawn-909b55.json
2026-07-25 20:03:58 | INFO     | OK https://skeb.jp/api/users/Shin000007777
2026-07-25 20:03:58 | INFO     | Saving at a/skeb/Shin000007777-10bf82.json
2026-07-25 20:03:59 | INFO     | OK https://skeb.jp/api/users/piyoko_noko
2026-07-25 20:03:59 | INFO     | Saving at a/skeb/piyoko_noko-3b9d66.json
2026-07-25 20:04:00 | INFO     | OK https://skeb.jp/api/users/yudofu33
2026-07-25 20:04:00 | INFO     | Saving at a/skeb/yudofu33-2097f1.json
2026-07-25 20:04:01 | INFO     | OK https://skeb.jp/api/users/maguro_kaga
2026-07-25 20:04:01 | INFO     | Saving at a/skeb/maguro_kaga-b1615d.json
2026-07-25 20:04:02 | INFO     | OK https://skeb.jp/api/users/ryaoprn
2026-07-25 20:04:02 | INFO     | Saving at a/skeb/ryaoprn-5c7697.json
2026-07-25 20:04:03 | INFO     | OK https://skeb.jp/api/users/matukazemattya
2026-07-25 20:04:03 | INFO     | Saving at a/skeb/matukazemattya-c7d98d.json
2026-07-25 20:04:04 | INFO     | OK https://skeb.jp/api/users/yuuu010742491
2026-07-25 20:04:04 | INFO     | Saving at a/skeb/yuuu010742491-d79bfd.json
2026-07-25 20:04:05 | INFO     | OK https://skeb.jp/api/users/mikaduki5
2026-07-25 20:04:05 | INFO     | Saving at a/skeb/mikaduki5-8e3791.json
2026-07-25 20:04:06 | INFO     | OK https://skeb.jp/api/users/koyomi_1017
2026-07-25 20:04:06 | INFO     | Saving at a/skeb/koyomi_1017-b67d88.json
2026-07-25 20:04:07 | INFO     | OK https://skeb.jp/api/users/Mjn_Ek
2026-07-25 20:04:07 | INFO     | Saving at a/skeb/Mjn_Ek-af8790.json
2026-07-25 20:04:08 | INFO     | OK https://skeb.jp/api/users/ozawa2792728641
2026-07-25 20:04:08 | INFO     | Saving at a/skeb/ozawa2792728641-5b84be.json
2026-07-25 20:04:09 | INFO     | OK https://skeb.jp/api/users/7i9ssill
2026-07-25 20:04:09 | INFO     | Saving at a/skeb/7i9ssill-c92c0c.json
2026-07-25 20:04:10 | INFO     | OK https://skeb.jp/api/users/rekka_uran
2026-07-25 20:04:10 | INFO     | Saving at a/skeb/rekka_uran-ff1884.json
2026-07-25 20:04:11 | INFO     | OK https://skeb.jp/api/users/kazakiri_form
2026-07-25 20:04:11 | INFO     | Saving at a/skeb/kazakiri_form-af52cc.json
2026-07-25 20:04:12 | WARNING  | 404 on https://skeb.jp/api/users/yusin (attempt 2/3)
2026-07-25 20:04:13 | INFO     | OK https://skeb.jp/api/users/kou768
2026-07-25 20:04:13 | INFO     | Saving at a/skeb/kou768-559574.json
2026-07-25 20:04:14 | INFO     | OK https://skeb.jp/api/users/_paoda
2026-07-25 20:04:14 | INFO     | Saving at a/skeb/_paoda-678804.json
2026-07-25 20:04:15 | INFO     | OK https://skeb.jp/api/users/surumeERO
2026-07-25 20:04:15 | INFO     | Saving at a/skeb/surumeERO-c470ea.json
2026-07-25 20:04:16 | INFO     | OK https://skeb.jp/api/users/dena3E
2026-07-25 20:04:16 | INFO     | Saving at a/skeb/dena3E-d63045.json
2026-07-25 20:04:17 | WARNING  | 404 on https://skeb.jp/api/users/yusin (attempt 3/3)
2026-07-25 20:04:18 | INFO     | OK https://skeb.jp/api/users/i6_166
2026-07-25 20:04:18 | INFO     | Saving at a/skeb/i6_166-a4aaee.json
2026-07-25 20:04:19 | INFO     | OK https://skeb.jp/api/users/ojisanno_tikubi
2026-07-25 20:04:19 | INFO     | Saving at a/skeb/ojisanno_tikubi-35fffe.json
2026-07-25 20:04:19 | INFO     |  --- SUMMARY REPORT --- 
  Sources Retreived    : 536
  Profiles Fetched     : 523
  Profile Missing      : 13
  Profile Rate Limited : 0
  Profile Error Others : 0

2026-07-25 20:04:19 | INFO     | Started creating static api data.
2026-07-25 20:06:53 | INFO     | Album index written to a/albums/index.json (387 albums)
