2026-07-01 15:08:57 | INFO     | Initialized Data Store.
2026-07-01 15:08:57 | INFO     | Homepage GET status=429 (attempt 1/3)
2026-07-01 15:08:57 | INFO     | Cookie extracted [request_key=...].
2026-07-01 15:08:57 | INFO     | SkebClient ready (impersonate=chrome120, rate=1.2/s, concurrency=10, max_runtime=4800s)
2026-07-01 15:09:59 | INFO     | Ready to scrape 129902 items
2026-07-01 15:10:02 | INFO     | OK https://skeb.jp/api/users/pikasannmegane
2026-07-01 15:10:02 | INFO     | Saving at a/skeb/pikasannmegane-c37ecc.json
2026-07-01 15:10:02 | INFO     | OK https://skeb.jp/api/users/nemutai_nero
2026-07-01 15:10:02 | INFO     | Saving at a/skeb/nemutai_nero-3d4880.json
2026-07-01 15:10:02 | INFO     | OK https://skeb.jp/api/users/usaki_15
2026-07-01 15:10:02 | INFO     | Saving at a/skeb/usaki_15-4adde0.json
2026-07-01 15:10:03 | INFO     | OK https://skeb.jp/api/users/aohoshi_non
2026-07-01 15:10:03 | INFO     | Saving at a/skeb/aohoshi_non-526051.json
2026-07-01 15:10:04 | INFO     | OK https://skeb.jp/api/users/kouseki88
2026-07-01 15:10:04 | INFO     | Saving at a/skeb/kouseki88-b8fba5.json
2026-07-01 15:10:05 | INFO     | OK https://skeb.jp/api/users/beanJamLatte
2026-07-01 15:10:05 | INFO     | Saving at a/skeb/beanJamLatte-2f9ce7.json
2026-07-01 15:10:06 | INFO     | OK https://skeb.jp/api/users/No_L1010
2026-07-01 15:10:06 | INFO     | Saving at a/skeb/No_L1010-43037b.json
2026-07-01 15:10:06 | INFO     | OK https://skeb.jp/api/users/K_coco_4
2026-07-01 15:10:06 | INFO     | Saving at a/skeb/K_coco_4-3f82c4.json
2026-07-01 15:10:07 | INFO     | OK https://skeb.jp/api/users/monitandayou
2026-07-01 15:10:07 | INFO     | Saving at a/skeb/monitandayou-ace6f1.json
2026-07-01 15:10:08 | INFO     | OK https://skeb.jp/api/users/midori89117353
2026-07-01 15:10:08 | INFO     | Saving at a/skeb/midori89117353-d7b438.json
2026-07-01 15:10:09 | INFO     | OK https://skeb.jp/api/users/n2mfh
2026-07-01 15:10:09 | INFO     | Saving at a/skeb/n2mfh-d6dc8d.json
2026-07-01 15:10:10 | INFO     | OK https://skeb.jp/api/users/no__mmi
2026-07-01 15:10:10 | INFO     | Saving at a/skeb/no__mmi-f9a857.json
2026-07-01 15:10:10 | INFO     | OK https://skeb.jp/api/users/mlpoppo
2026-07-01 15:10:10 | INFO     | Saving at a/skeb/mlpoppo-0042e8.json
2026-07-01 15:10:11 | INFO     | OK https://skeb.jp/api/users/SasaMisuke
2026-07-01 15:10:11 | INFO     | Saving at a/skeb/SasaMisuke-17cbc7.json
2026-07-01 15:10:12 | INFO     | OK https://skeb.jp/api/users/mo210956784
2026-07-01 15:10:12 | INFO     | Saving at a/skeb/mo210956784-3a04c8.json
2026-07-01 15:10:13 | INFO     | OK https://skeb.jp/api/users/dayflower_ao
2026-07-01 15:10:13 | INFO     | Saving at a/skeb/dayflower_ao-d8e45a.json
2026-07-01 15:10:13 | WARNING  | 404 on https://skeb.jp/api/users/amari_maw (attempt 1/3)
2026-07-01 15:10:14 | INFO     | OK https://skeb.jp/api/users/ponpun_poka
2026-07-01 15:10:14 | INFO     | Saving at a/skeb/ponpun_poka-7a6a77.json
2026-07-01 15:10:15 | INFO     | OK https://skeb.jp/api/users/Akine_Enotuki
2026-07-01 15:10:15 | INFO     | Saving at a/skeb/Akine_Enotuki-7fa8cf.json
2026-07-01 15:10:16 | INFO     | OK https://skeb.jp/api/users/sharknes_Head
2026-07-01 15:10:16 | INFO     | Saving at a/skeb/sharknes_Head-da9cb9.json
2026-07-01 15:10:17 | WARNING  | 404 on https://skeb.jp/api/users/amari_maw (attempt 2/3)
2026-07-01 15:10:18 | INFO     | OK https://skeb.jp/api/users/aoguro_1
2026-07-01 15:10:18 | INFO     | Saving at a/skeb/aoguro_1-b35760.json
2026-07-01 15:10:18 | INFO     | OK https://skeb.jp/api/users/ichimoka
2026-07-01 15:10:18 | INFO     | Saving at a/skeb/ichimoka-5f4a1f.json
2026-07-01 15:10:19 | INFO     | OK https://skeb.jp/api/users/shrimp_eater
2026-07-01 15:10:19 | INFO     | Saving at a/skeb/shrimp_eater-47fc04.json
2026-07-01 15:10:20 | INFO     | OK https://skeb.jp/api/users/miz126ki
2026-07-01 15:10:20 | INFO     | Saving at a/skeb/miz126ki-868b58.json
2026-07-01 15:10:21 | INFO     | OK https://skeb.jp/api/users/tumasaki_illust
2026-07-01 15:10:21 | INFO     | Saving at a/skeb/tumasaki_illust-6f9b67.json
2026-07-01 15:10:22 | INFO     | OK https://skeb.jp/api/users/mugihakumai
2026-07-01 15:10:22 | INFO     | Saving at a/skeb/mugihakumai-81d0d4.json
2026-07-01 15:10:22 | INFO     | OK https://skeb.jp/api/users/x_aka_b
2026-07-01 15:10:22 | INFO     | Saving at a/skeb/x_aka_b-b3fee9.json
2026-07-01 15:10:23 | INFO     | OK https://skeb.jp/api/users/gokinjo_nao
2026-07-01 15:10:23 | INFO     | Saving at a/skeb/gokinjo_nao-5d5fcb.json
2026-07-01 15:10:24 | INFO     | OK https://skeb.jp/api/users/kamomesan
2026-07-01 15:10:24 | INFO     | Saving at a/skeb/kamomesan-4d415c.json
2026-07-01 15:10:25 | INFO     | OK https://skeb.jp/api/users/omizuu0624
2026-07-01 15:10:25 | INFO     | Saving at a/skeb/omizuu0624-3ffc34.json
2026-07-01 15:10:26 | INFO     | OK https://skeb.jp/api/users/memegashira
2026-07-01 15:10:26 | INFO     | Saving at a/skeb/memegashira-447d6e.json
2026-07-01 15:10:26 | INFO     | OK https://skeb.jp/api/users/15Q10
2026-07-01 15:10:26 | INFO     | Saving at a/skeb/15Q10-78e7c2.json
2026-07-01 15:10:27 | INFO     | OK https://skeb.jp/api/users/sa_sa_01417
2026-07-01 15:10:27 | INFO     | Saving at a/skeb/sa_sa_01417-0daa04.json
2026-07-01 15:10:28 | INFO     | OK https://skeb.jp/api/users/_275tya
2026-07-01 15:10:28 | INFO     | Saving at a/skeb/_275tya-300e73.json
2026-07-01 15:10:29 | INFO     | OK https://skeb.jp/api/users/puku_ill
2026-07-01 15:10:29 | INFO     | Saving at a/skeb/puku_ill-cf6575.json
2026-07-01 15:10:30 | INFO     | OK https://skeb.jp/api/users/M_uscle
2026-07-01 15:10:30 | INFO     | Saving at a/skeb/M_uscle-3c25b6.json
2026-07-01 15:10:30 | INFO     | OK https://skeb.jp/api/users/HoShi_co2
2026-07-01 15:10:30 | INFO     | Saving at a/skeb/HoShi_co2-92859d.json
2026-07-01 15:10:31 | INFO     | OK https://skeb.jp/api/users/qfqf512
2026-07-01 15:10:31 | INFO     | Saving at a/skeb/qfqf512-129bbc.json
2026-07-01 15:10:32 | INFO     | OK https://skeb.jp/api/users/akoaosaki
2026-07-01 15:10:32 | INFO     | Saving at a/skeb/akoaosaki-ded442.json
2026-07-01 15:10:33 | INFO     | OK https://skeb.jp/api/users/hhhym4
2026-07-01 15:10:33 | INFO     | Saving at a/skeb/hhhym4-0a5693.json
2026-07-01 15:10:34 | INFO     | OK https://skeb.jp/api/users/kemusyuke
2026-07-01 15:10:34 | INFO     | Saving at a/skeb/kemusyuke-86bd8a.json
2026-07-01 15:10:34 | INFO     | OK https://skeb.jp/api/users/kzstst0150
2026-07-01 15:10:34 | INFO     | Saving at a/skeb/kzstst0150-98fcbc.json
2026-07-01 15:10:35 | INFO     | OK https://skeb.jp/api/users/mm_AK_44
2026-07-01 15:10:35 | INFO     | Saving at a/skeb/mm_AK_44-1f041c.json
2026-07-01 15:10:36 | INFO     | OK https://skeb.jp/api/users/mizushino_hyuga
2026-07-01 15:10:36 | INFO     | Saving at a/skeb/mizushino_hyuga-80a545.json
2026-07-01 15:10:37 | INFO     | OK https://skeb.jp/api/users/yo_draw
2026-07-01 15:10:37 | INFO     | Saving at a/skeb/yo_draw-1dea49.json
2026-07-01 15:10:38 | WARNING  | 404 on https://skeb.jp/api/users/amari_maw (attempt 3/3)
2026-07-01 15:10:38 | INFO     | Saving at a/skeb/amari_maw-bea8e7.json
2026-07-01 15:10:38 | INFO     | OK https://skeb.jp/api/users/evp90d
2026-07-01 15:10:38 | INFO     | Saving at a/skeb/evp90d-f614dc.json
2026-07-01 15:10:39 | INFO     | OK https://skeb.jp/api/users/Cacoi_irraI
2026-07-01 15:10:39 | INFO     | Saving at a/skeb/Cacoi_irraI-6f5483.json
2026-07-01 15:10:40 | INFO     | OK https://skeb.jp/api/users/tkchami
2026-07-01 15:10:40 | INFO     | Saving at a/skeb/tkchami-3aff84.json
2026-07-01 15:10:41 | INFO     | OK https://skeb.jp/api/users/Kei_Lori
2026-07-01 15:10:41 | INFO     | Saving at a/skeb/Kei_Lori-053f97.json
2026-07-01 15:10:42 | INFO     | OK https://skeb.jp/api/users/tkn_wtqi
2026-07-01 15:10:42 | INFO     | Saving at a/skeb/tkn_wtqi-f86649.json
2026-07-01 15:10:42 | INFO     | OK https://skeb.jp/api/users/saisenn0321
2026-07-01 15:10:42 | INFO     | Saving at a/skeb/saisenn0321-b54872.json
2026-07-01 15:10:43 | INFO     | OK https://skeb.jp/api/users/hasumaru03
2026-07-01 15:10:43 | INFO     | Saving at a/skeb/hasumaru03-eb6d97.json
2026-07-01 15:10:44 | INFO     | OK https://skeb.jp/api/users/da2CUhlGiz94140
2026-07-01 15:10:44 | INFO     | Saving at a/skeb/da2CUhlGiz94140-8dc84e.json
2026-07-01 15:10:45 | INFO     | OK https://skeb.jp/api/users/T4ehJk
2026-07-01 15:10:45 | INFO     | Saving at a/skeb/T4ehJk-fb545c.json
2026-07-01 15:10:46 | INFO     | OK https://skeb.jp/api/users/pahchimond
2026-07-01 15:10:46 | INFO     | Saving at a/skeb/pahchimond-410748.json
2026-07-01 15:10:46 | INFO     | OK https://skeb.jp/api/users/mosu22740939
2026-07-01 15:10:46 | INFO     | Saving at a/skeb/mosu22740939-399da9.json
2026-07-01 15:10:47 | INFO     | OK https://skeb.jp/api/users/china_anago
2026-07-01 15:10:47 | INFO     | Saving at a/skeb/china_anago-1d6ea8.json
2026-07-01 15:10:48 | INFO     | OK https://skeb.jp/api/users/NiceGirlsStick
2026-07-01 15:10:48 | INFO     | Saving at a/skeb/NiceGirlsStick-f3791b.json
2026-07-01 15:10:49 | INFO     | OK https://skeb.jp/api/users/ino_kevin
2026-07-01 15:10:49 | INFO     | Saving at a/skeb/ino_kevin-b89e2c.json
2026-07-01 15:10:50 | INFO     | OK https://skeb.jp/api/users/kiyoppy
2026-07-01 15:10:50 | INFO     | Saving at a/skeb/kiyoppy-8380d4.json
2026-07-01 15:10:50 | INFO     | OK https://skeb.jp/api/users/_itonoizumi
2026-07-01 15:10:50 | INFO     | Saving at a/skeb/_itonoizumi-506a28.json
2026-07-01 15:10:51 | INFO     | OK https://skeb.jp/api/users/Narse56111
2026-07-01 15:10:51 | INFO     | Saving at a/skeb/Narse56111-62b4af.json
2026-07-01 15:10:52 | INFO     | OK https://skeb.jp/api/users/tezP_1010
2026-07-01 15:10:52 | INFO     | Saving at a/skeb/tezP_1010-5a37ae.json
2026-07-01 15:10:53 | INFO     | OK https://skeb.jp/api/users/kanikamahouse
2026-07-01 15:10:53 | INFO     | Saving at a/skeb/kanikamahouse-386f5f.json
2026-07-01 15:10:54 | INFO     | OK https://skeb.jp/api/users/oksukww
2026-07-01 15:10:54 | INFO     | Saving at a/skeb/oksukww-48b7da.json
2026-07-01 15:10:54 | INFO     | OK https://skeb.jp/api/users/MsY4O
2026-07-01 15:10:54 | INFO     | Saving at a/skeb/MsY4O-c3c0c2.json
2026-07-01 15:10:55 | INFO     | OK https://skeb.jp/api/users/tadaefu_F
2026-07-01 15:10:55 | INFO     | Saving at a/skeb/tadaefu_F-a3a2c8.json
2026-07-01 15:10:56 | WARNING  | 404 on https://skeb.jp/api/users/616f79616d61 (attempt 1/3)
2026-07-01 15:10:57 | INFO     | OK https://skeb.jp/api/users/mofumofum624
2026-07-01 15:10:57 | INFO     | Saving at a/skeb/mofumofum624-7813ae.json
2026-07-01 15:10:58 | INFO     | OK https://skeb.jp/api/users/FUTAya_6
2026-07-01 15:10:58 | INFO     | Saving at a/skeb/FUTAya_6-aa7727.json
2026-07-01 15:10:58 | INFO     | OK https://skeb.jp/api/users/aimaimy_
2026-07-01 15:10:58 | INFO     | Saving at a/skeb/aimaimy_-e95526.json
2026-07-01 15:10:59 | INFO     | OK https://skeb.jp/api/users/maretol
2026-07-01 15:10:59 | INFO     | Saving at a/skeb/maretol-001258.json
2026-07-01 15:11:00 | INFO     | OK https://skeb.jp/api/users/otamasunday88
2026-07-01 15:11:00 | INFO     | Saving at a/skeb/otamasunday88-d651cb.json
2026-07-01 15:11:01 | INFO     | OK https://skeb.jp/api/users/firstsatyam
2026-07-01 15:11:01 | INFO     | Saving at a/skeb/firstsatyam-1d9366.json
2026-07-01 15:11:02 | INFO     | OK https://skeb.jp/api/users/underdatv
2026-07-01 15:11:02 | INFO     | Saving at a/skeb/underdatv-1c36ea.json
2026-07-01 15:11:03 | INFO     | OK https://skeb.jp/api/users/Diezditz
2026-07-01 15:11:03 | INFO     | Saving at a/skeb/Diezditz-0571a9.json
2026-07-01 15:11:03 | INFO     | OK https://skeb.jp/api/users/slime_and_girls
2026-07-01 15:11:03 | INFO     | Saving at a/skeb/slime_and_girls-c1410e.json
2026-07-01 15:11:04 | INFO     | OK https://skeb.jp/api/users/omchee_
2026-07-01 15:11:04 | INFO     | Saving at a/skeb/omchee_-d4c3a1.json
2026-07-01 15:11:05 | INFO     | OK https://skeb.jp/api/users/Pinion_p
2026-07-01 15:11:05 | INFO     | Saving at a/skeb/Pinion_p-5e482d.json
2026-07-01 15:11:06 | INFO     | OK https://skeb.jp/api/users/kur0tank
2026-07-01 15:11:06 | INFO     | Saving at a/skeb/kur0tank-cdd490.json
2026-07-01 15:11:07 | WARNING  | 404 on https://skeb.jp/api/users/616f79616d61 (attempt 2/3)
2026-07-01 15:11:07 | INFO     | OK https://skeb.jp/api/users/moromari_illust
2026-07-01 15:11:07 | INFO     | Saving at a/skeb/moromari_illust-e85a09.json
2026-07-01 15:11:08 | INFO     | OK https://skeb.jp/api/users/melgrad31
2026-07-01 15:11:08 | INFO     | Saving at a/skeb/melgrad31-b68831.json
2026-07-01 15:11:09 | INFO     | OK https://skeb.jp/api/users/tigekon
2026-07-01 15:11:09 | INFO     | Saving at a/skeb/tigekon-71ffee.json
2026-07-01 15:11:10 | INFO     | OK https://skeb.jp/api/users/quesera_5392
2026-07-01 15:11:10 | INFO     | Saving at a/skeb/quesera_5392-4445b6.json
2026-07-01 15:11:10 | INFO     | OK https://skeb.jp/api/users/kuro96ya
2026-07-01 15:11:10 | INFO     | Saving at a/skeb/kuro96ya-b371f2.json
2026-07-01 15:11:11 | INFO     | OK https://skeb.jp/api/users/Ishim0tonaoya
2026-07-01 15:11:11 | INFO     | Saving at a/skeb/Ishim0tonaoya-da6f45.json
2026-07-01 15:11:12 | INFO     | OK https://skeb.jp/api/users/suihanki216
2026-07-01 15:11:12 | INFO     | Saving at a/skeb/suihanki216-e29f29.json
2026-07-01 15:11:13 | INFO     | OK https://skeb.jp/api/users/Nabatake_U
2026-07-01 15:11:13 | INFO     | Saving at a/skeb/Nabatake_U-b16b95.json
2026-07-01 15:11:14 | INFO     | OK https://skeb.jp/api/users/__dr0p
2026-07-01 15:11:14 | INFO     | Saving at a/skeb/__dr0p-d61316.json
2026-07-01 15:11:15 | INFO     | OK https://skeb.jp/api/users/haruto_RLSC
2026-07-01 15:11:15 | INFO     | Saving at a/skeb/haruto_RLSC-0f5162.json
2026-07-01 15:11:15 | INFO     | OK https://skeb.jp/api/users/ranfptn
2026-07-01 15:11:15 | INFO     | Saving at a/skeb/ranfptn-71acfd.json
2026-07-01 15:11:16 | WARNING  | 404 on https://skeb.jp/api/users/riyto_nekoda (attempt 1/3)
2026-07-01 15:11:17 | INFO     | OK https://skeb.jp/api/users/KISSYNOE
2026-07-01 15:11:17 | INFO     | Saving at a/skeb/KISSYNOE-bb451d.json
2026-07-01 15:11:18 | INFO     | OK https://skeb.jp/api/users/haru_pakapaka
2026-07-01 15:11:18 | INFO     | Saving at a/skeb/haru_pakapaka-e69305.json
2026-07-01 15:11:18 | INFO     | OK https://skeb.jp/api/users/cain_lk
2026-07-01 15:11:18 | INFO     | Saving at a/skeb/cain_lk-3cf8ea.json
2026-07-01 15:11:19 | INFO     | OK https://skeb.jp/api/users/sajo_su5
2026-07-01 15:11:19 | INFO     | Saving at a/skeb/sajo_su5-20852c.json
2026-07-01 15:11:20 | INFO     | OK https://skeb.jp/api/users/MatchaNear
2026-07-01 15:11:20 | INFO     | Saving at a/skeb/MatchaNear-5a6e2a.json
2026-07-01 15:11:21 | INFO     | OK https://skeb.jp/api/users/huwahuwaom
2026-07-01 15:11:21 | INFO     | Saving at a/skeb/huwahuwaom-57bad5.json
2026-07-01 15:11:22 | INFO     | OK https://skeb.jp/api/users/numa0117
2026-07-01 15:11:22 | INFO     | Saving at a/skeb/numa0117-fa9cca.json
2026-07-01 15:11:22 | INFO     | OK https://skeb.jp/api/users/rinedon
2026-07-01 15:11:22 | INFO     | Saving at a/skeb/rinedon-f4a807.json
2026-07-01 15:11:23 | WARNING  | 404 on https://skeb.jp/api/users/riyto_nekoda (attempt 2/3)
2026-07-01 15:11:24 | WARNING  | 404 on https://skeb.jp/api/users/616f79616d61 (attempt 3/3)
2026-07-01 15:11:24 | INFO     | Saving at a/skeb/616f79616d61-5f44e0.json
2026-07-01 15:11:25 | INFO     | OK https://skeb.jp/api/users/taniai_0016
2026-07-01 15:11:25 | INFO     | Saving at a/skeb/taniai_0016-2a42d5.json
2026-07-01 15:11:26 | INFO     | OK https://skeb.jp/api/users/SUMiKAWA8v
2026-07-01 15:11:26 | INFO     | Saving at a/skeb/SUMiKAWA8v-b669a3.json
2026-07-01 15:11:26 | INFO     | OK https://skeb.jp/api/users/goebi471
2026-07-01 15:11:26 | INFO     | Saving at a/skeb/goebi471-bcbf16.json
2026-07-01 15:11:27 | INFO     | OK https://skeb.jp/api/users/kuronekotsuki7
2026-07-01 15:11:27 | INFO     | Saving at a/skeb/kuronekotsuki7-17d108.json
2026-07-01 15:11:28 | INFO     | OK https://skeb.jp/api/users/__DielsAlder__
2026-07-01 15:11:28 | INFO     | Saving at a/skeb/__DielsAlder__-f3a8b2.json
2026-07-01 15:11:29 | INFO     | OK https://skeb.jp/api/users/moko_rira
2026-07-01 15:11:29 | INFO     | Saving at a/skeb/moko_rira-67893a.json
2026-07-01 15:11:30 | WARNING  | 404 on https://skeb.jp/api/users/riyto_nekoda (attempt 3/3)
2026-07-01 15:11:30 | INFO     | Saving at a/skeb/riyto_nekoda-d74217.json
2026-07-01 15:11:30 | INFO     | OK https://skeb.jp/api/users/erumina44
2026-07-01 15:11:30 | INFO     | Saving at a/skeb/erumina44-4b2a78.json
2026-07-01 15:11:31 | INFO     | OK https://skeb.jp/api/users/marudoll
2026-07-01 15:11:31 | INFO     | Saving at a/skeb/marudoll-29b236.json
2026-07-01 15:11:32 | INFO     | OK https://skeb.jp/api/users/LLIy3ilY4t
2026-07-01 15:11:32 | INFO     | Saving at a/skeb/LLIy3ilY4t-873a6f.json
2026-07-01 15:11:33 | INFO     | OK https://skeb.jp/api/users/yusi_7essen
2026-07-01 15:11:33 | INFO     | Saving at a/skeb/yusi_7essen-ce7ef0.json
2026-07-01 15:11:34 | INFO     | OK https://skeb.jp/api/users/YOU_0614_
2026-07-01 15:11:34 | INFO     | Saving at a/skeb/YOU_0614_-95630c.json
2026-07-01 15:11:34 | WARNING  | 404 on https://skeb.jp/api/users/1_10_LIVE_80_20 (attempt 1/3)
2026-07-01 15:11:35 | INFO     | OK https://skeb.jp/api/users/komsan0818
2026-07-01 15:11:35 | INFO     | Saving at a/skeb/komsan0818-c75620.json
2026-07-01 15:11:36 | INFO     | OK https://skeb.jp/api/users/NakajimaUssay
2026-07-01 15:11:36 | INFO     | Saving at a/skeb/NakajimaUssay-2c566d.json
2026-07-01 15:11:37 | INFO     | OK https://skeb.jp/api/users/qty4x
2026-07-01 15:11:37 | INFO     | Saving at a/skeb/qty4x-c2b63f.json
2026-07-01 15:11:38 | INFO     | OK https://skeb.jp/api/users/GioDowny
2026-07-01 15:11:38 | INFO     | Saving at a/skeb/GioDowny-0661c5.json
2026-07-01 15:11:38 | INFO     | OK https://skeb.jp/api/users/Muto_enunu
2026-07-01 15:11:38 | INFO     | Saving at a/skeb/Muto_enunu-6caac5.json
2026-07-01 15:11:39 | INFO     | OK https://skeb.jp/api/users/sadouakasi
2026-07-01 15:11:39 | INFO     | Saving at a/skeb/sadouakasi-d9429a.json
2026-07-01 15:11:40 | INFO     | OK https://skeb.jp/api/users/ikasyuumai
2026-07-01 15:11:40 | INFO     | Saving at a/skeb/ikasyuumai-7955dd.json
2026-07-01 15:11:41 | INFO     | OK https://skeb.jp/api/users/chirara_0000
2026-07-01 15:11:41 | INFO     | Saving at a/skeb/chirara_0000-2c3f27.json
2026-07-01 15:11:42 | INFO     | OK https://skeb.jp/api/users/c138_cleargreen
2026-07-01 15:11:42 | INFO     | Saving at a/skeb/c138_cleargreen-aa65b2.json
2026-07-01 15:11:42 | INFO     | OK https://skeb.jp/api/users/sakaNanato
2026-07-01 15:11:42 | INFO     | Saving at a/skeb/sakaNanato-97b7f6.json
2026-07-01 15:11:43 | INFO     | OK https://skeb.jp/api/users/manekimori
2026-07-01 15:11:43 | INFO     | Saving at a/skeb/manekimori-3bc4f9.json
2026-07-01 15:11:44 | INFO     | OK https://skeb.jp/api/users/kabapinias_
2026-07-01 15:11:44 | INFO     | Saving at a/skeb/kabapinias_-2c520b.json
2026-07-01 15:11:45 | INFO     | OK https://skeb.jp/api/users/sigure_yyk
2026-07-01 15:11:45 | INFO     | Saving at a/skeb/sigure_yyk-152a22.json
2026-07-01 15:11:46 | INFO     | OK https://skeb.jp/api/users/morosukee
2026-07-01 15:11:46 | INFO     | Saving at a/skeb/morosukee-b9901f.json
2026-07-01 15:11:46 | INFO     | OK https://skeb.jp/api/users/nindenndesu
2026-07-01 15:11:46 | INFO     | Saving at a/skeb/nindenndesu-5ca4da.json
2026-07-01 15:11:47 | INFO     | OK https://skeb.jp/api/users/aru_hino1020
2026-07-01 15:11:47 | INFO     | Saving at a/skeb/aru_hino1020-46e2b1.json
2026-07-01 15:11:48 | INFO     | OK https://skeb.jp/api/users/fvr33017
2026-07-01 15:11:48 | INFO     | Saving at a/skeb/fvr33017-2dda21.json
2026-07-01 15:11:49 | INFO     | OK https://skeb.jp/api/users/sakisaka297
2026-07-01 15:11:49 | INFO     | Saving at a/skeb/sakisaka297-95a605.json
2026-07-01 15:11:50 | INFO     | OK https://skeb.jp/api/users/nire7th
2026-07-01 15:11:50 | INFO     | Saving at a/skeb/nire7th-8ad119.json
2026-07-01 15:11:50 | INFO     | OK https://skeb.jp/api/users/W96Hb
2026-07-01 15:11:50 | INFO     | Saving at a/skeb/W96Hb-cd7f8a.json
2026-07-01 15:11:51 | INFO     | OK https://skeb.jp/api/users/bbbammmi
2026-07-01 15:11:51 | INFO     | Saving at a/skeb/bbbammmi-da650e.json
2026-07-01 15:11:52 | WARNING  | 404 on https://skeb.jp/api/users/1_10_LIVE_80_20 (attempt 2/3)
2026-07-01 15:11:53 | INFO     | OK https://skeb.jp/api/users/yana12700
2026-07-01 15:11:53 | INFO     | Saving at a/skeb/yana12700-8d23df.json
2026-07-01 15:11:54 | INFO     | OK https://skeb.jp/api/users/usasuzu22
2026-07-01 15:11:54 | INFO     | Saving at a/skeb/usasuzu22-f2e122.json
2026-07-01 15:11:54 | INFO     | OK https://skeb.jp/api/users/MikumoYuma
2026-07-01 15:11:54 | INFO     | Saving at a/skeb/MikumoYuma-83ea4a.json
2026-07-01 15:11:55 | INFO     | OK https://skeb.jp/api/users/87398o9514
2026-07-01 15:11:55 | INFO     | Saving at a/skeb/87398o9514-b3f9b0.json
2026-07-01 15:11:56 | INFO     | OK https://skeb.jp/api/users/sasimi_tqbetai
2026-07-01 15:11:56 | INFO     | Saving at a/skeb/sasimi_tqbetai-72a8b0.json
2026-07-01 15:11:57 | INFO     | OK https://skeb.jp/api/users/popopiyon_
2026-07-01 15:11:57 | INFO     | Saving at a/skeb/popopiyon_-d63ae5.json
2026-07-01 15:11:58 | WARNING  | 404 on https://skeb.jp/api/users/1_10_LIVE_80_20 (attempt 3/3)
2026-07-01 15:11:58 | INFO     | Saving at a/skeb/1_10_LIVE_80_20-535673.json
2026-07-01 15:11:58 | INFO     | OK https://skeb.jp/api/users/Cosumoamirai
2026-07-01 15:11:58 | INFO     | Saving at a/skeb/Cosumoamirai-7e6056.json
2026-07-01 15:11:59 | INFO     | OK https://skeb.jp/api/users/NAITO_gambo
2026-07-01 15:11:59 | INFO     | Saving at a/skeb/NAITO_gambo-b653fd.json
2026-07-01 15:12:00 | INFO     | OK https://skeb.jp/api/users/rojunu11
2026-07-01 15:12:00 | INFO     | Saving at a/skeb/rojunu11-e30aaf.json
2026-07-01 15:12:01 | WARNING  | 404 on https://skeb.jp/api/users/Ryuna_mint (attempt 1/3)
2026-07-01 15:12:02 | INFO     | OK https://skeb.jp/api/users/yugayugami
2026-07-01 15:12:02 | INFO     | Saving at a/skeb/yugayugami-35270c.json
2026-07-01 15:12:02 | INFO     | OK https://skeb.jp/api/users/hosikuzu_0063A7
2026-07-01 15:12:02 | INFO     | Saving at a/skeb/hosikuzu_0063A7-4886ae.json
2026-07-01 15:12:03 | INFO     | OK https://skeb.jp/api/users/noshigamin
2026-07-01 15:12:03 | INFO     | Saving at a/skeb/noshigamin-03bb66.json
2026-07-01 15:12:04 | INFO     | OK https://skeb.jp/api/users/YDKYPM
2026-07-01 15:12:04 | INFO     | Saving at a/skeb/YDKYPM-9c93d3.json
2026-07-01 15:12:05 | INFO     | OK https://skeb.jp/api/users/ramimo_san
2026-07-01 15:12:05 | INFO     | Saving at a/skeb/ramimo_san-5bd860.json
2026-07-01 15:12:06 | INFO     | OK https://skeb.jp/api/users/m_waltz_c
2026-07-01 15:12:06 | INFO     | Saving at a/skeb/m_waltz_c-8c40f9.json
2026-07-01 15:12:06 | INFO     | OK https://skeb.jp/api/users/yoyo_skeb
2026-07-01 15:12:06 | INFO     | Saving at a/skeb/yoyo_skeb-4318c8.json
2026-07-01 15:12:07 | INFO     | OK https://skeb.jp/api/users/Okashiftb9
2026-07-01 15:12:07 | INFO     | Saving at a/skeb/Okashiftb9-9d1511.json
2026-07-01 15:12:08 | INFO     | OK https://skeb.jp/api/users/axyu
2026-07-01 15:12:08 | INFO     | Saving at a/skeb/axyu-dcbd08.json
2026-07-01 15:12:10 | INFO     | OK https://skeb.jp/api/users/siosioP777
2026-07-01 15:12:10 | INFO     | Saving at a/skeb/siosioP777-d83c90.json
2026-07-01 15:12:10 | INFO     | OK https://skeb.jp/api/users/4tsuba_kuma
2026-07-01 15:12:10 | INFO     | Saving at a/skeb/4tsuba_kuma-cc0fe7.json
2026-07-01 15:12:10 | INFO     | OK https://skeb.jp/api/users/yasotin
2026-07-01 15:12:10 | INFO     | Saving at a/skeb/yasotin-50058a.json
2026-07-01 15:12:11 | INFO     | OK https://skeb.jp/api/users/mitsumine323
2026-07-01 15:12:11 | INFO     | Saving at a/skeb/mitsumine323-900d1d.json
2026-07-01 15:12:12 | INFO     | OK https://skeb.jp/api/users/hoooo0n
2026-07-01 15:12:12 | INFO     | Saving at a/skeb/hoooo0n-8728ed.json
2026-07-01 15:12:13 | WARNING  | 404 on https://skeb.jp/api/users/Ryuna_mint (attempt 2/3)
2026-07-01 15:12:14 | INFO     | OK https://skeb.jp/api/users/0325Azusa
2026-07-01 15:12:14 | INFO     | Saving at a/skeb/0325Azusa-f251f5.json
2026-07-01 15:12:14 | INFO     | OK https://skeb.jp/api/users/pimagoma
2026-07-01 15:12:14 | INFO     | Saving at a/skeb/pimagoma-f3933e.json
2026-07-01 15:12:15 | INFO     | OK https://skeb.jp/api/users/sbrr_inzm
2026-07-01 15:12:15 | INFO     | Saving at a/skeb/sbrr_inzm-1e4c1e.json
2026-07-01 15:12:16 | INFO     | OK https://skeb.jp/api/users/star_ium
2026-07-01 15:12:16 | INFO     | Saving at a/skeb/star_ium-93fbb6.json
2026-07-01 15:12:17 | INFO     | OK https://skeb.jp/api/users/tokucho2
2026-07-01 15:12:17 | INFO     | Saving at a/skeb/tokucho2-c60895.json
2026-07-01 15:12:18 | INFO     | OK https://skeb.jp/api/users/mueorange
2026-07-01 15:12:18 | INFO     | Saving at a/skeb/mueorange-93b149.json
2026-07-01 15:12:18 | INFO     | OK https://skeb.jp/api/users/runichanman
2026-07-01 15:12:18 | INFO     | Saving at a/skeb/runichanman-e37404.json
2026-07-01 15:12:19 | WARNING  | 404 on https://skeb.jp/api/users/Ryuna_mint (attempt 3/3)
2026-07-01 15:12:19 | INFO     | Saving at a/skeb/Ryuna_mint-0147d2.json
2026-07-01 15:12:20 | INFO     | OK https://skeb.jp/api/users/TobariVeil
2026-07-01 15:12:20 | INFO     | Saving at a/skeb/TobariVeil-19cd82.json
2026-07-01 15:12:21 | INFO     | OK https://skeb.jp/api/users/BeiSenno
2026-07-01 15:12:21 | INFO     | Saving at a/skeb/BeiSenno-7ca23f.json
2026-07-01 15:12:22 | INFO     | OK https://skeb.jp/api/users/tukiwani
2026-07-01 15:12:22 | INFO     | Saving at a/skeb/tukiwani-59eac5.json
2026-07-01 15:12:22 | INFO     | OK https://skeb.jp/api/users/Togirogi
2026-07-01 15:12:22 | INFO     | Saving at a/skeb/Togirogi-f2eb97.json
2026-07-01 15:12:23 | INFO     | OK https://skeb.jp/api/users/sc_hazzz
2026-07-01 15:12:23 | INFO     | Saving at a/skeb/sc_hazzz-10e1cc.json
2026-07-01 15:12:24 | INFO     | OK https://skeb.jp/api/users/REY_drawing
2026-07-01 15:12:24 | INFO     | Saving at a/skeb/REY_drawing-f80896.json
2026-07-01 15:12:25 | INFO     | OK https://skeb.jp/api/users/miyabi_589
2026-07-01 15:12:25 | INFO     | Saving at a/skeb/miyabi_589-d18e36.json
2026-07-01 15:12:26 | INFO     | OK https://skeb.jp/api/users/c5_cola
2026-07-01 15:12:26 | INFO     | Saving at a/skeb/c5_cola-b34594.json
2026-07-01 15:12:26 | INFO     | OK https://skeb.jp/api/users/shinozuki0517
2026-07-01 15:12:26 | INFO     | Saving at a/skeb/shinozuki0517-7bd4b9.json
2026-07-01 15:12:27 | INFO     | OK https://skeb.jp/api/users/8__ta_e
2026-07-01 15:12:27 | INFO     | Saving at a/skeb/8__ta_e-6d2228.json
2026-07-01 15:12:28 | INFO     | OK https://skeb.jp/api/users/maguro_388
2026-07-01 15:12:28 | INFO     | Saving at a/skeb/maguro_388-5fa86f.json
2026-07-01 15:12:29 | INFO     | OK https://skeb.jp/api/users/sushi_destroyer
2026-07-01 15:12:29 | INFO     | Saving at a/skeb/sushi_destroyer-c8ca88.json
2026-07-01 15:12:30 | INFO     | OK https://skeb.jp/api/users/bumo090
2026-07-01 15:12:30 | INFO     | Saving at a/skeb/bumo090-97e0c3.json
2026-07-01 15:12:30 | INFO     | OK https://skeb.jp/api/users/Queensalmon221
2026-07-01 15:12:30 | INFO     | Saving at a/skeb/Queensalmon221-7d65f0.json
2026-07-01 15:12:31 | INFO     | OK https://skeb.jp/api/users/wakemeup100
2026-07-01 15:12:31 | INFO     | Saving at a/skeb/wakemeup100-bf4904.json
2026-07-01 15:12:32 | INFO     | OK https://skeb.jp/api/users/shuu_u33
2026-07-01 15:12:32 | INFO     | Saving at a/skeb/shuu_u33-18625a.json
2026-07-01 15:12:33 | INFO     | OK https://skeb.jp/api/users/oerynD
2026-07-01 15:12:33 | INFO     | Saving at a/skeb/oerynD-080218.json
2026-07-01 15:12:34 | INFO     | OK https://skeb.jp/api/users/minato_Mark2
2026-07-01 15:12:34 | INFO     | Saving at a/skeb/minato_Mark2-3b6b72.json
2026-07-01 15:12:35 | INFO     | OK https://skeb.jp/api/users/MimiArt0411
2026-07-01 15:12:35 | INFO     | Saving at a/skeb/MimiArt0411-a42c58.json
2026-07-01 15:12:35 | INFO     | OK https://skeb.jp/api/users/oOV_aqua
2026-07-01 15:12:35 | INFO     | Saving at a/skeb/oOV_aqua-6f542c.json
2026-07-01 15:12:36 | INFO     | OK https://skeb.jp/api/users/bouillust9166
2026-07-01 15:12:36 | INFO     | Saving at a/skeb/bouillust9166-45ddde.json
2026-07-01 15:12:37 | INFO     | OK https://skeb.jp/api/users/A_KiNo2
2026-07-01 15:12:37 | INFO     | Saving at a/skeb/A_KiNo2-cfd248.json
2026-07-01 15:12:38 | INFO     | OK https://skeb.jp/api/users/MKB_56
2026-07-01 15:12:38 | INFO     | Saving at a/skeb/MKB_56-d4d255.json
2026-07-01 15:12:39 | INFO     | OK https://skeb.jp/api/users/ppa_me_
2026-07-01 15:12:39 | INFO     | Saving at a/skeb/ppa_me_-02ed63.json
2026-07-01 15:12:39 | INFO     | OK https://skeb.jp/api/users/OishiSouji
2026-07-01 15:12:39 | INFO     | Saving at a/skeb/OishiSouji-cfe6a2.json
2026-07-01 15:12:40 | INFO     | OK https://skeb.jp/api/users/CAYJHDS3iV72Qgr
2026-07-01 15:12:40 | INFO     | Saving at a/skeb/CAYJHDS3iV72Qgr-e15d44.json
2026-07-01 15:12:41 | INFO     | OK https://skeb.jp/api/users/ne_mui0611
2026-07-01 15:12:41 | INFO     | Saving at a/skeb/ne_mui0611-5680c3.json
2026-07-01 15:12:42 | INFO     | OK https://skeb.jp/api/users/Sa_mo_ri_
2026-07-01 15:12:42 | INFO     | Saving at a/skeb/Sa_mo_ri_-d1d8ff.json
2026-07-01 15:12:42 | INFO     | OK https://skeb.jp/api/users/Kuro3_neko
2026-07-01 15:12:42 | INFO     | Saving at a/skeb/Kuro3_neko-13c324.json
2026-07-01 15:12:43 | INFO     | OK https://skeb.jp/api/users/mezzogiorn0
2026-07-01 15:12:43 | INFO     | Saving at a/skeb/mezzogiorn0-3164cb.json
2026-07-01 15:12:44 | INFO     | OK https://skeb.jp/api/users/pukichan39
2026-07-01 15:12:44 | INFO     | Saving at a/skeb/pukichan39-2262c9.json
2026-07-01 15:12:45 | INFO     | OK https://skeb.jp/api/users/5_symphony_5
2026-07-01 15:12:45 | INFO     | Saving at a/skeb/5_symphony_5-65b3b6.json
2026-07-01 15:12:46 | INFO     | OK https://skeb.jp/api/users/StrawberryPlut
2026-07-01 15:12:46 | INFO     | Saving at a/skeb/StrawberryPlut-c208c0.json
2026-07-01 15:12:46 | INFO     | OK https://skeb.jp/api/users/suzushiro_yu
2026-07-01 15:12:46 | INFO     | Saving at a/skeb/suzushiro_yu-6a4c1a.json
2026-07-01 15:12:47 | INFO     | OK https://skeb.jp/api/users/Cara0306
2026-07-01 15:12:47 | INFO     | Saving at a/skeb/Cara0306-d46026.json
2026-07-01 15:12:48 | INFO     | OK https://skeb.jp/api/users/_uo_cg
2026-07-01 15:12:48 | INFO     | Saving at a/skeb/_uo_cg-33daa6.json
2026-07-01 15:12:49 | INFO     | OK https://skeb.jp/api/users/sy4may0
2026-07-01 15:12:49 | INFO     | Saving at a/skeb/sy4may0-88243a.json
2026-07-01 15:12:50 | INFO     | OK https://skeb.jp/api/users/1333Siki
2026-07-01 15:12:50 | INFO     | Saving at a/skeb/1333Siki-70a514.json
2026-07-01 15:12:50 | INFO     | OK https://skeb.jp/api/users/137nasu
2026-07-01 15:12:50 | INFO     | Saving at a/skeb/137nasu-8e322a.json
2026-07-01 15:12:51 | INFO     | OK https://skeb.jp/api/users/ougikiyosi
2026-07-01 15:12:51 | INFO     | Saving at a/skeb/ougikiyosi-203cc6.json
2026-07-01 15:12:52 | INFO     | OK https://skeb.jp/api/users/torinikuyo
2026-07-01 15:12:52 | INFO     | Saving at a/skeb/torinikuyo-bb0ef9.json
2026-07-01 15:12:53 | INFO     | OK https://skeb.jp/api/users/op1010qo
2026-07-01 15:12:53 | INFO     | Saving at a/skeb/op1010qo-c01704.json
2026-07-01 15:12:54 | INFO     | OK https://skeb.jp/api/users/WIm3GY6jEgX4rUl
2026-07-01 15:12:54 | INFO     | Saving at a/skeb/WIm3GY6jEgX4rUl-d6e8cd.json
2026-07-01 15:12:54 | INFO     | OK https://skeb.jp/api/users/sr_vrc
2026-07-01 15:12:54 | INFO     | Saving at a/skeb/sr_vrc-5f309f.json
2026-07-01 15:12:55 | INFO     | OK https://skeb.jp/api/users/tengaibana_rin
2026-07-01 15:12:55 | INFO     | Saving at a/skeb/tengaibana_rin-85a2ad.json
2026-07-01 15:12:56 | INFO     | OK https://skeb.jp/api/users/gJFMelpAbEPhMtL
2026-07-01 15:12:56 | INFO     | Saving at a/skeb/gJFMelpAbEPhMtL-dc9b4c.json
2026-07-01 15:12:57 | INFO     | OK https://skeb.jp/api/users/seguchi_shion_
2026-07-01 15:12:57 | INFO     | Saving at a/skeb/seguchi_shion_-76fb31.json
2026-07-01 15:12:58 | INFO     | OK https://skeb.jp/api/users/myouchinoouchi
2026-07-01 15:12:58 | INFO     | Saving at a/skeb/myouchinoouchi-4ce6fc.json
2026-07-01 15:12:58 | INFO     | OK https://skeb.jp/api/users/akagi2110
2026-07-01 15:12:58 | INFO     | Saving at a/skeb/akagi2110-c19458.json
2026-07-01 15:12:59 | INFO     | OK https://skeb.jp/api/users/JohnnyM020555
2026-07-01 15:12:59 | INFO     | Saving at a/skeb/JohnnyM020555-2260a4.json
2026-07-01 15:13:00 | INFO     | OK https://skeb.jp/api/users/fruit_fulful
2026-07-01 15:13:00 | INFO     | Saving at a/skeb/fruit_fulful-dedb5d.json
2026-07-01 15:13:01 | INFO     | OK https://skeb.jp/api/users/3sat01
2026-07-01 15:13:01 | INFO     | Saving at a/skeb/3sat01-5d8501.json
2026-07-01 15:13:02 | INFO     | OK https://skeb.jp/api/users/yoshisato3310
2026-07-01 15:13:02 | INFO     | Saving at a/skeb/yoshisato3310-ceaf93.json
2026-07-01 15:13:02 | INFO     | OK https://skeb.jp/api/users/akubieokaku
2026-07-01 15:13:02 | INFO     | Saving at a/skeb/akubieokaku-a5601d.json
2026-07-01 15:13:03 | INFO     | OK https://skeb.jp/api/users/A_Nxability
2026-07-01 15:13:03 | INFO     | Saving at a/skeb/A_Nxability-770f15.json
2026-07-01 15:13:04 | INFO     | OK https://skeb.jp/api/users/itsuka_3955
2026-07-01 15:13:04 | INFO     | Saving at a/skeb/itsuka_3955-029acb.json
2026-07-01 15:13:05 | INFO     | OK https://skeb.jp/api/users/sekkikun_0901
2026-07-01 15:13:05 | INFO     | Saving at a/skeb/sekkikun_0901-92e0ee.json
2026-07-01 15:13:06 | INFO     | OK https://skeb.jp/api/users/Jemone26
2026-07-01 15:13:06 | INFO     | Saving at a/skeb/Jemone26-22586f.json
2026-07-01 15:13:06 | INFO     | OK https://skeb.jp/api/users/q___uxu___p
2026-07-01 15:13:06 | INFO     | Saving at a/skeb/q___uxu___p-e4887b.json
2026-07-01 15:13:07 | INFO     | OK https://skeb.jp/api/users/Hatsuakarin
2026-07-01 15:13:07 | INFO     | Saving at a/skeb/Hatsuakarin-058d15.json
2026-07-01 15:13:08 | INFO     | OK https://skeb.jp/api/users/willtomourn
2026-07-01 15:13:08 | INFO     | Saving at a/skeb/willtomourn-3d13d7.json
2026-07-01 15:13:09 | INFO     | OK https://skeb.jp/api/users/_hani_u
2026-07-01 15:13:09 | INFO     | Saving at a/skeb/_hani_u-bd07ef.json
2026-07-01 15:13:10 | INFO     | OK https://skeb.jp/api/users/inuwomakimaki
2026-07-01 15:13:10 | INFO     | Saving at a/skeb/inuwomakimaki-cf4f56.json
2026-07-01 15:13:10 | INFO     | OK https://skeb.jp/api/users/Futsu_nomal
2026-07-01 15:13:10 | INFO     | Saving at a/skeb/Futsu_nomal-2ef666.json
2026-07-01 15:13:11 | INFO     | OK https://skeb.jp/api/users/shime_ji_4
2026-07-01 15:13:11 | INFO     | Saving at a/skeb/shime_ji_4-21f87c.json
2026-07-01 15:13:12 | INFO     | OK https://skeb.jp/api/users/zousan1114
2026-07-01 15:13:12 | INFO     | Saving at a/skeb/zousan1114-1b765e.json
2026-07-01 15:13:13 | INFO     | OK https://skeb.jp/api/users/bochiAtelier
2026-07-01 15:13:13 | INFO     | Saving at a/skeb/bochiAtelier-0556a6.json
2026-07-01 15:13:14 | INFO     | OK https://skeb.jp/api/users/fuyu_osm
2026-07-01 15:13:14 | INFO     | Saving at a/skeb/fuyu_osm-87dbac.json
2026-07-01 15:13:14 | INFO     | OK https://skeb.jp/api/users/Takeshi_kemo
2026-07-01 15:13:14 | INFO     | Saving at a/skeb/Takeshi_kemo-7b9a06.json
2026-07-01 15:13:15 | INFO     | OK https://skeb.jp/api/users/Happousai78
2026-07-01 15:13:15 | INFO     | Saving at a/skeb/Happousai78-f75cda.json
2026-07-01 15:13:16 | WARNING  | 404 on https://skeb.jp/api/users/luni (attempt 1/3)
2026-07-01 15:13:17 | INFO     | OK https://skeb.jp/api/users/suzutaka_44ki
2026-07-01 15:13:17 | INFO     | Saving at a/skeb/suzutaka_44ki-9221f4.json
2026-07-01 15:13:18 | INFO     | OK https://skeb.jp/api/users/neko404345
2026-07-01 15:13:18 | INFO     | Saving at a/skeb/neko404345-64ddb6.json
2026-07-01 15:13:18 | INFO     | OK https://skeb.jp/api/users/pi__006
2026-07-01 15:13:18 | INFO     | Saving at a/skeb/pi__006-bf1d16.json
2026-07-01 15:13:19 | INFO     | OK https://skeb.jp/api/users/imo__ss
2026-07-01 15:13:19 | INFO     | Saving at a/skeb/imo__ss-ed6919.json
2026-07-01 15:13:20 | INFO     | OK https://skeb.jp/api/users/Gwine_55
2026-07-01 15:13:20 | INFO     | Saving at a/skeb/Gwine_55-b850b3.json
2026-07-01 15:13:21 | INFO     | OK https://skeb.jp/api/users/SAKANOUENOSAKAI
2026-07-01 15:13:21 | INFO     | Saving at a/skeb/SAKANOUENOSAKAI-445a34.json
2026-07-01 15:13:22 | INFO     | OK https://skeb.jp/api/users/nubako__
2026-07-01 15:13:22 | INFO     | Saving at a/skeb/nubako__-65b591.json
2026-07-01 15:13:22 | INFO     | OK https://skeb.jp/api/users/9G7sLJNIh5eWTOy
2026-07-01 15:13:22 | INFO     | Saving at a/skeb/9G7sLJNIh5eWTOy-af1f1e.json
2026-07-01 15:13:23 | INFO     | OK https://skeb.jp/api/users/mau_obaminboo
2026-07-01 15:13:23 | INFO     | Saving at a/skeb/mau_obaminboo-0f0f47.json
2026-07-01 15:13:24 | INFO     | OK https://skeb.jp/api/users/imuran_5757
2026-07-01 15:13:24 | INFO     | Saving at a/skeb/imuran_5757-56a64e.json
2026-07-01 15:13:25 | WARNING  | 404 on https://skeb.jp/api/users/luni (attempt 2/3)
2026-07-01 15:13:26 | INFO     | OK https://skeb.jp/api/users/mama_bosei
2026-07-01 15:13:26 | INFO     | Saving at a/skeb/mama_bosei-644362.json
2026-07-01 15:13:26 | INFO     | OK https://skeb.jp/api/users/kiyu_t
2026-07-01 15:13:26 | INFO     | Saving at a/skeb/kiyu_t-15eb0e.json
2026-07-01 15:13:27 | INFO     | OK https://skeb.jp/api/users/soyksb__1529p
2026-07-01 15:13:27 | INFO     | Saving at a/skeb/soyksb__1529p-3c7d75.json
2026-07-01 15:13:28 | INFO     | OK https://skeb.jp/api/users/kurupann_oekaki
2026-07-01 15:13:28 | INFO     | Saving at a/skeb/kurupann_oekaki-f727b2.json
2026-07-01 15:13:29 | INFO     | OK https://skeb.jp/api/users/96su_ss
2026-07-01 15:13:29 | INFO     | Saving at a/skeb/96su_ss-67fa2e.json
2026-07-01 15:13:30 | INFO     | OK https://skeb.jp/api/users/nemimimimimi
2026-07-01 15:13:30 | INFO     | Saving at a/skeb/nemimimimimi-e235c9.json
2026-07-01 15:13:31 | WARNING  | 404 on https://skeb.jp/api/users/luni (attempt 3/3)
2026-07-01 15:13:31 | INFO     | Saving at a/skeb/luni-428d7d.json
2026-07-01 15:13:31 | INFO     | OK https://skeb.jp/api/users/CyberGentleMk3
2026-07-01 15:13:31 | INFO     | Saving at a/skeb/CyberGentleMk3-6e4717.json
2026-07-01 15:13:32 | INFO     | OK https://skeb.jp/api/users/p87z_
2026-07-01 15:13:32 | INFO     | Saving at a/skeb/p87z_-93901a.json
2026-07-01 15:13:33 | INFO     | OK https://skeb.jp/api/users/mercuryneet
2026-07-01 15:13:33 | INFO     | Saving at a/skeb/mercuryneet-8f7d13.json
2026-07-01 15:13:34 | INFO     | OK https://skeb.jp/api/users/daelriibres
2026-07-01 15:13:34 | INFO     | Saving at a/skeb/daelriibres-960a2c.json
2026-07-01 15:13:34 | INFO     | OK https://skeb.jp/api/users/zayuuuuuchan
2026-07-01 15:13:34 | INFO     | Saving at a/skeb/zayuuuuuchan-192bf4.json
2026-07-01 15:13:35 | INFO     | OK https://skeb.jp/api/users/Ikenie_NSFW
2026-07-01 15:13:35 | INFO     | Saving at a/skeb/Ikenie_NSFW-c37bdc.json
2026-07-01 15:13:36 | INFO     | OK https://skeb.jp/api/users/ho4_not
2026-07-01 15:13:36 | INFO     | Saving at a/skeb/ho4_not-248e64.json
2026-07-01 15:13:37 | INFO     | OK https://skeb.jp/api/users/0k_azy0
2026-07-01 15:13:37 | INFO     | Saving at a/skeb/0k_azy0-879137.json
2026-07-01 15:13:38 | INFO     | OK https://skeb.jp/api/users/tanuki_ekaki
2026-07-01 15:13:38 | INFO     | Saving at a/skeb/tanuki_ekaki-9bb562.json
2026-07-01 15:13:38 | INFO     | OK https://skeb.jp/api/users/gack02729
2026-07-01 15:13:38 | INFO     | Saving at a/skeb/gack02729-39f824.json
2026-07-01 15:13:39 | INFO     | OK https://skeb.jp/api/users/mintooisiiiii
2026-07-01 15:13:39 | INFO     | Saving at a/skeb/mintooisiiiii-fb2b02.json
2026-07-01 15:13:40 | INFO     | OK https://skeb.jp/api/users/_shamoa_
2026-07-01 15:13:40 | INFO     | Saving at a/skeb/_shamoa_-f2b51e.json
2026-07-01 15:13:41 | INFO     | OK https://skeb.jp/api/users/zibanntinnka
2026-07-01 15:13:41 | INFO     | Saving at a/skeb/zibanntinnka-26617d.json
2026-07-01 15:13:42 | INFO     | OK https://skeb.jp/api/users/nnmr_aya
2026-07-01 15:13:42 | INFO     | Saving at a/skeb/nnmr_aya-d38004.json
2026-07-01 15:13:42 | INFO     | OK https://skeb.jp/api/users/mirikan17
2026-07-01 15:13:42 | INFO     | Saving at a/skeb/mirikan17-7c8326.json
2026-07-01 15:13:43 | INFO     | OK https://skeb.jp/api/users/Leef1111
2026-07-01 15:13:43 | INFO     | Saving at a/skeb/Leef1111-dfbb27.json
2026-07-01 15:13:44 | INFO     | OK https://skeb.jp/api/users/ursbt_124
2026-07-01 15:13:44 | INFO     | Saving at a/skeb/ursbt_124-771933.json
2026-07-01 15:13:45 | INFO     | OK https://skeb.jp/api/users/gobouseito
2026-07-01 15:13:45 | INFO     | Saving at a/skeb/gobouseito-6bf875.json
2026-07-01 15:13:46 | INFO     | OK https://skeb.jp/api/users/Tie_Eater
2026-07-01 15:13:46 | INFO     | Saving at a/skeb/Tie_Eater-5f8020.json
2026-07-01 15:13:46 | INFO     | OK https://skeb.jp/api/users/Toru_504
2026-07-01 15:13:46 | INFO     | Saving at a/skeb/Toru_504-6b0509.json
2026-07-01 15:13:47 | INFO     | OK https://skeb.jp/api/users/yanaabdeuleht
2026-07-01 15:13:47 | INFO     | Saving at a/skeb/yanaabdeuleht-8057ee.json
2026-07-01 15:13:48 | INFO     | OK https://skeb.jp/api/users/amenagiv
2026-07-01 15:13:48 | INFO     | Saving at a/skeb/amenagiv-f807be.json
2026-07-01 15:13:49 | INFO     | OK https://skeb.jp/api/users/Uta_Himeko
2026-07-01 15:13:49 | INFO     | Saving at a/skeb/Uta_Himeko-91ae3c.json
2026-07-01 15:13:50 | INFO     | OK https://skeb.jp/api/users/Otoha
2026-07-01 15:13:50 | INFO     | Saving at a/skeb/Otoha-1319c5.json
2026-07-01 15:13:50 | INFO     | OK https://skeb.jp/api/users/hanayama_sousui
2026-07-01 15:13:50 | INFO     | Saving at a/skeb/hanayama_sousui-3c8945.json
2026-07-01 15:13:51 | INFO     | OK https://skeb.jp/api/users/LaGa___
2026-07-01 15:13:51 | INFO     | Saving at a/skeb/LaGa___-50ab6b.json
2026-07-01 15:13:52 | INFO     | OK https://skeb.jp/api/users/mktandonya
2026-07-01 15:13:52 | INFO     | Saving at a/skeb/mktandonya-ce3964.json
2026-07-01 15:13:53 | INFO     | OK https://skeb.jp/api/users/kuro_shinobin2
2026-07-01 15:13:53 | INFO     | Saving at a/skeb/kuro_shinobin2-b0a729.json
2026-07-01 15:13:54 | INFO     | OK https://skeb.jp/api/users/kohakky_n_zwei
2026-07-01 15:13:54 | INFO     | Saving at a/skeb/kohakky_n_zwei-33b947.json
2026-07-01 15:13:54 | INFO     | OK https://skeb.jp/api/users/me57yu
2026-07-01 15:13:54 | INFO     | Saving at a/skeb/me57yu-cbbe82.json
2026-07-01 15:13:55 | INFO     | OK https://skeb.jp/api/users/pichinki_
2026-07-01 15:13:55 | INFO     | Saving at a/skeb/pichinki_-242bd7.json
2026-07-01 15:13:56 | INFO     | OK https://skeb.jp/api/users/cho_0213
2026-07-01 15:13:56 | INFO     | Saving at a/skeb/cho_0213-cd2515.json
2026-07-01 15:13:57 | INFO     | OK https://skeb.jp/api/users/re_8m
2026-07-01 15:13:57 | INFO     | Saving at a/skeb/re_8m-5346be.json
2026-07-01 15:13:58 | INFO     | OK https://skeb.jp/api/users/pomkichi26
2026-07-01 15:13:58 | INFO     | Saving at a/skeb/pomkichi26-2b794f.json
2026-07-01 15:13:58 | INFO     | OK https://skeb.jp/api/users/okeke_koikoi
2026-07-01 15:13:58 | INFO     | Saving at a/skeb/okeke_koikoi-abd2e3.json
2026-07-01 15:13:59 | INFO     | OK https://skeb.jp/api/users/sorashiro404
2026-07-01 15:13:59 | INFO     | Saving at a/skeb/sorashiro404-abc089.json
2026-07-01 15:14:00 | INFO     | OK https://skeb.jp/api/users/mikiri_ina
2026-07-01 15:14:00 | INFO     | Saving at a/skeb/mikiri_ina-1f446a.json
2026-07-01 15:14:01 | INFO     | OK https://skeb.jp/api/users/lllSakuboulll
2026-07-01 15:14:01 | INFO     | Saving at a/skeb/lllSakuboulll-9b11e9.json
2026-07-01 15:14:02 | INFO     | OK https://skeb.jp/api/users/mkzk_0428
2026-07-01 15:14:02 | INFO     | Saving at a/skeb/mkzk_0428-dace1f.json
2026-07-01 15:14:02 | INFO     | OK https://skeb.jp/api/users/sateiro_tr
2026-07-01 15:14:02 | INFO     | Saving at a/skeb/sateiro_tr-508236.json
2026-07-01 15:14:03 | INFO     | OK https://skeb.jp/api/users/Koimacha
2026-07-01 15:14:03 | INFO     | Saving at a/skeb/Koimacha-e02ec9.json
2026-07-01 15:14:04 | INFO     | OK https://skeb.jp/api/users/KLjp1A
2026-07-01 15:14:04 | INFO     | Saving at a/skeb/KLjp1A-572be4.json
2026-07-01 15:14:05 | INFO     | OK https://skeb.jp/api/users/mini_haneco
2026-07-01 15:14:05 | INFO     | Saving at a/skeb/mini_haneco-cc4f54.json
2026-07-01 15:14:06 | INFO     | OK https://skeb.jp/api/users/pami_sushirush
2026-07-01 15:14:06 | INFO     | Saving at a/skeb/pami_sushirush-d362e5.json
2026-07-01 15:14:06 | INFO     | OK https://skeb.jp/api/users/Gaiya05
2026-07-01 15:14:06 | INFO     | Saving at a/skeb/Gaiya05-10e203.json
2026-07-01 15:14:07 | INFO     | OK https://skeb.jp/api/users/I_wonder
2026-07-01 15:14:07 | INFO     | Saving at a/skeb/I_wonder-2f96a1.json
2026-07-01 15:14:08 | INFO     | OK https://skeb.jp/api/users/dennojiu
2026-07-01 15:14:08 | INFO     | Saving at a/skeb/dennojiu-0312fa.json
2026-07-01 15:14:09 | INFO     | OK https://skeb.jp/api/users/DazzleXRE
2026-07-01 15:14:09 | INFO     | Saving at a/skeb/DazzleXRE-b2ddb0.json
2026-07-01 15:14:10 | INFO     | OK https://skeb.jp/api/users/Torutorutatoru
2026-07-01 15:14:10 | INFO     | Saving at a/skeb/Torutorutatoru-24a700.json
2026-07-01 15:14:10 | INFO     | OK https://skeb.jp/api/users/adeliae_liae
2026-07-01 15:14:10 | INFO     | Saving at a/skeb/adeliae_liae-e10780.json
2026-07-01 15:14:11 | INFO     | OK https://skeb.jp/api/users/K6V5z
2026-07-01 15:14:11 | INFO     | Saving at a/skeb/K6V5z-96bab3.json
2026-07-01 15:14:12 | INFO     | OK https://skeb.jp/api/users/chatoracat_love
2026-07-01 15:14:12 | INFO     | Saving at a/skeb/chatoracat_love-10fb2f.json
2026-07-01 15:14:13 | INFO     | OK https://skeb.jp/api/users/yuureidesu
2026-07-01 15:14:13 | INFO     | Saving at a/skeb/yuureidesu-f69198.json
2026-07-01 15:14:14 | INFO     | OK https://skeb.jp/api/users/mippiii33
2026-07-01 15:14:14 | INFO     | Saving at a/skeb/mippiii33-18bdac.json
2026-07-01 15:14:14 | INFO     | OK https://skeb.jp/api/users/sora_illust_
2026-07-01 15:14:14 | INFO     | Saving at a/skeb/sora_illust_-812416.json
2026-07-01 15:14:15 | INFO     | OK https://skeb.jp/api/users/sample_nnnnnn
2026-07-01 15:14:15 | INFO     | Saving at a/skeb/sample_nnnnnn-731b72.json
2026-07-01 15:14:16 | INFO     | OK https://skeb.jp/api/users/payano_rj
2026-07-01 15:14:16 | INFO     | Saving at a/skeb/payano_rj-3f3047.json
2026-07-01 15:14:17 | INFO     | OK https://skeb.jp/api/users/himanekoyade
2026-07-01 15:14:17 | INFO     | Saving at a/skeb/himanekoyade-1753fd.json
2026-07-01 15:14:18 | INFO     | OK https://skeb.jp/api/users/aca___my
2026-07-01 15:14:18 | INFO     | Saving at a/skeb/aca___my-02d338.json
2026-07-01 15:14:18 | INFO     | OK https://skeb.jp/api/users/minausaaa
2026-07-01 15:14:18 | INFO     | Saving at a/skeb/minausaaa-f78f46.json
2026-07-01 15:14:19 | INFO     | OK https://skeb.jp/api/users/neco_ny0
2026-07-01 15:14:19 | INFO     | Saving at a/skeb/neco_ny0-c676fb.json
2026-07-01 15:14:20 | INFO     | OK https://skeb.jp/api/users/riri_renntori
2026-07-01 15:14:20 | INFO     | Saving at a/skeb/riri_renntori-0ae64a.json
2026-07-01 15:14:21 | INFO     | OK https://skeb.jp/api/users/syalm
2026-07-01 15:14:21 | INFO     | Saving at a/skeb/syalm-896c6a.json
2026-07-01 15:14:22 | INFO     | OK https://skeb.jp/api/users/AnohinoMikan
2026-07-01 15:14:22 | INFO     | Saving at a/skeb/AnohinoMikan-ec1e8d.json
2026-07-01 15:14:22 | INFO     | OK https://skeb.jp/api/users/huwa_huwahuhuwa
2026-07-01 15:14:22 | INFO     | Saving at a/skeb/huwa_huwahuhuwa-a9532b.json
2026-07-01 15:14:23 | INFO     | OK https://skeb.jp/api/users/5tanVC
2026-07-01 15:14:23 | INFO     | Saving at a/skeb/5tanVC-57b6f8.json
2026-07-01 15:14:24 | INFO     | OK https://skeb.jp/api/users/tuyu12155
2026-07-01 15:14:24 | INFO     | Saving at a/skeb/tuyu12155-35249e.json
2026-07-01 15:14:25 | INFO     | OK https://skeb.jp/api/users/chiruwo3
2026-07-01 15:14:25 | INFO     | Saving at a/skeb/chiruwo3-03cf2e.json
2026-07-01 15:14:26 | INFO     | OK https://skeb.jp/api/users/HAL9000
2026-07-01 15:14:26 | INFO     | Saving at a/skeb/HAL9000-2c9e51.json
2026-07-01 15:14:26 | INFO     | OK https://skeb.jp/api/users/tomatoze_
2026-07-01 15:14:26 | INFO     | Saving at a/skeb/tomatoze_-8f686a.json
2026-07-01 15:14:28 | INFO     | OK https://skeb.jp/api/users/ka_doku
2026-07-01 15:14:28 | INFO     | Saving at a/skeb/ka_doku-3676fd.json
2026-07-01 15:14:28 | INFO     | OK https://skeb.jp/api/users/MIKOTO_R18_1
2026-07-01 15:14:28 | INFO     | Saving at a/skeb/MIKOTO_R18_1-128369.json
2026-07-01 15:14:29 | WARNING  | 404 on https://skeb.jp/api/users/__merno (attempt 1/3)
2026-07-01 15:14:30 | INFO     | OK https://skeb.jp/api/users/roiroi_ro
2026-07-01 15:14:30 | INFO     | Saving at a/skeb/roiroi_ro-9afd20.json
2026-07-01 15:14:30 | INFO     | OK https://skeb.jp/api/users/him_himaa
2026-07-01 15:14:30 | INFO     | Saving at a/skeb/him_himaa-0fd492.json
2026-07-01 15:14:31 | INFO     | OK https://skeb.jp/api/users/spramapsr
2026-07-01 15:14:31 | INFO     | Saving at a/skeb/spramapsr-a26e53.json
2026-07-01 15:14:32 | INFO     | OK https://skeb.jp/api/users/BuleCat168
2026-07-01 15:14:32 | INFO     | Saving at a/skeb/BuleCat168-11dfb5.json
2026-07-01 15:14:33 | INFO     | OK https://skeb.jp/api/users/kilokhilioi
2026-07-01 15:14:33 | INFO     | Saving at a/skeb/kilokhilioi-6ec3f7.json
2026-07-01 15:14:33 | INFO     | OK https://skeb.jp/api/users/48Vrc95818
2026-07-01 15:14:33 | INFO     | Saving at a/skeb/48Vrc95818-3ce6fa.json
2026-07-01 15:14:34 | INFO     | OK https://skeb.jp/api/users/sd89ju
2026-07-01 15:14:34 | INFO     | Saving at a/skeb/sd89ju-4688b4.json
2026-07-01 15:14:35 | INFO     | OK https://skeb.jp/api/users/clxvuy
2026-07-01 15:14:35 | INFO     | Saving at a/skeb/clxvuy-ea17e0.json
2026-07-01 15:14:36 | INFO     | OK https://skeb.jp/api/users/sonodaousei
2026-07-01 15:14:36 | INFO     | Saving at a/skeb/sonodaousei-b8d302.json
2026-07-01 15:14:37 | INFO     | OK https://skeb.jp/api/users/akasidaoo
2026-07-01 15:14:37 | INFO     | Saving at a/skeb/akasidaoo-6cc51d.json
2026-07-01 15:14:38 | INFO     | OK https://skeb.jp/api/users/tottoko_toe
2026-07-01 15:14:38 | INFO     | Saving at a/skeb/tottoko_toe-d8323e.json
2026-07-01 15:14:38 | INFO     | OK https://skeb.jp/api/users/Nanashio_o774
2026-07-01 15:14:38 | INFO     | Saving at a/skeb/Nanashio_o774-eaec9e.json
2026-07-01 15:14:39 | WARNING  | 404 on https://skeb.jp/api/users/__merno (attempt 2/3)
2026-07-01 15:14:40 | INFO     | OK https://skeb.jp/api/users/yukimidayo_n
2026-07-01 15:14:40 | INFO     | Saving at a/skeb/yukimidayo_n-49d23e.json
2026-07-01 15:14:41 | WARNING  | 429 on https://skeb.jp/api/users/wiz_madoushi (attempt 1/3, rate=0.6/s)
2026-07-01 15:14:41 | INFO     | Backing off 2.0s before retry.
2026-07-01 15:14:47 | WARNING  | 429 on https://skeb.jp/api/users/tubakurame1010 (attempt 1/3, rate=0.3/s)
2026-07-01 15:14:47 | INFO     | Backing off 1.9s before retry.
2026-07-01 15:14:57 | WARNING  | 429 on https://skeb.jp/api/users/Edamamepan0000 (attempt 1/3, rate=0.3/s)
2026-07-01 15:14:57 | INFO     | Backing off 2.3s before retry.
2026-07-01 15:15:07 | WARNING  | 429 on https://skeb.jp/api/users/XnIyfpYpzf (attempt 1/3, rate=0.3/s)
2026-07-01 15:15:07 | INFO     | Backing off 1.9s before retry.
2026-07-01 15:15:17 | WARNING  | 429 on https://skeb.jp/api/users/tubakurame1010 (attempt 2/3, rate=0.3/s)
2026-07-01 15:15:17 | INFO     | Backing off 3.2s before retry.
2026-07-01 15:15:27 | WARNING  | 429 on https://skeb.jp/api/users/g03974734 (attempt 1/3, rate=0.3/s)
2026-07-01 15:15:27 | INFO     | Backing off 2.4s before retry.
2026-07-01 15:15:37 | WARNING  | 429 on https://skeb.jp/api/users/ChimakiZuzu (attempt 1/3, rate=0.3/s)
2026-07-01 15:15:37 | INFO     | Backing off 1.9s before retry.
2026-07-01 15:15:47 | WARNING  | 429 on https://skeb.jp/api/users/tubakurame1010 (attempt 3/3, rate=0.3/s)
2026-07-01 15:15:57 | WARNING  | 429 on https://skeb.jp/api/users/__merno (attempt 3/3, rate=0.3/s)
2026-07-01 15:16:07 | WARNING  | 429 on https://skeb.jp/api/users/Himawari01411 (attempt 1/3, rate=0.3/s)
2026-07-01 15:16:07 | INFO     | Backing off 2.2s before retry.
2026-07-01 15:16:17 | WARNING  | 429 on https://skeb.jp/api/users/XnIyfpYpzf (attempt 2/3, rate=0.3/s)
2026-07-01 15:16:17 | INFO     | Backing off 3.4s before retry.
2026-07-01 15:16:27 | WARNING  | 429 on https://skeb.jp/api/users/Edamamepan0000 (attempt 2/3, rate=0.3/s)
2026-07-01 15:16:27 | INFO     | Backing off 3.5s before retry.
2026-07-01 15:16:37 | WARNING  | 429 on https://skeb.jp/api/users/7V20139 (attempt 1/3, rate=0.3/s)
2026-07-01 15:16:37 | INFO     | Backing off 2.3s before retry.
2026-07-01 15:16:47 | WARNING  | 429 on https://skeb.jp/api/users/e_nani_nanigoto (attempt 1/3, rate=0.3/s)
2026-07-01 15:16:47 | INFO     | Backing off 2.2s before retry.
2026-07-01 15:16:57 | WARNING  | 429 on https://skeb.jp/api/users/g03974734 (attempt 2/3, rate=0.3/s)
2026-07-01 15:16:57 | INFO     | Backing off 3.4s before retry.
2026-07-01 15:17:07 | WARNING  | 429 on https://skeb.jp/api/users/ebikr_ch (attempt 1/3, rate=0.3/s)
2026-07-01 15:17:07 | INFO     | Backing off 1.6s before retry.
2026-07-01 15:17:17 | WARNING  | 429 on https://skeb.jp/api/users/ChimakiZuzu (attempt 2/3, rate=0.3/s)
2026-07-01 15:17:17 | INFO     | Backing off 3.8s before retry.
2026-07-01 15:17:27 | WARNING  | 429 on https://skeb.jp/api/users/g03974734 (attempt 3/3, rate=0.3/s)
2026-07-01 15:17:37 | WARNING  | 429 on https://skeb.jp/api/users/yawaitota (attempt 1/3, rate=0.3/s)
2026-07-01 15:17:37 | INFO     | Backing off 2.0s before retry.
2026-07-01 15:17:47 | WARNING  | 429 on https://skeb.jp/api/users/Himawari01411 (attempt 2/3, rate=0.3/s)
2026-07-01 15:17:47 | INFO     | Backing off 3.5s before retry.
2026-07-01 15:17:57 | WARNING  | 429 on https://skeb.jp/api/users/e_nani_nanigoto (attempt 2/3, rate=0.3/s)
2026-07-01 15:17:57 | INFO     | Backing off 3.8s before retry.
2026-07-01 15:18:07 | WARNING  | 429 on https://skeb.jp/api/users/yawaitota (attempt 2/3, rate=0.3/s)
2026-07-01 15:18:07 | INFO     | Backing off 3.6s before retry.
2026-07-01 15:18:17 | WARNING  | 429 on https://skeb.jp/api/users/ebikr_ch (attempt 2/3, rate=0.3/s)
2026-07-01 15:18:17 | INFO     | Backing off 4.1s before retry.
2026-07-01 15:18:27 | WARNING  | 429 on https://skeb.jp/api/users/ChimakiZuzu (attempt 3/3, rate=0.3/s)
2026-07-01 15:18:37 | WARNING  | 429 on https://skeb.jp/api/users/ebikr_ch (attempt 3/3, rate=0.3/s)
2026-07-01 15:18:37 | INFO     | Ending pipeline prematurely
2026-07-01 15:18:37 | INFO     |  --- SUMMARY REPORT --- 
  Sources Retreived    : 129902
  Profiles Fetched     : 330
  Profile Missing      : 6
  Profile Rate Limited : 4
  Profile Error Others : 0

2026-07-01 15:18:37 | INFO     | Started creating static api data.
2026-07-01 15:19:42 | INFO     | Album index written to a/albums/index.json (330 albums)
